=== Dispositivos locais do rank 0 ===
global=0 local=0 nome="NVIDIA RTX 2000 Ada Generation" compute_units=22
global=1 local=1 nome="Intel(R) Xeon(R) CPU           E5620  @ 2.40GHz" compute_units=16

=== PARTICOES INICIAIS ===
=== Particoes globais ===
part[0] device_global=0 rank=0 local_index=0 offset=0 count=4000000
part[1] device_global=1 rank=0 local_index=1 offset=4000000 count=4000000

X = 50 Y = 50 Z = 3200 Iterations = 10000
[DCL][balance-metrics] iteration=100
  policy=threshold
  action=rebalance
  reason=accepted by fixed threshold; diff=0.489688, threshold=0.01
  T_compute_interval_s=17.3399
  T_comm_interval_s=0
  T_balance_total_s=0.255617
  T_rebalance_apply_s=0.089447
  T_compute_accum_s=17.3399
  T_comm_accum_s=0
  T_balance_accum_s=0.255617
  T_rebalance_apply_accum_s=0.089447
  device_times_s:
    part[0]=0.181808
    part[1]=17.3399
  OLD loads:
    part[0] cum=50% share=50% device_global=0 rank=0 local_index=0 offset=0 count=7917500
    part[1] cum=100% share=50% device_global=1 rank=0 local_index=1 offset=7917500 count=82500
    total=100%
  PROPOSED loads:
    part[0] cum=98.9688% share=98.9688% device_global=0 rank=0 local_index=0 offset=0 count=7917500
    part[1] cum=100% share=1.03125% device_global=1 rank=0 local_index=1 offset=7917500 count=82500
    total=100%
  CURRENT loads:
    part[0] cum=98.9688% share=98.9688% device_global=0 rank=0 local_index=0 offset=0 count=7917500
    part[1] cum=100% share=1.03125% device_global=1 rank=0 local_index=1 offset=7917500 count=82500
    total=100%
[DCL][balance-metrics] iteration=1100
  policy=threshold
  action=skip
  reason=load difference below fixed threshold; diff=0.00437498, threshold=0.01
  T_compute_interval_s=5.25645
  T_comm_interval_s=0
  T_balance_total_s=0.010029
  T_rebalance_apply_s=0
  T_compute_accum_s=22.5963
  T_comm_accum_s=0
  T_balance_accum_s=0.265646
  T_rebalance_apply_accum_s=0.089447
  device_times_s:
    part[0]=3.05703
    part[1]=5.25645
  OLD loads:
    part[0] cum=98.9688% share=98.9688% device_global=0 rank=0 local_index=0 offset=0 count=7917500
    part[1] cum=100% share=1.03125% device_global=1 rank=0 local_index=1 offset=7917500 count=82500
    total=100%
  PROPOSED loads:
    part[0] cum=99.4062% share=99.4062% device_global=0 rank=0 local_index=0 offset=0 count=7917500
    part[1] cum=100% share=0.593752% device_global=1 rank=0 local_index=1 offset=7917500 count=82500
    total=100%
  CURRENT loads:
    part[0] cum=98.9688% share=98.9688% device_global=0 rank=0 local_index=0 offset=0 count=7917500
    part[1] cum=100% share=1.03125% device_global=1 rank=0 local_index=1 offset=7917500 count=82500
    total=100%
[DCL][balance-metrics] iteration=2100
  policy=threshold
  action=skip
  reason=load difference below fixed threshold; diff=0.00343752, threshold=0.01
  T_compute_interval_s=4.68412
  T_comm_interval_s=0
  T_balance_total_s=0.00987044
  T_rebalance_apply_s=0
  T_compute_accum_s=27.2804
  T_comm_accum_s=0
  T_balance_accum_s=0.275516
  T_rebalance_apply_accum_s=0.089447
  device_times_s:
    part[0]=3.04395
    part[1]=4.68412
  OLD loads:
    part[0] cum=98.9688% share=98.9688% device_global=0 rank=0 local_index=0 offset=0 count=7917500
    part[1] cum=100% share=1.03125% device_global=1 rank=0 local_index=1 offset=7917500 count=82500
    total=100%
  PROPOSED loads:
    part[0] cum=99.3125% share=99.3125% device_global=0 rank=0 local_index=0 offset=0 count=7917500
    part[1] cum=100% share=0.687498% device_global=1 rank=0 local_index=1 offset=7917500 count=82500
    total=100%
  CURRENT loads:
    part[0] cum=98.9688% share=98.9688% device_global=0 rank=0 local_index=0 offset=0 count=7917500
    part[1] cum=100% share=1.03125% device_global=1 rank=0 local_index=1 offset=7917500 count=82500
    total=100%
[DCL][balance-metrics] iteration=3100
  policy=threshold
  action=skip
  reason=load difference below fixed threshold; diff=0.00218749, threshold=0.01
  T_compute_interval_s=3.98918
  T_comm_interval_s=0
  T_balance_total_s=0.00930808
  T_rebalance_apply_s=0
  T_compute_accum_s=31.2696
  T_comm_accum_s=0
  T_balance_accum_s=0.284824
  T_rebalance_apply_accum_s=0.089447
  device_times_s:
    part[0]=3.1127
    part[1]=3.98918
  OLD loads:
    part[0] cum=98.9688% share=98.9688% device_global=0 rank=0 local_index=0 offset=0 count=7917500
    part[1] cum=100% share=1.03125% device_global=1 rank=0 local_index=1 offset=7917500 count=82500
    total=100%
  PROPOSED loads:
    part[0] cum=99.1875% share=99.1875% device_global=0 rank=0 local_index=0 offset=0 count=7917500
    part[1] cum=100% share=0.812501% device_global=1 rank=0 local_index=1 offset=7917500 count=82500
    total=100%
  CURRENT loads:
    part[0] cum=98.9688% share=98.9688% device_global=0 rank=0 local_index=0 offset=0 count=7917500
    part[1] cum=100% share=1.03125% device_global=1 rank=0 local_index=1 offset=7917500 count=82500
    total=100%
[DCL][balance-metrics] iteration=4100
  policy=threshold
  action=skip
  reason=new partition identical
  T_compute_interval_s=3.36464
  T_comm_interval_s=0
  T_balance_total_s=0.00815507
  T_rebalance_apply_s=0
  T_compute_accum_s=34.6343
  T_comm_accum_s=0
  T_balance_accum_s=0.292979
  T_rebalance_apply_accum_s=0.089447
  device_times_s:
    part[0]=3.36464
    part[1]=3.36163
  OLD loads:
    part[0] cum=98.9688% share=98.9688% device_global=0 rank=0 local_index=0 offset=0 count=7917500
    part[1] cum=100% share=1.03125% device_global=1 rank=0 local_index=1 offset=7917500 count=82500
    total=100%
  PROPOSED loads:
    part[0] cum=98.9688% share=98.9688% device_global=0 rank=0 local_index=0 offset=0 count=7917500
    part[1] cum=100% share=1.03125% device_global=1 rank=0 local_index=1 offset=7917500 count=82500
    total=100%
  CURRENT loads:
    part[0] cum=98.9688% share=98.9688% device_global=0 rank=0 local_index=0 offset=0 count=7917500
    part[1] cum=100% share=1.03125% device_global=1 rank=0 local_index=1 offset=7917500 count=82500
    total=100%
[DCL][balance-metrics] iteration=5100
  policy=threshold
  action=skip
  reason=load difference below fixed threshold; diff=0.00125003, threshold=0.01
  T_compute_interval_s=3.40613
  T_comm_interval_s=0
  T_balance_total_s=0.00820522
  T_rebalance_apply_s=0
  T_compute_accum_s=38.0404
  T_comm_accum_s=0
  T_balance_accum_s=0.301185
  T_rebalance_apply_accum_s=0.089447
  device_times_s:
    part[0]=3.40613
    part[1]=3.04149
  OLD loads:
    part[0] cum=98.9688% share=98.9688% device_global=0 rank=0 local_index=0 offset=0 count=7917500
    part[1] cum=100% share=1.03125% device_global=1 rank=0 local_index=1 offset=7917500 count=82500
    total=100%
  PROPOSED loads:
    part[0] cum=98.8438% share=98.8438% device_global=0 rank=0 local_index=0 offset=0 count=7917500
    part[1] cum=100% share=1.15625% device_global=1 rank=0 local_index=1 offset=7917500 count=82500
    total=100%
  CURRENT loads:
    part[0] cum=98.9688% share=98.9688% device_global=0 rank=0 local_index=0 offset=0 count=7917500
    part[1] cum=100% share=1.03125% device_global=1 rank=0 local_index=1 offset=7917500 count=82500
    total=100%
[DCL][balance-metrics] iteration=6100
  policy=threshold
  action=skip
  reason=load difference below fixed threshold; diff=0.00218749, threshold=0.01
  T_compute_interval_s=3.42903
  T_comm_interval_s=0
  T_balance_total_s=0.00821486
  T_rebalance_apply_s=0
  T_compute_accum_s=41.4694
  T_comm_accum_s=0
  T_balance_accum_s=0.309399
  T_rebalance_apply_accum_s=0.089447
  device_times_s:
    part[0]=3.42903
    part[1]=2.837
  OLD loads:
    part[0] cum=98.9688% share=98.9688% device_global=0 rank=0 local_index=0 offset=0 count=7917500
    part[1] cum=100% share=1.03125% device_global=1 rank=0 local_index=1 offset=7917500 count=82500
    total=100%
  PROPOSED loads:
    part[0] cum=98.75% share=98.75% device_global=0 rank=0 local_index=0 offset=0 count=7917500
    part[1] cum=100% share=1.25% device_global=1 rank=0 local_index=1 offset=7917500 count=82500
    total=100%
  CURRENT loads:
    part[0] cum=98.9688% share=98.9688% device_global=0 rank=0 local_index=0 offset=0 count=7917500
    part[1] cum=100% share=1.03125% device_global=1 rank=0 local_index=1 offset=7917500 count=82500
    total=100%
[DCL][balance-metrics] iteration=7100
  policy=threshold
  action=skip
  reason=load difference below fixed threshold; diff=0.00312501, threshold=0.01
  T_compute_interval_s=3.43319
  T_comm_interval_s=0
  T_balance_total_s=0.00815842
  T_rebalance_apply_s=0
  T_compute_accum_s=44.9026
  T_comm_accum_s=0
  T_balance_accum_s=0.317558
  T_rebalance_apply_accum_s=0.089447
  device_times_s:
    part[0]=3.43319
    part[1]=2.64949
  OLD loads:
    part[0] cum=98.9688% share=98.9688% device_global=0 rank=0 local_index=0 offset=0 count=7917500
    part[1] cum=100% share=1.03125% device_global=1 rank=0 local_index=1 offset=7917500 count=82500
    total=100%
  PROPOSED loads:
    part[0] cum=98.6562% share=98.6562% device_global=0 rank=0 local_index=0 offset=0 count=7917500
    part[1] cum=100% share=1.34375% device_global=1 rank=0 local_index=1 offset=7917500 count=82500
    total=100%
  CURRENT loads:
    part[0] cum=98.9688% share=98.9688% device_global=0 rank=0 local_index=0 offset=0 count=7917500
    part[1] cum=100% share=1.03125% device_global=1 rank=0 local_index=1 offset=7917500 count=82500
    total=100%
[DCL][balance-metrics] iteration=8100
  policy=threshold
  action=skip
  reason=load difference below fixed threshold; diff=0.00375003, threshold=0.01
  T_compute_interval_s=3.44216
  T_comm_interval_s=0
  T_balance_total_s=0.008174
  T_rebalance_apply_s=0
  T_compute_accum_s=48.3448
  T_comm_accum_s=0
  T_balance_accum_s=0.325732
  T_rebalance_apply_accum_s=0.089447
  device_times_s:
    part[0]=3.44216
    part[1]=2.53455
  OLD loads:
    part[0] cum=98.9688% share=98.9688% device_global=0 rank=0 local_index=0 offset=0 count=7917500
    part[1] cum=100% share=1.03125% device_global=1 rank=0 local_index=1 offset=7917500 count=82500
    total=100%
  PROPOSED loads:
    part[0] cum=98.5938% share=98.5938% device_global=0 rank=0 local_index=0 offset=0 count=7917500
    part[1] cum=100% share=1.40625% device_global=1 rank=0 local_index=1 offset=7917500 count=82500
    total=100%
  CURRENT loads:
    part[0] cum=98.9688% share=98.9688% device_global=0 rank=0 local_index=0 offset=0 count=7917500
    part[1] cum=100% share=1.03125% device_global=1 rank=0 local_index=1 offset=7917500 count=82500
    total=100%
[DCL][balance-metrics] iteration=9100
  policy=threshold
  action=skip
  reason=load difference below fixed threshold; diff=0.00406247, threshold=0.01
  T_compute_interval_s=3.44705
  T_comm_interval_s=0
  T_balance_total_s=0.00812986
  T_rebalance_apply_s=0
  T_compute_accum_s=51.7918
  T_comm_accum_s=0
  T_balance_accum_s=0.333862
  T_rebalance_apply_accum_s=0.089447
  device_times_s:
    part[0]=3.44705
    part[1]=2.44086
  OLD loads:
    part[0] cum=98.9688% share=98.9688% device_global=0 rank=0 local_index=0 offset=0 count=7917500
    part[1] cum=100% share=1.03125% device_global=1 rank=0 local_index=1 offset=7917500 count=82500
    total=100%
  PROPOSED loads:
    part[0] cum=98.5625% share=98.5625% device_global=0 rank=0 local_index=0 offset=0 count=7917500
    part[1] cum=100% share=1.4375% device_global=1 rank=0 local_index=1 offset=7917500 count=82500
    total=100%
  CURRENT loads:
    part[0] cum=98.9688% share=98.9688% device_global=0 rank=0 local_index=0 offset=0 count=7917500
    part[1] cum=100% share=1.03125% device_global=1 rank=0 local_index=1 offset=7917500 count=82500
    total=100%

=== PARTICOES FINAIS ===
=== Particoes globais ===
part[0] device_global=0 rank=0 local_index=0 offset=0 count=7917500
part[1] device_global=1 rank=0 local_index=1 offset=7917500 count=82500


============================
ITERACAO 10000
Tempo de execução: 55.5937s
