=== Dispositivos locais do rank 0 ===
global=0 local=0 nome="NVIDIA RTX 2000 Ada Generation" compute_units=22
global=1 local=1 nome="Intel(R) Xeon(R) CPU           E5620  @ 2.40GHz" compute_units=16

=== PARTICOES INICIAIS ===
=== Particoes globais ===
part[0] device_global=0 rank=0 local_index=0 offset=0 count=4000000
part[1] device_global=1 rank=0 local_index=1 offset=4000000 count=4000000

X = 50 Y = 50 Z = 3200 Iterations = 10000
[DCL][balance-metrics] iteration=100
  policy=threshold
  action=rebalance
  reason=accepted by fixed threshold; diff=0.489375, threshold=0.01
  T_compute_interval_s=17.1629
  T_comm_interval_s=0
  T_balance_total_s=0.256009
  T_rebalance_apply_s=0.0894824
  T_compute_accum_s=17.1629
  T_comm_accum_s=0
  T_balance_accum_s=0.256009
  T_rebalance_apply_accum_s=0.0894824
  device_times_s:
    part[0]=0.182436
    part[1]=17.1629
  OLD loads:
    part[0] cum=50% share=50% device_global=0 rank=0 local_index=0 offset=0 count=7915000
    part[1] cum=100% share=50% device_global=1 rank=0 local_index=1 offset=7915000 count=85000
    total=100%
  PROPOSED loads:
    part[0] cum=98.9375% share=98.9375% device_global=0 rank=0 local_index=0 offset=0 count=7915000
    part[1] cum=100% share=1.0625% device_global=1 rank=0 local_index=1 offset=7915000 count=85000
    total=100%
  CURRENT loads:
    part[0] cum=98.9375% share=98.9375% device_global=0 rank=0 local_index=0 offset=0 count=7915000
    part[1] cum=100% share=1.0625% device_global=1 rank=0 local_index=1 offset=7915000 count=85000
    total=100%
[DCL][balance-metrics] iteration=1100
  policy=threshold
  action=skip
  reason=load difference below fixed threshold; diff=0.00468749, threshold=0.01
  T_compute_interval_s=5.41844
  T_comm_interval_s=0
  T_balance_total_s=0.00987484
  T_rebalance_apply_s=0
  T_compute_accum_s=22.5814
  T_comm_accum_s=0
  T_balance_accum_s=0.265884
  T_rebalance_apply_accum_s=0.0894824
  device_times_s:
    part[0]=3.0579
    part[1]=5.41844
  OLD loads:
    part[0] cum=98.9375% share=98.9375% device_global=0 rank=0 local_index=0 offset=0 count=7915000
    part[1] cum=100% share=1.0625% device_global=1 rank=0 local_index=1 offset=7915000 count=85000
    total=100%
  PROPOSED loads:
    part[0] cum=99.4062% share=99.4062% device_global=0 rank=0 local_index=0 offset=0 count=7915000
    part[1] cum=100% share=0.593752% device_global=1 rank=0 local_index=1 offset=7915000 count=85000
    total=100%
  CURRENT loads:
    part[0] cum=98.9375% share=98.9375% device_global=0 rank=0 local_index=0 offset=0 count=7915000
    part[1] cum=100% share=1.0625% device_global=1 rank=0 local_index=1 offset=7915000 count=85000
    total=100%
[DCL][balance-metrics] iteration=2100
  policy=threshold
  action=skip
  reason=load difference below fixed threshold; diff=0.00406253, threshold=0.01
  T_compute_interval_s=4.86153
  T_comm_interval_s=0
  T_balance_total_s=0.00981631
  T_rebalance_apply_s=0
  T_compute_accum_s=27.4429
  T_comm_accum_s=0
  T_balance_accum_s=0.2757
  T_rebalance_apply_accum_s=0.0894824
  device_times_s:
    part[0]=3.04291
    part[1]=4.86153
  OLD loads:
    part[0] cum=98.9375% share=98.9375% device_global=0 rank=0 local_index=0 offset=0 count=7915000
    part[1] cum=100% share=1.0625% device_global=1 rank=0 local_index=1 offset=7915000 count=85000
    total=100%
  PROPOSED loads:
    part[0] cum=99.3438% share=99.3438% device_global=0 rank=0 local_index=0 offset=0 count=7915000
    part[1] cum=100% share=0.656247% device_global=1 rank=0 local_index=1 offset=7915000 count=85000
    total=100%
  CURRENT loads:
    part[0] cum=98.9375% share=98.9375% device_global=0 rank=0 local_index=0 offset=0 count=7915000
    part[1] cum=100% share=1.0625% device_global=1 rank=0 local_index=1 offset=7915000 count=85000
    total=100%
[DCL][balance-metrics] iteration=3100
  policy=threshold
  action=skip
  reason=load difference below fixed threshold; diff=0.0025, threshold=0.01
  T_compute_interval_s=4.10941
  T_comm_interval_s=0
  T_balance_total_s=0.00937303
  T_rebalance_apply_s=0
  T_compute_accum_s=31.5523
  T_comm_accum_s=0
  T_balance_accum_s=0.285073
  T_rebalance_apply_accum_s=0.0894824
  device_times_s:
    part[0]=3.0921
    part[1]=4.10941
  OLD loads:
    part[0] cum=98.9375% share=98.9375% device_global=0 rank=0 local_index=0 offset=0 count=7915000
    part[1] cum=100% share=1.0625% device_global=1 rank=0 local_index=1 offset=7915000 count=85000
    total=100%
  PROPOSED loads:
    part[0] cum=99.1875% share=99.1875% device_global=0 rank=0 local_index=0 offset=0 count=7915000
    part[1] cum=100% share=0.812501% device_global=1 rank=0 local_index=1 offset=7915000 count=85000
    total=100%
  CURRENT loads:
    part[0] cum=98.9375% share=98.9375% device_global=0 rank=0 local_index=0 offset=0 count=7915000
    part[1] cum=100% share=1.0625% device_global=1 rank=0 local_index=1 offset=7915000 count=85000
    total=100%
[DCL][balance-metrics] iteration=4100
  policy=threshold
  action=skip
  reason=load difference below fixed threshold; diff=0.000625014, threshold=0.01
  T_compute_interval_s=3.4819
  T_comm_interval_s=0
  T_balance_total_s=0.00820005
  T_rebalance_apply_s=0
  T_compute_accum_s=35.0342
  T_comm_accum_s=0
  T_balance_accum_s=0.293273
  T_rebalance_apply_accum_s=0.0894824
  device_times_s:
    part[0]=3.32527
    part[1]=3.4819
  OLD loads:
    part[0] cum=98.9375% share=98.9375% device_global=0 rank=0 local_index=0 offset=0 count=7915000
    part[1] cum=100% share=1.0625% device_global=1 rank=0 local_index=1 offset=7915000 count=85000
    total=100%
  PROPOSED loads:
    part[0] cum=99% share=99% device_global=0 rank=0 local_index=0 offset=0 count=7915000
    part[1] cum=100% share=0.999999% device_global=1 rank=0 local_index=1 offset=7915000 count=85000
    total=100%
  CURRENT loads:
    part[0] cum=98.9375% share=98.9375% device_global=0 rank=0 local_index=0 offset=0 count=7915000
    part[1] cum=100% share=1.0625% device_global=1 rank=0 local_index=1 offset=7915000 count=85000
    total=100%
[DCL][balance-metrics] iteration=5100
  policy=threshold
  action=skip
  reason=load difference below fixed threshold; diff=0.000937521, threshold=0.01
  T_compute_interval_s=3.41489
  T_comm_interval_s=0
  T_balance_total_s=0.00828141
  T_rebalance_apply_s=0
  T_compute_accum_s=38.4491
  T_comm_accum_s=0
  T_balance_accum_s=0.301555
  T_rebalance_apply_accum_s=0.0894824
  device_times_s:
    part[0]=3.41489
    part[1]=3.15626
  OLD loads:
    part[0] cum=98.9375% share=98.9375% device_global=0 rank=0 local_index=0 offset=0 count=7915000
    part[1] cum=100% share=1.0625% device_global=1 rank=0 local_index=1 offset=7915000 count=85000
    total=100%
  PROPOSED loads:
    part[0] cum=98.8438% share=98.8438% device_global=0 rank=0 local_index=0 offset=0 count=7915000
    part[1] cum=100% share=1.15625% device_global=1 rank=0 local_index=1 offset=7915000 count=85000
    total=100%
  CURRENT loads:
    part[0] cum=98.9375% share=98.9375% device_global=0 rank=0 local_index=0 offset=0 count=7915000
    part[1] cum=100% share=1.0625% device_global=1 rank=0 local_index=1 offset=7915000 count=85000
    total=100%
[DCL][balance-metrics] iteration=6100
  policy=threshold
  action=skip
  reason=load difference below fixed threshold; diff=0.00187498, threshold=0.01
  T_compute_interval_s=3.42541
  T_comm_interval_s=0
  T_balance_total_s=0.00823022
  T_rebalance_apply_s=0
  T_compute_accum_s=41.8745
  T_comm_accum_s=0
  T_balance_accum_s=0.309785
  T_rebalance_apply_accum_s=0.0894824
  device_times_s:
    part[0]=3.42541
    part[1]=2.91742
  OLD loads:
    part[0] cum=98.9375% share=98.9375% device_global=0 rank=0 local_index=0 offset=0 count=7915000
    part[1] cum=100% share=1.0625% device_global=1 rank=0 local_index=1 offset=7915000 count=85000
    total=100%
  PROPOSED loads:
    part[0] cum=98.75% share=98.75% device_global=0 rank=0 local_index=0 offset=0 count=7915000
    part[1] cum=100% share=1.25% device_global=1 rank=0 local_index=1 offset=7915000 count=85000
    total=100%
  CURRENT loads:
    part[0] cum=98.9375% share=98.9375% device_global=0 rank=0 local_index=0 offset=0 count=7915000
    part[1] cum=100% share=1.0625% device_global=1 rank=0 local_index=1 offset=7915000 count=85000
    total=100%
[DCL][balance-metrics] iteration=7100
  policy=threshold
  action=skip
  reason=load difference below fixed threshold; diff=0.0025, threshold=0.01
  T_compute_interval_s=3.42459
  T_comm_interval_s=0
  T_balance_total_s=0.00818378
  T_rebalance_apply_s=0
  T_compute_accum_s=45.2991
  T_comm_accum_s=0
  T_balance_accum_s=0.317969
  T_rebalance_apply_accum_s=0.0894824
  device_times_s:
    part[0]=3.42459
    part[1]=2.74532
  OLD loads:
    part[0] cum=98.9375% share=98.9375% device_global=0 rank=0 local_index=0 offset=0 count=7915000
    part[1] cum=100% share=1.0625% device_global=1 rank=0 local_index=1 offset=7915000 count=85000
    total=100%
  PROPOSED loads:
    part[0] cum=98.6875% share=98.6875% device_global=0 rank=0 local_index=0 offset=0 count=7915000
    part[1] cum=100% share=1.3125% device_global=1 rank=0 local_index=1 offset=7915000 count=85000
    total=100%
  CURRENT loads:
    part[0] cum=98.9375% share=98.9375% device_global=0 rank=0 local_index=0 offset=0 count=7915000
    part[1] cum=100% share=1.0625% device_global=1 rank=0 local_index=1 offset=7915000 count=85000
    total=100%
[DCL][balance-metrics] iteration=8100
  policy=threshold
  action=skip
  reason=load difference below fixed threshold; diff=0.00343752, threshold=0.01
  T_compute_interval_s=3.45056
  T_comm_interval_s=0
  T_balance_total_s=0.00817323
  T_rebalance_apply_s=0
  T_compute_accum_s=48.7497
  T_comm_accum_s=0
  T_balance_accum_s=0.326142
  T_rebalance_apply_accum_s=0.0894824
  device_times_s:
    part[0]=3.45056
    part[1]=2.62491
  OLD loads:
    part[0] cum=98.9375% share=98.9375% device_global=0 rank=0 local_index=0 offset=0 count=7915000
    part[1] cum=100% share=1.0625% device_global=1 rank=0 local_index=1 offset=7915000 count=85000
    total=100%
  PROPOSED loads:
    part[0] cum=98.5938% share=98.5938% device_global=0 rank=0 local_index=0 offset=0 count=7915000
    part[1] cum=100% share=1.40625% device_global=1 rank=0 local_index=1 offset=7915000 count=85000
    total=100%
  CURRENT loads:
    part[0] cum=98.9375% share=98.9375% device_global=0 rank=0 local_index=0 offset=0 count=7915000
    part[1] cum=100% share=1.0625% device_global=1 rank=0 local_index=1 offset=7915000 count=85000
    total=100%
[DCL][balance-metrics] iteration=9100
  policy=threshold
  action=skip
  reason=load difference below fixed threshold; diff=0.00374997, threshold=0.01
  T_compute_interval_s=3.44898
  T_comm_interval_s=0
  T_balance_total_s=0.00815933
  T_rebalance_apply_s=0
  T_compute_accum_s=52.1987
  T_comm_accum_s=0
  T_balance_accum_s=0.334301
  T_rebalance_apply_accum_s=0.0894824
  device_times_s:
    part[0]=3.44898
    part[1]=2.52044
  OLD loads:
    part[0] cum=98.9375% share=98.9375% device_global=0 rank=0 local_index=0 offset=0 count=7915000
    part[1] cum=100% share=1.0625% device_global=1 rank=0 local_index=1 offset=7915000 count=85000
    total=100%
  PROPOSED loads:
    part[0] cum=98.5625% share=98.5625% device_global=0 rank=0 local_index=0 offset=0 count=7915000
    part[1] cum=100% share=1.4375% device_global=1 rank=0 local_index=1 offset=7915000 count=85000
    total=100%
  CURRENT loads:
    part[0] cum=98.9375% share=98.9375% device_global=0 rank=0 local_index=0 offset=0 count=7915000
    part[1] cum=100% share=1.0625% device_global=1 rank=0 local_index=1 offset=7915000 count=85000
    total=100%

=== PARTICOES FINAIS ===
=== Particoes globais ===
part[0] device_global=0 rank=0 local_index=0 offset=0 count=7915000
part[1] device_global=1 rank=0 local_index=1 offset=7915000 count=85000


============================
ITERACAO 10000
Tempo de execução: 55.8831s
