=== Dispositivos locais do rank 0 ===
global=0 local=0 nome="NVIDIA RTX 2000 Ada Generation" compute_units=22
global=1 local=1 nome="Intel(R) Xeon(R) CPU           E5620  @ 2.40GHz" compute_units=16

=== PARTICOES INICIAIS ===
=== Particoes globais ===
part[0] device_global=0 rank=0 local_index=0 offset=0 count=4000000
part[1] device_global=1 rank=0 local_index=1 offset=4000000 count=4000000

X = 50 Y = 50 Z = 3200 Iterations = 10000
[DCL][balance-metrics] iteration=100
  policy=threshold
  action=rebalance
  reason=accepted by fixed threshold; diff=0.489688, threshold=0.01
  T_compute_interval_s=17.2157
  T_comm_interval_s=0
  T_balance_total_s=0.256077
  T_rebalance_apply_s=0.0896613
  T_compute_accum_s=17.2157
  T_comm_accum_s=0
  T_balance_accum_s=0.256077
  T_rebalance_apply_accum_s=0.0896613
  device_times_s:
    part[0]=0.181691
    part[1]=17.2157
  OLD loads:
    part[0] cum=50% share=50% device_global=0 rank=0 local_index=0 offset=0 count=7917500
    part[1] cum=100% share=50% device_global=1 rank=0 local_index=1 offset=7917500 count=82500
    total=100%
  PROPOSED loads:
    part[0] cum=98.9688% share=98.9688% device_global=0 rank=0 local_index=0 offset=0 count=7917500
    part[1] cum=100% share=1.03125% device_global=1 rank=0 local_index=1 offset=7917500 count=82500
    total=100%
  CURRENT loads:
    part[0] cum=98.9688% share=98.9688% device_global=0 rank=0 local_index=0 offset=0 count=7917500
    part[1] cum=100% share=1.03125% device_global=1 rank=0 local_index=1 offset=7917500 count=82500
    total=100%
[DCL][balance-metrics] iteration=1100
  policy=threshold
  action=skip
  reason=load difference below fixed threshold; diff=0.00437498, threshold=0.01
  T_compute_interval_s=5.26136
  T_comm_interval_s=0
  T_balance_total_s=0.00996954
  T_rebalance_apply_s=0
  T_compute_accum_s=22.477
  T_comm_accum_s=0
  T_balance_accum_s=0.266047
  T_rebalance_apply_accum_s=0.0896613
  device_times_s:
    part[0]=3.06292
    part[1]=5.26136
  OLD loads:
    part[0] cum=98.9688% share=98.9688% device_global=0 rank=0 local_index=0 offset=0 count=7917500
    part[1] cum=100% share=1.03125% device_global=1 rank=0 local_index=1 offset=7917500 count=82500
    total=100%
  PROPOSED loads:
    part[0] cum=99.4062% share=99.4062% device_global=0 rank=0 local_index=0 offset=0 count=7917500
    part[1] cum=100% share=0.593752% device_global=1 rank=0 local_index=1 offset=7917500 count=82500
    total=100%
  CURRENT loads:
    part[0] cum=98.9688% share=98.9688% device_global=0 rank=0 local_index=0 offset=0 count=7917500
    part[1] cum=100% share=1.03125% device_global=1 rank=0 local_index=1 offset=7917500 count=82500
    total=100%
[DCL][balance-metrics] iteration=2100
  policy=threshold
  action=skip
  reason=load difference below fixed threshold; diff=0.00375003, threshold=0.01
  T_compute_interval_s=4.69529
  T_comm_interval_s=0
  T_balance_total_s=0.00982755
  T_rebalance_apply_s=0
  T_compute_accum_s=27.1723
  T_comm_accum_s=0
  T_balance_accum_s=0.275875
  T_rebalance_apply_accum_s=0.0896613
  device_times_s:
    part[0]=3.04442
    part[1]=4.69529
  OLD loads:
    part[0] cum=98.9688% share=98.9688% device_global=0 rank=0 local_index=0 offset=0 count=7917500
    part[1] cum=100% share=1.03125% device_global=1 rank=0 local_index=1 offset=7917500 count=82500
    total=100%
  PROPOSED loads:
    part[0] cum=99.3438% share=99.3438% device_global=0 rank=0 local_index=0 offset=0 count=7917500
    part[1] cum=100% share=0.656247% device_global=1 rank=0 local_index=1 offset=7917500 count=82500
    total=100%
  CURRENT loads:
    part[0] cum=98.9688% share=98.9688% device_global=0 rank=0 local_index=0 offset=0 count=7917500
    part[1] cum=100% share=1.03125% device_global=1 rank=0 local_index=1 offset=7917500 count=82500
    total=100%
[DCL][balance-metrics] iteration=3100
  policy=threshold
  action=skip
  reason=load difference below fixed threshold; diff=0.00218749, threshold=0.01
  T_compute_interval_s=3.981
  T_comm_interval_s=0
  T_balance_total_s=0.00924152
  T_rebalance_apply_s=0
  T_compute_accum_s=31.1533
  T_comm_accum_s=0
  T_balance_accum_s=0.285116
  T_rebalance_apply_accum_s=0.0896613
  device_times_s:
    part[0]=3.11816
    part[1]=3.981
  OLD loads:
    part[0] cum=98.9688% share=98.9688% device_global=0 rank=0 local_index=0 offset=0 count=7917500
    part[1] cum=100% share=1.03125% device_global=1 rank=0 local_index=1 offset=7917500 count=82500
    total=100%
  PROPOSED loads:
    part[0] cum=99.1875% share=99.1875% device_global=0 rank=0 local_index=0 offset=0 count=7917500
    part[1] cum=100% share=0.812501% device_global=1 rank=0 local_index=1 offset=7917500 count=82500
    total=100%
  CURRENT loads:
    part[0] cum=98.9688% share=98.9688% device_global=0 rank=0 local_index=0 offset=0 count=7917500
    part[1] cum=100% share=1.03125% device_global=1 rank=0 local_index=1 offset=7917500 count=82500
    total=100%
[DCL][balance-metrics] iteration=4100
  policy=threshold
  action=skip
  reason=new partition identical
  T_compute_interval_s=3.37013
  T_comm_interval_s=0
  T_balance_total_s=0.00811952
  T_rebalance_apply_s=0
  T_compute_accum_s=34.5234
  T_comm_accum_s=0
  T_balance_accum_s=0.293236
  T_rebalance_apply_accum_s=0.0896613
  device_times_s:
    part[0]=3.35637
    part[1]=3.37013
  OLD loads:
    part[0] cum=98.9688% share=98.9688% device_global=0 rank=0 local_index=0 offset=0 count=7917500
    part[1] cum=100% share=1.03125% device_global=1 rank=0 local_index=1 offset=7917500 count=82500
    total=100%
  PROPOSED loads:
    part[0] cum=98.9688% share=98.9688% device_global=0 rank=0 local_index=0 offset=0 count=7917500
    part[1] cum=100% share=1.03125% device_global=1 rank=0 local_index=1 offset=7917500 count=82500
    total=100%
  CURRENT loads:
    part[0] cum=98.9688% share=98.9688% device_global=0 rank=0 local_index=0 offset=0 count=7917500
    part[1] cum=100% share=1.03125% device_global=1 rank=0 local_index=1 offset=7917500 count=82500
    total=100%
[DCL][balance-metrics] iteration=5100
  policy=threshold
  action=skip
  reason=load difference below fixed threshold; diff=0.00125003, threshold=0.01
  T_compute_interval_s=3.4118
  T_comm_interval_s=0
  T_balance_total_s=0.00819376
  T_rebalance_apply_s=0
  T_compute_accum_s=37.9352
  T_comm_accum_s=0
  T_balance_accum_s=0.301429
  T_rebalance_apply_accum_s=0.0896613
  device_times_s:
    part[0]=3.4118
    part[1]=3.04853
  OLD loads:
    part[0] cum=98.9688% share=98.9688% device_global=0 rank=0 local_index=0 offset=0 count=7917500
    part[1] cum=100% share=1.03125% device_global=1 rank=0 local_index=1 offset=7917500 count=82500
    total=100%
  PROPOSED loads:
    part[0] cum=98.8438% share=98.8438% device_global=0 rank=0 local_index=0 offset=0 count=7917500
    part[1] cum=100% share=1.15625% device_global=1 rank=0 local_index=1 offset=7917500 count=82500
    total=100%
  CURRENT loads:
    part[0] cum=98.9688% share=98.9688% device_global=0 rank=0 local_index=0 offset=0 count=7917500
    part[1] cum=100% share=1.03125% device_global=1 rank=0 local_index=1 offset=7917500 count=82500
    total=100%
[DCL][balance-metrics] iteration=6100
  policy=threshold
  action=skip
  reason=load difference below fixed threshold; diff=0.00218749, threshold=0.01
  T_compute_interval_s=3.42864
  T_comm_interval_s=0
  T_balance_total_s=0.00821541
  T_rebalance_apply_s=0
  T_compute_accum_s=41.3639
  T_comm_accum_s=0
  T_balance_accum_s=0.309645
  T_rebalance_apply_accum_s=0.0896613
  device_times_s:
    part[0]=3.42864
    part[1]=2.81741
  OLD loads:
    part[0] cum=98.9688% share=98.9688% device_global=0 rank=0 local_index=0 offset=0 count=7917500
    part[1] cum=100% share=1.03125% device_global=1 rank=0 local_index=1 offset=7917500 count=82500
    total=100%
  PROPOSED loads:
    part[0] cum=98.75% share=98.75% device_global=0 rank=0 local_index=0 offset=0 count=7917500
    part[1] cum=100% share=1.25% device_global=1 rank=0 local_index=1 offset=7917500 count=82500
    total=100%
  CURRENT loads:
    part[0] cum=98.9688% share=98.9688% device_global=0 rank=0 local_index=0 offset=0 count=7917500
    part[1] cum=100% share=1.03125% device_global=1 rank=0 local_index=1 offset=7917500 count=82500
    total=100%
[DCL][balance-metrics] iteration=7100
  policy=threshold
  action=skip
  reason=load difference below fixed threshold; diff=0.0028125, threshold=0.01
  T_compute_interval_s=3.42589
  T_comm_interval_s=0
  T_balance_total_s=0.00818042
  T_rebalance_apply_s=0
  T_compute_accum_s=44.7898
  T_comm_accum_s=0
  T_balance_accum_s=0.317825
  T_rebalance_apply_accum_s=0.0896613
  device_times_s:
    part[0]=3.42589
    part[1]=2.65579
  OLD loads:
    part[0] cum=98.9688% share=98.9688% device_global=0 rank=0 local_index=0 offset=0 count=7917500
    part[1] cum=100% share=1.03125% device_global=1 rank=0 local_index=1 offset=7917500 count=82500
    total=100%
  PROPOSED loads:
    part[0] cum=98.6875% share=98.6875% device_global=0 rank=0 local_index=0 offset=0 count=7917500
    part[1] cum=100% share=1.3125% device_global=1 rank=0 local_index=1 offset=7917500 count=82500
    total=100%
  CURRENT loads:
    part[0] cum=98.9688% share=98.9688% device_global=0 rank=0 local_index=0 offset=0 count=7917500
    part[1] cum=100% share=1.03125% device_global=1 rank=0 local_index=1 offset=7917500 count=82500
    total=100%
[DCL][balance-metrics] iteration=8100
  policy=threshold
  action=skip
  reason=load difference below fixed threshold; diff=0.00375003, threshold=0.01
  T_compute_interval_s=3.43887
  T_comm_interval_s=0
  T_balance_total_s=0.00821562
  T_rebalance_apply_s=0
  T_compute_accum_s=48.2286
  T_comm_accum_s=0
  T_balance_accum_s=0.326041
  T_rebalance_apply_accum_s=0.0896613
  device_times_s:
    part[0]=3.43887
    part[1]=2.53868
  OLD loads:
    part[0] cum=98.9688% share=98.9688% device_global=0 rank=0 local_index=0 offset=0 count=7917500
    part[1] cum=100% share=1.03125% device_global=1 rank=0 local_index=1 offset=7917500 count=82500
    total=100%
  PROPOSED loads:
    part[0] cum=98.5938% share=98.5938% device_global=0 rank=0 local_index=0 offset=0 count=7917500
    part[1] cum=100% share=1.40625% device_global=1 rank=0 local_index=1 offset=7917500 count=82500
    total=100%
  CURRENT loads:
    part[0] cum=98.9688% share=98.9688% device_global=0 rank=0 local_index=0 offset=0 count=7917500
    part[1] cum=100% share=1.03125% device_global=1 rank=0 local_index=1 offset=7917500 count=82500
    total=100%
[DCL][balance-metrics] iteration=9100
  policy=threshold
  action=skip
  reason=load difference below fixed threshold; diff=0.00406247, threshold=0.01
  T_compute_interval_s=3.44618
  T_comm_interval_s=0
  T_balance_total_s=0.00820801
  T_rebalance_apply_s=0
  T_compute_accum_s=51.6748
  T_comm_accum_s=0
  T_balance_accum_s=0.334249
  T_rebalance_apply_accum_s=0.0896613
  device_times_s:
    part[0]=3.44618
    part[1]=2.44556
  OLD loads:
    part[0] cum=98.9688% share=98.9688% device_global=0 rank=0 local_index=0 offset=0 count=7917500
    part[1] cum=100% share=1.03125% device_global=1 rank=0 local_index=1 offset=7917500 count=82500
    total=100%
  PROPOSED loads:
    part[0] cum=98.5625% share=98.5625% device_global=0 rank=0 local_index=0 offset=0 count=7917500
    part[1] cum=100% share=1.4375% device_global=1 rank=0 local_index=1 offset=7917500 count=82500
    total=100%
  CURRENT loads:
    part[0] cum=98.9688% share=98.9688% device_global=0 rank=0 local_index=0 offset=0 count=7917500
    part[1] cum=100% share=1.03125% device_global=1 rank=0 local_index=1 offset=7917500 count=82500
    total=100%

=== PARTICOES FINAIS ===
=== Particoes globais ===
part[0] device_global=0 rank=0 local_index=0 offset=0 count=7917500
part[1] device_global=1 rank=0 local_index=1 offset=7917500 count=82500


============================
ITERACAO 10000
Tempo de execução: 55.5437s
