=== Dispositivos locais do rank 0 ===
global=0 local=0 nome="NVIDIA RTX 2000 Ada Generation" compute_units=22
global=1 local=1 nome="Intel(R) Xeon(R) CPU           E5620  @ 2.40GHz" compute_units=16

=== PARTICOES INICIAIS ===
=== Particoes globais ===
part[0] device_global=0 rank=0 local_index=0 offset=0 count=4000000
part[1] device_global=1 rank=0 local_index=1 offset=4000000 count=4000000

X = 50 Y = 50 Z = 3200 Iterations = 10000
[DCL][balance-metrics] iteration=100
  policy=threshold
  action=rebalance
  reason=accepted by fixed threshold; diff=0.489375, threshold=0.1
  T_compute_interval_s=17.1547
  T_comm_interval_s=0
  T_balance_total_s=0.255558
  T_rebalance_apply_s=0.0896102
  T_compute_accum_s=17.1547
  T_comm_accum_s=0
  T_balance_accum_s=0.255558
  T_rebalance_apply_accum_s=0.0896102
  device_times_s:
    part[0]=0.181819
    part[1]=17.1547
  OLD loads:
    part[0] cum=50% share=50% device_global=0 rank=0 local_index=0 offset=0 count=7915000
    part[1] cum=100% share=50% device_global=1 rank=0 local_index=1 offset=7915000 count=85000
    total=100%
  PROPOSED loads:
    part[0] cum=98.9375% share=98.9375% device_global=0 rank=0 local_index=0 offset=0 count=7915000
    part[1] cum=100% share=1.0625% device_global=1 rank=0 local_index=1 offset=7915000 count=85000
    total=100%
  CURRENT loads:
    part[0] cum=98.9375% share=98.9375% device_global=0 rank=0 local_index=0 offset=0 count=7915000
    part[1] cum=100% share=1.0625% device_global=1 rank=0 local_index=1 offset=7915000 count=85000
    total=100%
[DCL][balance-metrics] iteration=1100
  policy=threshold
  action=skip
  reason=load difference below fixed threshold; diff=0.00468749, threshold=0.1
  T_compute_interval_s=5.41733
  T_comm_interval_s=0
  T_balance_total_s=0.0102406
  T_rebalance_apply_s=0
  T_compute_accum_s=22.572
  T_comm_accum_s=0
  T_balance_accum_s=0.265799
  T_rebalance_apply_accum_s=0.0896102
  device_times_s:
    part[0]=3.05392
    part[1]=5.41733
  OLD loads:
    part[0] cum=98.9375% share=98.9375% device_global=0 rank=0 local_index=0 offset=0 count=7915000
    part[1] cum=100% share=1.0625% device_global=1 rank=0 local_index=1 offset=7915000 count=85000
    total=100%
  PROPOSED loads:
    part[0] cum=99.4062% share=99.4062% device_global=0 rank=0 local_index=0 offset=0 count=7915000
    part[1] cum=100% share=0.593752% device_global=1 rank=0 local_index=1 offset=7915000 count=85000
    total=100%
  CURRENT loads:
    part[0] cum=98.9375% share=98.9375% device_global=0 rank=0 local_index=0 offset=0 count=7915000
    part[1] cum=100% share=1.0625% device_global=1 rank=0 local_index=1 offset=7915000 count=85000
    total=100%
[DCL][balance-metrics] iteration=2100
  policy=threshold
  action=skip
  reason=load difference below fixed threshold; diff=0.00406253, threshold=0.1
  T_compute_interval_s=4.87127
  T_comm_interval_s=0
  T_balance_total_s=0.0100125
  T_rebalance_apply_s=0
  T_compute_accum_s=27.4432
  T_comm_accum_s=0
  T_balance_accum_s=0.275811
  T_rebalance_apply_accum_s=0.0896102
  device_times_s:
    part[0]=3.04283
    part[1]=4.87127
  OLD loads:
    part[0] cum=98.9375% share=98.9375% device_global=0 rank=0 local_index=0 offset=0 count=7915000
    part[1] cum=100% share=1.0625% device_global=1 rank=0 local_index=1 offset=7915000 count=85000
    total=100%
  PROPOSED loads:
    part[0] cum=99.3438% share=99.3438% device_global=0 rank=0 local_index=0 offset=0 count=7915000
    part[1] cum=100% share=0.656247% device_global=1 rank=0 local_index=1 offset=7915000 count=85000
    total=100%
  CURRENT loads:
    part[0] cum=98.9375% share=98.9375% device_global=0 rank=0 local_index=0 offset=0 count=7915000
    part[1] cum=100% share=1.0625% device_global=1 rank=0 local_index=1 offset=7915000 count=85000
    total=100%
[DCL][balance-metrics] iteration=3100
  policy=threshold
  action=skip
  reason=load difference below fixed threshold; diff=0.0025, threshold=0.1
  T_compute_interval_s=4.10125
  T_comm_interval_s=0
  T_balance_total_s=0.00951551
  T_rebalance_apply_s=0
  T_compute_accum_s=31.5445
  T_comm_accum_s=0
  T_balance_accum_s=0.285327
  T_rebalance_apply_accum_s=0.0896102
  device_times_s:
    part[0]=3.08847
    part[1]=4.10125
  OLD loads:
    part[0] cum=98.9375% share=98.9375% device_global=0 rank=0 local_index=0 offset=0 count=7915000
    part[1] cum=100% share=1.0625% device_global=1 rank=0 local_index=1 offset=7915000 count=85000
    total=100%
  PROPOSED loads:
    part[0] cum=99.1875% share=99.1875% device_global=0 rank=0 local_index=0 offset=0 count=7915000
    part[1] cum=100% share=0.812501% device_global=1 rank=0 local_index=1 offset=7915000 count=85000
    total=100%
  CURRENT loads:
    part[0] cum=98.9375% share=98.9375% device_global=0 rank=0 local_index=0 offset=0 count=7915000
    part[1] cum=100% share=1.0625% device_global=1 rank=0 local_index=1 offset=7915000 count=85000
    total=100%
[DCL][balance-metrics] iteration=4100
  policy=threshold
  action=skip
  reason=load difference below fixed threshold; diff=0.000625014, threshold=0.1
  T_compute_interval_s=3.48952
  T_comm_interval_s=0
  T_balance_total_s=0.00835593
  T_rebalance_apply_s=0
  T_compute_accum_s=35.034
  T_comm_accum_s=0
  T_balance_accum_s=0.293683
  T_rebalance_apply_accum_s=0.0896102
  device_times_s:
    part[0]=3.31673
    part[1]=3.48952
  OLD loads:
    part[0] cum=98.9375% share=98.9375% device_global=0 rank=0 local_index=0 offset=0 count=7915000
    part[1] cum=100% share=1.0625% device_global=1 rank=0 local_index=1 offset=7915000 count=85000
    total=100%
  PROPOSED loads:
    part[0] cum=99% share=99% device_global=0 rank=0 local_index=0 offset=0 count=7915000
    part[1] cum=100% share=0.999999% device_global=1 rank=0 local_index=1 offset=7915000 count=85000
    total=100%
  CURRENT loads:
    part[0] cum=98.9375% share=98.9375% device_global=0 rank=0 local_index=0 offset=0 count=7915000
    part[1] cum=100% share=1.0625% device_global=1 rank=0 local_index=1 offset=7915000 count=85000
    total=100%
[DCL][balance-metrics] iteration=5100
  policy=threshold
  action=skip
  reason=load difference below fixed threshold; diff=0.000937521, threshold=0.1
  T_compute_interval_s=3.41555
  T_comm_interval_s=0
  T_balance_total_s=0.00844289
  T_rebalance_apply_s=0
  T_compute_accum_s=38.4496
  T_comm_accum_s=0
  T_balance_accum_s=0.302126
  T_rebalance_apply_accum_s=0.0896102
  device_times_s:
    part[0]=3.41555
    part[1]=3.15942
  OLD loads:
    part[0] cum=98.9375% share=98.9375% device_global=0 rank=0 local_index=0 offset=0 count=7915000
    part[1] cum=100% share=1.0625% device_global=1 rank=0 local_index=1 offset=7915000 count=85000
    total=100%
  PROPOSED loads:
    part[0] cum=98.8438% share=98.8438% device_global=0 rank=0 local_index=0 offset=0 count=7915000
    part[1] cum=100% share=1.15625% device_global=1 rank=0 local_index=1 offset=7915000 count=85000
    total=100%
  CURRENT loads:
    part[0] cum=98.9375% share=98.9375% device_global=0 rank=0 local_index=0 offset=0 count=7915000
    part[1] cum=100% share=1.0625% device_global=1 rank=0 local_index=1 offset=7915000 count=85000
    total=100%
[DCL][balance-metrics] iteration=6100
  policy=threshold
  action=skip
  reason=load difference below fixed threshold; diff=0.00187498, threshold=0.1
  T_compute_interval_s=3.40543
  T_comm_interval_s=0
  T_balance_total_s=0.00842312
  T_rebalance_apply_s=0
  T_compute_accum_s=41.855
  T_comm_accum_s=0
  T_balance_accum_s=0.310549
  T_rebalance_apply_accum_s=0.0896102
  device_times_s:
    part[0]=3.40543
    part[1]=2.9235
  OLD loads:
    part[0] cum=98.9375% share=98.9375% device_global=0 rank=0 local_index=0 offset=0 count=7915000
    part[1] cum=100% share=1.0625% device_global=1 rank=0 local_index=1 offset=7915000 count=85000
    total=100%
  PROPOSED loads:
    part[0] cum=98.75% share=98.75% device_global=0 rank=0 local_index=0 offset=0 count=7915000
    part[1] cum=100% share=1.25% device_global=1 rank=0 local_index=1 offset=7915000 count=85000
    total=100%
  CURRENT loads:
    part[0] cum=98.9375% share=98.9375% device_global=0 rank=0 local_index=0 offset=0 count=7915000
    part[1] cum=100% share=1.0625% device_global=1 rank=0 local_index=1 offset=7915000 count=85000
    total=100%
[DCL][balance-metrics] iteration=7100
  policy=threshold
  action=skip
  reason=load difference below fixed threshold; diff=0.0025, threshold=0.1
  T_compute_interval_s=3.40886
  T_comm_interval_s=0
  T_balance_total_s=0.00845525
  T_rebalance_apply_s=0
  T_compute_accum_s=45.2639
  T_comm_accum_s=0
  T_balance_accum_s=0.319004
  T_rebalance_apply_accum_s=0.0896102
  device_times_s:
    part[0]=3.40886
    part[1]=2.75253
  OLD loads:
    part[0] cum=98.9375% share=98.9375% device_global=0 rank=0 local_index=0 offset=0 count=7915000
    part[1] cum=100% share=1.0625% device_global=1 rank=0 local_index=1 offset=7915000 count=85000
    total=100%
  PROPOSED loads:
    part[0] cum=98.6875% share=98.6875% device_global=0 rank=0 local_index=0 offset=0 count=7915000
    part[1] cum=100% share=1.3125% device_global=1 rank=0 local_index=1 offset=7915000 count=85000
    total=100%
  CURRENT loads:
    part[0] cum=98.9375% share=98.9375% device_global=0 rank=0 local_index=0 offset=0 count=7915000
    part[1] cum=100% share=1.0625% device_global=1 rank=0 local_index=1 offset=7915000 count=85000
    total=100%
[DCL][balance-metrics] iteration=8100
  policy=threshold
  action=skip
  reason=load difference below fixed threshold; diff=0.00312501, threshold=0.1
  T_compute_interval_s=3.43896
  T_comm_interval_s=0
  T_balance_total_s=0.00828623
  T_rebalance_apply_s=0
  T_compute_accum_s=48.7028
  T_comm_accum_s=0
  T_balance_accum_s=0.32729
  T_rebalance_apply_accum_s=0.0896102
  device_times_s:
    part[0]=3.43896
    part[1]=2.63007
  OLD loads:
    part[0] cum=98.9375% share=98.9375% device_global=0 rank=0 local_index=0 offset=0 count=7915000
    part[1] cum=100% share=1.0625% device_global=1 rank=0 local_index=1 offset=7915000 count=85000
    total=100%
  PROPOSED loads:
    part[0] cum=98.625% share=98.625% device_global=0 rank=0 local_index=0 offset=0 count=7915000
    part[1] cum=100% share=1.375% device_global=1 rank=0 local_index=1 offset=7915000 count=85000
    total=100%
  CURRENT loads:
    part[0] cum=98.9375% share=98.9375% device_global=0 rank=0 local_index=0 offset=0 count=7915000
    part[1] cum=100% share=1.0625% device_global=1 rank=0 local_index=1 offset=7915000 count=85000
    total=100%
[DCL][balance-metrics] iteration=9100
  policy=threshold
  action=skip
  reason=load difference below fixed threshold; diff=0.00343752, threshold=0.1
  T_compute_interval_s=3.44003
  T_comm_interval_s=0
  T_balance_total_s=0.00892214
  T_rebalance_apply_s=0
  T_compute_accum_s=52.1429
  T_comm_accum_s=0
  T_balance_accum_s=0.336212
  T_rebalance_apply_accum_s=0.0896102
  device_times_s:
    part[0]=3.44003
    part[1]=2.60606
  OLD loads:
    part[0] cum=98.9375% share=98.9375% device_global=0 rank=0 local_index=0 offset=0 count=7915000
    part[1] cum=100% share=1.0625% device_global=1 rank=0 local_index=1 offset=7915000 count=85000
    total=100%
  PROPOSED loads:
    part[0] cum=98.5938% share=98.5938% device_global=0 rank=0 local_index=0 offset=0 count=7915000
    part[1] cum=100% share=1.40625% device_global=1 rank=0 local_index=1 offset=7915000 count=85000
    total=100%
  CURRENT loads:
    part[0] cum=98.9375% share=98.9375% device_global=0 rank=0 local_index=0 offset=0 count=7915000
    part[1] cum=100% share=1.0625% device_global=1 rank=0 local_index=1 offset=7915000 count=85000
    total=100%

=== PARTICOES FINAIS ===
=== Particoes globais ===
part[0] device_global=0 rank=0 local_index=0 offset=0 count=7915000
part[1] device_global=1 rank=0 local_index=1 offset=7915000 count=85000


============================
ITERACAO 10000
Tempo de execução: 55.8257s
