=== Dispositivos locais do rank 0 ===
global=0 local=0 nome="NVIDIA RTX 2000 Ada Generation" compute_units=22
global=1 local=1 nome="Intel(R) Xeon(R) CPU           E5620  @ 2.40GHz" compute_units=16

=== PARTICOES INICIAIS ===
=== Particoes globais ===
part[0] device_global=0 rank=0 local_index=0 offset=0 count=4000000
part[1] device_global=1 rank=0 local_index=1 offset=4000000 count=4000000

X = 50 Y = 50 Z = 3200 Iterations = 10000
[DCL][balance-metrics] iteration=100
  policy=threshold
  action=rebalance
  reason=accepted by fixed threshold; diff=0.489375, threshold=0.1
  T_compute_interval_s=17.2367
  T_comm_interval_s=0
  T_balance_total_s=0.260453
  T_rebalance_apply_s=0.0895924
  T_compute_accum_s=17.2367
  T_comm_accum_s=0
  T_balance_accum_s=0.260453
  T_rebalance_apply_accum_s=0.0895924
  device_times_s:
    part[0]=0.182453
    part[1]=17.2367
  OLD loads:
    part[0] cum=50% share=50% device_global=0 rank=0 local_index=0 offset=0 count=7915000
    part[1] cum=100% share=50% device_global=1 rank=0 local_index=1 offset=7915000 count=85000
    total=100%
  PROPOSED loads:
    part[0] cum=98.9375% share=98.9375% device_global=0 rank=0 local_index=0 offset=0 count=7915000
    part[1] cum=100% share=1.0625% device_global=1 rank=0 local_index=1 offset=7915000 count=85000
    total=100%
  CURRENT loads:
    part[0] cum=98.9375% share=98.9375% device_global=0 rank=0 local_index=0 offset=0 count=7915000
    part[1] cum=100% share=1.0625% device_global=1 rank=0 local_index=1 offset=7915000 count=85000
    total=100%
[DCL][balance-metrics] iteration=1100
  policy=threshold
  action=skip
  reason=load difference below fixed threshold; diff=0.00468749, threshold=0.1
  T_compute_interval_s=5.41587
  T_comm_interval_s=0
  T_balance_total_s=0.0100146
  T_rebalance_apply_s=0
  T_compute_accum_s=22.6526
  T_comm_accum_s=0
  T_balance_accum_s=0.270468
  T_rebalance_apply_accum_s=0.0895924
  device_times_s:
    part[0]=3.06059
    part[1]=5.41587
  OLD loads:
    part[0] cum=98.9375% share=98.9375% device_global=0 rank=0 local_index=0 offset=0 count=7915000
    part[1] cum=100% share=1.0625% device_global=1 rank=0 local_index=1 offset=7915000 count=85000
    total=100%
  PROPOSED loads:
    part[0] cum=99.4062% share=99.4062% device_global=0 rank=0 local_index=0 offset=0 count=7915000
    part[1] cum=100% share=0.593752% device_global=1 rank=0 local_index=1 offset=7915000 count=85000
    total=100%
  CURRENT loads:
    part[0] cum=98.9375% share=98.9375% device_global=0 rank=0 local_index=0 offset=0 count=7915000
    part[1] cum=100% share=1.0625% device_global=1 rank=0 local_index=1 offset=7915000 count=85000
    total=100%
[DCL][balance-metrics] iteration=2100
  policy=threshold
  action=skip
  reason=load difference below fixed threshold; diff=0.00406253, threshold=0.1
  T_compute_interval_s=4.86171
  T_comm_interval_s=0
  T_balance_total_s=0.0097149
  T_rebalance_apply_s=0
  T_compute_accum_s=27.5143
  T_comm_accum_s=0
  T_balance_accum_s=0.280183
  T_rebalance_apply_accum_s=0.0895924
  device_times_s:
    part[0]=3.04323
    part[1]=4.86171
  OLD loads:
    part[0] cum=98.9375% share=98.9375% device_global=0 rank=0 local_index=0 offset=0 count=7915000
    part[1] cum=100% share=1.0625% device_global=1 rank=0 local_index=1 offset=7915000 count=85000
    total=100%
  PROPOSED loads:
    part[0] cum=99.3438% share=99.3438% device_global=0 rank=0 local_index=0 offset=0 count=7915000
    part[1] cum=100% share=0.656247% device_global=1 rank=0 local_index=1 offset=7915000 count=85000
    total=100%
  CURRENT loads:
    part[0] cum=98.9375% share=98.9375% device_global=0 rank=0 local_index=0 offset=0 count=7915000
    part[1] cum=100% share=1.0625% device_global=1 rank=0 local_index=1 offset=7915000 count=85000
    total=100%
[DCL][balance-metrics] iteration=3100
  policy=threshold
  action=skip
  reason=load difference below fixed threshold; diff=0.0028125, threshold=0.1
  T_compute_interval_s=4.12532
  T_comm_interval_s=0
  T_balance_total_s=0.00945377
  T_rebalance_apply_s=0
  T_compute_accum_s=31.6396
  T_comm_accum_s=0
  T_balance_accum_s=0.289636
  T_rebalance_apply_accum_s=0.0895924
  device_times_s:
    part[0]=3.07953
    part[1]=4.12532
  OLD loads:
    part[0] cum=98.9375% share=98.9375% device_global=0 rank=0 local_index=0 offset=0 count=7915000
    part[1] cum=100% share=1.0625% device_global=1 rank=0 local_index=1 offset=7915000 count=85000
    total=100%
  PROPOSED loads:
    part[0] cum=99.2188% share=99.2188% device_global=0 rank=0 local_index=0 offset=0 count=7915000
    part[1] cum=100% share=0.78125% device_global=1 rank=0 local_index=1 offset=7915000 count=85000
    total=100%
  CURRENT loads:
    part[0] cum=98.9375% share=98.9375% device_global=0 rank=0 local_index=0 offset=0 count=7915000
    part[1] cum=100% share=1.0625% device_global=1 rank=0 local_index=1 offset=7915000 count=85000
    total=100%
[DCL][balance-metrics] iteration=4100
  policy=threshold
  action=skip
  reason=load difference below fixed threshold; diff=0.000625014, threshold=0.1
  T_compute_interval_s=3.48391
  T_comm_interval_s=0
  T_balance_total_s=0.00815542
  T_rebalance_apply_s=0
  T_compute_accum_s=35.1235
  T_comm_accum_s=0
  T_balance_accum_s=0.297792
  T_rebalance_apply_accum_s=0.0895924
  device_times_s:
    part[0]=3.32152
    part[1]=3.48391
  OLD loads:
    part[0] cum=98.9375% share=98.9375% device_global=0 rank=0 local_index=0 offset=0 count=7915000
    part[1] cum=100% share=1.0625% device_global=1 rank=0 local_index=1 offset=7915000 count=85000
    total=100%
  PROPOSED loads:
    part[0] cum=99% share=99% device_global=0 rank=0 local_index=0 offset=0 count=7915000
    part[1] cum=100% share=0.999999% device_global=1 rank=0 local_index=1 offset=7915000 count=85000
    total=100%
  CURRENT loads:
    part[0] cum=98.9375% share=98.9375% device_global=0 rank=0 local_index=0 offset=0 count=7915000
    part[1] cum=100% share=1.0625% device_global=1 rank=0 local_index=1 offset=7915000 count=85000
    total=100%
[DCL][balance-metrics] iteration=5100
  policy=threshold
  action=skip
  reason=load difference below fixed threshold; diff=0.000937521, threshold=0.1
  T_compute_interval_s=3.40943
  T_comm_interval_s=0
  T_balance_total_s=0.00820703
  T_rebalance_apply_s=0
  T_compute_accum_s=38.5329
  T_comm_accum_s=0
  T_balance_accum_s=0.305999
  T_rebalance_apply_accum_s=0.0895924
  device_times_s:
    part[0]=3.40943
    part[1]=3.14942
  OLD loads:
    part[0] cum=98.9375% share=98.9375% device_global=0 rank=0 local_index=0 offset=0 count=7915000
    part[1] cum=100% share=1.0625% device_global=1 rank=0 local_index=1 offset=7915000 count=85000
    total=100%
  PROPOSED loads:
    part[0] cum=98.8438% share=98.8438% device_global=0 rank=0 local_index=0 offset=0 count=7915000
    part[1] cum=100% share=1.15625% device_global=1 rank=0 local_index=1 offset=7915000 count=85000
    total=100%
  CURRENT loads:
    part[0] cum=98.9375% share=98.9375% device_global=0 rank=0 local_index=0 offset=0 count=7915000
    part[1] cum=100% share=1.0625% device_global=1 rank=0 local_index=1 offset=7915000 count=85000
    total=100%
[DCL][balance-metrics] iteration=6100
  policy=threshold
  action=skip
  reason=load difference below fixed threshold; diff=0.00187498, threshold=0.1
  T_compute_interval_s=3.42148
  T_comm_interval_s=0
  T_balance_total_s=0.00826863
  T_rebalance_apply_s=0
  T_compute_accum_s=41.9544
  T_comm_accum_s=0
  T_balance_accum_s=0.314268
  T_rebalance_apply_accum_s=0.0895924
  device_times_s:
    part[0]=3.42148
    part[1]=2.91452
  OLD loads:
    part[0] cum=98.9375% share=98.9375% device_global=0 rank=0 local_index=0 offset=0 count=7915000
    part[1] cum=100% share=1.0625% device_global=1 rank=0 local_index=1 offset=7915000 count=85000
    total=100%
  PROPOSED loads:
    part[0] cum=98.75% share=98.75% device_global=0 rank=0 local_index=0 offset=0 count=7915000
    part[1] cum=100% share=1.25% device_global=1 rank=0 local_index=1 offset=7915000 count=85000
    total=100%
  CURRENT loads:
    part[0] cum=98.9375% share=98.9375% device_global=0 rank=0 local_index=0 offset=0 count=7915000
    part[1] cum=100% share=1.0625% device_global=1 rank=0 local_index=1 offset=7915000 count=85000
    total=100%
[DCL][balance-metrics] iteration=7100
  policy=threshold
  action=skip
  reason=load difference below fixed threshold; diff=0.0025, threshold=0.1
  T_compute_interval_s=3.4252
  T_comm_interval_s=0
  T_balance_total_s=0.00823797
  T_rebalance_apply_s=0
  T_compute_accum_s=45.3796
  T_comm_accum_s=0
  T_balance_accum_s=0.322506
  T_rebalance_apply_accum_s=0.0895924
  device_times_s:
    part[0]=3.4252
    part[1]=2.73962
  OLD loads:
    part[0] cum=98.9375% share=98.9375% device_global=0 rank=0 local_index=0 offset=0 count=7915000
    part[1] cum=100% share=1.0625% device_global=1 rank=0 local_index=1 offset=7915000 count=85000
    total=100%
  PROPOSED loads:
    part[0] cum=98.6875% share=98.6875% device_global=0 rank=0 local_index=0 offset=0 count=7915000
    part[1] cum=100% share=1.3125% device_global=1 rank=0 local_index=1 offset=7915000 count=85000
    total=100%
  CURRENT loads:
    part[0] cum=98.9375% share=98.9375% device_global=0 rank=0 local_index=0 offset=0 count=7915000
    part[1] cum=100% share=1.0625% device_global=1 rank=0 local_index=1 offset=7915000 count=85000
    total=100%
[DCL][balance-metrics] iteration=8100
  policy=threshold
  action=skip
  reason=load difference below fixed threshold; diff=0.00343752, threshold=0.1
  T_compute_interval_s=3.44589
  T_comm_interval_s=0
  T_balance_total_s=0.00828484
  T_rebalance_apply_s=0
  T_compute_accum_s=48.8255
  T_comm_accum_s=0
  T_balance_accum_s=0.33079
  T_rebalance_apply_accum_s=0.0895924
  device_times_s:
    part[0]=3.44589
    part[1]=2.61866
  OLD loads:
    part[0] cum=98.9375% share=98.9375% device_global=0 rank=0 local_index=0 offset=0 count=7915000
    part[1] cum=100% share=1.0625% device_global=1 rank=0 local_index=1 offset=7915000 count=85000
    total=100%
  PROPOSED loads:
    part[0] cum=98.5938% share=98.5938% device_global=0 rank=0 local_index=0 offset=0 count=7915000
    part[1] cum=100% share=1.40625% device_global=1 rank=0 local_index=1 offset=7915000 count=85000
    total=100%
  CURRENT loads:
    part[0] cum=98.9375% share=98.9375% device_global=0 rank=0 local_index=0 offset=0 count=7915000
    part[1] cum=100% share=1.0625% device_global=1 rank=0 local_index=1 offset=7915000 count=85000
    total=100%
[DCL][balance-metrics] iteration=9100
  policy=threshold
  action=skip
  reason=load difference below fixed threshold; diff=0.00374997, threshold=0.1
  T_compute_interval_s=3.44558
  T_comm_interval_s=0
  T_balance_total_s=0.00828162
  T_rebalance_apply_s=0
  T_compute_accum_s=52.2711
  T_comm_accum_s=0
  T_balance_accum_s=0.339072
  T_rebalance_apply_accum_s=0.0895924
  device_times_s:
    part[0]=3.44558
    part[1]=2.51953
  OLD loads:
    part[0] cum=98.9375% share=98.9375% device_global=0 rank=0 local_index=0 offset=0 count=7915000
    part[1] cum=100% share=1.0625% device_global=1 rank=0 local_index=1 offset=7915000 count=85000
    total=100%
  PROPOSED loads:
    part[0] cum=98.5625% share=98.5625% device_global=0 rank=0 local_index=0 offset=0 count=7915000
    part[1] cum=100% share=1.4375% device_global=1 rank=0 local_index=1 offset=7915000 count=85000
    total=100%
  CURRENT loads:
    part[0] cum=98.9375% share=98.9375% device_global=0 rank=0 local_index=0 offset=0 count=7915000
    part[1] cum=100% share=1.0625% device_global=1 rank=0 local_index=1 offset=7915000 count=85000
    total=100%

=== PARTICOES FINAIS ===
=== Particoes globais ===
part[0] device_global=0 rank=0 local_index=0 offset=0 count=7915000
part[1] device_global=1 rank=0 local_index=1 offset=7915000 count=85000


============================
ITERACAO 10000
Tempo de execução: 55.948s
