=== Dispositivos locais do rank 0 ===
global=0 local=0 nome="NVIDIA RTX 2000 Ada Generation" compute_units=22
global=1 local=1 nome="Intel(R) Xeon(R) CPU           E5620  @ 2.40GHz" compute_units=16

=== PARTICOES INICIAIS ===
=== Particoes globais ===
part[0] device_global=0 rank=0 local_index=0 offset=0 count=4000000
part[1] device_global=1 rank=0 local_index=1 offset=4000000 count=4000000

X = 50 Y = 50 Z = 3200 Iterations = 10000
[DCL][balance-metrics] iteration=100
  policy=threshold
  action=rebalance
  reason=accepted by fixed threshold; diff=0.489375, threshold=0.1
  T_compute_interval_s=17.1672
  T_comm_interval_s=0
  T_balance_total_s=0.256089
  T_rebalance_apply_s=0.0895618
  T_compute_accum_s=17.1672
  T_comm_accum_s=0
  T_balance_accum_s=0.256089
  T_rebalance_apply_accum_s=0.0895618
  device_times_s:
    part[0]=0.182249
    part[1]=17.1672
  OLD loads:
    part[0] cum=50% share=50% device_global=0 rank=0 local_index=0 offset=0 count=7915000
    part[1] cum=100% share=50% device_global=1 rank=0 local_index=1 offset=7915000 count=85000
    total=100%
  PROPOSED loads:
    part[0] cum=98.9375% share=98.9375% device_global=0 rank=0 local_index=0 offset=0 count=7915000
    part[1] cum=100% share=1.0625% device_global=1 rank=0 local_index=1 offset=7915000 count=85000
    total=100%
  CURRENT loads:
    part[0] cum=98.9375% share=98.9375% device_global=0 rank=0 local_index=0 offset=0 count=7915000
    part[1] cum=100% share=1.0625% device_global=1 rank=0 local_index=1 offset=7915000 count=85000
    total=100%
[DCL][balance-metrics] iteration=1100
  policy=threshold
  action=skip
  reason=load difference below fixed threshold; diff=0.00468749, threshold=0.1
  T_compute_interval_s=5.41977
  T_comm_interval_s=0
  T_balance_total_s=0.0100517
  T_rebalance_apply_s=0
  T_compute_accum_s=22.5869
  T_comm_accum_s=0
  T_balance_accum_s=0.266141
  T_rebalance_apply_accum_s=0.0895618
  device_times_s:
    part[0]=3.06224
    part[1]=5.41977
  OLD loads:
    part[0] cum=98.9375% share=98.9375% device_global=0 rank=0 local_index=0 offset=0 count=7915000
    part[1] cum=100% share=1.0625% device_global=1 rank=0 local_index=1 offset=7915000 count=85000
    total=100%
  PROPOSED loads:
    part[0] cum=99.4062% share=99.4062% device_global=0 rank=0 local_index=0 offset=0 count=7915000
    part[1] cum=100% share=0.593752% device_global=1 rank=0 local_index=1 offset=7915000 count=85000
    total=100%
  CURRENT loads:
    part[0] cum=98.9375% share=98.9375% device_global=0 rank=0 local_index=0 offset=0 count=7915000
    part[1] cum=100% share=1.0625% device_global=1 rank=0 local_index=1 offset=7915000 count=85000
    total=100%
[DCL][balance-metrics] iteration=2100
  policy=threshold
  action=skip
  reason=load difference below fixed threshold; diff=0.00406253, threshold=0.1
  T_compute_interval_s=4.86545
  T_comm_interval_s=0
  T_balance_total_s=0.00984397
  T_rebalance_apply_s=0
  T_compute_accum_s=27.4524
  T_comm_accum_s=0
  T_balance_accum_s=0.275985
  T_rebalance_apply_accum_s=0.0895618
  device_times_s:
    part[0]=3.04255
    part[1]=4.86545
  OLD loads:
    part[0] cum=98.9375% share=98.9375% device_global=0 rank=0 local_index=0 offset=0 count=7915000
    part[1] cum=100% share=1.0625% device_global=1 rank=0 local_index=1 offset=7915000 count=85000
    total=100%
  PROPOSED loads:
    part[0] cum=99.3438% share=99.3438% device_global=0 rank=0 local_index=0 offset=0 count=7915000
    part[1] cum=100% share=0.656247% device_global=1 rank=0 local_index=1 offset=7915000 count=85000
    total=100%
  CURRENT loads:
    part[0] cum=98.9375% share=98.9375% device_global=0 rank=0 local_index=0 offset=0 count=7915000
    part[1] cum=100% share=1.0625% device_global=1 rank=0 local_index=1 offset=7915000 count=85000
    total=100%
[DCL][balance-metrics] iteration=3100
  policy=threshold
  action=skip
  reason=load difference below fixed threshold; diff=0.0028125, threshold=0.1
  T_compute_interval_s=4.12483
  T_comm_interval_s=0
  T_balance_total_s=0.00944469
  T_rebalance_apply_s=0
  T_compute_accum_s=31.5772
  T_comm_accum_s=0
  T_balance_accum_s=0.28543
  T_rebalance_apply_accum_s=0.0895618
  device_times_s:
    part[0]=3.08277
    part[1]=4.12483
  OLD loads:
    part[0] cum=98.9375% share=98.9375% device_global=0 rank=0 local_index=0 offset=0 count=7915000
    part[1] cum=100% share=1.0625% device_global=1 rank=0 local_index=1 offset=7915000 count=85000
    total=100%
  PROPOSED loads:
    part[0] cum=99.2188% share=99.2188% device_global=0 rank=0 local_index=0 offset=0 count=7915000
    part[1] cum=100% share=0.78125% device_global=1 rank=0 local_index=1 offset=7915000 count=85000
    total=100%
  CURRENT loads:
    part[0] cum=98.9375% share=98.9375% device_global=0 rank=0 local_index=0 offset=0 count=7915000
    part[1] cum=100% share=1.0625% device_global=1 rank=0 local_index=1 offset=7915000 count=85000
    total=100%
[DCL][balance-metrics] iteration=4100
  policy=threshold
  action=skip
  reason=load difference below fixed threshold; diff=0.000625014, threshold=0.1
  T_compute_interval_s=3.4879
  T_comm_interval_s=0
  T_balance_total_s=0.00824398
  T_rebalance_apply_s=0
  T_compute_accum_s=35.0651
  T_comm_accum_s=0
  T_balance_accum_s=0.293674
  T_rebalance_apply_accum_s=0.0895618
  device_times_s:
    part[0]=3.32919
    part[1]=3.4879
  OLD loads:
    part[0] cum=98.9375% share=98.9375% device_global=0 rank=0 local_index=0 offset=0 count=7915000
    part[1] cum=100% share=1.0625% device_global=1 rank=0 local_index=1 offset=7915000 count=85000
    total=100%
  PROPOSED loads:
    part[0] cum=99% share=99% device_global=0 rank=0 local_index=0 offset=0 count=7915000
    part[1] cum=100% share=0.999999% device_global=1 rank=0 local_index=1 offset=7915000 count=85000
    total=100%
  CURRENT loads:
    part[0] cum=98.9375% share=98.9375% device_global=0 rank=0 local_index=0 offset=0 count=7915000
    part[1] cum=100% share=1.0625% device_global=1 rank=0 local_index=1 offset=7915000 count=85000
    total=100%
[DCL][balance-metrics] iteration=5100
  policy=threshold
  action=skip
  reason=load difference below fixed threshold; diff=0.000937521, threshold=0.1
  T_compute_interval_s=3.42149
  T_comm_interval_s=0
  T_balance_total_s=0.00821109
  T_rebalance_apply_s=0
  T_compute_accum_s=38.4866
  T_comm_accum_s=0
  T_balance_accum_s=0.301885
  T_rebalance_apply_accum_s=0.0895618
  device_times_s:
    part[0]=3.42149
    part[1]=3.15523
  OLD loads:
    part[0] cum=98.9375% share=98.9375% device_global=0 rank=0 local_index=0 offset=0 count=7915000
    part[1] cum=100% share=1.0625% device_global=1 rank=0 local_index=1 offset=7915000 count=85000
    total=100%
  PROPOSED loads:
    part[0] cum=98.8438% share=98.8438% device_global=0 rank=0 local_index=0 offset=0 count=7915000
    part[1] cum=100% share=1.15625% device_global=1 rank=0 local_index=1 offset=7915000 count=85000
    total=100%
  CURRENT loads:
    part[0] cum=98.9375% share=98.9375% device_global=0 rank=0 local_index=0 offset=0 count=7915000
    part[1] cum=100% share=1.0625% device_global=1 rank=0 local_index=1 offset=7915000 count=85000
    total=100%
[DCL][balance-metrics] iteration=6100
  policy=threshold
  action=skip
  reason=load difference below fixed threshold; diff=0.00187498, threshold=0.1
  T_compute_interval_s=3.42643
  T_comm_interval_s=0
  T_balance_total_s=0.00839784
  T_rebalance_apply_s=0
  T_compute_accum_s=41.913
  T_comm_accum_s=0
  T_balance_accum_s=0.310282
  T_rebalance_apply_accum_s=0.0895618
  device_times_s:
    part[0]=3.42643
    part[1]=2.91811
  OLD loads:
    part[0] cum=98.9375% share=98.9375% device_global=0 rank=0 local_index=0 offset=0 count=7915000
    part[1] cum=100% share=1.0625% device_global=1 rank=0 local_index=1 offset=7915000 count=85000
    total=100%
  PROPOSED loads:
    part[0] cum=98.75% share=98.75% device_global=0 rank=0 local_index=0 offset=0 count=7915000
    part[1] cum=100% share=1.25% device_global=1 rank=0 local_index=1 offset=7915000 count=85000
    total=100%
  CURRENT loads:
    part[0] cum=98.9375% share=98.9375% device_global=0 rank=0 local_index=0 offset=0 count=7915000
    part[1] cum=100% share=1.0625% device_global=1 rank=0 local_index=1 offset=7915000 count=85000
    total=100%
[DCL][balance-metrics] iteration=7100
  policy=threshold
  action=skip
  reason=load difference below fixed threshold; diff=0.0025, threshold=0.1
  T_compute_interval_s=3.44046
  T_comm_interval_s=0
  T_balance_total_s=0.00825669
  T_rebalance_apply_s=0
  T_compute_accum_s=45.3535
  T_comm_accum_s=0
  T_balance_accum_s=0.318539
  T_rebalance_apply_accum_s=0.0895618
  device_times_s:
    part[0]=3.44046
    part[1]=2.74656
  OLD loads:
    part[0] cum=98.9375% share=98.9375% device_global=0 rank=0 local_index=0 offset=0 count=7915000
    part[1] cum=100% share=1.0625% device_global=1 rank=0 local_index=1 offset=7915000 count=85000
    total=100%
  PROPOSED loads:
    part[0] cum=98.6875% share=98.6875% device_global=0 rank=0 local_index=0 offset=0 count=7915000
    part[1] cum=100% share=1.3125% device_global=1 rank=0 local_index=1 offset=7915000 count=85000
    total=100%
  CURRENT loads:
    part[0] cum=98.9375% share=98.9375% device_global=0 rank=0 local_index=0 offset=0 count=7915000
    part[1] cum=100% share=1.0625% device_global=1 rank=0 local_index=1 offset=7915000 count=85000
    total=100%
[DCL][balance-metrics] iteration=8100
  policy=threshold
  action=skip
  reason=load difference below fixed threshold; diff=0.00312501, threshold=0.1
  T_compute_interval_s=3.44506
  T_comm_interval_s=0
  T_balance_total_s=0.00823351
  T_rebalance_apply_s=0
  T_compute_accum_s=48.7985
  T_comm_accum_s=0
  T_balance_accum_s=0.326773
  T_rebalance_apply_accum_s=0.0895618
  device_times_s:
    part[0]=3.44506
    part[1]=2.62435
  OLD loads:
    part[0] cum=98.9375% share=98.9375% device_global=0 rank=0 local_index=0 offset=0 count=7915000
    part[1] cum=100% share=1.0625% device_global=1 rank=0 local_index=1 offset=7915000 count=85000
    total=100%
  PROPOSED loads:
    part[0] cum=98.625% share=98.625% device_global=0 rank=0 local_index=0 offset=0 count=7915000
    part[1] cum=100% share=1.375% device_global=1 rank=0 local_index=1 offset=7915000 count=85000
    total=100%
  CURRENT loads:
    part[0] cum=98.9375% share=98.9375% device_global=0 rank=0 local_index=0 offset=0 count=7915000
    part[1] cum=100% share=1.0625% device_global=1 rank=0 local_index=1 offset=7915000 count=85000
    total=100%
[DCL][balance-metrics] iteration=9100
  policy=threshold
  action=skip
  reason=load difference below fixed threshold; diff=0.00374997, threshold=0.1
  T_compute_interval_s=3.44678
  T_comm_interval_s=0
  T_balance_total_s=0.00818929
  T_rebalance_apply_s=0
  T_compute_accum_s=52.2453
  T_comm_accum_s=0
  T_balance_accum_s=0.334962
  T_rebalance_apply_accum_s=0.0895618
  device_times_s:
    part[0]=3.44678
    part[1]=2.52465
  OLD loads:
    part[0] cum=98.9375% share=98.9375% device_global=0 rank=0 local_index=0 offset=0 count=7915000
    part[1] cum=100% share=1.0625% device_global=1 rank=0 local_index=1 offset=7915000 count=85000
    total=100%
  PROPOSED loads:
    part[0] cum=98.5625% share=98.5625% device_global=0 rank=0 local_index=0 offset=0 count=7915000
    part[1] cum=100% share=1.4375% device_global=1 rank=0 local_index=1 offset=7915000 count=85000
    total=100%
  CURRENT loads:
    part[0] cum=98.9375% share=98.9375% device_global=0 rank=0 local_index=0 offset=0 count=7915000
    part[1] cum=100% share=1.0625% device_global=1 rank=0 local_index=1 offset=7915000 count=85000
    total=100%

=== PARTICOES FINAIS ===
=== Particoes globais ===
part[0] device_global=0 rank=0 local_index=0 offset=0 count=7915000
part[1] device_global=1 rank=0 local_index=1 offset=7915000 count=85000


============================
ITERACAO 10000
Tempo de execução: 55.9365s
