=== Dispositivos locais do rank 0 ===
global=0 local=0 nome="NVIDIA RTX 2000 Ada Generation" compute_units=22
global=1 local=1 nome="Intel(R) Xeon(R) CPU           E5620  @ 2.40GHz" compute_units=16

=== PARTICOES INICIAIS ===
=== Particoes globais ===
part[0] device_global=0 rank=0 local_index=0 offset=0 count=4000000
part[1] device_global=1 rank=0 local_index=1 offset=4000000 count=4000000

X = 50 Y = 50 Z = 3200 Iterations = 10000
[DCL][balance-metrics] iteration=100
  policy=threshold
  action=rebalance
  reason=accepted by fixed threshold; diff=0.489688, threshold=0.1
  T_compute_interval_s=17.2225
  T_comm_interval_s=0
  T_balance_total_s=0.256186
  T_rebalance_apply_s=0.0895598
  T_compute_accum_s=17.2225
  T_comm_accum_s=0
  T_balance_accum_s=0.256186
  T_rebalance_apply_accum_s=0.0895598
  device_times_s:
    part[0]=0.182126
    part[1]=17.2225
  OLD loads:
    part[0] cum=50% share=50% device_global=0 rank=0 local_index=0 offset=0 count=7917500
    part[1] cum=100% share=50% device_global=1 rank=0 local_index=1 offset=7917500 count=82500
    total=100%
  PROPOSED loads:
    part[0] cum=98.9688% share=98.9688% device_global=0 rank=0 local_index=0 offset=0 count=7917500
    part[1] cum=100% share=1.03125% device_global=1 rank=0 local_index=1 offset=7917500 count=82500
    total=100%
  CURRENT loads:
    part[0] cum=98.9688% share=98.9688% device_global=0 rank=0 local_index=0 offset=0 count=7917500
    part[1] cum=100% share=1.03125% device_global=1 rank=0 local_index=1 offset=7917500 count=82500
    total=100%
[DCL][balance-metrics] iteration=1100
  policy=threshold
  action=skip
  reason=load difference below fixed threshold; diff=0.00437498, threshold=0.1
  T_compute_interval_s=5.25776
  T_comm_interval_s=0
  T_balance_total_s=0.0100099
  T_rebalance_apply_s=0
  T_compute_accum_s=22.4802
  T_comm_accum_s=0
  T_balance_accum_s=0.266195
  T_rebalance_apply_accum_s=0.0895598
  device_times_s:
    part[0]=3.07112
    part[1]=5.25776
  OLD loads:
    part[0] cum=98.9688% share=98.9688% device_global=0 rank=0 local_index=0 offset=0 count=7917500
    part[1] cum=100% share=1.03125% device_global=1 rank=0 local_index=1 offset=7917500 count=82500
    total=100%
  PROPOSED loads:
    part[0] cum=99.4062% share=99.4062% device_global=0 rank=0 local_index=0 offset=0 count=7917500
    part[1] cum=100% share=0.593752% device_global=1 rank=0 local_index=1 offset=7917500 count=82500
    total=100%
  CURRENT loads:
    part[0] cum=98.9688% share=98.9688% device_global=0 rank=0 local_index=0 offset=0 count=7917500
    part[1] cum=100% share=1.03125% device_global=1 rank=0 local_index=1 offset=7917500 count=82500
    total=100%
[DCL][balance-metrics] iteration=2100
  policy=threshold
  action=skip
  reason=load difference below fixed threshold; diff=0.00343752, threshold=0.1
  T_compute_interval_s=4.68348
  T_comm_interval_s=0
  T_balance_total_s=0.00989349
  T_rebalance_apply_s=0
  T_compute_accum_s=27.1637
  T_comm_accum_s=0
  T_balance_accum_s=0.276089
  T_rebalance_apply_accum_s=0.0895598
  device_times_s:
    part[0]=3.04376
    part[1]=4.68348
  OLD loads:
    part[0] cum=98.9688% share=98.9688% device_global=0 rank=0 local_index=0 offset=0 count=7917500
    part[1] cum=100% share=1.03125% device_global=1 rank=0 local_index=1 offset=7917500 count=82500
    total=100%
  PROPOSED loads:
    part[0] cum=99.3125% share=99.3125% device_global=0 rank=0 local_index=0 offset=0 count=7917500
    part[1] cum=100% share=0.687498% device_global=1 rank=0 local_index=1 offset=7917500 count=82500
    total=100%
  CURRENT loads:
    part[0] cum=98.9688% share=98.9688% device_global=0 rank=0 local_index=0 offset=0 count=7917500
    part[1] cum=100% share=1.03125% device_global=1 rank=0 local_index=1 offset=7917500 count=82500
    total=100%
[DCL][balance-metrics] iteration=3100
  policy=threshold
  action=skip
  reason=load difference below fixed threshold; diff=0.00218749, threshold=0.1
  T_compute_interval_s=3.96877
  T_comm_interval_s=0
  T_balance_total_s=0.00929858
  T_rebalance_apply_s=0
  T_compute_accum_s=31.1325
  T_comm_accum_s=0
  T_balance_accum_s=0.285388
  T_rebalance_apply_accum_s=0.0895598
  device_times_s:
    part[0]=3.12565
    part[1]=3.96877
  OLD loads:
    part[0] cum=98.9688% share=98.9688% device_global=0 rank=0 local_index=0 offset=0 count=7917500
    part[1] cum=100% share=1.03125% device_global=1 rank=0 local_index=1 offset=7917500 count=82500
    total=100%
  PROPOSED loads:
    part[0] cum=99.1875% share=99.1875% device_global=0 rank=0 local_index=0 offset=0 count=7917500
    part[1] cum=100% share=0.812501% device_global=1 rank=0 local_index=1 offset=7917500 count=82500
    total=100%
  CURRENT loads:
    part[0] cum=98.9688% share=98.9688% device_global=0 rank=0 local_index=0 offset=0 count=7917500
    part[1] cum=100% share=1.03125% device_global=1 rank=0 local_index=1 offset=7917500 count=82500
    total=100%
[DCL][balance-metrics] iteration=4100
  policy=threshold
  action=skip
  reason=new partition identical
  T_compute_interval_s=3.37056
  T_comm_interval_s=0
  T_balance_total_s=0.00829377
  T_rebalance_apply_s=0
  T_compute_accum_s=34.503
  T_comm_accum_s=0
  T_balance_accum_s=0.293681
  T_rebalance_apply_accum_s=0.0895598
  device_times_s:
    part[0]=3.37056
    part[1]=3.36236
  OLD loads:
    part[0] cum=98.9688% share=98.9688% device_global=0 rank=0 local_index=0 offset=0 count=7917500
    part[1] cum=100% share=1.03125% device_global=1 rank=0 local_index=1 offset=7917500 count=82500
    total=100%
  PROPOSED loads:
    part[0] cum=98.9688% share=98.9688% device_global=0 rank=0 local_index=0 offset=0 count=7917500
    part[1] cum=100% share=1.03125% device_global=1 rank=0 local_index=1 offset=7917500 count=82500
    total=100%
  CURRENT loads:
    part[0] cum=98.9688% share=98.9688% device_global=0 rank=0 local_index=0 offset=0 count=7917500
    part[1] cum=100% share=1.03125% device_global=1 rank=0 local_index=1 offset=7917500 count=82500
    total=100%
[DCL][balance-metrics] iteration=5100
  policy=threshold
  action=skip
  reason=load difference below fixed threshold; diff=0.00125003, threshold=0.1
  T_compute_interval_s=3.4111
  T_comm_interval_s=0
  T_balance_total_s=0.00827401
  T_rebalance_apply_s=0
  T_compute_accum_s=37.9141
  T_comm_accum_s=0
  T_balance_accum_s=0.301955
  T_rebalance_apply_accum_s=0.0895598
  device_times_s:
    part[0]=3.4111
    part[1]=3.04228
  OLD loads:
    part[0] cum=98.9688% share=98.9688% device_global=0 rank=0 local_index=0 offset=0 count=7917500
    part[1] cum=100% share=1.03125% device_global=1 rank=0 local_index=1 offset=7917500 count=82500
    total=100%
  PROPOSED loads:
    part[0] cum=98.8438% share=98.8438% device_global=0 rank=0 local_index=0 offset=0 count=7917500
    part[1] cum=100% share=1.15625% device_global=1 rank=0 local_index=1 offset=7917500 count=82500
    total=100%
  CURRENT loads:
    part[0] cum=98.9688% share=98.9688% device_global=0 rank=0 local_index=0 offset=0 count=7917500
    part[1] cum=100% share=1.03125% device_global=1 rank=0 local_index=1 offset=7917500 count=82500
    total=100%
[DCL][balance-metrics] iteration=6100
  policy=threshold
  action=skip
  reason=load difference below fixed threshold; diff=0.00218749, threshold=0.1
  T_compute_interval_s=3.40639
  T_comm_interval_s=0
  T_balance_total_s=0.00828749
  T_rebalance_apply_s=0
  T_compute_accum_s=41.3205
  T_comm_accum_s=0
  T_balance_accum_s=0.310243
  T_rebalance_apply_accum_s=0.0895598
  device_times_s:
    part[0]=3.40639
    part[1]=2.81631
  OLD loads:
    part[0] cum=98.9688% share=98.9688% device_global=0 rank=0 local_index=0 offset=0 count=7917500
    part[1] cum=100% share=1.03125% device_global=1 rank=0 local_index=1 offset=7917500 count=82500
    total=100%
  PROPOSED loads:
    part[0] cum=98.75% share=98.75% device_global=0 rank=0 local_index=0 offset=0 count=7917500
    part[1] cum=100% share=1.25% device_global=1 rank=0 local_index=1 offset=7917500 count=82500
    total=100%
  CURRENT loads:
    part[0] cum=98.9688% share=98.9688% device_global=0 rank=0 local_index=0 offset=0 count=7917500
    part[1] cum=100% share=1.03125% device_global=1 rank=0 local_index=1 offset=7917500 count=82500
    total=100%
[DCL][balance-metrics] iteration=7100
  policy=threshold
  action=skip
  reason=load difference below fixed threshold; diff=0.00312501, threshold=0.1
  T_compute_interval_s=3.42905
  T_comm_interval_s=0
  T_balance_total_s=0.00832255
  T_rebalance_apply_s=0
  T_compute_accum_s=44.7496
  T_comm_accum_s=0
  T_balance_accum_s=0.318565
  T_rebalance_apply_accum_s=0.0895598
  device_times_s:
    part[0]=3.42905
    part[1]=2.64895
  OLD loads:
    part[0] cum=98.9688% share=98.9688% device_global=0 rank=0 local_index=0 offset=0 count=7917500
    part[1] cum=100% share=1.03125% device_global=1 rank=0 local_index=1 offset=7917500 count=82500
    total=100%
  PROPOSED loads:
    part[0] cum=98.6562% share=98.6562% device_global=0 rank=0 local_index=0 offset=0 count=7917500
    part[1] cum=100% share=1.34375% device_global=1 rank=0 local_index=1 offset=7917500 count=82500
    total=100%
  CURRENT loads:
    part[0] cum=98.9688% share=98.9688% device_global=0 rank=0 local_index=0 offset=0 count=7917500
    part[1] cum=100% share=1.03125% device_global=1 rank=0 local_index=1 offset=7917500 count=82500
    total=100%
[DCL][balance-metrics] iteration=8100
  policy=threshold
  action=skip
  reason=load difference below fixed threshold; diff=0.00375003, threshold=0.1
  T_compute_interval_s=3.4428
  T_comm_interval_s=0
  T_balance_total_s=0.00823986
  T_rebalance_apply_s=0
  T_compute_accum_s=48.1924
  T_comm_accum_s=0
  T_balance_accum_s=0.326805
  T_rebalance_apply_accum_s=0.0895598
  device_times_s:
    part[0]=3.4428
    part[1]=2.5361
  OLD loads:
    part[0] cum=98.9688% share=98.9688% device_global=0 rank=0 local_index=0 offset=0 count=7917500
    part[1] cum=100% share=1.03125% device_global=1 rank=0 local_index=1 offset=7917500 count=82500
    total=100%
  PROPOSED loads:
    part[0] cum=98.5938% share=98.5938% device_global=0 rank=0 local_index=0 offset=0 count=7917500
    part[1] cum=100% share=1.40625% device_global=1 rank=0 local_index=1 offset=7917500 count=82500
    total=100%
  CURRENT loads:
    part[0] cum=98.9688% share=98.9688% device_global=0 rank=0 local_index=0 offset=0 count=7917500
    part[1] cum=100% share=1.03125% device_global=1 rank=0 local_index=1 offset=7917500 count=82500
    total=100%
[DCL][balance-metrics] iteration=9100
  policy=threshold
  action=skip
  reason=load difference below fixed threshold; diff=0.00406247, threshold=0.1
  T_compute_interval_s=3.44979
  T_comm_interval_s=0
  T_balance_total_s=0.0081983
  T_rebalance_apply_s=0
  T_compute_accum_s=51.6422
  T_comm_accum_s=0
  T_balance_accum_s=0.335004
  T_rebalance_apply_accum_s=0.0895598
  device_times_s:
    part[0]=3.44979
    part[1]=2.4391
  OLD loads:
    part[0] cum=98.9688% share=98.9688% device_global=0 rank=0 local_index=0 offset=0 count=7917500
    part[1] cum=100% share=1.03125% device_global=1 rank=0 local_index=1 offset=7917500 count=82500
    total=100%
  PROPOSED loads:
    part[0] cum=98.5625% share=98.5625% device_global=0 rank=0 local_index=0 offset=0 count=7917500
    part[1] cum=100% share=1.4375% device_global=1 rank=0 local_index=1 offset=7917500 count=82500
    total=100%
  CURRENT loads:
    part[0] cum=98.9688% share=98.9688% device_global=0 rank=0 local_index=0 offset=0 count=7917500
    part[1] cum=100% share=1.03125% device_global=1 rank=0 local_index=1 offset=7917500 count=82500
    total=100%

=== PARTICOES FINAIS ===
=== Particoes globais ===
part[0] device_global=0 rank=0 local_index=0 offset=0 count=7917500
part[1] device_global=1 rank=0 local_index=1 offset=7917500 count=82500


============================
ITERACAO 10000
Tempo de execução: 55.4136s
