=== Dispositivos locais do rank 0 ===
global=0 local=0 nome="NVIDIA RTX 2000 Ada Generation" compute_units=22
global=1 local=1 nome="Intel(R) Xeon(R) CPU           E5620  @ 2.40GHz" compute_units=16

=== PARTICOES INICIAIS ===
=== Particoes globais ===
part[0] device_global=0 rank=0 local_index=0 offset=0 count=4000000
part[1] device_global=1 rank=0 local_index=1 offset=4000000 count=4000000

X = 50 Y = 50 Z = 3200 Iterations = 10000
[DCL][balance-metrics] iteration=100
  policy=profiled
  action=rebalance
  reason=adaptive decision accepted; remaining_iterations=9900, gain_total=165.687, migration_cost=0, max_migrated_bytes=0, T_comp_int_per_iter=0.0170994, T_comp_bal_per_iter=0.000363362
  T_compute_interval_s=17.0994
  T_comm_interval_s=0
  T_balance_total_s=0.25569
  T_rebalance_apply_s=0.0892525
  T_compute_accum_s=17.0994
  T_comm_accum_s=0
  T_balance_accum_s=0.25569
  T_rebalance_apply_accum_s=0.0892525
  device_times_s:
    part[0]=0.182338
    part[1]=17.0994
  OLD loads:
    part[0] cum=50% share=50% device_global=0 rank=0 local_index=0 offset=0 count=7915000
    part[1] cum=100% share=50% device_global=1 rank=0 local_index=1 offset=7915000 count=85000
    total=100%
  PROPOSED loads:
    part[0] cum=98.9375% share=98.9375% device_global=0 rank=0 local_index=0 offset=0 count=7915000
    part[1] cum=100% share=1.0625% device_global=1 rank=0 local_index=1 offset=7915000 count=85000
    total=100%
  CURRENT loads:
    part[0] cum=98.9375% share=98.9375% device_global=0 rank=0 local_index=0 offset=0 count=7915000
    part[1] cum=100% share=1.0625% device_global=1 rank=0 local_index=1 offset=7915000 count=85000
    total=100%
[DCL][balance-metrics] iteration=1100
  policy=scheduled
  action=skip
  reason=static balance already attempted
  T_compute_interval_s=5.4145
  T_comm_interval_s=0
  T_balance_total_s=0
  T_rebalance_apply_s=0
  T_compute_accum_s=22.5139
  T_comm_accum_s=0
  T_balance_accum_s=0.25569
  T_rebalance_apply_accum_s=0.0892525
  device_times_s:
    part[0]=3.05992
    part[1]=5.4145
  OLD loads:
    part[0] cum=98.9375% share=98.9375% device_global=0 rank=0 local_index=0 offset=0 count=7915000
    part[1] cum=100% share=1.0625% device_global=1 rank=0 local_index=1 offset=7915000 count=85000
    total=100%
  CURRENT loads:
    part[0] cum=98.9375% share=98.9375% device_global=0 rank=0 local_index=0 offset=0 count=7915000
    part[1] cum=100% share=1.0625% device_global=1 rank=0 local_index=1 offset=7915000 count=85000
    total=100%
[DCL][balance-metrics] iteration=2100
  policy=scheduled
  action=skip
  reason=static balance already attempted
  T_compute_interval_s=4.8639
  T_comm_interval_s=0
  T_balance_total_s=0
  T_rebalance_apply_s=0
  T_compute_accum_s=27.3778
  T_comm_accum_s=0
  T_balance_accum_s=0.25569
  T_rebalance_apply_accum_s=0.0892525
  device_times_s:
    part[0]=3.04314
    part[1]=4.8639
  OLD loads:
    part[0] cum=98.9375% share=98.9375% device_global=0 rank=0 local_index=0 offset=0 count=7915000
    part[1] cum=100% share=1.0625% device_global=1 rank=0 local_index=1 offset=7915000 count=85000
    total=100%
  CURRENT loads:
    part[0] cum=98.9375% share=98.9375% device_global=0 rank=0 local_index=0 offset=0 count=7915000
    part[1] cum=100% share=1.0625% device_global=1 rank=0 local_index=1 offset=7915000 count=85000
    total=100%
[DCL][balance-metrics] iteration=3100
  policy=scheduled
  action=skip
  reason=static balance already attempted
  T_compute_interval_s=4.06666
  T_comm_interval_s=0
  T_balance_total_s=0
  T_rebalance_apply_s=0
  T_compute_accum_s=31.4444
  T_comm_accum_s=0
  T_balance_accum_s=0.25569
  T_rebalance_apply_accum_s=0.0892525
  device_times_s:
    part[0]=3.10986
    part[1]=4.06666
  OLD loads:
    part[0] cum=98.9375% share=98.9375% device_global=0 rank=0 local_index=0 offset=0 count=7915000
    part[1] cum=100% share=1.0625% device_global=1 rank=0 local_index=1 offset=7915000 count=85000
    total=100%
  CURRENT loads:
    part[0] cum=98.9375% share=98.9375% device_global=0 rank=0 local_index=0 offset=0 count=7915000
    part[1] cum=100% share=1.0625% device_global=1 rank=0 local_index=1 offset=7915000 count=85000
    total=100%
[DCL][balance-metrics] iteration=4100
  policy=scheduled
  action=skip
  reason=static balance already attempted
  T_compute_interval_s=3.48373
  T_comm_interval_s=0
  T_balance_total_s=0
  T_rebalance_apply_s=0
  T_compute_accum_s=34.9282
  T_comm_accum_s=0
  T_balance_accum_s=0.25569
  T_rebalance_apply_accum_s=0.0892525
  device_times_s:
    part[0]=3.33357
    part[1]=3.48373
  OLD loads:
    part[0] cum=98.9375% share=98.9375% device_global=0 rank=0 local_index=0 offset=0 count=7915000
    part[1] cum=100% share=1.0625% device_global=1 rank=0 local_index=1 offset=7915000 count=85000
    total=100%
  CURRENT loads:
    part[0] cum=98.9375% share=98.9375% device_global=0 rank=0 local_index=0 offset=0 count=7915000
    part[1] cum=100% share=1.0625% device_global=1 rank=0 local_index=1 offset=7915000 count=85000
    total=100%
[DCL][balance-metrics] iteration=5100
  policy=scheduled
  action=skip
  reason=static balance already attempted
  T_compute_interval_s=3.40589
  T_comm_interval_s=0
  T_balance_total_s=0
  T_rebalance_apply_s=0
  T_compute_accum_s=38.3341
  T_comm_accum_s=0
  T_balance_accum_s=0.25569
  T_rebalance_apply_accum_s=0.0892525
  device_times_s:
    part[0]=3.40589
    part[1]=3.16874
  OLD loads:
    part[0] cum=98.9375% share=98.9375% device_global=0 rank=0 local_index=0 offset=0 count=7915000
    part[1] cum=100% share=1.0625% device_global=1 rank=0 local_index=1 offset=7915000 count=85000
    total=100%
  CURRENT loads:
    part[0] cum=98.9375% share=98.9375% device_global=0 rank=0 local_index=0 offset=0 count=7915000
    part[1] cum=100% share=1.0625% device_global=1 rank=0 local_index=1 offset=7915000 count=85000
    total=100%
[DCL][balance-metrics] iteration=6100
  policy=scheduled
  action=skip
  reason=static balance already attempted
  T_compute_interval_s=3.41571
  T_comm_interval_s=0
  T_balance_total_s=0
  T_rebalance_apply_s=0
  T_compute_accum_s=41.7498
  T_comm_accum_s=0
  T_balance_accum_s=0.25569
  T_rebalance_apply_accum_s=0.0892525
  device_times_s:
    part[0]=3.41571
    part[1]=2.91398
  OLD loads:
    part[0] cum=98.9375% share=98.9375% device_global=0 rank=0 local_index=0 offset=0 count=7915000
    part[1] cum=100% share=1.0625% device_global=1 rank=0 local_index=1 offset=7915000 count=85000
    total=100%
  CURRENT loads:
    part[0] cum=98.9375% share=98.9375% device_global=0 rank=0 local_index=0 offset=0 count=7915000
    part[1] cum=100% share=1.0625% device_global=1 rank=0 local_index=1 offset=7915000 count=85000
    total=100%
[DCL][balance-metrics] iteration=7100
  policy=scheduled
  action=skip
  reason=static balance already attempted
  T_compute_interval_s=3.4269
  T_comm_interval_s=0
  T_balance_total_s=0
  T_rebalance_apply_s=0
  T_compute_accum_s=45.1767
  T_comm_accum_s=0
  T_balance_accum_s=0.25569
  T_rebalance_apply_accum_s=0.0892525
  device_times_s:
    part[0]=3.4269
    part[1]=2.74291
  OLD loads:
    part[0] cum=98.9375% share=98.9375% device_global=0 rank=0 local_index=0 offset=0 count=7915000
    part[1] cum=100% share=1.0625% device_global=1 rank=0 local_index=1 offset=7915000 count=85000
    total=100%
  CURRENT loads:
    part[0] cum=98.9375% share=98.9375% device_global=0 rank=0 local_index=0 offset=0 count=7915000
    part[1] cum=100% share=1.0625% device_global=1 rank=0 local_index=1 offset=7915000 count=85000
    total=100%
[DCL][balance-metrics] iteration=8100
  policy=scheduled
  action=skip
  reason=static balance already attempted
  T_compute_interval_s=3.4483
  T_comm_interval_s=0
  T_balance_total_s=0
  T_rebalance_apply_s=0
  T_compute_accum_s=48.625
  T_comm_accum_s=0
  T_balance_accum_s=0.25569
  T_rebalance_apply_accum_s=0.0892525
  device_times_s:
    part[0]=3.4483
    part[1]=2.63053
  OLD loads:
    part[0] cum=98.9375% share=98.9375% device_global=0 rank=0 local_index=0 offset=0 count=7915000
    part[1] cum=100% share=1.0625% device_global=1 rank=0 local_index=1 offset=7915000 count=85000
    total=100%
  CURRENT loads:
    part[0] cum=98.9375% share=98.9375% device_global=0 rank=0 local_index=0 offset=0 count=7915000
    part[1] cum=100% share=1.0625% device_global=1 rank=0 local_index=1 offset=7915000 count=85000
    total=100%
[DCL][balance-metrics] iteration=9100
  policy=scheduled
  action=skip
  reason=static balance already attempted
  T_compute_interval_s=3.45191
  T_comm_interval_s=0
  T_balance_total_s=0
  T_rebalance_apply_s=0
  T_compute_accum_s=52.0769
  T_comm_accum_s=0
  T_balance_accum_s=0.25569
  T_rebalance_apply_accum_s=0.0892525
  device_times_s:
    part[0]=3.45191
    part[1]=2.52363
  OLD loads:
    part[0] cum=98.9375% share=98.9375% device_global=0 rank=0 local_index=0 offset=0 count=7915000
    part[1] cum=100% share=1.0625% device_global=1 rank=0 local_index=1 offset=7915000 count=85000
    total=100%
  CURRENT loads:
    part[0] cum=98.9375% share=98.9375% device_global=0 rank=0 local_index=0 offset=0 count=7915000
    part[1] cum=100% share=1.0625% device_global=1 rank=0 local_index=1 offset=7915000 count=85000
    total=100%

=== PARTICOES FINAIS ===
=== Particoes globais ===
part[0] device_global=0 rank=0 local_index=0 offset=0 count=7915000
part[1] device_global=1 rank=0 local_index=1 offset=7915000 count=85000


============================
ITERACAO 10000
Tempo de execução: 55.8125s
