=== Dispositivos locais do rank 0 ===
global=0 local=0 nome="NVIDIA RTX 2000 Ada Generation" compute_units=22
global=1 local=1 nome="Intel(R) Xeon(R) CPU           E5620  @ 2.40GHz" compute_units=16

=== Dispositivos locais do rank 2 ===
global=4 local=0 nome="NVIDIA RTX 2000 Ada Generation" compute_units=22
global=5 local=1 nome="Intel(R) Xeon(R) CPU           E5620  @ 2.40GHz" compute_units=16

=== Dispositivos locais do rank 3 ===
global=6 local=0 nome="NVIDIA RTX 2000 Ada Generation" compute_units=22
global=7 local=1 nome="Intel(R) Xeon(R) CPU           E5620  @ 2.40GHz" compute_units=16

=== Dispositivos locais do rank 1 ===
global=2 local=0 nome="NVIDIA RTX 2000 Ada Generation" compute_units=22
global=3 local=1 nome="Intel(R) Xeon(R) CPU           E5620  @ 2.40GHz" compute_units=16

=== PARTICOES INICIAIS ===
=== Particoes globais ===
part[0] device_global=0 rank=0 local_index=0 offset=0 count=1000000
part[1] device_global=1 rank=0 local_index=1 offset=1000000 count=1000000
part[2] device_global=2 rank=1 local_index=-1 offset=2000000 count=1000000
part[3] device_global=3 rank=1 local_index=-1 offset=3000000 count=1000000
part[4] device_global=4 rank=2 local_index=-1 offset=4000000 count=1000000
part[5] device_global=5 rank=2 local_index=-1 offset=5000000 count=1000000
part[6] device_global=6 rank=3 local_index=-1 offset=6000000 count=1000000
part[7] device_global=7 rank=3 local_index=-1 offset=7000000 count=1000000

X = 50 Y = 50 Z = 3200 Iterations = 10000
[DCL][balance-metrics] iteration=100
  policy=profiled
  action=rebalance
  reason=adaptive decision accepted; remaining_iterations=9900, gain_total=53.0286, migration_cost=0.0286653, max_migrated_bytes=1600000, T_comp_int_per_iter=0.00545314, T_comp_bal_per_iter=9.67122e-05
  T_compute_interval_s=5.45314
  T_comm_interval_s=5.18292
  T_balance_total_s=0.355363
  T_rebalance_apply_s=0.136034
  T_compute_accum_s=5.45314
  T_comm_accum_s=5.18292
  T_balance_accum_s=0.355363
  T_rebalance_apply_accum_s=0.136034
  device_times_s:
    part[0]=0.048828
    part[1]=3.05159
    part[2]=0.0481155
    part[3]=3.05522
    part[4]=0.0491218
    part[5]=4.27923
    part[6]=0.0497778
    part[7]=5.45314
  OLD loads:
    part[0] cum=12.5% share=12.5% device_global=0 rank=0 local_index=0 offset=0 count=1980000
    part[1] cum=25% share=12.5% device_global=1 rank=0 local_index=1 offset=1980000 count=30000
    part[2] cum=37.5% share=12.5% device_global=2 rank=1 local_index=-1 offset=2010000 count=2010000
    part[3] cum=50% share=12.5% device_global=3 rank=1 local_index=-1 offset=4020000 count=30000
    part[4] cum=62.5% share=12.5% device_global=4 rank=2 local_index=-1 offset=4050000 count=1967500
    part[5] cum=75% share=12.5% device_global=5 rank=2 local_index=-1 offset=6017500 count=22500
    part[6] cum=87.5% share=12.5% device_global=6 rank=3 local_index=-1 offset=6040000 count=1942500
    part[7] cum=100% share=12.5% device_global=7 rank=3 local_index=-1 offset=7982500 count=17500
    total=100%
  PROPOSED loads:
    part[0] cum=24.75% share=24.75% device_global=0 rank=0 local_index=0 offset=0 count=1980000
    part[1] cum=25.125% share=0.375% device_global=1 rank=0 local_index=1 offset=1980000 count=30000
    part[2] cum=50.25% share=25.125% device_global=2 rank=1 local_index=-1 offset=2010000 count=2010000
    part[3] cum=50.625% share=0.375003% device_global=3 rank=1 local_index=-1 offset=4020000 count=30000
    part[4] cum=75.2188% share=24.5937% device_global=4 rank=2 local_index=-1 offset=4050000 count=1967500
    part[5] cum=75.5% share=0.28125% device_global=5 rank=2 local_index=-1 offset=6017500 count=22500
    part[6] cum=99.7812% share=24.2813% device_global=6 rank=3 local_index=-1 offset=6040000 count=1942500
    part[7] cum=100% share=0.218749% device_global=7 rank=3 local_index=-1 offset=7982500 count=17500
    total=100%
  CURRENT loads:
    part[0] cum=24.75% share=24.75% device_global=0 rank=0 local_index=0 offset=0 count=1980000
    part[1] cum=25.125% share=0.375% device_global=1 rank=0 local_index=1 offset=1980000 count=30000
    part[2] cum=50.25% share=25.125% device_global=2 rank=1 local_index=-1 offset=2010000 count=2010000
    part[3] cum=50.625% share=0.375003% device_global=3 rank=1 local_index=-1 offset=4020000 count=30000
    part[4] cum=75.2188% share=24.5937% device_global=4 rank=2 local_index=-1 offset=4050000 count=1967500
    part[5] cum=75.5% share=0.28125% device_global=5 rank=2 local_index=-1 offset=6017500 count=22500
    part[6] cum=99.7812% share=24.2813% device_global=6 rank=3 local_index=-1 offset=6040000 count=1942500
    part[7] cum=100% share=0.218749% device_global=7 rank=3 local_index=-1 offset=7982500 count=17500
    total=100%
[DCL][balance-metrics] iteration=1100
  policy=scheduled
  action=skip
  reason=static balance already attempted
  T_compute_interval_s=1.45565
  T_comm_interval_s=4.42664
  T_balance_total_s=0
  T_rebalance_apply_s=0
  T_compute_accum_s=6.90878
  T_comm_accum_s=9.60957
  T_balance_accum_s=0.355363
  T_rebalance_apply_accum_s=0.136034
  device_times_s:
    part[0]=0.940057
    part[1]=0.913669
    part[2]=0.952471
    part[3]=1.09294
    part[4]=0.934702
    part[5]=1.45565
    part[6]=0.920861
    part[7]=1.36006
  OLD loads:
    part[0] cum=24.75% share=24.75% device_global=0 rank=0 local_index=0 offset=0 count=1980000
    part[1] cum=25.125% share=0.375% device_global=1 rank=0 local_index=1 offset=1980000 count=30000
    part[2] cum=50.25% share=25.125% device_global=2 rank=1 local_index=-1 offset=2010000 count=2010000
    part[3] cum=50.625% share=0.375003% device_global=3 rank=1 local_index=-1 offset=4020000 count=30000
    part[4] cum=75.2188% share=24.5937% device_global=4 rank=2 local_index=-1 offset=4050000 count=1967500
    part[5] cum=75.5% share=0.28125% device_global=5 rank=2 local_index=-1 offset=6017500 count=22500
    part[6] cum=99.7812% share=24.2813% device_global=6 rank=3 local_index=-1 offset=6040000 count=1942500
    part[7] cum=100% share=0.218749% device_global=7 rank=3 local_index=-1 offset=7982500 count=17500
    total=100%
  CURRENT loads:
    part[0] cum=24.75% share=24.75% device_global=0 rank=0 local_index=0 offset=0 count=1980000
    part[1] cum=25.125% share=0.375% device_global=1 rank=0 local_index=1 offset=1980000 count=30000
    part[2] cum=50.25% share=25.125% device_global=2 rank=1 local_index=-1 offset=2010000 count=2010000
    part[3] cum=50.625% share=0.375003% device_global=3 rank=1 local_index=-1 offset=4020000 count=30000
    part[4] cum=75.2188% share=24.5937% device_global=4 rank=2 local_index=-1 offset=4050000 count=1967500
    part[5] cum=75.5% share=0.28125% device_global=5 rank=2 local_index=-1 offset=6017500 count=22500
    part[6] cum=99.7812% share=24.2813% device_global=6 rank=3 local_index=-1 offset=6040000 count=1942500
    part[7] cum=100% share=0.218749% device_global=7 rank=3 local_index=-1 offset=7982500 count=17500
    total=100%
[DCL][balance-metrics] iteration=2100
  policy=scheduled
  action=skip
  reason=static balance already attempted
  T_compute_interval_s=1.25693
  T_comm_interval_s=4.40406
  T_balance_total_s=0
  T_rebalance_apply_s=0
  T_compute_accum_s=8.16571
  T_comm_accum_s=14.0136
  T_balance_accum_s=0.355363
  T_rebalance_apply_accum_s=0.136034
  device_times_s:
    part[0]=0.939997
    part[1]=0.887256
    part[2]=0.95195
    part[3]=0.938584
    part[4]=0.934158
    part[5]=1.07086
    part[6]=0.921135
    part[7]=1.25693
  OLD loads:
    part[0] cum=24.75% share=24.75% device_global=0 rank=0 local_index=0 offset=0 count=1980000
    part[1] cum=25.125% share=0.375% device_global=1 rank=0 local_index=1 offset=1980000 count=30000
    part[2] cum=50.25% share=25.125% device_global=2 rank=1 local_index=-1 offset=2010000 count=2010000
    part[3] cum=50.625% share=0.375003% device_global=3 rank=1 local_index=-1 offset=4020000 count=30000
    part[4] cum=75.2188% share=24.5937% device_global=4 rank=2 local_index=-1 offset=4050000 count=1967500
    part[5] cum=75.5% share=0.28125% device_global=5 rank=2 local_index=-1 offset=6017500 count=22500
    part[6] cum=99.7812% share=24.2813% device_global=6 rank=3 local_index=-1 offset=6040000 count=1942500
    part[7] cum=100% share=0.218749% device_global=7 rank=3 local_index=-1 offset=7982500 count=17500
    total=100%
  CURRENT loads:
    part[0] cum=24.75% share=24.75% device_global=0 rank=0 local_index=0 offset=0 count=1980000
    part[1] cum=25.125% share=0.375% device_global=1 rank=0 local_index=1 offset=1980000 count=30000
    part[2] cum=50.25% share=25.125% device_global=2 rank=1 local_index=-1 offset=2010000 count=2010000
    part[3] cum=50.625% share=0.375003% device_global=3 rank=1 local_index=-1 offset=4020000 count=30000
    part[4] cum=75.2188% share=24.5937% device_global=4 rank=2 local_index=-1 offset=4050000 count=1967500
    part[5] cum=75.5% share=0.28125% device_global=5 rank=2 local_index=-1 offset=6017500 count=22500
    part[6] cum=99.7812% share=24.2813% device_global=6 rank=3 local_index=-1 offset=6040000 count=1942500
    part[7] cum=100% share=0.218749% device_global=7 rank=3 local_index=-1 offset=7982500 count=17500
    total=100%
[DCL][balance-metrics] iteration=3100
  policy=scheduled
  action=skip
  reason=static balance already attempted
  T_compute_interval_s=1.04227
  T_comm_interval_s=4.45008
  T_balance_total_s=0
  T_rebalance_apply_s=0
  T_compute_accum_s=9.20798
  T_comm_accum_s=18.4637
  T_balance_accum_s=0.355363
  T_rebalance_apply_accum_s=0.136034
  device_times_s:
    part[0]=0.939206
    part[1]=0.869307
    part[2]=0.951825
    part[3]=0.905335
    part[4]=0.93366
    part[5]=0.884811
    part[6]=0.920584
    part[7]=1.04227
  OLD loads:
    part[0] cum=24.75% share=24.75% device_global=0 rank=0 local_index=0 offset=0 count=1980000
    part[1] cum=25.125% share=0.375% device_global=1 rank=0 local_index=1 offset=1980000 count=30000
    part[2] cum=50.25% share=25.125% device_global=2 rank=1 local_index=-1 offset=2010000 count=2010000
    part[3] cum=50.625% share=0.375003% device_global=3 rank=1 local_index=-1 offset=4020000 count=30000
    part[4] cum=75.2188% share=24.5937% device_global=4 rank=2 local_index=-1 offset=4050000 count=1967500
    part[5] cum=75.5% share=0.28125% device_global=5 rank=2 local_index=-1 offset=6017500 count=22500
    part[6] cum=99.7812% share=24.2813% device_global=6 rank=3 local_index=-1 offset=6040000 count=1942500
    part[7] cum=100% share=0.218749% device_global=7 rank=3 local_index=-1 offset=7982500 count=17500
    total=100%
  CURRENT loads:
    part[0] cum=24.75% share=24.75% device_global=0 rank=0 local_index=0 offset=0 count=1980000
    part[1] cum=25.125% share=0.375% device_global=1 rank=0 local_index=1 offset=1980000 count=30000
    part[2] cum=50.25% share=25.125% device_global=2 rank=1 local_index=-1 offset=2010000 count=2010000
    part[3] cum=50.625% share=0.375003% device_global=3 rank=1 local_index=-1 offset=4020000 count=30000
    part[4] cum=75.2188% share=24.5937% device_global=4 rank=2 local_index=-1 offset=4050000 count=1967500
    part[5] cum=75.5% share=0.28125% device_global=5 rank=2 local_index=-1 offset=6017500 count=22500
    part[6] cum=99.7812% share=24.2813% device_global=6 rank=3 local_index=-1 offset=6040000 count=1942500
    part[7] cum=100% share=0.218749% device_global=7 rank=3 local_index=-1 offset=7982500 count=17500
    total=100%
[DCL][balance-metrics] iteration=4100
  policy=scheduled
  action=skip
  reason=static balance already attempted
  T_compute_interval_s=0.951489
  T_comm_interval_s=4.46242
  T_balance_total_s=0
  T_rebalance_apply_s=0
  T_compute_accum_s=10.1595
  T_comm_accum_s=22.9261
  T_balance_accum_s=0.355363
  T_rebalance_apply_accum_s=0.136034
  device_times_s:
    part[0]=0.939309
    part[1]=0.87189
    part[2]=0.951489
    part[3]=0.893327
    part[4]=0.933589
    part[5]=0.822292
    part[6]=0.920774
    part[7]=0.852388
  OLD loads:
    part[0] cum=24.75% share=24.75% device_global=0 rank=0 local_index=0 offset=0 count=1980000
    part[1] cum=25.125% share=0.375% device_global=1 rank=0 local_index=1 offset=1980000 count=30000
    part[2] cum=50.25% share=25.125% device_global=2 rank=1 local_index=-1 offset=2010000 count=2010000
    part[3] cum=50.625% share=0.375003% device_global=3 rank=1 local_index=-1 offset=4020000 count=30000
    part[4] cum=75.2188% share=24.5937% device_global=4 rank=2 local_index=-1 offset=4050000 count=1967500
    part[5] cum=75.5% share=0.28125% device_global=5 rank=2 local_index=-1 offset=6017500 count=22500
    part[6] cum=99.7812% share=24.2813% device_global=6 rank=3 local_index=-1 offset=6040000 count=1942500
    part[7] cum=100% share=0.218749% device_global=7 rank=3 local_index=-1 offset=7982500 count=17500
    total=100%
  CURRENT loads:
    part[0] cum=24.75% share=24.75% device_global=0 rank=0 local_index=0 offset=0 count=1980000
    part[1] cum=25.125% share=0.375% device_global=1 rank=0 local_index=1 offset=1980000 count=30000
    part[2] cum=50.25% share=25.125% device_global=2 rank=1 local_index=-1 offset=2010000 count=2010000
    part[3] cum=50.625% share=0.375003% device_global=3 rank=1 local_index=-1 offset=4020000 count=30000
    part[4] cum=75.2188% share=24.5937% device_global=4 rank=2 local_index=-1 offset=4050000 count=1967500
    part[5] cum=75.5% share=0.28125% device_global=5 rank=2 local_index=-1 offset=6017500 count=22500
    part[6] cum=99.7812% share=24.2813% device_global=6 rank=3 local_index=-1 offset=6040000 count=1942500
    part[7] cum=100% share=0.218749% device_global=7 rank=3 local_index=-1 offset=7982500 count=17500
    total=100%
[DCL][balance-metrics] iteration=5100
  policy=scheduled
  action=skip
  reason=static balance already attempted
  T_compute_interval_s=0.95315
  T_comm_interval_s=4.49291
  T_balance_total_s=0
  T_rebalance_apply_s=0
  T_compute_accum_s=11.1126
  T_comm_accum_s=27.419
  T_balance_accum_s=0.355363
  T_rebalance_apply_accum_s=0.136034
  device_times_s:
    part[0]=0.939312
    part[1]=0.870843
    part[2]=0.95315
    part[3]=0.890644
    part[4]=0.935424
    part[5]=0.796856
    part[6]=0.920935
    part[7]=0.771961
  OLD loads:
    part[0] cum=24.75% share=24.75% device_global=0 rank=0 local_index=0 offset=0 count=1980000
    part[1] cum=25.125% share=0.375% device_global=1 rank=0 local_index=1 offset=1980000 count=30000
    part[2] cum=50.25% share=25.125% device_global=2 rank=1 local_index=-1 offset=2010000 count=2010000
    part[3] cum=50.625% share=0.375003% device_global=3 rank=1 local_index=-1 offset=4020000 count=30000
    part[4] cum=75.2188% share=24.5937% device_global=4 rank=2 local_index=-1 offset=4050000 count=1967500
    part[5] cum=75.5% share=0.28125% device_global=5 rank=2 local_index=-1 offset=6017500 count=22500
    part[6] cum=99.7812% share=24.2813% device_global=6 rank=3 local_index=-1 offset=6040000 count=1942500
    part[7] cum=100% share=0.218749% device_global=7 rank=3 local_index=-1 offset=7982500 count=17500
    total=100%
  CURRENT loads:
    part[0] cum=24.75% share=24.75% device_global=0 rank=0 local_index=0 offset=0 count=1980000
    part[1] cum=25.125% share=0.375% device_global=1 rank=0 local_index=1 offset=1980000 count=30000
    part[2] cum=50.25% share=25.125% device_global=2 rank=1 local_index=-1 offset=2010000 count=2010000
    part[3] cum=50.625% share=0.375003% device_global=3 rank=1 local_index=-1 offset=4020000 count=30000
    part[4] cum=75.2188% share=24.5937% device_global=4 rank=2 local_index=-1 offset=4050000 count=1967500
    part[5] cum=75.5% share=0.28125% device_global=5 rank=2 local_index=-1 offset=6017500 count=22500
    part[6] cum=99.7812% share=24.2813% device_global=6 rank=3 local_index=-1 offset=6040000 count=1942500
    part[7] cum=100% share=0.218749% device_global=7 rank=3 local_index=-1 offset=7982500 count=17500
    total=100%
[DCL][balance-metrics] iteration=6100
  policy=scheduled
  action=skip
  reason=static balance already attempted
  T_compute_interval_s=0.951646
  T_comm_interval_s=4.46329
  T_balance_total_s=0
  T_rebalance_apply_s=0
  T_compute_accum_s=12.0643
  T_comm_accum_s=31.8823
  T_balance_accum_s=0.355363
  T_rebalance_apply_accum_s=0.136034
  device_times_s:
    part[0]=0.939392
    part[1]=0.875618
    part[2]=0.951646
    part[3]=0.88304
    part[4]=0.934089
    part[5]=0.778012
    part[6]=0.921038
    part[7]=0.723385
  OLD loads:
    part[0] cum=24.75% share=24.75% device_global=0 rank=0 local_index=0 offset=0 count=1980000
    part[1] cum=25.125% share=0.375% device_global=1 rank=0 local_index=1 offset=1980000 count=30000
    part[2] cum=50.25% share=25.125% device_global=2 rank=1 local_index=-1 offset=2010000 count=2010000
    part[3] cum=50.625% share=0.375003% device_global=3 rank=1 local_index=-1 offset=4020000 count=30000
    part[4] cum=75.2188% share=24.5937% device_global=4 rank=2 local_index=-1 offset=4050000 count=1967500
    part[5] cum=75.5% share=0.28125% device_global=5 rank=2 local_index=-1 offset=6017500 count=22500
    part[6] cum=99.7812% share=24.2813% device_global=6 rank=3 local_index=-1 offset=6040000 count=1942500
    part[7] cum=100% share=0.218749% device_global=7 rank=3 local_index=-1 offset=7982500 count=17500
    total=100%
  CURRENT loads:
    part[0] cum=24.75% share=24.75% device_global=0 rank=0 local_index=0 offset=0 count=1980000
    part[1] cum=25.125% share=0.375% device_global=1 rank=0 local_index=1 offset=1980000 count=30000
    part[2] cum=50.25% share=25.125% device_global=2 rank=1 local_index=-1 offset=2010000 count=2010000
    part[3] cum=50.625% share=0.375003% device_global=3 rank=1 local_index=-1 offset=4020000 count=30000
    part[4] cum=75.2188% share=24.5937% device_global=4 rank=2 local_index=-1 offset=4050000 count=1967500
    part[5] cum=75.5% share=0.28125% device_global=5 rank=2 local_index=-1 offset=6017500 count=22500
    part[6] cum=99.7812% share=24.2813% device_global=6 rank=3 local_index=-1 offset=6040000 count=1942500
    part[7] cum=100% share=0.218749% device_global=7 rank=3 local_index=-1 offset=7982500 count=17500
    total=100%
[DCL][balance-metrics] iteration=7100
  policy=scheduled
  action=skip
  reason=static balance already attempted
  T_compute_interval_s=0.951986
  T_comm_interval_s=4.47074
  T_balance_total_s=0
  T_rebalance_apply_s=0
  T_compute_accum_s=13.0163
  T_comm_accum_s=36.3531
  T_balance_accum_s=0.355363
  T_rebalance_apply_accum_s=0.136034
  device_times_s:
    part[0]=0.939008
    part[1]=0.872223
    part[2]=0.951986
    part[3]=0.885177
    part[4]=0.934278
    part[5]=0.766131
    part[6]=0.920491
    part[7]=0.682287
  OLD loads:
    part[0] cum=24.75% share=24.75% device_global=0 rank=0 local_index=0 offset=0 count=1980000
    part[1] cum=25.125% share=0.375% device_global=1 rank=0 local_index=1 offset=1980000 count=30000
    part[2] cum=50.25% share=25.125% device_global=2 rank=1 local_index=-1 offset=2010000 count=2010000
    part[3] cum=50.625% share=0.375003% device_global=3 rank=1 local_index=-1 offset=4020000 count=30000
    part[4] cum=75.2188% share=24.5937% device_global=4 rank=2 local_index=-1 offset=4050000 count=1967500
    part[5] cum=75.5% share=0.28125% device_global=5 rank=2 local_index=-1 offset=6017500 count=22500
    part[6] cum=99.7812% share=24.2813% device_global=6 rank=3 local_index=-1 offset=6040000 count=1942500
    part[7] cum=100% share=0.218749% device_global=7 rank=3 local_index=-1 offset=7982500 count=17500
    total=100%
  CURRENT loads:
    part[0] cum=24.75% share=24.75% device_global=0 rank=0 local_index=0 offset=0 count=1980000
    part[1] cum=25.125% share=0.375% device_global=1 rank=0 local_index=1 offset=1980000 count=30000
    part[2] cum=50.25% share=25.125% device_global=2 rank=1 local_index=-1 offset=2010000 count=2010000
    part[3] cum=50.625% share=0.375003% device_global=3 rank=1 local_index=-1 offset=4020000 count=30000
    part[4] cum=75.2188% share=24.5937% device_global=4 rank=2 local_index=-1 offset=4050000 count=1967500
    part[5] cum=75.5% share=0.28125% device_global=5 rank=2 local_index=-1 offset=6017500 count=22500
    part[6] cum=99.7812% share=24.2813% device_global=6 rank=3 local_index=-1 offset=6040000 count=1942500
    part[7] cum=100% share=0.218749% device_global=7 rank=3 local_index=-1 offset=7982500 count=17500
    total=100%
[DCL][balance-metrics] iteration=8100
  policy=scheduled
  action=skip
  reason=static balance already attempted
  T_compute_interval_s=0.951758
  T_comm_interval_s=4.48719
  T_balance_total_s=0
  T_rebalance_apply_s=0
  T_compute_accum_s=13.968
  T_comm_accum_s=40.8403
  T_balance_accum_s=0.355363
  T_rebalance_apply_accum_s=0.136034
  device_times_s:
    part[0]=0.939717
    part[1]=0.882597
    part[2]=0.951758
    part[3]=0.877813
    part[4]=0.93423
    part[5]=0.742122
    part[6]=0.921013
    part[7]=0.66772
  OLD loads:
    part[0] cum=24.75% share=24.75% device_global=0 rank=0 local_index=0 offset=0 count=1980000
    part[1] cum=25.125% share=0.375% device_global=1 rank=0 local_index=1 offset=1980000 count=30000
    part[2] cum=50.25% share=25.125% device_global=2 rank=1 local_index=-1 offset=2010000 count=2010000
    part[3] cum=50.625% share=0.375003% device_global=3 rank=1 local_index=-1 offset=4020000 count=30000
    part[4] cum=75.2188% share=24.5937% device_global=4 rank=2 local_index=-1 offset=4050000 count=1967500
    part[5] cum=75.5% share=0.28125% device_global=5 rank=2 local_index=-1 offset=6017500 count=22500
    part[6] cum=99.7812% share=24.2813% device_global=6 rank=3 local_index=-1 offset=6040000 count=1942500
    part[7] cum=100% share=0.218749% device_global=7 rank=3 local_index=-1 offset=7982500 count=17500
    total=100%
  CURRENT loads:
    part[0] cum=24.75% share=24.75% device_global=0 rank=0 local_index=0 offset=0 count=1980000
    part[1] cum=25.125% share=0.375% device_global=1 rank=0 local_index=1 offset=1980000 count=30000
    part[2] cum=50.25% share=25.125% device_global=2 rank=1 local_index=-1 offset=2010000 count=2010000
    part[3] cum=50.625% share=0.375003% device_global=3 rank=1 local_index=-1 offset=4020000 count=30000
    part[4] cum=75.2188% share=24.5937% device_global=4 rank=2 local_index=-1 offset=4050000 count=1967500
    part[5] cum=75.5% share=0.28125% device_global=5 rank=2 local_index=-1 offset=6017500 count=22500
    part[6] cum=99.7812% share=24.2813% device_global=6 rank=3 local_index=-1 offset=6040000 count=1942500
    part[7] cum=100% share=0.218749% device_global=7 rank=3 local_index=-1 offset=7982500 count=17500
    total=100%
[DCL][balance-metrics] iteration=9100
  policy=scheduled
  action=skip
  reason=static balance already attempted
  T_compute_interval_s=0.951747
  T_comm_interval_s=4.43818
  T_balance_total_s=0
  T_rebalance_apply_s=0
  T_compute_accum_s=14.9198
  T_comm_accum_s=45.2784
  T_balance_accum_s=0.355363
  T_rebalance_apply_accum_s=0.136034
  device_times_s:
    part[0]=0.939013
    part[1]=0.878145
    part[2]=0.951747
    part[3]=0.876263
    part[4]=0.934002
    part[5]=0.725522
    part[6]=0.9208
    part[7]=0.64073
  OLD loads:
    part[0] cum=24.75% share=24.75% device_global=0 rank=0 local_index=0 offset=0 count=1980000
    part[1] cum=25.125% share=0.375% device_global=1 rank=0 local_index=1 offset=1980000 count=30000
    part[2] cum=50.25% share=25.125% device_global=2 rank=1 local_index=-1 offset=2010000 count=2010000
    part[3] cum=50.625% share=0.375003% device_global=3 rank=1 local_index=-1 offset=4020000 count=30000
    part[4] cum=75.2188% share=24.5937% device_global=4 rank=2 local_index=-1 offset=4050000 count=1967500
    part[5] cum=75.5% share=0.28125% device_global=5 rank=2 local_index=-1 offset=6017500 count=22500
    part[6] cum=99.7812% share=24.2813% device_global=6 rank=3 local_index=-1 offset=6040000 count=1942500
    part[7] cum=100% share=0.218749% device_global=7 rank=3 local_index=-1 offset=7982500 count=17500
    total=100%
  CURRENT loads:
    part[0] cum=24.75% share=24.75% device_global=0 rank=0 local_index=0 offset=0 count=1980000
    part[1] cum=25.125% share=0.375% device_global=1 rank=0 local_index=1 offset=1980000 count=30000
    part[2] cum=50.25% share=25.125% device_global=2 rank=1 local_index=-1 offset=2010000 count=2010000
    part[3] cum=50.625% share=0.375003% device_global=3 rank=1 local_index=-1 offset=4020000 count=30000
    part[4] cum=75.2188% share=24.5937% device_global=4 rank=2 local_index=-1 offset=4050000 count=1967500
    part[5] cum=75.5% share=0.28125% device_global=5 rank=2 local_index=-1 offset=6017500 count=22500
    part[6] cum=99.7812% share=24.2813% device_global=6 rank=3 local_index=-1 offset=6040000 count=1942500
    part[7] cum=100% share=0.218749% device_global=7 rank=3 local_index=-1 offset=7982500 count=17500
    total=100%

=== PARTICOES FINAIS ===
=== Particoes globais ===
part[0] device_global=0 rank=0 local_index=0 offset=0 count=1980000
part[1] device_global=1 rank=0 local_index=1 offset=1980000 count=30000
part[2] device_global=2 rank=1 local_index=-1 offset=2010000 count=2010000
part[3] device_global=3 rank=1 local_index=-1 offset=4020000 count=30000
part[4] device_global=4 rank=2 local_index=-1 offset=4050000 count=1967500
part[5] device_global=5 rank=2 local_index=-1 offset=6017500 count=22500
part[6] device_global=6 rank=3 local_index=-1 offset=6040000 count=1942500
part[7] device_global=7 rank=3 local_index=-1 offset=7982500 count=17500


============================
ITERACAO 10000
Tempo de execução: 57.6843s
