=== Dispositivos locais do rank 0 ===
global=0 local=0 nome="NVIDIA RTX 2000 Ada Generation" compute_units=22
global=1 local=1 nome="Intel(R) Xeon(R) CPU           E5620  @ 2.40GHz" compute_units=16

=== Dispositivos locais do rank 2 ===
global=4 local=0 nome="NVIDIA RTX 2000 Ada Generation" compute_units=22
global=5 local=1 nome="Intel(R) Xeon(R) CPU           E5620  @ 2.40GHz" compute_units=16

=== Dispositivos locais do rank 3 ===
global=6 local=0 nome="NVIDIA RTX 2000 Ada Generation" compute_units=22
global=7 local=1 nome="Intel(R) Xeon(R) CPU           E5620  @ 2.40GHz" compute_units=16

=== Dispositivos locais do rank 1 ===
global=2 local=0 nome="NVIDIA RTX 2000 Ada Generation" compute_units=22
global=3 local=1 nome="Intel(R) Xeon(R) CPU           E5620  @ 2.40GHz" compute_units=16

=== PARTICOES INICIAIS ===
=== Particoes globais ===
part[0] device_global=0 rank=0 local_index=0 offset=0 count=1000000
part[1] device_global=1 rank=0 local_index=1 offset=1000000 count=1000000
part[2] device_global=2 rank=1 local_index=-1 offset=2000000 count=1000000
part[3] device_global=3 rank=1 local_index=-1 offset=3000000 count=1000000
part[4] device_global=4 rank=2 local_index=-1 offset=4000000 count=1000000
part[5] device_global=5 rank=2 local_index=-1 offset=5000000 count=1000000
part[6] device_global=6 rank=3 local_index=-1 offset=6000000 count=1000000
part[7] device_global=7 rank=3 local_index=-1 offset=7000000 count=1000000

X = 50 Y = 50 Z = 3200 Iterations = 10000
[DCL][balance-metrics] iteration=100
  policy=profiled
  action=rebalance
  reason=adaptive decision accepted; remaining_iterations=9900, gain_total=52.4951, migration_cost=0.021835, max_migrated_bytes=1200000, T_comp_int_per_iter=0.00540189, T_comp_bal_per_iter=9.93491e-05
  T_compute_interval_s=5.40189
  T_comm_interval_s=5.19385
  T_balance_total_s=0.302373
  T_rebalance_apply_s=0.0834827
  T_compute_accum_s=5.40189
  T_comm_accum_s=5.19385
  T_balance_accum_s=0.302373
  T_rebalance_apply_accum_s=0.0834827
  device_times_s:
    part[0]=0.0486669
    part[1]=3.01524
    part[2]=0.0480422
    part[3]=3.0569
    part[4]=0.0492806
    part[5]=4.31873
    part[6]=0.0486579
    part[7]=5.40189
  OLD loads:
    part[0] cum=12.5% share=12.5% device_global=0 rank=0 local_index=0 offset=0 count=1975000
    part[1] cum=25% share=12.5% device_global=1 rank=0 local_index=1 offset=1975000 count=30000
    part[2] cum=37.5% share=12.5% device_global=2 rank=1 local_index=-1 offset=2005000 count=2000000
    part[3] cum=50% share=12.5% device_global=3 rank=1 local_index=-1 offset=4005000 count=32500
    part[4] cum=62.5% share=12.5% device_global=4 rank=2 local_index=-1 offset=4037500 count=1947500
    part[5] cum=75% share=12.5% device_global=5 rank=2 local_index=-1 offset=5985000 count=22500
    part[6] cum=87.5% share=12.5% device_global=6 rank=3 local_index=-1 offset=6007500 count=1975000
    part[7] cum=100% share=12.5% device_global=7 rank=3 local_index=-1 offset=7982500 count=17500
    total=100%
  PROPOSED loads:
    part[0] cum=24.6875% share=24.6875% device_global=0 rank=0 local_index=0 offset=0 count=1975000
    part[1] cum=25.0625% share=0.375001% device_global=1 rank=0 local_index=1 offset=1975000 count=30000
    part[2] cum=50.0625% share=25% device_global=2 rank=1 local_index=-1 offset=2005000 count=2000000
    part[3] cum=50.4688% share=0.406247% device_global=3 rank=1 local_index=-1 offset=4005000 count=32500
    part[4] cum=74.8125% share=24.3438% device_global=4 rank=2 local_index=-1 offset=4037500 count=1947500
    part[5] cum=75.0938% share=0.28125% device_global=5 rank=2 local_index=-1 offset=5985000 count=22500
    part[6] cum=99.7812% share=24.6875% device_global=6 rank=3 local_index=-1 offset=6007500 count=1975000
    part[7] cum=100% share=0.218749% device_global=7 rank=3 local_index=-1 offset=7982500 count=17500
    total=100%
  CURRENT loads:
    part[0] cum=24.6875% share=24.6875% device_global=0 rank=0 local_index=0 offset=0 count=1975000
    part[1] cum=25.0625% share=0.375001% device_global=1 rank=0 local_index=1 offset=1975000 count=30000
    part[2] cum=50.0625% share=25% device_global=2 rank=1 local_index=-1 offset=2005000 count=2000000
    part[3] cum=50.4688% share=0.406247% device_global=3 rank=1 local_index=-1 offset=4005000 count=32500
    part[4] cum=74.8125% share=24.3438% device_global=4 rank=2 local_index=-1 offset=4037500 count=1947500
    part[5] cum=75.0938% share=0.28125% device_global=5 rank=2 local_index=-1 offset=5985000 count=22500
    part[6] cum=99.7812% share=24.6875% device_global=6 rank=3 local_index=-1 offset=6007500 count=1975000
    part[7] cum=100% share=0.218749% device_global=7 rank=3 local_index=-1 offset=7982500 count=17500
    total=100%
[DCL][balance-metrics] iteration=1100
  policy=scheduled
  action=skip
  reason=static balance already attempted
  T_compute_interval_s=1.41718
  T_comm_interval_s=4.28823
  T_balance_total_s=0
  T_rebalance_apply_s=0
  T_compute_accum_s=6.81906
  T_comm_accum_s=9.48208
  T_balance_accum_s=0.302373
  T_rebalance_apply_accum_s=0.0834827
  device_times_s:
    part[0]=0.938221
    part[1]=0.925107
    part[2]=0.947371
    part[3]=1.15797
    part[4]=0.925606
    part[5]=1.41718
    part[6]=0.9369
    part[7]=1.3752
  OLD loads:
    part[0] cum=24.6875% share=24.6875% device_global=0 rank=0 local_index=0 offset=0 count=1975000
    part[1] cum=25.0625% share=0.375001% device_global=1 rank=0 local_index=1 offset=1975000 count=30000
    part[2] cum=50.0625% share=25% device_global=2 rank=1 local_index=-1 offset=2005000 count=2000000
    part[3] cum=50.4688% share=0.406247% device_global=3 rank=1 local_index=-1 offset=4005000 count=32500
    part[4] cum=74.8125% share=24.3438% device_global=4 rank=2 local_index=-1 offset=4037500 count=1947500
    part[5] cum=75.0938% share=0.28125% device_global=5 rank=2 local_index=-1 offset=5985000 count=22500
    part[6] cum=99.7812% share=24.6875% device_global=6 rank=3 local_index=-1 offset=6007500 count=1975000
    part[7] cum=100% share=0.218749% device_global=7 rank=3 local_index=-1 offset=7982500 count=17500
    total=100%
  CURRENT loads:
    part[0] cum=24.6875% share=24.6875% device_global=0 rank=0 local_index=0 offset=0 count=1975000
    part[1] cum=25.0625% share=0.375001% device_global=1 rank=0 local_index=1 offset=1975000 count=30000
    part[2] cum=50.0625% share=25% device_global=2 rank=1 local_index=-1 offset=2005000 count=2000000
    part[3] cum=50.4688% share=0.406247% device_global=3 rank=1 local_index=-1 offset=4005000 count=32500
    part[4] cum=74.8125% share=24.3438% device_global=4 rank=2 local_index=-1 offset=4037500 count=1947500
    part[5] cum=75.0938% share=0.28125% device_global=5 rank=2 local_index=-1 offset=5985000 count=22500
    part[6] cum=99.7812% share=24.6875% device_global=6 rank=3 local_index=-1 offset=6007500 count=1975000
    part[7] cum=100% share=0.218749% device_global=7 rank=3 local_index=-1 offset=7982500 count=17500
    total=100%
[DCL][balance-metrics] iteration=2100
  policy=scheduled
  action=skip
  reason=static balance already attempted
  T_compute_interval_s=1.24576
  T_comm_interval_s=4.29003
  T_balance_total_s=0
  T_rebalance_apply_s=0
  T_compute_accum_s=8.06482
  T_comm_accum_s=13.7721
  T_balance_accum_s=0.302373
  T_rebalance_apply_accum_s=0.0834827
  device_times_s:
    part[0]=0.93756
    part[1]=0.891925
    part[2]=0.946581
    part[3]=0.987009
    part[4]=0.925533
    part[5]=1.06181
    part[6]=0.935344
    part[7]=1.24576
  OLD loads:
    part[0] cum=24.6875% share=24.6875% device_global=0 rank=0 local_index=0 offset=0 count=1975000
    part[1] cum=25.0625% share=0.375001% device_global=1 rank=0 local_index=1 offset=1975000 count=30000
    part[2] cum=50.0625% share=25% device_global=2 rank=1 local_index=-1 offset=2005000 count=2000000
    part[3] cum=50.4688% share=0.406247% device_global=3 rank=1 local_index=-1 offset=4005000 count=32500
    part[4] cum=74.8125% share=24.3438% device_global=4 rank=2 local_index=-1 offset=4037500 count=1947500
    part[5] cum=75.0938% share=0.28125% device_global=5 rank=2 local_index=-1 offset=5985000 count=22500
    part[6] cum=99.7812% share=24.6875% device_global=6 rank=3 local_index=-1 offset=6007500 count=1975000
    part[7] cum=100% share=0.218749% device_global=7 rank=3 local_index=-1 offset=7982500 count=17500
    total=100%
  CURRENT loads:
    part[0] cum=24.6875% share=24.6875% device_global=0 rank=0 local_index=0 offset=0 count=1975000
    part[1] cum=25.0625% share=0.375001% device_global=1 rank=0 local_index=1 offset=1975000 count=30000
    part[2] cum=50.0625% share=25% device_global=2 rank=1 local_index=-1 offset=2005000 count=2000000
    part[3] cum=50.4688% share=0.406247% device_global=3 rank=1 local_index=-1 offset=4005000 count=32500
    part[4] cum=74.8125% share=24.3438% device_global=4 rank=2 local_index=-1 offset=4037500 count=1947500
    part[5] cum=75.0938% share=0.28125% device_global=5 rank=2 local_index=-1 offset=5985000 count=22500
    part[6] cum=99.7812% share=24.6875% device_global=6 rank=3 local_index=-1 offset=6007500 count=1975000
    part[7] cum=100% share=0.218749% device_global=7 rank=3 local_index=-1 offset=7982500 count=17500
    total=100%
[DCL][balance-metrics] iteration=3100
  policy=scheduled
  action=skip
  reason=static balance already attempted
  T_compute_interval_s=1.04587
  T_comm_interval_s=4.34392
  T_balance_total_s=0
  T_rebalance_apply_s=0
  T_compute_accum_s=9.11069
  T_comm_accum_s=18.116
  T_balance_accum_s=0.302373
  T_rebalance_apply_accum_s=0.0834827
  device_times_s:
    part[0]=0.937662
    part[1]=0.874588
    part[2]=0.94672
    part[3]=0.959501
    part[4]=0.925549
    part[5]=0.882192
    part[6]=0.935625
    part[7]=1.04587
  OLD loads:
    part[0] cum=24.6875% share=24.6875% device_global=0 rank=0 local_index=0 offset=0 count=1975000
    part[1] cum=25.0625% share=0.375001% device_global=1 rank=0 local_index=1 offset=1975000 count=30000
    part[2] cum=50.0625% share=25% device_global=2 rank=1 local_index=-1 offset=2005000 count=2000000
    part[3] cum=50.4688% share=0.406247% device_global=3 rank=1 local_index=-1 offset=4005000 count=32500
    part[4] cum=74.8125% share=24.3438% device_global=4 rank=2 local_index=-1 offset=4037500 count=1947500
    part[5] cum=75.0938% share=0.28125% device_global=5 rank=2 local_index=-1 offset=5985000 count=22500
    part[6] cum=99.7812% share=24.6875% device_global=6 rank=3 local_index=-1 offset=6007500 count=1975000
    part[7] cum=100% share=0.218749% device_global=7 rank=3 local_index=-1 offset=7982500 count=17500
    total=100%
  CURRENT loads:
    part[0] cum=24.6875% share=24.6875% device_global=0 rank=0 local_index=0 offset=0 count=1975000
    part[1] cum=25.0625% share=0.375001% device_global=1 rank=0 local_index=1 offset=1975000 count=30000
    part[2] cum=50.0625% share=25% device_global=2 rank=1 local_index=-1 offset=2005000 count=2000000
    part[3] cum=50.4688% share=0.406247% device_global=3 rank=1 local_index=-1 offset=4005000 count=32500
    part[4] cum=74.8125% share=24.3438% device_global=4 rank=2 local_index=-1 offset=4037500 count=1947500
    part[5] cum=75.0938% share=0.28125% device_global=5 rank=2 local_index=-1 offset=5985000 count=22500
    part[6] cum=99.7812% share=24.6875% device_global=6 rank=3 local_index=-1 offset=6007500 count=1975000
    part[7] cum=100% share=0.218749% device_global=7 rank=3 local_index=-1 offset=7982500 count=17500
    total=100%
[DCL][balance-metrics] iteration=4100
  policy=scheduled
  action=skip
  reason=static balance already attempted
  T_compute_interval_s=0.946633
  T_comm_interval_s=4.42527
  T_balance_total_s=0
  T_rebalance_apply_s=0
  T_compute_accum_s=10.0573
  T_comm_accum_s=22.5413
  T_balance_accum_s=0.302373
  T_rebalance_apply_accum_s=0.0834827
  device_times_s:
    part[0]=0.937
    part[1]=0.879772
    part[2]=0.946633
    part[3]=0.945122
    part[4]=0.925596
    part[5]=0.806001
    part[6]=0.936127
    part[7]=0.865896
  OLD loads:
    part[0] cum=24.6875% share=24.6875% device_global=0 rank=0 local_index=0 offset=0 count=1975000
    part[1] cum=25.0625% share=0.375001% device_global=1 rank=0 local_index=1 offset=1975000 count=30000
    part[2] cum=50.0625% share=25% device_global=2 rank=1 local_index=-1 offset=2005000 count=2000000
    part[3] cum=50.4688% share=0.406247% device_global=3 rank=1 local_index=-1 offset=4005000 count=32500
    part[4] cum=74.8125% share=24.3438% device_global=4 rank=2 local_index=-1 offset=4037500 count=1947500
    part[5] cum=75.0938% share=0.28125% device_global=5 rank=2 local_index=-1 offset=5985000 count=22500
    part[6] cum=99.7812% share=24.6875% device_global=6 rank=3 local_index=-1 offset=6007500 count=1975000
    part[7] cum=100% share=0.218749% device_global=7 rank=3 local_index=-1 offset=7982500 count=17500
    total=100%
  CURRENT loads:
    part[0] cum=24.6875% share=24.6875% device_global=0 rank=0 local_index=0 offset=0 count=1975000
    part[1] cum=25.0625% share=0.375001% device_global=1 rank=0 local_index=1 offset=1975000 count=30000
    part[2] cum=50.0625% share=25% device_global=2 rank=1 local_index=-1 offset=2005000 count=2000000
    part[3] cum=50.4688% share=0.406247% device_global=3 rank=1 local_index=-1 offset=4005000 count=32500
    part[4] cum=74.8125% share=24.3438% device_global=4 rank=2 local_index=-1 offset=4037500 count=1947500
    part[5] cum=75.0938% share=0.28125% device_global=5 rank=2 local_index=-1 offset=5985000 count=22500
    part[6] cum=99.7812% share=24.6875% device_global=6 rank=3 local_index=-1 offset=6007500 count=1975000
    part[7] cum=100% share=0.218749% device_global=7 rank=3 local_index=-1 offset=7982500 count=17500
    total=100%
[DCL][balance-metrics] iteration=5100
  policy=scheduled
  action=skip
  reason=static balance already attempted
  T_compute_interval_s=0.948819
  T_comm_interval_s=4.44991
  T_balance_total_s=0
  T_rebalance_apply_s=0
  T_compute_accum_s=11.0061
  T_comm_accum_s=26.9912
  T_balance_accum_s=0.302373
  T_rebalance_apply_accum_s=0.0834827
  device_times_s:
    part[0]=0.937282
    part[1]=0.879402
    part[2]=0.947238
    part[3]=0.948819
    part[4]=0.925071
    part[5]=0.778798
    part[6]=0.935815
    part[7]=0.774102
  OLD loads:
    part[0] cum=24.6875% share=24.6875% device_global=0 rank=0 local_index=0 offset=0 count=1975000
    part[1] cum=25.0625% share=0.375001% device_global=1 rank=0 local_index=1 offset=1975000 count=30000
    part[2] cum=50.0625% share=25% device_global=2 rank=1 local_index=-1 offset=2005000 count=2000000
    part[3] cum=50.4688% share=0.406247% device_global=3 rank=1 local_index=-1 offset=4005000 count=32500
    part[4] cum=74.8125% share=24.3438% device_global=4 rank=2 local_index=-1 offset=4037500 count=1947500
    part[5] cum=75.0938% share=0.28125% device_global=5 rank=2 local_index=-1 offset=5985000 count=22500
    part[6] cum=99.7812% share=24.6875% device_global=6 rank=3 local_index=-1 offset=6007500 count=1975000
    part[7] cum=100% share=0.218749% device_global=7 rank=3 local_index=-1 offset=7982500 count=17500
    total=100%
  CURRENT loads:
    part[0] cum=24.6875% share=24.6875% device_global=0 rank=0 local_index=0 offset=0 count=1975000
    part[1] cum=25.0625% share=0.375001% device_global=1 rank=0 local_index=1 offset=1975000 count=30000
    part[2] cum=50.0625% share=25% device_global=2 rank=1 local_index=-1 offset=2005000 count=2000000
    part[3] cum=50.4688% share=0.406247% device_global=3 rank=1 local_index=-1 offset=4005000 count=32500
    part[4] cum=74.8125% share=24.3438% device_global=4 rank=2 local_index=-1 offset=4037500 count=1947500
    part[5] cum=75.0938% share=0.28125% device_global=5 rank=2 local_index=-1 offset=5985000 count=22500
    part[6] cum=99.7812% share=24.6875% device_global=6 rank=3 local_index=-1 offset=6007500 count=1975000
    part[7] cum=100% share=0.218749% device_global=7 rank=3 local_index=-1 offset=7982500 count=17500
    total=100%
[DCL][balance-metrics] iteration=6100
  policy=scheduled
  action=skip
  reason=static balance already attempted
  T_compute_interval_s=0.946616
  T_comm_interval_s=4.45764
  T_balance_total_s=0
  T_rebalance_apply_s=0
  T_compute_accum_s=11.9528
  T_comm_accum_s=31.4489
  T_balance_accum_s=0.302373
  T_rebalance_apply_accum_s=0.0834827
  device_times_s:
    part[0]=0.936926
    part[1]=0.875109
    part[2]=0.946616
    part[3]=0.931404
    part[4]=0.925413
    part[5]=0.760893
    part[6]=0.935788
    part[7]=0.722416
  OLD loads:
    part[0] cum=24.6875% share=24.6875% device_global=0 rank=0 local_index=0 offset=0 count=1975000
    part[1] cum=25.0625% share=0.375001% device_global=1 rank=0 local_index=1 offset=1975000 count=30000
    part[2] cum=50.0625% share=25% device_global=2 rank=1 local_index=-1 offset=2005000 count=2000000
    part[3] cum=50.4688% share=0.406247% device_global=3 rank=1 local_index=-1 offset=4005000 count=32500
    part[4] cum=74.8125% share=24.3438% device_global=4 rank=2 local_index=-1 offset=4037500 count=1947500
    part[5] cum=75.0938% share=0.28125% device_global=5 rank=2 local_index=-1 offset=5985000 count=22500
    part[6] cum=99.7812% share=24.6875% device_global=6 rank=3 local_index=-1 offset=6007500 count=1975000
    part[7] cum=100% share=0.218749% device_global=7 rank=3 local_index=-1 offset=7982500 count=17500
    total=100%
  CURRENT loads:
    part[0] cum=24.6875% share=24.6875% device_global=0 rank=0 local_index=0 offset=0 count=1975000
    part[1] cum=25.0625% share=0.375001% device_global=1 rank=0 local_index=1 offset=1975000 count=30000
    part[2] cum=50.0625% share=25% device_global=2 rank=1 local_index=-1 offset=2005000 count=2000000
    part[3] cum=50.4688% share=0.406247% device_global=3 rank=1 local_index=-1 offset=4005000 count=32500
    part[4] cum=74.8125% share=24.3438% device_global=4 rank=2 local_index=-1 offset=4037500 count=1947500
    part[5] cum=75.0938% share=0.28125% device_global=5 rank=2 local_index=-1 offset=5985000 count=22500
    part[6] cum=99.7812% share=24.6875% device_global=6 rank=3 local_index=-1 offset=6007500 count=1975000
    part[7] cum=100% share=0.218749% device_global=7 rank=3 local_index=-1 offset=7982500 count=17500
    total=100%
[DCL][balance-metrics] iteration=7100
  policy=scheduled
  action=skip
  reason=static balance already attempted
  T_compute_interval_s=0.947055
  T_comm_interval_s=4.39365
  T_balance_total_s=0
  T_rebalance_apply_s=0
  T_compute_accum_s=12.8998
  T_comm_accum_s=35.8425
  T_balance_accum_s=0.302373
  T_rebalance_apply_accum_s=0.0834827
  device_times_s:
    part[0]=0.937038
    part[1]=0.877843
    part[2]=0.947055
    part[3]=0.925993
    part[4]=0.924896
    part[5]=0.740177
    part[6]=0.935526
    part[7]=0.686346
  OLD loads:
    part[0] cum=24.6875% share=24.6875% device_global=0 rank=0 local_index=0 offset=0 count=1975000
    part[1] cum=25.0625% share=0.375001% device_global=1 rank=0 local_index=1 offset=1975000 count=30000
    part[2] cum=50.0625% share=25% device_global=2 rank=1 local_index=-1 offset=2005000 count=2000000
    part[3] cum=50.4688% share=0.406247% device_global=3 rank=1 local_index=-1 offset=4005000 count=32500
    part[4] cum=74.8125% share=24.3438% device_global=4 rank=2 local_index=-1 offset=4037500 count=1947500
    part[5] cum=75.0938% share=0.28125% device_global=5 rank=2 local_index=-1 offset=5985000 count=22500
    part[6] cum=99.7812% share=24.6875% device_global=6 rank=3 local_index=-1 offset=6007500 count=1975000
    part[7] cum=100% share=0.218749% device_global=7 rank=3 local_index=-1 offset=7982500 count=17500
    total=100%
  CURRENT loads:
    part[0] cum=24.6875% share=24.6875% device_global=0 rank=0 local_index=0 offset=0 count=1975000
    part[1] cum=25.0625% share=0.375001% device_global=1 rank=0 local_index=1 offset=1975000 count=30000
    part[2] cum=50.0625% share=25% device_global=2 rank=1 local_index=-1 offset=2005000 count=2000000
    part[3] cum=50.4688% share=0.406247% device_global=3 rank=1 local_index=-1 offset=4005000 count=32500
    part[4] cum=74.8125% share=24.3438% device_global=4 rank=2 local_index=-1 offset=4037500 count=1947500
    part[5] cum=75.0938% share=0.28125% device_global=5 rank=2 local_index=-1 offset=5985000 count=22500
    part[6] cum=99.7812% share=24.6875% device_global=6 rank=3 local_index=-1 offset=6007500 count=1975000
    part[7] cum=100% share=0.218749% device_global=7 rank=3 local_index=-1 offset=7982500 count=17500
    total=100%
[DCL][balance-metrics] iteration=8100
  policy=scheduled
  action=skip
  reason=static balance already attempted
  T_compute_interval_s=0.946782
  T_comm_interval_s=4.4009
  T_balance_total_s=0
  T_rebalance_apply_s=0
  T_compute_accum_s=13.8466
  T_comm_accum_s=40.2434
  T_balance_accum_s=0.302373
  T_rebalance_apply_accum_s=0.0834827
  device_times_s:
    part[0]=0.937225
    part[1]=0.877248
    part[2]=0.946782
    part[3]=0.938372
    part[4]=0.925731
    part[5]=0.733861
    part[6]=0.935249
    part[7]=0.658429
  OLD loads:
    part[0] cum=24.6875% share=24.6875% device_global=0 rank=0 local_index=0 offset=0 count=1975000
    part[1] cum=25.0625% share=0.375001% device_global=1 rank=0 local_index=1 offset=1975000 count=30000
    part[2] cum=50.0625% share=25% device_global=2 rank=1 local_index=-1 offset=2005000 count=2000000
    part[3] cum=50.4688% share=0.406247% device_global=3 rank=1 local_index=-1 offset=4005000 count=32500
    part[4] cum=74.8125% share=24.3438% device_global=4 rank=2 local_index=-1 offset=4037500 count=1947500
    part[5] cum=75.0938% share=0.28125% device_global=5 rank=2 local_index=-1 offset=5985000 count=22500
    part[6] cum=99.7812% share=24.6875% device_global=6 rank=3 local_index=-1 offset=6007500 count=1975000
    part[7] cum=100% share=0.218749% device_global=7 rank=3 local_index=-1 offset=7982500 count=17500
    total=100%
  CURRENT loads:
    part[0] cum=24.6875% share=24.6875% device_global=0 rank=0 local_index=0 offset=0 count=1975000
    part[1] cum=25.0625% share=0.375001% device_global=1 rank=0 local_index=1 offset=1975000 count=30000
    part[2] cum=50.0625% share=25% device_global=2 rank=1 local_index=-1 offset=2005000 count=2000000
    part[3] cum=50.4688% share=0.406247% device_global=3 rank=1 local_index=-1 offset=4005000 count=32500
    part[4] cum=74.8125% share=24.3438% device_global=4 rank=2 local_index=-1 offset=4037500 count=1947500
    part[5] cum=75.0938% share=0.28125% device_global=5 rank=2 local_index=-1 offset=5985000 count=22500
    part[6] cum=99.7812% share=24.6875% device_global=6 rank=3 local_index=-1 offset=6007500 count=1975000
    part[7] cum=100% share=0.218749% device_global=7 rank=3 local_index=-1 offset=7982500 count=17500
    total=100%
[DCL][balance-metrics] iteration=9100
  policy=scheduled
  action=skip
  reason=static balance already attempted
  T_compute_interval_s=0.946533
  T_comm_interval_s=4.45547
  T_balance_total_s=0
  T_rebalance_apply_s=0
  T_compute_accum_s=14.7931
  T_comm_accum_s=44.6989
  T_balance_accum_s=0.302373
  T_rebalance_apply_accum_s=0.0834827
  device_times_s:
    part[0]=0.936932
    part[1]=0.878783
    part[2]=0.946533
    part[3]=0.924255
    part[4]=0.924412
    part[5]=0.714254
    part[6]=0.935611
    part[7]=0.651091
  OLD loads:
    part[0] cum=24.6875% share=24.6875% device_global=0 rank=0 local_index=0 offset=0 count=1975000
    part[1] cum=25.0625% share=0.375001% device_global=1 rank=0 local_index=1 offset=1975000 count=30000
    part[2] cum=50.0625% share=25% device_global=2 rank=1 local_index=-1 offset=2005000 count=2000000
    part[3] cum=50.4688% share=0.406247% device_global=3 rank=1 local_index=-1 offset=4005000 count=32500
    part[4] cum=74.8125% share=24.3438% device_global=4 rank=2 local_index=-1 offset=4037500 count=1947500
    part[5] cum=75.0938% share=0.28125% device_global=5 rank=2 local_index=-1 offset=5985000 count=22500
    part[6] cum=99.7812% share=24.6875% device_global=6 rank=3 local_index=-1 offset=6007500 count=1975000
    part[7] cum=100% share=0.218749% device_global=7 rank=3 local_index=-1 offset=7982500 count=17500
    total=100%
  CURRENT loads:
    part[0] cum=24.6875% share=24.6875% device_global=0 rank=0 local_index=0 offset=0 count=1975000
    part[1] cum=25.0625% share=0.375001% device_global=1 rank=0 local_index=1 offset=1975000 count=30000
    part[2] cum=50.0625% share=25% device_global=2 rank=1 local_index=-1 offset=2005000 count=2000000
    part[3] cum=50.4688% share=0.406247% device_global=3 rank=1 local_index=-1 offset=4005000 count=32500
    part[4] cum=74.8125% share=24.3438% device_global=4 rank=2 local_index=-1 offset=4037500 count=1947500
    part[5] cum=75.0938% share=0.28125% device_global=5 rank=2 local_index=-1 offset=5985000 count=22500
    part[6] cum=99.7812% share=24.6875% device_global=6 rank=3 local_index=-1 offset=6007500 count=1975000
    part[7] cum=100% share=0.218749% device_global=7 rank=3 local_index=-1 offset=7982500 count=17500
    total=100%

=== PARTICOES FINAIS ===
=== Particoes globais ===
part[0] device_global=0 rank=0 local_index=0 offset=0 count=1975000
part[1] device_global=1 rank=0 local_index=1 offset=1975000 count=30000
part[2] device_global=2 rank=1 local_index=-1 offset=2005000 count=2000000
part[3] device_global=3 rank=1 local_index=-1 offset=4005000 count=32500
part[4] device_global=4 rank=2 local_index=-1 offset=4037500 count=1947500
part[5] device_global=5 rank=2 local_index=-1 offset=5985000 count=22500
part[6] device_global=6 rank=3 local_index=-1 offset=6007500 count=1975000
part[7] device_global=7 rank=3 local_index=-1 offset=7982500 count=17500


============================
ITERACAO 10000
Tempo de execução: 57.0246s
