=== Dispositivos locais do rank 2 ===
global=4 local=0 nome="NVIDIA RTX 2000 Ada Generation" compute_units=22
global=5 local=1 nome="Intel(R) Xeon(R) CPU           E5620  @ 2.40GHz" compute_units=16

=== Dispositivos locais do rank 1 ===
global=2 local=0 nome="NVIDIA RTX 2000 Ada Generation" compute_units=22
global=3 local=1 nome="Intel(R) Xeon(R) CPU           E5620  @ 2.40GHz" compute_units=16

=== Dispositivos locais do rank 3 ===
global=6 local=0 nome="NVIDIA RTX 2000 Ada Generation" compute_units=22
global=7 local=1 nome="Intel(R) Xeon(R) CPU           E5620  @ 2.40GHz" compute_units=16

=== Dispositivos locais do rank 0 ===
global=0 local=0 nome="NVIDIA RTX 2000 Ada Generation" compute_units=22
global=1 local=1 nome="Intel(R) Xeon(R) CPU           E5620  @ 2.40GHz" compute_units=16

=== PARTICOES INICIAIS ===
=== Particoes globais ===
part[0] device_global=0 rank=0 local_index=0 offset=0 count=1000000
part[1] device_global=1 rank=0 local_index=1 offset=1000000 count=1000000
part[2] device_global=2 rank=1 local_index=-1 offset=2000000 count=1000000
part[3] device_global=3 rank=1 local_index=-1 offset=3000000 count=1000000
part[4] device_global=4 rank=2 local_index=-1 offset=4000000 count=1000000
part[5] device_global=5 rank=2 local_index=-1 offset=5000000 count=1000000
part[6] device_global=6 rank=3 local_index=-1 offset=6000000 count=1000000
part[7] device_global=7 rank=3 local_index=-1 offset=7000000 count=1000000

X = 50 Y = 50 Z = 3200 Iterations = 10000
[DCL][balance-metrics] iteration=100
  policy=profiled
  action=rebalance
  reason=adaptive decision accepted; remaining_iterations=9900, gain_total=53.0132, migration_cost=0.021835, max_migrated_bytes=1200000, T_comp_int_per_iter=0.00545414, T_comp_bal_per_iter=9.92753e-05
  T_compute_interval_s=5.45414
  T_comm_interval_s=5.24085
  T_balance_total_s=0.293825
  T_rebalance_apply_s=0.0733341
  T_compute_accum_s=5.45414
  T_comm_accum_s=5.24085
  T_balance_accum_s=0.293825
  T_rebalance_apply_accum_s=0.0733341
  device_times_s:
    part[0]=0.0488396
    part[1]=3.02233
    part[2]=0.0481702
    part[3]=3.05462
    part[4]=0.049272
    part[5]=4.28117
    part[6]=0.048989
    part[7]=5.45414
  OLD loads:
    part[0] cum=12.5% share=12.5% device_global=0 rank=0 local_index=0 offset=0 count=1972500
    part[1] cum=25% share=12.5% device_global=1 rank=0 local_index=1 offset=1972500 count=32500
    part[2] cum=37.5% share=12.5% device_global=2 rank=1 local_index=-1 offset=2005000 count=2000000
    part[3] cum=50% share=12.5% device_global=3 rank=1 local_index=-1 offset=4005000 count=32500
    part[4] cum=62.5% share=12.5% device_global=4 rank=2 local_index=-1 offset=4037500 count=1955000
    part[5] cum=75% share=12.5% device_global=5 rank=2 local_index=-1 offset=5992500 count=22500
    part[6] cum=87.5% share=12.5% device_global=6 rank=3 local_index=-1 offset=6015000 count=1967500
    part[7] cum=100% share=12.5% device_global=7 rank=3 local_index=-1 offset=7982500 count=17500
    total=100%
  PROPOSED loads:
    part[0] cum=24.6562% share=24.6562% device_global=0 rank=0 local_index=0 offset=0 count=1972500
    part[1] cum=25.0625% share=0.406252% device_global=1 rank=0 local_index=1 offset=1972500 count=32500
    part[2] cum=50.0625% share=25% device_global=2 rank=1 local_index=-1 offset=2005000 count=2000000
    part[3] cum=50.4688% share=0.406247% device_global=3 rank=1 local_index=-1 offset=4005000 count=32500
    part[4] cum=74.9062% share=24.4375% device_global=4 rank=2 local_index=-1 offset=4037500 count=1955000
    part[5] cum=75.1875% share=0.28125% device_global=5 rank=2 local_index=-1 offset=5992500 count=22500
    part[6] cum=99.7812% share=24.5938% device_global=6 rank=3 local_index=-1 offset=6015000 count=1967500
    part[7] cum=100% share=0.218749% device_global=7 rank=3 local_index=-1 offset=7982500 count=17500
    total=100%
  CURRENT loads:
    part[0] cum=24.6562% share=24.6562% device_global=0 rank=0 local_index=0 offset=0 count=1972500
    part[1] cum=25.0625% share=0.406252% device_global=1 rank=0 local_index=1 offset=1972500 count=32500
    part[2] cum=50.0625% share=25% device_global=2 rank=1 local_index=-1 offset=2005000 count=2000000
    part[3] cum=50.4688% share=0.406247% device_global=3 rank=1 local_index=-1 offset=4005000 count=32500
    part[4] cum=74.9062% share=24.4375% device_global=4 rank=2 local_index=-1 offset=4037500 count=1955000
    part[5] cum=75.1875% share=0.28125% device_global=5 rank=2 local_index=-1 offset=5992500 count=22500
    part[6] cum=99.7812% share=24.5938% device_global=6 rank=3 local_index=-1 offset=6015000 count=1967500
    part[7] cum=100% share=0.218749% device_global=7 rank=3 local_index=-1 offset=7982500 count=17500
    total=100%
[DCL][balance-metrics] iteration=1100
  policy=scheduled
  action=skip
  reason=static balance already attempted
  T_compute_interval_s=1.43401
  T_comm_interval_s=4.12281
  T_balance_total_s=0
  T_rebalance_apply_s=0
  T_compute_accum_s=6.88815
  T_comm_accum_s=9.36367
  T_balance_accum_s=0.293825
  T_rebalance_apply_accum_s=0.0733341
  device_times_s:
    part[0]=0.937298
    part[1]=0.973517
    part[2]=0.947144
    part[3]=1.14502
    part[4]=0.928881
    part[5]=1.43401
    part[6]=0.932606
    part[7]=1.35964
  OLD loads:
    part[0] cum=24.6562% share=24.6562% device_global=0 rank=0 local_index=0 offset=0 count=1972500
    part[1] cum=25.0625% share=0.406252% device_global=1 rank=0 local_index=1 offset=1972500 count=32500
    part[2] cum=50.0625% share=25% device_global=2 rank=1 local_index=-1 offset=2005000 count=2000000
    part[3] cum=50.4688% share=0.406247% device_global=3 rank=1 local_index=-1 offset=4005000 count=32500
    part[4] cum=74.9062% share=24.4375% device_global=4 rank=2 local_index=-1 offset=4037500 count=1955000
    part[5] cum=75.1875% share=0.28125% device_global=5 rank=2 local_index=-1 offset=5992500 count=22500
    part[6] cum=99.7812% share=24.5938% device_global=6 rank=3 local_index=-1 offset=6015000 count=1967500
    part[7] cum=100% share=0.218749% device_global=7 rank=3 local_index=-1 offset=7982500 count=17500
    total=100%
  CURRENT loads:
    part[0] cum=24.6562% share=24.6562% device_global=0 rank=0 local_index=0 offset=0 count=1972500
    part[1] cum=25.0625% share=0.406252% device_global=1 rank=0 local_index=1 offset=1972500 count=32500
    part[2] cum=50.0625% share=25% device_global=2 rank=1 local_index=-1 offset=2005000 count=2000000
    part[3] cum=50.4688% share=0.406247% device_global=3 rank=1 local_index=-1 offset=4005000 count=32500
    part[4] cum=74.9062% share=24.4375% device_global=4 rank=2 local_index=-1 offset=4037500 count=1955000
    part[5] cum=75.1875% share=0.28125% device_global=5 rank=2 local_index=-1 offset=5992500 count=22500
    part[6] cum=99.7812% share=24.5938% device_global=6 rank=3 local_index=-1 offset=6015000 count=1967500
    part[7] cum=100% share=0.218749% device_global=7 rank=3 local_index=-1 offset=7982500 count=17500
    total=100%
[DCL][balance-metrics] iteration=2100
  policy=scheduled
  action=skip
  reason=static balance already attempted
  T_compute_interval_s=1.25031
  T_comm_interval_s=4.12305
  T_balance_total_s=0
  T_rebalance_apply_s=0
  T_compute_accum_s=8.13847
  T_comm_accum_s=13.4867
  T_balance_accum_s=0.293825
  T_rebalance_apply_accum_s=0.0733341
  device_times_s:
    part[0]=0.937124
    part[1]=0.952177
    part[2]=0.947075
    part[3]=0.997665
    part[4]=0.928375
    part[5]=1.0612
    part[6]=0.932276
    part[7]=1.25031
  OLD loads:
    part[0] cum=24.6562% share=24.6562% device_global=0 rank=0 local_index=0 offset=0 count=1972500
    part[1] cum=25.0625% share=0.406252% device_global=1 rank=0 local_index=1 offset=1972500 count=32500
    part[2] cum=50.0625% share=25% device_global=2 rank=1 local_index=-1 offset=2005000 count=2000000
    part[3] cum=50.4688% share=0.406247% device_global=3 rank=1 local_index=-1 offset=4005000 count=32500
    part[4] cum=74.9062% share=24.4375% device_global=4 rank=2 local_index=-1 offset=4037500 count=1955000
    part[5] cum=75.1875% share=0.28125% device_global=5 rank=2 local_index=-1 offset=5992500 count=22500
    part[6] cum=99.7812% share=24.5938% device_global=6 rank=3 local_index=-1 offset=6015000 count=1967500
    part[7] cum=100% share=0.218749% device_global=7 rank=3 local_index=-1 offset=7982500 count=17500
    total=100%
  CURRENT loads:
    part[0] cum=24.6562% share=24.6562% device_global=0 rank=0 local_index=0 offset=0 count=1972500
    part[1] cum=25.0625% share=0.406252% device_global=1 rank=0 local_index=1 offset=1972500 count=32500
    part[2] cum=50.0625% share=25% device_global=2 rank=1 local_index=-1 offset=2005000 count=2000000
    part[3] cum=50.4688% share=0.406247% device_global=3 rank=1 local_index=-1 offset=4005000 count=32500
    part[4] cum=74.9062% share=24.4375% device_global=4 rank=2 local_index=-1 offset=4037500 count=1955000
    part[5] cum=75.1875% share=0.28125% device_global=5 rank=2 local_index=-1 offset=5992500 count=22500
    part[6] cum=99.7812% share=24.5938% device_global=6 rank=3 local_index=-1 offset=6015000 count=1967500
    part[7] cum=100% share=0.218749% device_global=7 rank=3 local_index=-1 offset=7982500 count=17500
    total=100%
[DCL][balance-metrics] iteration=3100
  policy=scheduled
  action=skip
  reason=static balance already attempted
  T_compute_interval_s=1.03969
  T_comm_interval_s=4.13594
  T_balance_total_s=0
  T_rebalance_apply_s=0
  T_compute_accum_s=9.17816
  T_comm_accum_s=17.6226
  T_balance_accum_s=0.293825
  T_rebalance_apply_accum_s=0.0733341
  device_times_s:
    part[0]=0.936316
    part[1]=0.932785
    part[2]=0.946476
    part[3]=0.963653
    part[4]=0.928007
    part[5]=0.887754
    part[6]=0.931992
    part[7]=1.03969
  OLD loads:
    part[0] cum=24.6562% share=24.6562% device_global=0 rank=0 local_index=0 offset=0 count=1972500
    part[1] cum=25.0625% share=0.406252% device_global=1 rank=0 local_index=1 offset=1972500 count=32500
    part[2] cum=50.0625% share=25% device_global=2 rank=1 local_index=-1 offset=2005000 count=2000000
    part[3] cum=50.4688% share=0.406247% device_global=3 rank=1 local_index=-1 offset=4005000 count=32500
    part[4] cum=74.9062% share=24.4375% device_global=4 rank=2 local_index=-1 offset=4037500 count=1955000
    part[5] cum=75.1875% share=0.28125% device_global=5 rank=2 local_index=-1 offset=5992500 count=22500
    part[6] cum=99.7812% share=24.5938% device_global=6 rank=3 local_index=-1 offset=6015000 count=1967500
    part[7] cum=100% share=0.218749% device_global=7 rank=3 local_index=-1 offset=7982500 count=17500
    total=100%
  CURRENT loads:
    part[0] cum=24.6562% share=24.6562% device_global=0 rank=0 local_index=0 offset=0 count=1972500
    part[1] cum=25.0625% share=0.406252% device_global=1 rank=0 local_index=1 offset=1972500 count=32500
    part[2] cum=50.0625% share=25% device_global=2 rank=1 local_index=-1 offset=2005000 count=2000000
    part[3] cum=50.4688% share=0.406247% device_global=3 rank=1 local_index=-1 offset=4005000 count=32500
    part[4] cum=74.9062% share=24.4375% device_global=4 rank=2 local_index=-1 offset=4037500 count=1955000
    part[5] cum=75.1875% share=0.28125% device_global=5 rank=2 local_index=-1 offset=5992500 count=22500
    part[6] cum=99.7812% share=24.5938% device_global=6 rank=3 local_index=-1 offset=6015000 count=1967500
    part[7] cum=100% share=0.218749% device_global=7 rank=3 local_index=-1 offset=7982500 count=17500
    total=100%
[DCL][balance-metrics] iteration=4100
  policy=scheduled
  action=skip
  reason=static balance already attempted
  T_compute_interval_s=0.946626
  T_comm_interval_s=4.16712
  T_balance_total_s=0
  T_rebalance_apply_s=0
  T_compute_accum_s=10.1248
  T_comm_accum_s=21.7898
  T_balance_accum_s=0.293825
  T_rebalance_apply_accum_s=0.0733341
  device_times_s:
    part[0]=0.936339
    part[1]=0.933417
    part[2]=0.946626
    part[3]=0.946178
    part[4]=0.928427
    part[5]=0.82548
    part[6]=0.932527
    part[7]=0.860762
  OLD loads:
    part[0] cum=24.6562% share=24.6562% device_global=0 rank=0 local_index=0 offset=0 count=1972500
    part[1] cum=25.0625% share=0.406252% device_global=1 rank=0 local_index=1 offset=1972500 count=32500
    part[2] cum=50.0625% share=25% device_global=2 rank=1 local_index=-1 offset=2005000 count=2000000
    part[3] cum=50.4688% share=0.406247% device_global=3 rank=1 local_index=-1 offset=4005000 count=32500
    part[4] cum=74.9062% share=24.4375% device_global=4 rank=2 local_index=-1 offset=4037500 count=1955000
    part[5] cum=75.1875% share=0.28125% device_global=5 rank=2 local_index=-1 offset=5992500 count=22500
    part[6] cum=99.7812% share=24.5938% device_global=6 rank=3 local_index=-1 offset=6015000 count=1967500
    part[7] cum=100% share=0.218749% device_global=7 rank=3 local_index=-1 offset=7982500 count=17500
    total=100%
  CURRENT loads:
    part[0] cum=24.6562% share=24.6562% device_global=0 rank=0 local_index=0 offset=0 count=1972500
    part[1] cum=25.0625% share=0.406252% device_global=1 rank=0 local_index=1 offset=1972500 count=32500
    part[2] cum=50.0625% share=25% device_global=2 rank=1 local_index=-1 offset=2005000 count=2000000
    part[3] cum=50.4688% share=0.406247% device_global=3 rank=1 local_index=-1 offset=4005000 count=32500
    part[4] cum=74.9062% share=24.4375% device_global=4 rank=2 local_index=-1 offset=4037500 count=1955000
    part[5] cum=75.1875% share=0.28125% device_global=5 rank=2 local_index=-1 offset=5992500 count=22500
    part[6] cum=99.7812% share=24.5938% device_global=6 rank=3 local_index=-1 offset=6015000 count=1967500
    part[7] cum=100% share=0.218749% device_global=7 rank=3 local_index=-1 offset=7982500 count=17500
    total=100%
[DCL][balance-metrics] iteration=5100
  policy=scheduled
  action=skip
  reason=static balance already attempted
  T_compute_interval_s=0.946508
  T_comm_interval_s=4.17169
  T_balance_total_s=0
  T_rebalance_apply_s=0
  T_compute_accum_s=11.0713
  T_comm_accum_s=25.9615
  T_balance_accum_s=0.293825
  T_rebalance_apply_accum_s=0.0733341
  device_times_s:
    part[0]=0.936395
    part[1]=0.930366
    part[2]=0.946508
    part[3]=0.939428
    part[4]=0.928644
    part[5]=0.78995
    part[6]=0.93213
    part[7]=0.764642
  OLD loads:
    part[0] cum=24.6562% share=24.6562% device_global=0 rank=0 local_index=0 offset=0 count=1972500
    part[1] cum=25.0625% share=0.406252% device_global=1 rank=0 local_index=1 offset=1972500 count=32500
    part[2] cum=50.0625% share=25% device_global=2 rank=1 local_index=-1 offset=2005000 count=2000000
    part[3] cum=50.4688% share=0.406247% device_global=3 rank=1 local_index=-1 offset=4005000 count=32500
    part[4] cum=74.9062% share=24.4375% device_global=4 rank=2 local_index=-1 offset=4037500 count=1955000
    part[5] cum=75.1875% share=0.28125% device_global=5 rank=2 local_index=-1 offset=5992500 count=22500
    part[6] cum=99.7812% share=24.5938% device_global=6 rank=3 local_index=-1 offset=6015000 count=1967500
    part[7] cum=100% share=0.218749% device_global=7 rank=3 local_index=-1 offset=7982500 count=17500
    total=100%
  CURRENT loads:
    part[0] cum=24.6562% share=24.6562% device_global=0 rank=0 local_index=0 offset=0 count=1972500
    part[1] cum=25.0625% share=0.406252% device_global=1 rank=0 local_index=1 offset=1972500 count=32500
    part[2] cum=50.0625% share=25% device_global=2 rank=1 local_index=-1 offset=2005000 count=2000000
    part[3] cum=50.4688% share=0.406247% device_global=3 rank=1 local_index=-1 offset=4005000 count=32500
    part[4] cum=74.9062% share=24.4375% device_global=4 rank=2 local_index=-1 offset=4037500 count=1955000
    part[5] cum=75.1875% share=0.28125% device_global=5 rank=2 local_index=-1 offset=5992500 count=22500
    part[6] cum=99.7812% share=24.5938% device_global=6 rank=3 local_index=-1 offset=6015000 count=1967500
    part[7] cum=100% share=0.218749% device_global=7 rank=3 local_index=-1 offset=7982500 count=17500
    total=100%
[DCL][balance-metrics] iteration=6100
  policy=scheduled
  action=skip
  reason=static balance already attempted
  T_compute_interval_s=0.946987
  T_comm_interval_s=4.21606
  T_balance_total_s=0
  T_rebalance_apply_s=0
  T_compute_accum_s=12.0183
  T_comm_accum_s=30.1775
  T_balance_accum_s=0.293825
  T_rebalance_apply_accum_s=0.0733341
  device_times_s:
    part[0]=0.936371
    part[1]=0.936147
    part[2]=0.946987
    part[3]=0.946398
    part[4]=0.928263
    part[5]=0.762047
    part[6]=0.933573
    part[7]=0.720285
  OLD loads:
    part[0] cum=24.6562% share=24.6562% device_global=0 rank=0 local_index=0 offset=0 count=1972500
    part[1] cum=25.0625% share=0.406252% device_global=1 rank=0 local_index=1 offset=1972500 count=32500
    part[2] cum=50.0625% share=25% device_global=2 rank=1 local_index=-1 offset=2005000 count=2000000
    part[3] cum=50.4688% share=0.406247% device_global=3 rank=1 local_index=-1 offset=4005000 count=32500
    part[4] cum=74.9062% share=24.4375% device_global=4 rank=2 local_index=-1 offset=4037500 count=1955000
    part[5] cum=75.1875% share=0.28125% device_global=5 rank=2 local_index=-1 offset=5992500 count=22500
    part[6] cum=99.7812% share=24.5938% device_global=6 rank=3 local_index=-1 offset=6015000 count=1967500
    part[7] cum=100% share=0.218749% device_global=7 rank=3 local_index=-1 offset=7982500 count=17500
    total=100%
  CURRENT loads:
    part[0] cum=24.6562% share=24.6562% device_global=0 rank=0 local_index=0 offset=0 count=1972500
    part[1] cum=25.0625% share=0.406252% device_global=1 rank=0 local_index=1 offset=1972500 count=32500
    part[2] cum=50.0625% share=25% device_global=2 rank=1 local_index=-1 offset=2005000 count=2000000
    part[3] cum=50.4688% share=0.406247% device_global=3 rank=1 local_index=-1 offset=4005000 count=32500
    part[4] cum=74.9062% share=24.4375% device_global=4 rank=2 local_index=-1 offset=4037500 count=1955000
    part[5] cum=75.1875% share=0.28125% device_global=5 rank=2 local_index=-1 offset=5992500 count=22500
    part[6] cum=99.7812% share=24.5938% device_global=6 rank=3 local_index=-1 offset=6015000 count=1967500
    part[7] cum=100% share=0.218749% device_global=7 rank=3 local_index=-1 offset=7982500 count=17500
    total=100%
[DCL][balance-metrics] iteration=7100
  policy=scheduled
  action=skip
  reason=static balance already attempted
  T_compute_interval_s=0.946866
  T_comm_interval_s=4.20534
  T_balance_total_s=0
  T_rebalance_apply_s=0
  T_compute_accum_s=12.9651
  T_comm_accum_s=34.3829
  T_balance_accum_s=0.293825
  T_rebalance_apply_accum_s=0.0733341
  device_times_s:
    part[0]=0.935925
    part[1]=0.934939
    part[2]=0.946866
    part[3]=0.928438
    part[4]=0.928361
    part[5]=0.748064
    part[6]=0.932764
    part[7]=0.694646
  OLD loads:
    part[0] cum=24.6562% share=24.6562% device_global=0 rank=0 local_index=0 offset=0 count=1972500
    part[1] cum=25.0625% share=0.406252% device_global=1 rank=0 local_index=1 offset=1972500 count=32500
    part[2] cum=50.0625% share=25% device_global=2 rank=1 local_index=-1 offset=2005000 count=2000000
    part[3] cum=50.4688% share=0.406247% device_global=3 rank=1 local_index=-1 offset=4005000 count=32500
    part[4] cum=74.9062% share=24.4375% device_global=4 rank=2 local_index=-1 offset=4037500 count=1955000
    part[5] cum=75.1875% share=0.28125% device_global=5 rank=2 local_index=-1 offset=5992500 count=22500
    part[6] cum=99.7812% share=24.5938% device_global=6 rank=3 local_index=-1 offset=6015000 count=1967500
    part[7] cum=100% share=0.218749% device_global=7 rank=3 local_index=-1 offset=7982500 count=17500
    total=100%
  CURRENT loads:
    part[0] cum=24.6562% share=24.6562% device_global=0 rank=0 local_index=0 offset=0 count=1972500
    part[1] cum=25.0625% share=0.406252% device_global=1 rank=0 local_index=1 offset=1972500 count=32500
    part[2] cum=50.0625% share=25% device_global=2 rank=1 local_index=-1 offset=2005000 count=2000000
    part[3] cum=50.4688% share=0.406247% device_global=3 rank=1 local_index=-1 offset=4005000 count=32500
    part[4] cum=74.9062% share=24.4375% device_global=4 rank=2 local_index=-1 offset=4037500 count=1955000
    part[5] cum=75.1875% share=0.28125% device_global=5 rank=2 local_index=-1 offset=5992500 count=22500
    part[6] cum=99.7812% share=24.5938% device_global=6 rank=3 local_index=-1 offset=6015000 count=1967500
    part[7] cum=100% share=0.218749% device_global=7 rank=3 local_index=-1 offset=7982500 count=17500
    total=100%
[DCL][balance-metrics] iteration=8100
  policy=scheduled
  action=skip
  reason=static balance already attempted
  T_compute_interval_s=0.946788
  T_comm_interval_s=4.18856
  T_balance_total_s=0
  T_rebalance_apply_s=0
  T_compute_accum_s=13.9119
  T_comm_accum_s=38.5714
  T_balance_accum_s=0.293825
  T_rebalance_apply_accum_s=0.0733341
  device_times_s:
    part[0]=0.936227
    part[1]=0.934557
    part[2]=0.946788
    part[3]=0.938914
    part[4]=0.928078
    part[5]=0.740731
    part[6]=0.932552
    part[7]=0.66858
  OLD loads:
    part[0] cum=24.6562% share=24.6562% device_global=0 rank=0 local_index=0 offset=0 count=1972500
    part[1] cum=25.0625% share=0.406252% device_global=1 rank=0 local_index=1 offset=1972500 count=32500
    part[2] cum=50.0625% share=25% device_global=2 rank=1 local_index=-1 offset=2005000 count=2000000
    part[3] cum=50.4688% share=0.406247% device_global=3 rank=1 local_index=-1 offset=4005000 count=32500
    part[4] cum=74.9062% share=24.4375% device_global=4 rank=2 local_index=-1 offset=4037500 count=1955000
    part[5] cum=75.1875% share=0.28125% device_global=5 rank=2 local_index=-1 offset=5992500 count=22500
    part[6] cum=99.7812% share=24.5938% device_global=6 rank=3 local_index=-1 offset=6015000 count=1967500
    part[7] cum=100% share=0.218749% device_global=7 rank=3 local_index=-1 offset=7982500 count=17500
    total=100%
  CURRENT loads:
    part[0] cum=24.6562% share=24.6562% device_global=0 rank=0 local_index=0 offset=0 count=1972500
    part[1] cum=25.0625% share=0.406252% device_global=1 rank=0 local_index=1 offset=1972500 count=32500
    part[2] cum=50.0625% share=25% device_global=2 rank=1 local_index=-1 offset=2005000 count=2000000
    part[3] cum=50.4688% share=0.406247% device_global=3 rank=1 local_index=-1 offset=4005000 count=32500
    part[4] cum=74.9062% share=24.4375% device_global=4 rank=2 local_index=-1 offset=4037500 count=1955000
    part[5] cum=75.1875% share=0.28125% device_global=5 rank=2 local_index=-1 offset=5992500 count=22500
    part[6] cum=99.7812% share=24.5938% device_global=6 rank=3 local_index=-1 offset=6015000 count=1967500
    part[7] cum=100% share=0.218749% device_global=7 rank=3 local_index=-1 offset=7982500 count=17500
    total=100%
[DCL][balance-metrics] iteration=9100
  policy=scheduled
  action=skip
  reason=static balance already attempted
  T_compute_interval_s=0.946417
  T_comm_interval_s=4.14852
  T_balance_total_s=0
  T_rebalance_apply_s=0
  T_compute_accum_s=14.8583
  T_comm_accum_s=42.7199
  T_balance_accum_s=0.293825
  T_rebalance_apply_accum_s=0.0733341
  device_times_s:
    part[0]=0.936105
    part[1]=0.937766
    part[2]=0.946417
    part[3]=0.92919
    part[4]=0.927684
    part[5]=0.722226
    part[6]=0.932674
    part[7]=0.648813
  OLD loads:
    part[0] cum=24.6562% share=24.6562% device_global=0 rank=0 local_index=0 offset=0 count=1972500
    part[1] cum=25.0625% share=0.406252% device_global=1 rank=0 local_index=1 offset=1972500 count=32500
    part[2] cum=50.0625% share=25% device_global=2 rank=1 local_index=-1 offset=2005000 count=2000000
    part[3] cum=50.4688% share=0.406247% device_global=3 rank=1 local_index=-1 offset=4005000 count=32500
    part[4] cum=74.9062% share=24.4375% device_global=4 rank=2 local_index=-1 offset=4037500 count=1955000
    part[5] cum=75.1875% share=0.28125% device_global=5 rank=2 local_index=-1 offset=5992500 count=22500
    part[6] cum=99.7812% share=24.5938% device_global=6 rank=3 local_index=-1 offset=6015000 count=1967500
    part[7] cum=100% share=0.218749% device_global=7 rank=3 local_index=-1 offset=7982500 count=17500
    total=100%
  CURRENT loads:
    part[0] cum=24.6562% share=24.6562% device_global=0 rank=0 local_index=0 offset=0 count=1972500
    part[1] cum=25.0625% share=0.406252% device_global=1 rank=0 local_index=1 offset=1972500 count=32500
    part[2] cum=50.0625% share=25% device_global=2 rank=1 local_index=-1 offset=2005000 count=2000000
    part[3] cum=50.4688% share=0.406247% device_global=3 rank=1 local_index=-1 offset=4005000 count=32500
    part[4] cum=74.9062% share=24.4375% device_global=4 rank=2 local_index=-1 offset=4037500 count=1955000
    part[5] cum=75.1875% share=0.28125% device_global=5 rank=2 local_index=-1 offset=5992500 count=22500
    part[6] cum=99.7812% share=24.5938% device_global=6 rank=3 local_index=-1 offset=6015000 count=1967500
    part[7] cum=100% share=0.218749% device_global=7 rank=3 local_index=-1 offset=7982500 count=17500
    total=100%

=== PARTICOES FINAIS ===
=== Particoes globais ===
part[0] device_global=0 rank=0 local_index=0 offset=0 count=1972500
part[1] device_global=1 rank=0 local_index=1 offset=1972500 count=32500
part[2] device_global=2 rank=1 local_index=-1 offset=2005000 count=2000000
part[3] device_global=3 rank=1 local_index=-1 offset=4005000 count=32500
part[4] device_global=4 rank=2 local_index=-1 offset=4037500 count=1955000
part[5] device_global=5 rank=2 local_index=-1 offset=5992500 count=22500
part[6] device_global=6 rank=3 local_index=-1 offset=6015000 count=1967500
part[7] device_global=7 rank=3 local_index=-1 offset=7982500 count=17500


============================
ITERACAO 10000
Tempo de execução: 54.7673s
