=== Dispositivos locais do rank 2 ===
global=4 local=0 nome="NVIDIA RTX 2000 Ada Generation" compute_units=22
global=5 local=1 nome="Intel(R) Xeon(R) CPU           E5620  @ 2.40GHz" compute_units=16

=== Dispositivos locais do rank 3 ===
global=6 local=0 nome="NVIDIA RTX 2000 Ada Generation" compute_units=22
global=7 local=1 nome="Intel(R) Xeon(R) CPU           E5620  @ 2.40GHz" compute_units=16

=== Dispositivos locais do rank 0 ===
global=0 local=0 nome="NVIDIA RTX 2000 Ada Generation" compute_units=22
global=1 local=1 nome="Intel(R) Xeon(R) CPU           E5620  @ 2.40GHz" compute_units=16

=== Dispositivos locais do rank 1 ===
global=2 local=0 nome="NVIDIA RTX 2000 Ada Generation" compute_units=22
global=3 local=1 nome="Intel(R) Xeon(R) CPU           E5620  @ 2.40GHz" compute_units=16

=== PARTICOES INICIAIS ===
=== Particoes globais ===
part[0] device_global=0 rank=0 local_index=0 offset=0 count=1000000
part[1] device_global=1 rank=0 local_index=1 offset=1000000 count=1000000
part[2] device_global=2 rank=1 local_index=-1 offset=2000000 count=1000000
part[3] device_global=3 rank=1 local_index=-1 offset=3000000 count=1000000
part[4] device_global=4 rank=2 local_index=-1 offset=4000000 count=1000000
part[5] device_global=5 rank=2 local_index=-1 offset=5000000 count=1000000
part[6] device_global=6 rank=3 local_index=-1 offset=6000000 count=1000000
part[7] device_global=7 rank=3 local_index=-1 offset=7000000 count=1000000

X = 50 Y = 50 Z = 3200 Iterations = 10000
[DCL][balance-metrics] iteration=100
  policy=profiled
  action=rebalance
  reason=adaptive decision accepted; remaining_iterations=9900, gain_total=53.053, migration_cost=0.0245671, max_migrated_bytes=1360000, T_comp_int_per_iter=0.00545815, T_comp_bal_per_iter=9.92559e-05
  T_compute_interval_s=5.45815
  T_comm_interval_s=5.28068
  T_balance_total_s=0.315412
  T_rebalance_apply_s=0.096744
  T_compute_accum_s=5.45815
  T_comm_accum_s=5.28068
  T_balance_accum_s=0.315412
  T_rebalance_apply_accum_s=0.096744
  device_times_s:
    part[0]=0.0488364
    part[1]=3.01946
    part[2]=0.0479736
    part[3]=3.05403
    part[4]=0.049205
    part[5]=4.27891
    part[6]=0.0490933
    part[7]=5.45815
  OLD loads:
    part[0] cum=12.5% share=12.5% device_global=0 rank=0 local_index=0 offset=0 count=1972500
    part[1] cum=25% share=12.5% device_global=1 rank=0 local_index=1 offset=1972500 count=30000
    part[2] cum=37.5% share=12.5% device_global=2 rank=1 local_index=-1 offset=2002500 count=2007500
    part[3] cum=50% share=12.5% device_global=3 rank=1 local_index=-1 offset=4010000 count=32500
    part[4] cum=62.5% share=12.5% device_global=4 rank=2 local_index=-1 offset=4042500 count=1955000
    part[5] cum=75% share=12.5% device_global=5 rank=2 local_index=-1 offset=5997500 count=22500
    part[6] cum=87.5% share=12.5% device_global=6 rank=3 local_index=-1 offset=6020000 count=1962500
    part[7] cum=100% share=12.5% device_global=7 rank=3 local_index=-1 offset=7982500 count=17500
    total=100%
  PROPOSED loads:
    part[0] cum=24.6562% share=24.6562% device_global=0 rank=0 local_index=0 offset=0 count=1972500
    part[1] cum=25.0312% share=0.375001% device_global=1 rank=0 local_index=1 offset=1972500 count=30000
    part[2] cum=50.125% share=25.0938% device_global=2 rank=1 local_index=-1 offset=2002500 count=2007500
    part[3] cum=50.5312% share=0.406247% device_global=3 rank=1 local_index=-1 offset=4010000 count=32500
    part[4] cum=74.9688% share=24.4375% device_global=4 rank=2 local_index=-1 offset=4042500 count=1955000
    part[5] cum=75.25% share=0.28125% device_global=5 rank=2 local_index=-1 offset=5997500 count=22500
    part[6] cum=99.7812% share=24.5313% device_global=6 rank=3 local_index=-1 offset=6020000 count=1962500
    part[7] cum=100% share=0.218749% device_global=7 rank=3 local_index=-1 offset=7982500 count=17500
    total=100%
  CURRENT loads:
    part[0] cum=24.6562% share=24.6562% device_global=0 rank=0 local_index=0 offset=0 count=1972500
    part[1] cum=25.0312% share=0.375001% device_global=1 rank=0 local_index=1 offset=1972500 count=30000
    part[2] cum=50.125% share=25.0938% device_global=2 rank=1 local_index=-1 offset=2002500 count=2007500
    part[3] cum=50.5312% share=0.406247% device_global=3 rank=1 local_index=-1 offset=4010000 count=32500
    part[4] cum=74.9688% share=24.4375% device_global=4 rank=2 local_index=-1 offset=4042500 count=1955000
    part[5] cum=75.25% share=0.28125% device_global=5 rank=2 local_index=-1 offset=5997500 count=22500
    part[6] cum=99.7812% share=24.5313% device_global=6 rank=3 local_index=-1 offset=6020000 count=1962500
    part[7] cum=100% share=0.218749% device_global=7 rank=3 local_index=-1 offset=7982500 count=17500
    total=100%
[DCL][balance-metrics] iteration=1100
  policy=scheduled
  action=skip
  reason=static balance already attempted
  T_compute_interval_s=1.44482
  T_comm_interval_s=4.07043
  T_balance_total_s=0
  T_rebalance_apply_s=0
  T_compute_accum_s=6.90297
  T_comm_accum_s=9.35111
  T_balance_accum_s=0.315412
  T_rebalance_apply_accum_s=0.096744
  device_times_s:
    part[0]=0.938202
    part[1]=0.920566
    part[2]=0.951525
    part[3]=1.14889
    part[4]=0.928934
    part[5]=1.44482
    part[6]=0.930175
    part[7]=1.35768
  OLD loads:
    part[0] cum=24.6562% share=24.6562% device_global=0 rank=0 local_index=0 offset=0 count=1972500
    part[1] cum=25.0312% share=0.375001% device_global=1 rank=0 local_index=1 offset=1972500 count=30000
    part[2] cum=50.125% share=25.0938% device_global=2 rank=1 local_index=-1 offset=2002500 count=2007500
    part[3] cum=50.5312% share=0.406247% device_global=3 rank=1 local_index=-1 offset=4010000 count=32500
    part[4] cum=74.9688% share=24.4375% device_global=4 rank=2 local_index=-1 offset=4042500 count=1955000
    part[5] cum=75.25% share=0.28125% device_global=5 rank=2 local_index=-1 offset=5997500 count=22500
    part[6] cum=99.7812% share=24.5313% device_global=6 rank=3 local_index=-1 offset=6020000 count=1962500
    part[7] cum=100% share=0.218749% device_global=7 rank=3 local_index=-1 offset=7982500 count=17500
    total=100%
  CURRENT loads:
    part[0] cum=24.6562% share=24.6562% device_global=0 rank=0 local_index=0 offset=0 count=1972500
    part[1] cum=25.0312% share=0.375001% device_global=1 rank=0 local_index=1 offset=1972500 count=30000
    part[2] cum=50.125% share=25.0938% device_global=2 rank=1 local_index=-1 offset=2002500 count=2007500
    part[3] cum=50.5312% share=0.406247% device_global=3 rank=1 local_index=-1 offset=4010000 count=32500
    part[4] cum=74.9688% share=24.4375% device_global=4 rank=2 local_index=-1 offset=4042500 count=1955000
    part[5] cum=75.25% share=0.28125% device_global=5 rank=2 local_index=-1 offset=5997500 count=22500
    part[6] cum=99.7812% share=24.5313% device_global=6 rank=3 local_index=-1 offset=6020000 count=1962500
    part[7] cum=100% share=0.218749% device_global=7 rank=3 local_index=-1 offset=7982500 count=17500
    total=100%
[DCL][balance-metrics] iteration=2100
  policy=scheduled
  action=skip
  reason=static balance already attempted
  T_compute_interval_s=1.25708
  T_comm_interval_s=4.13682
  T_balance_total_s=0
  T_rebalance_apply_s=0
  T_compute_accum_s=8.16005
  T_comm_accum_s=13.4879
  T_balance_accum_s=0.315412
  T_rebalance_apply_accum_s=0.096744
  device_times_s:
    part[0]=0.937482
    part[1]=0.888833
    part[2]=0.951088
    part[3]=0.992555
    part[4]=0.92856
    part[5]=1.06919
    part[6]=0.930284
    part[7]=1.25708
  OLD loads:
    part[0] cum=24.6562% share=24.6562% device_global=0 rank=0 local_index=0 offset=0 count=1972500
    part[1] cum=25.0312% share=0.375001% device_global=1 rank=0 local_index=1 offset=1972500 count=30000
    part[2] cum=50.125% share=25.0938% device_global=2 rank=1 local_index=-1 offset=2002500 count=2007500
    part[3] cum=50.5312% share=0.406247% device_global=3 rank=1 local_index=-1 offset=4010000 count=32500
    part[4] cum=74.9688% share=24.4375% device_global=4 rank=2 local_index=-1 offset=4042500 count=1955000
    part[5] cum=75.25% share=0.28125% device_global=5 rank=2 local_index=-1 offset=5997500 count=22500
    part[6] cum=99.7812% share=24.5313% device_global=6 rank=3 local_index=-1 offset=6020000 count=1962500
    part[7] cum=100% share=0.218749% device_global=7 rank=3 local_index=-1 offset=7982500 count=17500
    total=100%
  CURRENT loads:
    part[0] cum=24.6562% share=24.6562% device_global=0 rank=0 local_index=0 offset=0 count=1972500
    part[1] cum=25.0312% share=0.375001% device_global=1 rank=0 local_index=1 offset=1972500 count=30000
    part[2] cum=50.125% share=25.0938% device_global=2 rank=1 local_index=-1 offset=2002500 count=2007500
    part[3] cum=50.5312% share=0.406247% device_global=3 rank=1 local_index=-1 offset=4010000 count=32500
    part[4] cum=74.9688% share=24.4375% device_global=4 rank=2 local_index=-1 offset=4042500 count=1955000
    part[5] cum=75.25% share=0.28125% device_global=5 rank=2 local_index=-1 offset=5997500 count=22500
    part[6] cum=99.7812% share=24.5313% device_global=6 rank=3 local_index=-1 offset=6020000 count=1962500
    part[7] cum=100% share=0.218749% device_global=7 rank=3 local_index=-1 offset=7982500 count=17500
    total=100%
[DCL][balance-metrics] iteration=3100
  policy=scheduled
  action=skip
  reason=static balance already attempted
  T_compute_interval_s=1.04829
  T_comm_interval_s=4.16167
  T_balance_total_s=0
  T_rebalance_apply_s=0
  T_compute_accum_s=9.20833
  T_comm_accum_s=17.6496
  T_balance_accum_s=0.315412
  T_rebalance_apply_accum_s=0.096744
  device_times_s:
    part[0]=0.936939
    part[1]=0.880843
    part[2]=0.95052
    part[3]=0.961986
    part[4]=0.928346
    part[5]=0.898121
    part[6]=0.930052
    part[7]=1.04829
  OLD loads:
    part[0] cum=24.6562% share=24.6562% device_global=0 rank=0 local_index=0 offset=0 count=1972500
    part[1] cum=25.0312% share=0.375001% device_global=1 rank=0 local_index=1 offset=1972500 count=30000
    part[2] cum=50.125% share=25.0938% device_global=2 rank=1 local_index=-1 offset=2002500 count=2007500
    part[3] cum=50.5312% share=0.406247% device_global=3 rank=1 local_index=-1 offset=4010000 count=32500
    part[4] cum=74.9688% share=24.4375% device_global=4 rank=2 local_index=-1 offset=4042500 count=1955000
    part[5] cum=75.25% share=0.28125% device_global=5 rank=2 local_index=-1 offset=5997500 count=22500
    part[6] cum=99.7812% share=24.5313% device_global=6 rank=3 local_index=-1 offset=6020000 count=1962500
    part[7] cum=100% share=0.218749% device_global=7 rank=3 local_index=-1 offset=7982500 count=17500
    total=100%
  CURRENT loads:
    part[0] cum=24.6562% share=24.6562% device_global=0 rank=0 local_index=0 offset=0 count=1972500
    part[1] cum=25.0312% share=0.375001% device_global=1 rank=0 local_index=1 offset=1972500 count=30000
    part[2] cum=50.125% share=25.0938% device_global=2 rank=1 local_index=-1 offset=2002500 count=2007500
    part[3] cum=50.5312% share=0.406247% device_global=3 rank=1 local_index=-1 offset=4010000 count=32500
    part[4] cum=74.9688% share=24.4375% device_global=4 rank=2 local_index=-1 offset=4042500 count=1955000
    part[5] cum=75.25% share=0.28125% device_global=5 rank=2 local_index=-1 offset=5997500 count=22500
    part[6] cum=99.7812% share=24.5313% device_global=6 rank=3 local_index=-1 offset=6020000 count=1962500
    part[7] cum=100% share=0.218749% device_global=7 rank=3 local_index=-1 offset=7982500 count=17500
    total=100%
[DCL][balance-metrics] iteration=4100
  policy=scheduled
  action=skip
  reason=static balance already attempted
  T_compute_interval_s=0.950606
  T_comm_interval_s=4.17933
  T_balance_total_s=0
  T_rebalance_apply_s=0
  T_compute_accum_s=10.1589
  T_comm_accum_s=21.8289
  T_balance_accum_s=0.315412
  T_rebalance_apply_accum_s=0.096744
  device_times_s:
    part[0]=0.936902
    part[1]=0.880997
    part[2]=0.950606
    part[3]=0.94415
    part[4]=0.928272
    part[5]=0.825134
    part[6]=0.929843
    part[7]=0.845813
  OLD loads:
    part[0] cum=24.6562% share=24.6562% device_global=0 rank=0 local_index=0 offset=0 count=1972500
    part[1] cum=25.0312% share=0.375001% device_global=1 rank=0 local_index=1 offset=1972500 count=30000
    part[2] cum=50.125% share=25.0938% device_global=2 rank=1 local_index=-1 offset=2002500 count=2007500
    part[3] cum=50.5312% share=0.406247% device_global=3 rank=1 local_index=-1 offset=4010000 count=32500
    part[4] cum=74.9688% share=24.4375% device_global=4 rank=2 local_index=-1 offset=4042500 count=1955000
    part[5] cum=75.25% share=0.28125% device_global=5 rank=2 local_index=-1 offset=5997500 count=22500
    part[6] cum=99.7812% share=24.5313% device_global=6 rank=3 local_index=-1 offset=6020000 count=1962500
    part[7] cum=100% share=0.218749% device_global=7 rank=3 local_index=-1 offset=7982500 count=17500
    total=100%
  CURRENT loads:
    part[0] cum=24.6562% share=24.6562% device_global=0 rank=0 local_index=0 offset=0 count=1972500
    part[1] cum=25.0312% share=0.375001% device_global=1 rank=0 local_index=1 offset=1972500 count=30000
    part[2] cum=50.125% share=25.0938% device_global=2 rank=1 local_index=-1 offset=2002500 count=2007500
    part[3] cum=50.5312% share=0.406247% device_global=3 rank=1 local_index=-1 offset=4010000 count=32500
    part[4] cum=74.9688% share=24.4375% device_global=4 rank=2 local_index=-1 offset=4042500 count=1955000
    part[5] cum=75.25% share=0.28125% device_global=5 rank=2 local_index=-1 offset=5997500 count=22500
    part[6] cum=99.7812% share=24.5313% device_global=6 rank=3 local_index=-1 offset=6020000 count=1962500
    part[7] cum=100% share=0.218749% device_global=7 rank=3 local_index=-1 offset=7982500 count=17500
    total=100%
[DCL][balance-metrics] iteration=5100
  policy=scheduled
  action=skip
  reason=static balance already attempted
  T_compute_interval_s=0.953023
  T_comm_interval_s=4.24246
  T_balance_total_s=0
  T_rebalance_apply_s=0
  T_compute_accum_s=11.112
  T_comm_accum_s=26.0714
  T_balance_accum_s=0.315412
  T_rebalance_apply_accum_s=0.096744
  device_times_s:
    part[0]=0.937314
    part[1]=0.877595
    part[2]=0.953023
    part[3]=0.936836
    part[4]=0.930058
    part[5]=0.800479
    part[6]=0.93012
    part[7]=0.769987
  OLD loads:
    part[0] cum=24.6562% share=24.6562% device_global=0 rank=0 local_index=0 offset=0 count=1972500
    part[1] cum=25.0312% share=0.375001% device_global=1 rank=0 local_index=1 offset=1972500 count=30000
    part[2] cum=50.125% share=25.0938% device_global=2 rank=1 local_index=-1 offset=2002500 count=2007500
    part[3] cum=50.5312% share=0.406247% device_global=3 rank=1 local_index=-1 offset=4010000 count=32500
    part[4] cum=74.9688% share=24.4375% device_global=4 rank=2 local_index=-1 offset=4042500 count=1955000
    part[5] cum=75.25% share=0.28125% device_global=5 rank=2 local_index=-1 offset=5997500 count=22500
    part[6] cum=99.7812% share=24.5313% device_global=6 rank=3 local_index=-1 offset=6020000 count=1962500
    part[7] cum=100% share=0.218749% device_global=7 rank=3 local_index=-1 offset=7982500 count=17500
    total=100%
  CURRENT loads:
    part[0] cum=24.6562% share=24.6562% device_global=0 rank=0 local_index=0 offset=0 count=1972500
    part[1] cum=25.0312% share=0.375001% device_global=1 rank=0 local_index=1 offset=1972500 count=30000
    part[2] cum=50.125% share=25.0938% device_global=2 rank=1 local_index=-1 offset=2002500 count=2007500
    part[3] cum=50.5312% share=0.406247% device_global=3 rank=1 local_index=-1 offset=4010000 count=32500
    part[4] cum=74.9688% share=24.4375% device_global=4 rank=2 local_index=-1 offset=4042500 count=1955000
    part[5] cum=75.25% share=0.28125% device_global=5 rank=2 local_index=-1 offset=5997500 count=22500
    part[6] cum=99.7812% share=24.5313% device_global=6 rank=3 local_index=-1 offset=6020000 count=1962500
    part[7] cum=100% share=0.218749% device_global=7 rank=3 local_index=-1 offset=7982500 count=17500
    total=100%
[DCL][balance-metrics] iteration=6100
  policy=scheduled
  action=skip
  reason=static balance already attempted
  T_compute_interval_s=0.950518
  T_comm_interval_s=4.23155
  T_balance_total_s=0
  T_rebalance_apply_s=0
  T_compute_accum_s=12.0625
  T_comm_accum_s=30.3029
  T_balance_accum_s=0.315412
  T_rebalance_apply_accum_s=0.096744
  device_times_s:
    part[0]=0.937278
    part[1]=0.890241
    part[2]=0.950518
    part[3]=0.935556
    part[4]=0.928871
    part[5]=0.775193
    part[6]=0.930281
    part[7]=0.726543
  OLD loads:
    part[0] cum=24.6562% share=24.6562% device_global=0 rank=0 local_index=0 offset=0 count=1972500
    part[1] cum=25.0312% share=0.375001% device_global=1 rank=0 local_index=1 offset=1972500 count=30000
    part[2] cum=50.125% share=25.0938% device_global=2 rank=1 local_index=-1 offset=2002500 count=2007500
    part[3] cum=50.5312% share=0.406247% device_global=3 rank=1 local_index=-1 offset=4010000 count=32500
    part[4] cum=74.9688% share=24.4375% device_global=4 rank=2 local_index=-1 offset=4042500 count=1955000
    part[5] cum=75.25% share=0.28125% device_global=5 rank=2 local_index=-1 offset=5997500 count=22500
    part[6] cum=99.7812% share=24.5313% device_global=6 rank=3 local_index=-1 offset=6020000 count=1962500
    part[7] cum=100% share=0.218749% device_global=7 rank=3 local_index=-1 offset=7982500 count=17500
    total=100%
  CURRENT loads:
    part[0] cum=24.6562% share=24.6562% device_global=0 rank=0 local_index=0 offset=0 count=1972500
    part[1] cum=25.0312% share=0.375001% device_global=1 rank=0 local_index=1 offset=1972500 count=30000
    part[2] cum=50.125% share=25.0938% device_global=2 rank=1 local_index=-1 offset=2002500 count=2007500
    part[3] cum=50.5312% share=0.406247% device_global=3 rank=1 local_index=-1 offset=4010000 count=32500
    part[4] cum=74.9688% share=24.4375% device_global=4 rank=2 local_index=-1 offset=4042500 count=1955000
    part[5] cum=75.25% share=0.28125% device_global=5 rank=2 local_index=-1 offset=5997500 count=22500
    part[6] cum=99.7812% share=24.5313% device_global=6 rank=3 local_index=-1 offset=6020000 count=1962500
    part[7] cum=100% share=0.218749% device_global=7 rank=3 local_index=-1 offset=7982500 count=17500
    total=100%
[DCL][balance-metrics] iteration=7100
  policy=scheduled
  action=skip
  reason=static balance already attempted
  T_compute_interval_s=0.9505
  T_comm_interval_s=4.1789
  T_balance_total_s=0
  T_rebalance_apply_s=0
  T_compute_accum_s=13.013
  T_comm_accum_s=34.4818
  T_balance_accum_s=0.315412
  T_rebalance_apply_accum_s=0.096744
  device_times_s:
    part[0]=0.936524
    part[1]=0.884633
    part[2]=0.9505
    part[3]=0.928326
    part[4]=0.928875
    part[5]=0.757691
    part[6]=0.9299
    part[7]=0.679712
  OLD loads:
    part[0] cum=24.6562% share=24.6562% device_global=0 rank=0 local_index=0 offset=0 count=1972500
    part[1] cum=25.0312% share=0.375001% device_global=1 rank=0 local_index=1 offset=1972500 count=30000
    part[2] cum=50.125% share=25.0938% device_global=2 rank=1 local_index=-1 offset=2002500 count=2007500
    part[3] cum=50.5312% share=0.406247% device_global=3 rank=1 local_index=-1 offset=4010000 count=32500
    part[4] cum=74.9688% share=24.4375% device_global=4 rank=2 local_index=-1 offset=4042500 count=1955000
    part[5] cum=75.25% share=0.28125% device_global=5 rank=2 local_index=-1 offset=5997500 count=22500
    part[6] cum=99.7812% share=24.5313% device_global=6 rank=3 local_index=-1 offset=6020000 count=1962500
    part[7] cum=100% share=0.218749% device_global=7 rank=3 local_index=-1 offset=7982500 count=17500
    total=100%
  CURRENT loads:
    part[0] cum=24.6562% share=24.6562% device_global=0 rank=0 local_index=0 offset=0 count=1972500
    part[1] cum=25.0312% share=0.375001% device_global=1 rank=0 local_index=1 offset=1972500 count=30000
    part[2] cum=50.125% share=25.0938% device_global=2 rank=1 local_index=-1 offset=2002500 count=2007500
    part[3] cum=50.5312% share=0.406247% device_global=3 rank=1 local_index=-1 offset=4010000 count=32500
    part[4] cum=74.9688% share=24.4375% device_global=4 rank=2 local_index=-1 offset=4042500 count=1955000
    part[5] cum=75.25% share=0.28125% device_global=5 rank=2 local_index=-1 offset=5997500 count=22500
    part[6] cum=99.7812% share=24.5313% device_global=6 rank=3 local_index=-1 offset=6020000 count=1962500
    part[7] cum=100% share=0.218749% device_global=7 rank=3 local_index=-1 offset=7982500 count=17500
    total=100%
[DCL][balance-metrics] iteration=8100
  policy=scheduled
  action=skip
  reason=static balance already attempted
  T_compute_interval_s=0.950644
  T_comm_interval_s=4.24714
  T_balance_total_s=0
  T_rebalance_apply_s=0
  T_compute_accum_s=13.9636
  T_comm_accum_s=38.729
  T_balance_accum_s=0.315412
  T_rebalance_apply_accum_s=0.096744
  device_times_s:
    part[0]=0.936661
    part[1]=0.883435
    part[2]=0.950644
    part[3]=0.931373
    part[4]=0.928771
    part[5]=0.746281
    part[6]=0.92995
    part[7]=0.664221
  OLD loads:
    part[0] cum=24.6562% share=24.6562% device_global=0 rank=0 local_index=0 offset=0 count=1972500
    part[1] cum=25.0312% share=0.375001% device_global=1 rank=0 local_index=1 offset=1972500 count=30000
    part[2] cum=50.125% share=25.0938% device_global=2 rank=1 local_index=-1 offset=2002500 count=2007500
    part[3] cum=50.5312% share=0.406247% device_global=3 rank=1 local_index=-1 offset=4010000 count=32500
    part[4] cum=74.9688% share=24.4375% device_global=4 rank=2 local_index=-1 offset=4042500 count=1955000
    part[5] cum=75.25% share=0.28125% device_global=5 rank=2 local_index=-1 offset=5997500 count=22500
    part[6] cum=99.7812% share=24.5313% device_global=6 rank=3 local_index=-1 offset=6020000 count=1962500
    part[7] cum=100% share=0.218749% device_global=7 rank=3 local_index=-1 offset=7982500 count=17500
    total=100%
  CURRENT loads:
    part[0] cum=24.6562% share=24.6562% device_global=0 rank=0 local_index=0 offset=0 count=1972500
    part[1] cum=25.0312% share=0.375001% device_global=1 rank=0 local_index=1 offset=1972500 count=30000
    part[2] cum=50.125% share=25.0938% device_global=2 rank=1 local_index=-1 offset=2002500 count=2007500
    part[3] cum=50.5312% share=0.406247% device_global=3 rank=1 local_index=-1 offset=4010000 count=32500
    part[4] cum=74.9688% share=24.4375% device_global=4 rank=2 local_index=-1 offset=4042500 count=1955000
    part[5] cum=75.25% share=0.28125% device_global=5 rank=2 local_index=-1 offset=5997500 count=22500
    part[6] cum=99.7812% share=24.5313% device_global=6 rank=3 local_index=-1 offset=6020000 count=1962500
    part[7] cum=100% share=0.218749% device_global=7 rank=3 local_index=-1 offset=7982500 count=17500
    total=100%
[DCL][balance-metrics] iteration=9100
  policy=scheduled
  action=skip
  reason=static balance already attempted
  T_compute_interval_s=0.95046
  T_comm_interval_s=4.19752
  T_balance_total_s=0
  T_rebalance_apply_s=0
  T_compute_accum_s=14.9141
  T_comm_accum_s=42.9265
  T_balance_accum_s=0.315412
  T_rebalance_apply_accum_s=0.096744
  device_times_s:
    part[0]=0.936361
    part[1]=0.874088
    part[2]=0.95046
    part[3]=0.925439
    part[4]=0.929185
    part[5]=0.725311
    part[6]=0.92992
    part[7]=0.643095
  OLD loads:
    part[0] cum=24.6562% share=24.6562% device_global=0 rank=0 local_index=0 offset=0 count=1972500
    part[1] cum=25.0312% share=0.375001% device_global=1 rank=0 local_index=1 offset=1972500 count=30000
    part[2] cum=50.125% share=25.0938% device_global=2 rank=1 local_index=-1 offset=2002500 count=2007500
    part[3] cum=50.5312% share=0.406247% device_global=3 rank=1 local_index=-1 offset=4010000 count=32500
    part[4] cum=74.9688% share=24.4375% device_global=4 rank=2 local_index=-1 offset=4042500 count=1955000
    part[5] cum=75.25% share=0.28125% device_global=5 rank=2 local_index=-1 offset=5997500 count=22500
    part[6] cum=99.7812% share=24.5313% device_global=6 rank=3 local_index=-1 offset=6020000 count=1962500
    part[7] cum=100% share=0.218749% device_global=7 rank=3 local_index=-1 offset=7982500 count=17500
    total=100%
  CURRENT loads:
    part[0] cum=24.6562% share=24.6562% device_global=0 rank=0 local_index=0 offset=0 count=1972500
    part[1] cum=25.0312% share=0.375001% device_global=1 rank=0 local_index=1 offset=1972500 count=30000
    part[2] cum=50.125% share=25.0938% device_global=2 rank=1 local_index=-1 offset=2002500 count=2007500
    part[3] cum=50.5312% share=0.406247% device_global=3 rank=1 local_index=-1 offset=4010000 count=32500
    part[4] cum=74.9688% share=24.4375% device_global=4 rank=2 local_index=-1 offset=4042500 count=1955000
    part[5] cum=75.25% share=0.28125% device_global=5 rank=2 local_index=-1 offset=5997500 count=22500
    part[6] cum=99.7812% share=24.5313% device_global=6 rank=3 local_index=-1 offset=6020000 count=1962500
    part[7] cum=100% share=0.218749% device_global=7 rank=3 local_index=-1 offset=7982500 count=17500
    total=100%

=== PARTICOES FINAIS ===
=== Particoes globais ===
part[0] device_global=0 rank=0 local_index=0 offset=0 count=1972500
part[1] device_global=1 rank=0 local_index=1 offset=1972500 count=30000
part[2] device_global=2 rank=1 local_index=-1 offset=2002500 count=2007500
part[3] device_global=3 rank=1 local_index=-1 offset=4010000 count=32500
part[4] device_global=4 rank=2 local_index=-1 offset=4042500 count=1955000
part[5] device_global=5 rank=2 local_index=-1 offset=5997500 count=22500
part[6] device_global=6 rank=3 local_index=-1 offset=6020000 count=1962500
part[7] device_global=7 rank=3 local_index=-1 offset=7982500 count=17500


============================
ITERACAO 10000
Tempo de execução: 55.0819s
