=== Dispositivos locais do rank 3 ===
global=6 local=0 nome="NVIDIA RTX 2000 Ada Generation" compute_units=22
global=7 local=1 nome="Intel(R) Xeon(R) CPU           E5620  @ 2.40GHz" compute_units=16

=== Dispositivos locais do rank 1 ===
global=2 local=0 nome="NVIDIA RTX 2000 Ada Generation" compute_units=22
global=3 local=1 nome="Intel(R) Xeon(R) CPU           E5620  @ 2.40GHz" compute_units=16

=== Dispositivos locais do rank 2 ===
global=4 local=0 nome="NVIDIA RTX 2000 Ada Generation" compute_units=22
global=5 local=1 nome="Intel(R) Xeon(R) CPU           E5620  @ 2.40GHz" compute_units=16

=== Dispositivos locais do rank 0 ===
global=0 local=0 nome="NVIDIA RTX 2000 Ada Generation" compute_units=22
global=1 local=1 nome="Intel(R) Xeon(R) CPU           E5620  @ 2.40GHz" compute_units=16

=== PARTICOES INICIAIS ===
=== Particoes globais ===
part[0] device_global=0 rank=0 local_index=0 offset=0 count=1000000
part[1] device_global=1 rank=0 local_index=1 offset=1000000 count=1000000
part[2] device_global=2 rank=1 local_index=-1 offset=2000000 count=1000000
part[3] device_global=3 rank=1 local_index=-1 offset=3000000 count=1000000
part[4] device_global=4 rank=2 local_index=-1 offset=4000000 count=1000000
part[5] device_global=5 rank=2 local_index=-1 offset=5000000 count=1000000
part[6] device_global=6 rank=3 local_index=-1 offset=6000000 count=1000000
part[7] device_global=7 rank=3 local_index=-1 offset=7000000 count=1000000

X = 50 Y = 50 Z = 3200 Iterations = 10000
[DCL][balance-metrics] iteration=100
  policy=profiled
  action=rebalance
  reason=adaptive decision accepted; remaining_iterations=9900, gain_total=52.8597, migration_cost=0.0245671, max_migrated_bytes=1360000, T_comp_int_per_iter=0.00543764, T_comp_bal_per_iter=9.8271e-05
  T_compute_interval_s=5.43764
  T_comm_interval_s=5.24723
  T_balance_total_s=0.293474
  T_rebalance_apply_s=0.0746647
  T_compute_accum_s=5.43764
  T_comm_accum_s=5.24723
  T_balance_accum_s=0.293474
  T_rebalance_apply_accum_s=0.0746647
  device_times_s:
    part[0]=0.0485346
    part[1]=3.02372
    part[2]=0.0480634
    part[3]=3.05528
    part[4]=0.0491513
    part[5]=4.27224
    part[6]=0.0489865
    part[7]=5.43764
  OLD loads:
    part[0] cum=12.5% share=12.5% device_global=0 rank=0 local_index=0 offset=0 count=1980000
    part[1] cum=25% share=12.5% device_global=1 rank=0 local_index=1 offset=1980000 count=32500
    part[2] cum=37.5% share=12.5% device_global=2 rank=1 local_index=-1 offset=2012500 count=2000000
    part[3] cum=50% share=12.5% device_global=3 rank=1 local_index=-1 offset=4012500 count=30000
    part[4] cum=62.5% share=12.5% device_global=4 rank=2 local_index=-1 offset=4042500 count=1955000
    part[5] cum=75% share=12.5% device_global=5 rank=2 local_index=-1 offset=5997500 count=22500
    part[6] cum=87.5% share=12.5% device_global=6 rank=3 local_index=-1 offset=6020000 count=1962500
    part[7] cum=100% share=12.5% device_global=7 rank=3 local_index=-1 offset=7982500 count=17500
    total=100%
  PROPOSED loads:
    part[0] cum=24.75% share=24.75% device_global=0 rank=0 local_index=0 offset=0 count=1980000
    part[1] cum=25.1562% share=0.40625% device_global=1 rank=0 local_index=1 offset=1980000 count=32500
    part[2] cum=50.1562% share=25% device_global=2 rank=1 local_index=-1 offset=2012500 count=2000000
    part[3] cum=50.5312% share=0.375003% device_global=3 rank=1 local_index=-1 offset=4012500 count=30000
    part[4] cum=74.9688% share=24.4375% device_global=4 rank=2 local_index=-1 offset=4042500 count=1955000
    part[5] cum=75.25% share=0.28125% device_global=5 rank=2 local_index=-1 offset=5997500 count=22500
    part[6] cum=99.7812% share=24.5313% device_global=6 rank=3 local_index=-1 offset=6020000 count=1962500
    part[7] cum=100% share=0.218749% device_global=7 rank=3 local_index=-1 offset=7982500 count=17500
    total=100%
  CURRENT loads:
    part[0] cum=24.75% share=24.75% device_global=0 rank=0 local_index=0 offset=0 count=1980000
    part[1] cum=25.1562% share=0.40625% device_global=1 rank=0 local_index=1 offset=1980000 count=32500
    part[2] cum=50.1562% share=25% device_global=2 rank=1 local_index=-1 offset=2012500 count=2000000
    part[3] cum=50.5312% share=0.375003% device_global=3 rank=1 local_index=-1 offset=4012500 count=30000
    part[4] cum=74.9688% share=24.4375% device_global=4 rank=2 local_index=-1 offset=4042500 count=1955000
    part[5] cum=75.25% share=0.28125% device_global=5 rank=2 local_index=-1 offset=5997500 count=22500
    part[6] cum=99.7812% share=24.5313% device_global=6 rank=3 local_index=-1 offset=6020000 count=1962500
    part[7] cum=100% share=0.218749% device_global=7 rank=3 local_index=-1 offset=7982500 count=17500
    total=100%
[DCL][balance-metrics] iteration=1100
  policy=scheduled
  action=skip
  reason=static balance already attempted
  T_compute_interval_s=1.4255
  T_comm_interval_s=4.29893
  T_balance_total_s=0
  T_rebalance_apply_s=0
  T_compute_accum_s=6.86314
  T_comm_accum_s=9.54616
  T_balance_accum_s=0.293474
  T_rebalance_apply_accum_s=0.0746647
  device_times_s:
    part[0]=0.940774
    part[1]=0.977084
    part[2]=0.948075
    part[3]=1.08625
    part[4]=0.929292
    part[5]=1.4255
    part[6]=0.93018
    part[7]=1.35737
  OLD loads:
    part[0] cum=24.75% share=24.75% device_global=0 rank=0 local_index=0 offset=0 count=1980000
    part[1] cum=25.1562% share=0.40625% device_global=1 rank=0 local_index=1 offset=1980000 count=32500
    part[2] cum=50.1562% share=25% device_global=2 rank=1 local_index=-1 offset=2012500 count=2000000
    part[3] cum=50.5312% share=0.375003% device_global=3 rank=1 local_index=-1 offset=4012500 count=30000
    part[4] cum=74.9688% share=24.4375% device_global=4 rank=2 local_index=-1 offset=4042500 count=1955000
    part[5] cum=75.25% share=0.28125% device_global=5 rank=2 local_index=-1 offset=5997500 count=22500
    part[6] cum=99.7812% share=24.5313% device_global=6 rank=3 local_index=-1 offset=6020000 count=1962500
    part[7] cum=100% share=0.218749% device_global=7 rank=3 local_index=-1 offset=7982500 count=17500
    total=100%
  CURRENT loads:
    part[0] cum=24.75% share=24.75% device_global=0 rank=0 local_index=0 offset=0 count=1980000
    part[1] cum=25.1562% share=0.40625% device_global=1 rank=0 local_index=1 offset=1980000 count=32500
    part[2] cum=50.1562% share=25% device_global=2 rank=1 local_index=-1 offset=2012500 count=2000000
    part[3] cum=50.5312% share=0.375003% device_global=3 rank=1 local_index=-1 offset=4012500 count=30000
    part[4] cum=74.9688% share=24.4375% device_global=4 rank=2 local_index=-1 offset=4042500 count=1955000
    part[5] cum=75.25% share=0.28125% device_global=5 rank=2 local_index=-1 offset=5997500 count=22500
    part[6] cum=99.7812% share=24.5313% device_global=6 rank=3 local_index=-1 offset=6020000 count=1962500
    part[7] cum=100% share=0.218749% device_global=7 rank=3 local_index=-1 offset=7982500 count=17500
    total=100%
[DCL][balance-metrics] iteration=2100
  policy=scheduled
  action=skip
  reason=static balance already attempted
  T_compute_interval_s=1.27115
  T_comm_interval_s=4.3544
  T_balance_total_s=0
  T_rebalance_apply_s=0
  T_compute_accum_s=8.13429
  T_comm_accum_s=13.9006
  T_balance_accum_s=0.293474
  T_rebalance_apply_accum_s=0.0746647
  device_times_s:
    part[0]=0.940343
    part[1]=0.943457
    part[2]=0.947046
    part[3]=0.932716
    part[4]=0.928899
    part[5]=1.06714
    part[6]=0.930307
    part[7]=1.27115
  OLD loads:
    part[0] cum=24.75% share=24.75% device_global=0 rank=0 local_index=0 offset=0 count=1980000
    part[1] cum=25.1562% share=0.40625% device_global=1 rank=0 local_index=1 offset=1980000 count=32500
    part[2] cum=50.1562% share=25% device_global=2 rank=1 local_index=-1 offset=2012500 count=2000000
    part[3] cum=50.5312% share=0.375003% device_global=3 rank=1 local_index=-1 offset=4012500 count=30000
    part[4] cum=74.9688% share=24.4375% device_global=4 rank=2 local_index=-1 offset=4042500 count=1955000
    part[5] cum=75.25% share=0.28125% device_global=5 rank=2 local_index=-1 offset=5997500 count=22500
    part[6] cum=99.7812% share=24.5313% device_global=6 rank=3 local_index=-1 offset=6020000 count=1962500
    part[7] cum=100% share=0.218749% device_global=7 rank=3 local_index=-1 offset=7982500 count=17500
    total=100%
  CURRENT loads:
    part[0] cum=24.75% share=24.75% device_global=0 rank=0 local_index=0 offset=0 count=1980000
    part[1] cum=25.1562% share=0.40625% device_global=1 rank=0 local_index=1 offset=1980000 count=32500
    part[2] cum=50.1562% share=25% device_global=2 rank=1 local_index=-1 offset=2012500 count=2000000
    part[3] cum=50.5312% share=0.375003% device_global=3 rank=1 local_index=-1 offset=4012500 count=30000
    part[4] cum=74.9688% share=24.4375% device_global=4 rank=2 local_index=-1 offset=4042500 count=1955000
    part[5] cum=75.25% share=0.28125% device_global=5 rank=2 local_index=-1 offset=5997500 count=22500
    part[6] cum=99.7812% share=24.5313% device_global=6 rank=3 local_index=-1 offset=6020000 count=1962500
    part[7] cum=100% share=0.218749% device_global=7 rank=3 local_index=-1 offset=7982500 count=17500
    total=100%
[DCL][balance-metrics] iteration=3100
  policy=scheduled
  action=skip
  reason=static balance already attempted
  T_compute_interval_s=1.03659
  T_comm_interval_s=4.38194
  T_balance_total_s=0
  T_rebalance_apply_s=0
  T_compute_accum_s=9.17088
  T_comm_accum_s=18.2825
  T_balance_accum_s=0.293474
  T_rebalance_apply_accum_s=0.0746647
  device_times_s:
    part[0]=0.939773
    part[1]=0.92927
    part[2]=0.946941
    part[3]=0.907605
    part[4]=0.928843
    part[5]=0.883572
    part[6]=0.930098
    part[7]=1.03659
  OLD loads:
    part[0] cum=24.75% share=24.75% device_global=0 rank=0 local_index=0 offset=0 count=1980000
    part[1] cum=25.1562% share=0.40625% device_global=1 rank=0 local_index=1 offset=1980000 count=32500
    part[2] cum=50.1562% share=25% device_global=2 rank=1 local_index=-1 offset=2012500 count=2000000
    part[3] cum=50.5312% share=0.375003% device_global=3 rank=1 local_index=-1 offset=4012500 count=30000
    part[4] cum=74.9688% share=24.4375% device_global=4 rank=2 local_index=-1 offset=4042500 count=1955000
    part[5] cum=75.25% share=0.28125% device_global=5 rank=2 local_index=-1 offset=5997500 count=22500
    part[6] cum=99.7812% share=24.5313% device_global=6 rank=3 local_index=-1 offset=6020000 count=1962500
    part[7] cum=100% share=0.218749% device_global=7 rank=3 local_index=-1 offset=7982500 count=17500
    total=100%
  CURRENT loads:
    part[0] cum=24.75% share=24.75% device_global=0 rank=0 local_index=0 offset=0 count=1980000
    part[1] cum=25.1562% share=0.40625% device_global=1 rank=0 local_index=1 offset=1980000 count=32500
    part[2] cum=50.1562% share=25% device_global=2 rank=1 local_index=-1 offset=2012500 count=2000000
    part[3] cum=50.5312% share=0.375003% device_global=3 rank=1 local_index=-1 offset=4012500 count=30000
    part[4] cum=74.9688% share=24.4375% device_global=4 rank=2 local_index=-1 offset=4042500 count=1955000
    part[5] cum=75.25% share=0.28125% device_global=5 rank=2 local_index=-1 offset=5997500 count=22500
    part[6] cum=99.7812% share=24.5313% device_global=6 rank=3 local_index=-1 offset=6020000 count=1962500
    part[7] cum=100% share=0.218749% device_global=7 rank=3 local_index=-1 offset=7982500 count=17500
    total=100%
[DCL][balance-metrics] iteration=4100
  policy=scheduled
  action=skip
  reason=static balance already attempted
  T_compute_interval_s=0.946869
  T_comm_interval_s=4.3954
  T_balance_total_s=0
  T_rebalance_apply_s=0
  T_compute_accum_s=10.1177
  T_comm_accum_s=22.6779
  T_balance_accum_s=0.293474
  T_rebalance_apply_accum_s=0.0746647
  device_times_s:
    part[0]=0.939679
    part[1]=0.930491
    part[2]=0.946869
    part[3]=0.89486
    part[4]=0.928756
    part[5]=0.818915
    part[6]=0.93028
    part[7]=0.857947
  OLD loads:
    part[0] cum=24.75% share=24.75% device_global=0 rank=0 local_index=0 offset=0 count=1980000
    part[1] cum=25.1562% share=0.40625% device_global=1 rank=0 local_index=1 offset=1980000 count=32500
    part[2] cum=50.1562% share=25% device_global=2 rank=1 local_index=-1 offset=2012500 count=2000000
    part[3] cum=50.5312% share=0.375003% device_global=3 rank=1 local_index=-1 offset=4012500 count=30000
    part[4] cum=74.9688% share=24.4375% device_global=4 rank=2 local_index=-1 offset=4042500 count=1955000
    part[5] cum=75.25% share=0.28125% device_global=5 rank=2 local_index=-1 offset=5997500 count=22500
    part[6] cum=99.7812% share=24.5313% device_global=6 rank=3 local_index=-1 offset=6020000 count=1962500
    part[7] cum=100% share=0.218749% device_global=7 rank=3 local_index=-1 offset=7982500 count=17500
    total=100%
  CURRENT loads:
    part[0] cum=24.75% share=24.75% device_global=0 rank=0 local_index=0 offset=0 count=1980000
    part[1] cum=25.1562% share=0.40625% device_global=1 rank=0 local_index=1 offset=1980000 count=32500
    part[2] cum=50.1562% share=25% device_global=2 rank=1 local_index=-1 offset=2012500 count=2000000
    part[3] cum=50.5312% share=0.375003% device_global=3 rank=1 local_index=-1 offset=4012500 count=30000
    part[4] cum=74.9688% share=24.4375% device_global=4 rank=2 local_index=-1 offset=4042500 count=1955000
    part[5] cum=75.25% share=0.28125% device_global=5 rank=2 local_index=-1 offset=5997500 count=22500
    part[6] cum=99.7812% share=24.5313% device_global=6 rank=3 local_index=-1 offset=6020000 count=1962500
    part[7] cum=100% share=0.218749% device_global=7 rank=3 local_index=-1 offset=7982500 count=17500
    total=100%
[DCL][balance-metrics] iteration=5100
  policy=scheduled
  action=skip
  reason=static balance already attempted
  T_compute_interval_s=0.947462
  T_comm_interval_s=4.39339
  T_balance_total_s=0
  T_rebalance_apply_s=0
  T_compute_accum_s=11.0652
  T_comm_accum_s=27.0713
  T_balance_accum_s=0.293474
  T_rebalance_apply_accum_s=0.0746647
  device_times_s:
    part[0]=0.939902
    part[1]=0.928322
    part[2]=0.947462
    part[3]=0.894379
    part[4]=0.928478
    part[5]=0.779218
    part[6]=0.930038
    part[7]=0.76861
  OLD loads:
    part[0] cum=24.75% share=24.75% device_global=0 rank=0 local_index=0 offset=0 count=1980000
    part[1] cum=25.1562% share=0.40625% device_global=1 rank=0 local_index=1 offset=1980000 count=32500
    part[2] cum=50.1562% share=25% device_global=2 rank=1 local_index=-1 offset=2012500 count=2000000
    part[3] cum=50.5312% share=0.375003% device_global=3 rank=1 local_index=-1 offset=4012500 count=30000
    part[4] cum=74.9688% share=24.4375% device_global=4 rank=2 local_index=-1 offset=4042500 count=1955000
    part[5] cum=75.25% share=0.28125% device_global=5 rank=2 local_index=-1 offset=5997500 count=22500
    part[6] cum=99.7812% share=24.5313% device_global=6 rank=3 local_index=-1 offset=6020000 count=1962500
    part[7] cum=100% share=0.218749% device_global=7 rank=3 local_index=-1 offset=7982500 count=17500
    total=100%
  CURRENT loads:
    part[0] cum=24.75% share=24.75% device_global=0 rank=0 local_index=0 offset=0 count=1980000
    part[1] cum=25.1562% share=0.40625% device_global=1 rank=0 local_index=1 offset=1980000 count=32500
    part[2] cum=50.1562% share=25% device_global=2 rank=1 local_index=-1 offset=2012500 count=2000000
    part[3] cum=50.5312% share=0.375003% device_global=3 rank=1 local_index=-1 offset=4012500 count=30000
    part[4] cum=74.9688% share=24.4375% device_global=4 rank=2 local_index=-1 offset=4042500 count=1955000
    part[5] cum=75.25% share=0.28125% device_global=5 rank=2 local_index=-1 offset=5997500 count=22500
    part[6] cum=99.7812% share=24.5313% device_global=6 rank=3 local_index=-1 offset=6020000 count=1962500
    part[7] cum=100% share=0.218749% device_global=7 rank=3 local_index=-1 offset=7982500 count=17500
    total=100%
[DCL][balance-metrics] iteration=6100
  policy=scheduled
  action=skip
  reason=static balance already attempted
  T_compute_interval_s=0.946834
  T_comm_interval_s=4.48609
  T_balance_total_s=0
  T_rebalance_apply_s=0
  T_compute_accum_s=12.012
  T_comm_accum_s=31.5574
  T_balance_accum_s=0.293474
  T_rebalance_apply_accum_s=0.0746647
  device_times_s:
    part[0]=0.939498
    part[1]=0.932653
    part[2]=0.946834
    part[3]=0.876223
    part[4]=0.928941
    part[5]=0.759902
    part[6]=0.93046
    part[7]=0.730681
  OLD loads:
    part[0] cum=24.75% share=24.75% device_global=0 rank=0 local_index=0 offset=0 count=1980000
    part[1] cum=25.1562% share=0.40625% device_global=1 rank=0 local_index=1 offset=1980000 count=32500
    part[2] cum=50.1562% share=25% device_global=2 rank=1 local_index=-1 offset=2012500 count=2000000
    part[3] cum=50.5312% share=0.375003% device_global=3 rank=1 local_index=-1 offset=4012500 count=30000
    part[4] cum=74.9688% share=24.4375% device_global=4 rank=2 local_index=-1 offset=4042500 count=1955000
    part[5] cum=75.25% share=0.28125% device_global=5 rank=2 local_index=-1 offset=5997500 count=22500
    part[6] cum=99.7812% share=24.5313% device_global=6 rank=3 local_index=-1 offset=6020000 count=1962500
    part[7] cum=100% share=0.218749% device_global=7 rank=3 local_index=-1 offset=7982500 count=17500
    total=100%
  CURRENT loads:
    part[0] cum=24.75% share=24.75% device_global=0 rank=0 local_index=0 offset=0 count=1980000
    part[1] cum=25.1562% share=0.40625% device_global=1 rank=0 local_index=1 offset=1980000 count=32500
    part[2] cum=50.1562% share=25% device_global=2 rank=1 local_index=-1 offset=2012500 count=2000000
    part[3] cum=50.5312% share=0.375003% device_global=3 rank=1 local_index=-1 offset=4012500 count=30000
    part[4] cum=74.9688% share=24.4375% device_global=4 rank=2 local_index=-1 offset=4042500 count=1955000
    part[5] cum=75.25% share=0.28125% device_global=5 rank=2 local_index=-1 offset=5997500 count=22500
    part[6] cum=99.7812% share=24.5313% device_global=6 rank=3 local_index=-1 offset=6020000 count=1962500
    part[7] cum=100% share=0.218749% device_global=7 rank=3 local_index=-1 offset=7982500 count=17500
    total=100%
[DCL][balance-metrics] iteration=7100
  policy=scheduled
  action=skip
  reason=static balance already attempted
  T_compute_interval_s=0.947462
  T_comm_interval_s=4.43768
  T_balance_total_s=0
  T_rebalance_apply_s=0
  T_compute_accum_s=12.9595
  T_comm_accum_s=35.9951
  T_balance_accum_s=0.293474
  T_rebalance_apply_accum_s=0.0746647
  device_times_s:
    part[0]=0.939585
    part[1]=0.93448
    part[2]=0.947462
    part[3]=0.882987
    part[4]=0.928911
    part[5]=0.747599
    part[6]=0.930054
    part[7]=0.691617
  OLD loads:
    part[0] cum=24.75% share=24.75% device_global=0 rank=0 local_index=0 offset=0 count=1980000
    part[1] cum=25.1562% share=0.40625% device_global=1 rank=0 local_index=1 offset=1980000 count=32500
    part[2] cum=50.1562% share=25% device_global=2 rank=1 local_index=-1 offset=2012500 count=2000000
    part[3] cum=50.5312% share=0.375003% device_global=3 rank=1 local_index=-1 offset=4012500 count=30000
    part[4] cum=74.9688% share=24.4375% device_global=4 rank=2 local_index=-1 offset=4042500 count=1955000
    part[5] cum=75.25% share=0.28125% device_global=5 rank=2 local_index=-1 offset=5997500 count=22500
    part[6] cum=99.7812% share=24.5313% device_global=6 rank=3 local_index=-1 offset=6020000 count=1962500
    part[7] cum=100% share=0.218749% device_global=7 rank=3 local_index=-1 offset=7982500 count=17500
    total=100%
  CURRENT loads:
    part[0] cum=24.75% share=24.75% device_global=0 rank=0 local_index=0 offset=0 count=1980000
    part[1] cum=25.1562% share=0.40625% device_global=1 rank=0 local_index=1 offset=1980000 count=32500
    part[2] cum=50.1562% share=25% device_global=2 rank=1 local_index=-1 offset=2012500 count=2000000
    part[3] cum=50.5312% share=0.375003% device_global=3 rank=1 local_index=-1 offset=4012500 count=30000
    part[4] cum=74.9688% share=24.4375% device_global=4 rank=2 local_index=-1 offset=4042500 count=1955000
    part[5] cum=75.25% share=0.28125% device_global=5 rank=2 local_index=-1 offset=5997500 count=22500
    part[6] cum=99.7812% share=24.5313% device_global=6 rank=3 local_index=-1 offset=6020000 count=1962500
    part[7] cum=100% share=0.218749% device_global=7 rank=3 local_index=-1 offset=7982500 count=17500
    total=100%
[DCL][balance-metrics] iteration=8100
  policy=scheduled
  action=skip
  reason=static balance already attempted
  T_compute_interval_s=0.946989
  T_comm_interval_s=4.41194
  T_balance_total_s=0
  T_rebalance_apply_s=0
  T_compute_accum_s=13.9065
  T_comm_accum_s=40.407
  T_balance_accum_s=0.293474
  T_rebalance_apply_accum_s=0.0746647
  device_times_s:
    part[0]=0.939941
    part[1]=0.932073
    part[2]=0.946989
    part[3]=0.876994
    part[4]=0.929003
    part[5]=0.726023
    part[6]=0.930081
    part[7]=0.664433
  OLD loads:
    part[0] cum=24.75% share=24.75% device_global=0 rank=0 local_index=0 offset=0 count=1980000
    part[1] cum=25.1562% share=0.40625% device_global=1 rank=0 local_index=1 offset=1980000 count=32500
    part[2] cum=50.1562% share=25% device_global=2 rank=1 local_index=-1 offset=2012500 count=2000000
    part[3] cum=50.5312% share=0.375003% device_global=3 rank=1 local_index=-1 offset=4012500 count=30000
    part[4] cum=74.9688% share=24.4375% device_global=4 rank=2 local_index=-1 offset=4042500 count=1955000
    part[5] cum=75.25% share=0.28125% device_global=5 rank=2 local_index=-1 offset=5997500 count=22500
    part[6] cum=99.7812% share=24.5313% device_global=6 rank=3 local_index=-1 offset=6020000 count=1962500
    part[7] cum=100% share=0.218749% device_global=7 rank=3 local_index=-1 offset=7982500 count=17500
    total=100%
  CURRENT loads:
    part[0] cum=24.75% share=24.75% device_global=0 rank=0 local_index=0 offset=0 count=1980000
    part[1] cum=25.1562% share=0.40625% device_global=1 rank=0 local_index=1 offset=1980000 count=32500
    part[2] cum=50.1562% share=25% device_global=2 rank=1 local_index=-1 offset=2012500 count=2000000
    part[3] cum=50.5312% share=0.375003% device_global=3 rank=1 local_index=-1 offset=4012500 count=30000
    part[4] cum=74.9688% share=24.4375% device_global=4 rank=2 local_index=-1 offset=4042500 count=1955000
    part[5] cum=75.25% share=0.28125% device_global=5 rank=2 local_index=-1 offset=5997500 count=22500
    part[6] cum=99.7812% share=24.5313% device_global=6 rank=3 local_index=-1 offset=6020000 count=1962500
    part[7] cum=100% share=0.218749% device_global=7 rank=3 local_index=-1 offset=7982500 count=17500
    total=100%
[DCL][balance-metrics] iteration=9100
  policy=scheduled
  action=skip
  reason=static balance already attempted
  T_compute_interval_s=0.946827
  T_comm_interval_s=4.37891
  T_balance_total_s=0
  T_rebalance_apply_s=0
  T_compute_accum_s=14.8533
  T_comm_accum_s=44.7859
  T_balance_accum_s=0.293474
  T_rebalance_apply_accum_s=0.0746647
  device_times_s:
    part[0]=0.939588
    part[1]=0.933804
    part[2]=0.946827
    part[3]=0.873991
    part[4]=0.929641
    part[5]=0.720573
    part[6]=0.929889
    part[7]=0.640318
  OLD loads:
    part[0] cum=24.75% share=24.75% device_global=0 rank=0 local_index=0 offset=0 count=1980000
    part[1] cum=25.1562% share=0.40625% device_global=1 rank=0 local_index=1 offset=1980000 count=32500
    part[2] cum=50.1562% share=25% device_global=2 rank=1 local_index=-1 offset=2012500 count=2000000
    part[3] cum=50.5312% share=0.375003% device_global=3 rank=1 local_index=-1 offset=4012500 count=30000
    part[4] cum=74.9688% share=24.4375% device_global=4 rank=2 local_index=-1 offset=4042500 count=1955000
    part[5] cum=75.25% share=0.28125% device_global=5 rank=2 local_index=-1 offset=5997500 count=22500
    part[6] cum=99.7812% share=24.5313% device_global=6 rank=3 local_index=-1 offset=6020000 count=1962500
    part[7] cum=100% share=0.218749% device_global=7 rank=3 local_index=-1 offset=7982500 count=17500
    total=100%
  CURRENT loads:
    part[0] cum=24.75% share=24.75% device_global=0 rank=0 local_index=0 offset=0 count=1980000
    part[1] cum=25.1562% share=0.40625% device_global=1 rank=0 local_index=1 offset=1980000 count=32500
    part[2] cum=50.1562% share=25% device_global=2 rank=1 local_index=-1 offset=2012500 count=2000000
    part[3] cum=50.5312% share=0.375003% device_global=3 rank=1 local_index=-1 offset=4012500 count=30000
    part[4] cum=74.9688% share=24.4375% device_global=4 rank=2 local_index=-1 offset=4042500 count=1955000
    part[5] cum=75.25% share=0.28125% device_global=5 rank=2 local_index=-1 offset=5997500 count=22500
    part[6] cum=99.7812% share=24.5313% device_global=6 rank=3 local_index=-1 offset=6020000 count=1962500
    part[7] cum=100% share=0.218749% device_global=7 rank=3 local_index=-1 offset=7982500 count=17500
    total=100%

=== PARTICOES FINAIS ===
=== Particoes globais ===
part[0] device_global=0 rank=0 local_index=0 offset=0 count=1980000
part[1] device_global=1 rank=0 local_index=1 offset=1980000 count=32500
part[2] device_global=2 rank=1 local_index=-1 offset=2012500 count=2000000
part[3] device_global=3 rank=1 local_index=-1 offset=4012500 count=30000
part[4] device_global=4 rank=2 local_index=-1 offset=4042500 count=1955000
part[5] device_global=5 rank=2 local_index=-1 offset=5997500 count=22500
part[6] device_global=6 rank=3 local_index=-1 offset=6020000 count=1962500
part[7] device_global=7 rank=3 local_index=-1 offset=7982500 count=17500


============================
ITERACAO 10000
Tempo de execução: 57.0787s
