=== Dispositivos locais do rank 2 ===
global=4 local=0 nome="NVIDIA RTX 2000 Ada Generation" compute_units=22
global=5 local=1 nome="Intel(R) Xeon(R) CPU           E5620  @ 2.40GHz" compute_units=16

=== Dispositivos locais do rank 3 ===
global=6 local=0 nome="NVIDIA RTX 2000 Ada Generation" compute_units=22
global=7 local=1 nome="Intel(R) Xeon(R) CPU           E5620  @ 2.40GHz" compute_units=16

=== Dispositivos locais do rank 0 ===
global=0 local=0 nome="NVIDIA RTX 2000 Ada Generation" compute_units=22
global=1 local=1 nome="Intel(R) Xeon(R) CPU           E5620  @ 2.40GHz" compute_units=16

=== Dispositivos locais do rank 1 ===
global=2 local=0 nome="NVIDIA RTX 2000 Ada Generation" compute_units=22
global=3 local=1 nome="Intel(R) Xeon(R) CPU           E5620  @ 2.40GHz" compute_units=16

=== PARTICOES INICIAIS ===
=== Particoes globais ===
part[0] device_global=0 rank=0 local_index=0 offset=0 count=1000000
part[1] device_global=1 rank=0 local_index=1 offset=1000000 count=1000000
part[2] device_global=2 rank=1 local_index=-1 offset=2000000 count=1000000
part[3] device_global=3 rank=1 local_index=-1 offset=3000000 count=1000000
part[4] device_global=4 rank=2 local_index=-1 offset=4000000 count=1000000
part[5] device_global=5 rank=2 local_index=-1 offset=5000000 count=1000000
part[6] device_global=6 rank=3 local_index=-1 offset=6000000 count=1000000
part[7] device_global=7 rank=3 local_index=-1 offset=7000000 count=1000000

X = 50 Y = 50 Z = 3200 Iterations = 10000
[DCL][balance-metrics] iteration=100
  policy=profiled
  action=rebalance
  reason=adaptive decision accepted; remaining_iterations=9900, gain_total=52.5325, migration_cost=0.0232011, max_migrated_bytes=1280000, T_comp_int_per_iter=0.00540551, T_comp_bal_per_iter=9.91954e-05
  T_compute_interval_s=5.40551
  T_comm_interval_s=5.24982
  T_balance_total_s=0.293566
  T_rebalance_apply_s=0.0753421
  T_compute_accum_s=5.40551
  T_comm_accum_s=5.24982
  T_balance_accum_s=0.293566
  T_rebalance_apply_accum_s=0.0753421
  device_times_s:
    part[0]=0.0484231
    part[1]=3.04489
    part[2]=0.0481886
    part[3]=3.05217
    part[4]=0.0490787
    part[5]=4.27806
    part[6]=0.0489168
    part[7]=5.40551
  OLD loads:
    part[0] cum=12.5% share=12.5% device_global=0 rank=0 local_index=0 offset=0 count=1982500
    part[1] cum=25% share=12.5% device_global=1 rank=0 local_index=1 offset=1982500 count=32500
    part[2] cum=37.5% share=12.5% device_global=2 rank=1 local_index=-1 offset=2015000 count=1992500
    part[3] cum=50% share=12.5% device_global=3 rank=1 local_index=-1 offset=4007500 count=32500
    part[4] cum=62.5% share=12.5% device_global=4 rank=2 local_index=-1 offset=4040000 count=1957500
    part[5] cum=75% share=12.5% device_global=5 rank=2 local_index=-1 offset=5997500 count=22500
    part[6] cum=87.5% share=12.5% device_global=6 rank=3 local_index=-1 offset=6020000 count=1962500
    part[7] cum=100% share=12.5% device_global=7 rank=3 local_index=-1 offset=7982500 count=17500
    total=100%
  PROPOSED loads:
    part[0] cum=24.7812% share=24.7812% device_global=0 rank=0 local_index=0 offset=0 count=1982500
    part[1] cum=25.1875% share=0.406252% device_global=1 rank=0 local_index=1 offset=1982500 count=32500
    part[2] cum=50.0938% share=24.9062% device_global=2 rank=1 local_index=-1 offset=2015000 count=1992500
    part[3] cum=50.5% share=0.406247% device_global=3 rank=1 local_index=-1 offset=4007500 count=32500
    part[4] cum=74.9688% share=24.4688% device_global=4 rank=2 local_index=-1 offset=4040000 count=1957500
    part[5] cum=75.25% share=0.28125% device_global=5 rank=2 local_index=-1 offset=5997500 count=22500
    part[6] cum=99.7812% share=24.5313% device_global=6 rank=3 local_index=-1 offset=6020000 count=1962500
    part[7] cum=100% share=0.218749% device_global=7 rank=3 local_index=-1 offset=7982500 count=17500
    total=100%
  CURRENT loads:
    part[0] cum=24.7812% share=24.7812% device_global=0 rank=0 local_index=0 offset=0 count=1982500
    part[1] cum=25.1875% share=0.406252% device_global=1 rank=0 local_index=1 offset=1982500 count=32500
    part[2] cum=50.0938% share=24.9062% device_global=2 rank=1 local_index=-1 offset=2015000 count=1992500
    part[3] cum=50.5% share=0.406247% device_global=3 rank=1 local_index=-1 offset=4007500 count=32500
    part[4] cum=74.9688% share=24.4688% device_global=4 rank=2 local_index=-1 offset=4040000 count=1957500
    part[5] cum=75.25% share=0.28125% device_global=5 rank=2 local_index=-1 offset=5997500 count=22500
    part[6] cum=99.7812% share=24.5313% device_global=6 rank=3 local_index=-1 offset=6020000 count=1962500
    part[7] cum=100% share=0.218749% device_global=7 rank=3 local_index=-1 offset=7982500 count=17500
    total=100%
[DCL][balance-metrics] iteration=1100
  policy=scheduled
  action=skip
  reason=static balance already attempted
  T_compute_interval_s=1.43875
  T_comm_interval_s=4.17154
  T_balance_total_s=0
  T_rebalance_apply_s=0
  T_compute_accum_s=6.84426
  T_comm_accum_s=9.42136
  T_balance_accum_s=0.293566
  T_rebalance_apply_accum_s=0.0753421
  device_times_s:
    part[0]=0.941337
    part[1]=0.977346
    part[2]=0.944812
    part[3]=1.15679
    part[4]=0.930447
    part[5]=1.43875
    part[6]=0.93026
    part[7]=1.36905
  OLD loads:
    part[0] cum=24.7812% share=24.7812% device_global=0 rank=0 local_index=0 offset=0 count=1982500
    part[1] cum=25.1875% share=0.406252% device_global=1 rank=0 local_index=1 offset=1982500 count=32500
    part[2] cum=50.0938% share=24.9062% device_global=2 rank=1 local_index=-1 offset=2015000 count=1992500
    part[3] cum=50.5% share=0.406247% device_global=3 rank=1 local_index=-1 offset=4007500 count=32500
    part[4] cum=74.9688% share=24.4688% device_global=4 rank=2 local_index=-1 offset=4040000 count=1957500
    part[5] cum=75.25% share=0.28125% device_global=5 rank=2 local_index=-1 offset=5997500 count=22500
    part[6] cum=99.7812% share=24.5313% device_global=6 rank=3 local_index=-1 offset=6020000 count=1962500
    part[7] cum=100% share=0.218749% device_global=7 rank=3 local_index=-1 offset=7982500 count=17500
    total=100%
  CURRENT loads:
    part[0] cum=24.7812% share=24.7812% device_global=0 rank=0 local_index=0 offset=0 count=1982500
    part[1] cum=25.1875% share=0.406252% device_global=1 rank=0 local_index=1 offset=1982500 count=32500
    part[2] cum=50.0938% share=24.9062% device_global=2 rank=1 local_index=-1 offset=2015000 count=1992500
    part[3] cum=50.5% share=0.406247% device_global=3 rank=1 local_index=-1 offset=4007500 count=32500
    part[4] cum=74.9688% share=24.4688% device_global=4 rank=2 local_index=-1 offset=4040000 count=1957500
    part[5] cum=75.25% share=0.28125% device_global=5 rank=2 local_index=-1 offset=5997500 count=22500
    part[6] cum=99.7812% share=24.5313% device_global=6 rank=3 local_index=-1 offset=6020000 count=1962500
    part[7] cum=100% share=0.218749% device_global=7 rank=3 local_index=-1 offset=7982500 count=17500
    total=100%
[DCL][balance-metrics] iteration=2100
  policy=scheduled
  action=skip
  reason=static balance already attempted
  T_compute_interval_s=1.25821
  T_comm_interval_s=4.12342
  T_balance_total_s=0
  T_rebalance_apply_s=0
  T_compute_accum_s=8.10248
  T_comm_accum_s=13.5448
  T_balance_accum_s=0.293566
  T_rebalance_apply_accum_s=0.0753421
  device_times_s:
    part[0]=0.941401
    part[1]=0.946991
    part[2]=0.944141
    part[3]=0.991659
    part[4]=0.929761
    part[5]=1.05495
    part[6]=0.929934
    part[7]=1.25821
  OLD loads:
    part[0] cum=24.7812% share=24.7812% device_global=0 rank=0 local_index=0 offset=0 count=1982500
    part[1] cum=25.1875% share=0.406252% device_global=1 rank=0 local_index=1 offset=1982500 count=32500
    part[2] cum=50.0938% share=24.9062% device_global=2 rank=1 local_index=-1 offset=2015000 count=1992500
    part[3] cum=50.5% share=0.406247% device_global=3 rank=1 local_index=-1 offset=4007500 count=32500
    part[4] cum=74.9688% share=24.4688% device_global=4 rank=2 local_index=-1 offset=4040000 count=1957500
    part[5] cum=75.25% share=0.28125% device_global=5 rank=2 local_index=-1 offset=5997500 count=22500
    part[6] cum=99.7812% share=24.5313% device_global=6 rank=3 local_index=-1 offset=6020000 count=1962500
    part[7] cum=100% share=0.218749% device_global=7 rank=3 local_index=-1 offset=7982500 count=17500
    total=100%
  CURRENT loads:
    part[0] cum=24.7812% share=24.7812% device_global=0 rank=0 local_index=0 offset=0 count=1982500
    part[1] cum=25.1875% share=0.406252% device_global=1 rank=0 local_index=1 offset=1982500 count=32500
    part[2] cum=50.0938% share=24.9062% device_global=2 rank=1 local_index=-1 offset=2015000 count=1992500
    part[3] cum=50.5% share=0.406247% device_global=3 rank=1 local_index=-1 offset=4007500 count=32500
    part[4] cum=74.9688% share=24.4688% device_global=4 rank=2 local_index=-1 offset=4040000 count=1957500
    part[5] cum=75.25% share=0.28125% device_global=5 rank=2 local_index=-1 offset=5997500 count=22500
    part[6] cum=99.7812% share=24.5313% device_global=6 rank=3 local_index=-1 offset=6020000 count=1962500
    part[7] cum=100% share=0.218749% device_global=7 rank=3 local_index=-1 offset=7982500 count=17500
    total=100%
[DCL][balance-metrics] iteration=3100
  policy=scheduled
  action=skip
  reason=static balance already attempted
  T_compute_interval_s=1.0398
  T_comm_interval_s=4.13783
  T_balance_total_s=0
  T_rebalance_apply_s=0
  T_compute_accum_s=9.14228
  T_comm_accum_s=17.6826
  T_balance_accum_s=0.293566
  T_rebalance_apply_accum_s=0.0753421
  device_times_s:
    part[0]=0.940701
    part[1]=0.9323
    part[2]=0.94401
    part[3]=0.962393
    part[4]=0.929158
    part[5]=0.881212
    part[6]=0.929685
    part[7]=1.0398
  OLD loads:
    part[0] cum=24.7812% share=24.7812% device_global=0 rank=0 local_index=0 offset=0 count=1982500
    part[1] cum=25.1875% share=0.406252% device_global=1 rank=0 local_index=1 offset=1982500 count=32500
    part[2] cum=50.0938% share=24.9062% device_global=2 rank=1 local_index=-1 offset=2015000 count=1992500
    part[3] cum=50.5% share=0.406247% device_global=3 rank=1 local_index=-1 offset=4007500 count=32500
    part[4] cum=74.9688% share=24.4688% device_global=4 rank=2 local_index=-1 offset=4040000 count=1957500
    part[5] cum=75.25% share=0.28125% device_global=5 rank=2 local_index=-1 offset=5997500 count=22500
    part[6] cum=99.7812% share=24.5313% device_global=6 rank=3 local_index=-1 offset=6020000 count=1962500
    part[7] cum=100% share=0.218749% device_global=7 rank=3 local_index=-1 offset=7982500 count=17500
    total=100%
  CURRENT loads:
    part[0] cum=24.7812% share=24.7812% device_global=0 rank=0 local_index=0 offset=0 count=1982500
    part[1] cum=25.1875% share=0.406252% device_global=1 rank=0 local_index=1 offset=1982500 count=32500
    part[2] cum=50.0938% share=24.9062% device_global=2 rank=1 local_index=-1 offset=2015000 count=1992500
    part[3] cum=50.5% share=0.406247% device_global=3 rank=1 local_index=-1 offset=4007500 count=32500
    part[4] cum=74.9688% share=24.4688% device_global=4 rank=2 local_index=-1 offset=4040000 count=1957500
    part[5] cum=75.25% share=0.28125% device_global=5 rank=2 local_index=-1 offset=5997500 count=22500
    part[6] cum=99.7812% share=24.5313% device_global=6 rank=3 local_index=-1 offset=6020000 count=1962500
    part[7] cum=100% share=0.218749% device_global=7 rank=3 local_index=-1 offset=7982500 count=17500
    total=100%
[DCL][balance-metrics] iteration=4100
  policy=scheduled
  action=skip
  reason=static balance already attempted
  T_compute_interval_s=0.952158
  T_comm_interval_s=4.14865
  T_balance_total_s=0
  T_rebalance_apply_s=0
  T_compute_accum_s=10.0944
  T_comm_accum_s=21.8313
  T_balance_accum_s=0.293566
  T_rebalance_apply_accum_s=0.0753421
  device_times_s:
    part[0]=0.941216
    part[1]=0.924528
    part[2]=0.943793
    part[3]=0.952158
    part[4]=0.929718
    part[5]=0.813136
    part[6]=0.92973
    part[7]=0.84967
  OLD loads:
    part[0] cum=24.7812% share=24.7812% device_global=0 rank=0 local_index=0 offset=0 count=1982500
    part[1] cum=25.1875% share=0.406252% device_global=1 rank=0 local_index=1 offset=1982500 count=32500
    part[2] cum=50.0938% share=24.9062% device_global=2 rank=1 local_index=-1 offset=2015000 count=1992500
    part[3] cum=50.5% share=0.406247% device_global=3 rank=1 local_index=-1 offset=4007500 count=32500
    part[4] cum=74.9688% share=24.4688% device_global=4 rank=2 local_index=-1 offset=4040000 count=1957500
    part[5] cum=75.25% share=0.28125% device_global=5 rank=2 local_index=-1 offset=5997500 count=22500
    part[6] cum=99.7812% share=24.5313% device_global=6 rank=3 local_index=-1 offset=6020000 count=1962500
    part[7] cum=100% share=0.218749% device_global=7 rank=3 local_index=-1 offset=7982500 count=17500
    total=100%
  CURRENT loads:
    part[0] cum=24.7812% share=24.7812% device_global=0 rank=0 local_index=0 offset=0 count=1982500
    part[1] cum=25.1875% share=0.406252% device_global=1 rank=0 local_index=1 offset=1982500 count=32500
    part[2] cum=50.0938% share=24.9062% device_global=2 rank=1 local_index=-1 offset=2015000 count=1992500
    part[3] cum=50.5% share=0.406247% device_global=3 rank=1 local_index=-1 offset=4007500 count=32500
    part[4] cum=74.9688% share=24.4688% device_global=4 rank=2 local_index=-1 offset=4040000 count=1957500
    part[5] cum=75.25% share=0.28125% device_global=5 rank=2 local_index=-1 offset=5997500 count=22500
    part[6] cum=99.7812% share=24.5313% device_global=6 rank=3 local_index=-1 offset=6020000 count=1962500
    part[7] cum=100% share=0.218749% device_global=7 rank=3 local_index=-1 offset=7982500 count=17500
    total=100%
[DCL][balance-metrics] iteration=5100
  policy=scheduled
  action=skip
  reason=static balance already attempted
  T_compute_interval_s=0.947661
  T_comm_interval_s=4.18948
  T_balance_total_s=0
  T_rebalance_apply_s=0
  T_compute_accum_s=11.0421
  T_comm_accum_s=26.0207
  T_balance_accum_s=0.293566
  T_rebalance_apply_accum_s=0.0753421
  device_times_s:
    part[0]=0.940998
    part[1]=0.925017
    part[2]=0.94473
    part[3]=0.947661
    part[4]=0.929765
    part[5]=0.7834
    part[6]=0.930249
    part[7]=0.775243
  OLD loads:
    part[0] cum=24.7812% share=24.7812% device_global=0 rank=0 local_index=0 offset=0 count=1982500
    part[1] cum=25.1875% share=0.406252% device_global=1 rank=0 local_index=1 offset=1982500 count=32500
    part[2] cum=50.0938% share=24.9062% device_global=2 rank=1 local_index=-1 offset=2015000 count=1992500
    part[3] cum=50.5% share=0.406247% device_global=3 rank=1 local_index=-1 offset=4007500 count=32500
    part[4] cum=74.9688% share=24.4688% device_global=4 rank=2 local_index=-1 offset=4040000 count=1957500
    part[5] cum=75.25% share=0.28125% device_global=5 rank=2 local_index=-1 offset=5997500 count=22500
    part[6] cum=99.7812% share=24.5313% device_global=6 rank=3 local_index=-1 offset=6020000 count=1962500
    part[7] cum=100% share=0.218749% device_global=7 rank=3 local_index=-1 offset=7982500 count=17500
    total=100%
  CURRENT loads:
    part[0] cum=24.7812% share=24.7812% device_global=0 rank=0 local_index=0 offset=0 count=1982500
    part[1] cum=25.1875% share=0.406252% device_global=1 rank=0 local_index=1 offset=1982500 count=32500
    part[2] cum=50.0938% share=24.9062% device_global=2 rank=1 local_index=-1 offset=2015000 count=1992500
    part[3] cum=50.5% share=0.406247% device_global=3 rank=1 local_index=-1 offset=4007500 count=32500
    part[4] cum=74.9688% share=24.4688% device_global=4 rank=2 local_index=-1 offset=4040000 count=1957500
    part[5] cum=75.25% share=0.28125% device_global=5 rank=2 local_index=-1 offset=5997500 count=22500
    part[6] cum=99.7812% share=24.5313% device_global=6 rank=3 local_index=-1 offset=6020000 count=1962500
    part[7] cum=100% share=0.218749% device_global=7 rank=3 local_index=-1 offset=7982500 count=17500
    total=100%
[DCL][balance-metrics] iteration=6100
  policy=scheduled
  action=skip
  reason=static balance already attempted
  T_compute_interval_s=0.944046
  T_comm_interval_s=4.1636
  T_balance_total_s=0
  T_rebalance_apply_s=0
  T_compute_accum_s=11.9861
  T_comm_accum_s=30.1843
  T_balance_accum_s=0.293566
  T_rebalance_apply_accum_s=0.0753421
  device_times_s:
    part[0]=0.941097
    part[1]=0.926086
    part[2]=0.944046
    part[3]=0.939131
    part[4]=0.929454
    part[5]=0.759976
    part[6]=0.930354
    part[7]=0.731355
  OLD loads:
    part[0] cum=24.7812% share=24.7812% device_global=0 rank=0 local_index=0 offset=0 count=1982500
    part[1] cum=25.1875% share=0.406252% device_global=1 rank=0 local_index=1 offset=1982500 count=32500
    part[2] cum=50.0938% share=24.9062% device_global=2 rank=1 local_index=-1 offset=2015000 count=1992500
    part[3] cum=50.5% share=0.406247% device_global=3 rank=1 local_index=-1 offset=4007500 count=32500
    part[4] cum=74.9688% share=24.4688% device_global=4 rank=2 local_index=-1 offset=4040000 count=1957500
    part[5] cum=75.25% share=0.28125% device_global=5 rank=2 local_index=-1 offset=5997500 count=22500
    part[6] cum=99.7812% share=24.5313% device_global=6 rank=3 local_index=-1 offset=6020000 count=1962500
    part[7] cum=100% share=0.218749% device_global=7 rank=3 local_index=-1 offset=7982500 count=17500
    total=100%
  CURRENT loads:
    part[0] cum=24.7812% share=24.7812% device_global=0 rank=0 local_index=0 offset=0 count=1982500
    part[1] cum=25.1875% share=0.406252% device_global=1 rank=0 local_index=1 offset=1982500 count=32500
    part[2] cum=50.0938% share=24.9062% device_global=2 rank=1 local_index=-1 offset=2015000 count=1992500
    part[3] cum=50.5% share=0.406247% device_global=3 rank=1 local_index=-1 offset=4007500 count=32500
    part[4] cum=74.9688% share=24.4688% device_global=4 rank=2 local_index=-1 offset=4040000 count=1957500
    part[5] cum=75.25% share=0.28125% device_global=5 rank=2 local_index=-1 offset=5997500 count=22500
    part[6] cum=99.7812% share=24.5313% device_global=6 rank=3 local_index=-1 offset=6020000 count=1962500
    part[7] cum=100% share=0.218749% device_global=7 rank=3 local_index=-1 offset=7982500 count=17500
    total=100%
[DCL][balance-metrics] iteration=7100
  policy=scheduled
  action=skip
  reason=static balance already attempted
  T_compute_interval_s=0.944018
  T_comm_interval_s=4.1794
  T_balance_total_s=0
  T_rebalance_apply_s=0
  T_compute_accum_s=12.9302
  T_comm_accum_s=34.3637
  T_balance_accum_s=0.293566
  T_rebalance_apply_accum_s=0.0753421
  device_times_s:
    part[0]=0.940664
    part[1]=0.931084
    part[2]=0.944018
    part[3]=0.936068
    part[4]=0.929964
    part[5]=0.741994
    part[6]=0.929908
    part[7]=0.692565
  OLD loads:
    part[0] cum=24.7812% share=24.7812% device_global=0 rank=0 local_index=0 offset=0 count=1982500
    part[1] cum=25.1875% share=0.406252% device_global=1 rank=0 local_index=1 offset=1982500 count=32500
    part[2] cum=50.0938% share=24.9062% device_global=2 rank=1 local_index=-1 offset=2015000 count=1992500
    part[3] cum=50.5% share=0.406247% device_global=3 rank=1 local_index=-1 offset=4007500 count=32500
    part[4] cum=74.9688% share=24.4688% device_global=4 rank=2 local_index=-1 offset=4040000 count=1957500
    part[5] cum=75.25% share=0.28125% device_global=5 rank=2 local_index=-1 offset=5997500 count=22500
    part[6] cum=99.7812% share=24.5313% device_global=6 rank=3 local_index=-1 offset=6020000 count=1962500
    part[7] cum=100% share=0.218749% device_global=7 rank=3 local_index=-1 offset=7982500 count=17500
    total=100%
  CURRENT loads:
    part[0] cum=24.7812% share=24.7812% device_global=0 rank=0 local_index=0 offset=0 count=1982500
    part[1] cum=25.1875% share=0.406252% device_global=1 rank=0 local_index=1 offset=1982500 count=32500
    part[2] cum=50.0938% share=24.9062% device_global=2 rank=1 local_index=-1 offset=2015000 count=1992500
    part[3] cum=50.5% share=0.406247% device_global=3 rank=1 local_index=-1 offset=4007500 count=32500
    part[4] cum=74.9688% share=24.4688% device_global=4 rank=2 local_index=-1 offset=4040000 count=1957500
    part[5] cum=75.25% share=0.28125% device_global=5 rank=2 local_index=-1 offset=5997500 count=22500
    part[6] cum=99.7812% share=24.5313% device_global=6 rank=3 local_index=-1 offset=6020000 count=1962500
    part[7] cum=100% share=0.218749% device_global=7 rank=3 local_index=-1 offset=7982500 count=17500
    total=100%
[DCL][balance-metrics] iteration=8100
  policy=scheduled
  action=skip
  reason=static balance already attempted
  T_compute_interval_s=0.944187
  T_comm_interval_s=4.14569
  T_balance_total_s=0
  T_rebalance_apply_s=0
  T_compute_accum_s=13.8743
  T_comm_accum_s=38.5094
  T_balance_accum_s=0.293566
  T_rebalance_apply_accum_s=0.0753421
  device_times_s:
    part[0]=0.94078
    part[1]=0.933001
    part[2]=0.944187
    part[3]=0.935655
    part[4]=0.929271
    part[5]=0.726937
    part[6]=0.930098
    part[7]=0.670864
  OLD loads:
    part[0] cum=24.7812% share=24.7812% device_global=0 rank=0 local_index=0 offset=0 count=1982500
    part[1] cum=25.1875% share=0.406252% device_global=1 rank=0 local_index=1 offset=1982500 count=32500
    part[2] cum=50.0938% share=24.9062% device_global=2 rank=1 local_index=-1 offset=2015000 count=1992500
    part[3] cum=50.5% share=0.406247% device_global=3 rank=1 local_index=-1 offset=4007500 count=32500
    part[4] cum=74.9688% share=24.4688% device_global=4 rank=2 local_index=-1 offset=4040000 count=1957500
    part[5] cum=75.25% share=0.28125% device_global=5 rank=2 local_index=-1 offset=5997500 count=22500
    part[6] cum=99.7812% share=24.5313% device_global=6 rank=3 local_index=-1 offset=6020000 count=1962500
    part[7] cum=100% share=0.218749% device_global=7 rank=3 local_index=-1 offset=7982500 count=17500
    total=100%
  CURRENT loads:
    part[0] cum=24.7812% share=24.7812% device_global=0 rank=0 local_index=0 offset=0 count=1982500
    part[1] cum=25.1875% share=0.406252% device_global=1 rank=0 local_index=1 offset=1982500 count=32500
    part[2] cum=50.0938% share=24.9062% device_global=2 rank=1 local_index=-1 offset=2015000 count=1992500
    part[3] cum=50.5% share=0.406247% device_global=3 rank=1 local_index=-1 offset=4007500 count=32500
    part[4] cum=74.9688% share=24.4688% device_global=4 rank=2 local_index=-1 offset=4040000 count=1957500
    part[5] cum=75.25% share=0.28125% device_global=5 rank=2 local_index=-1 offset=5997500 count=22500
    part[6] cum=99.7812% share=24.5313% device_global=6 rank=3 local_index=-1 offset=6020000 count=1962500
    part[7] cum=100% share=0.218749% device_global=7 rank=3 local_index=-1 offset=7982500 count=17500
    total=100%
[DCL][balance-metrics] iteration=9100
  policy=scheduled
  action=skip
  reason=static balance already attempted
  T_compute_interval_s=0.944325
  T_comm_interval_s=4.20797
  T_balance_total_s=0
  T_rebalance_apply_s=0
  T_compute_accum_s=14.8187
  T_comm_accum_s=42.7174
  T_balance_accum_s=0.293566
  T_rebalance_apply_accum_s=0.0753421
  device_times_s:
    part[0]=0.940228
    part[1]=0.932209
    part[2]=0.944325
    part[3]=0.94041
    part[4]=0.92949
    part[5]=0.718267
    part[6]=0.929524
    part[7]=0.646042
  OLD loads:
    part[0] cum=24.7812% share=24.7812% device_global=0 rank=0 local_index=0 offset=0 count=1982500
    part[1] cum=25.1875% share=0.406252% device_global=1 rank=0 local_index=1 offset=1982500 count=32500
    part[2] cum=50.0938% share=24.9062% device_global=2 rank=1 local_index=-1 offset=2015000 count=1992500
    part[3] cum=50.5% share=0.406247% device_global=3 rank=1 local_index=-1 offset=4007500 count=32500
    part[4] cum=74.9688% share=24.4688% device_global=4 rank=2 local_index=-1 offset=4040000 count=1957500
    part[5] cum=75.25% share=0.28125% device_global=5 rank=2 local_index=-1 offset=5997500 count=22500
    part[6] cum=99.7812% share=24.5313% device_global=6 rank=3 local_index=-1 offset=6020000 count=1962500
    part[7] cum=100% share=0.218749% device_global=7 rank=3 local_index=-1 offset=7982500 count=17500
    total=100%
  CURRENT loads:
    part[0] cum=24.7812% share=24.7812% device_global=0 rank=0 local_index=0 offset=0 count=1982500
    part[1] cum=25.1875% share=0.406252% device_global=1 rank=0 local_index=1 offset=1982500 count=32500
    part[2] cum=50.0938% share=24.9062% device_global=2 rank=1 local_index=-1 offset=2015000 count=1992500
    part[3] cum=50.5% share=0.406247% device_global=3 rank=1 local_index=-1 offset=4007500 count=32500
    part[4] cum=74.9688% share=24.4688% device_global=4 rank=2 local_index=-1 offset=4040000 count=1957500
    part[5] cum=75.25% share=0.28125% device_global=5 rank=2 local_index=-1 offset=5997500 count=22500
    part[6] cum=99.7812% share=24.5313% device_global=6 rank=3 local_index=-1 offset=6020000 count=1962500
    part[7] cum=100% share=0.218749% device_global=7 rank=3 local_index=-1 offset=7982500 count=17500
    total=100%

=== PARTICOES FINAIS ===
=== Particoes globais ===
part[0] device_global=0 rank=0 local_index=0 offset=0 count=1982500
part[1] device_global=1 rank=0 local_index=1 offset=1982500 count=32500
part[2] device_global=2 rank=1 local_index=-1 offset=2015000 count=1992500
part[3] device_global=3 rank=1 local_index=-1 offset=4007500 count=32500
part[4] device_global=4 rank=2 local_index=-1 offset=4040000 count=1957500
part[5] device_global=5 rank=2 local_index=-1 offset=5997500 count=22500
part[6] device_global=6 rank=3 local_index=-1 offset=6020000 count=1962500
part[7] device_global=7 rank=3 local_index=-1 offset=7982500 count=17500


============================
ITERACAO 10000
Tempo de execução: 54.5945s
