=== Dispositivos locais do rank 0 ===
global=0 local=0 nome="NVIDIA RTX 2000 Ada Generation" compute_units=22
global=1 local=1 nome="Intel(R) Xeon(R) CPU           E5620  @ 2.40GHz" compute_units=16

=== Dispositivos locais do rank 2 ===
global=4 local=0 nome="NVIDIA RTX 2000 Ada Generation" compute_units=22
global=5 local=1 nome="Intel(R) Xeon(R) CPU           E5620  @ 2.40GHz" compute_units=16

=== Dispositivos locais do rank 1 ===
global=2 local=0 nome="NVIDIA RTX 2000 Ada Generation" compute_units=22
global=3 local=1 nome="Intel(R) Xeon(R) CPU           E5620  @ 2.40GHz" compute_units=16

=== Dispositivos locais do rank 3 ===
global=6 local=0 nome="NVIDIA RTX 2000 Ada Generation" compute_units=22
global=7 local=1 nome="Intel(R) Xeon(R) CPU           E5620  @ 2.40GHz" compute_units=16

=== PARTICOES INICIAIS ===
=== Particoes globais ===
part[0] device_global=0 rank=0 local_index=0 offset=0 count=1000000
part[1] device_global=1 rank=0 local_index=1 offset=1000000 count=1000000
part[2] device_global=2 rank=1 local_index=-1 offset=2000000 count=1000000
part[3] device_global=3 rank=1 local_index=-1 offset=3000000 count=1000000
part[4] device_global=4 rank=2 local_index=-1 offset=4000000 count=1000000
part[5] device_global=5 rank=2 local_index=-1 offset=5000000 count=1000000
part[6] device_global=6 rank=3 local_index=-1 offset=6000000 count=1000000
part[7] device_global=7 rank=3 local_index=-1 offset=7000000 count=1000000

X = 50 Y = 50 Z = 3200 Iterations = 10000
[DCL][balance-metrics] iteration=100
  policy=profiled
  action=rebalance
  reason=adaptive decision accepted; remaining_iterations=9900, gain_total=52.4899, migration_cost=0.01733, max_migrated_bytes=880000, T_comp_int_per_iter=0.00540122, T_comp_bal_per_iter=9.92085e-05
  T_compute_interval_s=5.40122
  T_comm_interval_s=5.30076
  T_balance_total_s=0.290768
  T_rebalance_apply_s=0.0719271
  T_compute_accum_s=5.40122
  T_comm_accum_s=5.30076
  T_balance_accum_s=0.290768
  T_rebalance_apply_accum_s=0.0719271
  device_times_s:
    part[0]=0.0486813
    part[1]=3.05257
    part[2]=0.048466
    part[3]=3.05919
    part[4]=0.0492674
    part[5]=4.30792
    part[6]=0.0487286
    part[7]=5.40122
  OLD loads:
    part[0] cum=12.5% share=12.5% device_global=0 rank=0 local_index=0 offset=0 count=1977500
    part[1] cum=25% share=12.5% device_global=1 rank=0 local_index=1 offset=1977500 count=32500
    part[2] cum=37.5% share=12.5% device_global=2 rank=1 local_index=-1 offset=2010000 count=1987500
    part[3] cum=50% share=12.5% device_global=3 rank=1 local_index=-1 offset=3997500 count=30000
    part[4] cum=62.5% share=12.5% device_global=4 rank=2 local_index=-1 offset=4027500 count=1955000
    part[5] cum=75% share=12.5% device_global=5 rank=2 local_index=-1 offset=5982500 count=22500
    part[6] cum=87.5% share=12.5% device_global=6 rank=3 local_index=-1 offset=6005000 count=1977500
    part[7] cum=100% share=12.5% device_global=7 rank=3 local_index=-1 offset=7982500 count=17500
    total=100%
  PROPOSED loads:
    part[0] cum=24.7188% share=24.7188% device_global=0 rank=0 local_index=0 offset=0 count=1977500
    part[1] cum=25.125% share=0.40625% device_global=1 rank=0 local_index=1 offset=1977500 count=32500
    part[2] cum=49.9688% share=24.8438% device_global=2 rank=1 local_index=-1 offset=2010000 count=1987500
    part[3] cum=50.3438% share=0.375003% device_global=3 rank=1 local_index=-1 offset=3997500 count=30000
    part[4] cum=74.7812% share=24.4375% device_global=4 rank=2 local_index=-1 offset=4027500 count=1955000
    part[5] cum=75.0625% share=0.28125% device_global=5 rank=2 local_index=-1 offset=5982500 count=22500
    part[6] cum=99.7812% share=24.7188% device_global=6 rank=3 local_index=-1 offset=6005000 count=1977500
    part[7] cum=100% share=0.218749% device_global=7 rank=3 local_index=-1 offset=7982500 count=17500
    total=100%
  CURRENT loads:
    part[0] cum=24.7188% share=24.7188% device_global=0 rank=0 local_index=0 offset=0 count=1977500
    part[1] cum=25.125% share=0.40625% device_global=1 rank=0 local_index=1 offset=1977500 count=32500
    part[2] cum=49.9688% share=24.8438% device_global=2 rank=1 local_index=-1 offset=2010000 count=1987500
    part[3] cum=50.3438% share=0.375003% device_global=3 rank=1 local_index=-1 offset=3997500 count=30000
    part[4] cum=74.7812% share=24.4375% device_global=4 rank=2 local_index=-1 offset=4027500 count=1955000
    part[5] cum=75.0625% share=0.28125% device_global=5 rank=2 local_index=-1 offset=5982500 count=22500
    part[6] cum=99.7812% share=24.7188% device_global=6 rank=3 local_index=-1 offset=6005000 count=1977500
    part[7] cum=100% share=0.218749% device_global=7 rank=3 local_index=-1 offset=7982500 count=17500
    total=100%
[DCL][balance-metrics] iteration=1100
  policy=scheduled
  action=skip
  reason=static balance already attempted
  T_compute_interval_s=1.39003
  T_comm_interval_s=4.3014
  T_balance_total_s=0
  T_rebalance_apply_s=0
  T_compute_accum_s=6.79125
  T_comm_accum_s=9.60215
  T_balance_accum_s=0.290768
  T_rebalance_apply_accum_s=0.0719271
  device_times_s:
    part[0]=0.938923
    part[1]=0.985282
    part[2]=0.942318
    part[3]=1.08011
    part[4]=0.929813
    part[5]=1.39003
    part[6]=0.937688
    part[7]=1.35926
  OLD loads:
    part[0] cum=24.7188% share=24.7188% device_global=0 rank=0 local_index=0 offset=0 count=1977500
    part[1] cum=25.125% share=0.40625% device_global=1 rank=0 local_index=1 offset=1977500 count=32500
    part[2] cum=49.9688% share=24.8438% device_global=2 rank=1 local_index=-1 offset=2010000 count=1987500
    part[3] cum=50.3438% share=0.375003% device_global=3 rank=1 local_index=-1 offset=3997500 count=30000
    part[4] cum=74.7812% share=24.4375% device_global=4 rank=2 local_index=-1 offset=4027500 count=1955000
    part[5] cum=75.0625% share=0.28125% device_global=5 rank=2 local_index=-1 offset=5982500 count=22500
    part[6] cum=99.7812% share=24.7188% device_global=6 rank=3 local_index=-1 offset=6005000 count=1977500
    part[7] cum=100% share=0.218749% device_global=7 rank=3 local_index=-1 offset=7982500 count=17500
    total=100%
  CURRENT loads:
    part[0] cum=24.7188% share=24.7188% device_global=0 rank=0 local_index=0 offset=0 count=1977500
    part[1] cum=25.125% share=0.40625% device_global=1 rank=0 local_index=1 offset=1977500 count=32500
    part[2] cum=49.9688% share=24.8438% device_global=2 rank=1 local_index=-1 offset=2010000 count=1987500
    part[3] cum=50.3438% share=0.375003% device_global=3 rank=1 local_index=-1 offset=3997500 count=30000
    part[4] cum=74.7812% share=24.4375% device_global=4 rank=2 local_index=-1 offset=4027500 count=1955000
    part[5] cum=75.0625% share=0.28125% device_global=5 rank=2 local_index=-1 offset=5982500 count=22500
    part[6] cum=99.7812% share=24.7188% device_global=6 rank=3 local_index=-1 offset=6005000 count=1977500
    part[7] cum=100% share=0.218749% device_global=7 rank=3 local_index=-1 offset=7982500 count=17500
    total=100%
[DCL][balance-metrics] iteration=2100
  policy=scheduled
  action=skip
  reason=static balance already attempted
  T_compute_interval_s=1.24906
  T_comm_interval_s=4.36679
  T_balance_total_s=0
  T_rebalance_apply_s=0
  T_compute_accum_s=8.04031
  T_comm_accum_s=13.9689
  T_balance_accum_s=0.290768
  T_rebalance_apply_accum_s=0.0719271
  device_times_s:
    part[0]=0.938672
    part[1]=0.947761
    part[2]=0.942239
    part[3]=0.941165
    part[4]=0.929314
    part[5]=1.05959
    part[6]=0.936648
    part[7]=1.24906
  OLD loads:
    part[0] cum=24.7188% share=24.7188% device_global=0 rank=0 local_index=0 offset=0 count=1977500
    part[1] cum=25.125% share=0.40625% device_global=1 rank=0 local_index=1 offset=1977500 count=32500
    part[2] cum=49.9688% share=24.8438% device_global=2 rank=1 local_index=-1 offset=2010000 count=1987500
    part[3] cum=50.3438% share=0.375003% device_global=3 rank=1 local_index=-1 offset=3997500 count=30000
    part[4] cum=74.7812% share=24.4375% device_global=4 rank=2 local_index=-1 offset=4027500 count=1955000
    part[5] cum=75.0625% share=0.28125% device_global=5 rank=2 local_index=-1 offset=5982500 count=22500
    part[6] cum=99.7812% share=24.7188% device_global=6 rank=3 local_index=-1 offset=6005000 count=1977500
    part[7] cum=100% share=0.218749% device_global=7 rank=3 local_index=-1 offset=7982500 count=17500
    total=100%
  CURRENT loads:
    part[0] cum=24.7188% share=24.7188% device_global=0 rank=0 local_index=0 offset=0 count=1977500
    part[1] cum=25.125% share=0.40625% device_global=1 rank=0 local_index=1 offset=1977500 count=32500
    part[2] cum=49.9688% share=24.8438% device_global=2 rank=1 local_index=-1 offset=2010000 count=1987500
    part[3] cum=50.3438% share=0.375003% device_global=3 rank=1 local_index=-1 offset=3997500 count=30000
    part[4] cum=74.7812% share=24.4375% device_global=4 rank=2 local_index=-1 offset=4027500 count=1955000
    part[5] cum=75.0625% share=0.28125% device_global=5 rank=2 local_index=-1 offset=5982500 count=22500
    part[6] cum=99.7812% share=24.7188% device_global=6 rank=3 local_index=-1 offset=6005000 count=1977500
    part[7] cum=100% share=0.218749% device_global=7 rank=3 local_index=-1 offset=7982500 count=17500
    total=100%
[DCL][balance-metrics] iteration=3100
  policy=scheduled
  action=skip
  reason=static balance already attempted
  T_compute_interval_s=1.04074
  T_comm_interval_s=4.32698
  T_balance_total_s=0
  T_rebalance_apply_s=0
  T_compute_accum_s=9.08105
  T_comm_accum_s=18.2959
  T_balance_accum_s=0.290768
  T_rebalance_apply_accum_s=0.0719271
  device_times_s:
    part[0]=0.938575
    part[1]=0.932124
    part[2]=0.941786
    part[3]=0.911861
    part[4]=0.929543
    part[5]=0.871556
    part[6]=0.936263
    part[7]=1.04074
  OLD loads:
    part[0] cum=24.7188% share=24.7188% device_global=0 rank=0 local_index=0 offset=0 count=1977500
    part[1] cum=25.125% share=0.40625% device_global=1 rank=0 local_index=1 offset=1977500 count=32500
    part[2] cum=49.9688% share=24.8438% device_global=2 rank=1 local_index=-1 offset=2010000 count=1987500
    part[3] cum=50.3438% share=0.375003% device_global=3 rank=1 local_index=-1 offset=3997500 count=30000
    part[4] cum=74.7812% share=24.4375% device_global=4 rank=2 local_index=-1 offset=4027500 count=1955000
    part[5] cum=75.0625% share=0.28125% device_global=5 rank=2 local_index=-1 offset=5982500 count=22500
    part[6] cum=99.7812% share=24.7188% device_global=6 rank=3 local_index=-1 offset=6005000 count=1977500
    part[7] cum=100% share=0.218749% device_global=7 rank=3 local_index=-1 offset=7982500 count=17500
    total=100%
  CURRENT loads:
    part[0] cum=24.7188% share=24.7188% device_global=0 rank=0 local_index=0 offset=0 count=1977500
    part[1] cum=25.125% share=0.40625% device_global=1 rank=0 local_index=1 offset=1977500 count=32500
    part[2] cum=49.9688% share=24.8438% device_global=2 rank=1 local_index=-1 offset=2010000 count=1987500
    part[3] cum=50.3438% share=0.375003% device_global=3 rank=1 local_index=-1 offset=3997500 count=30000
    part[4] cum=74.7812% share=24.4375% device_global=4 rank=2 local_index=-1 offset=4027500 count=1955000
    part[5] cum=75.0625% share=0.28125% device_global=5 rank=2 local_index=-1 offset=5982500 count=22500
    part[6] cum=99.7812% share=24.7188% device_global=6 rank=3 local_index=-1 offset=6005000 count=1977500
    part[7] cum=100% share=0.218749% device_global=7 rank=3 local_index=-1 offset=7982500 count=17500
    total=100%
[DCL][balance-metrics] iteration=4100
  policy=scheduled
  action=skip
  reason=static balance already attempted
  T_compute_interval_s=0.941458
  T_comm_interval_s=4.35561
  T_balance_total_s=0
  T_rebalance_apply_s=0
  T_compute_accum_s=10.0225
  T_comm_accum_s=22.6515
  T_balance_accum_s=0.290768
  T_rebalance_apply_accum_s=0.0719271
  device_times_s:
    part[0]=0.938748
    part[1]=0.935975
    part[2]=0.941458
    part[3]=0.898235
    part[4]=0.92961
    part[5]=0.803075
    part[6]=0.936339
    part[7]=0.847312
  OLD loads:
    part[0] cum=24.7188% share=24.7188% device_global=0 rank=0 local_index=0 offset=0 count=1977500
    part[1] cum=25.125% share=0.40625% device_global=1 rank=0 local_index=1 offset=1977500 count=32500
    part[2] cum=49.9688% share=24.8438% device_global=2 rank=1 local_index=-1 offset=2010000 count=1987500
    part[3] cum=50.3438% share=0.375003% device_global=3 rank=1 local_index=-1 offset=3997500 count=30000
    part[4] cum=74.7812% share=24.4375% device_global=4 rank=2 local_index=-1 offset=4027500 count=1955000
    part[5] cum=75.0625% share=0.28125% device_global=5 rank=2 local_index=-1 offset=5982500 count=22500
    part[6] cum=99.7812% share=24.7188% device_global=6 rank=3 local_index=-1 offset=6005000 count=1977500
    part[7] cum=100% share=0.218749% device_global=7 rank=3 local_index=-1 offset=7982500 count=17500
    total=100%
  CURRENT loads:
    part[0] cum=24.7188% share=24.7188% device_global=0 rank=0 local_index=0 offset=0 count=1977500
    part[1] cum=25.125% share=0.40625% device_global=1 rank=0 local_index=1 offset=1977500 count=32500
    part[2] cum=49.9688% share=24.8438% device_global=2 rank=1 local_index=-1 offset=2010000 count=1987500
    part[3] cum=50.3438% share=0.375003% device_global=3 rank=1 local_index=-1 offset=3997500 count=30000
    part[4] cum=74.7812% share=24.4375% device_global=4 rank=2 local_index=-1 offset=4027500 count=1955000
    part[5] cum=75.0625% share=0.28125% device_global=5 rank=2 local_index=-1 offset=5982500 count=22500
    part[6] cum=99.7812% share=24.7188% device_global=6 rank=3 local_index=-1 offset=6005000 count=1977500
    part[7] cum=100% share=0.218749% device_global=7 rank=3 local_index=-1 offset=7982500 count=17500
    total=100%
[DCL][balance-metrics] iteration=5100
  policy=scheduled
  action=skip
  reason=static balance already attempted
  T_compute_interval_s=0.94193
  T_comm_interval_s=4.40263
  T_balance_total_s=0
  T_rebalance_apply_s=0
  T_compute_accum_s=10.9644
  T_comm_accum_s=27.0542
  T_balance_accum_s=0.290768
  T_rebalance_apply_accum_s=0.0719271
  device_times_s:
    part[0]=0.938626
    part[1]=0.935589
    part[2]=0.94193
    part[3]=0.891715
    part[4]=0.929094
    part[5]=0.769847
    part[6]=0.937439
    part[7]=0.784091
  OLD loads:
    part[0] cum=24.7188% share=24.7188% device_global=0 rank=0 local_index=0 offset=0 count=1977500
    part[1] cum=25.125% share=0.40625% device_global=1 rank=0 local_index=1 offset=1977500 count=32500
    part[2] cum=49.9688% share=24.8438% device_global=2 rank=1 local_index=-1 offset=2010000 count=1987500
    part[3] cum=50.3438% share=0.375003% device_global=3 rank=1 local_index=-1 offset=3997500 count=30000
    part[4] cum=74.7812% share=24.4375% device_global=4 rank=2 local_index=-1 offset=4027500 count=1955000
    part[5] cum=75.0625% share=0.28125% device_global=5 rank=2 local_index=-1 offset=5982500 count=22500
    part[6] cum=99.7812% share=24.7188% device_global=6 rank=3 local_index=-1 offset=6005000 count=1977500
    part[7] cum=100% share=0.218749% device_global=7 rank=3 local_index=-1 offset=7982500 count=17500
    total=100%
  CURRENT loads:
    part[0] cum=24.7188% share=24.7188% device_global=0 rank=0 local_index=0 offset=0 count=1977500
    part[1] cum=25.125% share=0.40625% device_global=1 rank=0 local_index=1 offset=1977500 count=32500
    part[2] cum=49.9688% share=24.8438% device_global=2 rank=1 local_index=-1 offset=2010000 count=1987500
    part[3] cum=50.3438% share=0.375003% device_global=3 rank=1 local_index=-1 offset=3997500 count=30000
    part[4] cum=74.7812% share=24.4375% device_global=4 rank=2 local_index=-1 offset=4027500 count=1955000
    part[5] cum=75.0625% share=0.28125% device_global=5 rank=2 local_index=-1 offset=5982500 count=22500
    part[6] cum=99.7812% share=24.7188% device_global=6 rank=3 local_index=-1 offset=6005000 count=1977500
    part[7] cum=100% share=0.218749% device_global=7 rank=3 local_index=-1 offset=7982500 count=17500
    total=100%
[DCL][balance-metrics] iteration=6100
  policy=scheduled
  action=skip
  reason=static balance already attempted
  T_compute_interval_s=0.943152
  T_comm_interval_s=4.42036
  T_balance_total_s=0
  T_rebalance_apply_s=0
  T_compute_accum_s=11.9076
  T_comm_accum_s=31.4745
  T_balance_accum_s=0.290768
  T_rebalance_apply_accum_s=0.0719271
  device_times_s:
    part[0]=0.938068
    part[1]=0.935173
    part[2]=0.943152
    part[3]=0.88794
    part[4]=0.92981
    part[5]=0.752587
    part[6]=0.936919
    part[7]=0.722373
  OLD loads:
    part[0] cum=24.7188% share=24.7188% device_global=0 rank=0 local_index=0 offset=0 count=1977500
    part[1] cum=25.125% share=0.40625% device_global=1 rank=0 local_index=1 offset=1977500 count=32500
    part[2] cum=49.9688% share=24.8438% device_global=2 rank=1 local_index=-1 offset=2010000 count=1987500
    part[3] cum=50.3438% share=0.375003% device_global=3 rank=1 local_index=-1 offset=3997500 count=30000
    part[4] cum=74.7812% share=24.4375% device_global=4 rank=2 local_index=-1 offset=4027500 count=1955000
    part[5] cum=75.0625% share=0.28125% device_global=5 rank=2 local_index=-1 offset=5982500 count=22500
    part[6] cum=99.7812% share=24.7188% device_global=6 rank=3 local_index=-1 offset=6005000 count=1977500
    part[7] cum=100% share=0.218749% device_global=7 rank=3 local_index=-1 offset=7982500 count=17500
    total=100%
  CURRENT loads:
    part[0] cum=24.7188% share=24.7188% device_global=0 rank=0 local_index=0 offset=0 count=1977500
    part[1] cum=25.125% share=0.40625% device_global=1 rank=0 local_index=1 offset=1977500 count=32500
    part[2] cum=49.9688% share=24.8438% device_global=2 rank=1 local_index=-1 offset=2010000 count=1987500
    part[3] cum=50.3438% share=0.375003% device_global=3 rank=1 local_index=-1 offset=3997500 count=30000
    part[4] cum=74.7812% share=24.4375% device_global=4 rank=2 local_index=-1 offset=4027500 count=1955000
    part[5] cum=75.0625% share=0.28125% device_global=5 rank=2 local_index=-1 offset=5982500 count=22500
    part[6] cum=99.7812% share=24.7188% device_global=6 rank=3 local_index=-1 offset=6005000 count=1977500
    part[7] cum=100% share=0.218749% device_global=7 rank=3 local_index=-1 offset=7982500 count=17500
    total=100%
[DCL][balance-metrics] iteration=7100
  policy=scheduled
  action=skip
  reason=static balance already attempted
  T_compute_interval_s=0.941052
  T_comm_interval_s=4.37848
  T_balance_total_s=0
  T_rebalance_apply_s=0
  T_compute_accum_s=12.8486
  T_comm_accum_s=35.853
  T_balance_accum_s=0.290768
  T_rebalance_apply_accum_s=0.0719271
  device_times_s:
    part[0]=0.938417
    part[1]=0.937398
    part[2]=0.941052
    part[3]=0.878907
    part[4]=0.929233
    part[5]=0.733764
    part[6]=0.936845
    part[7]=0.689155
  OLD loads:
    part[0] cum=24.7188% share=24.7188% device_global=0 rank=0 local_index=0 offset=0 count=1977500
    part[1] cum=25.125% share=0.40625% device_global=1 rank=0 local_index=1 offset=1977500 count=32500
    part[2] cum=49.9688% share=24.8438% device_global=2 rank=1 local_index=-1 offset=2010000 count=1987500
    part[3] cum=50.3438% share=0.375003% device_global=3 rank=1 local_index=-1 offset=3997500 count=30000
    part[4] cum=74.7812% share=24.4375% device_global=4 rank=2 local_index=-1 offset=4027500 count=1955000
    part[5] cum=75.0625% share=0.28125% device_global=5 rank=2 local_index=-1 offset=5982500 count=22500
    part[6] cum=99.7812% share=24.7188% device_global=6 rank=3 local_index=-1 offset=6005000 count=1977500
    part[7] cum=100% share=0.218749% device_global=7 rank=3 local_index=-1 offset=7982500 count=17500
    total=100%
  CURRENT loads:
    part[0] cum=24.7188% share=24.7188% device_global=0 rank=0 local_index=0 offset=0 count=1977500
    part[1] cum=25.125% share=0.40625% device_global=1 rank=0 local_index=1 offset=1977500 count=32500
    part[2] cum=49.9688% share=24.8438% device_global=2 rank=1 local_index=-1 offset=2010000 count=1987500
    part[3] cum=50.3438% share=0.375003% device_global=3 rank=1 local_index=-1 offset=3997500 count=30000
    part[4] cum=74.7812% share=24.4375% device_global=4 rank=2 local_index=-1 offset=4027500 count=1955000
    part[5] cum=75.0625% share=0.28125% device_global=5 rank=2 local_index=-1 offset=5982500 count=22500
    part[6] cum=99.7812% share=24.7188% device_global=6 rank=3 local_index=-1 offset=6005000 count=1977500
    part[7] cum=100% share=0.218749% device_global=7 rank=3 local_index=-1 offset=7982500 count=17500
    total=100%
[DCL][balance-metrics] iteration=8100
  policy=scheduled
  action=skip
  reason=static balance already attempted
  T_compute_interval_s=0.941474
  T_comm_interval_s=4.35885
  T_balance_total_s=0
  T_rebalance_apply_s=0
  T_compute_accum_s=13.7901
  T_comm_accum_s=40.2119
  T_balance_accum_s=0.290768
  T_rebalance_apply_accum_s=0.0719271
  device_times_s:
    part[0]=0.938588
    part[1]=0.935858
    part[2]=0.941474
    part[3]=0.886841
    part[4]=0.929649
    part[5]=0.731173
    part[6]=0.93674
    part[7]=0.661058
  OLD loads:
    part[0] cum=24.7188% share=24.7188% device_global=0 rank=0 local_index=0 offset=0 count=1977500
    part[1] cum=25.125% share=0.40625% device_global=1 rank=0 local_index=1 offset=1977500 count=32500
    part[2] cum=49.9688% share=24.8438% device_global=2 rank=1 local_index=-1 offset=2010000 count=1987500
    part[3] cum=50.3438% share=0.375003% device_global=3 rank=1 local_index=-1 offset=3997500 count=30000
    part[4] cum=74.7812% share=24.4375% device_global=4 rank=2 local_index=-1 offset=4027500 count=1955000
    part[5] cum=75.0625% share=0.28125% device_global=5 rank=2 local_index=-1 offset=5982500 count=22500
    part[6] cum=99.7812% share=24.7188% device_global=6 rank=3 local_index=-1 offset=6005000 count=1977500
    part[7] cum=100% share=0.218749% device_global=7 rank=3 local_index=-1 offset=7982500 count=17500
    total=100%
  CURRENT loads:
    part[0] cum=24.7188% share=24.7188% device_global=0 rank=0 local_index=0 offset=0 count=1977500
    part[1] cum=25.125% share=0.40625% device_global=1 rank=0 local_index=1 offset=1977500 count=32500
    part[2] cum=49.9688% share=24.8438% device_global=2 rank=1 local_index=-1 offset=2010000 count=1987500
    part[3] cum=50.3438% share=0.375003% device_global=3 rank=1 local_index=-1 offset=3997500 count=30000
    part[4] cum=74.7812% share=24.4375% device_global=4 rank=2 local_index=-1 offset=4027500 count=1955000
    part[5] cum=75.0625% share=0.28125% device_global=5 rank=2 local_index=-1 offset=5982500 count=22500
    part[6] cum=99.7812% share=24.7188% device_global=6 rank=3 local_index=-1 offset=6005000 count=1977500
    part[7] cum=100% share=0.218749% device_global=7 rank=3 local_index=-1 offset=7982500 count=17500
    total=100%
[DCL][balance-metrics] iteration=9100
  policy=scheduled
  action=skip
  reason=static balance already attempted
  T_compute_interval_s=0.941038
  T_comm_interval_s=4.34293
  T_balance_total_s=0
  T_rebalance_apply_s=0
  T_compute_accum_s=14.7312
  T_comm_accum_s=44.5548
  T_balance_accum_s=0.290768
  T_rebalance_apply_accum_s=0.0719271
  device_times_s:
    part[0]=0.938102
    part[1]=0.93422
    part[2]=0.941038
    part[3]=0.878771
    part[4]=0.929393
    part[5]=0.714893
    part[6]=0.936917
    part[7]=0.653749
  OLD loads:
    part[0] cum=24.7188% share=24.7188% device_global=0 rank=0 local_index=0 offset=0 count=1977500
    part[1] cum=25.125% share=0.40625% device_global=1 rank=0 local_index=1 offset=1977500 count=32500
    part[2] cum=49.9688% share=24.8438% device_global=2 rank=1 local_index=-1 offset=2010000 count=1987500
    part[3] cum=50.3438% share=0.375003% device_global=3 rank=1 local_index=-1 offset=3997500 count=30000
    part[4] cum=74.7812% share=24.4375% device_global=4 rank=2 local_index=-1 offset=4027500 count=1955000
    part[5] cum=75.0625% share=0.28125% device_global=5 rank=2 local_index=-1 offset=5982500 count=22500
    part[6] cum=99.7812% share=24.7188% device_global=6 rank=3 local_index=-1 offset=6005000 count=1977500
    part[7] cum=100% share=0.218749% device_global=7 rank=3 local_index=-1 offset=7982500 count=17500
    total=100%
  CURRENT loads:
    part[0] cum=24.7188% share=24.7188% device_global=0 rank=0 local_index=0 offset=0 count=1977500
    part[1] cum=25.125% share=0.40625% device_global=1 rank=0 local_index=1 offset=1977500 count=32500
    part[2] cum=49.9688% share=24.8438% device_global=2 rank=1 local_index=-1 offset=2010000 count=1987500
    part[3] cum=50.3438% share=0.375003% device_global=3 rank=1 local_index=-1 offset=3997500 count=30000
    part[4] cum=74.7812% share=24.4375% device_global=4 rank=2 local_index=-1 offset=4027500 count=1955000
    part[5] cum=75.0625% share=0.28125% device_global=5 rank=2 local_index=-1 offset=5982500 count=22500
    part[6] cum=99.7812% share=24.7188% device_global=6 rank=3 local_index=-1 offset=6005000 count=1977500
    part[7] cum=100% share=0.218749% device_global=7 rank=3 local_index=-1 offset=7982500 count=17500
    total=100%

=== PARTICOES FINAIS ===
=== Particoes globais ===
part[0] device_global=0 rank=0 local_index=0 offset=0 count=1977500
part[1] device_global=1 rank=0 local_index=1 offset=1977500 count=32500
part[2] device_global=2 rank=1 local_index=-1 offset=2010000 count=1987500
part[3] device_global=3 rank=1 local_index=-1 offset=3997500 count=30000
part[4] device_global=4 rank=2 local_index=-1 offset=4027500 count=1955000
part[5] device_global=5 rank=2 local_index=-1 offset=5982500 count=22500
part[6] device_global=6 rank=3 local_index=-1 offset=6005000 count=1977500
part[7] device_global=7 rank=3 local_index=-1 offset=7982500 count=17500


============================
ITERACAO 10000
Tempo de execução: 56.754s
