=== Dispositivos locais do rank 0 ===
global=0 local=0 nome="NVIDIA RTX 2000 Ada Generation" compute_units=22
global=1 local=1 nome="Intel(R) Xeon(R) CPU           E5620  @ 2.40GHz" compute_units=16

=== PARTICOES INICIAIS ===
=== Particoes globais ===
part[0] device_global=0 rank=0 local_index=0 offset=0 count=4000000
part[1] device_global=1 rank=0 local_index=1 offset=4000000 count=4000000

X = 50 Y = 50 Z = 3200 Iterations = 10000
[DCL][balance-metrics] iteration=100
  policy=threshold
  action=rebalance
  reason=accepted by fixed threshold; diff=0.489375, threshold=0.01
  T_compute_interval_s=17.1868
  T_comm_interval_s=0
  T_balance_total_s=0.256331
  T_rebalance_apply_s=0.089309
  T_compute_accum_s=17.1868
  T_comm_accum_s=0
  T_balance_accum_s=0.256331
  T_rebalance_apply_accum_s=0.089309
  device_times_s:
    part[0]=0.181936
    part[1]=17.1868
  OLD loads:
    part[0] cum=50% share=50% device_global=0 rank=0 local_index=0 offset=0 count=7915000
    part[1] cum=100% share=50% device_global=1 rank=0 local_index=1 offset=7915000 count=85000
    total=100%
  PROPOSED loads:
    part[0] cum=98.9375% share=98.9375% device_global=0 rank=0 local_index=0 offset=0 count=7915000
    part[1] cum=100% share=1.0625% device_global=1 rank=0 local_index=1 offset=7915000 count=85000
    total=100%
  CURRENT loads:
    part[0] cum=98.9375% share=98.9375% device_global=0 rank=0 local_index=0 offset=0 count=7915000
    part[1] cum=100% share=1.0625% device_global=1 rank=0 local_index=1 offset=7915000 count=85000
    total=100%
[DCL][balance-metrics] iteration=1100
  policy=scheduled
  action=skip
  reason=static balance already attempted
  T_compute_interval_s=5.42282
  T_comm_interval_s=0
  T_balance_total_s=0
  T_rebalance_apply_s=0
  T_compute_accum_s=22.6096
  T_comm_accum_s=0
  T_balance_accum_s=0.256331
  T_rebalance_apply_accum_s=0.089309
  device_times_s:
    part[0]=3.06725
    part[1]=5.42282
  OLD loads:
    part[0] cum=98.9375% share=98.9375% device_global=0 rank=0 local_index=0 offset=0 count=7915000
    part[1] cum=100% share=1.0625% device_global=1 rank=0 local_index=1 offset=7915000 count=85000
    total=100%
  CURRENT loads:
    part[0] cum=98.9375% share=98.9375% device_global=0 rank=0 local_index=0 offset=0 count=7915000
    part[1] cum=100% share=1.0625% device_global=1 rank=0 local_index=1 offset=7915000 count=85000
    total=100%
[DCL][balance-metrics] iteration=2100
  policy=scheduled
  action=skip
  reason=static balance already attempted
  T_compute_interval_s=4.86928
  T_comm_interval_s=0
  T_balance_total_s=0
  T_rebalance_apply_s=0
  T_compute_accum_s=27.4789
  T_comm_accum_s=0
  T_balance_accum_s=0.256331
  T_rebalance_apply_accum_s=0.089309
  device_times_s:
    part[0]=3.04293
    part[1]=4.86928
  OLD loads:
    part[0] cum=98.9375% share=98.9375% device_global=0 rank=0 local_index=0 offset=0 count=7915000
    part[1] cum=100% share=1.0625% device_global=1 rank=0 local_index=1 offset=7915000 count=85000
    total=100%
  CURRENT loads:
    part[0] cum=98.9375% share=98.9375% device_global=0 rank=0 local_index=0 offset=0 count=7915000
    part[1] cum=100% share=1.0625% device_global=1 rank=0 local_index=1 offset=7915000 count=85000
    total=100%
[DCL][balance-metrics] iteration=3100
  policy=scheduled
  action=skip
  reason=static balance already attempted
  T_compute_interval_s=4.08095
  T_comm_interval_s=0
  T_balance_total_s=0
  T_rebalance_apply_s=0
  T_compute_accum_s=31.5598
  T_comm_accum_s=0
  T_balance_accum_s=0.256331
  T_rebalance_apply_accum_s=0.089309
  device_times_s:
    part[0]=3.10557
    part[1]=4.08095
  OLD loads:
    part[0] cum=98.9375% share=98.9375% device_global=0 rank=0 local_index=0 offset=0 count=7915000
    part[1] cum=100% share=1.0625% device_global=1 rank=0 local_index=1 offset=7915000 count=85000
    total=100%
  CURRENT loads:
    part[0] cum=98.9375% share=98.9375% device_global=0 rank=0 local_index=0 offset=0 count=7915000
    part[1] cum=100% share=1.0625% device_global=1 rank=0 local_index=1 offset=7915000 count=85000
    total=100%
[DCL][balance-metrics] iteration=4100
  policy=scheduled
  action=skip
  reason=static balance already attempted
  T_compute_interval_s=3.52955
  T_comm_interval_s=0
  T_balance_total_s=0
  T_rebalance_apply_s=0
  T_compute_accum_s=35.0894
  T_comm_accum_s=0
  T_balance_accum_s=0.256331
  T_rebalance_apply_accum_s=0.089309
  device_times_s:
    part[0]=3.32124
    part[1]=3.52955
  OLD loads:
    part[0] cum=98.9375% share=98.9375% device_global=0 rank=0 local_index=0 offset=0 count=7915000
    part[1] cum=100% share=1.0625% device_global=1 rank=0 local_index=1 offset=7915000 count=85000
    total=100%
  CURRENT loads:
    part[0] cum=98.9375% share=98.9375% device_global=0 rank=0 local_index=0 offset=0 count=7915000
    part[1] cum=100% share=1.0625% device_global=1 rank=0 local_index=1 offset=7915000 count=85000
    total=100%
[DCL][balance-metrics] iteration=5100
  policy=scheduled
  action=skip
  reason=static balance already attempted
  T_compute_interval_s=3.42493
  T_comm_interval_s=0
  T_balance_total_s=0
  T_rebalance_apply_s=0
  T_compute_accum_s=38.5143
  T_comm_accum_s=0
  T_balance_accum_s=0.256331
  T_rebalance_apply_accum_s=0.089309
  device_times_s:
    part[0]=3.42493
    part[1]=3.15279
  OLD loads:
    part[0] cum=98.9375% share=98.9375% device_global=0 rank=0 local_index=0 offset=0 count=7915000
    part[1] cum=100% share=1.0625% device_global=1 rank=0 local_index=1 offset=7915000 count=85000
    total=100%
  CURRENT loads:
    part[0] cum=98.9375% share=98.9375% device_global=0 rank=0 local_index=0 offset=0 count=7915000
    part[1] cum=100% share=1.0625% device_global=1 rank=0 local_index=1 offset=7915000 count=85000
    total=100%
[DCL][balance-metrics] iteration=6100
  policy=scheduled
  action=skip
  reason=static balance already attempted
  T_compute_interval_s=3.43748
  T_comm_interval_s=0
  T_balance_total_s=0
  T_rebalance_apply_s=0
  T_compute_accum_s=41.9518
  T_comm_accum_s=0
  T_balance_accum_s=0.256331
  T_rebalance_apply_accum_s=0.089309
  device_times_s:
    part[0]=3.43748
    part[1]=2.91509
  OLD loads:
    part[0] cum=98.9375% share=98.9375% device_global=0 rank=0 local_index=0 offset=0 count=7915000
    part[1] cum=100% share=1.0625% device_global=1 rank=0 local_index=1 offset=7915000 count=85000
    total=100%
  CURRENT loads:
    part[0] cum=98.9375% share=98.9375% device_global=0 rank=0 local_index=0 offset=0 count=7915000
    part[1] cum=100% share=1.0625% device_global=1 rank=0 local_index=1 offset=7915000 count=85000
    total=100%
[DCL][balance-metrics] iteration=7100
  policy=scheduled
  action=skip
  reason=static balance already attempted
  T_compute_interval_s=3.44656
  T_comm_interval_s=0
  T_balance_total_s=0
  T_rebalance_apply_s=0
  T_compute_accum_s=45.3984
  T_comm_accum_s=0
  T_balance_accum_s=0.256331
  T_rebalance_apply_accum_s=0.089309
  device_times_s:
    part[0]=3.44656
    part[1]=2.7442
  OLD loads:
    part[0] cum=98.9375% share=98.9375% device_global=0 rank=0 local_index=0 offset=0 count=7915000
    part[1] cum=100% share=1.0625% device_global=1 rank=0 local_index=1 offset=7915000 count=85000
    total=100%
  CURRENT loads:
    part[0] cum=98.9375% share=98.9375% device_global=0 rank=0 local_index=0 offset=0 count=7915000
    part[1] cum=100% share=1.0625% device_global=1 rank=0 local_index=1 offset=7915000 count=85000
    total=100%
[DCL][balance-metrics] iteration=8100
  policy=scheduled
  action=skip
  reason=static balance already attempted
  T_compute_interval_s=3.44929
  T_comm_interval_s=0
  T_balance_total_s=0
  T_rebalance_apply_s=0
  T_compute_accum_s=48.8476
  T_comm_accum_s=0
  T_balance_accum_s=0.256331
  T_rebalance_apply_accum_s=0.089309
  device_times_s:
    part[0]=3.44929
    part[1]=2.6217
  OLD loads:
    part[0] cum=98.9375% share=98.9375% device_global=0 rank=0 local_index=0 offset=0 count=7915000
    part[1] cum=100% share=1.0625% device_global=1 rank=0 local_index=1 offset=7915000 count=85000
    total=100%
  CURRENT loads:
    part[0] cum=98.9375% share=98.9375% device_global=0 rank=0 local_index=0 offset=0 count=7915000
    part[1] cum=100% share=1.0625% device_global=1 rank=0 local_index=1 offset=7915000 count=85000
    total=100%
[DCL][balance-metrics] iteration=9100
  policy=scheduled
  action=skip
  reason=static balance already attempted
  T_compute_interval_s=3.4497
  T_comm_interval_s=0
  T_balance_total_s=0
  T_rebalance_apply_s=0
  T_compute_accum_s=52.2973
  T_comm_accum_s=0
  T_balance_accum_s=0.256331
  T_rebalance_apply_accum_s=0.089309
  device_times_s:
    part[0]=3.4497
    part[1]=2.54387
  OLD loads:
    part[0] cum=98.9375% share=98.9375% device_global=0 rank=0 local_index=0 offset=0 count=7915000
    part[1] cum=100% share=1.0625% device_global=1 rank=0 local_index=1 offset=7915000 count=85000
    total=100%
  CURRENT loads:
    part[0] cum=98.9375% share=98.9375% device_global=0 rank=0 local_index=0 offset=0 count=7915000
    part[1] cum=100% share=1.0625% device_global=1 rank=0 local_index=1 offset=7915000 count=85000
    total=100%

=== PARTICOES FINAIS ===
=== Particoes globais ===
part[0] device_global=0 rank=0 local_index=0 offset=0 count=7915000
part[1] device_global=1 rank=0 local_index=1 offset=7915000 count=85000


============================
ITERACAO 10000
Tempo de execução: 56.0324s
