compute-3-7.localdomain
compute-3-7.localdomain
compute-3-7.localdomain
compute-3-7.localdomain
compute-3-7.localdomain
compute-3-7.localdomain
compute-3-7.localdomain
compute-3-7.localdomain
compute-3-4.localdomain
compute-3-4.localdomain
compute-3-4.localdomain
compute-3-4.localdomain
compute-3-4.localdomain
compute-3-4.localdomain
compute-3-4.localdomain
compute-3-4.localdomain
compute-3-4.localdomain
compute-3-7.localdomain

[rank 0] OpenCL devices found: 2
  global_device=0 local_device=0 platform="NVIDIA CUDA" device="NVIDIA RTX 2000 Ada Generation"
  global_device=1 local_device=1 platform="Intel(R) OpenCL" device="Intel(R) Xeon(R) CPU           E5620  @ 2.40GHz"

[rank 1] OpenCL devices found: 2
  global_device=2 local_device=0 platform="NVIDIA CUDA" device="NVIDIA RTX 2000 Ada Generation"
  global_device=3 local_device=1 platform="Intel(R) OpenCL" device="Intel(R) Xeon(R) CPU           E5620  @ 2.40GHz"

Global linear device order:
  global_device=0 rank=0 local_device=0
  global_device=1 rank=0 local_device=1
  global_device=2 rank=1 local_device=0
  global_device=3 rank=1 local_device=1

Neighbor directions to be measured:
  0 -> 1
  1 -> 0
  1 -> 2
  2 -> 1
  2 -> 3
  3 -> 2
[local-neighbor] volume=512 rank=0 src_dev=0 dst_dev=1 median=6.9422e-05 s
[local-neighbor] volume=512 rank=0 src_dev=1 dst_dev=0 median=6.38345e-05 s
[mpi-neighbor] volume=512 src_global=1(rank=0,dev=1) dst_global=2(rank=1,dev=0) median=4.5955e-05 s
[mpi-neighbor] volume=512 src_global=2(rank=1,dev=0) dst_global=1(rank=0,dev=1) median=1.3898e-05 s
[local-neighbor] volume=512 rank=1 src_dev=0 dst_dev=1 median=7.0469e-05 s
[local-neighbor] volume=512 rank=1 src_dev=1 dst_dev=0 median=6.4742e-05 s
[profile] selected volume 512 bytes: worst_neighbor_time=7.0469e-05 s
[local-neighbor] volume=1024 rank=0 src_dev=0 dst_dev=1 median=7.01555e-05 s
[local-neighbor] volume=1024 rank=0 src_dev=1 dst_dev=0 median=6.4115e-05 s
[mpi-neighbor] volume=1024 src_global=1(rank=0,dev=1) dst_global=2(rank=1,dev=0) median=4.6305e-05 s
[mpi-neighbor] volume=1024 src_global=2(rank=1,dev=0) dst_global=1(rank=0,dev=1) median=1.4178e-05 s
[local-neighbor] volume=1024 rank=1 src_dev=0 dst_dev=1 median=7.0574e-05 s
[local-neighbor] volume=1024 rank=1 src_dev=1 dst_dev=0 median=6.4742e-05 s
[profile] selected volume 1024 bytes: worst_neighbor_time=7.0574e-05 s
[local-neighbor] volume=1500 rank=0 src_dev=0 dst_dev=1 median=7.21805e-05 s
[local-neighbor] volume=1500 rank=0 src_dev=1 dst_dev=0 median=6.7152e-05 s
[mpi-neighbor] volume=1500 src_global=1(rank=0,dev=1) dst_global=2(rank=1,dev=0) median=0.00027678 s
[mpi-neighbor] volume=1500 src_global=2(rank=1,dev=0) dst_global=1(rank=0,dev=1) median=0.000219718 s
[local-neighbor] volume=1500 rank=1 src_dev=0 dst_dev=1 median=7.2285e-05 s
[local-neighbor] volume=1500 rank=1 src_dev=1 dst_dev=0 median=6.7746e-05 s
[profile] selected volume 1500 bytes: worst_neighbor_time=0.00027678 s
[local-neighbor] volume=2048 rank=0 src_dev=0 dst_dev=1 median=7.44855e-05 s
[local-neighbor] volume=2048 rank=0 src_dev=1 dst_dev=0 median=7.0679e-05 s
[mpi-neighbor] volume=2048 src_global=1(rank=0,dev=1) dst_global=2(rank=1,dev=0) median=0.000285371 s
[mpi-neighbor] volume=2048 src_global=2(rank=1,dev=0) dst_global=1(rank=0,dev=1) median=0.000366454 s
[local-neighbor] volume=2048 rank=1 src_dev=0 dst_dev=1 median=7.47295e-05 s
[local-neighbor] volume=2048 rank=1 src_dev=1 dst_dev=0 median=6.9456e-05 s
[profile] selected volume 2048 bytes: worst_neighbor_time=0.000366454 s
[local-neighbor] volume=4096 rank=0 src_dev=0 dst_dev=1 median=7.6546e-05 s
[local-neighbor] volume=4096 rank=0 src_dev=1 dst_dev=0 median=7.13775e-05 s
[mpi-neighbor] volume=4096 src_global=1(rank=0,dev=1) dst_global=2(rank=1,dev=0) median=0.000350847 s
[mpi-neighbor] volume=4096 src_global=2(rank=1,dev=0) dst_global=1(rank=0,dev=1) median=0.000373647 s
[local-neighbor] volume=4096 rank=1 src_dev=0 dst_dev=1 median=7.43105e-05 s
[local-neighbor] volume=4096 rank=1 src_dev=1 dst_dev=0 median=7.20405e-05 s
[profile] selected volume 4096 bytes: worst_neighbor_time=0.000373647 s
[local-neighbor] volume=8192 rank=0 src_dev=0 dst_dev=1 median=8.4857e-05 s
[local-neighbor] volume=8192 rank=0 src_dev=1 dst_dev=0 median=7.93745e-05 s
[mpi-neighbor] volume=8192 src_global=1(rank=0,dev=1) dst_global=2(rank=1,dev=0) median=0.000359995 s
[mpi-neighbor] volume=8192 src_global=2(rank=1,dev=0) dst_global=1(rank=0,dev=1) median=0.000383668 s
[local-neighbor] volume=8192 rank=1 src_dev=0 dst_dev=1 median=8.0107e-05 s
[local-neighbor] volume=8192 rank=1 src_dev=1 dst_dev=0 median=7.658e-05 s
[profile] selected volume 8192 bytes: worst_neighbor_time=0.000383668 s
[local-neighbor] volume=16384 rank=0 src_dev=0 dst_dev=1 median=9.3377e-05 s
[local-neighbor] volume=16384 rank=0 src_dev=1 dst_dev=0 median=8.7999e-05 s
[mpi-neighbor] volume=16384 src_global=1(rank=0,dev=1) dst_global=2(rank=1,dev=0) median=0.00042205 s
[mpi-neighbor] volume=16384 src_global=2(rank=1,dev=0) dst_global=1(rank=0,dev=1) median=0.00045962 s
[local-neighbor] volume=16384 rank=1 src_dev=0 dst_dev=1 median=8.765e-05 s
[local-neighbor] volume=16384 rank=1 src_dev=1 dst_dev=0 median=8.39135e-05 s
[profile] selected volume 16384 bytes: worst_neighbor_time=0.00045962 s
[local-neighbor] volume=32768 rank=0 src_dev=0 dst_dev=1 median=0.00011838 s
[local-neighbor] volume=32768 rank=0 src_dev=1 dst_dev=0 median=0.000112863 s
[mpi-neighbor] volume=32768 src_global=1(rank=0,dev=1) dst_global=2(rank=1,dev=0) median=0.000491436 s
[mpi-neighbor] volume=32768 src_global=2(rank=1,dev=0) dst_global=1(rank=0,dev=1) median=0.000619974 s
[local-neighbor] volume=32768 rank=1 src_dev=0 dst_dev=1 median=0.000107135 s
[local-neighbor] volume=32768 rank=1 src_dev=1 dst_dev=0 median=0.000104272 s
[profile] selected volume 32768 bytes: worst_neighbor_time=0.000619974 s
[local-neighbor] volume=65536 rank=0 src_dev=0 dst_dev=1 median=0.000152359 s
[local-neighbor] volume=65536 rank=0 src_dev=1 dst_dev=0 median=0.000151171 s
[mpi-neighbor] volume=65536 src_global=1(rank=0,dev=1) dst_global=2(rank=1,dev=0) median=0.000990904 s
[mpi-neighbor] volume=65536 src_global=2(rank=1,dev=0) dst_global=1(rank=0,dev=1) median=0.000983949 s
[local-neighbor] volume=65536 rank=1 src_dev=0 dst_dev=1 median=0.000127703 s
[local-neighbor] volume=65536 rank=1 src_dev=1 dst_dev=0 median=0.00013158 s
[profile] selected volume 65536 bytes: worst_neighbor_time=0.000990904 s
[local-neighbor] volume=131072 rank=0 src_dev=0 dst_dev=1 median=0.000230266 s
[local-neighbor] volume=131072 rank=0 src_dev=1 dst_dev=0 median=0.000229428 s
[mpi-neighbor] volume=131072 src_global=1(rank=0,dev=1) dst_global=2(rank=1,dev=0) median=0.00215411 s
[mpi-neighbor] volume=131072 src_global=2(rank=1,dev=0) dst_global=1(rank=0,dev=1) median=0.00213213 s
[local-neighbor] volume=131072 rank=1 src_dev=0 dst_dev=1 median=0.000178757 s
[local-neighbor] volume=131072 rank=1 src_dev=1 dst_dev=0 median=0.000188185 s
[profile] selected volume 131072 bytes: worst_neighbor_time=0.00215411 s
[local-neighbor] volume=262144 rank=0 src_dev=0 dst_dev=1 median=0.000356609 s
[local-neighbor] volume=262144 rank=0 src_dev=1 dst_dev=0 median=0.000356363 s
[mpi-neighbor] volume=262144 src_global=1(rank=0,dev=1) dst_global=2(rank=1,dev=0) median=0.00373112 s
[mpi-neighbor] volume=262144 src_global=2(rank=1,dev=0) dst_global=1(rank=0,dev=1) median=0.00364519 s
[local-neighbor] volume=262144 rank=1 src_dev=0 dst_dev=1 median=0.000266232 s
[local-neighbor] volume=262144 rank=1 src_dev=1 dst_dev=0 median=0.000279642 s
[profile] selected volume 262144 bytes: worst_neighbor_time=0.00373112 s
[local-neighbor] volume=524288 rank=0 src_dev=0 dst_dev=1 median=0.0006197 s
[local-neighbor] volume=524288 rank=0 src_dev=1 dst_dev=0 median=0.000623227 s
[mpi-neighbor] volume=524288 src_global=1(rank=0,dev=1) dst_global=2(rank=1,dev=0) median=0.00802558 s
[mpi-neighbor] volume=524288 src_global=2(rank=1,dev=0) dst_global=1(rank=0,dev=1) median=0.00728388 s
[local-neighbor] volume=524288 rank=1 src_dev=0 dst_dev=1 median=0.000463741 s
[local-neighbor] volume=524288 rank=1 src_dev=1 dst_dev=0 median=0.000466919 s
[profile] selected volume 524288 bytes: worst_neighbor_time=0.00802558 s
[local-neighbor] volume=1048576 rank=0 src_dev=0 dst_dev=1 median=0.00113858 s
[local-neighbor] volume=1048576 rank=0 src_dev=1 dst_dev=0 median=0.00113715 s
[mpi-neighbor] volume=1048576 src_global=1(rank=0,dev=1) dst_global=2(rank=1,dev=0) median=0.0179813 s
[mpi-neighbor] volume=1048576 src_global=2(rank=1,dev=0) dst_global=1(rank=0,dev=1) median=0.0152245 s
[local-neighbor] volume=1048576 rank=1 src_dev=0 dst_dev=1 median=0.000828833 s
[local-neighbor] volume=1048576 rank=1 src_dev=1 dst_dev=0 median=0.000823455 s
[profile] selected volume 1048576 bytes: worst_neighbor_time=0.0179813 s
[local-neighbor] volume=4194304 rank=0 src_dev=0 dst_dev=1 median=0.00329706 s
[local-neighbor] volume=4194304 rank=0 src_dev=1 dst_dev=0 median=0.00330973 s
[mpi-neighbor] volume=4194304 src_global=1(rank=0,dev=1) dst_global=2(rank=1,dev=0) median=0.0666445 s
[mpi-neighbor] volume=4194304 src_global=2(rank=1,dev=0) dst_global=1(rank=0,dev=1) median=0.0617024 s
[local-neighbor] volume=4194304 rank=1 src_dev=0 dst_dev=1 median=0.00213569 s
[local-neighbor] volume=4194304 rank=1 src_dev=1 dst_dev=0 median=0.00212032 s
[profile] selected volume 4194304 bytes: worst_neighbor_time=0.0666445 s
[local-neighbor] volume=16777216 rank=0 src_dev=0 dst_dev=1 median=0.0124401 s
[local-neighbor] volume=16777216 rank=0 src_dev=1 dst_dev=0 median=0.0126544 s
[mpi-neighbor] volume=16777216 src_global=1(rank=0,dev=1) dst_global=2(rank=1,dev=0) median=0.272234 s
[mpi-neighbor] volume=16777216 src_global=2(rank=1,dev=0) dst_global=1(rank=0,dev=1) median=0.258123 s
[local-neighbor] volume=16777216 rank=1 src_dev=0 dst_dev=1 median=0.00734778 s
[local-neighbor] volume=16777216 rank=1 src_dev=1 dst_dev=0 median=0.00796185 s
[profile] selected volume 16777216 bytes: worst_neighbor_time=0.272234 s

Profiling completed. Linear segments saved to profiling_results.txt
=== Dispositivos locais do rank 1 ===
global=2 local=0 nome="NVIDIA RTX 2000 Ada Generation" compute_units=22
global=3 local=1 nome="Intel(R) Xeon(R) CPU           E5620  @ 2.40GHz" compute_units=16

=== Dispositivos locais do rank 0 ===
global=0 local=0 nome="NVIDIA RTX 2000 Ada Generation" compute_units=22
global=1 local=1 nome="Intel(R) Xeon(R) CPU           E5620  @ 2.40GHz" compute_units=16

=== PARTICOES INICIAIS ===
=== Particoes globais ===
part[0] device_global=0 rank=0 local_index=0 offset=0 count=200
part[1] device_global=1 rank=0 local_index=1 offset=200 count=300
part[2] device_global=2 rank=1 local_index=-1 offset=500 count=200
part[3] device_global=3 rank=1 local_index=-1 offset=700 count=300

X = 10 Y = 10 Z = 10 Iterations = 10000
[DCL][balance-metrics] iteration=1000
  policy=threshold
  action=rebalance
  reason=accepted by fixed threshold; diff=0.0707107, threshold=0.0003125
  T_compute_interval_s=0.0735011
  T_comm_interval_s=0.955072
  T_balance_total_s=0.00835746
  device_times_s:
    part[0]=0.0241312
    part[1]=0.0735011
    part[2]=0.0236894
    part[3]=0.0710889
  OLD loads:
    part[0] cum=25% share=25% device_global=0 rank=0 local_index=0 offset=0 count=300
    part[1] cum=50% share=25% device_global=1 rank=0 local_index=1 offset=300 count=200
    part[2] cum=75% share=25% device_global=2 rank=1 local_index=-1 offset=500 count=300
    part[3] cum=100% share=25% device_global=3 rank=1 local_index=-1 offset=800 count=200
    total=100%
  PROPOSED loads:
    part[0] cum=30% share=30% device_global=0 rank=0 local_index=0 offset=0 count=300
    part[1] cum=50% share=20% device_global=1 rank=0 local_index=1 offset=300 count=200
    part[2] cum=80% share=30% device_global=2 rank=1 local_index=-1 offset=500 count=300
    part[3] cum=100% share=20% device_global=3 rank=1 local_index=-1 offset=800 count=200
    total=100%
  CURRENT loads:
    part[0] cum=30% share=30% device_global=0 rank=0 local_index=0 offset=0 count=300
    part[1] cum=50% share=20% device_global=1 rank=0 local_index=1 offset=300 count=200
    part[2] cum=80% share=30% device_global=2 rank=1 local_index=-1 offset=500 count=300
    part[3] cum=100% share=20% device_global=3 rank=1 local_index=-1 offset=800 count=200
    total=100%
[DCL][balance-metrics] iteration=2000
  policy=threshold
  action=skip
  reason=new partition identical
  T_compute_interval_s=0.047391
  T_comm_interval_s=0.612904
  T_balance_total_s=0.00689785
  device_times_s:
    part[0]=0.0368668
    part[1]=0.047391
    part[2]=0.035572
    part[3]=0.0467579
  OLD loads:
    part[0] cum=30% share=30% device_global=0 rank=0 local_index=0 offset=0 count=300
    part[1] cum=50% share=20% device_global=1 rank=0 local_index=1 offset=300 count=200
    part[2] cum=80% share=30% device_global=2 rank=1 local_index=-1 offset=500 count=300
    part[3] cum=100% share=20% device_global=3 rank=1 local_index=-1 offset=800 count=200
    total=100%
  PROPOSED loads:
    part[0] cum=30% share=30% device_global=0 rank=0 local_index=0 offset=0 count=300
    part[1] cum=50% share=20% device_global=1 rank=0 local_index=1 offset=300 count=200
    part[2] cum=80% share=30% device_global=2 rank=1 local_index=-1 offset=500 count=300
    part[3] cum=100% share=20% device_global=3 rank=1 local_index=-1 offset=800 count=200
    total=100%
  CURRENT loads:
    part[0] cum=30% share=30% device_global=0 rank=0 local_index=0 offset=0 count=300
    part[1] cum=50% share=20% device_global=1 rank=0 local_index=1 offset=300 count=200
    part[2] cum=80% share=30% device_global=2 rank=1 local_index=-1 offset=500 count=300
    part[3] cum=100% share=20% device_global=3 rank=1 local_index=-1 offset=800 count=200
    total=100%
[DCL][balance-metrics] iteration=3000
  policy=threshold
  action=skip
  reason=new partition identical
  T_compute_interval_s=0.0472029
  T_comm_interval_s=0.625757
  T_balance_total_s=0.00736432
  device_times_s:
    part[0]=0.0361031
    part[1]=0.0472029
    part[2]=0.0350826
    part[3]=0.0470008
  OLD loads:
    part[0] cum=30% share=30% device_global=0 rank=0 local_index=0 offset=0 count=300
    part[1] cum=50% share=20% device_global=1 rank=0 local_index=1 offset=300 count=200
    part[2] cum=80% share=30% device_global=2 rank=1 local_index=-1 offset=500 count=300
    part[3] cum=100% share=20% device_global=3 rank=1 local_index=-1 offset=800 count=200
    total=100%
  PROPOSED loads:
    part[0] cum=30% share=30% device_global=0 rank=0 local_index=0 offset=0 count=300
    part[1] cum=50% share=20% device_global=1 rank=0 local_index=1 offset=300 count=200
    part[2] cum=80% share=30% device_global=2 rank=1 local_index=-1 offset=500 count=300
    part[3] cum=100% share=20% device_global=3 rank=1 local_index=-1 offset=800 count=200
    total=100%
  CURRENT loads:
    part[0] cum=30% share=30% device_global=0 rank=0 local_index=0 offset=0 count=300
    part[1] cum=50% share=20% device_global=1 rank=0 local_index=1 offset=300 count=200
    part[2] cum=80% share=30% device_global=2 rank=1 local_index=-1 offset=500 count=300
    part[3] cum=100% share=20% device_global=3 rank=1 local_index=-1 offset=800 count=200
    total=100%
[DCL][balance-metrics] iteration=4000
  policy=threshold
  action=skip
  reason=new partition identical
  T_compute_interval_s=0.0481227
  T_comm_interval_s=0.631511
  T_balance_total_s=0.00910308
  device_times_s:
    part[0]=0.0365282
    part[1]=0.0476159
    part[2]=0.0350812
    part[3]=0.0481227
  OLD loads:
    part[0] cum=30% share=30% device_global=0 rank=0 local_index=0 offset=0 count=300
    part[1] cum=50% share=20% device_global=1 rank=0 local_index=1 offset=300 count=200
    part[2] cum=80% share=30% device_global=2 rank=1 local_index=-1 offset=500 count=300
    part[3] cum=100% share=20% device_global=3 rank=1 local_index=-1 offset=800 count=200
    total=100%
  PROPOSED loads:
    part[0] cum=30% share=30% device_global=0 rank=0 local_index=0 offset=0 count=300
    part[1] cum=50% share=20% device_global=1 rank=0 local_index=1 offset=300 count=200
    part[2] cum=80% share=30% device_global=2 rank=1 local_index=-1 offset=500 count=300
    part[3] cum=100% share=20% device_global=3 rank=1 local_index=-1 offset=800 count=200
    total=100%
  CURRENT loads:
    part[0] cum=30% share=30% device_global=0 rank=0 local_index=0 offset=0 count=300
    part[1] cum=50% share=20% device_global=1 rank=0 local_index=1 offset=300 count=200
    part[2] cum=80% share=30% device_global=2 rank=1 local_index=-1 offset=500 count=300
    part[3] cum=100% share=20% device_global=3 rank=1 local_index=-1 offset=800 count=200
    total=100%
[DCL][balance-metrics] iteration=5000
  policy=threshold
  action=skip
  reason=new partition identical
  T_compute_interval_s=0.0477008
  T_comm_interval_s=0.621627
  T_balance_total_s=0.0066444
  device_times_s:
    part[0]=0.0366999
    part[1]=0.0477008
    part[2]=0.0350761
    part[3]=0.0464339
  OLD loads:
    part[0] cum=30% share=30% device_global=0 rank=0 local_index=0 offset=0 count=300
    part[1] cum=50% share=20% device_global=1 rank=0 local_index=1 offset=300 count=200
    part[2] cum=80% share=30% device_global=2 rank=1 local_index=-1 offset=500 count=300
    part[3] cum=100% share=20% device_global=3 rank=1 local_index=-1 offset=800 count=200
    total=100%
  PROPOSED loads:
    part[0] cum=30% share=30% device_global=0 rank=0 local_index=0 offset=0 count=300
    part[1] cum=50% share=20% device_global=1 rank=0 local_index=1 offset=300 count=200
    part[2] cum=80% share=30% device_global=2 rank=1 local_index=-1 offset=500 count=300
    part[3] cum=100% share=20% device_global=3 rank=1 local_index=-1 offset=800 count=200
    total=100%
  CURRENT loads:
    part[0] cum=30% share=30% device_global=0 rank=0 local_index=0 offset=0 count=300
    part[1] cum=50% share=20% device_global=1 rank=0 local_index=1 offset=300 count=200
    part[2] cum=80% share=30% device_global=2 rank=1 local_index=-1 offset=500 count=300
    part[3] cum=100% share=20% device_global=3 rank=1 local_index=-1 offset=800 count=200
    total=100%
[DCL][balance-metrics] iteration=6000
  policy=threshold
  action=skip
  reason=new partition identical
  T_compute_interval_s=0.0467549
  T_comm_interval_s=0.62159
  T_balance_total_s=0.00661304
  device_times_s:
    part[0]=0.0364421
    part[1]=0.0467309
    part[2]=0.0351209
    part[3]=0.0467549
  OLD loads:
    part[0] cum=30% share=30% device_global=0 rank=0 local_index=0 offset=0 count=300
    part[1] cum=50% share=20% device_global=1 rank=0 local_index=1 offset=300 count=200
    part[2] cum=80% share=30% device_global=2 rank=1 local_index=-1 offset=500 count=300
    part[3] cum=100% share=20% device_global=3 rank=1 local_index=-1 offset=800 count=200
    total=100%
  PROPOSED loads:
    part[0] cum=30% share=30% device_global=0 rank=0 local_index=0 offset=0 count=300
    part[1] cum=50% share=20% device_global=1 rank=0 local_index=1 offset=300 count=200
    part[2] cum=80% share=30% device_global=2 rank=1 local_index=-1 offset=500 count=300
    part[3] cum=100% share=20% device_global=3 rank=1 local_index=-1 offset=800 count=200
    total=100%
  CURRENT loads:
    part[0] cum=30% share=30% device_global=0 rank=0 local_index=0 offset=0 count=300
    part[1] cum=50% share=20% device_global=1 rank=0 local_index=1 offset=300 count=200
    part[2] cum=80% share=30% device_global=2 rank=1 local_index=-1 offset=500 count=300
    part[3] cum=100% share=20% device_global=3 rank=1 local_index=-1 offset=800 count=200
    total=100%
[DCL][balance-metrics] iteration=7000
  policy=threshold
  action=skip
  reason=new partition identical
  T_compute_interval_s=0.0485075
  T_comm_interval_s=0.623372
  T_balance_total_s=0.00711101
  device_times_s:
    part[0]=0.0357616
    part[1]=0.0465474
    part[2]=0.0355864
    part[3]=0.0485075
  OLD loads:
    part[0] cum=30% share=30% device_global=0 rank=0 local_index=0 offset=0 count=300
    part[1] cum=50% share=20% device_global=1 rank=0 local_index=1 offset=300 count=200
    part[2] cum=80% share=30% device_global=2 rank=1 local_index=-1 offset=500 count=300
    part[3] cum=100% share=20% device_global=3 rank=1 local_index=-1 offset=800 count=200
    total=100%
  PROPOSED loads:
    part[0] cum=30% share=30% device_global=0 rank=0 local_index=0 offset=0 count=300
    part[1] cum=50% share=20% device_global=1 rank=0 local_index=1 offset=300 count=200
    part[2] cum=80% share=30% device_global=2 rank=1 local_index=-1 offset=500 count=300
    part[3] cum=100% share=20% device_global=3 rank=1 local_index=-1 offset=800 count=200
    total=100%
  CURRENT loads:
    part[0] cum=30% share=30% device_global=0 rank=0 local_index=0 offset=0 count=300
    part[1] cum=50% share=20% device_global=1 rank=0 local_index=1 offset=300 count=200
    part[2] cum=80% share=30% device_global=2 rank=1 local_index=-1 offset=500 count=300
    part[3] cum=100% share=20% device_global=3 rank=1 local_index=-1 offset=800 count=200
    total=100%
[DCL][balance-metrics] iteration=8000
  policy=threshold
  action=skip
  reason=new partition identical
  T_compute_interval_s=0.0474031
  T_comm_interval_s=0.630255
  T_balance_total_s=0.00784273
  device_times_s:
    part[0]=0.0358233
    part[1]=0.0468648
    part[2]=0.0358449
    part[3]=0.0474031
  OLD loads:
    part[0] cum=30% share=30% device_global=0 rank=0 local_index=0 offset=0 count=300
    part[1] cum=50% share=20% device_global=1 rank=0 local_index=1 offset=300 count=200
    part[2] cum=80% share=30% device_global=2 rank=1 local_index=-1 offset=500 count=300
    part[3] cum=100% share=20% device_global=3 rank=1 local_index=-1 offset=800 count=200
    total=100%
  PROPOSED loads:
    part[0] cum=30% share=30% device_global=0 rank=0 local_index=0 offset=0 count=300
    part[1] cum=50% share=20% device_global=1 rank=0 local_index=1 offset=300 count=200
    part[2] cum=80% share=30% device_global=2 rank=1 local_index=-1 offset=500 count=300
    part[3] cum=100% share=20% device_global=3 rank=1 local_index=-1 offset=800 count=200
    total=100%
  CURRENT loads:
    part[0] cum=30% share=30% device_global=0 rank=0 local_index=0 offset=0 count=300
    part[1] cum=50% share=20% device_global=1 rank=0 local_index=1 offset=300 count=200
    part[2] cum=80% share=30% device_global=2 rank=1 local_index=-1 offset=500 count=300
    part[3] cum=100% share=20% device_global=3 rank=1 local_index=-1 offset=800 count=200
    total=100%
[DCL][balance-metrics] iteration=9000
  policy=threshold
  action=skip
  reason=new partition identical
  T_compute_interval_s=0.0468697
  T_comm_interval_s=0.620736
  T_balance_total_s=0.00696504
  device_times_s:
    part[0]=0.0358946
    part[1]=0.0466478
    part[2]=0.0356748
    part[3]=0.0468697
  OLD loads:
    part[0] cum=30% share=30% device_global=0 rank=0 local_index=0 offset=0 count=300
    part[1] cum=50% share=20% device_global=1 rank=0 local_index=1 offset=300 count=200
    part[2] cum=80% share=30% device_global=2 rank=1 local_index=-1 offset=500 count=300
    part[3] cum=100% share=20% device_global=3 rank=1 local_index=-1 offset=800 count=200
    total=100%
  PROPOSED loads:
    part[0] cum=30% share=30% device_global=0 rank=0 local_index=0 offset=0 count=300
    part[1] cum=50% share=20% device_global=1 rank=0 local_index=1 offset=300 count=200
    part[2] cum=80% share=30% device_global=2 rank=1 local_index=-1 offset=500 count=300
    part[3] cum=100% share=20% device_global=3 rank=1 local_index=-1 offset=800 count=200
    total=100%
  CURRENT loads:
    part[0] cum=30% share=30% device_global=0 rank=0 local_index=0 offset=0 count=300
    part[1] cum=50% share=20% device_global=1 rank=0 local_index=1 offset=300 count=200
    part[2] cum=80% share=30% device_global=2 rank=1 local_index=-1 offset=500 count=300
    part[3] cum=100% share=20% device_global=3 rank=1 local_index=-1 offset=800 count=200
    total=100%
[DCL][balance-metrics] iteration=10000
  policy=threshold
  action=skip
  reason=new partition identical
  T_compute_interval_s=0.0468122
  T_comm_interval_s=0.620644
  T_balance_total_s=0.00702391
  device_times_s:
    part[0]=0.0358031
    part[1]=0.0466703
    part[2]=0.0359055
    part[3]=0.0468122
  OLD loads:
    part[0] cum=30% share=30% device_global=0 rank=0 local_index=0 offset=0 count=300
    part[1] cum=50% share=20% device_global=1 rank=0 local_index=1 offset=300 count=200
    part[2] cum=80% share=30% device_global=2 rank=1 local_index=-1 offset=500 count=300
    part[3] cum=100% share=20% device_global=3 rank=1 local_index=-1 offset=800 count=200
    total=100%
  PROPOSED loads:
    part[0] cum=30% share=30% device_global=0 rank=0 local_index=0 offset=0 count=300
    part[1] cum=50% share=20% device_global=1 rank=0 local_index=1 offset=300 count=200
    part[2] cum=80% share=30% device_global=2 rank=1 local_index=-1 offset=500 count=300
    part[3] cum=100% share=20% device_global=3 rank=1 local_index=-1 offset=800 count=200
    total=100%
  CURRENT loads:
    part[0] cum=30% share=30% device_global=0 rank=0 local_index=0 offset=0 count=300
    part[1] cum=50% share=20% device_global=1 rank=0 local_index=1 offset=300 count=200
    part[2] cum=80% share=30% device_global=2 rank=1 local_index=-1 offset=500 count=300
    part[3] cum=100% share=20% device_global=3 rank=1 local_index=-1 offset=800 count=200
    total=100%

=== PARTICOES FINAIS ===
=== Particoes globais ===
part[0] device_global=0 rank=0 local_index=0 offset=0 count=300
part[1] device_global=1 rank=0 local_index=1 offset=300 count=200
part[2] device_global=2 rank=1 local_index=-1 offset=500 count=300
part[3] device_global=3 rank=1 local_index=-1 offset=800 count=200


============================
ITERACAO 10000

=== STATE_B_FINAL ===
  4.8189   5.4196   5.8223   5.2936   3.9302   2.4112   1.2565   0.5757   0.2468   0.1230 
  5.3804   6.1225   6.6862   6.1942   4.7076   2.9816   1.6212   0.7831   0.3563   0.1872 
  5.9865   6.9280   7.7457   7.3750   5.8050   3.8582   2.2360   1.1670   0.5776   0.3267 
  6.0336   7.1148   8.1685   8.0315   6.5985   4.6570   2.9221   1.6761   0.9158   0.5627 
  5.3031   6.3816   7.5457   7.7037   6.6714   5.0757   3.5123   2.2494   1.3672   0.9114 
  4.0493   4.9775   6.0804   6.4945   6.0108   5.0252   3.9010   2.8035   1.8782   1.3378 
  2.7132   3.4091   4.3208   4.8807   4.9141   4.5913   4.0094   3.1824   2.2906   1.7039 
  1.6238   2.0883   2.7635   3.3450   3.7173   3.8878   3.7472   3.1871   2.3942   1.8226 
  0.9079   1.1983   1.6687   2.1868   2.6876   3.0936   3.1944   2.8284   2.1699   1.6680 
  0.5644   0.7638   1.1162   1.5678   2.0797   2.5457   2.7296   2.4625   1.9042   1.4677 

  4.9982   5.7455   6.3578   5.9541   4.5382   2.8464   1.5137   0.7133   0.3238   0.1765 
  5.5768   6.4820   7.2861   6.9495   5.4192   3.5031   1.9364   0.9542   0.4515   0.2525 
  6.2058   7.3289   8.4249   8.2523   6.6567   4.5024   2.6369   1.3887   0.7005   0.4090 
  6.2719   7.5385   8.8856   8.9747   7.5391   5.3905   3.3929   1.9431   1.0649   0.6616 
  5.5559   6.8012   8.2348   8.6118   7.5939   5.8157   4.0048   2.5408   1.5366   1.0266 
  4.3101   5.3689   6.6835   7.2736   6.8088   5.6832   4.3603   3.0947   2.0616   1.4708 
  2.9650   3.7495   4.8023   5.4788   5.5260   5.1113   4.3960   3.4514   2.4781   1.8500 
  1.8408   2.3577   3.1134   3.7586   4.1377   4.2576   4.0432   3.4143   2.5676   1.9657 
  1.0759   1.3946   1.9054   2.4531   2.9561   3.3385   3.4053   3.0046   2.3136   1.7910 
  0.6971   0.9131   1.2874   1.7532   2.2653   2.7201   2.8883   2.6027   2.0231   1.5714 

  5.0361   5.9765   6.8958   6.7278   5.3186   3.4460   1.8990   0.9499   0.4852   0.3084 
  5.6164   6.7340   7.8857   7.8317   6.3282   4.2140   2.3982   1.2367   0.6407   0.4043 
  6.2619   7.6177   9.1083   9.2774   7.7374   5.3631   3.1997   1.7280   0.9194   0.5794 
  6.3810   7.8806   9.6322  10.0861   8.7217   6.3398   4.0103   2.3044   1.2868   0.8280 
  5.7637   7.2142   9.0040   9.7028   8.7393   6.7270   4.5849   2.8662   1.7268   1.1662 
  4.6350   5.8505   7.4273   8.2399   7.7819   6.4330   4.8168   3.3358   2.1985   1.5746 
  3.3671   4.2547   5.4646   6.2494   6.2493   5.6341   4.6875   3.5902   2.5583   1.9209 
  2.2387   2.8139   3.6425   4.3092   4.6075   4.5616   4.1838   3.4652   2.6013   2.0095 
  1.4085   1.7562   2.2901   2.8143   3.2299   3.4849   3.4446   2.9997   2.3170   1.8143 
  0.9700   1.2014   1.5780   2.0055   2.4354   2.7885   2.8810   2.5738   2.0126   1.5835 

  4.6212   5.6757   6.8442   6.9757   5.7484   3.8887   2.2757   1.2699   0.7767   0.5863 
  5.1617   6.3997   7.8253   8.1132   6.8251   4.7292   2.8342   1.6015   0.9680   0.7140 
  5.7963   7.2760   9.0622   9.6152   8.3219   5.9609   3.6911   2.1227   1.2635   0.9016 
  6.0183   7.6332   9.6656  10.4889   9.3519   6.9481   4.4724   2.6445   1.5705   1.0931 
  5.6440   7.1877   9.1955  10.1678   9.3380   7.2311   4.8984   3.0461   1.8650   1.3046 
  4.8259   6.1065   7.8101   8.7466   8.2783   6.7418   4.8969   3.2913   2.1498   1.5596 
  3.8033   4.7297   5.9803   6.7458   6.6000   5.7211   4.5291   3.3335   2.3440   1.7765 
  2.7614   3.3558   4.1684   4.7274   4.8061   4.4719   3.8650   3.0822   2.2956   1.7957 
  1.8841   2.2389   2.7325   3.1219   3.3106   3.3024   3.0728   2.5940   2.0010   1.5921 
  1.3759   1.6090   1.9401   2.2350   2.4553   2.5783   2.5146   2.1904   1.7181   1.3764 

  3.7518   4.7746   6.0261   6.4398   5.5832   4.0249   2.6048   1.7148   1.2817   1.1073 
  4.2153   5.4079   6.9105   7.5035   6.6313   4.8788   3.2036   2.0997   1.5306   1.2925 
  4.8124   6.2263   8.0701   8.9353   8.0902   6.1036   4.0706   2.6374   1.8446   1.4993 
  5.1732   6.7060   8.7564   9.8376   9.0975   7.0236   4.7510   3.0409   2.0329   1.5791 
  5.1527   6.6117   8.5841   9.6889   9.0974   7.1776   4.9515   3.1778   2.0702   1.5542 
  4.7976   6.0077   7.6293   8.5425   8.0930   6.5403   4.6676   3.0935   2.0448   1.5329 
  4.1608   5.0411   6.1871   6.8038   6.4810   5.3994   4.0576   2.8550   1.9816   1.5262 
  3.2960   3.8669   4.5779   4.9311   4.7282   4.0902   3.2700   2.4620   1.8041   1.4331 
  2.4092   2.7544   3.1633   3.3499   3.2453   2.9244   2.4808   1.9769   1.5081   1.2231 
  1.8391   2.0685   2.3290   2.4415   2.3910   2.2264   1.9693   1.6252   1.2671   1.0378 

  2.6871   3.5476   4.6968   5.2956   4.9020   3.8771   2.8959   2.2999   2.0214   1.8946 
  3.0560   4.0560   5.4217   6.1989   5.8390   4.6954   3.5263   2.7567   2.3576   2.1692 
  3.5915   4.7740   6.4269   7.4514   7.1517   5.8436   4.3819   3.3192   2.7078   2.4130 
  4.0716   5.3544   7.1644   8.3340   8.0802   6.6507   4.9312   3.5790   2.7467   2.3446 
  4.3936   5.6227   7.3338   8.4189   8.1433   6.6950   4.8915   3.4053   2.4566   2.0010 
  4.5022   5.5394   6.9213   7.7096   7.3495   6.0077   4.3519   2.9597   2.0522   1.6178 
  4.2726   5.0519   6.0130   6.4422   6.0124   4.8918   3.5626   2.4381   1.6898   1.3288 
  3.6297   4.1590   4.7484   4.9057   4.4888   3.6562   2.7155   1.9148   1.3658   1.0949 
  2.7862   3.1241   3.4602   3.4775   3.1392   2.5758   1.9654   1.4380   1.0608   0.8685 
  2.1898   2.4249   2.6377   2.6072   2.3378   1.9354   1.5108   1.1364   0.8576   0.7112 

  1.7118   2.3467   3.2684   3.9201   3.9434   3.5169   3.0887   2.8829   2.8134   2.7542 
  1.9847   2.7221   3.8106   4.6212   4.7198   4.2616   3.7332   3.4100   3.2425   3.1256 
  2.4321   3.3061   4.6129   5.6279   5.8151   5.2814   4.5548   3.9951   3.6338   3.4118 
  2.9517   3.9082   5.3276   6.4264   6.6149   5.9485   4.9677   4.1152   3.5249   3.1919 
  3.4802   4.4156   5.7504   6.7079   6.7477   5.9129   4.7218   3.6548   2.9142   2.5235 
  3.9003   4.7219   5.8049   6.4414   6.2339   5.2659   4.0048   2.8987   2.1511   1.7791 
  3.9774   4.6351   5.4076   5.6992   5.2829   4.2969   3.1345   2.1563   1.5186   1.2166 
  3.5510   4.0348   4.5338   4.5889   4.1043   3.2413   2.3028   1.5447   1.0659   0.8476 
  2.8153   3.1503   3.4569   3.4061   2.9734   2.3059   1.6196   1.0815   0.7487   0.6004 
  2.2538   2.5017   2.7103   2.6310   2.2667   1.7428   1.2211   0.8188   0.5721   0.4633 

  0.9839   1.4020   2.0614   2.6533   2.9427   2.9927   3.0422   3.1840   3.3039   3.3103 
  1.1709   1.6576   2.4345   3.1556   3.5422   3.6289   3.6558   3.7344   3.7816   3.7371 
  1.5114   2.0924   3.0222   3.9008   4.3906   4.4779   4.3976   4.3021   4.1824   4.0394 
  1.9774   2.6237   3.6327   4.5560   5.0258   4.9910   4.6818   4.3097   3.9651   3.7117 
  2.5367   3.1906   4.1470   4.9256   5.1909   4.9039   4.3070   3.6671   3.1458   2.8285 
  3.0608   3.6703   4.4699   4.9704   4.9231   4.3533   3.5285   2.7408   2.1627   1.8515 
  3.2914   3.8212   4.4302   4.6535   4.3422   3.5931   2.6872   1.9018   1.3748   1.1175 
  3.0411   3.4668   3.9014   3.9457   3.5252   2.7713   1.9444   1.2759   0.8581   0.6691 
  2.4635   2.7818   3.0805   3.0487   2.6528   2.0186   1.3589   0.8493   0.5460   0.4162 
  1.9959   2.2438   2.4657   2.4145   2.0731   1.5510   1.0220   0.6233   0.3925   0.2968 

  0.5319   0.7891   1.2296   1.7089   2.0983   2.4074   2.7362   3.0836   3.3180   3.3694 
  0.6533   0.9542   1.4734   2.0516   2.5386   2.9182   3.2708   3.5933   3.7775   3.7874 
  0.8933   1.2565   1.8785   2.5732   3.1606   3.5831   3.8910   4.0923   4.1414   4.0662 
  1.2581   1.6711   2.3493   3.0685   3.6315   3.9533   4.0698   4.0289   3.8747   3.6986 
  1.7356   2.1713   2.8255   3.4253   3.7870   3.8432   3.6580   3.3415   3.0074   2.7666 
  2.2170   2.6509   3.2232   3.6129   3.6753   3.4042   2.9269   2.4111   1.9906   1.7439 
  2.4772   2.8857   3.3580   3.5489   3.3584   2.8449   2.1946   1.6054   1.1917   0.9805 
  2.3446   2.6978   3.0693   3.1360   2.8307   2.2446   1.5826   1.0368   0.6893   0.5288 
  1.9276   2.2067   2.4855   2.4978   2.1970   1.6735   1.1111   0.6711   0.4078   0.2941 
  1.5743   1.7989   2.0184   2.0142   1.7506   1.3067   0.8403   0.4848   0.2789   0.1935 

  0.3222   0.4958   0.8136   1.2077   1.6062   2.0021   2.4322   2.8534   3.1297   3.2011 
  0.4079   0.6121   0.9874   1.4606   1.9493   2.4241   2.8958   3.3104   3.5501   3.5873 
  0.5867   0.8358   1.2865   1.8514   2.4319   2.9636   3.4193   3.7431   3.8705   3.8342 
  0.8753   1.1644   1.6587   2.2399   2.7977   3.2452   3.5376   3.6490   3.5948   3.4679 
  1.2709   1.5869   2.0720   2.5567   2.9329   3.1302   3.1360   2.9852   2.7596   2.5707 
  1.6848   2.0162   2.4576   2.7796   2.8889   2.7672   2.4751   2.1151   1.7937   1.5924 
  1.9283   2.2581   2.6448   2.8181   2.7014   2.3314   1.8406   1.3789   1.0429   0.8655 
  1.8525   2.1507   2.4743   2.5557   2.3318   1.8670   1.3272   0.8738   0.5800   0.4416 
  1.5368   1.7797   2.0343   2.0731   1.8442   1.4129   0.9365   0.5585   0.3295   0.2292 
  1.2611   1.4599   1.6659   1.6894   1.4864   1.1145   0.7118   0.4007   0.2189   0.1424 

Tempo de execução: 7.76303s
