=== Dispositivos locais do rank 0 ===
global=0 local=0 nome="NVIDIA RTX 2000 Ada Generation" compute_units=22
global=1 local=1 nome="Intel(R) Xeon(R) CPU           E5620  @ 2.40GHz" compute_units=16

=== PARTICOES INICIAIS ===
=== Particoes globais ===
part[0] device_global=0 rank=0 local_index=0 offset=0 count=4000000
part[1] device_global=1 rank=0 local_index=1 offset=4000000 count=4000000

X = 50 Y = 50 Z = 3200 Iterations = 10000
[DCL][balance-metrics] iteration=100
  policy=profiled
  action=rebalance
  reason=adaptive decision accepted; remaining_iterations=9900, gain_total=167.508, migration_cost=0, max_migrated_bytes=0, T_comp_int_per_iter=0.0172804, T_comp_bal_per_iter=0.000360332
  T_compute_interval_s=17.2804
  T_comm_interval_s=0
  T_balance_total_s=0.256238
  T_rebalance_apply_s=0.089609
  T_compute_accum_s=17.2804
  T_comm_accum_s=0
  T_balance_accum_s=0.256238
  T_rebalance_apply_accum_s=0.089609
  device_times_s:
    part[0]=0.182043
    part[1]=17.2804
  OLD loads:
    part[0] cum=50% share=50% device_global=0 rank=0 local_index=0 offset=0 count=7917500
    part[1] cum=100% share=50% device_global=1 rank=0 local_index=1 offset=7917500 count=82500
    total=100%
  PROPOSED loads:
    part[0] cum=98.9688% share=98.9688% device_global=0 rank=0 local_index=0 offset=0 count=7917500
    part[1] cum=100% share=1.03125% device_global=1 rank=0 local_index=1 offset=7917500 count=82500
    total=100%
  CURRENT loads:
    part[0] cum=98.9688% share=98.9688% device_global=0 rank=0 local_index=0 offset=0 count=7917500
    part[1] cum=100% share=1.03125% device_global=1 rank=0 local_index=1 offset=7917500 count=82500
    total=100%
[DCL][balance-metrics] iteration=1100
  policy=profiled
  action=rebalance
  reason=adaptive decision accepted; remaining_iterations=8900, gain_total=19.4061, migration_cost=0, max_migrated_bytes=0, T_comp_int_per_iter=0.00525462, T_comp_bal_per_iter=0.00307416
  T_compute_interval_s=5.25462
  T_comm_interval_s=0
  T_balance_total_s=0.0116485
  T_rebalance_apply_s=0.00164385
  T_compute_accum_s=22.535
  T_comm_accum_s=0
  T_balance_accum_s=0.267886
  T_rebalance_apply_accum_s=0.0912528
  device_times_s:
    part[0]=3.06063
    part[1]=5.25462
  OLD loads:
    part[0] cum=98.9688% share=98.9688% device_global=0 rank=0 local_index=0 offset=0 count=7952500
    part[1] cum=100% share=1.03125% device_global=1 rank=0 local_index=1 offset=7952500 count=47500
    total=100%
  PROPOSED loads:
    part[0] cum=99.4062% share=99.4062% device_global=0 rank=0 local_index=0 offset=0 count=7952500
    part[1] cum=100% share=0.593752% device_global=1 rank=0 local_index=1 offset=7952500 count=47500
    total=100%
  CURRENT loads:
    part[0] cum=99.4062% share=99.4062% device_global=0 rank=0 local_index=0 offset=0 count=7952500
    part[1] cum=100% share=0.593752% device_global=1 rank=0 local_index=1 offset=7952500 count=47500
    total=100%
[DCL][balance-metrics] iteration=2100
  policy=profiled
  action=skip
  reason=adaptive decision rejected; remaining_iterations=7900, gain_total=0, migration_cost=0, max_migrated_bytes=0, T_comp_int_per_iter=0.00340644, T_comp_bal_per_iter=0.00345159
  T_compute_interval_s=3.40644
  T_comm_interval_s=0
  T_balance_total_s=0.00839497
  T_rebalance_apply_s=0
  T_compute_accum_s=25.9414
  T_comm_accum_s=0
  T_balance_accum_s=0.276281
  T_rebalance_apply_accum_s=0.0912528
  device_times_s:
    part[0]=3.40644
    part[1]=2.85132
  OLD loads:
    part[0] cum=99.4062% share=99.4062% device_global=0 rank=0 local_index=0 offset=0 count=7952500
    part[1] cum=100% share=0.593752% device_global=1 rank=0 local_index=1 offset=7952500 count=47500
    total=100%
  PROPOSED loads:
    part[0] cum=99.2812% share=99.2812% device_global=0 rank=0 local_index=0 offset=0 count=7952500
    part[1] cum=100% share=0.718749% device_global=1 rank=0 local_index=1 offset=7952500 count=47500
    total=100%
  CURRENT loads:
    part[0] cum=99.4062% share=99.4062% device_global=0 rank=0 local_index=0 offset=0 count=7952500
    part[1] cum=100% share=0.593752% device_global=1 rank=0 local_index=1 offset=7952500 count=47500
    total=100%
[DCL][balance-metrics] iteration=3100
  policy=profiled
  action=rebalance
  reason=adaptive decision accepted; remaining_iterations=6900, gain_total=0.0593346, migration_cost=0, max_migrated_bytes=0, T_comp_int_per_iter=0.00341927, T_comp_bal_per_iter=0.00341067
  T_compute_interval_s=3.41927
  T_comm_interval_s=0
  T_balance_total_s=0.00963431
  T_rebalance_apply_s=0.00102694
  T_compute_accum_s=29.3607
  T_comm_accum_s=0
  T_balance_accum_s=0.285916
  T_rebalance_apply_accum_s=0.0922798
  device_times_s:
    part[0]=3.41927
    part[1]=2.39393
  OLD loads:
    part[0] cum=99.4062% share=99.4062% device_global=0 rank=0 local_index=0 offset=0 count=7932500
    part[1] cum=100% share=0.593752% device_global=1 rank=0 local_index=1 offset=7932500 count=67500
    total=100%
  PROPOSED loads:
    part[0] cum=99.1562% share=99.1562% device_global=0 rank=0 local_index=0 offset=0 count=7932500
    part[1] cum=100% share=0.843751% device_global=1 rank=0 local_index=1 offset=7932500 count=67500
    total=100%
  CURRENT loads:
    part[0] cum=99.1562% share=99.1562% device_global=0 rank=0 local_index=0 offset=0 count=7932500
    part[1] cum=100% share=0.843751% device_global=1 rank=0 local_index=1 offset=7932500 count=67500
    total=100%
[DCL][balance-metrics] iteration=4100
  policy=profiled
  action=rebalance
  reason=adaptive decision accepted; remaining_iterations=5900, gain_total=0.0380403, migration_cost=0, max_migrated_bytes=0, T_comp_int_per_iter=0.00340966, T_comp_bal_per_iter=0.00340321
  T_compute_interval_s=3.40966
  T_comm_interval_s=0
  T_balance_total_s=0.00916609
  T_rebalance_apply_s=0.000823916
  T_compute_accum_s=32.7704
  T_comm_accum_s=0
  T_balance_accum_s=0.295082
  T_rebalance_apply_accum_s=0.0931037
  device_times_s:
    part[0]=3.40966
    part[1]=2.76586
  OLD loads:
    part[0] cum=99.1562% share=99.1562% device_global=0 rank=0 local_index=0 offset=0 count=7917500
    part[1] cum=100% share=0.843751% device_global=1 rank=0 local_index=1 offset=7917500 count=82500
    total=100%
  PROPOSED loads:
    part[0] cum=98.9688% share=98.9688% device_global=0 rank=0 local_index=0 offset=0 count=7917500
    part[1] cum=100% share=1.03125% device_global=1 rank=0 local_index=1 offset=7917500 count=82500
    total=100%
  CURRENT loads:
    part[0] cum=98.9688% share=98.9688% device_global=0 rank=0 local_index=0 offset=0 count=7917500
    part[1] cum=100% share=1.03125% device_global=1 rank=0 local_index=1 offset=7917500 count=82500
    total=100%
[DCL][balance-metrics] iteration=5100
  policy=profiled
  action=skip
  reason=adaptive decision rejected; remaining_iterations=4900, gain_total=0, migration_cost=0, max_migrated_bytes=0, T_comp_int_per_iter=0.0034104, T_comp_bal_per_iter=0.00344686
  T_compute_interval_s=3.4104
  T_comm_interval_s=0
  T_balance_total_s=0.0082738
  T_rebalance_apply_s=0
  T_compute_accum_s=36.1808
  T_comm_accum_s=0
  T_balance_accum_s=0.303356
  T_rebalance_apply_accum_s=0.0931037
  device_times_s:
    part[0]=3.4104
    part[1]=3.07423
  OLD loads:
    part[0] cum=98.9688% share=98.9688% device_global=0 rank=0 local_index=0 offset=0 count=7917500
    part[1] cum=100% share=1.03125% device_global=1 rank=0 local_index=1 offset=7917500 count=82500
    total=100%
  PROPOSED loads:
    part[0] cum=98.8438% share=98.8438% device_global=0 rank=0 local_index=0 offset=0 count=7917500
    part[1] cum=100% share=1.15625% device_global=1 rank=0 local_index=1 offset=7917500 count=82500
    total=100%
  CURRENT loads:
    part[0] cum=98.9688% share=98.9688% device_global=0 rank=0 local_index=0 offset=0 count=7917500
    part[1] cum=100% share=1.03125% device_global=1 rank=0 local_index=1 offset=7917500 count=82500
    total=100%
[DCL][balance-metrics] iteration=6100
  policy=profiled
  action=rebalance
  reason=adaptive decision accepted; remaining_iterations=3900, gain_total=0.0294996, migration_cost=0, max_migrated_bytes=0, T_comp_int_per_iter=0.00342217, T_comp_bal_per_iter=0.00341461
  T_compute_interval_s=3.42217
  T_comm_interval_s=0
  T_balance_total_s=0.00929949
  T_rebalance_apply_s=0.00103854
  T_compute_accum_s=39.6029
  T_comm_accum_s=0
  T_balance_accum_s=0.312655
  T_rebalance_apply_accum_s=0.0941422
  device_times_s:
    part[0]=3.42217
    part[1]=2.81189
  OLD loads:
    part[0] cum=98.9688% share=98.9688% device_global=0 rank=0 local_index=0 offset=0 count=7900000
    part[1] cum=100% share=1.03125% device_global=1 rank=0 local_index=1 offset=7900000 count=100000
    total=100%
  PROPOSED loads:
    part[0] cum=98.75% share=98.75% device_global=0 rank=0 local_index=0 offset=0 count=7900000
    part[1] cum=100% share=1.25% device_global=1 rank=0 local_index=1 offset=7900000 count=100000
    total=100%
  CURRENT loads:
    part[0] cum=98.75% share=98.75% device_global=0 rank=0 local_index=0 offset=0 count=7900000
    part[1] cum=100% share=1.25% device_global=1 rank=0 local_index=1 offset=7900000 count=100000
    total=100%
[DCL][balance-metrics] iteration=7100
  policy=profiled
  action=rebalance
  reason=adaptive decision accepted; remaining_iterations=2900, gain_total=0.00628192, migration_cost=0, max_migrated_bytes=0, T_comp_int_per_iter=0.00342256, T_comp_bal_per_iter=0.0034204
  T_compute_interval_s=3.42256
  T_comm_interval_s=0
  T_balance_total_s=0.00876953
  T_rebalance_apply_s=0.000485256
  T_compute_accum_s=43.0255
  T_comm_accum_s=0
  T_balance_accum_s=0.321425
  T_rebalance_apply_accum_s=0.0946275
  device_times_s:
    part[0]=3.42256
    part[1]=3.21956
  OLD loads:
    part[0] cum=98.75% share=98.75% device_global=0 rank=0 local_index=0 offset=0 count=7895000
    part[1] cum=100% share=1.25% device_global=1 rank=0 local_index=1 offset=7895000 count=105000
    total=100%
  PROPOSED loads:
    part[0] cum=98.6875% share=98.6875% device_global=0 rank=0 local_index=0 offset=0 count=7895000
    part[1] cum=100% share=1.3125% device_global=1 rank=0 local_index=1 offset=7895000 count=105000
    total=100%
  CURRENT loads:
    part[0] cum=98.6875% share=98.6875% device_global=0 rank=0 local_index=0 offset=0 count=7895000
    part[1] cum=100% share=1.3125% device_global=1 rank=0 local_index=1 offset=7895000 count=105000
    total=100%
[DCL][balance-metrics] iteration=8100
  policy=profiled
  action=skip
  reason=adaptive decision rejected; remaining_iterations=1900, gain_total=0, migration_cost=0, max_migrated_bytes=0, T_comp_int_per_iter=0.00343541, T_comp_bal_per_iter=0.00344379
  T_compute_interval_s=3.43541
  T_comm_interval_s=0
  T_balance_total_s=0.00870465
  T_rebalance_apply_s=0
  T_compute_accum_s=46.4609
  T_comm_accum_s=0
  T_balance_accum_s=0.330129
  T_rebalance_apply_accum_s=0.0946275
  device_times_s:
    part[0]=3.43541
    part[1]=3.28726
  OLD loads:
    part[0] cum=98.6875% share=98.6875% device_global=0 rank=0 local_index=0 offset=0 count=7895000
    part[1] cum=100% share=1.3125% device_global=1 rank=0 local_index=1 offset=7895000 count=105000
    total=100%
  PROPOSED loads:
    part[0] cum=98.625% share=98.625% device_global=0 rank=0 local_index=0 offset=0 count=7895000
    part[1] cum=100% share=1.375% device_global=1 rank=0 local_index=1 offset=7895000 count=105000
    total=100%
  CURRENT loads:
    part[0] cum=98.6875% share=98.6875% device_global=0 rank=0 local_index=0 offset=0 count=7895000
    part[1] cum=100% share=1.3125% device_global=1 rank=0 local_index=1 offset=7895000 count=105000
    total=100%
[DCL][balance-metrics] iteration=9100
  policy=profiled
  action=rebalance
  reason=adaptive decision accepted; remaining_iterations=900, gain_total=0.00392334, migration_cost=0, max_migrated_bytes=0, T_comp_int_per_iter=0.00344164, T_comp_bal_per_iter=0.00343728
  T_compute_interval_s=3.44164
  T_comm_interval_s=0
  T_balance_total_s=0.0087666
  T_rebalance_apply_s=0.000645751
  T_compute_accum_s=49.9026
  T_comm_accum_s=0
  T_balance_accum_s=0.338896
  T_rebalance_apply_accum_s=0.0952732
  device_times_s:
    part[0]=3.44164
    part[1]=3.12918
  OLD loads:
    part[0] cum=98.6875% share=98.6875% device_global=0 rank=0 local_index=0 offset=0 count=7885000
    part[1] cum=100% share=1.3125% device_global=1 rank=0 local_index=1 offset=7885000 count=115000
    total=100%
  PROPOSED loads:
    part[0] cum=98.5625% share=98.5625% device_global=0 rank=0 local_index=0 offset=0 count=7885000
    part[1] cum=100% share=1.4375% device_global=1 rank=0 local_index=1 offset=7885000 count=115000
    total=100%
  CURRENT loads:
    part[0] cum=98.5625% share=98.5625% device_global=0 rank=0 local_index=0 offset=0 count=7885000
    part[1] cum=100% share=1.4375% device_global=1 rank=0 local_index=1 offset=7885000 count=115000
    total=100%

=== PARTICOES FINAIS ===
=== Particoes globais ===
part[0] device_global=0 rank=0 local_index=0 offset=0 count=7885000
part[1] device_global=1 rank=0 local_index=1 offset=7885000 count=115000


============================
ITERACAO 10000
Tempo de execução: 53.5143s
