=== Dispositivos locais do rank 0 ===
global=0 local=0 nome="NVIDIA RTX 2000 Ada Generation" compute_units=22
global=1 local=1 nome="Intel(R) Xeon(R) CPU           E5620  @ 2.40GHz" compute_units=16

=== PARTICOES INICIAIS ===
=== Particoes globais ===
part[0] device_global=0 rank=0 local_index=0 offset=0 count=4000000
part[1] device_global=1 rank=0 local_index=1 offset=4000000 count=4000000

X = 50 Y = 50 Z = 3200 Iterations = 10000
[DCL][balance-metrics] iteration=100
  policy=profiled
  action=rebalance
  reason=adaptive decision accepted; remaining_iterations=9900, gain_total=165.836, migration_cost=0, max_migrated_bytes=0, T_comp_int_per_iter=0.0171148, T_comp_bal_per_iter=0.00036369
  T_compute_interval_s=17.1148
  T_comm_interval_s=0
  T_balance_total_s=0.255932
  T_rebalance_apply_s=0.0894166
  T_compute_accum_s=17.1148
  T_comm_accum_s=0
  T_balance_accum_s=0.255932
  T_rebalance_apply_accum_s=0.0894166
  device_times_s:
    part[0]=0.182463
    part[1]=17.1148
  OLD loads:
    part[0] cum=50% share=50% device_global=0 rank=0 local_index=0 offset=0 count=7915000
    part[1] cum=100% share=50% device_global=1 rank=0 local_index=1 offset=7915000 count=85000
    total=100%
  PROPOSED loads:
    part[0] cum=98.9375% share=98.9375% device_global=0 rank=0 local_index=0 offset=0 count=7915000
    part[1] cum=100% share=1.0625% device_global=1 rank=0 local_index=1 offset=7915000 count=85000
    total=100%
  CURRENT loads:
    part[0] cum=98.9375% share=98.9375% device_global=0 rank=0 local_index=0 offset=0 count=7915000
    part[1] cum=100% share=1.0625% device_global=1 rank=0 local_index=1 offset=7915000 count=85000
    total=100%
[DCL][balance-metrics] iteration=1100
  policy=profiled
  action=rebalance
  reason=adaptive decision accepted; remaining_iterations=8900, gain_total=20.8491, migration_cost=0, max_migrated_bytes=0, T_comp_int_per_iter=0.00542372, T_comp_bal_per_iter=0.00308112
  T_compute_interval_s=5.42372
  T_comm_interval_s=0
  T_balance_total_s=0.012032
  T_rebalance_apply_s=0.0018172
  T_compute_accum_s=22.5385
  T_comm_accum_s=0
  T_balance_accum_s=0.267964
  T_rebalance_apply_accum_s=0.0912338
  device_times_s:
    part[0]=3.06659
    part[1]=5.42372
  OLD loads:
    part[0] cum=98.9375% share=98.9375% device_global=0 rank=0 local_index=0 offset=0 count=7952500
    part[1] cum=100% share=1.0625% device_global=1 rank=0 local_index=1 offset=7952500 count=47500
    total=100%
  PROPOSED loads:
    part[0] cum=99.4062% share=99.4062% device_global=0 rank=0 local_index=0 offset=0 count=7952500
    part[1] cum=100% share=0.593752% device_global=1 rank=0 local_index=1 offset=7952500 count=47500
    total=100%
  CURRENT loads:
    part[0] cum=99.4062% share=99.4062% device_global=0 rank=0 local_index=0 offset=0 count=7952500
    part[1] cum=100% share=0.593752% device_global=1 rank=0 local_index=1 offset=7952500 count=47500
    total=100%
[DCL][balance-metrics] iteration=2100
  policy=profiled
  action=rebalance
  reason=adaptive decision accepted; remaining_iterations=7900, gain_total=0.0252873, migration_cost=0, max_migrated_bytes=0, T_comp_int_per_iter=0.00339404, T_comp_bal_per_iter=0.00339084
  T_compute_interval_s=3.39404
  T_comm_interval_s=0
  T_balance_total_s=0.0103445
  T_rebalance_apply_s=0.000684373
  T_compute_accum_s=25.9326
  T_comm_accum_s=0
  T_balance_accum_s=0.278309
  T_rebalance_apply_accum_s=0.0919182
  device_times_s:
    part[0]=3.39404
    part[1]=2.88035
  OLD loads:
    part[0] cum=99.4062% share=99.4062% device_global=0 rank=0 local_index=0 offset=0 count=7945000
    part[1] cum=100% share=0.593752% device_global=1 rank=0 local_index=1 offset=7945000 count=55000
    total=100%
  PROPOSED loads:
    part[0] cum=99.3125% share=99.3125% device_global=0 rank=0 local_index=0 offset=0 count=7945000
    part[1] cum=100% share=0.687498% device_global=1 rank=0 local_index=1 offset=7945000 count=55000
    total=100%
  CURRENT loads:
    part[0] cum=99.3125% share=99.3125% device_global=0 rank=0 local_index=0 offset=0 count=7945000
    part[1] cum=100% share=0.687498% device_global=1 rank=0 local_index=1 offset=7945000 count=55000
    total=100%
[DCL][balance-metrics] iteration=3100
  policy=profiled
  action=skip
  reason=adaptive decision rejected; remaining_iterations=6900, gain_total=0, migration_cost=0, max_migrated_bytes=0, T_comp_int_per_iter=0.00341519, T_comp_bal_per_iter=0.00344542
  T_compute_interval_s=3.41519
  T_comm_interval_s=0
  T_balance_total_s=0.00854185
  T_rebalance_apply_s=0
  T_compute_accum_s=29.3478
  T_comm_accum_s=0
  T_balance_accum_s=0.286851
  T_rebalance_apply_accum_s=0.0919182
  device_times_s:
    part[0]=3.41519
    part[1]=2.70712
  OLD loads:
    part[0] cum=99.3125% share=99.3125% device_global=0 rank=0 local_index=0 offset=0 count=7945000
    part[1] cum=100% share=0.687498% device_global=1 rank=0 local_index=1 offset=7945000 count=55000
    total=100%
  PROPOSED loads:
    part[0] cum=99.125% share=99.125% device_global=0 rank=0 local_index=0 offset=0 count=7945000
    part[1] cum=100% share=0.875002% device_global=1 rank=0 local_index=1 offset=7945000 count=55000
    total=100%
  CURRENT loads:
    part[0] cum=99.3125% share=99.3125% device_global=0 rank=0 local_index=0 offset=0 count=7945000
    part[1] cum=100% share=0.687498% device_global=1 rank=0 local_index=1 offset=7945000 count=55000
    total=100%
[DCL][balance-metrics] iteration=4100
  policy=profiled
  action=skip
  reason=adaptive decision rejected; remaining_iterations=5900, gain_total=0, migration_cost=0, max_migrated_bytes=0, T_comp_int_per_iter=0.00341551, T_comp_bal_per_iter=0.00345546
  T_compute_interval_s=3.41551
  T_comm_interval_s=0
  T_balance_total_s=0.00878141
  T_rebalance_apply_s=0
  T_compute_accum_s=32.7633
  T_comm_accum_s=0
  T_balance_accum_s=0.295632
  T_rebalance_apply_accum_s=0.0919182
  device_times_s:
    part[0]=3.41551
    part[1]=2.30364
  OLD loads:
    part[0] cum=99.3125% share=99.3125% device_global=0 rank=0 local_index=0 offset=0 count=7945000
    part[1] cum=100% share=0.687498% device_global=1 rank=0 local_index=1 offset=7945000 count=55000
    total=100%
  PROPOSED loads:
    part[0] cum=98.9688% share=98.9688% device_global=0 rank=0 local_index=0 offset=0 count=7945000
    part[1] cum=100% share=1.03125% device_global=1 rank=0 local_index=1 offset=7945000 count=55000
    total=100%
  CURRENT loads:
    part[0] cum=99.3125% share=99.3125% device_global=0 rank=0 local_index=0 offset=0 count=7945000
    part[1] cum=100% share=0.687498% device_global=1 rank=0 local_index=1 offset=7945000 count=55000
    total=100%
[DCL][balance-metrics] iteration=5100
  policy=profiled
  action=skip
  reason=adaptive decision rejected; remaining_iterations=4900, gain_total=0, migration_cost=0, max_migrated_bytes=0, T_comp_int_per_iter=0.00341688, T_comp_bal_per_iter=0.00344239
  T_compute_interval_s=3.41688
  T_comm_interval_s=0
  T_balance_total_s=0.00889371
  T_rebalance_apply_s=0
  T_compute_accum_s=36.1802
  T_comm_accum_s=0
  T_balance_accum_s=0.304526
  T_rebalance_apply_accum_s=0.0919182
  device_times_s:
    part[0]=3.41688
    part[1]=2.10368
  OLD loads:
    part[0] cum=99.3125% share=99.3125% device_global=0 rank=0 local_index=0 offset=0 count=7945000
    part[1] cum=100% share=0.687498% device_global=1 rank=0 local_index=1 offset=7945000 count=55000
    total=100%
  PROPOSED loads:
    part[0] cum=98.875% share=98.875% device_global=0 rank=0 local_index=0 offset=0 count=7945000
    part[1] cum=100% share=1.125% device_global=1 rank=0 local_index=1 offset=7945000 count=55000
    total=100%
  CURRENT loads:
    part[0] cum=99.3125% share=99.3125% device_global=0 rank=0 local_index=0 offset=0 count=7945000
    part[1] cum=100% share=0.687498% device_global=1 rank=0 local_index=1 offset=7945000 count=55000
    total=100%
[DCL][balance-metrics] iteration=6100
  policy=profiled
  action=skip
  reason=adaptive decision rejected; remaining_iterations=3900, gain_total=0, migration_cost=0, max_migrated_bytes=0, T_comp_int_per_iter=0.00342066, T_comp_bal_per_iter=0.00343066
  T_compute_interval_s=3.42066
  T_comm_interval_s=0
  T_balance_total_s=0.0083611
  T_rebalance_apply_s=0
  T_compute_accum_s=39.6008
  T_comm_accum_s=0
  T_balance_accum_s=0.312887
  T_rebalance_apply_accum_s=0.0919182
  device_times_s:
    part[0]=3.42066
    part[1]=1.93524
  OLD loads:
    part[0] cum=99.3125% share=99.3125% device_global=0 rank=0 local_index=0 offset=0 count=7945000
    part[1] cum=100% share=0.687498% device_global=1 rank=0 local_index=1 offset=7945000 count=55000
    total=100%
  PROPOSED loads:
    part[0] cum=98.7812% share=98.7812% device_global=0 rank=0 local_index=0 offset=0 count=7945000
    part[1] cum=100% share=1.21875% device_global=1 rank=0 local_index=1 offset=7945000 count=55000
    total=100%
  CURRENT loads:
    part[0] cum=99.3125% share=99.3125% device_global=0 rank=0 local_index=0 offset=0 count=7945000
    part[1] cum=100% share=0.687498% device_global=1 rank=0 local_index=1 offset=7945000 count=55000
    total=100%
[DCL][balance-metrics] iteration=7100
  policy=profiled
  action=rebalance
  reason=adaptive decision accepted; remaining_iterations=2900, gain_total=0.0596146, migration_cost=0, max_migrated_bytes=0, T_comp_int_per_iter=0.00343839, T_comp_bal_per_iter=0.00341783
  T_compute_interval_s=3.43839
  T_comm_interval_s=0
  T_balance_total_s=0.0124952
  T_rebalance_apply_s=0.00221683
  T_compute_accum_s=43.0392
  T_comm_accum_s=0
  T_balance_accum_s=0.325382
  T_rebalance_apply_accum_s=0.094135
  device_times_s:
    part[0]=3.43839
    part[1]=1.83052
  OLD loads:
    part[0] cum=99.3125% share=99.3125% device_global=0 rank=0 local_index=0 offset=0 count=7897500
    part[1] cum=100% share=0.687498% device_global=1 rank=0 local_index=1 offset=7897500 count=102500
    total=100%
  PROPOSED loads:
    part[0] cum=98.7188% share=98.7188% device_global=0 rank=0 local_index=0 offset=0 count=7897500
    part[1] cum=100% share=1.28125% device_global=1 rank=0 local_index=1 offset=7897500 count=102500
    total=100%
  CURRENT loads:
    part[0] cum=98.7188% share=98.7188% device_global=0 rank=0 local_index=0 offset=0 count=7897500
    part[1] cum=100% share=1.28125% device_global=1 rank=0 local_index=1 offset=7897500 count=102500
    total=100%
[DCL][balance-metrics] iteration=8100
  policy=profiled
  action=skip
  reason=adaptive decision rejected; remaining_iterations=1900, gain_total=0, migration_cost=0, max_migrated_bytes=0, T_comp_int_per_iter=0.00342716, T_comp_bal_per_iter=0.00342875
  T_compute_interval_s=3.42716
  T_comm_interval_s=0
  T_balance_total_s=0.0085151
  T_rebalance_apply_s=0
  T_compute_accum_s=46.4664
  T_comm_accum_s=0
  T_balance_accum_s=0.333897
  T_rebalance_apply_accum_s=0.094135
  device_times_s:
    part[0]=3.42716
    part[1]=3.19497
  OLD loads:
    part[0] cum=98.7188% share=98.7188% device_global=0 rank=0 local_index=0 offset=0 count=7897500
    part[1] cum=100% share=1.28125% device_global=1 rank=0 local_index=1 offset=7897500 count=102500
    total=100%
  PROPOSED loads:
    part[0] cum=98.625% share=98.625% device_global=0 rank=0 local_index=0 offset=0 count=7897500
    part[1] cum=100% share=1.375% device_global=1 rank=0 local_index=1 offset=7897500 count=102500
    total=100%
  CURRENT loads:
    part[0] cum=98.7188% share=98.7188% device_global=0 rank=0 local_index=0 offset=0 count=7897500
    part[1] cum=100% share=1.28125% device_global=1 rank=0 local_index=1 offset=7897500 count=102500
    total=100%
[DCL][balance-metrics] iteration=9100
  policy=profiled
  action=rebalance
  reason=adaptive decision accepted; remaining_iterations=900, gain_total=0.00490675, migration_cost=0, max_migrated_bytes=0, T_comp_int_per_iter=0.00344454, T_comp_bal_per_iter=0.00343909
  T_compute_interval_s=3.44454
  T_comm_interval_s=0
  T_balance_total_s=0.00919703
  T_rebalance_apply_s=0.000744507
  T_compute_accum_s=49.9109
  T_comm_accum_s=0
  T_balance_accum_s=0.343094
  T_rebalance_apply_accum_s=0.0948795
  device_times_s:
    part[0]=3.44454
    part[1]=3.0443
  OLD loads:
    part[0] cum=98.7188% share=98.7188% device_global=0 rank=0 local_index=0 offset=0 count=7885000
    part[1] cum=100% share=1.28125% device_global=1 rank=0 local_index=1 offset=7885000 count=115000
    total=100%
  PROPOSED loads:
    part[0] cum=98.5625% share=98.5625% device_global=0 rank=0 local_index=0 offset=0 count=7885000
    part[1] cum=100% share=1.4375% device_global=1 rank=0 local_index=1 offset=7885000 count=115000
    total=100%
  CURRENT loads:
    part[0] cum=98.5625% share=98.5625% device_global=0 rank=0 local_index=0 offset=0 count=7885000
    part[1] cum=100% share=1.4375% device_global=1 rank=0 local_index=1 offset=7885000 count=115000
    total=100%

=== PARTICOES FINAIS ===
=== Particoes globais ===
part[0] device_global=0 rank=0 local_index=0 offset=0 count=7885000
part[1] device_global=1 rank=0 local_index=1 offset=7885000 count=115000


============================
ITERACAO 10000
Tempo de execução: 53.5716s
