=== Dispositivos locais do rank 0 ===
global=0 local=0 nome="NVIDIA RTX 2000 Ada Generation" compute_units=22
global=1 local=1 nome="Intel(R) Xeon(R) CPU           E5620  @ 2.40GHz" compute_units=16

=== PARTICOES INICIAIS ===
=== Particoes globais ===
part[0] device_global=0 rank=0 local_index=0 offset=0 count=4000000
part[1] device_global=1 rank=0 local_index=1 offset=4000000 count=4000000

X = 50 Y = 50 Z = 3200 Iterations = 10000
[DCL][balance-metrics] iteration=100
  policy=profiled
  action=rebalance
  reason=adaptive decision accepted; remaining_iterations=9900, gain_total=167.002, migration_cost=0, max_migrated_bytes=0, T_comp_int_per_iter=0.0172285, T_comp_bal_per_iter=0.000359607
  T_compute_interval_s=17.2285
  T_comm_interval_s=0
  T_balance_total_s=0.259525
  T_rebalance_apply_s=0.0884695
  T_compute_accum_s=17.2285
  T_comm_accum_s=0
  T_balance_accum_s=0.259525
  T_rebalance_apply_accum_s=0.0884695
  device_times_s:
    part[0]=0.181677
    part[1]=17.2285
  OLD loads:
    part[0] cum=50% share=50% device_global=0 rank=0 local_index=0 offset=0 count=7917500
    part[1] cum=100% share=50% device_global=1 rank=0 local_index=1 offset=7917500 count=82500
    total=100%
  PROPOSED loads:
    part[0] cum=98.9688% share=98.9688% device_global=0 rank=0 local_index=0 offset=0 count=7917500
    part[1] cum=100% share=1.03125% device_global=1 rank=0 local_index=1 offset=7917500 count=82500
    total=100%
  CURRENT loads:
    part[0] cum=98.9688% share=98.9688% device_global=0 rank=0 local_index=0 offset=0 count=7917500
    part[1] cum=100% share=1.03125% device_global=1 rank=0 local_index=1 offset=7917500 count=82500
    total=100%
[DCL][balance-metrics] iteration=1100
  policy=profiled
  action=rebalance
  reason=adaptive decision accepted; remaining_iterations=8900, gain_total=19.3693, migration_cost=0, max_migrated_bytes=0, T_comp_int_per_iter=0.00525434, T_comp_bal_per_iter=0.00307802
  T_compute_interval_s=5.25434
  T_comm_interval_s=0
  T_balance_total_s=0.0115098
  T_rebalance_apply_s=0.00157722
  T_compute_accum_s=22.4828
  T_comm_accum_s=0
  T_balance_accum_s=0.271035
  T_rebalance_apply_accum_s=0.0900468
  device_times_s:
    part[0]=3.06447
    part[1]=5.25434
  OLD loads:
    part[0] cum=98.9688% share=98.9688% device_global=0 rank=0 local_index=0 offset=0 count=7952500
    part[1] cum=100% share=1.03125% device_global=1 rank=0 local_index=1 offset=7952500 count=47500
    total=100%
  PROPOSED loads:
    part[0] cum=99.4062% share=99.4062% device_global=0 rank=0 local_index=0 offset=0 count=7952500
    part[1] cum=100% share=0.593752% device_global=1 rank=0 local_index=1 offset=7952500 count=47500
    total=100%
  CURRENT loads:
    part[0] cum=99.4062% share=99.4062% device_global=0 rank=0 local_index=0 offset=0 count=7952500
    part[1] cum=100% share=0.593752% device_global=1 rank=0 local_index=1 offset=7952500 count=47500
    total=100%
[DCL][balance-metrics] iteration=2100
  policy=profiled
  action=skip
  reason=adaptive decision rejected; remaining_iterations=7900, gain_total=0, migration_cost=0, max_migrated_bytes=0, T_comp_int_per_iter=0.00341196, T_comp_bal_per_iter=0.00345458
  T_compute_interval_s=3.41196
  T_comm_interval_s=0
  T_balance_total_s=0.00832672
  T_rebalance_apply_s=0
  T_compute_accum_s=25.8948
  T_comm_accum_s=0
  T_balance_accum_s=0.279362
  T_rebalance_apply_accum_s=0.0900468
  device_times_s:
    part[0]=3.41196
    part[1]=2.85378
  OLD loads:
    part[0] cum=99.4062% share=99.4062% device_global=0 rank=0 local_index=0 offset=0 count=7952500
    part[1] cum=100% share=0.593752% device_global=1 rank=0 local_index=1 offset=7952500 count=47500
    total=100%
  PROPOSED loads:
    part[0] cum=99.2812% share=99.2812% device_global=0 rank=0 local_index=0 offset=0 count=7952500
    part[1] cum=100% share=0.718749% device_global=1 rank=0 local_index=1 offset=7952500 count=47500
    total=100%
  CURRENT loads:
    part[0] cum=99.4062% share=99.4062% device_global=0 rank=0 local_index=0 offset=0 count=7952500
    part[1] cum=100% share=0.593752% device_global=1 rank=0 local_index=1 offset=7952500 count=47500
    total=100%
[DCL][balance-metrics] iteration=3100
  policy=profiled
  action=rebalance
  reason=adaptive decision accepted; remaining_iterations=6900, gain_total=0.0593078, migration_cost=0, max_migrated_bytes=0, T_comp_int_per_iter=0.00341772, T_comp_bal_per_iter=0.00340912
  T_compute_interval_s=3.41772
  T_comm_interval_s=0
  T_balance_total_s=0.00950272
  T_rebalance_apply_s=0.00105034
  T_compute_accum_s=29.3125
  T_comm_accum_s=0
  T_balance_accum_s=0.288865
  T_rebalance_apply_accum_s=0.0910971
  device_times_s:
    part[0]=3.41772
    part[1]=2.39728
  OLD loads:
    part[0] cum=99.4062% share=99.4062% device_global=0 rank=0 local_index=0 offset=0 count=7932500
    part[1] cum=100% share=0.593752% device_global=1 rank=0 local_index=1 offset=7932500 count=67500
    total=100%
  PROPOSED loads:
    part[0] cum=99.1562% share=99.1562% device_global=0 rank=0 local_index=0 offset=0 count=7932500
    part[1] cum=100% share=0.843751% device_global=1 rank=0 local_index=1 offset=7932500 count=67500
    total=100%
  CURRENT loads:
    part[0] cum=99.1562% share=99.1562% device_global=0 rank=0 local_index=0 offset=0 count=7932500
    part[1] cum=100% share=0.843751% device_global=1 rank=0 local_index=1 offset=7932500 count=67500
    total=100%
[DCL][balance-metrics] iteration=4100
  policy=profiled
  action=rebalance
  reason=adaptive decision accepted; remaining_iterations=5900, gain_total=0.038038, migration_cost=0, max_migrated_bytes=0, T_comp_int_per_iter=0.00340945, T_comp_bal_per_iter=0.003403
  T_compute_interval_s=3.40945
  T_comm_interval_s=0
  T_balance_total_s=0.00895901
  T_rebalance_apply_s=0.000811415
  T_compute_accum_s=32.722
  T_comm_accum_s=0
  T_balance_accum_s=0.297824
  T_rebalance_apply_accum_s=0.0919085
  device_times_s:
    part[0]=3.40945
    part[1]=2.7781
  OLD loads:
    part[0] cum=99.1562% share=99.1562% device_global=0 rank=0 local_index=0 offset=0 count=7917500
    part[1] cum=100% share=0.843751% device_global=1 rank=0 local_index=1 offset=7917500 count=82500
    total=100%
  PROPOSED loads:
    part[0] cum=98.9688% share=98.9688% device_global=0 rank=0 local_index=0 offset=0 count=7917500
    part[1] cum=100% share=1.03125% device_global=1 rank=0 local_index=1 offset=7917500 count=82500
    total=100%
  CURRENT loads:
    part[0] cum=98.9688% share=98.9688% device_global=0 rank=0 local_index=0 offset=0 count=7917500
    part[1] cum=100% share=1.03125% device_global=1 rank=0 local_index=1 offset=7917500 count=82500
    total=100%
[DCL][balance-metrics] iteration=5100
  policy=profiled
  action=skip
  reason=adaptive decision rejected; remaining_iterations=4900, gain_total=0, migration_cost=0, max_migrated_bytes=0, T_comp_int_per_iter=0.00340606, T_comp_bal_per_iter=0.0034124
  T_compute_interval_s=3.40606
  T_comm_interval_s=0
  T_balance_total_s=0.0080647
  T_rebalance_apply_s=0
  T_compute_accum_s=36.128
  T_comm_accum_s=0
  T_balance_accum_s=0.305888
  T_rebalance_apply_accum_s=0.0919085
  device_times_s:
    part[0]=3.40606
    part[1]=3.0435
  OLD loads:
    part[0] cum=98.9688% share=98.9688% device_global=0 rank=0 local_index=0 offset=0 count=7917500
    part[1] cum=100% share=1.03125% device_global=1 rank=0 local_index=1 offset=7917500 count=82500
    total=100%
  PROPOSED loads:
    part[0] cum=98.8438% share=98.8438% device_global=0 rank=0 local_index=0 offset=0 count=7917500
    part[1] cum=100% share=1.15625% device_global=1 rank=0 local_index=1 offset=7917500 count=82500
    total=100%
  CURRENT loads:
    part[0] cum=98.9688% share=98.9688% device_global=0 rank=0 local_index=0 offset=0 count=7917500
    part[1] cum=100% share=1.03125% device_global=1 rank=0 local_index=1 offset=7917500 count=82500
    total=100%
[DCL][balance-metrics] iteration=6100
  policy=profiled
  action=rebalance
  reason=adaptive decision accepted; remaining_iterations=3900, gain_total=0.0247429, migration_cost=0, max_migrated_bytes=0, T_comp_int_per_iter=0.00341526, T_comp_bal_per_iter=0.00340892
  T_compute_interval_s=3.41526
  T_comm_interval_s=0
  T_balance_total_s=0.00908766
  T_rebalance_apply_s=0.000902906
  T_compute_accum_s=39.5433
  T_comm_accum_s=0
  T_balance_accum_s=0.314976
  T_rebalance_apply_accum_s=0.0928114
  device_times_s:
    part[0]=3.41526
    part[1]=2.81236
  OLD loads:
    part[0] cum=98.9688% share=98.9688% device_global=0 rank=0 local_index=0 offset=0 count=7900000
    part[1] cum=100% share=1.03125% device_global=1 rank=0 local_index=1 offset=7900000 count=100000
    total=100%
  PROPOSED loads:
    part[0] cum=98.75% share=98.75% device_global=0 rank=0 local_index=0 offset=0 count=7900000
    part[1] cum=100% share=1.25% device_global=1 rank=0 local_index=1 offset=7900000 count=100000
    total=100%
  CURRENT loads:
    part[0] cum=98.75% share=98.75% device_global=0 rank=0 local_index=0 offset=0 count=7900000
    part[1] cum=100% share=1.25% device_global=1 rank=0 local_index=1 offset=7900000 count=100000
    total=100%
[DCL][balance-metrics] iteration=7100
  policy=profiled
  action=skip
  reason=adaptive decision rejected; remaining_iterations=2900, gain_total=0, migration_cost=0, max_migrated_bytes=0, T_comp_int_per_iter=0.00342942, T_comp_bal_per_iter=0.00346304
  T_compute_interval_s=3.42942
  T_comm_interval_s=0
  T_balance_total_s=0.00825404
  T_rebalance_apply_s=0
  T_compute_accum_s=42.9727
  T_comm_accum_s=0
  T_balance_accum_s=0.32323
  T_rebalance_apply_accum_s=0.0928114
  device_times_s:
    part[0]=3.42942
    part[1]=3.22143
  OLD loads:
    part[0] cum=98.75% share=98.75% device_global=0 rank=0 local_index=0 offset=0 count=7900000
    part[1] cum=100% share=1.25% device_global=1 rank=0 local_index=1 offset=7900000 count=100000
    total=100%
  PROPOSED loads:
    part[0] cum=98.6562% share=98.6562% device_global=0 rank=0 local_index=0 offset=0 count=7900000
    part[1] cum=100% share=1.34375% device_global=1 rank=0 local_index=1 offset=7900000 count=100000
    total=100%
  CURRENT loads:
    part[0] cum=98.75% share=98.75% device_global=0 rank=0 local_index=0 offset=0 count=7900000
    part[1] cum=100% share=1.25% device_global=1 rank=0 local_index=1 offset=7900000 count=100000
    total=100%
[DCL][balance-metrics] iteration=8100
  policy=profiled
  action=rebalance
  reason=adaptive decision accepted; remaining_iterations=1900, gain_total=0.00823892, migration_cost=0, max_migrated_bytes=0, T_comp_int_per_iter=0.00342566, T_comp_bal_per_iter=0.00342132
  T_compute_interval_s=3.42566
  T_comm_interval_s=0
  T_balance_total_s=0.00873685
  T_rebalance_apply_s=0.000631224
  T_compute_accum_s=46.3984
  T_comm_accum_s=0
  T_balance_accum_s=0.331967
  T_rebalance_apply_accum_s=0.0934426
  device_times_s:
    part[0]=3.42566
    part[1]=3.07784
  OLD loads:
    part[0] cum=98.75% share=98.75% device_global=0 rank=0 local_index=0 offset=0 count=7890000
    part[1] cum=100% share=1.25% device_global=1 rank=0 local_index=1 offset=7890000 count=110000
    total=100%
  PROPOSED loads:
    part[0] cum=98.625% share=98.625% device_global=0 rank=0 local_index=0 offset=0 count=7890000
    part[1] cum=100% share=1.375% device_global=1 rank=0 local_index=1 offset=7890000 count=110000
    total=100%
  CURRENT loads:
    part[0] cum=98.625% share=98.625% device_global=0 rank=0 local_index=0 offset=0 count=7890000
    part[1] cum=100% share=1.375% device_global=1 rank=0 local_index=1 offset=7890000 count=110000
    total=100%
[DCL][balance-metrics] iteration=9100
  policy=profiled
  action=rebalance
  reason=adaptive decision accepted; remaining_iterations=900, gain_total=0.00195935, migration_cost=0, max_migrated_bytes=0, T_comp_int_per_iter=0.0034354, T_comp_bal_per_iter=0.00343322
  T_compute_interval_s=3.4354
  T_comm_interval_s=0
  T_balance_total_s=0.0085577
  T_rebalance_apply_s=0.000451523
  T_compute_accum_s=49.8338
  T_comm_accum_s=0
  T_balance_accum_s=0.340525
  T_rebalance_apply_accum_s=0.0938942
  device_times_s:
    part[0]=3.4354
    part[1]=3.26056
  OLD loads:
    part[0] cum=98.625% share=98.625% device_global=0 rank=0 local_index=0 offset=0 count=7885000
    part[1] cum=100% share=1.375% device_global=1 rank=0 local_index=1 offset=7885000 count=115000
    total=100%
  PROPOSED loads:
    part[0] cum=98.5625% share=98.5625% device_global=0 rank=0 local_index=0 offset=0 count=7885000
    part[1] cum=100% share=1.4375% device_global=1 rank=0 local_index=1 offset=7885000 count=115000
    total=100%
  CURRENT loads:
    part[0] cum=98.5625% share=98.5625% device_global=0 rank=0 local_index=0 offset=0 count=7885000
    part[1] cum=100% share=1.4375% device_global=1 rank=0 local_index=1 offset=7885000 count=115000
    total=100%

=== PARTICOES FINAIS ===
=== Particoes globais ===
part[0] device_global=0 rank=0 local_index=0 offset=0 count=7885000
part[1] device_global=1 rank=0 local_index=1 offset=7885000 count=115000


============================
ITERACAO 10000
Tempo de execução: 53.4873s
