=== Dispositivos locais do rank 0 ===
global=0 local=0 nome="NVIDIA RTX 2000 Ada Generation" compute_units=22
global=1 local=1 nome="Intel(R) Xeon(R) CPU           E5620  @ 2.40GHz" compute_units=16

=== PARTICOES INICIAIS ===
=== Particoes globais ===
part[0] device_global=0 rank=0 local_index=0 offset=0 count=4000000
part[1] device_global=1 rank=0 local_index=1 offset=4000000 count=4000000

X = 50 Y = 50 Z = 3200 Iterations = 10000
[DCL][balance-metrics] iteration=100
  policy=profiled
  action=rebalance
  reason=adaptive decision accepted; remaining_iterations=9900, gain_total=166.353, migration_cost=0, max_migrated_bytes=0, T_comp_int_per_iter=0.0171681, T_comp_bal_per_iter=0.000364822
  T_compute_interval_s=17.1681
  T_comm_interval_s=0
  T_balance_total_s=0.25547
  T_rebalance_apply_s=0.0893897
  T_compute_accum_s=17.1681
  T_comm_accum_s=0
  T_balance_accum_s=0.25547
  T_rebalance_apply_accum_s=0.0893897
  device_times_s:
    part[0]=0.182932
    part[1]=17.1681
  OLD loads:
    part[0] cum=50% share=50% device_global=0 rank=0 local_index=0 offset=0 count=7915000
    part[1] cum=100% share=50% device_global=1 rank=0 local_index=1 offset=7915000 count=85000
    total=100%
  PROPOSED loads:
    part[0] cum=98.9375% share=98.9375% device_global=0 rank=0 local_index=0 offset=0 count=7915000
    part[1] cum=100% share=1.0625% device_global=1 rank=0 local_index=1 offset=7915000 count=85000
    total=100%
  CURRENT loads:
    part[0] cum=98.9375% share=98.9375% device_global=0 rank=0 local_index=0 offset=0 count=7915000
    part[1] cum=100% share=1.0625% device_global=1 rank=0 local_index=1 offset=7915000 count=85000
    total=100%
[DCL][balance-metrics] iteration=1100
  policy=profiled
  action=rebalance
  reason=adaptive decision accepted; remaining_iterations=8900, gain_total=20.9054, migration_cost=0, max_migrated_bytes=0, T_comp_int_per_iter=0.00542336, T_comp_bal_per_iter=0.00307444
  T_compute_interval_s=5.42336
  T_comm_interval_s=0
  T_balance_total_s=0.0118369
  T_rebalance_apply_s=0.00172158
  T_compute_accum_s=22.5915
  T_comm_accum_s=0
  T_balance_accum_s=0.267307
  T_rebalance_apply_accum_s=0.0911113
  device_times_s:
    part[0]=3.05994
    part[1]=5.42336
  OLD loads:
    part[0] cum=98.9375% share=98.9375% device_global=0 rank=0 local_index=0 offset=0 count=7952500
    part[1] cum=100% share=1.0625% device_global=1 rank=0 local_index=1 offset=7952500 count=47500
    total=100%
  PROPOSED loads:
    part[0] cum=99.4062% share=99.4062% device_global=0 rank=0 local_index=0 offset=0 count=7952500
    part[1] cum=100% share=0.593752% device_global=1 rank=0 local_index=1 offset=7952500 count=47500
    total=100%
  CURRENT loads:
    part[0] cum=99.4062% share=99.4062% device_global=0 rank=0 local_index=0 offset=0 count=7952500
    part[1] cum=100% share=0.593752% device_global=1 rank=0 local_index=1 offset=7952500 count=47500
    total=100%
[DCL][balance-metrics] iteration=2100
  policy=profiled
  action=skip
  reason=adaptive decision rejected; remaining_iterations=7900, gain_total=0, migration_cost=0, max_migrated_bytes=0, T_comp_int_per_iter=0.00339732, T_comp_bal_per_iter=0.00345841
  T_compute_interval_s=3.39732
  T_comm_interval_s=0
  T_balance_total_s=0.00838492
  T_rebalance_apply_s=0
  T_compute_accum_s=25.9888
  T_comm_accum_s=0
  T_balance_accum_s=0.275692
  T_rebalance_apply_accum_s=0.0911113
  device_times_s:
    part[0]=3.39732
    part[1]=2.85694
  OLD loads:
    part[0] cum=99.4062% share=99.4062% device_global=0 rank=0 local_index=0 offset=0 count=7952500
    part[1] cum=100% share=0.593752% device_global=1 rank=0 local_index=1 offset=7952500 count=47500
    total=100%
  PROPOSED loads:
    part[0] cum=99.2812% share=99.2812% device_global=0 rank=0 local_index=0 offset=0 count=7952500
    part[1] cum=100% share=0.718749% device_global=1 rank=0 local_index=1 offset=7952500 count=47500
    total=100%
  CURRENT loads:
    part[0] cum=99.4062% share=99.4062% device_global=0 rank=0 local_index=0 offset=0 count=7952500
    part[1] cum=100% share=0.593752% device_global=1 rank=0 local_index=1 offset=7952500 count=47500
    total=100%
[DCL][balance-metrics] iteration=3100
  policy=profiled
  action=skip
  reason=adaptive decision rejected; remaining_iterations=6900, gain_total=0, migration_cost=0, max_migrated_bytes=0, T_comp_int_per_iter=0.00341637, T_comp_bal_per_iter=0.00343574
  T_compute_interval_s=3.41637
  T_comm_interval_s=0
  T_balance_total_s=0.0087578
  T_rebalance_apply_s=0
  T_compute_accum_s=29.4052
  T_comm_accum_s=0
  T_balance_accum_s=0.284449
  T_rebalance_apply_accum_s=0.0911113
  device_times_s:
    part[0]=3.41637
    part[1]=2.41774
  OLD loads:
    part[0] cum=99.4062% share=99.4062% device_global=0 rank=0 local_index=0 offset=0 count=7952500
    part[1] cum=100% share=0.593752% device_global=1 rank=0 local_index=1 offset=7952500 count=47500
    total=100%
  PROPOSED loads:
    part[0] cum=99.1562% share=99.1562% device_global=0 rank=0 local_index=0 offset=0 count=7952500
    part[1] cum=100% share=0.843751% device_global=1 rank=0 local_index=1 offset=7952500 count=47500
    total=100%
  CURRENT loads:
    part[0] cum=99.4062% share=99.4062% device_global=0 rank=0 local_index=0 offset=0 count=7952500
    part[1] cum=100% share=0.593752% device_global=1 rank=0 local_index=1 offset=7952500 count=47500
    total=100%
[DCL][balance-metrics] iteration=4100
  policy=profiled
  action=rebalance
  reason=adaptive decision accepted; remaining_iterations=5900, gain_total=0.0440663, migration_cost=0, max_migrated_bytes=0, T_comp_int_per_iter=0.00341996, T_comp_bal_per_iter=0.00341249
  T_compute_interval_s=3.41996
  T_comm_interval_s=0
  T_balance_total_s=0.00984348
  T_rebalance_apply_s=0.00172864
  T_compute_accum_s=32.8251
  T_comm_accum_s=0
  T_balance_accum_s=0.294293
  T_rebalance_apply_accum_s=0.0928399
  device_times_s:
    part[0]=3.41996
    part[1]=2.02617
  OLD loads:
    part[0] cum=99.4062% share=99.4062% device_global=0 rank=0 local_index=0 offset=0 count=7920000
    part[1] cum=100% share=0.593752% device_global=1 rank=0 local_index=1 offset=7920000 count=80000
    total=100%
  PROPOSED loads:
    part[0] cum=99% share=99% device_global=0 rank=0 local_index=0 offset=0 count=7920000
    part[1] cum=100% share=0.999999% device_global=1 rank=0 local_index=1 offset=7920000 count=80000
    total=100%
  CURRENT loads:
    part[0] cum=99% share=99% device_global=0 rank=0 local_index=0 offset=0 count=7920000
    part[1] cum=100% share=0.999999% device_global=1 rank=0 local_index=1 offset=7920000 count=80000
    total=100%
[DCL][balance-metrics] iteration=5100
  policy=profiled
  action=skip
  reason=adaptive decision rejected; remaining_iterations=4900, gain_total=0, migration_cost=0, max_migrated_bytes=0, T_comp_int_per_iter=0.00341083, T_comp_bal_per_iter=0.00342701
  T_compute_interval_s=3.41083
  T_comm_interval_s=0
  T_balance_total_s=0.00815354
  T_rebalance_apply_s=0
  T_compute_accum_s=36.2359
  T_comm_accum_s=0
  T_balance_accum_s=0.302446
  T_rebalance_apply_accum_s=0.0928399
  device_times_s:
    part[0]=3.41083
    part[1]=2.9639
  OLD loads:
    part[0] cum=99% share=99% device_global=0 rank=0 local_index=0 offset=0 count=7920000
    part[1] cum=100% share=0.999999% device_global=1 rank=0 local_index=1 offset=7920000 count=80000
    total=100%
  PROPOSED loads:
    part[0] cum=98.8438% share=98.8438% device_global=0 rank=0 local_index=0 offset=0 count=7920000
    part[1] cum=100% share=1.15625% device_global=1 rank=0 local_index=1 offset=7920000 count=80000
    total=100%
  CURRENT loads:
    part[0] cum=99% share=99% device_global=0 rank=0 local_index=0 offset=0 count=7920000
    part[1] cum=100% share=0.999999% device_global=1 rank=0 local_index=1 offset=7920000 count=80000
    total=100%
[DCL][balance-metrics] iteration=6100
  policy=profiled
  action=skip
  reason=adaptive decision rejected; remaining_iterations=3900, gain_total=0, migration_cost=0, max_migrated_bytes=0, T_comp_int_per_iter=0.00340856, T_comp_bal_per_iter=0.003412
  T_compute_interval_s=3.40856
  T_comm_interval_s=0
  T_balance_total_s=0.00819013
  T_rebalance_apply_s=0
  T_compute_accum_s=39.6445
  T_comm_accum_s=0
  T_balance_accum_s=0.310636
  T_rebalance_apply_accum_s=0.0928399
  device_times_s:
    part[0]=3.40856
    part[1]=2.7296
  OLD loads:
    part[0] cum=99% share=99% device_global=0 rank=0 local_index=0 offset=0 count=7920000
    part[1] cum=100% share=0.999999% device_global=1 rank=0 local_index=1 offset=7920000 count=80000
    total=100%
  PROPOSED loads:
    part[0] cum=98.75% share=98.75% device_global=0 rank=0 local_index=0 offset=0 count=7920000
    part[1] cum=100% share=1.25% device_global=1 rank=0 local_index=1 offset=7920000 count=80000
    total=100%
  CURRENT loads:
    part[0] cum=99% share=99% device_global=0 rank=0 local_index=0 offset=0 count=7920000
    part[1] cum=100% share=0.999999% device_global=1 rank=0 local_index=1 offset=7920000 count=80000
    total=100%
[DCL][balance-metrics] iteration=7100
  policy=profiled
  action=skip
  reason=adaptive decision rejected; remaining_iterations=2900, gain_total=0, migration_cost=0, max_migrated_bytes=0, T_comp_int_per_iter=0.00344149, T_comp_bal_per_iter=0.00345772
  T_compute_interval_s=3.44149
  T_comm_interval_s=0
  T_balance_total_s=0.00811791
  T_rebalance_apply_s=0
  T_compute_accum_s=43.086
  T_comm_accum_s=0
  T_balance_accum_s=0.318754
  T_rebalance_apply_accum_s=0.0928399
  device_times_s:
    part[0]=3.44149
    part[1]=2.57318
  OLD loads:
    part[0] cum=99% share=99% device_global=0 rank=0 local_index=0 offset=0 count=7920000
    part[1] cum=100% share=0.999999% device_global=1 rank=0 local_index=1 offset=7920000 count=80000
    total=100%
  PROPOSED loads:
    part[0] cum=98.6562% share=98.6562% device_global=0 rank=0 local_index=0 offset=0 count=7920000
    part[1] cum=100% share=1.34375% device_global=1 rank=0 local_index=1 offset=7920000 count=80000
    total=100%
  CURRENT loads:
    part[0] cum=99% share=99% device_global=0 rank=0 local_index=0 offset=0 count=7920000
    part[1] cum=100% share=0.999999% device_global=1 rank=0 local_index=1 offset=7920000 count=80000
    total=100%
[DCL][balance-metrics] iteration=8100
  policy=profiled
  action=skip
  reason=adaptive decision rejected; remaining_iterations=1900, gain_total=0, migration_cost=0, max_migrated_bytes=0, T_comp_int_per_iter=0.00345182, T_comp_bal_per_iter=0.00346342
  T_compute_interval_s=3.45182
  T_comm_interval_s=0
  T_balance_total_s=0.00819691
  T_rebalance_apply_s=0
  T_compute_accum_s=46.5378
  T_comm_accum_s=0
  T_balance_accum_s=0.326951
  T_rebalance_apply_accum_s=0.0928399
  device_times_s:
    part[0]=3.45182
    part[1]=2.46288
  OLD loads:
    part[0] cum=99% share=99% device_global=0 rank=0 local_index=0 offset=0 count=7920000
    part[1] cum=100% share=0.999999% device_global=1 rank=0 local_index=1 offset=7920000 count=80000
    total=100%
  PROPOSED loads:
    part[0] cum=98.5938% share=98.5938% device_global=0 rank=0 local_index=0 offset=0 count=7920000
    part[1] cum=100% share=1.40625% device_global=1 rank=0 local_index=1 offset=7920000 count=80000
    total=100%
  CURRENT loads:
    part[0] cum=99% share=99% device_global=0 rank=0 local_index=0 offset=0 count=7920000
    part[1] cum=100% share=0.999999% device_global=1 rank=0 local_index=1 offset=7920000 count=80000
    total=100%
[DCL][balance-metrics] iteration=9100
  policy=profiled
  action=rebalance
  reason=adaptive decision accepted; remaining_iterations=900, gain_total=0.0137267, migration_cost=0, max_migrated_bytes=0, T_comp_int_per_iter=0.00345128, T_comp_bal_per_iter=0.00343603
  T_compute_interval_s=3.45128
  T_comm_interval_s=0
  T_balance_total_s=0.00944916
  T_rebalance_apply_s=0.0012651
  T_compute_accum_s=49.9891
  T_comm_accum_s=0
  T_balance_accum_s=0.3364
  T_rebalance_apply_accum_s=0.094105
  device_times_s:
    part[0]=3.45128
    part[1]=2.37326
  OLD loads:
    part[0] cum=99% share=99% device_global=0 rank=0 local_index=0 offset=0 count=7885000
    part[1] cum=100% share=0.999999% device_global=1 rank=0 local_index=1 offset=7885000 count=115000
    total=100%
  PROPOSED loads:
    part[0] cum=98.5625% share=98.5625% device_global=0 rank=0 local_index=0 offset=0 count=7885000
    part[1] cum=100% share=1.4375% device_global=1 rank=0 local_index=1 offset=7885000 count=115000
    total=100%
  CURRENT loads:
    part[0] cum=98.5625% share=98.5625% device_global=0 rank=0 local_index=0 offset=0 count=7885000
    part[1] cum=100% share=1.4375% device_global=1 rank=0 local_index=1 offset=7885000 count=115000
    total=100%

=== PARTICOES FINAIS ===
=== Particoes globais ===
part[0] device_global=0 rank=0 local_index=0 offset=0 count=7885000
part[1] device_global=1 rank=0 local_index=1 offset=7885000 count=115000


============================
ITERACAO 10000
Tempo de execução: 53.6073s
