=== Dispositivos locais do rank 0 ===
global=0 local=0 nome="NVIDIA RTX 2000 Ada Generation" compute_units=22
global=1 local=1 nome="Intel(R) Xeon(R) CPU           E5620  @ 2.40GHz" compute_units=16

=== Dispositivos locais do rank 1 ===
global=2 local=0 nome="NVIDIA RTX 2000 Ada Generation" compute_units=22
global=3 local=1 nome="Intel(R) Xeon(R) CPU           E5620  @ 2.40GHz" compute_units=16

=== PARTICOES INICIAIS ===
=== Particoes globais ===
part[0] device_global=0 rank=0 local_index=0 offset=0 count=2000000
part[1] device_global=1 rank=0 local_index=1 offset=2000000 count=2000000
part[2] device_global=2 rank=1 local_index=-1 offset=4000000 count=2000000
part[3] device_global=3 rank=1 local_index=-1 offset=6000000 count=2000000

X = 50 Y = 50 Z = 3200 Iterations = 10000
[DCL][balance-metrics] iteration=100
  policy=threshold
  action=rebalance
  reason=accepted by fixed threshold; diff=0.34873, threshold=0.1
  T_compute_interval_s=10.383
  T_comm_interval_s=9.32936
  T_balance_total_s=0.356369
  T_rebalance_apply_s=0.146248
  T_compute_accum_s=10.383
  T_comm_accum_s=9.32936
  T_balance_accum_s=0.356369
  T_rebalance_apply_accum_s=0.146248
  device_times_s:
    part[0]=0.092734
    part[1]=6.09919
    part[2]=0.0940863
    part[3]=10.383
  OLD loads:
    part[0] cum=25% share=25% device_global=0 rank=0 local_index=0 offset=0 count=3980000
    part[1] cum=50% share=25% device_global=1 rank=0 local_index=1 offset=3980000 count=60000
    part[2] cum=75% share=25% device_global=2 rank=1 local_index=-1 offset=4040000 count=3925000
    part[3] cum=100% share=25% device_global=3 rank=1 local_index=-1 offset=7965000 count=35000
    total=100%
  PROPOSED loads:
    part[0] cum=49.75% share=49.75% device_global=0 rank=0 local_index=0 offset=0 count=3980000
    part[1] cum=50.5% share=0.749999% device_global=1 rank=0 local_index=1 offset=3980000 count=60000
    part[2] cum=99.5625% share=49.0625% device_global=2 rank=1 local_index=-1 offset=4040000 count=3925000
    part[3] cum=100% share=0.437498% device_global=3 rank=1 local_index=-1 offset=7965000 count=35000
    total=100%
  CURRENT loads:
    part[0] cum=49.75% share=49.75% device_global=0 rank=0 local_index=0 offset=0 count=3980000
    part[1] cum=50.5% share=0.749999% device_global=1 rank=0 local_index=1 offset=3980000 count=60000
    part[2] cum=99.5625% share=49.0625% device_global=2 rank=1 local_index=-1 offset=4040000 count=3925000
    part[3] cum=100% share=0.437498% device_global=3 rank=1 local_index=-1 offset=7965000 count=35000
    total=100%
[DCL][balance-metrics] iteration=1100
  policy=scheduled
  action=skip
  reason=static balance already attempted
  T_compute_interval_s=2.40516
  T_comm_interval_s=1.86368
  T_balance_total_s=0
  T_rebalance_apply_s=0
  T_compute_accum_s=12.7881
  T_comm_accum_s=11.193
  T_balance_accum_s=0.356369
  T_rebalance_apply_accum_s=0.146248
  device_times_s:
    part[0]=1.60481
    part[1]=1.90464
    part[2]=1.5682
    part[3]=2.40516
  OLD loads:
    part[0] cum=49.75% share=49.75% device_global=0 rank=0 local_index=0 offset=0 count=3980000
    part[1] cum=50.5% share=0.749999% device_global=1 rank=0 local_index=1 offset=3980000 count=60000
    part[2] cum=99.5625% share=49.0625% device_global=2 rank=1 local_index=-1 offset=4040000 count=3925000
    part[3] cum=100% share=0.437498% device_global=3 rank=1 local_index=-1 offset=7965000 count=35000
    total=100%
  CURRENT loads:
    part[0] cum=49.75% share=49.75% device_global=0 rank=0 local_index=0 offset=0 count=3980000
    part[1] cum=50.5% share=0.749999% device_global=1 rank=0 local_index=1 offset=3980000 count=60000
    part[2] cum=99.5625% share=49.0625% device_global=2 rank=1 local_index=-1 offset=4040000 count=3925000
    part[3] cum=100% share=0.437498% device_global=3 rank=1 local_index=-1 offset=7965000 count=35000
    total=100%
[DCL][balance-metrics] iteration=2100
  policy=scheduled
  action=skip
  reason=static balance already attempted
  T_compute_interval_s=2.22498
  T_comm_interval_s=1.8195
  T_balance_total_s=0
  T_rebalance_apply_s=0
  T_compute_accum_s=15.0131
  T_comm_accum_s=13.0125
  T_balance_accum_s=0.356369
  T_rebalance_apply_accum_s=0.146248
  device_times_s:
    part[0]=1.57958
    part[1]=1.62439
    part[2]=1.55121
    part[3]=2.22498
  OLD loads:
    part[0] cum=49.75% share=49.75% device_global=0 rank=0 local_index=0 offset=0 count=3980000
    part[1] cum=50.5% share=0.749999% device_global=1 rank=0 local_index=1 offset=3980000 count=60000
    part[2] cum=99.5625% share=49.0625% device_global=2 rank=1 local_index=-1 offset=4040000 count=3925000
    part[3] cum=100% share=0.437498% device_global=3 rank=1 local_index=-1 offset=7965000 count=35000
    total=100%
  CURRENT loads:
    part[0] cum=49.75% share=49.75% device_global=0 rank=0 local_index=0 offset=0 count=3980000
    part[1] cum=50.5% share=0.749999% device_global=1 rank=0 local_index=1 offset=3980000 count=60000
    part[2] cum=99.5625% share=49.0625% device_global=2 rank=1 local_index=-1 offset=4040000 count=3925000
    part[3] cum=100% share=0.437498% device_global=3 rank=1 local_index=-1 offset=7965000 count=35000
    total=100%
[DCL][balance-metrics] iteration=3100
  policy=scheduled
  action=skip
  reason=static balance already attempted
  T_compute_interval_s=1.82766
  T_comm_interval_s=1.79494
  T_balance_total_s=0
  T_rebalance_apply_s=0
  T_compute_accum_s=16.8408
  T_comm_accum_s=14.8075
  T_balance_accum_s=0.356369
  T_rebalance_apply_accum_s=0.146248
  device_times_s:
    part[0]=1.57938
    part[1]=1.58308
    part[2]=1.55142
    part[3]=1.82766
  OLD loads:
    part[0] cum=49.75% share=49.75% device_global=0 rank=0 local_index=0 offset=0 count=3980000
    part[1] cum=50.5% share=0.749999% device_global=1 rank=0 local_index=1 offset=3980000 count=60000
    part[2] cum=99.5625% share=49.0625% device_global=2 rank=1 local_index=-1 offset=4040000 count=3925000
    part[3] cum=100% share=0.437498% device_global=3 rank=1 local_index=-1 offset=7965000 count=35000
    total=100%
  CURRENT loads:
    part[0] cum=49.75% share=49.75% device_global=0 rank=0 local_index=0 offset=0 count=3980000
    part[1] cum=50.5% share=0.749999% device_global=1 rank=0 local_index=1 offset=3980000 count=60000
    part[2] cum=99.5625% share=49.0625% device_global=2 rank=1 local_index=-1 offset=4040000 count=3925000
    part[3] cum=100% share=0.437498% device_global=3 rank=1 local_index=-1 offset=7965000 count=35000
    total=100%
[DCL][balance-metrics] iteration=4100
  policy=scheduled
  action=skip
  reason=static balance already attempted
  T_compute_interval_s=1.57943
  T_comm_interval_s=1.82848
  T_balance_total_s=0
  T_rebalance_apply_s=0
  T_compute_accum_s=18.4202
  T_comm_accum_s=16.636
  T_balance_accum_s=0.356369
  T_rebalance_apply_accum_s=0.146248
  device_times_s:
    part[0]=1.57943
    part[1]=1.55491
    part[2]=1.55045
    part[3]=1.51903
  OLD loads:
    part[0] cum=49.75% share=49.75% device_global=0 rank=0 local_index=0 offset=0 count=3980000
    part[1] cum=50.5% share=0.749999% device_global=1 rank=0 local_index=1 offset=3980000 count=60000
    part[2] cum=99.5625% share=49.0625% device_global=2 rank=1 local_index=-1 offset=4040000 count=3925000
    part[3] cum=100% share=0.437498% device_global=3 rank=1 local_index=-1 offset=7965000 count=35000
    total=100%
  CURRENT loads:
    part[0] cum=49.75% share=49.75% device_global=0 rank=0 local_index=0 offset=0 count=3980000
    part[1] cum=50.5% share=0.749999% device_global=1 rank=0 local_index=1 offset=3980000 count=60000
    part[2] cum=99.5625% share=49.0625% device_global=2 rank=1 local_index=-1 offset=4040000 count=3925000
    part[3] cum=100% share=0.437498% device_global=3 rank=1 local_index=-1 offset=7965000 count=35000
    total=100%
[DCL][balance-metrics] iteration=5100
  policy=scheduled
  action=skip
  reason=static balance already attempted
  T_compute_interval_s=1.57948
  T_comm_interval_s=1.795
  T_balance_total_s=0
  T_rebalance_apply_s=0
  T_compute_accum_s=19.9997
  T_comm_accum_s=18.431
  T_balance_accum_s=0.356369
  T_rebalance_apply_accum_s=0.146248
  device_times_s:
    part[0]=1.57948
    part[1]=1.52466
    part[2]=1.55062
    part[3]=1.37072
  OLD loads:
    part[0] cum=49.75% share=49.75% device_global=0 rank=0 local_index=0 offset=0 count=3980000
    part[1] cum=50.5% share=0.749999% device_global=1 rank=0 local_index=1 offset=3980000 count=60000
    part[2] cum=99.5625% share=49.0625% device_global=2 rank=1 local_index=-1 offset=4040000 count=3925000
    part[3] cum=100% share=0.437498% device_global=3 rank=1 local_index=-1 offset=7965000 count=35000
    total=100%
  CURRENT loads:
    part[0] cum=49.75% share=49.75% device_global=0 rank=0 local_index=0 offset=0 count=3980000
    part[1] cum=50.5% share=0.749999% device_global=1 rank=0 local_index=1 offset=3980000 count=60000
    part[2] cum=99.5625% share=49.0625% device_global=2 rank=1 local_index=-1 offset=4040000 count=3925000
    part[3] cum=100% share=0.437498% device_global=3 rank=1 local_index=-1 offset=7965000 count=35000
    total=100%
[DCL][balance-metrics] iteration=6100
  policy=scheduled
  action=skip
  reason=static balance already attempted
  T_compute_interval_s=1.57937
  T_comm_interval_s=1.8154
  T_balance_total_s=0
  T_rebalance_apply_s=0
  T_compute_accum_s=21.579
  T_comm_accum_s=20.2464
  T_balance_accum_s=0.356369
  T_rebalance_apply_accum_s=0.146248
  device_times_s:
    part[0]=1.57937
    part[1]=1.51222
    part[2]=1.55089
    part[3]=1.29672
  OLD loads:
    part[0] cum=49.75% share=49.75% device_global=0 rank=0 local_index=0 offset=0 count=3980000
    part[1] cum=50.5% share=0.749999% device_global=1 rank=0 local_index=1 offset=3980000 count=60000
    part[2] cum=99.5625% share=49.0625% device_global=2 rank=1 local_index=-1 offset=4040000 count=3925000
    part[3] cum=100% share=0.437498% device_global=3 rank=1 local_index=-1 offset=7965000 count=35000
    total=100%
  CURRENT loads:
    part[0] cum=49.75% share=49.75% device_global=0 rank=0 local_index=0 offset=0 count=3980000
    part[1] cum=50.5% share=0.749999% device_global=1 rank=0 local_index=1 offset=3980000 count=60000
    part[2] cum=99.5625% share=49.0625% device_global=2 rank=1 local_index=-1 offset=4040000 count=3925000
    part[3] cum=100% share=0.437498% device_global=3 rank=1 local_index=-1 offset=7965000 count=35000
    total=100%
[DCL][balance-metrics] iteration=7100
  policy=scheduled
  action=skip
  reason=static balance already attempted
  T_compute_interval_s=1.57943
  T_comm_interval_s=1.85767
  T_balance_total_s=0
  T_rebalance_apply_s=0
  T_compute_accum_s=23.1585
  T_comm_accum_s=22.104
  T_balance_accum_s=0.356369
  T_rebalance_apply_accum_s=0.146248
  device_times_s:
    part[0]=1.57943
    part[1]=1.50283
    part[2]=1.55156
    part[3]=1.23856
  OLD loads:
    part[0] cum=49.75% share=49.75% device_global=0 rank=0 local_index=0 offset=0 count=3980000
    part[1] cum=50.5% share=0.749999% device_global=1 rank=0 local_index=1 offset=3980000 count=60000
    part[2] cum=99.5625% share=49.0625% device_global=2 rank=1 local_index=-1 offset=4040000 count=3925000
    part[3] cum=100% share=0.437498% device_global=3 rank=1 local_index=-1 offset=7965000 count=35000
    total=100%
  CURRENT loads:
    part[0] cum=49.75% share=49.75% device_global=0 rank=0 local_index=0 offset=0 count=3980000
    part[1] cum=50.5% share=0.749999% device_global=1 rank=0 local_index=1 offset=3980000 count=60000
    part[2] cum=99.5625% share=49.0625% device_global=2 rank=1 local_index=-1 offset=4040000 count=3925000
    part[3] cum=100% share=0.437498% device_global=3 rank=1 local_index=-1 offset=7965000 count=35000
    total=100%
[DCL][balance-metrics] iteration=8100
  policy=scheduled
  action=skip
  reason=static balance already attempted
  T_compute_interval_s=1.57949
  T_comm_interval_s=1.79436
  T_balance_total_s=0
  T_rebalance_apply_s=0
  T_compute_accum_s=24.738
  T_comm_accum_s=23.8984
  T_balance_accum_s=0.356369
  T_rebalance_apply_accum_s=0.146248
  device_times_s:
    part[0]=1.57949
    part[1]=1.50111
    part[2]=1.5522
    part[3]=1.19719
  OLD loads:
    part[0] cum=49.75% share=49.75% device_global=0 rank=0 local_index=0 offset=0 count=3980000
    part[1] cum=50.5% share=0.749999% device_global=1 rank=0 local_index=1 offset=3980000 count=60000
    part[2] cum=99.5625% share=49.0625% device_global=2 rank=1 local_index=-1 offset=4040000 count=3925000
    part[3] cum=100% share=0.437498% device_global=3 rank=1 local_index=-1 offset=7965000 count=35000
    total=100%
  CURRENT loads:
    part[0] cum=49.75% share=49.75% device_global=0 rank=0 local_index=0 offset=0 count=3980000
    part[1] cum=50.5% share=0.749999% device_global=1 rank=0 local_index=1 offset=3980000 count=60000
    part[2] cum=99.5625% share=49.0625% device_global=2 rank=1 local_index=-1 offset=4040000 count=3925000
    part[3] cum=100% share=0.437498% device_global=3 rank=1 local_index=-1 offset=7965000 count=35000
    total=100%
[DCL][balance-metrics] iteration=9100
  policy=scheduled
  action=skip
  reason=static balance already attempted
  T_compute_interval_s=1.57946
  T_comm_interval_s=1.84375
  T_balance_total_s=0
  T_rebalance_apply_s=0
  T_compute_accum_s=26.3174
  T_comm_accum_s=25.7421
  T_balance_accum_s=0.356369
  T_rebalance_apply_accum_s=0.146248
  device_times_s:
    part[0]=1.57946
    part[1]=1.50264
    part[2]=1.55108
    part[3]=1.14894
  OLD loads:
    part[0] cum=49.75% share=49.75% device_global=0 rank=0 local_index=0 offset=0 count=3980000
    part[1] cum=50.5% share=0.749999% device_global=1 rank=0 local_index=1 offset=3980000 count=60000
    part[2] cum=99.5625% share=49.0625% device_global=2 rank=1 local_index=-1 offset=4040000 count=3925000
    part[3] cum=100% share=0.437498% device_global=3 rank=1 local_index=-1 offset=7965000 count=35000
    total=100%
  CURRENT loads:
    part[0] cum=49.75% share=49.75% device_global=0 rank=0 local_index=0 offset=0 count=3980000
    part[1] cum=50.5% share=0.749999% device_global=1 rank=0 local_index=1 offset=3980000 count=60000
    part[2] cum=99.5625% share=49.0625% device_global=2 rank=1 local_index=-1 offset=4040000 count=3925000
    part[3] cum=100% share=0.437498% device_global=3 rank=1 local_index=-1 offset=7965000 count=35000
    total=100%

=== PARTICOES FINAIS ===
=== Particoes globais ===
part[0] device_global=0 rank=0 local_index=0 offset=0 count=3980000
part[1] device_global=1 rank=0 local_index=1 offset=3980000 count=60000
part[2] device_global=2 rank=1 local_index=-1 offset=4040000 count=3925000
part[3] device_global=3 rank=1 local_index=-1 offset=7965000 count=35000


============================
ITERACAO 10000
Tempo de execução: 35.6908s
