=== Dispositivos locais do rank 1 ===
global=2 local=0 nome="NVIDIA RTX 2000 Ada Generation" compute_units=22
global=3 local=1 nome="Intel(R) Xeon(R) CPU           E5620  @ 2.40GHz"=== Dispositivos locais do rank 0 ===
global=0 local=0 nome="NVIDIA RTX 2000 Ada Generation" compute_units=22
global=1 local=1 nome="Intel(R) Xeon(R) CPU           E5620  @ 2.40GHz" compute_units=16

 compute_units=16

=== PARTICOES INICIAIS ===
=== Particoes globais ===
part[0] device_global=0 rank=0 local_index=0 offset=0 count=2000000
part[1] device_global=1 rank=0 local_index=1 offset=2000000 count=2000000
part[2] device_global=2 rank=1 local_index=-1 offset=4000000 count=2000000
part[3] device_global=3 rank=1 local_index=-1 offset=6000000 count=2000000

X = 50 Y = 50 Z = 3200 Iterations = 10000
[DCL][balance-metrics] iteration=100
  policy=threshold
  action=rebalance
  reason=accepted by fixed threshold; diff=0.348504, threshold=0.1
  T_compute_interval_s=10.4889
  T_comm_interval_s=9.43049
  T_balance_total_s=0.367871
  T_rebalance_apply_s=0.146425
  T_compute_accum_s=10.4889
  T_comm_accum_s=9.43049
  T_balance_accum_s=0.367871
  T_rebalance_apply_accum_s=0.146425
  device_times_s:
    part[0]=0.0928433
    part[1]=6.12892
    part[2]=0.094009
    part[3]=10.4889
  OLD loads:
    part[0] cum=25% share=25% device_global=0 rank=0 local_index=0 offset=0 count=3977500
    part[1] cum=50% share=25% device_global=1 rank=0 local_index=1 offset=3977500 count=60000
    part[2] cum=75% share=25% device_global=2 rank=1 local_index=-1 offset=4037500 count=3927500
    part[3] cum=100% share=25% device_global=3 rank=1 local_index=-1 offset=7965000 count=35000
    total=100%
  PROPOSED loads:
    part[0] cum=49.7188% share=49.7188% device_global=0 rank=0 local_index=0 offset=0 count=3977500
    part[1] cum=50.4688% share=0.749999% device_global=1 rank=0 local_index=1 offset=3977500 count=60000
    part[2] cum=99.5625% share=49.0938% device_global=2 rank=1 local_index=-1 offset=4037500 count=3927500
    part[3] cum=100% share=0.437498% device_global=3 rank=1 local_index=-1 offset=7965000 count=35000
    total=100%
  CURRENT loads:
    part[0] cum=49.7188% share=49.7188% device_global=0 rank=0 local_index=0 offset=0 count=3977500
    part[1] cum=50.4688% share=0.749999% device_global=1 rank=0 local_index=1 offset=3977500 count=60000
    part[2] cum=99.5625% share=49.0938% device_global=2 rank=1 local_index=-1 offset=4037500 count=3927500
    part[3] cum=100% share=0.437498% device_global=3 rank=1 local_index=-1 offset=7965000 count=35000
    total=100%
[DCL][balance-metrics] iteration=1100
  policy=scheduled
  action=skip
  reason=static balance already attempted
  T_compute_interval_s=2.41124
  T_comm_interval_s=1.90405
  T_balance_total_s=0
  T_rebalance_apply_s=0
  T_compute_accum_s=12.9001
  T_comm_accum_s=11.3345
  T_balance_accum_s=0.367871
  T_rebalance_apply_accum_s=0.146425
  device_times_s:
    part[0]=1.60071
    part[1]=1.90226
    part[2]=1.56636
    part[3]=2.41124
  OLD loads:
    part[0] cum=49.7188% share=49.7188% device_global=0 rank=0 local_index=0 offset=0 count=3977500
    part[1] cum=50.4688% share=0.749999% device_global=1 rank=0 local_index=1 offset=3977500 count=60000
    part[2] cum=99.5625% share=49.0938% device_global=2 rank=1 local_index=-1 offset=4037500 count=3927500
    part[3] cum=100% share=0.437498% device_global=3 rank=1 local_index=-1 offset=7965000 count=35000
    total=100%
  CURRENT loads:
    part[0] cum=49.7188% share=49.7188% device_global=0 rank=0 local_index=0 offset=0 count=3977500
    part[1] cum=50.4688% share=0.749999% device_global=1 rank=0 local_index=1 offset=3977500 count=60000
    part[2] cum=99.5625% share=49.0938% device_global=2 rank=1 local_index=-1 offset=4037500 count=3927500
    part[3] cum=100% share=0.437498% device_global=3 rank=1 local_index=-1 offset=7965000 count=35000
    total=100%
[DCL][balance-metrics] iteration=2100
  policy=scheduled
  action=skip
  reason=static balance already attempted
  T_compute_interval_s=2.17571
  T_comm_interval_s=1.84716
  T_balance_total_s=0
  T_rebalance_apply_s=0
  T_compute_accum_s=15.0758
  T_comm_accum_s=13.1817
  T_balance_accum_s=0.367871
  T_rebalance_apply_accum_s=0.146425
  device_times_s:
    part[0]=1.57899
    part[1]=1.62426
    part[2]=1.55208
    part[3]=2.17571
  OLD loads:
    part[0] cum=49.7188% share=49.7188% device_global=0 rank=0 local_index=0 offset=0 count=3977500
    part[1] cum=50.4688% share=0.749999% device_global=1 rank=0 local_index=1 offset=3977500 count=60000
    part[2] cum=99.5625% share=49.0938% device_global=2 rank=1 local_index=-1 offset=4037500 count=3927500
    part[3] cum=100% share=0.437498% device_global=3 rank=1 local_index=-1 offset=7965000 count=35000
    total=100%
  CURRENT loads:
    part[0] cum=49.7188% share=49.7188% device_global=0 rank=0 local_index=0 offset=0 count=3977500
    part[1] cum=50.4688% share=0.749999% device_global=1 rank=0 local_index=1 offset=3977500 count=60000
    part[2] cum=99.5625% share=49.0938% device_global=2 rank=1 local_index=-1 offset=4037500 count=3927500
    part[3] cum=100% share=0.437498% device_global=3 rank=1 local_index=-1 offset=7965000 count=35000
    total=100%
[DCL][balance-metrics] iteration=3100
  policy=scheduled
  action=skip
  reason=static balance already attempted
  T_compute_interval_s=1.80295
  T_comm_interval_s=1.82819
  T_balance_total_s=0
  T_rebalance_apply_s=0
  T_compute_accum_s=16.8787
  T_comm_accum_s=15.0099
  T_balance_accum_s=0.367871
  T_rebalance_apply_accum_s=0.146425
  device_times_s:
    part[0]=1.57853
    part[1]=1.56857
    part[2]=1.55186
    part[3]=1.80295
  OLD loads:
    part[0] cum=49.7188% share=49.7188% device_global=0 rank=0 local_index=0 offset=0 count=3977500
    part[1] cum=50.4688% share=0.749999% device_global=1 rank=0 local_index=1 offset=3977500 count=60000
    part[2] cum=99.5625% share=49.0938% device_global=2 rank=1 local_index=-1 offset=4037500 count=3927500
    part[3] cum=100% share=0.437498% device_global=3 rank=1 local_index=-1 offset=7965000 count=35000
    total=100%
  CURRENT loads:
    part[0] cum=49.7188% share=49.7188% device_global=0 rank=0 local_index=0 offset=0 count=3977500
    part[1] cum=50.4688% share=0.749999% device_global=1 rank=0 local_index=1 offset=3977500 count=60000
    part[2] cum=99.5625% share=49.0938% device_global=2 rank=1 local_index=-1 offset=4037500 count=3927500
    part[3] cum=100% share=0.437498% device_global=3 rank=1 local_index=-1 offset=7965000 count=35000
    total=100%
[DCL][balance-metrics] iteration=4100
  policy=scheduled
  action=skip
  reason=static balance already attempted
  T_compute_interval_s=1.57877
  T_comm_interval_s=1.88483
  T_balance_total_s=0
  T_rebalance_apply_s=0
  T_compute_accum_s=18.4575
  T_comm_accum_s=16.8947
  T_balance_accum_s=0.367871
  T_rebalance_apply_accum_s=0.146425
  device_times_s:
    part[0]=1.57877
    part[1]=1.54243
    part[2]=1.55245
    part[3]=1.54098
  OLD loads:
    part[0] cum=49.7188% share=49.7188% device_global=0 rank=0 local_index=0 offset=0 count=3977500
    part[1] cum=50.4688% share=0.749999% device_global=1 rank=0 local_index=1 offset=3977500 count=60000
    part[2] cum=99.5625% share=49.0938% device_global=2 rank=1 local_index=-1 offset=4037500 count=3927500
    part[3] cum=100% share=0.437498% device_global=3 rank=1 local_index=-1 offset=7965000 count=35000
    total=100%
  CURRENT loads:
    part[0] cum=49.7188% share=49.7188% device_global=0 rank=0 local_index=0 offset=0 count=3977500
    part[1] cum=50.4688% share=0.749999% device_global=1 rank=0 local_index=1 offset=3977500 count=60000
    part[2] cum=99.5625% share=49.0938% device_global=2 rank=1 local_index=-1 offset=4037500 count=3927500
    part[3] cum=100% share=0.437498% device_global=3 rank=1 local_index=-1 offset=7965000 count=35000
    total=100%
[DCL][balance-metrics] iteration=5100
  policy=scheduled
  action=skip
  reason=static balance already attempted
  T_compute_interval_s=1.57839
  T_comm_interval_s=1.85383
  T_balance_total_s=0
  T_rebalance_apply_s=0
  T_compute_accum_s=20.0359
  T_comm_accum_s=18.7486
  T_balance_accum_s=0.367871
  T_rebalance_apply_accum_s=0.146425
  device_times_s:
    part[0]=1.57839
    part[1]=1.52475
    part[2]=1.5517
    part[3]=1.37637
  OLD loads:
    part[0] cum=49.7188% share=49.7188% device_global=0 rank=0 local_index=0 offset=0 count=3977500
    part[1] cum=50.4688% share=0.749999% device_global=1 rank=0 local_index=1 offset=3977500 count=60000
    part[2] cum=99.5625% share=49.0938% device_global=2 rank=1 local_index=-1 offset=4037500 count=3927500
    part[3] cum=100% share=0.437498% device_global=3 rank=1 local_index=-1 offset=7965000 count=35000
    total=100%
  CURRENT loads:
    part[0] cum=49.7188% share=49.7188% device_global=0 rank=0 local_index=0 offset=0 count=3977500
    part[1] cum=50.4688% share=0.749999% device_global=1 rank=0 local_index=1 offset=3977500 count=60000
    part[2] cum=99.5625% share=49.0938% device_global=2 rank=1 local_index=-1 offset=4037500 count=3927500
    part[3] cum=100% share=0.437498% device_global=3 rank=1 local_index=-1 offset=7965000 count=35000
    total=100%
[DCL][balance-metrics] iteration=6100
  policy=scheduled
  action=skip
  reason=static balance already attempted
  T_compute_interval_s=1.57858
  T_comm_interval_s=1.87913
  T_balance_total_s=0
  T_rebalance_apply_s=0
  T_compute_accum_s=21.6145
  T_comm_accum_s=20.6277
  T_balance_accum_s=0.367871
  T_rebalance_apply_accum_s=0.146425
  device_times_s:
    part[0]=1.57858
    part[1]=1.51084
    part[2]=1.55129
    part[3]=1.28382
  OLD loads:
    part[0] cum=49.7188% share=49.7188% device_global=0 rank=0 local_index=0 offset=0 count=3977500
    part[1] cum=50.4688% share=0.749999% device_global=1 rank=0 local_index=1 offset=3977500 count=60000
    part[2] cum=99.5625% share=49.0938% device_global=2 rank=1 local_index=-1 offset=4037500 count=3927500
    part[3] cum=100% share=0.437498% device_global=3 rank=1 local_index=-1 offset=7965000 count=35000
    total=100%
  CURRENT loads:
    part[0] cum=49.7188% share=49.7188% device_global=0 rank=0 local_index=0 offset=0 count=3977500
    part[1] cum=50.4688% share=0.749999% device_global=1 rank=0 local_index=1 offset=3977500 count=60000
    part[2] cum=99.5625% share=49.0938% device_global=2 rank=1 local_index=-1 offset=4037500 count=3927500
    part[3] cum=100% share=0.437498% device_global=3 rank=1 local_index=-1 offset=7965000 count=35000
    total=100%
[DCL][balance-metrics] iteration=7100
  policy=scheduled
  action=skip
  reason=static balance already attempted
  T_compute_interval_s=1.57874
  T_comm_interval_s=1.86328
  T_balance_total_s=0
  T_rebalance_apply_s=0
  T_compute_accum_s=23.1932
  T_comm_accum_s=22.491
  T_balance_accum_s=0.367871
  T_rebalance_apply_accum_s=0.146425
  device_times_s:
    part[0]=1.57874
    part[1]=1.50383
    part[2]=1.55175
    part[3]=1.22732
  OLD loads:
    part[0] cum=49.7188% share=49.7188% device_global=0 rank=0 local_index=0 offset=0 count=3977500
    part[1] cum=50.4688% share=0.749999% device_global=1 rank=0 local_index=1 offset=3977500 count=60000
    part[2] cum=99.5625% share=49.0938% device_global=2 rank=1 local_index=-1 offset=4037500 count=3927500
    part[3] cum=100% share=0.437498% device_global=3 rank=1 local_index=-1 offset=7965000 count=35000
    total=100%
  CURRENT loads:
    part[0] cum=49.7188% share=49.7188% device_global=0 rank=0 local_index=0 offset=0 count=3977500
    part[1] cum=50.4688% share=0.749999% device_global=1 rank=0 local_index=1 offset=3977500 count=60000
    part[2] cum=99.5625% share=49.0938% device_global=2 rank=1 local_index=-1 offset=4037500 count=3927500
    part[3] cum=100% share=0.437498% device_global=3 rank=1 local_index=-1 offset=7965000 count=35000
    total=100%
[DCL][balance-metrics] iteration=8100
  policy=scheduled
  action=skip
  reason=static balance already attempted
  T_compute_interval_s=1.57897
  T_comm_interval_s=1.8798
  T_balance_total_s=0
  T_rebalance_apply_s=0
  T_compute_accum_s=24.7722
  T_comm_accum_s=24.3708
  T_balance_accum_s=0.367871
  T_rebalance_apply_accum_s=0.146425
  device_times_s:
    part[0]=1.57897
    part[1]=1.50103
    part[2]=1.55206
    part[3]=1.20125
  OLD loads:
    part[0] cum=49.7188% share=49.7188% device_global=0 rank=0 local_index=0 offset=0 count=3977500
    part[1] cum=50.4688% share=0.749999% device_global=1 rank=0 local_index=1 offset=3977500 count=60000
    part[2] cum=99.5625% share=49.0938% device_global=2 rank=1 local_index=-1 offset=4037500 count=3927500
    part[3] cum=100% share=0.437498% device_global=3 rank=1 local_index=-1 offset=7965000 count=35000
    total=100%
  CURRENT loads:
    part[0] cum=49.7188% share=49.7188% device_global=0 rank=0 local_index=0 offset=0 count=3977500
    part[1] cum=50.4688% share=0.749999% device_global=1 rank=0 local_index=1 offset=3977500 count=60000
    part[2] cum=99.5625% share=49.0938% device_global=2 rank=1 local_index=-1 offset=4037500 count=3927500
    part[3] cum=100% share=0.437498% device_global=3 rank=1 local_index=-1 offset=7965000 count=35000
    total=100%
[DCL][balance-metrics] iteration=9100
  policy=scheduled
  action=skip
  reason=static balance already attempted
  T_compute_interval_s=1.57894
  T_comm_interval_s=1.88245
  T_balance_total_s=0
  T_rebalance_apply_s=0
  T_compute_accum_s=26.3511
  T_comm_accum_s=26.2532
  T_balance_accum_s=0.367871
  T_rebalance_apply_accum_s=0.146425
  device_times_s:
    part[0]=1.57894
    part[1]=1.50268
    part[2]=1.55197
    part[3]=1.14962
  OLD loads:
    part[0] cum=49.7188% share=49.7188% device_global=0 rank=0 local_index=0 offset=0 count=3977500
    part[1] cum=50.4688% share=0.749999% device_global=1 rank=0 local_index=1 offset=3977500 count=60000
    part[2] cum=99.5625% share=49.0938% device_global=2 rank=1 local_index=-1 offset=4037500 count=3927500
    part[3] cum=100% share=0.437498% device_global=3 rank=1 local_index=-1 offset=7965000 count=35000
    total=100%
  CURRENT loads:
    part[0] cum=49.7188% share=49.7188% device_global=0 rank=0 local_index=0 offset=0 count=3977500
    part[1] cum=50.4688% share=0.749999% device_global=1 rank=0 local_index=1 offset=3977500 count=60000
    part[2] cum=99.5625% share=49.0938% device_global=2 rank=1 local_index=-1 offset=4037500 count=3927500
    part[3] cum=100% share=0.437498% device_global=3 rank=1 local_index=-1 offset=7965000 count=35000
    total=100%

=== PARTICOES FINAIS ===
=== Particoes globais ===
part[0] device_global=0 rank=0 local_index=0 offset=0 count=3977500
part[1] device_global=1 rank=0 local_index=1 offset=3977500 count=60000
part[2] device_global=2 rank=1 local_index=-1 offset=4037500 count=3927500
part[3] device_global=3 rank=1 local_index=-1 offset=7965000 count=35000


============================
ITERACAO 10000
Tempo de execução: 36.099s
