=== Dispositivos locais do rank 2 ===
global=4 local=0 nome="NVIDIA RTX 2000 Ada Generation" compute_units=22
global=5 local=1 nome="Intel(R) Xeon(R) CPU           E5620  @ 2.40GHz" compute_units=16

=== Dispositivos locais do rank 0 ===
global=0 local=0 nome="NVIDIA RTX 2000 Ada Generation" compute_units=22
global=1 local=1 nome="Intel(R) Xeon(R) CPU           E5620  @ 2.40GHz" compute_units=16

=== Dispositivos locais do rank 1 ===
global=2 local=0 nome="NVIDIA RTX 2000 Ada Generation" compute_units=22
global=3 local=1 nome="Intel(R) Xeon(R) CPU           E5620  @ 2.40GHz" compute_units=16

=== Dispositivos locais do rank 3 ===
global=6 local=0 nome="NVIDIA RTX 2000 Ada Generation" compute_units=22
global=7 local=1 nome="Intel(R) Xeon(R) CPU           E5620  @ 2.40GHz" compute_units=16

=== PARTICOES INICIAIS ===
=== Particoes globais ===
part[0] device_global=0 rank=0 local_index=0 offset=0 count=1000000
part[1] device_global=1 rank=0 local_index=1 offset=1000000 count=1000000
part[2] device_global=2 rank=1 local_index=-1 offset=2000000 count=1000000
part[3] device_global=3 rank=1 local_index=-1 offset=3000000 count=1000000
part[4] device_global=4 rank=2 local_index=-1 offset=4000000 count=1000000
part[5] device_global=5 rank=2 local_index=-1 offset=5000000 count=1000000
part[6] device_global=6 rank=3 local_index=-1 offset=6000000 count=1000000
part[7] device_global=7 rank=3 local_index=-1 offset=7000000 count=1000000

X = 50 Y = 50 Z = 3200 Iterations = 10000
[DCL][balance-metrics] iteration=100
  policy=threshold
  action=rebalance
  reason=accepted by fixed threshold; diff=0.246779, threshold=0.1
  T_compute_interval_s=5.44709
  T_comm_interval_s=5.16517
  T_balance_total_s=0.290761
  T_rebalance_apply_s=0.067446
  T_compute_accum_s=5.44709
  T_comm_accum_s=5.16517
  T_balance_accum_s=0.290761
  T_rebalance_apply_accum_s=0.067446
  device_times_s:
    part[0]=0.0489494
    part[1]=3.01661
    part[2]=0.048252
    part[3]=3.05756
    part[4]=0.049149
    part[5]=4.27999
    part[6]=0.0490815
    part[7]=5.44709
  OLD loads:
    part[0] cum=12.5% share=12.5% device_global=0 rank=0 local_index=0 offset=0 count=1970000
    part[1] cum=25% share=12.5% device_global=1 rank=0 local_index=1 offset=1970000 count=32500
    part[2] cum=37.5% share=12.5% device_global=2 rank=1 local_index=-1 offset=2002500 count=1997500
    part[3] cum=50% share=12.5% device_global=3 rank=1 local_index=-1 offset=4000000 count=32500
    part[4] cum=62.5% share=12.5% device_global=4 rank=2 local_index=-1 offset=4032500 count=1962500
    part[5] cum=75% share=12.5% device_global=5 rank=2 local_index=-1 offset=5995000 count=22500
    part[6] cum=87.5% share=12.5% device_global=6 rank=3 local_index=-1 offset=6017500 count=1965000
    part[7] cum=100% share=12.5% device_global=7 rank=3 local_index=-1 offset=7982500 count=17500
    total=100%
  PROPOSED loads:
    part[0] cum=24.625% share=24.625% device_global=0 rank=0 local_index=0 offset=0 count=1970000
    part[1] cum=25.0312% share=0.40625% device_global=1 rank=0 local_index=1 offset=1970000 count=32500
    part[2] cum=50% share=24.9688% device_global=2 rank=1 local_index=-1 offset=2002500 count=1997500
    part[3] cum=50.4062% share=0.406247% device_global=3 rank=1 local_index=-1 offset=4000000 count=32500
    part[4] cum=74.9375% share=24.5313% device_global=4 rank=2 local_index=-1 offset=4032500 count=1962500
    part[5] cum=75.2188% share=0.28125% device_global=5 rank=2 local_index=-1 offset=5995000 count=22500
    part[6] cum=99.7812% share=24.5625% device_global=6 rank=3 local_index=-1 offset=6017500 count=1965000
    part[7] cum=100% share=0.218749% device_global=7 rank=3 local_index=-1 offset=7982500 count=17500
    total=100%
  CURRENT loads:
    part[0] cum=24.625% share=24.625% device_global=0 rank=0 local_index=0 offset=0 count=1970000
    part[1] cum=25.0312% share=0.40625% device_global=1 rank=0 local_index=1 offset=1970000 count=32500
    part[2] cum=50% share=24.9688% device_global=2 rank=1 local_index=-1 offset=2002500 count=1997500
    part[3] cum=50.4062% share=0.406247% device_global=3 rank=1 local_index=-1 offset=4000000 count=32500
    part[4] cum=74.9375% share=24.5313% device_global=4 rank=2 local_index=-1 offset=4032500 count=1962500
    part[5] cum=75.2188% share=0.28125% device_global=5 rank=2 local_index=-1 offset=5995000 count=22500
    part[6] cum=99.7812% share=24.5625% device_global=6 rank=3 local_index=-1 offset=6017500 count=1965000
    part[7] cum=100% share=0.218749% device_global=7 rank=3 local_index=-1 offset=7982500 count=17500
    total=100%
[DCL][balance-metrics] iteration=1100
  policy=scheduled
  action=skip
  reason=static balance already attempted
  T_compute_interval_s=1.44489
  T_comm_interval_s=4.28485
  T_balance_total_s=0
  T_rebalance_apply_s=0
  T_compute_accum_s=6.89198
  T_comm_accum_s=9.45002
  T_balance_accum_s=0.290761
  T_rebalance_apply_accum_s=0.067446
  device_times_s:
    part[0]=0.936584
    part[1]=0.978244
    part[2]=0.947074
    part[3]=1.14428
    part[4]=0.932909
    part[5]=1.44489
    part[6]=0.931876
    part[7]=1.37884
  OLD loads:
    part[0] cum=24.625% share=24.625% device_global=0 rank=0 local_index=0 offset=0 count=1970000
    part[1] cum=25.0312% share=0.40625% device_global=1 rank=0 local_index=1 offset=1970000 count=32500
    part[2] cum=50% share=24.9688% device_global=2 rank=1 local_index=-1 offset=2002500 count=1997500
    part[3] cum=50.4062% share=0.406247% device_global=3 rank=1 local_index=-1 offset=4000000 count=32500
    part[4] cum=74.9375% share=24.5313% device_global=4 rank=2 local_index=-1 offset=4032500 count=1962500
    part[5] cum=75.2188% share=0.28125% device_global=5 rank=2 local_index=-1 offset=5995000 count=22500
    part[6] cum=99.7812% share=24.5625% device_global=6 rank=3 local_index=-1 offset=6017500 count=1965000
    part[7] cum=100% share=0.218749% device_global=7 rank=3 local_index=-1 offset=7982500 count=17500
    total=100%
  CURRENT loads:
    part[0] cum=24.625% share=24.625% device_global=0 rank=0 local_index=0 offset=0 count=1970000
    part[1] cum=25.0312% share=0.40625% device_global=1 rank=0 local_index=1 offset=1970000 count=32500
    part[2] cum=50% share=24.9688% device_global=2 rank=1 local_index=-1 offset=2002500 count=1997500
    part[3] cum=50.4062% share=0.406247% device_global=3 rank=1 local_index=-1 offset=4000000 count=32500
    part[4] cum=74.9375% share=24.5313% device_global=4 rank=2 local_index=-1 offset=4032500 count=1962500
    part[5] cum=75.2188% share=0.28125% device_global=5 rank=2 local_index=-1 offset=5995000 count=22500
    part[6] cum=99.7812% share=24.5625% device_global=6 rank=3 local_index=-1 offset=6017500 count=1965000
    part[7] cum=100% share=0.218749% device_global=7 rank=3 local_index=-1 offset=7982500 count=17500
    total=100%
[DCL][balance-metrics] iteration=2100
  policy=scheduled
  action=skip
  reason=static balance already attempted
  T_compute_interval_s=1.25655
  T_comm_interval_s=4.3033
  T_balance_total_s=0
  T_rebalance_apply_s=0
  T_compute_accum_s=8.14854
  T_comm_accum_s=13.7533
  T_balance_accum_s=0.290761
  T_rebalance_apply_accum_s=0.067446
  device_times_s:
    part[0]=0.936226
    part[1]=0.947278
    part[2]=0.945745
    part[3]=0.996981
    part[4]=0.932203
    part[5]=1.07482
    part[6]=0.931006
    part[7]=1.25655
  OLD loads:
    part[0] cum=24.625% share=24.625% device_global=0 rank=0 local_index=0 offset=0 count=1970000
    part[1] cum=25.0312% share=0.40625% device_global=1 rank=0 local_index=1 offset=1970000 count=32500
    part[2] cum=50% share=24.9688% device_global=2 rank=1 local_index=-1 offset=2002500 count=1997500
    part[3] cum=50.4062% share=0.406247% device_global=3 rank=1 local_index=-1 offset=4000000 count=32500
    part[4] cum=74.9375% share=24.5313% device_global=4 rank=2 local_index=-1 offset=4032500 count=1962500
    part[5] cum=75.2188% share=0.28125% device_global=5 rank=2 local_index=-1 offset=5995000 count=22500
    part[6] cum=99.7812% share=24.5625% device_global=6 rank=3 local_index=-1 offset=6017500 count=1965000
    part[7] cum=100% share=0.218749% device_global=7 rank=3 local_index=-1 offset=7982500 count=17500
    total=100%
  CURRENT loads:
    part[0] cum=24.625% share=24.625% device_global=0 rank=0 local_index=0 offset=0 count=1970000
    part[1] cum=25.0312% share=0.40625% device_global=1 rank=0 local_index=1 offset=1970000 count=32500
    part[2] cum=50% share=24.9688% device_global=2 rank=1 local_index=-1 offset=2002500 count=1997500
    part[3] cum=50.4062% share=0.406247% device_global=3 rank=1 local_index=-1 offset=4000000 count=32500
    part[4] cum=74.9375% share=24.5313% device_global=4 rank=2 local_index=-1 offset=4032500 count=1962500
    part[5] cum=75.2188% share=0.28125% device_global=5 rank=2 local_index=-1 offset=5995000 count=22500
    part[6] cum=99.7812% share=24.5625% device_global=6 rank=3 local_index=-1 offset=6017500 count=1965000
    part[7] cum=100% share=0.218749% device_global=7 rank=3 local_index=-1 offset=7982500 count=17500
    total=100%
[DCL][balance-metrics] iteration=3100
  policy=scheduled
  action=skip
  reason=static balance already attempted
  T_compute_interval_s=1.04155
  T_comm_interval_s=4.33948
  T_balance_total_s=0
  T_rebalance_apply_s=0
  T_compute_accum_s=9.19008
  T_comm_accum_s=18.0928
  T_balance_accum_s=0.290761
  T_rebalance_apply_accum_s=0.067446
  device_times_s:
    part[0]=0.935654
    part[1]=0.924825
    part[2]=0.94545
    part[3]=0.958714
    part[4]=0.933097
    part[5]=0.902694
    part[6]=0.930922
    part[7]=1.04155
  OLD loads:
    part[0] cum=24.625% share=24.625% device_global=0 rank=0 local_index=0 offset=0 count=1970000
    part[1] cum=25.0312% share=0.40625% device_global=1 rank=0 local_index=1 offset=1970000 count=32500
    part[2] cum=50% share=24.9688% device_global=2 rank=1 local_index=-1 offset=2002500 count=1997500
    part[3] cum=50.4062% share=0.406247% device_global=3 rank=1 local_index=-1 offset=4000000 count=32500
    part[4] cum=74.9375% share=24.5313% device_global=4 rank=2 local_index=-1 offset=4032500 count=1962500
    part[5] cum=75.2188% share=0.28125% device_global=5 rank=2 local_index=-1 offset=5995000 count=22500
    part[6] cum=99.7812% share=24.5625% device_global=6 rank=3 local_index=-1 offset=6017500 count=1965000
    part[7] cum=100% share=0.218749% device_global=7 rank=3 local_index=-1 offset=7982500 count=17500
    total=100%
  CURRENT loads:
    part[0] cum=24.625% share=24.625% device_global=0 rank=0 local_index=0 offset=0 count=1970000
    part[1] cum=25.0312% share=0.40625% device_global=1 rank=0 local_index=1 offset=1970000 count=32500
    part[2] cum=50% share=24.9688% device_global=2 rank=1 local_index=-1 offset=2002500 count=1997500
    part[3] cum=50.4062% share=0.406247% device_global=3 rank=1 local_index=-1 offset=4000000 count=32500
    part[4] cum=74.9375% share=24.5313% device_global=4 rank=2 local_index=-1 offset=4032500 count=1962500
    part[5] cum=75.2188% share=0.28125% device_global=5 rank=2 local_index=-1 offset=5995000 count=22500
    part[6] cum=99.7812% share=24.5625% device_global=6 rank=3 local_index=-1 offset=6017500 count=1965000
    part[7] cum=100% share=0.218749% device_global=7 rank=3 local_index=-1 offset=7982500 count=17500
    total=100%
[DCL][balance-metrics] iteration=4100
  policy=scheduled
  action=skip
  reason=static balance already attempted
  T_compute_interval_s=0.94662
  T_comm_interval_s=4.34646
  T_balance_total_s=0
  T_rebalance_apply_s=0
  T_compute_accum_s=10.1367
  T_comm_accum_s=22.4393
  T_balance_accum_s=0.290761
  T_rebalance_apply_accum_s=0.067446
  device_times_s:
    part[0]=0.93552
    part[1]=0.927775
    part[2]=0.945112
    part[3]=0.94662
    part[4]=0.932362
    part[5]=0.821852
    part[6]=0.931354
    part[7]=0.854803
  OLD loads:
    part[0] cum=24.625% share=24.625% device_global=0 rank=0 local_index=0 offset=0 count=1970000
    part[1] cum=25.0312% share=0.40625% device_global=1 rank=0 local_index=1 offset=1970000 count=32500
    part[2] cum=50% share=24.9688% device_global=2 rank=1 local_index=-1 offset=2002500 count=1997500
    part[3] cum=50.4062% share=0.406247% device_global=3 rank=1 local_index=-1 offset=4000000 count=32500
    part[4] cum=74.9375% share=24.5313% device_global=4 rank=2 local_index=-1 offset=4032500 count=1962500
    part[5] cum=75.2188% share=0.28125% device_global=5 rank=2 local_index=-1 offset=5995000 count=22500
    part[6] cum=99.7812% share=24.5625% device_global=6 rank=3 local_index=-1 offset=6017500 count=1965000
    part[7] cum=100% share=0.218749% device_global=7 rank=3 local_index=-1 offset=7982500 count=17500
    total=100%
  CURRENT loads:
    part[0] cum=24.625% share=24.625% device_global=0 rank=0 local_index=0 offset=0 count=1970000
    part[1] cum=25.0312% share=0.40625% device_global=1 rank=0 local_index=1 offset=1970000 count=32500
    part[2] cum=50% share=24.9688% device_global=2 rank=1 local_index=-1 offset=2002500 count=1997500
    part[3] cum=50.4062% share=0.406247% device_global=3 rank=1 local_index=-1 offset=4000000 count=32500
    part[4] cum=74.9375% share=24.5313% device_global=4 rank=2 local_index=-1 offset=4032500 count=1962500
    part[5] cum=75.2188% share=0.28125% device_global=5 rank=2 local_index=-1 offset=5995000 count=22500
    part[6] cum=99.7812% share=24.5625% device_global=6 rank=3 local_index=-1 offset=6017500 count=1965000
    part[7] cum=100% share=0.218749% device_global=7 rank=3 local_index=-1 offset=7982500 count=17500
    total=100%
[DCL][balance-metrics] iteration=5100
  policy=scheduled
  action=skip
  reason=static balance already attempted
  T_compute_interval_s=0.945105
  T_comm_interval_s=4.37988
  T_balance_total_s=0
  T_rebalance_apply_s=0
  T_compute_accum_s=11.0818
  T_comm_accum_s=26.8191
  T_balance_accum_s=0.290761
  T_rebalance_apply_accum_s=0.067446
  device_times_s:
    part[0]=0.935655
    part[1]=0.925613
    part[2]=0.945105
    part[3]=0.937735
    part[4]=0.932646
    part[5]=0.796174
    part[6]=0.931071
    part[7]=0.762379
  OLD loads:
    part[0] cum=24.625% share=24.625% device_global=0 rank=0 local_index=0 offset=0 count=1970000
    part[1] cum=25.0312% share=0.40625% device_global=1 rank=0 local_index=1 offset=1970000 count=32500
    part[2] cum=50% share=24.9688% device_global=2 rank=1 local_index=-1 offset=2002500 count=1997500
    part[3] cum=50.4062% share=0.406247% device_global=3 rank=1 local_index=-1 offset=4000000 count=32500
    part[4] cum=74.9375% share=24.5313% device_global=4 rank=2 local_index=-1 offset=4032500 count=1962500
    part[5] cum=75.2188% share=0.28125% device_global=5 rank=2 local_index=-1 offset=5995000 count=22500
    part[6] cum=99.7812% share=24.5625% device_global=6 rank=3 local_index=-1 offset=6017500 count=1965000
    part[7] cum=100% share=0.218749% device_global=7 rank=3 local_index=-1 offset=7982500 count=17500
    total=100%
  CURRENT loads:
    part[0] cum=24.625% share=24.625% device_global=0 rank=0 local_index=0 offset=0 count=1970000
    part[1] cum=25.0312% share=0.40625% device_global=1 rank=0 local_index=1 offset=1970000 count=32500
    part[2] cum=50% share=24.9688% device_global=2 rank=1 local_index=-1 offset=2002500 count=1997500
    part[3] cum=50.4062% share=0.406247% device_global=3 rank=1 local_index=-1 offset=4000000 count=32500
    part[4] cum=74.9375% share=24.5313% device_global=4 rank=2 local_index=-1 offset=4032500 count=1962500
    part[5] cum=75.2188% share=0.28125% device_global=5 rank=2 local_index=-1 offset=5995000 count=22500
    part[6] cum=99.7812% share=24.5625% device_global=6 rank=3 local_index=-1 offset=6017500 count=1965000
    part[7] cum=100% share=0.218749% device_global=7 rank=3 local_index=-1 offset=7982500 count=17500
    total=100%
[DCL][balance-metrics] iteration=6100
  policy=scheduled
  action=skip
  reason=static balance already attempted
  T_compute_interval_s=0.946217
  T_comm_interval_s=4.37141
  T_balance_total_s=0
  T_rebalance_apply_s=0
  T_compute_accum_s=12.028
  T_comm_accum_s=31.1906
  T_balance_accum_s=0.290761
  T_rebalance_apply_accum_s=0.067446
  device_times_s:
    part[0]=0.935689
    part[1]=0.931199
    part[2]=0.946217
    part[3]=0.940373
    part[4]=0.932626
    part[5]=0.764707
    part[6]=0.931124
    part[7]=0.719401
  OLD loads:
    part[0] cum=24.625% share=24.625% device_global=0 rank=0 local_index=0 offset=0 count=1970000
    part[1] cum=25.0312% share=0.40625% device_global=1 rank=0 local_index=1 offset=1970000 count=32500
    part[2] cum=50% share=24.9688% device_global=2 rank=1 local_index=-1 offset=2002500 count=1997500
    part[3] cum=50.4062% share=0.406247% device_global=3 rank=1 local_index=-1 offset=4000000 count=32500
    part[4] cum=74.9375% share=24.5313% device_global=4 rank=2 local_index=-1 offset=4032500 count=1962500
    part[5] cum=75.2188% share=0.28125% device_global=5 rank=2 local_index=-1 offset=5995000 count=22500
    part[6] cum=99.7812% share=24.5625% device_global=6 rank=3 local_index=-1 offset=6017500 count=1965000
    part[7] cum=100% share=0.218749% device_global=7 rank=3 local_index=-1 offset=7982500 count=17500
    total=100%
  CURRENT loads:
    part[0] cum=24.625% share=24.625% device_global=0 rank=0 local_index=0 offset=0 count=1970000
    part[1] cum=25.0312% share=0.40625% device_global=1 rank=0 local_index=1 offset=1970000 count=32500
    part[2] cum=50% share=24.9688% device_global=2 rank=1 local_index=-1 offset=2002500 count=1997500
    part[3] cum=50.4062% share=0.406247% device_global=3 rank=1 local_index=-1 offset=4000000 count=32500
    part[4] cum=74.9375% share=24.5313% device_global=4 rank=2 local_index=-1 offset=4032500 count=1962500
    part[5] cum=75.2188% share=0.28125% device_global=5 rank=2 local_index=-1 offset=5995000 count=22500
    part[6] cum=99.7812% share=24.5625% device_global=6 rank=3 local_index=-1 offset=6017500 count=1965000
    part[7] cum=100% share=0.218749% device_global=7 rank=3 local_index=-1 offset=7982500 count=17500
    total=100%
[DCL][balance-metrics] iteration=7100
  policy=scheduled
  action=skip
  reason=static balance already attempted
  T_compute_interval_s=0.945327
  T_comm_interval_s=4.32346
  T_balance_total_s=0
  T_rebalance_apply_s=0
  T_compute_accum_s=12.9734
  T_comm_accum_s=35.514
  T_balance_accum_s=0.290761
  T_rebalance_apply_accum_s=0.067446
  device_times_s:
    part[0]=0.935468
    part[1]=0.928311
    part[2]=0.945327
    part[3]=0.927211
    part[4]=0.93193
    part[5]=0.747947
    part[6]=0.931231
    part[7]=0.684151
  OLD loads:
    part[0] cum=24.625% share=24.625% device_global=0 rank=0 local_index=0 offset=0 count=1970000
    part[1] cum=25.0312% share=0.40625% device_global=1 rank=0 local_index=1 offset=1970000 count=32500
    part[2] cum=50% share=24.9688% device_global=2 rank=1 local_index=-1 offset=2002500 count=1997500
    part[3] cum=50.4062% share=0.406247% device_global=3 rank=1 local_index=-1 offset=4000000 count=32500
    part[4] cum=74.9375% share=24.5313% device_global=4 rank=2 local_index=-1 offset=4032500 count=1962500
    part[5] cum=75.2188% share=0.28125% device_global=5 rank=2 local_index=-1 offset=5995000 count=22500
    part[6] cum=99.7812% share=24.5625% device_global=6 rank=3 local_index=-1 offset=6017500 count=1965000
    part[7] cum=100% share=0.218749% device_global=7 rank=3 local_index=-1 offset=7982500 count=17500
    total=100%
  CURRENT loads:
    part[0] cum=24.625% share=24.625% device_global=0 rank=0 local_index=0 offset=0 count=1970000
    part[1] cum=25.0312% share=0.40625% device_global=1 rank=0 local_index=1 offset=1970000 count=32500
    part[2] cum=50% share=24.9688% device_global=2 rank=1 local_index=-1 offset=2002500 count=1997500
    part[3] cum=50.4062% share=0.406247% device_global=3 rank=1 local_index=-1 offset=4000000 count=32500
    part[4] cum=74.9375% share=24.5313% device_global=4 rank=2 local_index=-1 offset=4032500 count=1962500
    part[5] cum=75.2188% share=0.28125% device_global=5 rank=2 local_index=-1 offset=5995000 count=22500
    part[6] cum=99.7812% share=24.5625% device_global=6 rank=3 local_index=-1 offset=6017500 count=1965000
    part[7] cum=100% share=0.218749% device_global=7 rank=3 local_index=-1 offset=7982500 count=17500
    total=100%
[DCL][balance-metrics] iteration=8100
  policy=scheduled
  action=skip
  reason=static balance already attempted
  T_compute_interval_s=0.945101
  T_comm_interval_s=4.3738
  T_balance_total_s=0
  T_rebalance_apply_s=0
  T_compute_accum_s=13.9185
  T_comm_accum_s=39.8878
  T_balance_accum_s=0.290761
  T_rebalance_apply_accum_s=0.067446
  device_times_s:
    part[0]=0.935609
    part[1]=0.935127
    part[2]=0.945101
    part[3]=0.927189
    part[4]=0.932676
    part[5]=0.731102
    part[6]=0.931716
    part[7]=0.672572
  OLD loads:
    part[0] cum=24.625% share=24.625% device_global=0 rank=0 local_index=0 offset=0 count=1970000
    part[1] cum=25.0312% share=0.40625% device_global=1 rank=0 local_index=1 offset=1970000 count=32500
    part[2] cum=50% share=24.9688% device_global=2 rank=1 local_index=-1 offset=2002500 count=1997500
    part[3] cum=50.4062% share=0.406247% device_global=3 rank=1 local_index=-1 offset=4000000 count=32500
    part[4] cum=74.9375% share=24.5313% device_global=4 rank=2 local_index=-1 offset=4032500 count=1962500
    part[5] cum=75.2188% share=0.28125% device_global=5 rank=2 local_index=-1 offset=5995000 count=22500
    part[6] cum=99.7812% share=24.5625% device_global=6 rank=3 local_index=-1 offset=6017500 count=1965000
    part[7] cum=100% share=0.218749% device_global=7 rank=3 local_index=-1 offset=7982500 count=17500
    total=100%
  CURRENT loads:
    part[0] cum=24.625% share=24.625% device_global=0 rank=0 local_index=0 offset=0 count=1970000
    part[1] cum=25.0312% share=0.40625% device_global=1 rank=0 local_index=1 offset=1970000 count=32500
    part[2] cum=50% share=24.9688% device_global=2 rank=1 local_index=-1 offset=2002500 count=1997500
    part[3] cum=50.4062% share=0.406247% device_global=3 rank=1 local_index=-1 offset=4000000 count=32500
    part[4] cum=74.9375% share=24.5313% device_global=4 rank=2 local_index=-1 offset=4032500 count=1962500
    part[5] cum=75.2188% share=0.28125% device_global=5 rank=2 local_index=-1 offset=5995000 count=22500
    part[6] cum=99.7812% share=24.5625% device_global=6 rank=3 local_index=-1 offset=6017500 count=1965000
    part[7] cum=100% share=0.218749% device_global=7 rank=3 local_index=-1 offset=7982500 count=17500
    total=100%
[DCL][balance-metrics] iteration=9100
  policy=scheduled
  action=skip
  reason=static balance already attempted
  T_compute_interval_s=0.945071
  T_comm_interval_s=4.36956
  T_balance_total_s=0
  T_rebalance_apply_s=0
  T_compute_accum_s=14.8635
  T_comm_accum_s=44.2574
  T_balance_accum_s=0.290761
  T_rebalance_apply_accum_s=0.067446
  device_times_s:
    part[0]=0.935635
    part[1]=0.931494
    part[2]=0.945071
    part[3]=0.926701
    part[4]=0.932404
    part[5]=0.722743
    part[6]=0.930876
    part[7]=0.644307
  OLD loads:
    part[0] cum=24.625% share=24.625% device_global=0 rank=0 local_index=0 offset=0 count=1970000
    part[1] cum=25.0312% share=0.40625% device_global=1 rank=0 local_index=1 offset=1970000 count=32500
    part[2] cum=50% share=24.9688% device_global=2 rank=1 local_index=-1 offset=2002500 count=1997500
    part[3] cum=50.4062% share=0.406247% device_global=3 rank=1 local_index=-1 offset=4000000 count=32500
    part[4] cum=74.9375% share=24.5313% device_global=4 rank=2 local_index=-1 offset=4032500 count=1962500
    part[5] cum=75.2188% share=0.28125% device_global=5 rank=2 local_index=-1 offset=5995000 count=22500
    part[6] cum=99.7812% share=24.5625% device_global=6 rank=3 local_index=-1 offset=6017500 count=1965000
    part[7] cum=100% share=0.218749% device_global=7 rank=3 local_index=-1 offset=7982500 count=17500
    total=100%
  CURRENT loads:
    part[0] cum=24.625% share=24.625% device_global=0 rank=0 local_index=0 offset=0 count=1970000
    part[1] cum=25.0312% share=0.40625% device_global=1 rank=0 local_index=1 offset=1970000 count=32500
    part[2] cum=50% share=24.9688% device_global=2 rank=1 local_index=-1 offset=2002500 count=1997500
    part[3] cum=50.4062% share=0.406247% device_global=3 rank=1 local_index=-1 offset=4000000 count=32500
    part[4] cum=74.9375% share=24.5313% device_global=4 rank=2 local_index=-1 offset=4032500 count=1962500
    part[5] cum=75.2188% share=0.28125% device_global=5 rank=2 local_index=-1 offset=5995000 count=22500
    part[6] cum=99.7812% share=24.5625% device_global=6 rank=3 local_index=-1 offset=6017500 count=1965000
    part[7] cum=100% share=0.218749% device_global=7 rank=3 local_index=-1 offset=7982500 count=17500
    total=100%

=== PARTICOES FINAIS ===
=== Particoes globais ===
part[0] device_global=0 rank=0 local_index=0 offset=0 count=1970000
part[1] device_global=1 rank=0 local_index=1 offset=1970000 count=32500
part[2] device_global=2 rank=1 local_index=-1 offset=2002500 count=1997500
part[3] device_global=3 rank=1 local_index=-1 offset=4000000 count=32500
part[4] device_global=4 rank=2 local_index=-1 offset=4032500 count=1962500
part[5] device_global=5 rank=2 local_index=-1 offset=5995000 count=22500
part[6] device_global=6 rank=3 local_index=-1 offset=6017500 count=1965000
part[7] device_global=7 rank=3 local_index=-1 offset=7982500 count=17500


============================
ITERACAO 10000
Tempo de execução: 56.4823s
