=== Dispositivos locais do rank 0 ===
global=0 local=0 nome="NVIDIA RTX 2000 Ada Generation" compute_units=22
global=1 local=1 nome="Intel(R) Xeon(R) CPU           E5620  @ 2.40GHz" compute_units=16

=== Dispositivos locais do rank 3 ===
global=6 local=0 nome="NVIDIA RTX 2000 Ada Generation" compute_units=22
global=7 local=1 nome="Intel(R) Xeon(R) CPU           E5620  @ 2.40GHz" compute_units=16

=== Dispositivos locais do rank 1 ===
global=2 local=0 nome="NVIDIA RTX 2000 Ada Generation" compute_units=22
global=3 local=1 nome="Intel(R) Xeon(R) CPU           E5620  @ 2.40GHz" compute_units=16

=== Dispositivos locais do rank 2 ===
global=4 local=0 nome="NVIDIA RTX 2000 Ada Generation" compute_units=22
global=5 local=1 nome="Intel(R) Xeon(R) CPU           E5620  @ 2.40GHz" compute_units=16

=== PARTICOES INICIAIS ===
=== Particoes globais ===
part[0] device_global=0 rank=0 local_index=0 offset=0 count=1000000
part[1] device_global=1 rank=0 local_index=1 offset=1000000 count=1000000
part[2] device_global=2 rank=1 local_index=-1 offset=2000000 count=1000000
part[3] device_global=3 rank=1 local_index=-1 offset=3000000 count=1000000
part[4] device_global=4 rank=2 local_index=-1 offset=4000000 count=1000000
part[5] device_global=5 rank=2 local_index=-1 offset=5000000 count=1000000
part[6] device_global=6 rank=3 local_index=-1 offset=6000000 count=1000000
part[7] device_global=7 rank=3 local_index=-1 offset=7000000 count=1000000

X = 50 Y = 50 Z = 3200 Iterations = 10000
[DCL][balance-metrics] iteration=100
  policy=threshold
  action=rebalance
  reason=accepted by fixed threshold; diff=0.243204, threshold=0.1
  T_compute_interval_s=5.45405
  T_comm_interval_s=5.27944
  T_balance_total_s=0.292969
  T_rebalance_apply_s=0.074779
  T_compute_accum_s=5.45405
  T_comm_accum_s=5.27944
  T_balance_accum_s=0.292969
  T_rebalance_apply_accum_s=0.074779
  device_times_s:
    part[0]=0.0499153
    part[1]=3.02199
    part[2]=0.0481271
    part[3]=3.05208
    part[4]=0.0491596
    part[5]=4.29238
    part[6]=0.0490115
    part[7]=5.45405
  OLD loads:
    part[0] cum=12.5% share=12.5% device_global=0 rank=0 local_index=0 offset=0 count=1940000
    part[1] cum=25% share=12.5% device_global=1 rank=0 local_index=1 offset=1940000 count=32500
    part[2] cum=37.5% share=12.5% device_global=2 rank=1 local_index=-1 offset=1972500 count=2010000
    part[3] cum=50% share=12.5% device_global=3 rank=1 local_index=-1 offset=3982500 count=32500
    part[4] cum=62.5% share=12.5% device_global=4 rank=2 local_index=-1 offset=4015000 count=1970000
    part[5] cum=75% share=12.5% device_global=5 rank=2 local_index=-1 offset=5985000 count=22500
    part[6] cum=87.5% share=12.5% device_global=6 rank=3 local_index=-1 offset=6007500 count=1975000
    part[7] cum=100% share=12.5% device_global=7 rank=3 local_index=-1 offset=7982500 count=17500
    total=100%
  PROPOSED loads:
    part[0] cum=24.25% share=24.25% device_global=0 rank=0 local_index=0 offset=0 count=1940000
    part[1] cum=24.6562% share=0.406249% device_global=1 rank=0 local_index=1 offset=1940000 count=32500
    part[2] cum=49.7812% share=25.125% device_global=2 rank=1 local_index=-1 offset=1972500 count=2010000
    part[3] cum=50.1875% share=0.406247% device_global=3 rank=1 local_index=-1 offset=3982500 count=32500
    part[4] cum=74.8125% share=24.625% device_global=4 rank=2 local_index=-1 offset=4015000 count=1970000
    part[5] cum=75.0938% share=0.28125% device_global=5 rank=2 local_index=-1 offset=5985000 count=22500
    part[6] cum=99.7812% share=24.6875% device_global=6 rank=3 local_index=-1 offset=6007500 count=1975000
    part[7] cum=100% share=0.218749% device_global=7 rank=3 local_index=-1 offset=7982500 count=17500
    total=100%
  CURRENT loads:
    part[0] cum=24.25% share=24.25% device_global=0 rank=0 local_index=0 offset=0 count=1940000
    part[1] cum=24.6562% share=0.406249% device_global=1 rank=0 local_index=1 offset=1940000 count=32500
    part[2] cum=49.7812% share=25.125% device_global=2 rank=1 local_index=-1 offset=1972500 count=2010000
    part[3] cum=50.1875% share=0.406247% device_global=3 rank=1 local_index=-1 offset=3982500 count=32500
    part[4] cum=74.8125% share=24.625% device_global=4 rank=2 local_index=-1 offset=4015000 count=1970000
    part[5] cum=75.0938% share=0.28125% device_global=5 rank=2 local_index=-1 offset=5985000 count=22500
    part[6] cum=99.7812% share=24.6875% device_global=6 rank=3 local_index=-1 offset=6007500 count=1975000
    part[7] cum=100% share=0.218749% device_global=7 rank=3 local_index=-1 offset=7982500 count=17500
    total=100%
[DCL][balance-metrics] iteration=1100
  policy=scheduled
  action=skip
  reason=static balance already attempted
  T_compute_interval_s=1.40478
  T_comm_interval_s=4.18654
  T_balance_total_s=0
  T_rebalance_apply_s=0
  T_compute_accum_s=6.85882
  T_comm_accum_s=9.46598
  T_balance_accum_s=0.292969
  T_rebalance_apply_accum_s=0.074779
  device_times_s:
    part[0]=0.923227
    part[1]=0.981679
    part[2]=0.953785
    part[3]=1.1425
    part[4]=0.936374
    part[5]=1.40478
    part[6]=0.936449
    part[7]=1.36357
  OLD loads:
    part[0] cum=24.25% share=24.25% device_global=0 rank=0 local_index=0 offset=0 count=1940000
    part[1] cum=24.6562% share=0.406249% device_global=1 rank=0 local_index=1 offset=1940000 count=32500
    part[2] cum=49.7812% share=25.125% device_global=2 rank=1 local_index=-1 offset=1972500 count=2010000
    part[3] cum=50.1875% share=0.406247% device_global=3 rank=1 local_index=-1 offset=3982500 count=32500
    part[4] cum=74.8125% share=24.625% device_global=4 rank=2 local_index=-1 offset=4015000 count=1970000
    part[5] cum=75.0938% share=0.28125% device_global=5 rank=2 local_index=-1 offset=5985000 count=22500
    part[6] cum=99.7812% share=24.6875% device_global=6 rank=3 local_index=-1 offset=6007500 count=1975000
    part[7] cum=100% share=0.218749% device_global=7 rank=3 local_index=-1 offset=7982500 count=17500
    total=100%
  CURRENT loads:
    part[0] cum=24.25% share=24.25% device_global=0 rank=0 local_index=0 offset=0 count=1940000
    part[1] cum=24.6562% share=0.406249% device_global=1 rank=0 local_index=1 offset=1940000 count=32500
    part[2] cum=49.7812% share=25.125% device_global=2 rank=1 local_index=-1 offset=1972500 count=2010000
    part[3] cum=50.1875% share=0.406247% device_global=3 rank=1 local_index=-1 offset=3982500 count=32500
    part[4] cum=74.8125% share=24.625% device_global=4 rank=2 local_index=-1 offset=4015000 count=1970000
    part[5] cum=75.0938% share=0.28125% device_global=5 rank=2 local_index=-1 offset=5985000 count=22500
    part[6] cum=99.7812% share=24.6875% device_global=6 rank=3 local_index=-1 offset=6007500 count=1975000
    part[7] cum=100% share=0.218749% device_global=7 rank=3 local_index=-1 offset=7982500 count=17500
    total=100%
[DCL][balance-metrics] iteration=2100
  policy=scheduled
  action=skip
  reason=static balance already attempted
  T_compute_interval_s=1.26481
  T_comm_interval_s=4.2708
  T_balance_total_s=0
  T_rebalance_apply_s=0
  T_compute_accum_s=8.12363
  T_comm_accum_s=13.7368
  T_balance_accum_s=0.292969
  T_rebalance_apply_accum_s=0.074779
  device_times_s:
    part[0]=0.922761
    part[1]=0.959611
    part[2]=0.952437
    part[3]=0.997153
    part[4]=0.935938
    part[5]=1.05444
    part[6]=0.936587
    part[7]=1.26481
  OLD loads:
    part[0] cum=24.25% share=24.25% device_global=0 rank=0 local_index=0 offset=0 count=1940000
    part[1] cum=24.6562% share=0.406249% device_global=1 rank=0 local_index=1 offset=1940000 count=32500
    part[2] cum=49.7812% share=25.125% device_global=2 rank=1 local_index=-1 offset=1972500 count=2010000
    part[3] cum=50.1875% share=0.406247% device_global=3 rank=1 local_index=-1 offset=3982500 count=32500
    part[4] cum=74.8125% share=24.625% device_global=4 rank=2 local_index=-1 offset=4015000 count=1970000
    part[5] cum=75.0938% share=0.28125% device_global=5 rank=2 local_index=-1 offset=5985000 count=22500
    part[6] cum=99.7812% share=24.6875% device_global=6 rank=3 local_index=-1 offset=6007500 count=1975000
    part[7] cum=100% share=0.218749% device_global=7 rank=3 local_index=-1 offset=7982500 count=17500
    total=100%
  CURRENT loads:
    part[0] cum=24.25% share=24.25% device_global=0 rank=0 local_index=0 offset=0 count=1940000
    part[1] cum=24.6562% share=0.406249% device_global=1 rank=0 local_index=1 offset=1940000 count=32500
    part[2] cum=49.7812% share=25.125% device_global=2 rank=1 local_index=-1 offset=1972500 count=2010000
    part[3] cum=50.1875% share=0.406247% device_global=3 rank=1 local_index=-1 offset=3982500 count=32500
    part[4] cum=74.8125% share=24.625% device_global=4 rank=2 local_index=-1 offset=4015000 count=1970000
    part[5] cum=75.0938% share=0.28125% device_global=5 rank=2 local_index=-1 offset=5985000 count=22500
    part[6] cum=99.7812% share=24.6875% device_global=6 rank=3 local_index=-1 offset=6007500 count=1975000
    part[7] cum=100% share=0.218749% device_global=7 rank=3 local_index=-1 offset=7982500 count=17500
    total=100%
[DCL][balance-metrics] iteration=3100
  policy=scheduled
  action=skip
  reason=static balance already attempted
  T_compute_interval_s=1.05727
  T_comm_interval_s=4.27807
  T_balance_total_s=0
  T_rebalance_apply_s=0
  T_compute_accum_s=9.1809
  T_comm_accum_s=18.0148
  T_balance_accum_s=0.292969
  T_rebalance_apply_accum_s=0.074779
  device_times_s:
    part[0]=0.922311
    part[1]=0.927371
    part[2]=0.951744
    part[3]=0.962716
    part[4]=0.936069
    part[5]=0.884797
    part[6]=0.936179
    part[7]=1.05727
  OLD loads:
    part[0] cum=24.25% share=24.25% device_global=0 rank=0 local_index=0 offset=0 count=1940000
    part[1] cum=24.6562% share=0.406249% device_global=1 rank=0 local_index=1 offset=1940000 count=32500
    part[2] cum=49.7812% share=25.125% device_global=2 rank=1 local_index=-1 offset=1972500 count=2010000
    part[3] cum=50.1875% share=0.406247% device_global=3 rank=1 local_index=-1 offset=3982500 count=32500
    part[4] cum=74.8125% share=24.625% device_global=4 rank=2 local_index=-1 offset=4015000 count=1970000
    part[5] cum=75.0938% share=0.28125% device_global=5 rank=2 local_index=-1 offset=5985000 count=22500
    part[6] cum=99.7812% share=24.6875% device_global=6 rank=3 local_index=-1 offset=6007500 count=1975000
    part[7] cum=100% share=0.218749% device_global=7 rank=3 local_index=-1 offset=7982500 count=17500
    total=100%
  CURRENT loads:
    part[0] cum=24.25% share=24.25% device_global=0 rank=0 local_index=0 offset=0 count=1940000
    part[1] cum=24.6562% share=0.406249% device_global=1 rank=0 local_index=1 offset=1940000 count=32500
    part[2] cum=49.7812% share=25.125% device_global=2 rank=1 local_index=-1 offset=1972500 count=2010000
    part[3] cum=50.1875% share=0.406247% device_global=3 rank=1 local_index=-1 offset=3982500 count=32500
    part[4] cum=74.8125% share=24.625% device_global=4 rank=2 local_index=-1 offset=4015000 count=1970000
    part[5] cum=75.0938% share=0.28125% device_global=5 rank=2 local_index=-1 offset=5985000 count=22500
    part[6] cum=99.7812% share=24.6875% device_global=6 rank=3 local_index=-1 offset=6007500 count=1975000
    part[7] cum=100% share=0.218749% device_global=7 rank=3 local_index=-1 offset=7982500 count=17500
    total=100%
[DCL][balance-metrics] iteration=4100
  policy=scheduled
  action=skip
  reason=static balance already attempted
  T_compute_interval_s=0.951728
  T_comm_interval_s=4.3151
  T_balance_total_s=0
  T_rebalance_apply_s=0
  T_compute_accum_s=10.1326
  T_comm_accum_s=22.3299
  T_balance_accum_s=0.292969
  T_rebalance_apply_accum_s=0.074779
  device_times_s:
    part[0]=0.922584
    part[1]=0.932502
    part[2]=0.951728
    part[3]=0.950021
    part[4]=0.936021
    part[5]=0.805893
    part[6]=0.936089
    part[7]=0.85677
  OLD loads:
    part[0] cum=24.25% share=24.25% device_global=0 rank=0 local_index=0 offset=0 count=1940000
    part[1] cum=24.6562% share=0.406249% device_global=1 rank=0 local_index=1 offset=1940000 count=32500
    part[2] cum=49.7812% share=25.125% device_global=2 rank=1 local_index=-1 offset=1972500 count=2010000
    part[3] cum=50.1875% share=0.406247% device_global=3 rank=1 local_index=-1 offset=3982500 count=32500
    part[4] cum=74.8125% share=24.625% device_global=4 rank=2 local_index=-1 offset=4015000 count=1970000
    part[5] cum=75.0938% share=0.28125% device_global=5 rank=2 local_index=-1 offset=5985000 count=22500
    part[6] cum=99.7812% share=24.6875% device_global=6 rank=3 local_index=-1 offset=6007500 count=1975000
    part[7] cum=100% share=0.218749% device_global=7 rank=3 local_index=-1 offset=7982500 count=17500
    total=100%
  CURRENT loads:
    part[0] cum=24.25% share=24.25% device_global=0 rank=0 local_index=0 offset=0 count=1940000
    part[1] cum=24.6562% share=0.406249% device_global=1 rank=0 local_index=1 offset=1940000 count=32500
    part[2] cum=49.7812% share=25.125% device_global=2 rank=1 local_index=-1 offset=1972500 count=2010000
    part[3] cum=50.1875% share=0.406247% device_global=3 rank=1 local_index=-1 offset=3982500 count=32500
    part[4] cum=74.8125% share=24.625% device_global=4 rank=2 local_index=-1 offset=4015000 count=1970000
    part[5] cum=75.0938% share=0.28125% device_global=5 rank=2 local_index=-1 offset=5985000 count=22500
    part[6] cum=99.7812% share=24.6875% device_global=6 rank=3 local_index=-1 offset=6007500 count=1975000
    part[7] cum=100% share=0.218749% device_global=7 rank=3 local_index=-1 offset=7982500 count=17500
    total=100%
[DCL][balance-metrics] iteration=5100
  policy=scheduled
  action=skip
  reason=static balance already attempted
  T_compute_interval_s=0.952426
  T_comm_interval_s=4.32808
  T_balance_total_s=0
  T_rebalance_apply_s=0
  T_compute_accum_s=11.0851
  T_comm_accum_s=26.658
  T_balance_accum_s=0.292969
  T_rebalance_apply_accum_s=0.074779
  device_times_s:
    part[0]=0.921867
    part[1]=0.934836
    part[2]=0.952426
    part[3]=0.940862
    part[4]=0.936059
    part[5]=0.777647
    part[6]=0.936418
    part[7]=0.780613
  OLD loads:
    part[0] cum=24.25% share=24.25% device_global=0 rank=0 local_index=0 offset=0 count=1940000
    part[1] cum=24.6562% share=0.406249% device_global=1 rank=0 local_index=1 offset=1940000 count=32500
    part[2] cum=49.7812% share=25.125% device_global=2 rank=1 local_index=-1 offset=1972500 count=2010000
    part[3] cum=50.1875% share=0.406247% device_global=3 rank=1 local_index=-1 offset=3982500 count=32500
    part[4] cum=74.8125% share=24.625% device_global=4 rank=2 local_index=-1 offset=4015000 count=1970000
    part[5] cum=75.0938% share=0.28125% device_global=5 rank=2 local_index=-1 offset=5985000 count=22500
    part[6] cum=99.7812% share=24.6875% device_global=6 rank=3 local_index=-1 offset=6007500 count=1975000
    part[7] cum=100% share=0.218749% device_global=7 rank=3 local_index=-1 offset=7982500 count=17500
    total=100%
  CURRENT loads:
    part[0] cum=24.25% share=24.25% device_global=0 rank=0 local_index=0 offset=0 count=1940000
    part[1] cum=24.6562% share=0.406249% device_global=1 rank=0 local_index=1 offset=1940000 count=32500
    part[2] cum=49.7812% share=25.125% device_global=2 rank=1 local_index=-1 offset=1972500 count=2010000
    part[3] cum=50.1875% share=0.406247% device_global=3 rank=1 local_index=-1 offset=3982500 count=32500
    part[4] cum=74.8125% share=24.625% device_global=4 rank=2 local_index=-1 offset=4015000 count=1970000
    part[5] cum=75.0938% share=0.28125% device_global=5 rank=2 local_index=-1 offset=5985000 count=22500
    part[6] cum=99.7812% share=24.6875% device_global=6 rank=3 local_index=-1 offset=6007500 count=1975000
    part[7] cum=100% share=0.218749% device_global=7 rank=3 local_index=-1 offset=7982500 count=17500
    total=100%
[DCL][balance-metrics] iteration=6100
  policy=scheduled
  action=skip
  reason=static balance already attempted
  T_compute_interval_s=0.951782
  T_comm_interval_s=4.29464
  T_balance_total_s=0
  T_rebalance_apply_s=0
  T_compute_accum_s=12.0368
  T_comm_accum_s=30.9527
  T_balance_accum_s=0.292969
  T_rebalance_apply_accum_s=0.074779
  device_times_s:
    part[0]=0.922043
    part[1]=0.944801
    part[2]=0.951782
    part[3]=0.938922
    part[4]=0.936364
    part[5]=0.756917
    part[6]=0.936695
    part[7]=0.740113
  OLD loads:
    part[0] cum=24.25% share=24.25% device_global=0 rank=0 local_index=0 offset=0 count=1940000
    part[1] cum=24.6562% share=0.406249% device_global=1 rank=0 local_index=1 offset=1940000 count=32500
    part[2] cum=49.7812% share=25.125% device_global=2 rank=1 local_index=-1 offset=1972500 count=2010000
    part[3] cum=50.1875% share=0.406247% device_global=3 rank=1 local_index=-1 offset=3982500 count=32500
    part[4] cum=74.8125% share=24.625% device_global=4 rank=2 local_index=-1 offset=4015000 count=1970000
    part[5] cum=75.0938% share=0.28125% device_global=5 rank=2 local_index=-1 offset=5985000 count=22500
    part[6] cum=99.7812% share=24.6875% device_global=6 rank=3 local_index=-1 offset=6007500 count=1975000
    part[7] cum=100% share=0.218749% device_global=7 rank=3 local_index=-1 offset=7982500 count=17500
    total=100%
  CURRENT loads:
    part[0] cum=24.25% share=24.25% device_global=0 rank=0 local_index=0 offset=0 count=1940000
    part[1] cum=24.6562% share=0.406249% device_global=1 rank=0 local_index=1 offset=1940000 count=32500
    part[2] cum=49.7812% share=25.125% device_global=2 rank=1 local_index=-1 offset=1972500 count=2010000
    part[3] cum=50.1875% share=0.406247% device_global=3 rank=1 local_index=-1 offset=3982500 count=32500
    part[4] cum=74.8125% share=24.625% device_global=4 rank=2 local_index=-1 offset=4015000 count=1970000
    part[5] cum=75.0938% share=0.28125% device_global=5 rank=2 local_index=-1 offset=5985000 count=22500
    part[6] cum=99.7812% share=24.6875% device_global=6 rank=3 local_index=-1 offset=6007500 count=1975000
    part[7] cum=100% share=0.218749% device_global=7 rank=3 local_index=-1 offset=7982500 count=17500
    total=100%
[DCL][balance-metrics] iteration=7100
  policy=scheduled
  action=skip
  reason=static balance already attempted
  T_compute_interval_s=0.951174
  T_comm_interval_s=4.36352
  T_balance_total_s=0
  T_rebalance_apply_s=0
  T_compute_accum_s=12.988
  T_comm_accum_s=35.3162
  T_balance_accum_s=0.292969
  T_rebalance_apply_accum_s=0.074779
  device_times_s:
    part[0]=0.921109
    part[1]=0.934814
    part[2]=0.951174
    part[3]=0.933205
    part[4]=0.936576
    part[5]=0.745577
    part[6]=0.935778
    part[7]=0.692032
  OLD loads:
    part[0] cum=24.25% share=24.25% device_global=0 rank=0 local_index=0 offset=0 count=1940000
    part[1] cum=24.6562% share=0.406249% device_global=1 rank=0 local_index=1 offset=1940000 count=32500
    part[2] cum=49.7812% share=25.125% device_global=2 rank=1 local_index=-1 offset=1972500 count=2010000
    part[3] cum=50.1875% share=0.406247% device_global=3 rank=1 local_index=-1 offset=3982500 count=32500
    part[4] cum=74.8125% share=24.625% device_global=4 rank=2 local_index=-1 offset=4015000 count=1970000
    part[5] cum=75.0938% share=0.28125% device_global=5 rank=2 local_index=-1 offset=5985000 count=22500
    part[6] cum=99.7812% share=24.6875% device_global=6 rank=3 local_index=-1 offset=6007500 count=1975000
    part[7] cum=100% share=0.218749% device_global=7 rank=3 local_index=-1 offset=7982500 count=17500
    total=100%
  CURRENT loads:
    part[0] cum=24.25% share=24.25% device_global=0 rank=0 local_index=0 offset=0 count=1940000
    part[1] cum=24.6562% share=0.406249% device_global=1 rank=0 local_index=1 offset=1940000 count=32500
    part[2] cum=49.7812% share=25.125% device_global=2 rank=1 local_index=-1 offset=1972500 count=2010000
    part[3] cum=50.1875% share=0.406247% device_global=3 rank=1 local_index=-1 offset=3982500 count=32500
    part[4] cum=74.8125% share=24.625% device_global=4 rank=2 local_index=-1 offset=4015000 count=1970000
    part[5] cum=75.0938% share=0.28125% device_global=5 rank=2 local_index=-1 offset=5985000 count=22500
    part[6] cum=99.7812% share=24.6875% device_global=6 rank=3 local_index=-1 offset=6007500 count=1975000
    part[7] cum=100% share=0.218749% device_global=7 rank=3 local_index=-1 offset=7982500 count=17500
    total=100%
[DCL][balance-metrics] iteration=8100
  policy=scheduled
  action=skip
  reason=static balance already attempted
  T_compute_interval_s=0.951872
  T_comm_interval_s=4.31385
  T_balance_total_s=0
  T_rebalance_apply_s=0
  T_compute_accum_s=13.9399
  T_comm_accum_s=39.63
  T_balance_accum_s=0.292969
  T_rebalance_apply_accum_s=0.074779
  device_times_s:
    part[0]=0.921632
    part[1]=0.933153
    part[2]=0.951872
    part[3]=0.934234
    part[4]=0.935814
    part[5]=0.7304
    part[6]=0.936291
    part[7]=0.675209
  OLD loads:
    part[0] cum=24.25% share=24.25% device_global=0 rank=0 local_index=0 offset=0 count=1940000
    part[1] cum=24.6562% share=0.406249% device_global=1 rank=0 local_index=1 offset=1940000 count=32500
    part[2] cum=49.7812% share=25.125% device_global=2 rank=1 local_index=-1 offset=1972500 count=2010000
    part[3] cum=50.1875% share=0.406247% device_global=3 rank=1 local_index=-1 offset=3982500 count=32500
    part[4] cum=74.8125% share=24.625% device_global=4 rank=2 local_index=-1 offset=4015000 count=1970000
    part[5] cum=75.0938% share=0.28125% device_global=5 rank=2 local_index=-1 offset=5985000 count=22500
    part[6] cum=99.7812% share=24.6875% device_global=6 rank=3 local_index=-1 offset=6007500 count=1975000
    part[7] cum=100% share=0.218749% device_global=7 rank=3 local_index=-1 offset=7982500 count=17500
    total=100%
  CURRENT loads:
    part[0] cum=24.25% share=24.25% device_global=0 rank=0 local_index=0 offset=0 count=1940000
    part[1] cum=24.6562% share=0.406249% device_global=1 rank=0 local_index=1 offset=1940000 count=32500
    part[2] cum=49.7812% share=25.125% device_global=2 rank=1 local_index=-1 offset=1972500 count=2010000
    part[3] cum=50.1875% share=0.406247% device_global=3 rank=1 local_index=-1 offset=3982500 count=32500
    part[4] cum=74.8125% share=24.625% device_global=4 rank=2 local_index=-1 offset=4015000 count=1970000
    part[5] cum=75.0938% share=0.28125% device_global=5 rank=2 local_index=-1 offset=5985000 count=22500
    part[6] cum=99.7812% share=24.6875% device_global=6 rank=3 local_index=-1 offset=6007500 count=1975000
    part[7] cum=100% share=0.218749% device_global=7 rank=3 local_index=-1 offset=7982500 count=17500
    total=100%
[DCL][balance-metrics] iteration=9100
  policy=scheduled
  action=skip
  reason=static balance already attempted
  T_compute_interval_s=0.951279
  T_comm_interval_s=4.36431
  T_balance_total_s=0
  T_rebalance_apply_s=0
  T_compute_accum_s=14.8912
  T_comm_accum_s=43.9943
  T_balance_accum_s=0.292969
  T_rebalance_apply_accum_s=0.074779
  device_times_s:
    part[0]=0.920743
    part[1]=0.935975
    part[2]=0.951279
    part[3]=0.928366
    part[4]=0.93625
    part[5]=0.726174
    part[6]=0.93633
    part[7]=0.654689
  OLD loads:
    part[0] cum=24.25% share=24.25% device_global=0 rank=0 local_index=0 offset=0 count=1940000
    part[1] cum=24.6562% share=0.406249% device_global=1 rank=0 local_index=1 offset=1940000 count=32500
    part[2] cum=49.7812% share=25.125% device_global=2 rank=1 local_index=-1 offset=1972500 count=2010000
    part[3] cum=50.1875% share=0.406247% device_global=3 rank=1 local_index=-1 offset=3982500 count=32500
    part[4] cum=74.8125% share=24.625% device_global=4 rank=2 local_index=-1 offset=4015000 count=1970000
    part[5] cum=75.0938% share=0.28125% device_global=5 rank=2 local_index=-1 offset=5985000 count=22500
    part[6] cum=99.7812% share=24.6875% device_global=6 rank=3 local_index=-1 offset=6007500 count=1975000
    part[7] cum=100% share=0.218749% device_global=7 rank=3 local_index=-1 offset=7982500 count=17500
    total=100%
  CURRENT loads:
    part[0] cum=24.25% share=24.25% device_global=0 rank=0 local_index=0 offset=0 count=1940000
    part[1] cum=24.6562% share=0.406249% device_global=1 rank=0 local_index=1 offset=1940000 count=32500
    part[2] cum=49.7812% share=25.125% device_global=2 rank=1 local_index=-1 offset=1972500 count=2010000
    part[3] cum=50.1875% share=0.406247% device_global=3 rank=1 local_index=-1 offset=3982500 count=32500
    part[4] cum=74.8125% share=24.625% device_global=4 rank=2 local_index=-1 offset=4015000 count=1970000
    part[5] cum=75.0938% share=0.28125% device_global=5 rank=2 local_index=-1 offset=5985000 count=22500
    part[6] cum=99.7812% share=24.6875% device_global=6 rank=3 local_index=-1 offset=6007500 count=1975000
    part[7] cum=100% share=0.218749% device_global=7 rank=3 local_index=-1 offset=7982500 count=17500
    total=100%

=== PARTICOES FINAIS ===
=== Particoes globais ===
part[0] device_global=0 rank=0 local_index=0 offset=0 count=1940000
part[1] device_global=1 rank=0 local_index=1 offset=1940000 count=32500
part[2] device_global=2 rank=1 local_index=-1 offset=1972500 count=2010000
part[3] device_global=3 rank=1 local_index=-1 offset=3982500 count=32500
part[4] device_global=4 rank=2 local_index=-1 offset=4015000 count=1970000
part[5] device_global=5 rank=2 local_index=-1 offset=5985000 count=22500
part[6] device_global=6 rank=3 local_index=-1 offset=6007500 count=1975000
part[7] device_global=7 rank=3 local_index=-1 offset=7982500 count=17500


============================
ITERACAO 10000
Tempo de execução: 56.2739s
