=== Dispositivos locais do rank 3 ===
global=6 local=0 nome="NVIDIA RTX 2000 Ada Generation" compute_units=22
global=7 local=1 nome="Intel(R) Xeon(R) CPU           E5620  @ 2.40GHz" compute_units=16

=== Dispositivos locais do rank 1 ===
global=2 local=0 nome="NVIDIA RTX 2000 Ada Generation" compute_units=22
global=3 local=1 nome="Intel(R) Xeon(R) CPU           E5620  @ 2.40GHz" compute_units=16

=== Dispositivos locais do rank 2 ===
global=4 local=0 nome="NVIDIA RTX 2000 Ada Generation" compute_units=22
global=5 local=1 nome="Intel(R) Xeon(R) CPU           E5620  @ 2.40GHz" compute_units=16

=== Dispositivos locais do rank 0 ===
global=0 local=0 nome="NVIDIA RTX 2000 Ada Generation" compute_units=22
global=1 local=1 nome="Intel(R) Xeon(R) CPU           E5620  @ 2.40GHz" compute_units=16

=== PARTICOES INICIAIS ===
=== Particoes globais ===
part[0] device_global=0 rank=0 local_index=0 offset=0 count=1000000
part[1] device_global=1 rank=0 local_index=1 offset=1000000 count=1000000
part[2] device_global=2 rank=1 local_index=-1 offset=2000000 count=1000000
part[3] device_global=3 rank=1 local_index=-1 offset=3000000 count=1000000
part[4] device_global=4 rank=2 local_index=-1 offset=4000000 count=1000000
part[5] device_global=5 rank=2 local_index=-1 offset=5000000 count=1000000
part[6] device_global=6 rank=3 local_index=-1 offset=6000000 count=1000000
part[7] device_global=7 rank=3 local_index=-1 offset=7000000 count=1000000

X = 50 Y = 50 Z = 3200 Iterations = 10000
[DCL][balance-metrics] iteration=100
  policy=threshold
  action=rebalance
  reason=accepted by fixed threshold; diff=0.247421, threshold=0.1
  T_compute_interval_s=5.4596
  T_comm_interval_s=5.19422
  T_balance_total_s=0.30243
  T_rebalance_apply_s=0.0841635
  T_compute_accum_s=5.4596
  T_comm_accum_s=5.19422
  T_balance_accum_s=0.30243
  T_rebalance_apply_accum_s=0.0841635
  device_times_s:
    part[0]=0.0488015
    part[1]=3.04551
    part[2]=0.0480572
    part[3]=3.05446
    part[4]=0.0490731
    part[5]=4.27906
    part[6]=0.0490468
    part[7]=5.4596
  OLD loads:
    part[0] cum=12.5% share=12.5% device_global=0 rank=0 local_index=0 offset=0 count=1972500
    part[1] cum=25% share=12.5% device_global=1 rank=0 local_index=1 offset=1972500 count=30000
    part[2] cum=37.5% share=12.5% device_global=2 rank=1 local_index=-1 offset=2002500 count=2002500
    part[3] cum=50% share=12.5% device_global=3 rank=1 local_index=-1 offset=4005000 count=32500
    part[4] cum=62.5% share=12.5% device_global=4 rank=2 local_index=-1 offset=4037500 count=1960000
    part[5] cum=75% share=12.5% device_global=5 rank=2 local_index=-1 offset=5997500 count=22500
    part[6] cum=87.5% share=12.5% device_global=6 rank=3 local_index=-1 offset=6020000 count=1962500
    part[7] cum=100% share=12.5% device_global=7 rank=3 local_index=-1 offset=7982500 count=17500
    total=100%
  PROPOSED loads:
    part[0] cum=24.6562% share=24.6562% device_global=0 rank=0 local_index=0 offset=0 count=1972500
    part[1] cum=25.0312% share=0.375001% device_global=1 rank=0 local_index=1 offset=1972500 count=30000
    part[2] cum=50.0625% share=25.0312% device_global=2 rank=1 local_index=-1 offset=2002500 count=2002500
    part[3] cum=50.4688% share=0.406247% device_global=3 rank=1 local_index=-1 offset=4005000 count=32500
    part[4] cum=74.9688% share=24.5% device_global=4 rank=2 local_index=-1 offset=4037500 count=1960000
    part[5] cum=75.25% share=0.28125% device_global=5 rank=2 local_index=-1 offset=5997500 count=22500
    part[6] cum=99.7812% share=24.5313% device_global=6 rank=3 local_index=-1 offset=6020000 count=1962500
    part[7] cum=100% share=0.218749% device_global=7 rank=3 local_index=-1 offset=7982500 count=17500
    total=100%
  CURRENT loads:
    part[0] cum=24.6562% share=24.6562% device_global=0 rank=0 local_index=0 offset=0 count=1972500
    part[1] cum=25.0312% share=0.375001% device_global=1 rank=0 local_index=1 offset=1972500 count=30000
    part[2] cum=50.0625% share=25.0312% device_global=2 rank=1 local_index=-1 offset=2002500 count=2002500
    part[3] cum=50.4688% share=0.406247% device_global=3 rank=1 local_index=-1 offset=4005000 count=32500
    part[4] cum=74.9688% share=24.5% device_global=4 rank=2 local_index=-1 offset=4037500 count=1960000
    part[5] cum=75.25% share=0.28125% device_global=5 rank=2 local_index=-1 offset=5997500 count=22500
    part[6] cum=99.7812% share=24.5313% device_global=6 rank=3 local_index=-1 offset=6020000 count=1962500
    part[7] cum=100% share=0.218749% device_global=7 rank=3 local_index=-1 offset=7982500 count=17500
    total=100%
[DCL][balance-metrics] iteration=1100
  policy=scheduled
  action=skip
  reason=static balance already attempted
  T_compute_interval_s=1.44464
  T_comm_interval_s=4.28718
  T_balance_total_s=0
  T_rebalance_apply_s=0
  T_compute_accum_s=6.90424
  T_comm_accum_s=9.48141
  T_balance_accum_s=0.30243
  T_rebalance_apply_accum_s=0.0841635
  device_times_s:
    part[0]=0.937809
    part[1]=0.912976
    part[2]=0.948565
    part[3]=1.15711
    part[4]=0.93037
    part[5]=1.44464
    part[6]=0.930307
    part[7]=1.36953
  OLD loads:
    part[0] cum=24.6562% share=24.6562% device_global=0 rank=0 local_index=0 offset=0 count=1972500
    part[1] cum=25.0312% share=0.375001% device_global=1 rank=0 local_index=1 offset=1972500 count=30000
    part[2] cum=50.0625% share=25.0312% device_global=2 rank=1 local_index=-1 offset=2002500 count=2002500
    part[3] cum=50.4688% share=0.406247% device_global=3 rank=1 local_index=-1 offset=4005000 count=32500
    part[4] cum=74.9688% share=24.5% device_global=4 rank=2 local_index=-1 offset=4037500 count=1960000
    part[5] cum=75.25% share=0.28125% device_global=5 rank=2 local_index=-1 offset=5997500 count=22500
    part[6] cum=99.7812% share=24.5313% device_global=6 rank=3 local_index=-1 offset=6020000 count=1962500
    part[7] cum=100% share=0.218749% device_global=7 rank=3 local_index=-1 offset=7982500 count=17500
    total=100%
  CURRENT loads:
    part[0] cum=24.6562% share=24.6562% device_global=0 rank=0 local_index=0 offset=0 count=1972500
    part[1] cum=25.0312% share=0.375001% device_global=1 rank=0 local_index=1 offset=1972500 count=30000
    part[2] cum=50.0625% share=25.0312% device_global=2 rank=1 local_index=-1 offset=2002500 count=2002500
    part[3] cum=50.4688% share=0.406247% device_global=3 rank=1 local_index=-1 offset=4005000 count=32500
    part[4] cum=74.9688% share=24.5% device_global=4 rank=2 local_index=-1 offset=4037500 count=1960000
    part[5] cum=75.25% share=0.28125% device_global=5 rank=2 local_index=-1 offset=5997500 count=22500
    part[6] cum=99.7812% share=24.5313% device_global=6 rank=3 local_index=-1 offset=6020000 count=1962500
    part[7] cum=100% share=0.218749% device_global=7 rank=3 local_index=-1 offset=7982500 count=17500
    total=100%
[DCL][balance-metrics] iteration=2100
  policy=scheduled
  action=skip
  reason=static balance already attempted
  T_compute_interval_s=1.2605
  T_comm_interval_s=4.28707
  T_balance_total_s=0
  T_rebalance_apply_s=0
  T_compute_accum_s=8.16474
  T_comm_accum_s=13.7685
  T_balance_accum_s=0.30243
  T_rebalance_apply_accum_s=0.0841635
  device_times_s:
    part[0]=0.937485
    part[1]=0.887615
    part[2]=0.947864
    part[3]=0.991022
    part[4]=0.930523
    part[5]=1.07406
    part[6]=0.929873
    part[7]=1.2605
  OLD loads:
    part[0] cum=24.6562% share=24.6562% device_global=0 rank=0 local_index=0 offset=0 count=1972500
    part[1] cum=25.0312% share=0.375001% device_global=1 rank=0 local_index=1 offset=1972500 count=30000
    part[2] cum=50.0625% share=25.0312% device_global=2 rank=1 local_index=-1 offset=2002500 count=2002500
    part[3] cum=50.4688% share=0.406247% device_global=3 rank=1 local_index=-1 offset=4005000 count=32500
    part[4] cum=74.9688% share=24.5% device_global=4 rank=2 local_index=-1 offset=4037500 count=1960000
    part[5] cum=75.25% share=0.28125% device_global=5 rank=2 local_index=-1 offset=5997500 count=22500
    part[6] cum=99.7812% share=24.5313% device_global=6 rank=3 local_index=-1 offset=6020000 count=1962500
    part[7] cum=100% share=0.218749% device_global=7 rank=3 local_index=-1 offset=7982500 count=17500
    total=100%
  CURRENT loads:
    part[0] cum=24.6562% share=24.6562% device_global=0 rank=0 local_index=0 offset=0 count=1972500
    part[1] cum=25.0312% share=0.375001% device_global=1 rank=0 local_index=1 offset=1972500 count=30000
    part[2] cum=50.0625% share=25.0312% device_global=2 rank=1 local_index=-1 offset=2002500 count=2002500
    part[3] cum=50.4688% share=0.406247% device_global=3 rank=1 local_index=-1 offset=4005000 count=32500
    part[4] cum=74.9688% share=24.5% device_global=4 rank=2 local_index=-1 offset=4037500 count=1960000
    part[5] cum=75.25% share=0.28125% device_global=5 rank=2 local_index=-1 offset=5997500 count=22500
    part[6] cum=99.7812% share=24.5313% device_global=6 rank=3 local_index=-1 offset=6020000 count=1962500
    part[7] cum=100% share=0.218749% device_global=7 rank=3 local_index=-1 offset=7982500 count=17500
    total=100%
[DCL][balance-metrics] iteration=3100
  policy=scheduled
  action=skip
  reason=static balance already attempted
  T_compute_interval_s=1.04588
  T_comm_interval_s=4.37517
  T_balance_total_s=0
  T_rebalance_apply_s=0
  T_compute_accum_s=9.21061
  T_comm_accum_s=18.1436
  T_balance_accum_s=0.30243
  T_rebalance_apply_accum_s=0.0841635
  device_times_s:
    part[0]=0.937085
    part[1]=0.866504
    part[2]=0.948124
    part[3]=0.970483
    part[4]=0.929855
    part[5]=0.892572
    part[6]=0.929969
    part[7]=1.04588
  OLD loads:
    part[0] cum=24.6562% share=24.6562% device_global=0 rank=0 local_index=0 offset=0 count=1972500
    part[1] cum=25.0312% share=0.375001% device_global=1 rank=0 local_index=1 offset=1972500 count=30000
    part[2] cum=50.0625% share=25.0312% device_global=2 rank=1 local_index=-1 offset=2002500 count=2002500
    part[3] cum=50.4688% share=0.406247% device_global=3 rank=1 local_index=-1 offset=4005000 count=32500
    part[4] cum=74.9688% share=24.5% device_global=4 rank=2 local_index=-1 offset=4037500 count=1960000
    part[5] cum=75.25% share=0.28125% device_global=5 rank=2 local_index=-1 offset=5997500 count=22500
    part[6] cum=99.7812% share=24.5313% device_global=6 rank=3 local_index=-1 offset=6020000 count=1962500
    part[7] cum=100% share=0.218749% device_global=7 rank=3 local_index=-1 offset=7982500 count=17500
    total=100%
  CURRENT loads:
    part[0] cum=24.6562% share=24.6562% device_global=0 rank=0 local_index=0 offset=0 count=1972500
    part[1] cum=25.0312% share=0.375001% device_global=1 rank=0 local_index=1 offset=1972500 count=30000
    part[2] cum=50.0625% share=25.0312% device_global=2 rank=1 local_index=-1 offset=2002500 count=2002500
    part[3] cum=50.4688% share=0.406247% device_global=3 rank=1 local_index=-1 offset=4005000 count=32500
    part[4] cum=74.9688% share=24.5% device_global=4 rank=2 local_index=-1 offset=4037500 count=1960000
    part[5] cum=75.25% share=0.28125% device_global=5 rank=2 local_index=-1 offset=5997500 count=22500
    part[6] cum=99.7812% share=24.5313% device_global=6 rank=3 local_index=-1 offset=6020000 count=1962500
    part[7] cum=100% share=0.218749% device_global=7 rank=3 local_index=-1 offset=7982500 count=17500
    total=100%
[DCL][balance-metrics] iteration=4100
  policy=scheduled
  action=skip
  reason=static balance already attempted
  T_compute_interval_s=0.949543
  T_comm_interval_s=4.38078
  T_balance_total_s=0
  T_rebalance_apply_s=0
  T_compute_accum_s=10.1602
  T_comm_accum_s=22.5244
  T_balance_accum_s=0.30243
  T_rebalance_apply_accum_s=0.0841635
  device_times_s:
    part[0]=0.936973
    part[1]=0.866415
    part[2]=0.947657
    part[3]=0.949543
    part[4]=0.930301
    part[5]=0.824264
    part[6]=0.930088
    part[7]=0.859668
  OLD loads:
    part[0] cum=24.6562% share=24.6562% device_global=0 rank=0 local_index=0 offset=0 count=1972500
    part[1] cum=25.0312% share=0.375001% device_global=1 rank=0 local_index=1 offset=1972500 count=30000
    part[2] cum=50.0625% share=25.0312% device_global=2 rank=1 local_index=-1 offset=2002500 count=2002500
    part[3] cum=50.4688% share=0.406247% device_global=3 rank=1 local_index=-1 offset=4005000 count=32500
    part[4] cum=74.9688% share=24.5% device_global=4 rank=2 local_index=-1 offset=4037500 count=1960000
    part[5] cum=75.25% share=0.28125% device_global=5 rank=2 local_index=-1 offset=5997500 count=22500
    part[6] cum=99.7812% share=24.5313% device_global=6 rank=3 local_index=-1 offset=6020000 count=1962500
    part[7] cum=100% share=0.218749% device_global=7 rank=3 local_index=-1 offset=7982500 count=17500
    total=100%
  CURRENT loads:
    part[0] cum=24.6562% share=24.6562% device_global=0 rank=0 local_index=0 offset=0 count=1972500
    part[1] cum=25.0312% share=0.375001% device_global=1 rank=0 local_index=1 offset=1972500 count=30000
    part[2] cum=50.0625% share=25.0312% device_global=2 rank=1 local_index=-1 offset=2002500 count=2002500
    part[3] cum=50.4688% share=0.406247% device_global=3 rank=1 local_index=-1 offset=4005000 count=32500
    part[4] cum=74.9688% share=24.5% device_global=4 rank=2 local_index=-1 offset=4037500 count=1960000
    part[5] cum=75.25% share=0.28125% device_global=5 rank=2 local_index=-1 offset=5997500 count=22500
    part[6] cum=99.7812% share=24.5313% device_global=6 rank=3 local_index=-1 offset=6020000 count=1962500
    part[7] cum=100% share=0.218749% device_global=7 rank=3 local_index=-1 offset=7982500 count=17500
    total=100%
[DCL][balance-metrics] iteration=5100
  policy=scheduled
  action=skip
  reason=static balance already attempted
  T_compute_interval_s=0.949173
  T_comm_interval_s=4.30929
  T_balance_total_s=0
  T_rebalance_apply_s=0
  T_compute_accum_s=11.1093
  T_comm_accum_s=26.8337
  T_balance_accum_s=0.30243
  T_rebalance_apply_accum_s=0.0841635
  device_times_s:
    part[0]=0.937787
    part[1]=0.871561
    part[2]=0.949173
    part[3]=0.943682
    part[4]=0.930428
    part[5]=0.792986
    part[6]=0.929728
    part[7]=0.765595
  OLD loads:
    part[0] cum=24.6562% share=24.6562% device_global=0 rank=0 local_index=0 offset=0 count=1972500
    part[1] cum=25.0312% share=0.375001% device_global=1 rank=0 local_index=1 offset=1972500 count=30000
    part[2] cum=50.0625% share=25.0312% device_global=2 rank=1 local_index=-1 offset=2002500 count=2002500
    part[3] cum=50.4688% share=0.406247% device_global=3 rank=1 local_index=-1 offset=4005000 count=32500
    part[4] cum=74.9688% share=24.5% device_global=4 rank=2 local_index=-1 offset=4037500 count=1960000
    part[5] cum=75.25% share=0.28125% device_global=5 rank=2 local_index=-1 offset=5997500 count=22500
    part[6] cum=99.7812% share=24.5313% device_global=6 rank=3 local_index=-1 offset=6020000 count=1962500
    part[7] cum=100% share=0.218749% device_global=7 rank=3 local_index=-1 offset=7982500 count=17500
    total=100%
  CURRENT loads:
    part[0] cum=24.6562% share=24.6562% device_global=0 rank=0 local_index=0 offset=0 count=1972500
    part[1] cum=25.0312% share=0.375001% device_global=1 rank=0 local_index=1 offset=1972500 count=30000
    part[2] cum=50.0625% share=25.0312% device_global=2 rank=1 local_index=-1 offset=2002500 count=2002500
    part[3] cum=50.4688% share=0.406247% device_global=3 rank=1 local_index=-1 offset=4005000 count=32500
    part[4] cum=74.9688% share=24.5% device_global=4 rank=2 local_index=-1 offset=4037500 count=1960000
    part[5] cum=75.25% share=0.28125% device_global=5 rank=2 local_index=-1 offset=5997500 count=22500
    part[6] cum=99.7812% share=24.5313% device_global=6 rank=3 local_index=-1 offset=6020000 count=1962500
    part[7] cum=100% share=0.218749% device_global=7 rank=3 local_index=-1 offset=7982500 count=17500
    total=100%
[DCL][balance-metrics] iteration=6100
  policy=scheduled
  action=skip
  reason=static balance already attempted
  T_compute_interval_s=0.947899
  T_comm_interval_s=4.36824
  T_balance_total_s=0
  T_rebalance_apply_s=0
  T_compute_accum_s=12.0572
  T_comm_accum_s=31.2019
  T_balance_accum_s=0.30243
  T_rebalance_apply_accum_s=0.0841635
  device_times_s:
    part[0]=0.937352
    part[1]=0.869315
    part[2]=0.947899
    part[3]=0.943343
    part[4]=0.930547
    part[5]=0.773048
    part[6]=0.929859
    part[7]=0.72788
  OLD loads:
    part[0] cum=24.6562% share=24.6562% device_global=0 rank=0 local_index=0 offset=0 count=1972500
    part[1] cum=25.0312% share=0.375001% device_global=1 rank=0 local_index=1 offset=1972500 count=30000
    part[2] cum=50.0625% share=25.0312% device_global=2 rank=1 local_index=-1 offset=2002500 count=2002500
    part[3] cum=50.4688% share=0.406247% device_global=3 rank=1 local_index=-1 offset=4005000 count=32500
    part[4] cum=74.9688% share=24.5% device_global=4 rank=2 local_index=-1 offset=4037500 count=1960000
    part[5] cum=75.25% share=0.28125% device_global=5 rank=2 local_index=-1 offset=5997500 count=22500
    part[6] cum=99.7812% share=24.5313% device_global=6 rank=3 local_index=-1 offset=6020000 count=1962500
    part[7] cum=100% share=0.218749% device_global=7 rank=3 local_index=-1 offset=7982500 count=17500
    total=100%
  CURRENT loads:
    part[0] cum=24.6562% share=24.6562% device_global=0 rank=0 local_index=0 offset=0 count=1972500
    part[1] cum=25.0312% share=0.375001% device_global=1 rank=0 local_index=1 offset=1972500 count=30000
    part[2] cum=50.0625% share=25.0312% device_global=2 rank=1 local_index=-1 offset=2002500 count=2002500
    part[3] cum=50.4688% share=0.406247% device_global=3 rank=1 local_index=-1 offset=4005000 count=32500
    part[4] cum=74.9688% share=24.5% device_global=4 rank=2 local_index=-1 offset=4037500 count=1960000
    part[5] cum=75.25% share=0.28125% device_global=5 rank=2 local_index=-1 offset=5997500 count=22500
    part[6] cum=99.7812% share=24.5313% device_global=6 rank=3 local_index=-1 offset=6020000 count=1962500
    part[7] cum=100% share=0.218749% device_global=7 rank=3 local_index=-1 offset=7982500 count=17500
    total=100%
[DCL][balance-metrics] iteration=7100
  policy=scheduled
  action=skip
  reason=static balance already attempted
  T_compute_interval_s=0.947705
  T_comm_interval_s=4.33234
  T_balance_total_s=0
  T_rebalance_apply_s=0
  T_compute_accum_s=13.0049
  T_comm_accum_s=35.5343
  T_balance_accum_s=0.30243
  T_rebalance_apply_accum_s=0.0841635
  device_times_s:
    part[0]=0.936905
    part[1]=0.866547
    part[2]=0.947705
    part[3]=0.931229
    part[4]=0.930533
    part[5]=0.750428
    part[6]=0.929618
    part[7]=0.679868
  OLD loads:
    part[0] cum=24.6562% share=24.6562% device_global=0 rank=0 local_index=0 offset=0 count=1972500
    part[1] cum=25.0312% share=0.375001% device_global=1 rank=0 local_index=1 offset=1972500 count=30000
    part[2] cum=50.0625% share=25.0312% device_global=2 rank=1 local_index=-1 offset=2002500 count=2002500
    part[3] cum=50.4688% share=0.406247% device_global=3 rank=1 local_index=-1 offset=4005000 count=32500
    part[4] cum=74.9688% share=24.5% device_global=4 rank=2 local_index=-1 offset=4037500 count=1960000
    part[5] cum=75.25% share=0.28125% device_global=5 rank=2 local_index=-1 offset=5997500 count=22500
    part[6] cum=99.7812% share=24.5313% device_global=6 rank=3 local_index=-1 offset=6020000 count=1962500
    part[7] cum=100% share=0.218749% device_global=7 rank=3 local_index=-1 offset=7982500 count=17500
    total=100%
  CURRENT loads:
    part[0] cum=24.6562% share=24.6562% device_global=0 rank=0 local_index=0 offset=0 count=1972500
    part[1] cum=25.0312% share=0.375001% device_global=1 rank=0 local_index=1 offset=1972500 count=30000
    part[2] cum=50.0625% share=25.0312% device_global=2 rank=1 local_index=-1 offset=2002500 count=2002500
    part[3] cum=50.4688% share=0.406247% device_global=3 rank=1 local_index=-1 offset=4005000 count=32500
    part[4] cum=74.9688% share=24.5% device_global=4 rank=2 local_index=-1 offset=4037500 count=1960000
    part[5] cum=75.25% share=0.28125% device_global=5 rank=2 local_index=-1 offset=5997500 count=22500
    part[6] cum=99.7812% share=24.5313% device_global=6 rank=3 local_index=-1 offset=6020000 count=1962500
    part[7] cum=100% share=0.218749% device_global=7 rank=3 local_index=-1 offset=7982500 count=17500
    total=100%
[DCL][balance-metrics] iteration=8100
  policy=scheduled
  action=skip
  reason=static balance already attempted
  T_compute_interval_s=0.947679
  T_comm_interval_s=4.32659
  T_balance_total_s=0
  T_rebalance_apply_s=0
  T_compute_accum_s=13.9526
  T_comm_accum_s=39.8609
  T_balance_accum_s=0.30243
  T_rebalance_apply_accum_s=0.0841635
  device_times_s:
    part[0]=0.936948
    part[1]=0.872897
    part[2]=0.947679
    part[3]=0.931522
    part[4]=0.930488
    part[5]=0.731627
    part[6]=0.929981
    part[7]=0.667202
  OLD loads:
    part[0] cum=24.6562% share=24.6562% device_global=0 rank=0 local_index=0 offset=0 count=1972500
    part[1] cum=25.0312% share=0.375001% device_global=1 rank=0 local_index=1 offset=1972500 count=30000
    part[2] cum=50.0625% share=25.0312% device_global=2 rank=1 local_index=-1 offset=2002500 count=2002500
    part[3] cum=50.4688% share=0.406247% device_global=3 rank=1 local_index=-1 offset=4005000 count=32500
    part[4] cum=74.9688% share=24.5% device_global=4 rank=2 local_index=-1 offset=4037500 count=1960000
    part[5] cum=75.25% share=0.28125% device_global=5 rank=2 local_index=-1 offset=5997500 count=22500
    part[6] cum=99.7812% share=24.5313% device_global=6 rank=3 local_index=-1 offset=6020000 count=1962500
    part[7] cum=100% share=0.218749% device_global=7 rank=3 local_index=-1 offset=7982500 count=17500
    total=100%
  CURRENT loads:
    part[0] cum=24.6562% share=24.6562% device_global=0 rank=0 local_index=0 offset=0 count=1972500
    part[1] cum=25.0312% share=0.375001% device_global=1 rank=0 local_index=1 offset=1972500 count=30000
    part[2] cum=50.0625% share=25.0312% device_global=2 rank=1 local_index=-1 offset=2002500 count=2002500
    part[3] cum=50.4688% share=0.406247% device_global=3 rank=1 local_index=-1 offset=4005000 count=32500
    part[4] cum=74.9688% share=24.5% device_global=4 rank=2 local_index=-1 offset=4037500 count=1960000
    part[5] cum=75.25% share=0.28125% device_global=5 rank=2 local_index=-1 offset=5997500 count=22500
    part[6] cum=99.7812% share=24.5313% device_global=6 rank=3 local_index=-1 offset=6020000 count=1962500
    part[7] cum=100% share=0.218749% device_global=7 rank=3 local_index=-1 offset=7982500 count=17500
    total=100%
[DCL][balance-metrics] iteration=9100
  policy=scheduled
  action=skip
  reason=static balance already attempted
  T_compute_interval_s=0.947658
  T_comm_interval_s=4.39479
  T_balance_total_s=0
  T_rebalance_apply_s=0
  T_compute_accum_s=14.9003
  T_comm_accum_s=44.2557
  T_balance_accum_s=0.30243
  T_rebalance_apply_accum_s=0.0841635
  device_times_s:
    part[0]=0.93653
    part[1]=0.871506
    part[2]=0.947658
    part[3]=0.92776
    part[4]=0.930379
    part[5]=0.724915
    part[6]=0.929913
    part[7]=0.647088
  OLD loads:
    part[0] cum=24.6562% share=24.6562% device_global=0 rank=0 local_index=0 offset=0 count=1972500
    part[1] cum=25.0312% share=0.375001% device_global=1 rank=0 local_index=1 offset=1972500 count=30000
    part[2] cum=50.0625% share=25.0312% device_global=2 rank=1 local_index=-1 offset=2002500 count=2002500
    part[3] cum=50.4688% share=0.406247% device_global=3 rank=1 local_index=-1 offset=4005000 count=32500
    part[4] cum=74.9688% share=24.5% device_global=4 rank=2 local_index=-1 offset=4037500 count=1960000
    part[5] cum=75.25% share=0.28125% device_global=5 rank=2 local_index=-1 offset=5997500 count=22500
    part[6] cum=99.7812% share=24.5313% device_global=6 rank=3 local_index=-1 offset=6020000 count=1962500
    part[7] cum=100% share=0.218749% device_global=7 rank=3 local_index=-1 offset=7982500 count=17500
    total=100%
  CURRENT loads:
    part[0] cum=24.6562% share=24.6562% device_global=0 rank=0 local_index=0 offset=0 count=1972500
    part[1] cum=25.0312% share=0.375001% device_global=1 rank=0 local_index=1 offset=1972500 count=30000
    part[2] cum=50.0625% share=25.0312% device_global=2 rank=1 local_index=-1 offset=2002500 count=2002500
    part[3] cum=50.4688% share=0.406247% device_global=3 rank=1 local_index=-1 offset=4005000 count=32500
    part[4] cum=74.9688% share=24.5% device_global=4 rank=2 local_index=-1 offset=4037500 count=1960000
    part[5] cum=75.25% share=0.28125% device_global=5 rank=2 local_index=-1 offset=5997500 count=22500
    part[6] cum=99.7812% share=24.5313% device_global=6 rank=3 local_index=-1 offset=6020000 count=1962500
    part[7] cum=100% share=0.218749% device_global=7 rank=3 local_index=-1 offset=7982500 count=17500
    total=100%

=== PARTICOES FINAIS ===
=== Particoes globais ===
part[0] device_global=0 rank=0 local_index=0 offset=0 count=1972500
part[1] device_global=1 rank=0 local_index=1 offset=1972500 count=30000
part[2] device_global=2 rank=1 local_index=-1 offset=2002500 count=2002500
part[3] device_global=3 rank=1 local_index=-1 offset=4005000 count=32500
part[4] device_global=4 rank=2 local_index=-1 offset=4037500 count=1960000
part[5] device_global=5 rank=2 local_index=-1 offset=5997500 count=22500
part[6] device_global=6 rank=3 local_index=-1 offset=6020000 count=1962500
part[7] device_global=7 rank=3 local_index=-1 offset=7982500 count=17500


============================
ITERACAO 10000
Tempo de execução: 56.4389s
