=== Dispositivos locais do rank 0 ===
global=0 local=0 nome="NVIDIA RTX 2000 Ada Generation" compute_units=22
global=1 local=1 nome="Intel(R) Xeon(R) CPU           E5620  @ 2.40GHz" compute_units=16

=== Dispositivos locais do rank 1 ===
global=2 local=0 nome="NVIDIA RTX 2000 Ada Generation" compute_units=22
global=3 local=1 nome="Intel(R) Xeon(R) CPU           E5620  @ 2.40GHz" compute_units=16

=== Dispositivos locais do rank 2 ===
global=4 local=0 nome="NVIDIA RTX 2000 Ada Generation" compute_units=22
global=5 local=1 nome="Intel(R) Xeon(R) CPU           E5620  @ 2.40GHz" compute_units=16

=== Dispositivos locais do rank 3 ===
global=6 local=0 nome="NVIDIA RTX 2000 Ada Generation" compute_units=22
global=7 local=1 nome="Intel(R) Xeon(R) CPU           E5620  @ 2.40GHz" compute_units=16

=== PARTICOES INICIAIS ===
=== Particoes globais ===
part[0] device_global=0 rank=0 local_index=0 offset=0 count=1000000
part[1] device_global=1 rank=0 local_index=1 offset=1000000 count=1000000
part[2] device_global=2 rank=1 local_index=-1 offset=2000000 count=1000000
part[3] device_global=3 rank=1 local_index=-1 offset=3000000 count=1000000
part[4] device_global=4 rank=2 local_index=-1 offset=4000000 count=1000000
part[5] device_global=5 rank=2 local_index=-1 offset=5000000 count=1000000
part[6] device_global=6 rank=3 local_index=-1 offset=6000000 count=1000000
part[7] device_global=7 rank=3 local_index=-1 offset=7000000 count=1000000

X = 50 Y = 50 Z = 3200 Iterations = 10000
[DCL][balance-metrics] iteration=100
  policy=threshold
  action=rebalance
  reason=accepted by fixed threshold; diff=0.244745, threshold=0.1
  T_compute_interval_s=5.45018
  T_comm_interval_s=5.16001
  T_balance_total_s=0.290421
  T_rebalance_apply_s=0.0731924
  T_compute_accum_s=5.45018
  T_comm_accum_s=5.16001
  T_balance_accum_s=0.290421
  T_rebalance_apply_accum_s=0.0731924
  device_times_s:
    part[0]=0.0493548
    part[1]=3.00862
    part[2]=0.0480653
    part[3]=3.06222
    part[4]=0.0491076
    part[5]=4.27964
    part[6]=0.0488573
    part[7]=5.45018
  OLD loads:
    part[0] cum=12.5% share=12.5% device_global=0 rank=0 local_index=0 offset=0 count=1952500
    part[1] cum=25% share=12.5% device_global=1 rank=0 local_index=1 offset=1952500 count=32500
    part[2] cum=37.5% share=12.5% device_global=2 rank=1 local_index=-1 offset=1985000 count=2007500
    part[3] cum=50% share=12.5% device_global=3 rank=1 local_index=-1 offset=3992500 count=30000
    part[4] cum=62.5% share=12.5% device_global=4 rank=2 local_index=-1 offset=4022500 count=1965000
    part[5] cum=75% share=12.5% device_global=5 rank=2 local_index=-1 offset=5987500 count=22500
    part[6] cum=87.5% share=12.5% device_global=6 rank=3 local_index=-1 offset=6010000 count=1972500
    part[7] cum=100% share=12.5% device_global=7 rank=3 local_index=-1 offset=7982500 count=17500
    total=100%
  PROPOSED loads:
    part[0] cum=24.4062% share=24.4062% device_global=0 rank=0 local_index=0 offset=0 count=1952500
    part[1] cum=24.8125% share=0.40625% device_global=1 rank=0 local_index=1 offset=1952500 count=32500
    part[2] cum=49.9062% share=25.0938% device_global=2 rank=1 local_index=-1 offset=1985000 count=2007500
    part[3] cum=50.2812% share=0.375% device_global=3 rank=1 local_index=-1 offset=3992500 count=30000
    part[4] cum=74.8438% share=24.5625% device_global=4 rank=2 local_index=-1 offset=4022500 count=1965000
    part[5] cum=75.125% share=0.28125% device_global=5 rank=2 local_index=-1 offset=5987500 count=22500
    part[6] cum=99.7812% share=24.6562% device_global=6 rank=3 local_index=-1 offset=6010000 count=1972500
    part[7] cum=100% share=0.218749% device_global=7 rank=3 local_index=-1 offset=7982500 count=17500
    total=100%
  CURRENT loads:
    part[0] cum=24.4062% share=24.4062% device_global=0 rank=0 local_index=0 offset=0 count=1952500
    part[1] cum=24.8125% share=0.40625% device_global=1 rank=0 local_index=1 offset=1952500 count=32500
    part[2] cum=49.9062% share=25.0938% device_global=2 rank=1 local_index=-1 offset=1985000 count=2007500
    part[3] cum=50.2812% share=0.375% device_global=3 rank=1 local_index=-1 offset=3992500 count=30000
    part[4] cum=74.8438% share=24.5625% device_global=4 rank=2 local_index=-1 offset=4022500 count=1965000
    part[5] cum=75.125% share=0.28125% device_global=5 rank=2 local_index=-1 offset=5987500 count=22500
    part[6] cum=99.7812% share=24.6562% device_global=6 rank=3 local_index=-1 offset=6010000 count=1972500
    part[7] cum=100% share=0.218749% device_global=7 rank=3 local_index=-1 offset=7982500 count=17500
    total=100%
[DCL][balance-metrics] iteration=1100
  policy=scheduled
  action=skip
  reason=static balance already attempted
  T_compute_interval_s=1.42524
  T_comm_interval_s=4.22864
  T_balance_total_s=0
  T_rebalance_apply_s=0
  T_compute_accum_s=6.87542
  T_comm_accum_s=9.38864
  T_balance_accum_s=0.290421
  T_rebalance_apply_accum_s=0.0731924
  device_times_s:
    part[0]=0.927589
    part[1]=0.974654
    part[2]=0.951299
    part[3]=1.08209
    part[4]=0.9336
    part[5]=1.42524
    part[6]=0.934996
    part[7]=1.36011
  OLD loads:
    part[0] cum=24.4062% share=24.4062% device_global=0 rank=0 local_index=0 offset=0 count=1952500
    part[1] cum=24.8125% share=0.40625% device_global=1 rank=0 local_index=1 offset=1952500 count=32500
    part[2] cum=49.9062% share=25.0938% device_global=2 rank=1 local_index=-1 offset=1985000 count=2007500
    part[3] cum=50.2812% share=0.375% device_global=3 rank=1 local_index=-1 offset=3992500 count=30000
    part[4] cum=74.8438% share=24.5625% device_global=4 rank=2 local_index=-1 offset=4022500 count=1965000
    part[5] cum=75.125% share=0.28125% device_global=5 rank=2 local_index=-1 offset=5987500 count=22500
    part[6] cum=99.7812% share=24.6562% device_global=6 rank=3 local_index=-1 offset=6010000 count=1972500
    part[7] cum=100% share=0.218749% device_global=7 rank=3 local_index=-1 offset=7982500 count=17500
    total=100%
  CURRENT loads:
    part[0] cum=24.4062% share=24.4062% device_global=0 rank=0 local_index=0 offset=0 count=1952500
    part[1] cum=24.8125% share=0.40625% device_global=1 rank=0 local_index=1 offset=1952500 count=32500
    part[2] cum=49.9062% share=25.0938% device_global=2 rank=1 local_index=-1 offset=1985000 count=2007500
    part[3] cum=50.2812% share=0.375% device_global=3 rank=1 local_index=-1 offset=3992500 count=30000
    part[4] cum=74.8438% share=24.5625% device_global=4 rank=2 local_index=-1 offset=4022500 count=1965000
    part[5] cum=75.125% share=0.28125% device_global=5 rank=2 local_index=-1 offset=5987500 count=22500
    part[6] cum=99.7812% share=24.6562% device_global=6 rank=3 local_index=-1 offset=6010000 count=1972500
    part[7] cum=100% share=0.218749% device_global=7 rank=3 local_index=-1 offset=7982500 count=17500
    total=100%
[DCL][balance-metrics] iteration=2100
  policy=scheduled
  action=skip
  reason=static balance already attempted
  T_compute_interval_s=1.24944
  T_comm_interval_s=4.22531
  T_balance_total_s=0
  T_rebalance_apply_s=0
  T_compute_accum_s=8.12487
  T_comm_accum_s=13.614
  T_balance_accum_s=0.290421
  T_rebalance_apply_accum_s=0.0731924
  device_times_s:
    part[0]=0.92717
    part[1]=0.942593
    part[2]=0.950189
    part[3]=0.930835
    part[4]=0.933236
    part[5]=1.07202
    part[6]=0.935018
    part[7]=1.24944
  OLD loads:
    part[0] cum=24.4062% share=24.4062% device_global=0 rank=0 local_index=0 offset=0 count=1952500
    part[1] cum=24.8125% share=0.40625% device_global=1 rank=0 local_index=1 offset=1952500 count=32500
    part[2] cum=49.9062% share=25.0938% device_global=2 rank=1 local_index=-1 offset=1985000 count=2007500
    part[3] cum=50.2812% share=0.375% device_global=3 rank=1 local_index=-1 offset=3992500 count=30000
    part[4] cum=74.8438% share=24.5625% device_global=4 rank=2 local_index=-1 offset=4022500 count=1965000
    part[5] cum=75.125% share=0.28125% device_global=5 rank=2 local_index=-1 offset=5987500 count=22500
    part[6] cum=99.7812% share=24.6562% device_global=6 rank=3 local_index=-1 offset=6010000 count=1972500
    part[7] cum=100% share=0.218749% device_global=7 rank=3 local_index=-1 offset=7982500 count=17500
    total=100%
  CURRENT loads:
    part[0] cum=24.4062% share=24.4062% device_global=0 rank=0 local_index=0 offset=0 count=1952500
    part[1] cum=24.8125% share=0.40625% device_global=1 rank=0 local_index=1 offset=1952500 count=32500
    part[2] cum=49.9062% share=25.0938% device_global=2 rank=1 local_index=-1 offset=1985000 count=2007500
    part[3] cum=50.2812% share=0.375% device_global=3 rank=1 local_index=-1 offset=3992500 count=30000
    part[4] cum=74.8438% share=24.5625% device_global=4 rank=2 local_index=-1 offset=4022500 count=1965000
    part[5] cum=75.125% share=0.28125% device_global=5 rank=2 local_index=-1 offset=5987500 count=22500
    part[6] cum=99.7812% share=24.6562% device_global=6 rank=3 local_index=-1 offset=6010000 count=1972500
    part[7] cum=100% share=0.218749% device_global=7 rank=3 local_index=-1 offset=7982500 count=17500
    total=100%
[DCL][balance-metrics] iteration=3100
  policy=scheduled
  action=skip
  reason=static balance already attempted
  T_compute_interval_s=1.04744
  T_comm_interval_s=4.25134
  T_balance_total_s=0
  T_rebalance_apply_s=0
  T_compute_accum_s=9.17231
  T_comm_accum_s=17.8653
  T_balance_accum_s=0.290421
  T_rebalance_apply_accum_s=0.0731924
  device_times_s:
    part[0]=0.927004
    part[1]=0.931802
    part[2]=0.950145
    part[3]=0.902586
    part[4]=0.932647
    part[5]=0.891009
    part[6]=0.934902
    part[7]=1.04744
  OLD loads:
    part[0] cum=24.4062% share=24.4062% device_global=0 rank=0 local_index=0 offset=0 count=1952500
    part[1] cum=24.8125% share=0.40625% device_global=1 rank=0 local_index=1 offset=1952500 count=32500
    part[2] cum=49.9062% share=25.0938% device_global=2 rank=1 local_index=-1 offset=1985000 count=2007500
    part[3] cum=50.2812% share=0.375% device_global=3 rank=1 local_index=-1 offset=3992500 count=30000
    part[4] cum=74.8438% share=24.5625% device_global=4 rank=2 local_index=-1 offset=4022500 count=1965000
    part[5] cum=75.125% share=0.28125% device_global=5 rank=2 local_index=-1 offset=5987500 count=22500
    part[6] cum=99.7812% share=24.6562% device_global=6 rank=3 local_index=-1 offset=6010000 count=1972500
    part[7] cum=100% share=0.218749% device_global=7 rank=3 local_index=-1 offset=7982500 count=17500
    total=100%
  CURRENT loads:
    part[0] cum=24.4062% share=24.4062% device_global=0 rank=0 local_index=0 offset=0 count=1952500
    part[1] cum=24.8125% share=0.40625% device_global=1 rank=0 local_index=1 offset=1952500 count=32500
    part[2] cum=49.9062% share=25.0938% device_global=2 rank=1 local_index=-1 offset=1985000 count=2007500
    part[3] cum=50.2812% share=0.375% device_global=3 rank=1 local_index=-1 offset=3992500 count=30000
    part[4] cum=74.8438% share=24.5625% device_global=4 rank=2 local_index=-1 offset=4022500 count=1965000
    part[5] cum=75.125% share=0.28125% device_global=5 rank=2 local_index=-1 offset=5987500 count=22500
    part[6] cum=99.7812% share=24.6562% device_global=6 rank=3 local_index=-1 offset=6010000 count=1972500
    part[7] cum=100% share=0.218749% device_global=7 rank=3 local_index=-1 offset=7982500 count=17500
    total=100%
[DCL][balance-metrics] iteration=4100
  policy=scheduled
  action=skip
  reason=static balance already attempted
  T_compute_interval_s=0.950329
  T_comm_interval_s=4.3056
  T_balance_total_s=0
  T_rebalance_apply_s=0
  T_compute_accum_s=10.1226
  T_comm_accum_s=22.1709
  T_balance_accum_s=0.290421
  T_rebalance_apply_accum_s=0.0731924
  device_times_s:
    part[0]=0.92692
    part[1]=0.931545
    part[2]=0.950329
    part[3]=0.890939
    part[4]=0.933054
    part[5]=0.822414
    part[6]=0.934965
    part[7]=0.854589
  OLD loads:
    part[0] cum=24.4062% share=24.4062% device_global=0 rank=0 local_index=0 offset=0 count=1952500
    part[1] cum=24.8125% share=0.40625% device_global=1 rank=0 local_index=1 offset=1952500 count=32500
    part[2] cum=49.9062% share=25.0938% device_global=2 rank=1 local_index=-1 offset=1985000 count=2007500
    part[3] cum=50.2812% share=0.375% device_global=3 rank=1 local_index=-1 offset=3992500 count=30000
    part[4] cum=74.8438% share=24.5625% device_global=4 rank=2 local_index=-1 offset=4022500 count=1965000
    part[5] cum=75.125% share=0.28125% device_global=5 rank=2 local_index=-1 offset=5987500 count=22500
    part[6] cum=99.7812% share=24.6562% device_global=6 rank=3 local_index=-1 offset=6010000 count=1972500
    part[7] cum=100% share=0.218749% device_global=7 rank=3 local_index=-1 offset=7982500 count=17500
    total=100%
  CURRENT loads:
    part[0] cum=24.4062% share=24.4062% device_global=0 rank=0 local_index=0 offset=0 count=1952500
    part[1] cum=24.8125% share=0.40625% device_global=1 rank=0 local_index=1 offset=1952500 count=32500
    part[2] cum=49.9062% share=25.0938% device_global=2 rank=1 local_index=-1 offset=1985000 count=2007500
    part[3] cum=50.2812% share=0.375% device_global=3 rank=1 local_index=-1 offset=3992500 count=30000
    part[4] cum=74.8438% share=24.5625% device_global=4 rank=2 local_index=-1 offset=4022500 count=1965000
    part[5] cum=75.125% share=0.28125% device_global=5 rank=2 local_index=-1 offset=5987500 count=22500
    part[6] cum=99.7812% share=24.6562% device_global=6 rank=3 local_index=-1 offset=6010000 count=1972500
    part[7] cum=100% share=0.218749% device_global=7 rank=3 local_index=-1 offset=7982500 count=17500
    total=100%
[DCL][balance-metrics] iteration=5100
  policy=scheduled
  action=skip
  reason=static balance already attempted
  T_compute_interval_s=0.950213
  T_comm_interval_s=4.30634
  T_balance_total_s=0
  T_rebalance_apply_s=0
  T_compute_accum_s=11.0729
  T_comm_accum_s=26.4772
  T_balance_accum_s=0.290421
  T_rebalance_apply_accum_s=0.0731924
  device_times_s:
    part[0]=0.926816
    part[1]=0.928037
    part[2]=0.950213
    part[3]=0.889829
    part[4]=0.933001
    part[5]=0.78908
    part[6]=0.934997
    part[7]=0.766473
  OLD loads:
    part[0] cum=24.4062% share=24.4062% device_global=0 rank=0 local_index=0 offset=0 count=1952500
    part[1] cum=24.8125% share=0.40625% device_global=1 rank=0 local_index=1 offset=1952500 count=32500
    part[2] cum=49.9062% share=25.0938% device_global=2 rank=1 local_index=-1 offset=1985000 count=2007500
    part[3] cum=50.2812% share=0.375% device_global=3 rank=1 local_index=-1 offset=3992500 count=30000
    part[4] cum=74.8438% share=24.5625% device_global=4 rank=2 local_index=-1 offset=4022500 count=1965000
    part[5] cum=75.125% share=0.28125% device_global=5 rank=2 local_index=-1 offset=5987500 count=22500
    part[6] cum=99.7812% share=24.6562% device_global=6 rank=3 local_index=-1 offset=6010000 count=1972500
    part[7] cum=100% share=0.218749% device_global=7 rank=3 local_index=-1 offset=7982500 count=17500
    total=100%
  CURRENT loads:
    part[0] cum=24.4062% share=24.4062% device_global=0 rank=0 local_index=0 offset=0 count=1952500
    part[1] cum=24.8125% share=0.40625% device_global=1 rank=0 local_index=1 offset=1952500 count=32500
    part[2] cum=49.9062% share=25.0938% device_global=2 rank=1 local_index=-1 offset=1985000 count=2007500
    part[3] cum=50.2812% share=0.375% device_global=3 rank=1 local_index=-1 offset=3992500 count=30000
    part[4] cum=74.8438% share=24.5625% device_global=4 rank=2 local_index=-1 offset=4022500 count=1965000
    part[5] cum=75.125% share=0.28125% device_global=5 rank=2 local_index=-1 offset=5987500 count=22500
    part[6] cum=99.7812% share=24.6562% device_global=6 rank=3 local_index=-1 offset=6010000 count=1972500
    part[7] cum=100% share=0.218749% device_global=7 rank=3 local_index=-1 offset=7982500 count=17500
    total=100%
[DCL][balance-metrics] iteration=6100
  policy=scheduled
  action=skip
  reason=static balance already attempted
  T_compute_interval_s=0.949994
  T_comm_interval_s=4.3293
  T_balance_total_s=0
  T_rebalance_apply_s=0
  T_compute_accum_s=12.0228
  T_comm_accum_s=30.8065
  T_balance_accum_s=0.290421
  T_rebalance_apply_accum_s=0.0731924
  device_times_s:
    part[0]=0.927099
    part[1]=0.936109
    part[2]=0.949994
    part[3]=0.877684
    part[4]=0.932739
    part[5]=0.755763
    part[6]=0.935181
    part[7]=0.730594
  OLD loads:
    part[0] cum=24.4062% share=24.4062% device_global=0 rank=0 local_index=0 offset=0 count=1952500
    part[1] cum=24.8125% share=0.40625% device_global=1 rank=0 local_index=1 offset=1952500 count=32500
    part[2] cum=49.9062% share=25.0938% device_global=2 rank=1 local_index=-1 offset=1985000 count=2007500
    part[3] cum=50.2812% share=0.375% device_global=3 rank=1 local_index=-1 offset=3992500 count=30000
    part[4] cum=74.8438% share=24.5625% device_global=4 rank=2 local_index=-1 offset=4022500 count=1965000
    part[5] cum=75.125% share=0.28125% device_global=5 rank=2 local_index=-1 offset=5987500 count=22500
    part[6] cum=99.7812% share=24.6562% device_global=6 rank=3 local_index=-1 offset=6010000 count=1972500
    part[7] cum=100% share=0.218749% device_global=7 rank=3 local_index=-1 offset=7982500 count=17500
    total=100%
  CURRENT loads:
    part[0] cum=24.4062% share=24.4062% device_global=0 rank=0 local_index=0 offset=0 count=1952500
    part[1] cum=24.8125% share=0.40625% device_global=1 rank=0 local_index=1 offset=1952500 count=32500
    part[2] cum=49.9062% share=25.0938% device_global=2 rank=1 local_index=-1 offset=1985000 count=2007500
    part[3] cum=50.2812% share=0.375% device_global=3 rank=1 local_index=-1 offset=3992500 count=30000
    part[4] cum=74.8438% share=24.5625% device_global=4 rank=2 local_index=-1 offset=4022500 count=1965000
    part[5] cum=75.125% share=0.28125% device_global=5 rank=2 local_index=-1 offset=5987500 count=22500
    part[6] cum=99.7812% share=24.6562% device_global=6 rank=3 local_index=-1 offset=6010000 count=1972500
    part[7] cum=100% share=0.218749% device_global=7 rank=3 local_index=-1 offset=7982500 count=17500
    total=100%
[DCL][balance-metrics] iteration=7100
  policy=scheduled
  action=skip
  reason=static balance already attempted
  T_compute_interval_s=0.950137
  T_comm_interval_s=4.28626
  T_balance_total_s=0
  T_rebalance_apply_s=0
  T_compute_accum_s=12.973
  T_comm_accum_s=35.0928
  T_balance_accum_s=0.290421
  T_rebalance_apply_accum_s=0.0731924
  device_times_s:
    part[0]=0.92706
    part[1]=0.932299
    part[2]=0.950137
    part[3]=0.879635
    part[4]=0.933032
    part[5]=0.745778
    part[6]=0.934458
    part[7]=0.682551
  OLD loads:
    part[0] cum=24.4062% share=24.4062% device_global=0 rank=0 local_index=0 offset=0 count=1952500
    part[1] cum=24.8125% share=0.40625% device_global=1 rank=0 local_index=1 offset=1952500 count=32500
    part[2] cum=49.9062% share=25.0938% device_global=2 rank=1 local_index=-1 offset=1985000 count=2007500
    part[3] cum=50.2812% share=0.375% device_global=3 rank=1 local_index=-1 offset=3992500 count=30000
    part[4] cum=74.8438% share=24.5625% device_global=4 rank=2 local_index=-1 offset=4022500 count=1965000
    part[5] cum=75.125% share=0.28125% device_global=5 rank=2 local_index=-1 offset=5987500 count=22500
    part[6] cum=99.7812% share=24.6562% device_global=6 rank=3 local_index=-1 offset=6010000 count=1972500
    part[7] cum=100% share=0.218749% device_global=7 rank=3 local_index=-1 offset=7982500 count=17500
    total=100%
  CURRENT loads:
    part[0] cum=24.4062% share=24.4062% device_global=0 rank=0 local_index=0 offset=0 count=1952500
    part[1] cum=24.8125% share=0.40625% device_global=1 rank=0 local_index=1 offset=1952500 count=32500
    part[2] cum=49.9062% share=25.0938% device_global=2 rank=1 local_index=-1 offset=1985000 count=2007500
    part[3] cum=50.2812% share=0.375% device_global=3 rank=1 local_index=-1 offset=3992500 count=30000
    part[4] cum=74.8438% share=24.5625% device_global=4 rank=2 local_index=-1 offset=4022500 count=1965000
    part[5] cum=75.125% share=0.28125% device_global=5 rank=2 local_index=-1 offset=5987500 count=22500
    part[6] cum=99.7812% share=24.6562% device_global=6 rank=3 local_index=-1 offset=6010000 count=1972500
    part[7] cum=100% share=0.218749% device_global=7 rank=3 local_index=-1 offset=7982500 count=17500
    total=100%
[DCL][balance-metrics] iteration=8100
  policy=scheduled
  action=skip
  reason=static balance already attempted
  T_compute_interval_s=0.949833
  T_comm_interval_s=4.31473
  T_balance_total_s=0
  T_rebalance_apply_s=0
  T_compute_accum_s=13.9228
  T_comm_accum_s=39.4075
  T_balance_accum_s=0.290421
  T_rebalance_apply_accum_s=0.0731924
  device_times_s:
    part[0]=0.926585
    part[1]=0.928581
    part[2]=0.949833
    part[3]=0.876312
    part[4]=0.933358
    part[5]=0.739772
    part[6]=0.935294
    part[7]=0.675296
  OLD loads:
    part[0] cum=24.4062% share=24.4062% device_global=0 rank=0 local_index=0 offset=0 count=1952500
    part[1] cum=24.8125% share=0.40625% device_global=1 rank=0 local_index=1 offset=1952500 count=32500
    part[2] cum=49.9062% share=25.0938% device_global=2 rank=1 local_index=-1 offset=1985000 count=2007500
    part[3] cum=50.2812% share=0.375% device_global=3 rank=1 local_index=-1 offset=3992500 count=30000
    part[4] cum=74.8438% share=24.5625% device_global=4 rank=2 local_index=-1 offset=4022500 count=1965000
    part[5] cum=75.125% share=0.28125% device_global=5 rank=2 local_index=-1 offset=5987500 count=22500
    part[6] cum=99.7812% share=24.6562% device_global=6 rank=3 local_index=-1 offset=6010000 count=1972500
    part[7] cum=100% share=0.218749% device_global=7 rank=3 local_index=-1 offset=7982500 count=17500
    total=100%
  CURRENT loads:
    part[0] cum=24.4062% share=24.4062% device_global=0 rank=0 local_index=0 offset=0 count=1952500
    part[1] cum=24.8125% share=0.40625% device_global=1 rank=0 local_index=1 offset=1952500 count=32500
    part[2] cum=49.9062% share=25.0938% device_global=2 rank=1 local_index=-1 offset=1985000 count=2007500
    part[3] cum=50.2812% share=0.375% device_global=3 rank=1 local_index=-1 offset=3992500 count=30000
    part[4] cum=74.8438% share=24.5625% device_global=4 rank=2 local_index=-1 offset=4022500 count=1965000
    part[5] cum=75.125% share=0.28125% device_global=5 rank=2 local_index=-1 offset=5987500 count=22500
    part[6] cum=99.7812% share=24.6562% device_global=6 rank=3 local_index=-1 offset=6010000 count=1972500
    part[7] cum=100% share=0.218749% device_global=7 rank=3 local_index=-1 offset=7982500 count=17500
    total=100%
[DCL][balance-metrics] iteration=9100
  policy=scheduled
  action=skip
  reason=static balance already attempted
  T_compute_interval_s=0.950196
  T_comm_interval_s=4.32118
  T_balance_total_s=0
  T_rebalance_apply_s=0
  T_compute_accum_s=14.873
  T_comm_accum_s=43.7287
  T_balance_accum_s=0.290421
  T_rebalance_apply_accum_s=0.0731924
  device_times_s:
    part[0]=0.927644
    part[1]=0.947262
    part[2]=0.950196
    part[3]=0.872898
    part[4]=0.933296
    part[5]=0.732548
    part[6]=0.934669
    part[7]=0.649068
  OLD loads:
    part[0] cum=24.4062% share=24.4062% device_global=0 rank=0 local_index=0 offset=0 count=1952500
    part[1] cum=24.8125% share=0.40625% device_global=1 rank=0 local_index=1 offset=1952500 count=32500
    part[2] cum=49.9062% share=25.0938% device_global=2 rank=1 local_index=-1 offset=1985000 count=2007500
    part[3] cum=50.2812% share=0.375% device_global=3 rank=1 local_index=-1 offset=3992500 count=30000
    part[4] cum=74.8438% share=24.5625% device_global=4 rank=2 local_index=-1 offset=4022500 count=1965000
    part[5] cum=75.125% share=0.28125% device_global=5 rank=2 local_index=-1 offset=5987500 count=22500
    part[6] cum=99.7812% share=24.6562% device_global=6 rank=3 local_index=-1 offset=6010000 count=1972500
    part[7] cum=100% share=0.218749% device_global=7 rank=3 local_index=-1 offset=7982500 count=17500
    total=100%
  CURRENT loads:
    part[0] cum=24.4062% share=24.4062% device_global=0 rank=0 local_index=0 offset=0 count=1952500
    part[1] cum=24.8125% share=0.40625% device_global=1 rank=0 local_index=1 offset=1952500 count=32500
    part[2] cum=49.9062% share=25.0938% device_global=2 rank=1 local_index=-1 offset=1985000 count=2007500
    part[3] cum=50.2812% share=0.375% device_global=3 rank=1 local_index=-1 offset=3992500 count=30000
    part[4] cum=74.8438% share=24.5625% device_global=4 rank=2 local_index=-1 offset=4022500 count=1965000
    part[5] cum=75.125% share=0.28125% device_global=5 rank=2 local_index=-1 offset=5987500 count=22500
    part[6] cum=99.7812% share=24.6562% device_global=6 rank=3 local_index=-1 offset=6010000 count=1972500
    part[7] cum=100% share=0.218749% device_global=7 rank=3 local_index=-1 offset=7982500 count=17500
    total=100%

=== PARTICOES FINAIS ===
=== Particoes globais ===
part[0] device_global=0 rank=0 local_index=0 offset=0 count=1952500
part[1] device_global=1 rank=0 local_index=1 offset=1952500 count=32500
part[2] device_global=2 rank=1 local_index=-1 offset=1985000 count=2007500
part[3] device_global=3 rank=1 local_index=-1 offset=3992500 count=30000
part[4] device_global=4 rank=2 local_index=-1 offset=4022500 count=1965000
part[5] device_global=5 rank=2 local_index=-1 offset=5987500 count=22500
part[6] device_global=6 rank=3 local_index=-1 offset=6010000 count=1972500
part[7] device_global=7 rank=3 local_index=-1 offset=7982500 count=17500


============================
ITERACAO 10000
Tempo de execução: 56.1024s
