=== Dispositivos locais do rank 0 ===
global=0 local=0 nome="NVIDIA RTX 2000 Ada Generation" compute_units=22
global=1 local=1 nome="Intel(R) Xeon(R) CPU           E5620  @ 2.40GHz" compute_units=16

=== Dispositivos locais do rank 3 ===
global=6 local=0 nome="NVIDIA RTX 2000 Ada Generation" compute_units=22
global=7 local=1 nome="=== Dispositivos locais do rank 2 ===
global=4 local=0 nome="NVIDIA RTX 2000 Ada Generation" compute_units=22
global=5 local=1 nome="Intel(R) Xeon(R) CPU           E5620  @ 2.40GHz" compute_units=16

Intel(R) Xeon(R) CPU           E5620  @ 2.40GHz" compute_units=16

=== Dispositivos locais do rank 1 ===
global=2 local=0 nome="NVIDIA RTX 2000 Ada Generation" compute_units=22
global=3 local=1 nome="Intel(R) Xeon(R) CPU           E5620  @ 2.40GHz" compute_units=16

=== PARTICOES INICIAIS ===
=== Particoes globais ===
part[0] device_global=0 rank=0 local_index=0 offset=0 count=1000000
part[1] device_global=1 rank=0 local_index=1 offset=1000000 count=1000000
part[2] device_global=2 rank=1 local_index=-1 offset=2000000 count=1000000
part[3] device_global=3 rank=1 local_index=-1 offset=3000000 count=1000000
part[4] device_global=4 rank=2 local_index=-1 offset=4000000 count=1000000
part[5] device_global=5 rank=2 local_index=-1 offset=5000000 count=1000000
part[6] device_global=6 rank=3 local_index=-1 offset=6000000 count=1000000
part[7] device_global=7 rank=3 local_index=-1 offset=7000000 count=1000000

X = 50 Y = 50 Z = 3200 Iterations = 10000
[DCL][balance-metrics] iteration=100
  policy=threshold
  action=rebalance
  reason=accepted by fixed threshold; diff=0.247582, threshold=0.1
  T_compute_interval_s=5.45408
  T_comm_interval_s=5.25968
  T_balance_total_s=0.305286
  T_rebalance_apply_s=0.0874788
  T_compute_accum_s=5.45408
  T_comm_accum_s=5.25968
  T_balance_accum_s=0.305286
  T_rebalance_apply_accum_s=0.0874788
  device_times_s:
    part[0]=0.0493191
    part[1]=3.02027
    part[2]=0.0490553
    part[3]=3.09844
    part[4]=0.0490385
    part[5]=4.26304
    part[6]=0.0500035
    part[7]=5.45408
  OLD loads:
    part[0] cum=12.5% share=12.5% device_global=0 rank=0 local_index=0 offset=0 count=1975000
    part[1] cum=25% share=12.5% device_global=1 rank=0 local_index=1 offset=1975000 count=32500
    part[2] cum=37.5% share=12.5% device_global=2 rank=1 local_index=-1 offset=2007500 count=1985000
    part[3] cum=50% share=12.5% device_global=3 rank=1 local_index=-1 offset=3992500 count=32500
    part[4] cum=62.5% share=12.5% device_global=4 rank=2 local_index=-1 offset=4025000 count=1985000
    part[5] cum=75% share=12.5% device_global=5 rank=2 local_index=-1 offset=6010000 count=25000
    part[6] cum=87.5% share=12.5% device_global=6 rank=3 local_index=-1 offset=6035000 count=1947500
    part[7] cum=100% share=12.5% device_global=7 rank=3 local_index=-1 offset=7982500 count=17500
    total=100%
  PROPOSED loads:
    part[0] cum=24.6875% share=24.6875% device_global=0 rank=0 local_index=0 offset=0 count=1975000
    part[1] cum=25.0938% share=0.406249% device_global=1 rank=0 local_index=1 offset=1975000 count=32500
    part[2] cum=49.9062% share=24.8125% device_global=2 rank=1 local_index=-1 offset=2007500 count=1985000
    part[3] cum=50.3125% share=0.40625% device_global=3 rank=1 local_index=-1 offset=3992500 count=32500
    part[4] cum=75.125% share=24.8125% device_global=4 rank=2 local_index=-1 offset=4025000 count=1985000
    part[5] cum=75.4375% share=0.312495% device_global=5 rank=2 local_index=-1 offset=6010000 count=25000
    part[6] cum=99.7812% share=24.3438% device_global=6 rank=3 local_index=-1 offset=6035000 count=1947500
    part[7] cum=100% share=0.218749% device_global=7 rank=3 local_index=-1 offset=7982500 count=17500
    total=100%
  CURRENT loads:
    part[0] cum=24.6875% share=24.6875% device_global=0 rank=0 local_index=0 offset=0 count=1975000
    part[1] cum=25.0938% share=0.406249% device_global=1 rank=0 local_index=1 offset=1975000 count=32500
    part[2] cum=49.9062% share=24.8125% device_global=2 rank=1 local_index=-1 offset=2007500 count=1985000
    part[3] cum=50.3125% share=0.40625% device_global=3 rank=1 local_index=-1 offset=3992500 count=32500
    part[4] cum=75.125% share=24.8125% device_global=4 rank=2 local_index=-1 offset=4025000 count=1985000
    part[5] cum=75.4375% share=0.312495% device_global=5 rank=2 local_index=-1 offset=6010000 count=25000
    part[6] cum=99.7812% share=24.3438% device_global=6 rank=3 local_index=-1 offset=6035000 count=1947500
    part[7] cum=100% share=0.218749% device_global=7 rank=3 local_index=-1 offset=7982500 count=17500
    total=100%
[DCL][balance-metrics] iteration=1100
  policy=scheduled
  action=skip
  reason=static balance already attempted
  T_compute_interval_s=1.57316
  T_comm_interval_s=4.2637
  T_balance_total_s=0
  T_rebalance_apply_s=0
  T_compute_accum_s=7.02725
  T_comm_accum_s=9.52338
  T_balance_accum_s=0.305286
  T_rebalance_apply_accum_s=0.0874788
  device_times_s:
    part[0]=0.93815
    part[1]=0.978077
    part[2]=0.941303
    part[3]=1.15322
    part[4]=0.94239
    part[5]=1.57316
    part[6]=0.923127
    part[7]=1.36473
  OLD loads:
    part[0] cum=24.6875% share=24.6875% device_global=0 rank=0 local_index=0 offset=0 count=1975000
    part[1] cum=25.0938% share=0.406249% device_global=1 rank=0 local_index=1 offset=1975000 count=32500
    part[2] cum=49.9062% share=24.8125% device_global=2 rank=1 local_index=-1 offset=2007500 count=1985000
    part[3] cum=50.3125% share=0.40625% device_global=3 rank=1 local_index=-1 offset=3992500 count=32500
    part[4] cum=75.125% share=24.8125% device_global=4 rank=2 local_index=-1 offset=4025000 count=1985000
    part[5] cum=75.4375% share=0.312495% device_global=5 rank=2 local_index=-1 offset=6010000 count=25000
    part[6] cum=99.7812% share=24.3438% device_global=6 rank=3 local_index=-1 offset=6035000 count=1947500
    part[7] cum=100% share=0.218749% device_global=7 rank=3 local_index=-1 offset=7982500 count=17500
    total=100%
  CURRENT loads:
    part[0] cum=24.6875% share=24.6875% device_global=0 rank=0 local_index=0 offset=0 count=1975000
    part[1] cum=25.0938% share=0.406249% device_global=1 rank=0 local_index=1 offset=1975000 count=32500
    part[2] cum=49.9062% share=24.8125% device_global=2 rank=1 local_index=-1 offset=2007500 count=1985000
    part[3] cum=50.3125% share=0.40625% device_global=3 rank=1 local_index=-1 offset=3992500 count=32500
    part[4] cum=75.125% share=24.8125% device_global=4 rank=2 local_index=-1 offset=4025000 count=1985000
    part[5] cum=75.4375% share=0.312495% device_global=5 rank=2 local_index=-1 offset=6010000 count=25000
    part[6] cum=99.7812% share=24.3438% device_global=6 rank=3 local_index=-1 offset=6035000 count=1947500
    part[7] cum=100% share=0.218749% device_global=7 rank=3 local_index=-1 offset=7982500 count=17500
    total=100%
[DCL][balance-metrics] iteration=2100
  policy=scheduled
  action=skip
  reason=static balance already attempted
  T_compute_interval_s=1.25211
  T_comm_interval_s=4.26034
  T_balance_total_s=0
  T_rebalance_apply_s=0
  T_compute_accum_s=8.27936
  T_comm_accum_s=13.7837
  T_balance_accum_s=0.305286
  T_rebalance_apply_accum_s=0.0874788
  device_times_s:
    part[0]=0.937174
    part[1]=0.945207
    part[2]=0.941244
    part[3]=1.01037
    part[4]=0.941861
    part[5]=1.12629
    part[6]=0.922599
    part[7]=1.25211
  OLD loads:
    part[0] cum=24.6875% share=24.6875% device_global=0 rank=0 local_index=0 offset=0 count=1975000
    part[1] cum=25.0938% share=0.406249% device_global=1 rank=0 local_index=1 offset=1975000 count=32500
    part[2] cum=49.9062% share=24.8125% device_global=2 rank=1 local_index=-1 offset=2007500 count=1985000
    part[3] cum=50.3125% share=0.40625% device_global=3 rank=1 local_index=-1 offset=3992500 count=32500
    part[4] cum=75.125% share=24.8125% device_global=4 rank=2 local_index=-1 offset=4025000 count=1985000
    part[5] cum=75.4375% share=0.312495% device_global=5 rank=2 local_index=-1 offset=6010000 count=25000
    part[6] cum=99.7812% share=24.3438% device_global=6 rank=3 local_index=-1 offset=6035000 count=1947500
    part[7] cum=100% share=0.218749% device_global=7 rank=3 local_index=-1 offset=7982500 count=17500
    total=100%
  CURRENT loads:
    part[0] cum=24.6875% share=24.6875% device_global=0 rank=0 local_index=0 offset=0 count=1975000
    part[1] cum=25.0938% share=0.406249% device_global=1 rank=0 local_index=1 offset=1975000 count=32500
    part[2] cum=49.9062% share=24.8125% device_global=2 rank=1 local_index=-1 offset=2007500 count=1985000
    part[3] cum=50.3125% share=0.40625% device_global=3 rank=1 local_index=-1 offset=3992500 count=32500
    part[4] cum=75.125% share=24.8125% device_global=4 rank=2 local_index=-1 offset=4025000 count=1985000
    part[5] cum=75.4375% share=0.312495% device_global=5 rank=2 local_index=-1 offset=6010000 count=25000
    part[6] cum=99.7812% share=24.3438% device_global=6 rank=3 local_index=-1 offset=6035000 count=1947500
    part[7] cum=100% share=0.218749% device_global=7 rank=3 local_index=-1 offset=7982500 count=17500
    total=100%
[DCL][balance-metrics] iteration=3100
  policy=scheduled
  action=skip
  reason=static balance already attempted
  T_compute_interval_s=1.04011
  T_comm_interval_s=4.23851
  T_balance_total_s=0
  T_rebalance_apply_s=0
  T_compute_accum_s=9.31947
  T_comm_accum_s=18.0222
  T_balance_accum_s=0.305286
  T_rebalance_apply_accum_s=0.0874788
  device_times_s:
    part[0]=0.936963
    part[1]=0.930021
    part[2]=0.939408
    part[3]=0.967223
    part[4]=0.941792
    part[5]=0.944333
    part[6]=0.922224
    part[7]=1.04011
  OLD loads:
    part[0] cum=24.6875% share=24.6875% device_global=0 rank=0 local_index=0 offset=0 count=1975000
    part[1] cum=25.0938% share=0.406249% device_global=1 rank=0 local_index=1 offset=1975000 count=32500
    part[2] cum=49.9062% share=24.8125% device_global=2 rank=1 local_index=-1 offset=2007500 count=1985000
    part[3] cum=50.3125% share=0.40625% device_global=3 rank=1 local_index=-1 offset=3992500 count=32500
    part[4] cum=75.125% share=24.8125% device_global=4 rank=2 local_index=-1 offset=4025000 count=1985000
    part[5] cum=75.4375% share=0.312495% device_global=5 rank=2 local_index=-1 offset=6010000 count=25000
    part[6] cum=99.7812% share=24.3438% device_global=6 rank=3 local_index=-1 offset=6035000 count=1947500
    part[7] cum=100% share=0.218749% device_global=7 rank=3 local_index=-1 offset=7982500 count=17500
    total=100%
  CURRENT loads:
    part[0] cum=24.6875% share=24.6875% device_global=0 rank=0 local_index=0 offset=0 count=1975000
    part[1] cum=25.0938% share=0.406249% device_global=1 rank=0 local_index=1 offset=1975000 count=32500
    part[2] cum=49.9062% share=24.8125% device_global=2 rank=1 local_index=-1 offset=2007500 count=1985000
    part[3] cum=50.3125% share=0.40625% device_global=3 rank=1 local_index=-1 offset=3992500 count=32500
    part[4] cum=75.125% share=24.8125% device_global=4 rank=2 local_index=-1 offset=4025000 count=1985000
    part[5] cum=75.4375% share=0.312495% device_global=5 rank=2 local_index=-1 offset=6010000 count=25000
    part[6] cum=99.7812% share=24.3438% device_global=6 rank=3 local_index=-1 offset=6035000 count=1947500
    part[7] cum=100% share=0.218749% device_global=7 rank=3 local_index=-1 offset=7982500 count=17500
    total=100%
[DCL][balance-metrics] iteration=4100
  policy=scheduled
  action=skip
  reason=static balance already attempted
  T_compute_interval_s=0.954045
  T_comm_interval_s=4.31006
  T_balance_total_s=0
  T_rebalance_apply_s=0
  T_compute_accum_s=10.2735
  T_comm_accum_s=22.3323
  T_balance_accum_s=0.305286
  T_rebalance_apply_accum_s=0.0874788
  device_times_s:
    part[0]=0.93752
    part[1]=0.930196
    part[2]=0.939676
    part[3]=0.954045
    part[4]=0.942063
    part[5]=0.878165
    part[6]=0.922701
    part[7]=0.856327
  OLD loads:
    part[0] cum=24.6875% share=24.6875% device_global=0 rank=0 local_index=0 offset=0 count=1975000
    part[1] cum=25.0938% share=0.406249% device_global=1 rank=0 local_index=1 offset=1975000 count=32500
    part[2] cum=49.9062% share=24.8125% device_global=2 rank=1 local_index=-1 offset=2007500 count=1985000
    part[3] cum=50.3125% share=0.40625% device_global=3 rank=1 local_index=-1 offset=3992500 count=32500
    part[4] cum=75.125% share=24.8125% device_global=4 rank=2 local_index=-1 offset=4025000 count=1985000
    part[5] cum=75.4375% share=0.312495% device_global=5 rank=2 local_index=-1 offset=6010000 count=25000
    part[6] cum=99.7812% share=24.3438% device_global=6 rank=3 local_index=-1 offset=6035000 count=1947500
    part[7] cum=100% share=0.218749% device_global=7 rank=3 local_index=-1 offset=7982500 count=17500
    total=100%
  CURRENT loads:
    part[0] cum=24.6875% share=24.6875% device_global=0 rank=0 local_index=0 offset=0 count=1975000
    part[1] cum=25.0938% share=0.406249% device_global=1 rank=0 local_index=1 offset=1975000 count=32500
    part[2] cum=49.9062% share=24.8125% device_global=2 rank=1 local_index=-1 offset=2007500 count=1985000
    part[3] cum=50.3125% share=0.40625% device_global=3 rank=1 local_index=-1 offset=3992500 count=32500
    part[4] cum=75.125% share=24.8125% device_global=4 rank=2 local_index=-1 offset=4025000 count=1985000
    part[5] cum=75.4375% share=0.312495% device_global=5 rank=2 local_index=-1 offset=6010000 count=25000
    part[6] cum=99.7812% share=24.3438% device_global=6 rank=3 local_index=-1 offset=6035000 count=1947500
    part[7] cum=100% share=0.218749% device_global=7 rank=3 local_index=-1 offset=7982500 count=17500
    total=100%
[DCL][balance-metrics] iteration=5100
  policy=scheduled
  action=skip
  reason=static balance already attempted
  T_compute_interval_s=0.957632
  T_comm_interval_s=4.38383
  T_balance_total_s=0
  T_rebalance_apply_s=0
  T_compute_accum_s=11.2311
  T_comm_accum_s=26.7161
  T_balance_accum_s=0.305286
  T_rebalance_apply_accum_s=0.0874788
  device_times_s:
    part[0]=0.937595
    part[1]=0.92844
    part[2]=0.939921
    part[3]=0.957632
    part[4]=0.942052
    part[5]=0.852183
    part[6]=0.923122
    part[7]=0.775336
  OLD loads:
    part[0] cum=24.6875% share=24.6875% device_global=0 rank=0 local_index=0 offset=0 count=1975000
    part[1] cum=25.0938% share=0.406249% device_global=1 rank=0 local_index=1 offset=1975000 count=32500
    part[2] cum=49.9062% share=24.8125% device_global=2 rank=1 local_index=-1 offset=2007500 count=1985000
    part[3] cum=50.3125% share=0.40625% device_global=3 rank=1 local_index=-1 offset=3992500 count=32500
    part[4] cum=75.125% share=24.8125% device_global=4 rank=2 local_index=-1 offset=4025000 count=1985000
    part[5] cum=75.4375% share=0.312495% device_global=5 rank=2 local_index=-1 offset=6010000 count=25000
    part[6] cum=99.7812% share=24.3438% device_global=6 rank=3 local_index=-1 offset=6035000 count=1947500
    part[7] cum=100% share=0.218749% device_global=7 rank=3 local_index=-1 offset=7982500 count=17500
    total=100%
  CURRENT loads:
    part[0] cum=24.6875% share=24.6875% device_global=0 rank=0 local_index=0 offset=0 count=1975000
    part[1] cum=25.0938% share=0.406249% device_global=1 rank=0 local_index=1 offset=1975000 count=32500
    part[2] cum=49.9062% share=24.8125% device_global=2 rank=1 local_index=-1 offset=2007500 count=1985000
    part[3] cum=50.3125% share=0.40625% device_global=3 rank=1 local_index=-1 offset=3992500 count=32500
    part[4] cum=75.125% share=24.8125% device_global=4 rank=2 local_index=-1 offset=4025000 count=1985000
    part[5] cum=75.4375% share=0.312495% device_global=5 rank=2 local_index=-1 offset=6010000 count=25000
    part[6] cum=99.7812% share=24.3438% device_global=6 rank=3 local_index=-1 offset=6035000 count=1947500
    part[7] cum=100% share=0.218749% device_global=7 rank=3 local_index=-1 offset=7982500 count=17500
    total=100%
[DCL][balance-metrics] iteration=6100
  policy=scheduled
  action=skip
  reason=static balance already attempted
  T_compute_interval_s=0.942004
  T_comm_interval_s=4.30922
  T_balance_total_s=0
  T_rebalance_apply_s=0
  T_compute_accum_s=12.1732
  T_comm_accum_s=31.0253
  T_balance_accum_s=0.305286
  T_rebalance_apply_accum_s=0.0874788
  device_times_s:
    part[0]=0.937323
    part[1]=0.938513
    part[2]=0.939597
    part[3]=0.934396
    part[4]=0.942004
    part[5]=0.8347
    part[6]=0.922815
    part[7]=0.720857
  OLD loads:
    part[0] cum=24.6875% share=24.6875% device_global=0 rank=0 local_index=0 offset=0 count=1975000
    part[1] cum=25.0938% share=0.406249% device_global=1 rank=0 local_index=1 offset=1975000 count=32500
    part[2] cum=49.9062% share=24.8125% device_global=2 rank=1 local_index=-1 offset=2007500 count=1985000
    part[3] cum=50.3125% share=0.40625% device_global=3 rank=1 local_index=-1 offset=3992500 count=32500
    part[4] cum=75.125% share=24.8125% device_global=4 rank=2 local_index=-1 offset=4025000 count=1985000
    part[5] cum=75.4375% share=0.312495% device_global=5 rank=2 local_index=-1 offset=6010000 count=25000
    part[6] cum=99.7812% share=24.3438% device_global=6 rank=3 local_index=-1 offset=6035000 count=1947500
    part[7] cum=100% share=0.218749% device_global=7 rank=3 local_index=-1 offset=7982500 count=17500
    total=100%
  CURRENT loads:
    part[0] cum=24.6875% share=24.6875% device_global=0 rank=0 local_index=0 offset=0 count=1975000
    part[1] cum=25.0938% share=0.406249% device_global=1 rank=0 local_index=1 offset=1975000 count=32500
    part[2] cum=49.9062% share=24.8125% device_global=2 rank=1 local_index=-1 offset=2007500 count=1985000
    part[3] cum=50.3125% share=0.40625% device_global=3 rank=1 local_index=-1 offset=3992500 count=32500
    part[4] cum=75.125% share=24.8125% device_global=4 rank=2 local_index=-1 offset=4025000 count=1985000
    part[5] cum=75.4375% share=0.312495% device_global=5 rank=2 local_index=-1 offset=6010000 count=25000
    part[6] cum=99.7812% share=24.3438% device_global=6 rank=3 local_index=-1 offset=6035000 count=1947500
    part[7] cum=100% share=0.218749% device_global=7 rank=3 local_index=-1 offset=7982500 count=17500
    total=100%
[DCL][balance-metrics] iteration=7100
  policy=scheduled
  action=skip
  reason=static balance already attempted
  T_compute_interval_s=0.942532
  T_comm_interval_s=4.28976
  T_balance_total_s=0
  T_rebalance_apply_s=0
  T_compute_accum_s=13.1157
  T_comm_accum_s=35.3151
  T_balance_accum_s=0.305286
  T_rebalance_apply_accum_s=0.0874788
  device_times_s:
    part[0]=0.93673
    part[1]=0.931219
    part[2]=0.93942
    part[3]=0.929456
    part[4]=0.942532
    part[5]=0.818579
    part[6]=0.922435
    part[7]=0.681637
  OLD loads:
    part[0] cum=24.6875% share=24.6875% device_global=0 rank=0 local_index=0 offset=0 count=1975000
    part[1] cum=25.0938% share=0.406249% device_global=1 rank=0 local_index=1 offset=1975000 count=32500
    part[2] cum=49.9062% share=24.8125% device_global=2 rank=1 local_index=-1 offset=2007500 count=1985000
    part[3] cum=50.3125% share=0.40625% device_global=3 rank=1 local_index=-1 offset=3992500 count=32500
    part[4] cum=75.125% share=24.8125% device_global=4 rank=2 local_index=-1 offset=4025000 count=1985000
    part[5] cum=75.4375% share=0.312495% device_global=5 rank=2 local_index=-1 offset=6010000 count=25000
    part[6] cum=99.7812% share=24.3438% device_global=6 rank=3 local_index=-1 offset=6035000 count=1947500
    part[7] cum=100% share=0.218749% device_global=7 rank=3 local_index=-1 offset=7982500 count=17500
    total=100%
  CURRENT loads:
    part[0] cum=24.6875% share=24.6875% device_global=0 rank=0 local_index=0 offset=0 count=1975000
    part[1] cum=25.0938% share=0.406249% device_global=1 rank=0 local_index=1 offset=1975000 count=32500
    part[2] cum=49.9062% share=24.8125% device_global=2 rank=1 local_index=-1 offset=2007500 count=1985000
    part[3] cum=50.3125% share=0.40625% device_global=3 rank=1 local_index=-1 offset=3992500 count=32500
    part[4] cum=75.125% share=24.8125% device_global=4 rank=2 local_index=-1 offset=4025000 count=1985000
    part[5] cum=75.4375% share=0.312495% device_global=5 rank=2 local_index=-1 offset=6010000 count=25000
    part[6] cum=99.7812% share=24.3438% device_global=6 rank=3 local_index=-1 offset=6035000 count=1947500
    part[7] cum=100% share=0.218749% device_global=7 rank=3 local_index=-1 offset=7982500 count=17500
    total=100%
[DCL][balance-metrics] iteration=8100
  policy=scheduled
  action=skip
  reason=static balance already attempted
  T_compute_interval_s=0.942191
  T_comm_interval_s=4.34715
  T_balance_total_s=0
  T_rebalance_apply_s=0
  T_compute_accum_s=14.0579
  T_comm_accum_s=39.6623
  T_balance_accum_s=0.305286
  T_rebalance_apply_accum_s=0.0874788
  device_times_s:
    part[0]=0.936861
    part[1]=0.941543
    part[2]=0.940042
    part[3]=0.942191
    part[4]=0.941987
    part[5]=0.786988
    part[6]=0.923047
    part[7]=0.682364
  OLD loads:
    part[0] cum=24.6875% share=24.6875% device_global=0 rank=0 local_index=0 offset=0 count=1975000
    part[1] cum=25.0938% share=0.406249% device_global=1 rank=0 local_index=1 offset=1975000 count=32500
    part[2] cum=49.9062% share=24.8125% device_global=2 rank=1 local_index=-1 offset=2007500 count=1985000
    part[3] cum=50.3125% share=0.40625% device_global=3 rank=1 local_index=-1 offset=3992500 count=32500
    part[4] cum=75.125% share=24.8125% device_global=4 rank=2 local_index=-1 offset=4025000 count=1985000
    part[5] cum=75.4375% share=0.312495% device_global=5 rank=2 local_index=-1 offset=6010000 count=25000
    part[6] cum=99.7812% share=24.3438% device_global=6 rank=3 local_index=-1 offset=6035000 count=1947500
    part[7] cum=100% share=0.218749% device_global=7 rank=3 local_index=-1 offset=7982500 count=17500
    total=100%
  CURRENT loads:
    part[0] cum=24.6875% share=24.6875% device_global=0 rank=0 local_index=0 offset=0 count=1975000
    part[1] cum=25.0938% share=0.406249% device_global=1 rank=0 local_index=1 offset=1975000 count=32500
    part[2] cum=49.9062% share=24.8125% device_global=2 rank=1 local_index=-1 offset=2007500 count=1985000
    part[3] cum=50.3125% share=0.40625% device_global=3 rank=1 local_index=-1 offset=3992500 count=32500
    part[4] cum=75.125% share=24.8125% device_global=4 rank=2 local_index=-1 offset=4025000 count=1985000
    part[5] cum=75.4375% share=0.312495% device_global=5 rank=2 local_index=-1 offset=6010000 count=25000
    part[6] cum=99.7812% share=24.3438% device_global=6 rank=3 local_index=-1 offset=6035000 count=1947500
    part[7] cum=100% share=0.218749% device_global=7 rank=3 local_index=-1 offset=7982500 count=17500
    total=100%
[DCL][balance-metrics] iteration=9100
  policy=scheduled
  action=skip
  reason=static balance already attempted
  T_compute_interval_s=0.94205
  T_comm_interval_s=4.32476
  T_balance_total_s=0
  T_rebalance_apply_s=0
  T_compute_accum_s=14.9999
  T_comm_accum_s=43.987
  T_balance_accum_s=0.305286
  T_rebalance_apply_accum_s=0.0874788
  device_times_s:
    part[0]=0.936605
    part[1]=0.935324
    part[2]=0.939828
    part[3]=0.939368
    part[4]=0.94205
    part[5]=0.784194
    part[6]=0.92295
    part[7]=0.650092
  OLD loads:
    part[0] cum=24.6875% share=24.6875% device_global=0 rank=0 local_index=0 offset=0 count=1975000
    part[1] cum=25.0938% share=0.406249% device_global=1 rank=0 local_index=1 offset=1975000 count=32500
    part[2] cum=49.9062% share=24.8125% device_global=2 rank=1 local_index=-1 offset=2007500 count=1985000
    part[3] cum=50.3125% share=0.40625% device_global=3 rank=1 local_index=-1 offset=3992500 count=32500
    part[4] cum=75.125% share=24.8125% device_global=4 rank=2 local_index=-1 offset=4025000 count=1985000
    part[5] cum=75.4375% share=0.312495% device_global=5 rank=2 local_index=-1 offset=6010000 count=25000
    part[6] cum=99.7812% share=24.3438% device_global=6 rank=3 local_index=-1 offset=6035000 count=1947500
    part[7] cum=100% share=0.218749% device_global=7 rank=3 local_index=-1 offset=7982500 count=17500
    total=100%
  CURRENT loads:
    part[0] cum=24.6875% share=24.6875% device_global=0 rank=0 local_index=0 offset=0 count=1975000
    part[1] cum=25.0938% share=0.406249% device_global=1 rank=0 local_index=1 offset=1975000 count=32500
    part[2] cum=49.9062% share=24.8125% device_global=2 rank=1 local_index=-1 offset=2007500 count=1985000
    part[3] cum=50.3125% share=0.40625% device_global=3 rank=1 local_index=-1 offset=3992500 count=32500
    part[4] cum=75.125% share=24.8125% device_global=4 rank=2 local_index=-1 offset=4025000 count=1985000
    part[5] cum=75.4375% share=0.312495% device_global=5 rank=2 local_index=-1 offset=6010000 count=25000
    part[6] cum=99.7812% share=24.3438% device_global=6 rank=3 local_index=-1 offset=6035000 count=1947500
    part[7] cum=100% share=0.218749% device_global=7 rank=3 local_index=-1 offset=7982500 count=17500
    total=100%

=== PARTICOES FINAIS ===
=== Particoes globais ===
part[0] device_global=0 rank=0 local_index=0 offset=0 count=1975000
part[1] device_global=1 rank=0 local_index=1 offset=1975000 count=32500
part[2] device_global=2 rank=1 local_index=-1 offset=2007500 count=1985000
part[3] device_global=3 rank=1 local_index=-1 offset=3992500 count=32500
part[4] device_global=4 rank=2 local_index=-1 offset=4025000 count=1985000
part[5] device_global=5 rank=2 local_index=-1 offset=6010000 count=25000
part[6] device_global=6 rank=3 local_index=-1 offset=6035000 count=1947500
part[7] device_global=7 rank=3 local_index=-1 offset=7982500 count=17500


============================
ITERACAO 10000
Tempo de execução: 56.0402s
