=== Dispositivos locais do rank 1 ===
global=2 local=0 nome="NVIDIA RTX 2000 Ada Generation" compute_units=22
global=3 local=1 nome="Intel(R) Xeon(R) CPU           E5620  @ 2.40GHz" compute_units=16

=== Dispositivos locais do rank 0 ===
global=0 local=0 nome="NVIDIA RTX 2000 Ada Generation" compute_units=22
global=1 local=1 nome="Intel(R) Xeon(R) CPU           E5620  @ 2.40GHz" compute_units=16

=== Dispositivos locais do rank 3 ===
global=6 local=0 nome="NVIDIA RTX 2000 Ada Generation" compute_units=22
global=7 local=1 nome="Intel(R) Xeon(R) CPU           E5620  @ 2.40GHz" compute_units=16

=== Dispositivos locais do rank 2 ===
global=4 local=0 nome="NVIDIA RTX 2000 Ada Generation" compute_units=22
global=5 local=1 nome="Intel(R) Xeon(R) CPU           E5620  @ 2.40GHz" compute_units=16

=== PARTICOES INICIAIS ===
=== Particoes globais ===
part[0] device_global=0 rank=0 local_index=0 offset=0 count=1000000
part[1] device_global=1 rank=0 local_index=1 offset=1000000 count=1000000
part[2] device_global=2 rank=1 local_index=-1 offset=2000000 count=1000000
part[3] device_global=3 rank=1 local_index=-1 offset=3000000 count=1000000
part[4] device_global=4 rank=2 local_index=-1 offset=4000000 count=1000000
part[5] device_global=5 rank=2 local_index=-1 offset=5000000 count=1000000
part[6] device_global=6 rank=3 local_index=-1 offset=6000000 count=1000000
part[7] device_global=7 rank=3 local_index=-1 offset=7000000 count=1000000

X = 50 Y = 50 Z = 3200 Iterations = 10000
[DCL][balance-metrics] iteration=100
  policy=threshold
  action=rebalance
  reason=accepted by fixed threshold; diff=0.247092, threshold=0.1
  T_compute_interval_s=5.40752
  T_comm_interval_s=5.25003
  T_balance_total_s=0.303101
  T_rebalance_apply_s=0.085401
  T_compute_accum_s=5.40752
  T_comm_accum_s=5.25003
  T_balance_accum_s=0.303101
  T_rebalance_apply_accum_s=0.085401
  device_times_s:
    part[0]=0.0488448
    part[1]=3.01593
    part[2]=0.0482512
    part[3]=3.06005
    part[4]=0.0491033
    part[5]=4.27745
    part[6]=0.049057
    part[7]=5.40752
  OLD loads:
    part[0] cum=12.5% share=12.5% device_global=0 rank=0 local_index=0 offset=0 count=1972500
    part[1] cum=25% share=12.5% device_global=1 rank=0 local_index=1 offset=1972500 count=32500
    part[2] cum=37.5% share=12.5% device_global=2 rank=1 local_index=-1 offset=2005000 count=1997500
    part[3] cum=50% share=12.5% device_global=3 rank=1 local_index=-1 offset=4002500 count=30000
    part[4] cum=62.5% share=12.5% device_global=4 rank=2 local_index=-1 offset=4032500 count=1962500
    part[5] cum=75% share=12.5% device_global=5 rank=2 local_index=-1 offset=5995000 count=22500
    part[6] cum=87.5% share=12.5% device_global=6 rank=3 local_index=-1 offset=6017500 count=1965000
    part[7] cum=100% share=12.5% device_global=7 rank=3 local_index=-1 offset=7982500 count=17500
    total=100%
  PROPOSED loads:
    part[0] cum=24.6562% share=24.6562% device_global=0 rank=0 local_index=0 offset=0 count=1972500
    part[1] cum=25.0625% share=0.406252% device_global=1 rank=0 local_index=1 offset=1972500 count=32500
    part[2] cum=50.0312% share=24.9688% device_global=2 rank=1 local_index=-1 offset=2005000 count=1997500
    part[3] cum=50.4062% share=0.374997% device_global=3 rank=1 local_index=-1 offset=4002500 count=30000
    part[4] cum=74.9375% share=24.5313% device_global=4 rank=2 local_index=-1 offset=4032500 count=1962500
    part[5] cum=75.2188% share=0.28125% device_global=5 rank=2 local_index=-1 offset=5995000 count=22500
    part[6] cum=99.7812% share=24.5625% device_global=6 rank=3 local_index=-1 offset=6017500 count=1965000
    part[7] cum=100% share=0.218749% device_global=7 rank=3 local_index=-1 offset=7982500 count=17500
    total=100%
  CURRENT loads:
    part[0] cum=24.6562% share=24.6562% device_global=0 rank=0 local_index=0 offset=0 count=1972500
    part[1] cum=25.0625% share=0.406252% device_global=1 rank=0 local_index=1 offset=1972500 count=32500
    part[2] cum=50.0312% share=24.9688% device_global=2 rank=1 local_index=-1 offset=2005000 count=1997500
    part[3] cum=50.4062% share=0.374997% device_global=3 rank=1 local_index=-1 offset=4002500 count=30000
    part[4] cum=74.9375% share=24.5313% device_global=4 rank=2 local_index=-1 offset=4032500 count=1962500
    part[5] cum=75.2188% share=0.28125% device_global=5 rank=2 local_index=-1 offset=5995000 count=22500
    part[6] cum=99.7812% share=24.5625% device_global=6 rank=3 local_index=-1 offset=6017500 count=1965000
    part[7] cum=100% share=0.218749% device_global=7 rank=3 local_index=-1 offset=7982500 count=17500
    total=100%
[DCL][balance-metrics] iteration=1100
  policy=scheduled
  action=skip
  reason=static balance already attempted
  T_compute_interval_s=1.43234
  T_comm_interval_s=4.3556
  T_balance_total_s=0
  T_rebalance_apply_s=0
  T_compute_accum_s=6.83985
  T_comm_accum_s=9.60563
  T_balance_accum_s=0.303101
  T_rebalance_apply_accum_s=0.085401
  device_times_s:
    part[0]=0.936719
    part[1]=0.979646
    part[2]=0.946278
    part[3]=1.09025
    part[4]=0.932942
    part[5]=1.43234
    part[6]=0.932156
    part[7]=1.37793
  OLD loads:
    part[0] cum=24.6562% share=24.6562% device_global=0 rank=0 local_index=0 offset=0 count=1972500
    part[1] cum=25.0625% share=0.406252% device_global=1 rank=0 local_index=1 offset=1972500 count=32500
    part[2] cum=50.0312% share=24.9688% device_global=2 rank=1 local_index=-1 offset=2005000 count=1997500
    part[3] cum=50.4062% share=0.374997% device_global=3 rank=1 local_index=-1 offset=4002500 count=30000
    part[4] cum=74.9375% share=24.5313% device_global=4 rank=2 local_index=-1 offset=4032500 count=1962500
    part[5] cum=75.2188% share=0.28125% device_global=5 rank=2 local_index=-1 offset=5995000 count=22500
    part[6] cum=99.7812% share=24.5625% device_global=6 rank=3 local_index=-1 offset=6017500 count=1965000
    part[7] cum=100% share=0.218749% device_global=7 rank=3 local_index=-1 offset=7982500 count=17500
    total=100%
  CURRENT loads:
    part[0] cum=24.6562% share=24.6562% device_global=0 rank=0 local_index=0 offset=0 count=1972500
    part[1] cum=25.0625% share=0.406252% device_global=1 rank=0 local_index=1 offset=1972500 count=32500
    part[2] cum=50.0312% share=24.9688% device_global=2 rank=1 local_index=-1 offset=2005000 count=1997500
    part[3] cum=50.4062% share=0.374997% device_global=3 rank=1 local_index=-1 offset=4002500 count=30000
    part[4] cum=74.9375% share=24.5313% device_global=4 rank=2 local_index=-1 offset=4032500 count=1962500
    part[5] cum=75.2188% share=0.28125% device_global=5 rank=2 local_index=-1 offset=5995000 count=22500
    part[6] cum=99.7812% share=24.5625% device_global=6 rank=3 local_index=-1 offset=6017500 count=1965000
    part[7] cum=100% share=0.218749% device_global=7 rank=3 local_index=-1 offset=7982500 count=17500
    total=100%
[DCL][balance-metrics] iteration=2100
  policy=scheduled
  action=skip
  reason=static balance already attempted
  T_compute_interval_s=1.26217
  T_comm_interval_s=4.38911
  T_balance_total_s=0
  T_rebalance_apply_s=0
  T_compute_accum_s=8.10202
  T_comm_accum_s=13.9947
  T_balance_accum_s=0.303101
  T_rebalance_apply_accum_s=0.085401
  device_times_s:
    part[0]=0.93661
    part[1]=0.953829
    part[2]=0.945483
    part[3]=0.93684
    part[4]=0.93226
    part[5]=1.05896
    part[6]=0.931584
    part[7]=1.26217
  OLD loads:
    part[0] cum=24.6562% share=24.6562% device_global=0 rank=0 local_index=0 offset=0 count=1972500
    part[1] cum=25.0625% share=0.406252% device_global=1 rank=0 local_index=1 offset=1972500 count=32500
    part[2] cum=50.0312% share=24.9688% device_global=2 rank=1 local_index=-1 offset=2005000 count=1997500
    part[3] cum=50.4062% share=0.374997% device_global=3 rank=1 local_index=-1 offset=4002500 count=30000
    part[4] cum=74.9375% share=24.5313% device_global=4 rank=2 local_index=-1 offset=4032500 count=1962500
    part[5] cum=75.2188% share=0.28125% device_global=5 rank=2 local_index=-1 offset=5995000 count=22500
    part[6] cum=99.7812% share=24.5625% device_global=6 rank=3 local_index=-1 offset=6017500 count=1965000
    part[7] cum=100% share=0.218749% device_global=7 rank=3 local_index=-1 offset=7982500 count=17500
    total=100%
  CURRENT loads:
    part[0] cum=24.6562% share=24.6562% device_global=0 rank=0 local_index=0 offset=0 count=1972500
    part[1] cum=25.0625% share=0.406252% device_global=1 rank=0 local_index=1 offset=1972500 count=32500
    part[2] cum=50.0312% share=24.9688% device_global=2 rank=1 local_index=-1 offset=2005000 count=1997500
    part[3] cum=50.4062% share=0.374997% device_global=3 rank=1 local_index=-1 offset=4002500 count=30000
    part[4] cum=74.9375% share=24.5313% device_global=4 rank=2 local_index=-1 offset=4032500 count=1962500
    part[5] cum=75.2188% share=0.28125% device_global=5 rank=2 local_index=-1 offset=5995000 count=22500
    part[6] cum=99.7812% share=24.5625% device_global=6 rank=3 local_index=-1 offset=6017500 count=1965000
    part[7] cum=100% share=0.218749% device_global=7 rank=3 local_index=-1 offset=7982500 count=17500
    total=100%
[DCL][balance-metrics] iteration=3100
  policy=scheduled
  action=skip
  reason=static balance already attempted
  T_compute_interval_s=1.04368
  T_comm_interval_s=4.43027
  T_balance_total_s=0
  T_rebalance_apply_s=0
  T_compute_accum_s=9.14571
  T_comm_accum_s=18.425
  T_balance_accum_s=0.303101
  T_rebalance_apply_accum_s=0.085401
  device_times_s:
    part[0]=0.936072
    part[1]=0.933219
    part[2]=0.945261
    part[3]=0.906939
    part[4]=0.93288
    part[5]=0.878644
    part[6]=0.931271
    part[7]=1.04368
  OLD loads:
    part[0] cum=24.6562% share=24.6562% device_global=0 rank=0 local_index=0 offset=0 count=1972500
    part[1] cum=25.0625% share=0.406252% device_global=1 rank=0 local_index=1 offset=1972500 count=32500
    part[2] cum=50.0312% share=24.9688% device_global=2 rank=1 local_index=-1 offset=2005000 count=1997500
    part[3] cum=50.4062% share=0.374997% device_global=3 rank=1 local_index=-1 offset=4002500 count=30000
    part[4] cum=74.9375% share=24.5313% device_global=4 rank=2 local_index=-1 offset=4032500 count=1962500
    part[5] cum=75.2188% share=0.28125% device_global=5 rank=2 local_index=-1 offset=5995000 count=22500
    part[6] cum=99.7812% share=24.5625% device_global=6 rank=3 local_index=-1 offset=6017500 count=1965000
    part[7] cum=100% share=0.218749% device_global=7 rank=3 local_index=-1 offset=7982500 count=17500
    total=100%
  CURRENT loads:
    part[0] cum=24.6562% share=24.6562% device_global=0 rank=0 local_index=0 offset=0 count=1972500
    part[1] cum=25.0625% share=0.406252% device_global=1 rank=0 local_index=1 offset=1972500 count=32500
    part[2] cum=50.0312% share=24.9688% device_global=2 rank=1 local_index=-1 offset=2005000 count=1997500
    part[3] cum=50.4062% share=0.374997% device_global=3 rank=1 local_index=-1 offset=4002500 count=30000
    part[4] cum=74.9375% share=24.5313% device_global=4 rank=2 local_index=-1 offset=4032500 count=1962500
    part[5] cum=75.2188% share=0.28125% device_global=5 rank=2 local_index=-1 offset=5995000 count=22500
    part[6] cum=99.7812% share=24.5625% device_global=6 rank=3 local_index=-1 offset=6017500 count=1965000
    part[7] cum=100% share=0.218749% device_global=7 rank=3 local_index=-1 offset=7982500 count=17500
    total=100%
[DCL][balance-metrics] iteration=4100
  policy=scheduled
  action=skip
  reason=static balance already attempted
  T_compute_interval_s=0.945514
  T_comm_interval_s=4.44784
  T_balance_total_s=0
  T_rebalance_apply_s=0
  T_compute_accum_s=10.0912
  T_comm_accum_s=22.8728
  T_balance_accum_s=0.303101
  T_rebalance_apply_accum_s=0.085401
  device_times_s:
    part[0]=0.935494
    part[1]=0.930131
    part[2]=0.945514
    part[3]=0.895176
    part[4]=0.932864
    part[5]=0.816021
    part[6]=0.931303
    part[7]=0.851014
  OLD loads:
    part[0] cum=24.6562% share=24.6562% device_global=0 rank=0 local_index=0 offset=0 count=1972500
    part[1] cum=25.0625% share=0.406252% device_global=1 rank=0 local_index=1 offset=1972500 count=32500
    part[2] cum=50.0312% share=24.9688% device_global=2 rank=1 local_index=-1 offset=2005000 count=1997500
    part[3] cum=50.4062% share=0.374997% device_global=3 rank=1 local_index=-1 offset=4002500 count=30000
    part[4] cum=74.9375% share=24.5313% device_global=4 rank=2 local_index=-1 offset=4032500 count=1962500
    part[5] cum=75.2188% share=0.28125% device_global=5 rank=2 local_index=-1 offset=5995000 count=22500
    part[6] cum=99.7812% share=24.5625% device_global=6 rank=3 local_index=-1 offset=6017500 count=1965000
    part[7] cum=100% share=0.218749% device_global=7 rank=3 local_index=-1 offset=7982500 count=17500
    total=100%
  CURRENT loads:
    part[0] cum=24.6562% share=24.6562% device_global=0 rank=0 local_index=0 offset=0 count=1972500
    part[1] cum=25.0625% share=0.406252% device_global=1 rank=0 local_index=1 offset=1972500 count=32500
    part[2] cum=50.0312% share=24.9688% device_global=2 rank=1 local_index=-1 offset=2005000 count=1997500
    part[3] cum=50.4062% share=0.374997% device_global=3 rank=1 local_index=-1 offset=4002500 count=30000
    part[4] cum=74.9375% share=24.5313% device_global=4 rank=2 local_index=-1 offset=4032500 count=1962500
    part[5] cum=75.2188% share=0.28125% device_global=5 rank=2 local_index=-1 offset=5995000 count=22500
    part[6] cum=99.7812% share=24.5625% device_global=6 rank=3 local_index=-1 offset=6017500 count=1965000
    part[7] cum=100% share=0.218749% device_global=7 rank=3 local_index=-1 offset=7982500 count=17500
    total=100%
[DCL][balance-metrics] iteration=5100
  policy=scheduled
  action=skip
  reason=static balance already attempted
  T_compute_interval_s=0.945687
  T_comm_interval_s=4.45792
  T_balance_total_s=0
  T_rebalance_apply_s=0
  T_compute_accum_s=11.0369
  T_comm_accum_s=27.3308
  T_balance_accum_s=0.303101
  T_rebalance_apply_accum_s=0.085401
  device_times_s:
    part[0]=0.935933
    part[1]=0.933108
    part[2]=0.945687
    part[3]=0.891451
    part[4]=0.933914
    part[5]=0.791399
    part[6]=0.931352
    part[7]=0.767894
  OLD loads:
    part[0] cum=24.6562% share=24.6562% device_global=0 rank=0 local_index=0 offset=0 count=1972500
    part[1] cum=25.0625% share=0.406252% device_global=1 rank=0 local_index=1 offset=1972500 count=32500
    part[2] cum=50.0312% share=24.9688% device_global=2 rank=1 local_index=-1 offset=2005000 count=1997500
    part[3] cum=50.4062% share=0.374997% device_global=3 rank=1 local_index=-1 offset=4002500 count=30000
    part[4] cum=74.9375% share=24.5313% device_global=4 rank=2 local_index=-1 offset=4032500 count=1962500
    part[5] cum=75.2188% share=0.28125% device_global=5 rank=2 local_index=-1 offset=5995000 count=22500
    part[6] cum=99.7812% share=24.5625% device_global=6 rank=3 local_index=-1 offset=6017500 count=1965000
    part[7] cum=100% share=0.218749% device_global=7 rank=3 local_index=-1 offset=7982500 count=17500
    total=100%
  CURRENT loads:
    part[0] cum=24.6562% share=24.6562% device_global=0 rank=0 local_index=0 offset=0 count=1972500
    part[1] cum=25.0625% share=0.406252% device_global=1 rank=0 local_index=1 offset=1972500 count=32500
    part[2] cum=50.0312% share=24.9688% device_global=2 rank=1 local_index=-1 offset=2005000 count=1997500
    part[3] cum=50.4062% share=0.374997% device_global=3 rank=1 local_index=-1 offset=4002500 count=30000
    part[4] cum=74.9375% share=24.5313% device_global=4 rank=2 local_index=-1 offset=4032500 count=1962500
    part[5] cum=75.2188% share=0.28125% device_global=5 rank=2 local_index=-1 offset=5995000 count=22500
    part[6] cum=99.7812% share=24.5625% device_global=6 rank=3 local_index=-1 offset=6017500 count=1965000
    part[7] cum=100% share=0.218749% device_global=7 rank=3 local_index=-1 offset=7982500 count=17500
    total=100%
[DCL][balance-metrics] iteration=6100
  policy=scheduled
  action=skip
  reason=static balance already attempted
  T_compute_interval_s=0.945563
  T_comm_interval_s=4.43764
  T_balance_total_s=0
  T_rebalance_apply_s=0
  T_compute_accum_s=11.9825
  T_comm_accum_s=31.7684
  T_balance_accum_s=0.303101
  T_rebalance_apply_accum_s=0.085401
  device_times_s:
    part[0]=0.936117
    part[1]=0.935959
    part[2]=0.945563
    part[3]=0.888035
    part[4]=0.932836
    part[5]=0.760732
    part[6]=0.93185
    part[7]=0.731038
  OLD loads:
    part[0] cum=24.6562% share=24.6562% device_global=0 rank=0 local_index=0 offset=0 count=1972500
    part[1] cum=25.0625% share=0.406252% device_global=1 rank=0 local_index=1 offset=1972500 count=32500
    part[2] cum=50.0312% share=24.9688% device_global=2 rank=1 local_index=-1 offset=2005000 count=1997500
    part[3] cum=50.4062% share=0.374997% device_global=3 rank=1 local_index=-1 offset=4002500 count=30000
    part[4] cum=74.9375% share=24.5313% device_global=4 rank=2 local_index=-1 offset=4032500 count=1962500
    part[5] cum=75.2188% share=0.28125% device_global=5 rank=2 local_index=-1 offset=5995000 count=22500
    part[6] cum=99.7812% share=24.5625% device_global=6 rank=3 local_index=-1 offset=6017500 count=1965000
    part[7] cum=100% share=0.218749% device_global=7 rank=3 local_index=-1 offset=7982500 count=17500
    total=100%
  CURRENT loads:
    part[0] cum=24.6562% share=24.6562% device_global=0 rank=0 local_index=0 offset=0 count=1972500
    part[1] cum=25.0625% share=0.406252% device_global=1 rank=0 local_index=1 offset=1972500 count=32500
    part[2] cum=50.0312% share=24.9688% device_global=2 rank=1 local_index=-1 offset=2005000 count=1997500
    part[3] cum=50.4062% share=0.374997% device_global=3 rank=1 local_index=-1 offset=4002500 count=30000
    part[4] cum=74.9375% share=24.5313% device_global=4 rank=2 local_index=-1 offset=4032500 count=1962500
    part[5] cum=75.2188% share=0.28125% device_global=5 rank=2 local_index=-1 offset=5995000 count=22500
    part[6] cum=99.7812% share=24.5625% device_global=6 rank=3 local_index=-1 offset=6017500 count=1965000
    part[7] cum=100% share=0.218749% device_global=7 rank=3 local_index=-1 offset=7982500 count=17500
    total=100%
[DCL][balance-metrics] iteration=7100
  policy=scheduled
  action=skip
  reason=static balance already attempted
  T_compute_interval_s=0.945745
  T_comm_interval_s=4.43657
  T_balance_total_s=0
  T_rebalance_apply_s=0
  T_compute_accum_s=12.9282
  T_comm_accum_s=36.205
  T_balance_accum_s=0.303101
  T_rebalance_apply_accum_s=0.085401
  device_times_s:
    part[0]=0.935697
    part[1]=0.937634
    part[2]=0.945745
    part[3]=0.876222
    part[4]=0.932651
    part[5]=0.755383
    part[6]=0.931651
    part[7]=0.698097
  OLD loads:
    part[0] cum=24.6562% share=24.6562% device_global=0 rank=0 local_index=0 offset=0 count=1972500
    part[1] cum=25.0625% share=0.406252% device_global=1 rank=0 local_index=1 offset=1972500 count=32500
    part[2] cum=50.0312% share=24.9688% device_global=2 rank=1 local_index=-1 offset=2005000 count=1997500
    part[3] cum=50.4062% share=0.374997% device_global=3 rank=1 local_index=-1 offset=4002500 count=30000
    part[4] cum=74.9375% share=24.5313% device_global=4 rank=2 local_index=-1 offset=4032500 count=1962500
    part[5] cum=75.2188% share=0.28125% device_global=5 rank=2 local_index=-1 offset=5995000 count=22500
    part[6] cum=99.7812% share=24.5625% device_global=6 rank=3 local_index=-1 offset=6017500 count=1965000
    part[7] cum=100% share=0.218749% device_global=7 rank=3 local_index=-1 offset=7982500 count=17500
    total=100%
  CURRENT loads:
    part[0] cum=24.6562% share=24.6562% device_global=0 rank=0 local_index=0 offset=0 count=1972500
    part[1] cum=25.0625% share=0.406252% device_global=1 rank=0 local_index=1 offset=1972500 count=32500
    part[2] cum=50.0312% share=24.9688% device_global=2 rank=1 local_index=-1 offset=2005000 count=1997500
    part[3] cum=50.4062% share=0.374997% device_global=3 rank=1 local_index=-1 offset=4002500 count=30000
    part[4] cum=74.9375% share=24.5313% device_global=4 rank=2 local_index=-1 offset=4032500 count=1962500
    part[5] cum=75.2188% share=0.28125% device_global=5 rank=2 local_index=-1 offset=5995000 count=22500
    part[6] cum=99.7812% share=24.5625% device_global=6 rank=3 local_index=-1 offset=6017500 count=1965000
    part[7] cum=100% share=0.218749% device_global=7 rank=3 local_index=-1 offset=7982500 count=17500
    total=100%
[DCL][balance-metrics] iteration=8100
  policy=scheduled
  action=skip
  reason=static balance already attempted
  T_compute_interval_s=0.94533
  T_comm_interval_s=4.2374
  T_balance_total_s=0
  T_rebalance_apply_s=0
  T_compute_accum_s=13.8735
  T_comm_accum_s=40.4424
  T_balance_accum_s=0.303101
  T_rebalance_apply_accum_s=0.085401
  device_times_s:
    part[0]=0.935647
    part[1]=0.9439
    part[2]=0.94533
    part[3]=0.874936
    part[4]=0.932621
    part[5]=0.72739
    part[6]=0.931257
    part[7]=0.662028
  OLD loads:
    part[0] cum=24.6562% share=24.6562% device_global=0 rank=0 local_index=0 offset=0 count=1972500
    part[1] cum=25.0625% share=0.406252% device_global=1 rank=0 local_index=1 offset=1972500 count=32500
    part[2] cum=50.0312% share=24.9688% device_global=2 rank=1 local_index=-1 offset=2005000 count=1997500
    part[3] cum=50.4062% share=0.374997% device_global=3 rank=1 local_index=-1 offset=4002500 count=30000
    part[4] cum=74.9375% share=24.5313% device_global=4 rank=2 local_index=-1 offset=4032500 count=1962500
    part[5] cum=75.2188% share=0.28125% device_global=5 rank=2 local_index=-1 offset=5995000 count=22500
    part[6] cum=99.7812% share=24.5625% device_global=6 rank=3 local_index=-1 offset=6017500 count=1965000
    part[7] cum=100% share=0.218749% device_global=7 rank=3 local_index=-1 offset=7982500 count=17500
    total=100%
  CURRENT loads:
    part[0] cum=24.6562% share=24.6562% device_global=0 rank=0 local_index=0 offset=0 count=1972500
    part[1] cum=25.0625% share=0.406252% device_global=1 rank=0 local_index=1 offset=1972500 count=32500
    part[2] cum=50.0312% share=24.9688% device_global=2 rank=1 local_index=-1 offset=2005000 count=1997500
    part[3] cum=50.4062% share=0.374997% device_global=3 rank=1 local_index=-1 offset=4002500 count=30000
    part[4] cum=74.9375% share=24.5313% device_global=4 rank=2 local_index=-1 offset=4032500 count=1962500
    part[5] cum=75.2188% share=0.28125% device_global=5 rank=2 local_index=-1 offset=5995000 count=22500
    part[6] cum=99.7812% share=24.5625% device_global=6 rank=3 local_index=-1 offset=6017500 count=1965000
    part[7] cum=100% share=0.218749% device_global=7 rank=3 local_index=-1 offset=7982500 count=17500
    total=100%
[DCL][balance-metrics] iteration=9100
  policy=scheduled
  action=skip
  reason=static balance already attempted
  T_compute_interval_s=0.945584
  T_comm_interval_s=4.17508
  T_balance_total_s=0
  T_rebalance_apply_s=0
  T_compute_accum_s=14.8191
  T_comm_accum_s=44.6174
  T_balance_accum_s=0.303101
  T_rebalance_apply_accum_s=0.085401
  device_times_s:
    part[0]=0.935957
    part[1]=0.936076
    part[2]=0.945584
    part[3]=0.876705
    part[4]=0.93265
    part[5]=0.716882
    part[6]=0.931091
    part[7]=0.645397
  OLD loads:
    part[0] cum=24.6562% share=24.6562% device_global=0 rank=0 local_index=0 offset=0 count=1972500
    part[1] cum=25.0625% share=0.406252% device_global=1 rank=0 local_index=1 offset=1972500 count=32500
    part[2] cum=50.0312% share=24.9688% device_global=2 rank=1 local_index=-1 offset=2005000 count=1997500
    part[3] cum=50.4062% share=0.374997% device_global=3 rank=1 local_index=-1 offset=4002500 count=30000
    part[4] cum=74.9375% share=24.5313% device_global=4 rank=2 local_index=-1 offset=4032500 count=1962500
    part[5] cum=75.2188% share=0.28125% device_global=5 rank=2 local_index=-1 offset=5995000 count=22500
    part[6] cum=99.7812% share=24.5625% device_global=6 rank=3 local_index=-1 offset=6017500 count=1965000
    part[7] cum=100% share=0.218749% device_global=7 rank=3 local_index=-1 offset=7982500 count=17500
    total=100%
  CURRENT loads:
    part[0] cum=24.6562% share=24.6562% device_global=0 rank=0 local_index=0 offset=0 count=1972500
    part[1] cum=25.0625% share=0.406252% device_global=1 rank=0 local_index=1 offset=1972500 count=32500
    part[2] cum=50.0312% share=24.9688% device_global=2 rank=1 local_index=-1 offset=2005000 count=1997500
    part[3] cum=50.4062% share=0.374997% device_global=3 rank=1 local_index=-1 offset=4002500 count=30000
    part[4] cum=74.9375% share=24.5313% device_global=4 rank=2 local_index=-1 offset=4032500 count=1962500
    part[5] cum=75.2188% share=0.28125% device_global=5 rank=2 local_index=-1 offset=5995000 count=22500
    part[6] cum=99.7812% share=24.5625% device_global=6 rank=3 local_index=-1 offset=6017500 count=1965000
    part[7] cum=100% share=0.218749% device_global=7 rank=3 local_index=-1 offset=7982500 count=17500
    total=100%

=== PARTICOES FINAIS ===
=== Particoes globais ===
part[0] device_global=0 rank=0 local_index=0 offset=0 count=1972500
part[1] device_global=1 rank=0 local_index=1 offset=1972500 count=32500
part[2] device_global=2 rank=1 local_index=-1 offset=2005000 count=1997500
part[3] device_global=3 rank=1 local_index=-1 offset=4002500 count=30000
part[4] device_global=4 rank=2 local_index=-1 offset=4032500 count=1962500
part[5] device_global=5 rank=2 local_index=-1 offset=5995000 count=22500
part[6] device_global=6 rank=3 local_index=-1 offset=6017500 count=1965000
part[7] device_global=7 rank=3 local_index=-1 offset=7982500 count=17500


============================
ITERACAO 10000
Tempo de execução: 56.6026s
