=== Dispositivos locais do rank 1 ===
global=2 local=0 nome="NVIDIA RTX 2000 Ada Generation" compute_units=22
global=3 local=1 nome="Intel(R) Xeon(R) CPU           E5620  @ 2.40GHz" compute_units=16

=== Dispositivos locais do rank 3 ===
global=6 local=0 nome="NVIDIA RTX 2000 Ada Generation" compute_units=22
global=7 local=1 nome="Intel(R) Xeon(R) CPU           E5620  @ 2.40GHz" compute_units=16

=== Dispositivos locais do rank 0 ===
global=0 local=0 nome="NVIDIA RTX 2000 Ada Generation" compute_units=22
global=1 local=1 nome="Intel(R) Xeon(R) CPU           E5620  @ 2.40GHz" compute_units=16

=== Dispositivos locais do rank 2 ===
global=4 local=0 nome="NVIDIA RTX 2000 Ada Generation" compute_units=22
global=5 local=1 nome="Intel(R) Xeon(R) CPU           E5620  @ 2.40GHz" compute_units=16

=== PARTICOES INICIAIS ===
=== Particoes globais ===
part[0] device_global=0 rank=0 local_index=0 offset=0 count=1000000
part[1] device_global=1 rank=0 local_index=1 offset=1000000 count=1000000
part[2] device_global=2 rank=1 local_index=-1 offset=2000000 count=1000000
part[3] device_global=3 rank=1 local_index=-1 offset=3000000 count=1000000
part[4] device_global=4 rank=2 local_index=-1 offset=4000000 count=1000000
part[5] device_global=5 rank=2 local_index=-1 offset=5000000 count=1000000
part[6] device_global=6 rank=3 local_index=-1 offset=6000000 count=1000000
part[7] device_global=7 rank=3 local_index=-1 offset=7000000 count=1000000

X = 50 Y = 50 Z = 3200 Iterations = 10000
[DCL][balance-metrics] iteration=100
  policy=threshold
  action=rebalance
  reason=accepted by fixed threshold; diff=0.24679, threshold=0.01
  T_compute_interval_s=5.40307
  T_comm_interval_s=5.40992
  T_balance_total_s=0.301977
  T_rebalance_apply_s=0.0843794
  T_compute_accum_s=5.40307
  T_comm_accum_s=5.40992
  T_balance_accum_s=0.301977
  T_rebalance_apply_accum_s=0.0843794
  device_times_s:
    part[0]=0.0489781
    part[1]=3.0217
    part[2]=0.0481094
    part[3]=3.05469
    part[4]=0.0491546
    part[5]=4.27184
    part[6]=0.0490914
    part[7]=5.40307
  OLD loads:
    part[0] cum=12.5% share=12.5% device_global=0 rank=0 local_index=0 offset=0 count=1967500
    part[1] cum=25% share=12.5% device_global=1 rank=0 local_index=1 offset=1967500 count=32500
    part[2] cum=37.5% share=12.5% device_global=2 rank=1 local_index=-1 offset=2000000 count=2002500
    part[3] cum=50% share=12.5% device_global=3 rank=1 local_index=-1 offset=4002500 count=32500
    part[4] cum=62.5% share=12.5% device_global=4 rank=2 local_index=-1 offset=4035000 count=1960000
    part[5] cum=75% share=12.5% device_global=5 rank=2 local_index=-1 offset=5995000 count=22500
    part[6] cum=87.5% share=12.5% device_global=6 rank=3 local_index=-1 offset=6017500 count=1965000
    part[7] cum=100% share=12.5% device_global=7 rank=3 local_index=-1 offset=7982500 count=17500
    total=100%
  PROPOSED loads:
    part[0] cum=24.5938% share=24.5938% device_global=0 rank=0 local_index=0 offset=0 count=1967500
    part[1] cum=25% share=0.40625% device_global=1 rank=0 local_index=1 offset=1967500 count=32500
    part[2] cum=50.0312% share=25.0312% device_global=2 rank=1 local_index=-1 offset=2000000 count=2002500
    part[3] cum=50.4375% share=0.406247% device_global=3 rank=1 local_index=-1 offset=4002500 count=32500
    part[4] cum=74.9375% share=24.5% device_global=4 rank=2 local_index=-1 offset=4035000 count=1960000
    part[5] cum=75.2188% share=0.28125% device_global=5 rank=2 local_index=-1 offset=5995000 count=22500
    part[6] cum=99.7812% share=24.5625% device_global=6 rank=3 local_index=-1 offset=6017500 count=1965000
    part[7] cum=100% share=0.218749% device_global=7 rank=3 local_index=-1 offset=7982500 count=17500
    total=100%
  CURRENT loads:
    part[0] cum=24.5938% share=24.5938% device_global=0 rank=0 local_index=0 offset=0 count=1967500
    part[1] cum=25% share=0.40625% device_global=1 rank=0 local_index=1 offset=1967500 count=32500
    part[2] cum=50.0312% share=25.0312% device_global=2 rank=1 local_index=-1 offset=2000000 count=2002500
    part[3] cum=50.4375% share=0.406247% device_global=3 rank=1 local_index=-1 offset=4002500 count=32500
    part[4] cum=74.9375% share=24.5% device_global=4 rank=2 local_index=-1 offset=4035000 count=1960000
    part[5] cum=75.2188% share=0.28125% device_global=5 rank=2 local_index=-1 offset=5995000 count=22500
    part[6] cum=99.7812% share=24.5625% device_global=6 rank=3 local_index=-1 offset=6017500 count=1965000
    part[7] cum=100% share=0.218749% device_global=7 rank=3 local_index=-1 offset=7982500 count=17500
    total=100%
[DCL][balance-metrics] iteration=1100
  policy=scheduled
  action=skip
  reason=static balance already attempted
  T_compute_interval_s=1.43708
  T_comm_interval_s=4.28091
  T_balance_total_s=0
  T_rebalance_apply_s=0
  T_compute_accum_s=6.84014
  T_comm_accum_s=9.69083
  T_balance_accum_s=0.301977
  T_rebalance_apply_accum_s=0.0843794
  device_times_s:
    part[0]=0.935102
    part[1]=0.978384
    part[2]=0.948579
    part[3]=1.14394
    part[4]=0.931263
    part[5]=1.43708
    part[6]=0.93172
    part[7]=1.37241
  OLD loads:
    part[0] cum=24.5938% share=24.5938% device_global=0 rank=0 local_index=0 offset=0 count=1967500
    part[1] cum=25% share=0.40625% device_global=1 rank=0 local_index=1 offset=1967500 count=32500
    part[2] cum=50.0312% share=25.0312% device_global=2 rank=1 local_index=-1 offset=2000000 count=2002500
    part[3] cum=50.4375% share=0.406247% device_global=3 rank=1 local_index=-1 offset=4002500 count=32500
    part[4] cum=74.9375% share=24.5% device_global=4 rank=2 local_index=-1 offset=4035000 count=1960000
    part[5] cum=75.2188% share=0.28125% device_global=5 rank=2 local_index=-1 offset=5995000 count=22500
    part[6] cum=99.7812% share=24.5625% device_global=6 rank=3 local_index=-1 offset=6017500 count=1965000
    part[7] cum=100% share=0.218749% device_global=7 rank=3 local_index=-1 offset=7982500 count=17500
    total=100%
  CURRENT loads:
    part[0] cum=24.5938% share=24.5938% device_global=0 rank=0 local_index=0 offset=0 count=1967500
    part[1] cum=25% share=0.40625% device_global=1 rank=0 local_index=1 offset=1967500 count=32500
    part[2] cum=50.0312% share=25.0312% device_global=2 rank=1 local_index=-1 offset=2000000 count=2002500
    part[3] cum=50.4375% share=0.406247% device_global=3 rank=1 local_index=-1 offset=4002500 count=32500
    part[4] cum=74.9375% share=24.5% device_global=4 rank=2 local_index=-1 offset=4035000 count=1960000
    part[5] cum=75.2188% share=0.28125% device_global=5 rank=2 local_index=-1 offset=5995000 count=22500
    part[6] cum=99.7812% share=24.5625% device_global=6 rank=3 local_index=-1 offset=6017500 count=1965000
    part[7] cum=100% share=0.218749% device_global=7 rank=3 local_index=-1 offset=7982500 count=17500
    total=100%
[DCL][balance-metrics] iteration=2100
  policy=scheduled
  action=skip
  reason=static balance already attempted
  T_compute_interval_s=1.26179
  T_comm_interval_s=4.32595
  T_balance_total_s=0
  T_rebalance_apply_s=0
  T_compute_accum_s=8.10193
  T_comm_accum_s=14.0168
  T_balance_accum_s=0.301977
  T_rebalance_apply_accum_s=0.0843794
  device_times_s:
    part[0]=0.93507
    part[1]=0.953224
    part[2]=0.948648
    part[3]=1.0018
    part[4]=0.931504
    part[5]=1.07161
    part[6]=0.931528
    part[7]=1.26179
  OLD loads:
    part[0] cum=24.5938% share=24.5938% device_global=0 rank=0 local_index=0 offset=0 count=1967500
    part[1] cum=25% share=0.40625% device_global=1 rank=0 local_index=1 offset=1967500 count=32500
    part[2] cum=50.0312% share=25.0312% device_global=2 rank=1 local_index=-1 offset=2000000 count=2002500
    part[3] cum=50.4375% share=0.406247% device_global=3 rank=1 local_index=-1 offset=4002500 count=32500
    part[4] cum=74.9375% share=24.5% device_global=4 rank=2 local_index=-1 offset=4035000 count=1960000
    part[5] cum=75.2188% share=0.28125% device_global=5 rank=2 local_index=-1 offset=5995000 count=22500
    part[6] cum=99.7812% share=24.5625% device_global=6 rank=3 local_index=-1 offset=6017500 count=1965000
    part[7] cum=100% share=0.218749% device_global=7 rank=3 local_index=-1 offset=7982500 count=17500
    total=100%
  CURRENT loads:
    part[0] cum=24.5938% share=24.5938% device_global=0 rank=0 local_index=0 offset=0 count=1967500
    part[1] cum=25% share=0.40625% device_global=1 rank=0 local_index=1 offset=1967500 count=32500
    part[2] cum=50.0312% share=25.0312% device_global=2 rank=1 local_index=-1 offset=2000000 count=2002500
    part[3] cum=50.4375% share=0.406247% device_global=3 rank=1 local_index=-1 offset=4002500 count=32500
    part[4] cum=74.9375% share=24.5% device_global=4 rank=2 local_index=-1 offset=4035000 count=1960000
    part[5] cum=75.2188% share=0.28125% device_global=5 rank=2 local_index=-1 offset=5995000 count=22500
    part[6] cum=99.7812% share=24.5625% device_global=6 rank=3 local_index=-1 offset=6017500 count=1965000
    part[7] cum=100% share=0.218749% device_global=7 rank=3 local_index=-1 offset=7982500 count=17500
    total=100%
[DCL][balance-metrics] iteration=3100
  policy=scheduled
  action=skip
  reason=static balance already attempted
  T_compute_interval_s=1.05176
  T_comm_interval_s=4.33146
  T_balance_total_s=0
  T_rebalance_apply_s=0
  T_compute_accum_s=9.15369
  T_comm_accum_s=18.3482
  T_balance_accum_s=0.301977
  T_rebalance_apply_accum_s=0.0843794
  device_times_s:
    part[0]=0.934372
    part[1]=0.930394
    part[2]=0.948025
    part[3]=0.962981
    part[4]=0.93146
    part[5]=0.898721
    part[6]=0.931434
    part[7]=1.05176
  OLD loads:
    part[0] cum=24.5938% share=24.5938% device_global=0 rank=0 local_index=0 offset=0 count=1967500
    part[1] cum=25% share=0.40625% device_global=1 rank=0 local_index=1 offset=1967500 count=32500
    part[2] cum=50.0312% share=25.0312% device_global=2 rank=1 local_index=-1 offset=2000000 count=2002500
    part[3] cum=50.4375% share=0.406247% device_global=3 rank=1 local_index=-1 offset=4002500 count=32500
    part[4] cum=74.9375% share=24.5% device_global=4 rank=2 local_index=-1 offset=4035000 count=1960000
    part[5] cum=75.2188% share=0.28125% device_global=5 rank=2 local_index=-1 offset=5995000 count=22500
    part[6] cum=99.7812% share=24.5625% device_global=6 rank=3 local_index=-1 offset=6017500 count=1965000
    part[7] cum=100% share=0.218749% device_global=7 rank=3 local_index=-1 offset=7982500 count=17500
    total=100%
  CURRENT loads:
    part[0] cum=24.5938% share=24.5938% device_global=0 rank=0 local_index=0 offset=0 count=1967500
    part[1] cum=25% share=0.40625% device_global=1 rank=0 local_index=1 offset=1967500 count=32500
    part[2] cum=50.0312% share=25.0312% device_global=2 rank=1 local_index=-1 offset=2000000 count=2002500
    part[3] cum=50.4375% share=0.406247% device_global=3 rank=1 local_index=-1 offset=4002500 count=32500
    part[4] cum=74.9375% share=24.5% device_global=4 rank=2 local_index=-1 offset=4035000 count=1960000
    part[5] cum=75.2188% share=0.28125% device_global=5 rank=2 local_index=-1 offset=5995000 count=22500
    part[6] cum=99.7812% share=24.5625% device_global=6 rank=3 local_index=-1 offset=6017500 count=1965000
    part[7] cum=100% share=0.218749% device_global=7 rank=3 local_index=-1 offset=7982500 count=17500
    total=100%
[DCL][balance-metrics] iteration=4100
  policy=scheduled
  action=skip
  reason=static balance already attempted
  T_compute_interval_s=0.948043
  T_comm_interval_s=4.32252
  T_balance_total_s=0
  T_rebalance_apply_s=0
  T_compute_accum_s=10.1017
  T_comm_accum_s=22.6708
  T_balance_accum_s=0.301977
  T_rebalance_apply_accum_s=0.0843794
  device_times_s:
    part[0]=0.934439
    part[1]=0.938346
    part[2]=0.948043
    part[3]=0.945286
    part[4]=0.931052
    part[5]=0.823839
    part[6]=0.931026
    part[7]=0.8457
  OLD loads:
    part[0] cum=24.5938% share=24.5938% device_global=0 rank=0 local_index=0 offset=0 count=1967500
    part[1] cum=25% share=0.40625% device_global=1 rank=0 local_index=1 offset=1967500 count=32500
    part[2] cum=50.0312% share=25.0312% device_global=2 rank=1 local_index=-1 offset=2000000 count=2002500
    part[3] cum=50.4375% share=0.406247% device_global=3 rank=1 local_index=-1 offset=4002500 count=32500
    part[4] cum=74.9375% share=24.5% device_global=4 rank=2 local_index=-1 offset=4035000 count=1960000
    part[5] cum=75.2188% share=0.28125% device_global=5 rank=2 local_index=-1 offset=5995000 count=22500
    part[6] cum=99.7812% share=24.5625% device_global=6 rank=3 local_index=-1 offset=6017500 count=1965000
    part[7] cum=100% share=0.218749% device_global=7 rank=3 local_index=-1 offset=7982500 count=17500
    total=100%
  CURRENT loads:
    part[0] cum=24.5938% share=24.5938% device_global=0 rank=0 local_index=0 offset=0 count=1967500
    part[1] cum=25% share=0.40625% device_global=1 rank=0 local_index=1 offset=1967500 count=32500
    part[2] cum=50.0312% share=25.0312% device_global=2 rank=1 local_index=-1 offset=2000000 count=2002500
    part[3] cum=50.4375% share=0.406247% device_global=3 rank=1 local_index=-1 offset=4002500 count=32500
    part[4] cum=74.9375% share=24.5% device_global=4 rank=2 local_index=-1 offset=4035000 count=1960000
    part[5] cum=75.2188% share=0.28125% device_global=5 rank=2 local_index=-1 offset=5995000 count=22500
    part[6] cum=99.7812% share=24.5625% device_global=6 rank=3 local_index=-1 offset=6017500 count=1965000
    part[7] cum=100% share=0.218749% device_global=7 rank=3 local_index=-1 offset=7982500 count=17500
    total=100%
[DCL][balance-metrics] iteration=5100
  policy=scheduled
  action=skip
  reason=static balance already attempted
  T_compute_interval_s=0.948194
  T_comm_interval_s=4.32406
  T_balance_total_s=0
  T_rebalance_apply_s=0
  T_compute_accum_s=11.0499
  T_comm_accum_s=26.9948
  T_balance_accum_s=0.301977
  T_rebalance_apply_accum_s=0.0843794
  device_times_s:
    part[0]=0.934115
    part[1]=0.936901
    part[2]=0.948194
    part[3]=0.935712
    part[4]=0.931116
    part[5]=0.783751
    part[6]=0.931514
    part[7]=0.769775
  OLD loads:
    part[0] cum=24.5938% share=24.5938% device_global=0 rank=0 local_index=0 offset=0 count=1967500
    part[1] cum=25% share=0.40625% device_global=1 rank=0 local_index=1 offset=1967500 count=32500
    part[2] cum=50.0312% share=25.0312% device_global=2 rank=1 local_index=-1 offset=2000000 count=2002500
    part[3] cum=50.4375% share=0.406247% device_global=3 rank=1 local_index=-1 offset=4002500 count=32500
    part[4] cum=74.9375% share=24.5% device_global=4 rank=2 local_index=-1 offset=4035000 count=1960000
    part[5] cum=75.2188% share=0.28125% device_global=5 rank=2 local_index=-1 offset=5995000 count=22500
    part[6] cum=99.7812% share=24.5625% device_global=6 rank=3 local_index=-1 offset=6017500 count=1965000
    part[7] cum=100% share=0.218749% device_global=7 rank=3 local_index=-1 offset=7982500 count=17500
    total=100%
  CURRENT loads:
    part[0] cum=24.5938% share=24.5938% device_global=0 rank=0 local_index=0 offset=0 count=1967500
    part[1] cum=25% share=0.40625% device_global=1 rank=0 local_index=1 offset=1967500 count=32500
    part[2] cum=50.0312% share=25.0312% device_global=2 rank=1 local_index=-1 offset=2000000 count=2002500
    part[3] cum=50.4375% share=0.406247% device_global=3 rank=1 local_index=-1 offset=4002500 count=32500
    part[4] cum=74.9375% share=24.5% device_global=4 rank=2 local_index=-1 offset=4035000 count=1960000
    part[5] cum=75.2188% share=0.28125% device_global=5 rank=2 local_index=-1 offset=5995000 count=22500
    part[6] cum=99.7812% share=24.5625% device_global=6 rank=3 local_index=-1 offset=6017500 count=1965000
    part[7] cum=100% share=0.218749% device_global=7 rank=3 local_index=-1 offset=7982500 count=17500
    total=100%
[DCL][balance-metrics] iteration=6100
  policy=scheduled
  action=skip
  reason=static balance already attempted
  T_compute_interval_s=0.948399
  T_comm_interval_s=4.33527
  T_balance_total_s=0
  T_rebalance_apply_s=0
  T_compute_accum_s=11.9983
  T_comm_accum_s=31.3301
  T_balance_accum_s=0.301977
  T_rebalance_apply_accum_s=0.0843794
  device_times_s:
    part[0]=0.934811
    part[1]=0.939222
    part[2]=0.948399
    part[3]=0.93805
    part[4]=0.931223
    part[5]=0.764897
    part[6]=0.931178
    part[7]=0.720717
  OLD loads:
    part[0] cum=24.5938% share=24.5938% device_global=0 rank=0 local_index=0 offset=0 count=1967500
    part[1] cum=25% share=0.40625% device_global=1 rank=0 local_index=1 offset=1967500 count=32500
    part[2] cum=50.0312% share=25.0312% device_global=2 rank=1 local_index=-1 offset=2000000 count=2002500
    part[3] cum=50.4375% share=0.406247% device_global=3 rank=1 local_index=-1 offset=4002500 count=32500
    part[4] cum=74.9375% share=24.5% device_global=4 rank=2 local_index=-1 offset=4035000 count=1960000
    part[5] cum=75.2188% share=0.28125% device_global=5 rank=2 local_index=-1 offset=5995000 count=22500
    part[6] cum=99.7812% share=24.5625% device_global=6 rank=3 local_index=-1 offset=6017500 count=1965000
    part[7] cum=100% share=0.218749% device_global=7 rank=3 local_index=-1 offset=7982500 count=17500
    total=100%
  CURRENT loads:
    part[0] cum=24.5938% share=24.5938% device_global=0 rank=0 local_index=0 offset=0 count=1967500
    part[1] cum=25% share=0.40625% device_global=1 rank=0 local_index=1 offset=1967500 count=32500
    part[2] cum=50.0312% share=25.0312% device_global=2 rank=1 local_index=-1 offset=2000000 count=2002500
    part[3] cum=50.4375% share=0.406247% device_global=3 rank=1 local_index=-1 offset=4002500 count=32500
    part[4] cum=74.9375% share=24.5% device_global=4 rank=2 local_index=-1 offset=4035000 count=1960000
    part[5] cum=75.2188% share=0.28125% device_global=5 rank=2 local_index=-1 offset=5995000 count=22500
    part[6] cum=99.7812% share=24.5625% device_global=6 rank=3 local_index=-1 offset=6017500 count=1965000
    part[7] cum=100% share=0.218749% device_global=7 rank=3 local_index=-1 offset=7982500 count=17500
    total=100%
[DCL][balance-metrics] iteration=7100
  policy=scheduled
  action=skip
  reason=static balance already attempted
  T_compute_interval_s=0.947909
  T_comm_interval_s=4.33651
  T_balance_total_s=0
  T_rebalance_apply_s=0
  T_compute_accum_s=12.9462
  T_comm_accum_s=35.6666
  T_balance_accum_s=0.301977
  T_rebalance_apply_accum_s=0.0843794
  device_times_s:
    part[0]=0.934058
    part[1]=0.929898
    part[2]=0.947909
    part[3]=0.928162
    part[4]=0.931533
    part[5]=0.761928
    part[6]=0.93172
    part[7]=0.693739
  OLD loads:
    part[0] cum=24.5938% share=24.5938% device_global=0 rank=0 local_index=0 offset=0 count=1967500
    part[1] cum=25% share=0.40625% device_global=1 rank=0 local_index=1 offset=1967500 count=32500
    part[2] cum=50.0312% share=25.0312% device_global=2 rank=1 local_index=-1 offset=2000000 count=2002500
    part[3] cum=50.4375% share=0.406247% device_global=3 rank=1 local_index=-1 offset=4002500 count=32500
    part[4] cum=74.9375% share=24.5% device_global=4 rank=2 local_index=-1 offset=4035000 count=1960000
    part[5] cum=75.2188% share=0.28125% device_global=5 rank=2 local_index=-1 offset=5995000 count=22500
    part[6] cum=99.7812% share=24.5625% device_global=6 rank=3 local_index=-1 offset=6017500 count=1965000
    part[7] cum=100% share=0.218749% device_global=7 rank=3 local_index=-1 offset=7982500 count=17500
    total=100%
  CURRENT loads:
    part[0] cum=24.5938% share=24.5938% device_global=0 rank=0 local_index=0 offset=0 count=1967500
    part[1] cum=25% share=0.40625% device_global=1 rank=0 local_index=1 offset=1967500 count=32500
    part[2] cum=50.0312% share=25.0312% device_global=2 rank=1 local_index=-1 offset=2000000 count=2002500
    part[3] cum=50.4375% share=0.406247% device_global=3 rank=1 local_index=-1 offset=4002500 count=32500
    part[4] cum=74.9375% share=24.5% device_global=4 rank=2 local_index=-1 offset=4035000 count=1960000
    part[5] cum=75.2188% share=0.28125% device_global=5 rank=2 local_index=-1 offset=5995000 count=22500
    part[6] cum=99.7812% share=24.5625% device_global=6 rank=3 local_index=-1 offset=6017500 count=1965000
    part[7] cum=100% share=0.218749% device_global=7 rank=3 local_index=-1 offset=7982500 count=17500
    total=100%
[DCL][balance-metrics] iteration=8100
  policy=scheduled
  action=skip
  reason=static balance already attempted
  T_compute_interval_s=0.94796
  T_comm_interval_s=4.31027
  T_balance_total_s=0
  T_rebalance_apply_s=0
  T_compute_accum_s=13.8942
  T_comm_accum_s=39.9769
  T_balance_accum_s=0.301977
  T_rebalance_apply_accum_s=0.0843794
  device_times_s:
    part[0]=0.934295
    part[1]=0.930004
    part[2]=0.94796
    part[3]=0.923442
    part[4]=0.931405
    part[5]=0.727941
    part[6]=0.931553
    part[7]=0.668808
  OLD loads:
    part[0] cum=24.5938% share=24.5938% device_global=0 rank=0 local_index=0 offset=0 count=1967500
    part[1] cum=25% share=0.40625% device_global=1 rank=0 local_index=1 offset=1967500 count=32500
    part[2] cum=50.0312% share=25.0312% device_global=2 rank=1 local_index=-1 offset=2000000 count=2002500
    part[3] cum=50.4375% share=0.406247% device_global=3 rank=1 local_index=-1 offset=4002500 count=32500
    part[4] cum=74.9375% share=24.5% device_global=4 rank=2 local_index=-1 offset=4035000 count=1960000
    part[5] cum=75.2188% share=0.28125% device_global=5 rank=2 local_index=-1 offset=5995000 count=22500
    part[6] cum=99.7812% share=24.5625% device_global=6 rank=3 local_index=-1 offset=6017500 count=1965000
    part[7] cum=100% share=0.218749% device_global=7 rank=3 local_index=-1 offset=7982500 count=17500
    total=100%
  CURRENT loads:
    part[0] cum=24.5938% share=24.5938% device_global=0 rank=0 local_index=0 offset=0 count=1967500
    part[1] cum=25% share=0.40625% device_global=1 rank=0 local_index=1 offset=1967500 count=32500
    part[2] cum=50.0312% share=25.0312% device_global=2 rank=1 local_index=-1 offset=2000000 count=2002500
    part[3] cum=50.4375% share=0.406247% device_global=3 rank=1 local_index=-1 offset=4002500 count=32500
    part[4] cum=74.9375% share=24.5% device_global=4 rank=2 local_index=-1 offset=4035000 count=1960000
    part[5] cum=75.2188% share=0.28125% device_global=5 rank=2 local_index=-1 offset=5995000 count=22500
    part[6] cum=99.7812% share=24.5625% device_global=6 rank=3 local_index=-1 offset=6017500 count=1965000
    part[7] cum=100% share=0.218749% device_global=7 rank=3 local_index=-1 offset=7982500 count=17500
    total=100%
[DCL][balance-metrics] iteration=9100
  policy=scheduled
  action=skip
  reason=static balance already attempted
  T_compute_interval_s=0.947651
  T_comm_interval_s=4.31837
  T_balance_total_s=0
  T_rebalance_apply_s=0
  T_compute_accum_s=14.8419
  T_comm_accum_s=44.2952
  T_balance_accum_s=0.301977
  T_rebalance_apply_accum_s=0.0843794
  device_times_s:
    part[0]=0.933906
    part[1]=0.934041
    part[2]=0.947651
    part[3]=0.923274
    part[4]=0.930955
    part[5]=0.716525
    part[6]=0.931476
    part[7]=0.650199
  OLD loads:
    part[0] cum=24.5938% share=24.5938% device_global=0 rank=0 local_index=0 offset=0 count=1967500
    part[1] cum=25% share=0.40625% device_global=1 rank=0 local_index=1 offset=1967500 count=32500
    part[2] cum=50.0312% share=25.0312% device_global=2 rank=1 local_index=-1 offset=2000000 count=2002500
    part[3] cum=50.4375% share=0.406247% device_global=3 rank=1 local_index=-1 offset=4002500 count=32500
    part[4] cum=74.9375% share=24.5% device_global=4 rank=2 local_index=-1 offset=4035000 count=1960000
    part[5] cum=75.2188% share=0.28125% device_global=5 rank=2 local_index=-1 offset=5995000 count=22500
    part[6] cum=99.7812% share=24.5625% device_global=6 rank=3 local_index=-1 offset=6017500 count=1965000
    part[7] cum=100% share=0.218749% device_global=7 rank=3 local_index=-1 offset=7982500 count=17500
    total=100%
  CURRENT loads:
    part[0] cum=24.5938% share=24.5938% device_global=0 rank=0 local_index=0 offset=0 count=1967500
    part[1] cum=25% share=0.40625% device_global=1 rank=0 local_index=1 offset=1967500 count=32500
    part[2] cum=50.0312% share=25.0312% device_global=2 rank=1 local_index=-1 offset=2000000 count=2002500
    part[3] cum=50.4375% share=0.406247% device_global=3 rank=1 local_index=-1 offset=4002500 count=32500
    part[4] cum=74.9375% share=24.5% device_global=4 rank=2 local_index=-1 offset=4035000 count=1960000
    part[5] cum=75.2188% share=0.28125% device_global=5 rank=2 local_index=-1 offset=5995000 count=22500
    part[6] cum=99.7812% share=24.5625% device_global=6 rank=3 local_index=-1 offset=6017500 count=1965000
    part[7] cum=100% share=0.218749% device_global=7 rank=3 local_index=-1 offset=7982500 count=17500
    total=100%

=== PARTICOES FINAIS ===
=== Particoes globais ===
part[0] device_global=0 rank=0 local_index=0 offset=0 count=1967500
part[1] device_global=1 rank=0 local_index=1 offset=1967500 count=32500
part[2] device_global=2 rank=1 local_index=-1 offset=2000000 count=2002500
part[3] device_global=3 rank=1 local_index=-1 offset=4002500 count=32500
part[4] device_global=4 rank=2 local_index=-1 offset=4035000 count=1960000
part[5] device_global=5 rank=2 local_index=-1 offset=5995000 count=22500
part[6] device_global=6 rank=3 local_index=-1 offset=6017500 count=1965000
part[7] device_global=7 rank=3 local_index=-1 offset=7982500 count=17500


============================
ITERACAO 10000
Tempo de execução: 56.4726s
