=== Dispositivos locais do rank 1 ===
global=2 local=0 nome="NVIDIA RTX 2000 Ada Generation" compute_units=22
global=3 local=1 nome="Intel(R) Xeon(R) CPU           E5620  @ 2.40GHz" compute_units=16

=== Dispositivos locais do rank 0 ===
global=0 local=0 nome="NVIDIA RTX 2000 Ada Generation" compute_units=22
global=1 local=1 nome="Intel(R) Xeon(R) CPU           E5620  @ 2.40GHz" compute_units=16

=== Dispositivos locais do rank 3 ===
global=6 local=0 nome="NVIDIA RTX 2000 Ada Generation" compute_units=22
global=7 local=1 nome="Intel(R) Xeon(R) CPU           E5620  @ 2.40GHz" compute_units=16

=== Dispositivos locais do rank 2 ===
global=4 local=0 nome="NVIDIA RTX 2000 Ada Generation" compute_units=22
global=5 local=1 nome="Intel(R) Xeon(R) CPU           E5620  @ 2.40GHz" compute_units=16

=== PARTICOES INICIAIS ===
=== Particoes globais ===
part[0] device_global=0 rank=0 local_index=0 offset=0 count=1000000
part[1] device_global=1 rank=0 local_index=1 offset=1000000 count=1000000
part[2] device_global=2 rank=1 local_index=-1 offset=2000000 count=1000000
part[3] device_global=3 rank=1 local_index=-1 offset=3000000 count=1000000
part[4] device_global=4 rank=2 local_index=-1 offset=4000000 count=1000000
part[5] device_global=5 rank=2 local_index=-1 offset=5000000 count=1000000
part[6] device_global=6 rank=3 local_index=-1 offset=6000000 count=1000000
part[7] device_global=7 rank=3 local_index=-1 offset=7000000 count=1000000

X = 50 Y = 50 Z = 3200 Iterations = 10000
[DCL][balance-metrics] iteration=100
  policy=threshold
  action=rebalance
  reason=accepted by fixed threshold; diff=0.2512, threshold=0.01
  T_compute_interval_s=5.40268
  T_comm_interval_s=5.26821
  T_balance_total_s=0.334085
  T_rebalance_apply_s=0.115362
  T_compute_accum_s=5.40268
  T_comm_accum_s=5.26821
  T_balance_accum_s=0.334085
  T_rebalance_apply_accum_s=0.115362
  device_times_s:
    part[0]=0.0491006
    part[1]=3.0197
    part[2]=0.0481327
    part[3]=3.05522
    part[4]=0.0492043
    part[5]=4.27628
    part[6]=0.0503009
    part[7]=5.40268
  OLD loads:
    part[0] cum=12.5% share=12.5% device_global=0 rank=0 local_index=0 offset=0 count=1977500
    part[1] cum=25% share=12.5% device_global=1 rank=0 local_index=1 offset=1977500 count=32500
    part[2] cum=37.5% share=12.5% device_global=2 rank=1 local_index=-1 offset=2010000 count=2015000
    part[3] cum=50% share=12.5% device_global=3 rank=1 local_index=-1 offset=4025000 count=32500
    part[4] cum=62.5% share=12.5% device_global=4 rank=2 local_index=-1 offset=4057500 count=1972500
    part[5] cum=75% share=12.5% device_global=5 rank=2 local_index=-1 offset=6030000 count=22500
    part[6] cum=87.5% share=12.5% device_global=6 rank=3 local_index=-1 offset=6052500 count=1930000
    part[7] cum=100% share=12.5% device_global=7 rank=3 local_index=-1 offset=7982500 count=17500
    total=100%
  PROPOSED loads:
    part[0] cum=24.7188% share=24.7188% device_global=0 rank=0 local_index=0 offset=0 count=1977500
    part[1] cum=25.125% share=0.40625% device_global=1 rank=0 local_index=1 offset=1977500 count=32500
    part[2] cum=50.3125% share=25.1875% device_global=2 rank=1 local_index=-1 offset=2010000 count=2015000
    part[3] cum=50.7188% share=0.406247% device_global=3 rank=1 local_index=-1 offset=4025000 count=32500
    part[4] cum=75.375% share=24.6563% device_global=4 rank=2 local_index=-1 offset=4057500 count=1972500
    part[5] cum=75.6562% share=0.281245% device_global=5 rank=2 local_index=-1 offset=6030000 count=22500
    part[6] cum=99.7812% share=24.125% device_global=6 rank=3 local_index=-1 offset=6052500 count=1930000
    part[7] cum=100% share=0.218749% device_global=7 rank=3 local_index=-1 offset=7982500 count=17500
    total=100%
  CURRENT loads:
    part[0] cum=24.7188% share=24.7188% device_global=0 rank=0 local_index=0 offset=0 count=1977500
    part[1] cum=25.125% share=0.40625% device_global=1 rank=0 local_index=1 offset=1977500 count=32500
    part[2] cum=50.3125% share=25.1875% device_global=2 rank=1 local_index=-1 offset=2010000 count=2015000
    part[3] cum=50.7188% share=0.406247% device_global=3 rank=1 local_index=-1 offset=4025000 count=32500
    part[4] cum=75.375% share=24.6563% device_global=4 rank=2 local_index=-1 offset=4057500 count=1972500
    part[5] cum=75.6562% share=0.281245% device_global=5 rank=2 local_index=-1 offset=6030000 count=22500
    part[6] cum=99.7812% share=24.125% device_global=6 rank=3 local_index=-1 offset=6052500 count=1930000
    part[7] cum=100% share=0.218749% device_global=7 rank=3 local_index=-1 offset=7982500 count=17500
    total=100%
[DCL][balance-metrics] iteration=1100
  policy=scheduled
  action=skip
  reason=static balance already attempted
  T_compute_interval_s=1.43809
  T_comm_interval_s=4.28273
  T_balance_total_s=0
  T_rebalance_apply_s=0
  T_compute_accum_s=6.84077
  T_comm_accum_s=9.55093
  T_balance_accum_s=0.334085
  T_rebalance_apply_accum_s=0.115362
  device_times_s:
    part[0]=0.938263
    part[1]=0.979769
    part[2]=0.95474
    part[3]=1.1548
    part[4]=0.936464
    part[5]=1.43809
    part[6]=0.915599
    part[7]=1.36633
  OLD loads:
    part[0] cum=24.7188% share=24.7188% device_global=0 rank=0 local_index=0 offset=0 count=1977500
    part[1] cum=25.125% share=0.40625% device_global=1 rank=0 local_index=1 offset=1977500 count=32500
    part[2] cum=50.3125% share=25.1875% device_global=2 rank=1 local_index=-1 offset=2010000 count=2015000
    part[3] cum=50.7188% share=0.406247% device_global=3 rank=1 local_index=-1 offset=4025000 count=32500
    part[4] cum=75.375% share=24.6563% device_global=4 rank=2 local_index=-1 offset=4057500 count=1972500
    part[5] cum=75.6562% share=0.281245% device_global=5 rank=2 local_index=-1 offset=6030000 count=22500
    part[6] cum=99.7812% share=24.125% device_global=6 rank=3 local_index=-1 offset=6052500 count=1930000
    part[7] cum=100% share=0.218749% device_global=7 rank=3 local_index=-1 offset=7982500 count=17500
    total=100%
  CURRENT loads:
    part[0] cum=24.7188% share=24.7188% device_global=0 rank=0 local_index=0 offset=0 count=1977500
    part[1] cum=25.125% share=0.40625% device_global=1 rank=0 local_index=1 offset=1977500 count=32500
    part[2] cum=50.3125% share=25.1875% device_global=2 rank=1 local_index=-1 offset=2010000 count=2015000
    part[3] cum=50.7188% share=0.406247% device_global=3 rank=1 local_index=-1 offset=4025000 count=32500
    part[4] cum=75.375% share=24.6563% device_global=4 rank=2 local_index=-1 offset=4057500 count=1972500
    part[5] cum=75.6562% share=0.281245% device_global=5 rank=2 local_index=-1 offset=6030000 count=22500
    part[6] cum=99.7812% share=24.125% device_global=6 rank=3 local_index=-1 offset=6052500 count=1930000
    part[7] cum=100% share=0.218749% device_global=7 rank=3 local_index=-1 offset=7982500 count=17500
    total=100%
[DCL][balance-metrics] iteration=2100
  policy=scheduled
  action=skip
  reason=static balance already attempted
  T_compute_interval_s=1.26177
  T_comm_interval_s=4.318
  T_balance_total_s=0
  T_rebalance_apply_s=0
  T_compute_accum_s=8.10254
  T_comm_accum_s=13.8689
  T_balance_accum_s=0.334085
  T_rebalance_apply_accum_s=0.115362
  device_times_s:
    part[0]=0.937686
    part[1]=0.942282
    part[2]=0.954303
    part[3]=0.990399
    part[4]=0.936625
    part[5]=1.06754
    part[6]=0.915685
    part[7]=1.26177
  OLD loads:
    part[0] cum=24.7188% share=24.7188% device_global=0 rank=0 local_index=0 offset=0 count=1977500
    part[1] cum=25.125% share=0.40625% device_global=1 rank=0 local_index=1 offset=1977500 count=32500
    part[2] cum=50.3125% share=25.1875% device_global=2 rank=1 local_index=-1 offset=2010000 count=2015000
    part[3] cum=50.7188% share=0.406247% device_global=3 rank=1 local_index=-1 offset=4025000 count=32500
    part[4] cum=75.375% share=24.6563% device_global=4 rank=2 local_index=-1 offset=4057500 count=1972500
    part[5] cum=75.6562% share=0.281245% device_global=5 rank=2 local_index=-1 offset=6030000 count=22500
    part[6] cum=99.7812% share=24.125% device_global=6 rank=3 local_index=-1 offset=6052500 count=1930000
    part[7] cum=100% share=0.218749% device_global=7 rank=3 local_index=-1 offset=7982500 count=17500
    total=100%
  CURRENT loads:
    part[0] cum=24.7188% share=24.7188% device_global=0 rank=0 local_index=0 offset=0 count=1977500
    part[1] cum=25.125% share=0.40625% device_global=1 rank=0 local_index=1 offset=1977500 count=32500
    part[2] cum=50.3125% share=25.1875% device_global=2 rank=1 local_index=-1 offset=2010000 count=2015000
    part[3] cum=50.7188% share=0.406247% device_global=3 rank=1 local_index=-1 offset=4025000 count=32500
    part[4] cum=75.375% share=24.6563% device_global=4 rank=2 local_index=-1 offset=4057500 count=1972500
    part[5] cum=75.6562% share=0.281245% device_global=5 rank=2 local_index=-1 offset=6030000 count=22500
    part[6] cum=99.7812% share=24.125% device_global=6 rank=3 local_index=-1 offset=6052500 count=1930000
    part[7] cum=100% share=0.218749% device_global=7 rank=3 local_index=-1 offset=7982500 count=17500
    total=100%
[DCL][balance-metrics] iteration=3100
  policy=scheduled
  action=skip
  reason=static balance already attempted
  T_compute_interval_s=1.03958
  T_comm_interval_s=4.2982
  T_balance_total_s=0
  T_rebalance_apply_s=0
  T_compute_accum_s=9.14212
  T_comm_accum_s=18.1671
  T_balance_accum_s=0.334085
  T_rebalance_apply_accum_s=0.115362
  device_times_s:
    part[0]=0.937648
    part[1]=0.926808
    part[2]=0.954339
    part[3]=0.960062
    part[4]=0.93661
    part[5]=0.871885
    part[6]=0.915227
    part[7]=1.03958
  OLD loads:
    part[0] cum=24.7188% share=24.7188% device_global=0 rank=0 local_index=0 offset=0 count=1977500
    part[1] cum=25.125% share=0.40625% device_global=1 rank=0 local_index=1 offset=1977500 count=32500
    part[2] cum=50.3125% share=25.1875% device_global=2 rank=1 local_index=-1 offset=2010000 count=2015000
    part[3] cum=50.7188% share=0.406247% device_global=3 rank=1 local_index=-1 offset=4025000 count=32500
    part[4] cum=75.375% share=24.6563% device_global=4 rank=2 local_index=-1 offset=4057500 count=1972500
    part[5] cum=75.6562% share=0.281245% device_global=5 rank=2 local_index=-1 offset=6030000 count=22500
    part[6] cum=99.7812% share=24.125% device_global=6 rank=3 local_index=-1 offset=6052500 count=1930000
    part[7] cum=100% share=0.218749% device_global=7 rank=3 local_index=-1 offset=7982500 count=17500
    total=100%
  CURRENT loads:
    part[0] cum=24.7188% share=24.7188% device_global=0 rank=0 local_index=0 offset=0 count=1977500
    part[1] cum=25.125% share=0.40625% device_global=1 rank=0 local_index=1 offset=1977500 count=32500
    part[2] cum=50.3125% share=25.1875% device_global=2 rank=1 local_index=-1 offset=2010000 count=2015000
    part[3] cum=50.7188% share=0.406247% device_global=3 rank=1 local_index=-1 offset=4025000 count=32500
    part[4] cum=75.375% share=24.6563% device_global=4 rank=2 local_index=-1 offset=4057500 count=1972500
    part[5] cum=75.6562% share=0.281245% device_global=5 rank=2 local_index=-1 offset=6030000 count=22500
    part[6] cum=99.7812% share=24.125% device_global=6 rank=3 local_index=-1 offset=6052500 count=1930000
    part[7] cum=100% share=0.218749% device_global=7 rank=3 local_index=-1 offset=7982500 count=17500
    total=100%
[DCL][balance-metrics] iteration=4100
  policy=scheduled
  action=skip
  reason=static balance already attempted
  T_compute_interval_s=0.954455
  T_comm_interval_s=4.30224
  T_balance_total_s=0
  T_rebalance_apply_s=0
  T_compute_accum_s=10.0966
  T_comm_accum_s=22.4694
  T_balance_accum_s=0.334085
  T_rebalance_apply_accum_s=0.115362
  device_times_s:
    part[0]=0.937911
    part[1]=0.929796
    part[2]=0.954455
    part[3]=0.943871
    part[4]=0.936464
    part[5]=0.808598
    part[6]=0.915437
    part[7]=0.854309
  OLD loads:
    part[0] cum=24.7188% share=24.7188% device_global=0 rank=0 local_index=0 offset=0 count=1977500
    part[1] cum=25.125% share=0.40625% device_global=1 rank=0 local_index=1 offset=1977500 count=32500
    part[2] cum=50.3125% share=25.1875% device_global=2 rank=1 local_index=-1 offset=2010000 count=2015000
    part[3] cum=50.7188% share=0.406247% device_global=3 rank=1 local_index=-1 offset=4025000 count=32500
    part[4] cum=75.375% share=24.6563% device_global=4 rank=2 local_index=-1 offset=4057500 count=1972500
    part[5] cum=75.6562% share=0.281245% device_global=5 rank=2 local_index=-1 offset=6030000 count=22500
    part[6] cum=99.7812% share=24.125% device_global=6 rank=3 local_index=-1 offset=6052500 count=1930000
    part[7] cum=100% share=0.218749% device_global=7 rank=3 local_index=-1 offset=7982500 count=17500
    total=100%
  CURRENT loads:
    part[0] cum=24.7188% share=24.7188% device_global=0 rank=0 local_index=0 offset=0 count=1977500
    part[1] cum=25.125% share=0.40625% device_global=1 rank=0 local_index=1 offset=1977500 count=32500
    part[2] cum=50.3125% share=25.1875% device_global=2 rank=1 local_index=-1 offset=2010000 count=2015000
    part[3] cum=50.7188% share=0.406247% device_global=3 rank=1 local_index=-1 offset=4025000 count=32500
    part[4] cum=75.375% share=24.6563% device_global=4 rank=2 local_index=-1 offset=4057500 count=1972500
    part[5] cum=75.6562% share=0.281245% device_global=5 rank=2 local_index=-1 offset=6030000 count=22500
    part[6] cum=99.7812% share=24.125% device_global=6 rank=3 local_index=-1 offset=6052500 count=1930000
    part[7] cum=100% share=0.218749% device_global=7 rank=3 local_index=-1 offset=7982500 count=17500
    total=100%
[DCL][balance-metrics] iteration=5100
  policy=scheduled
  action=skip
  reason=static balance already attempted
  T_compute_interval_s=0.954452
  T_comm_interval_s=4.3136
  T_balance_total_s=0
  T_rebalance_apply_s=0
  T_compute_accum_s=11.051
  T_comm_accum_s=26.783
  T_balance_accum_s=0.334085
  T_rebalance_apply_accum_s=0.115362
  device_times_s:
    part[0]=0.937652
    part[1]=0.924928
    part[2]=0.954452
    part[3]=0.934803
    part[4]=0.936391
    part[5]=0.786717
    part[6]=0.915435
    part[7]=0.765995
  OLD loads:
    part[0] cum=24.7188% share=24.7188% device_global=0 rank=0 local_index=0 offset=0 count=1977500
    part[1] cum=25.125% share=0.40625% device_global=1 rank=0 local_index=1 offset=1977500 count=32500
    part[2] cum=50.3125% share=25.1875% device_global=2 rank=1 local_index=-1 offset=2010000 count=2015000
    part[3] cum=50.7188% share=0.406247% device_global=3 rank=1 local_index=-1 offset=4025000 count=32500
    part[4] cum=75.375% share=24.6563% device_global=4 rank=2 local_index=-1 offset=4057500 count=1972500
    part[5] cum=75.6562% share=0.281245% device_global=5 rank=2 local_index=-1 offset=6030000 count=22500
    part[6] cum=99.7812% share=24.125% device_global=6 rank=3 local_index=-1 offset=6052500 count=1930000
    part[7] cum=100% share=0.218749% device_global=7 rank=3 local_index=-1 offset=7982500 count=17500
    total=100%
  CURRENT loads:
    part[0] cum=24.7188% share=24.7188% device_global=0 rank=0 local_index=0 offset=0 count=1977500
    part[1] cum=25.125% share=0.40625% device_global=1 rank=0 local_index=1 offset=1977500 count=32500
    part[2] cum=50.3125% share=25.1875% device_global=2 rank=1 local_index=-1 offset=2010000 count=2015000
    part[3] cum=50.7188% share=0.406247% device_global=3 rank=1 local_index=-1 offset=4025000 count=32500
    part[4] cum=75.375% share=24.6563% device_global=4 rank=2 local_index=-1 offset=4057500 count=1972500
    part[5] cum=75.6562% share=0.281245% device_global=5 rank=2 local_index=-1 offset=6030000 count=22500
    part[6] cum=99.7812% share=24.125% device_global=6 rank=3 local_index=-1 offset=6052500 count=1930000
    part[7] cum=100% share=0.218749% device_global=7 rank=3 local_index=-1 offset=7982500 count=17500
    total=100%
[DCL][balance-metrics] iteration=6100
  policy=scheduled
  action=skip
  reason=static balance already attempted
  T_compute_interval_s=0.954185
  T_comm_interval_s=4.32471
  T_balance_total_s=0
  T_rebalance_apply_s=0
  T_compute_accum_s=12.0052
  T_comm_accum_s=31.1077
  T_balance_accum_s=0.334085
  T_rebalance_apply_accum_s=0.115362
  device_times_s:
    part[0]=0.937811
    part[1]=0.930994
    part[2]=0.954185
    part[3]=0.933111
    part[4]=0.936669
    part[5]=0.763958
    part[6]=0.91538
    part[7]=0.720718
  OLD loads:
    part[0] cum=24.7188% share=24.7188% device_global=0 rank=0 local_index=0 offset=0 count=1977500
    part[1] cum=25.125% share=0.40625% device_global=1 rank=0 local_index=1 offset=1977500 count=32500
    part[2] cum=50.3125% share=25.1875% device_global=2 rank=1 local_index=-1 offset=2010000 count=2015000
    part[3] cum=50.7188% share=0.406247% device_global=3 rank=1 local_index=-1 offset=4025000 count=32500
    part[4] cum=75.375% share=24.6563% device_global=4 rank=2 local_index=-1 offset=4057500 count=1972500
    part[5] cum=75.6562% share=0.281245% device_global=5 rank=2 local_index=-1 offset=6030000 count=22500
    part[6] cum=99.7812% share=24.125% device_global=6 rank=3 local_index=-1 offset=6052500 count=1930000
    part[7] cum=100% share=0.218749% device_global=7 rank=3 local_index=-1 offset=7982500 count=17500
    total=100%
  CURRENT loads:
    part[0] cum=24.7188% share=24.7188% device_global=0 rank=0 local_index=0 offset=0 count=1977500
    part[1] cum=25.125% share=0.40625% device_global=1 rank=0 local_index=1 offset=1977500 count=32500
    part[2] cum=50.3125% share=25.1875% device_global=2 rank=1 local_index=-1 offset=2010000 count=2015000
    part[3] cum=50.7188% share=0.406247% device_global=3 rank=1 local_index=-1 offset=4025000 count=32500
    part[4] cum=75.375% share=24.6563% device_global=4 rank=2 local_index=-1 offset=4057500 count=1972500
    part[5] cum=75.6562% share=0.281245% device_global=5 rank=2 local_index=-1 offset=6030000 count=22500
    part[6] cum=99.7812% share=24.125% device_global=6 rank=3 local_index=-1 offset=6052500 count=1930000
    part[7] cum=100% share=0.218749% device_global=7 rank=3 local_index=-1 offset=7982500 count=17500
    total=100%
[DCL][balance-metrics] iteration=7100
  policy=scheduled
  action=skip
  reason=static balance already attempted
  T_compute_interval_s=0.954122
  T_comm_interval_s=4.36912
  T_balance_total_s=0
  T_rebalance_apply_s=0
  T_compute_accum_s=12.9593
  T_comm_accum_s=35.4768
  T_balance_accum_s=0.334085
  T_rebalance_apply_accum_s=0.115362
  device_times_s:
    part[0]=0.937707
    part[1]=0.924213
    part[2]=0.954122
    part[3]=0.928062
    part[4]=0.936485
    part[5]=0.751353
    part[6]=0.916035
    part[7]=0.701425
  OLD loads:
    part[0] cum=24.7188% share=24.7188% device_global=0 rank=0 local_index=0 offset=0 count=1977500
    part[1] cum=25.125% share=0.40625% device_global=1 rank=0 local_index=1 offset=1977500 count=32500
    part[2] cum=50.3125% share=25.1875% device_global=2 rank=1 local_index=-1 offset=2010000 count=2015000
    part[3] cum=50.7188% share=0.406247% device_global=3 rank=1 local_index=-1 offset=4025000 count=32500
    part[4] cum=75.375% share=24.6563% device_global=4 rank=2 local_index=-1 offset=4057500 count=1972500
    part[5] cum=75.6562% share=0.281245% device_global=5 rank=2 local_index=-1 offset=6030000 count=22500
    part[6] cum=99.7812% share=24.125% device_global=6 rank=3 local_index=-1 offset=6052500 count=1930000
    part[7] cum=100% share=0.218749% device_global=7 rank=3 local_index=-1 offset=7982500 count=17500
    total=100%
  CURRENT loads:
    part[0] cum=24.7188% share=24.7188% device_global=0 rank=0 local_index=0 offset=0 count=1977500
    part[1] cum=25.125% share=0.40625% device_global=1 rank=0 local_index=1 offset=1977500 count=32500
    part[2] cum=50.3125% share=25.1875% device_global=2 rank=1 local_index=-1 offset=2010000 count=2015000
    part[3] cum=50.7188% share=0.406247% device_global=3 rank=1 local_index=-1 offset=4025000 count=32500
    part[4] cum=75.375% share=24.6563% device_global=4 rank=2 local_index=-1 offset=4057500 count=1972500
    part[5] cum=75.6562% share=0.281245% device_global=5 rank=2 local_index=-1 offset=6030000 count=22500
    part[6] cum=99.7812% share=24.125% device_global=6 rank=3 local_index=-1 offset=6052500 count=1930000
    part[7] cum=100% share=0.218749% device_global=7 rank=3 local_index=-1 offset=7982500 count=17500
    total=100%
[DCL][balance-metrics] iteration=8100
  policy=scheduled
  action=skip
  reason=static balance already attempted
  T_compute_interval_s=0.954182
  T_comm_interval_s=4.30437
  T_balance_total_s=0
  T_rebalance_apply_s=0
  T_compute_accum_s=13.9135
  T_comm_accum_s=39.7812
  T_balance_accum_s=0.334085
  T_rebalance_apply_accum_s=0.115362
  device_times_s:
    part[0]=0.937847
    part[1]=0.931513
    part[2]=0.954182
    part[3]=0.934492
    part[4]=0.936617
    part[5]=0.73842
    part[6]=0.91548
    part[7]=0.668262
  OLD loads:
    part[0] cum=24.7188% share=24.7188% device_global=0 rank=0 local_index=0 offset=0 count=1977500
    part[1] cum=25.125% share=0.40625% device_global=1 rank=0 local_index=1 offset=1977500 count=32500
    part[2] cum=50.3125% share=25.1875% device_global=2 rank=1 local_index=-1 offset=2010000 count=2015000
    part[3] cum=50.7188% share=0.406247% device_global=3 rank=1 local_index=-1 offset=4025000 count=32500
    part[4] cum=75.375% share=24.6563% device_global=4 rank=2 local_index=-1 offset=4057500 count=1972500
    part[5] cum=75.6562% share=0.281245% device_global=5 rank=2 local_index=-1 offset=6030000 count=22500
    part[6] cum=99.7812% share=24.125% device_global=6 rank=3 local_index=-1 offset=6052500 count=1930000
    part[7] cum=100% share=0.218749% device_global=7 rank=3 local_index=-1 offset=7982500 count=17500
    total=100%
  CURRENT loads:
    part[0] cum=24.7188% share=24.7188% device_global=0 rank=0 local_index=0 offset=0 count=1977500
    part[1] cum=25.125% share=0.40625% device_global=1 rank=0 local_index=1 offset=1977500 count=32500
    part[2] cum=50.3125% share=25.1875% device_global=2 rank=1 local_index=-1 offset=2010000 count=2015000
    part[3] cum=50.7188% share=0.406247% device_global=3 rank=1 local_index=-1 offset=4025000 count=32500
    part[4] cum=75.375% share=24.6563% device_global=4 rank=2 local_index=-1 offset=4057500 count=1972500
    part[5] cum=75.6562% share=0.281245% device_global=5 rank=2 local_index=-1 offset=6030000 count=22500
    part[6] cum=99.7812% share=24.125% device_global=6 rank=3 local_index=-1 offset=6052500 count=1930000
    part[7] cum=100% share=0.218749% device_global=7 rank=3 local_index=-1 offset=7982500 count=17500
    total=100%
[DCL][balance-metrics] iteration=9100
  policy=scheduled
  action=skip
  reason=static balance already attempted
  T_compute_interval_s=0.954272
  T_comm_interval_s=4.31151
  T_balance_total_s=0
  T_rebalance_apply_s=0
  T_compute_accum_s=14.8678
  T_comm_accum_s=44.0927
  T_balance_accum_s=0.334085
  T_rebalance_apply_accum_s=0.115362
  device_times_s:
    part[0]=0.937933
    part[1]=0.927537
    part[2]=0.954272
    part[3]=0.92387
    part[4]=0.936721
    part[5]=0.722589
    part[6]=0.915312
    part[7]=0.649889
  OLD loads:
    part[0] cum=24.7188% share=24.7188% device_global=0 rank=0 local_index=0 offset=0 count=1977500
    part[1] cum=25.125% share=0.40625% device_global=1 rank=0 local_index=1 offset=1977500 count=32500
    part[2] cum=50.3125% share=25.1875% device_global=2 rank=1 local_index=-1 offset=2010000 count=2015000
    part[3] cum=50.7188% share=0.406247% device_global=3 rank=1 local_index=-1 offset=4025000 count=32500
    part[4] cum=75.375% share=24.6563% device_global=4 rank=2 local_index=-1 offset=4057500 count=1972500
    part[5] cum=75.6562% share=0.281245% device_global=5 rank=2 local_index=-1 offset=6030000 count=22500
    part[6] cum=99.7812% share=24.125% device_global=6 rank=3 local_index=-1 offset=6052500 count=1930000
    part[7] cum=100% share=0.218749% device_global=7 rank=3 local_index=-1 offset=7982500 count=17500
    total=100%
  CURRENT loads:
    part[0] cum=24.7188% share=24.7188% device_global=0 rank=0 local_index=0 offset=0 count=1977500
    part[1] cum=25.125% share=0.40625% device_global=1 rank=0 local_index=1 offset=1977500 count=32500
    part[2] cum=50.3125% share=25.1875% device_global=2 rank=1 local_index=-1 offset=2010000 count=2015000
    part[3] cum=50.7188% share=0.406247% device_global=3 rank=1 local_index=-1 offset=4025000 count=32500
    part[4] cum=75.375% share=24.6563% device_global=4 rank=2 local_index=-1 offset=4057500 count=1972500
    part[5] cum=75.6562% share=0.281245% device_global=5 rank=2 local_index=-1 offset=6030000 count=22500
    part[6] cum=99.7812% share=24.125% device_global=6 rank=3 local_index=-1 offset=6052500 count=1930000
    part[7] cum=100% share=0.218749% device_global=7 rank=3 local_index=-1 offset=7982500 count=17500
    total=100%

=== PARTICOES FINAIS ===
=== Particoes globais ===
part[0] device_global=0 rank=0 local_index=0 offset=0 count=1977500
part[1] device_global=1 rank=0 local_index=1 offset=1977500 count=32500
part[2] device_global=2 rank=1 local_index=-1 offset=2010000 count=2015000
part[3] device_global=3 rank=1 local_index=-1 offset=4025000 count=32500
part[4] device_global=4 rank=2 local_index=-1 offset=4057500 count=1972500
part[5] device_global=5 rank=2 local_index=-1 offset=6030000 count=22500
part[6] device_global=6 rank=3 local_index=-1 offset=6052500 count=1930000
part[7] device_global=7 rank=3 local_index=-1 offset=7982500 count=17500


============================
ITERACAO 10000
Tempo de execução: 56.3361s
