=== Dispositivos locais do rank 0 ===
global=0 local=0 nome="NVIDIA RTX 2000 Ada Generation" compute_units=22
global=1 local=1 nome="Intel(R) Xeon(R) CPU           E5620  @ 2.40GHz" compute_units=16

=== Dispositivos locais do rank 1 ===
global=2 local=0 nome="NVIDIA RTX 2000 Ada Generation" compute_units=22
global=3 local=1 nome="Intel(R) Xeon(R) CPU           E5620  @ 2.40GHz" compute_units=16

=== Dispositivos locais do rank 2 ===
global=4 local=0 nome="NVIDIA RTX 2000 Ada Generation" compute_units=22
global=5 local=1 nome="Intel(R) Xeon(R) CPU           E5620  @ 2.40GHz" compute_units=16

=== Dispositivos locais do rank 3 ===
global=6 local=0 nome="NVIDIA RTX 2000 Ada Generation" compute_units=22
global=7 local=1 nome="Intel(R) Xeon(R) CPU           E5620  @ 2.40GHz" compute_units=16

=== PARTICOES INICIAIS ===
=== Particoes globais ===
part[0] device_global=0 rank=0 local_index=0 offset=0 count=1000000
part[1] device_global=1 rank=0 local_index=1 offset=1000000 count=1000000
part[2] device_global=2 rank=1 local_index=-1 offset=2000000 count=1000000
part[3] device_global=3 rank=1 local_index=-1 offset=3000000 count=1000000
part[4] device_global=4 rank=2 local_index=-1 offset=4000000 count=1000000
part[5] device_global=5 rank=2 local_index=-1 offset=5000000 count=1000000
part[6] device_global=6 rank=3 local_index=-1 offset=6000000 count=1000000
part[7] device_global=7 rank=3 local_index=-1 offset=7000000 count=1000000

X = 50 Y = 50 Z = 3200 Iterations = 10000
[DCL][balance-metrics] iteration=100
  policy=threshold
  action=rebalance
  reason=accepted by fixed threshold; diff=0.247246, threshold=0.01
  T_compute_interval_s=5.40619
  T_comm_interval_s=5.27541
  T_balance_total_s=0.296852
  T_rebalance_apply_s=0.0733691
  T_compute_accum_s=5.40619
  T_comm_accum_s=5.27541
  T_balance_accum_s=0.296852
  T_rebalance_apply_accum_s=0.0733691
  device_times_s:
    part[0]=0.0487389
    part[1]=3.01954
    part[2]=0.0484736
    part[3]=3.0646
    part[4]=0.0494274
    part[5]=4.30617
    part[6]=0.0489676
    part[7]=5.40619
  OLD loads:
    part[0] cum=12.5% share=12.5% device_global=0 rank=0 local_index=0 offset=0 count=1980000
    part[1] cum=25% share=12.5% device_global=1 rank=0 local_index=1 offset=1980000 count=32500
    part[2] cum=37.5% share=12.5% device_global=2 rank=1 local_index=-1 offset=2012500 count=1992500
    part[3] cum=50% share=12.5% device_global=3 rank=1 local_index=-1 offset=4005000 count=30000
    part[4] cum=62.5% share=12.5% device_global=4 rank=2 local_index=-1 offset=4035000 count=1952500
    part[5] cum=75% share=12.5% device_global=5 rank=2 local_index=-1 offset=5987500 count=22500
    part[6] cum=87.5% share=12.5% device_global=6 rank=3 local_index=-1 offset=6010000 count=1972500
    part[7] cum=100% share=12.5% device_global=7 rank=3 local_index=-1 offset=7982500 count=17500
    total=100%
  PROPOSED loads:
    part[0] cum=24.75% share=24.75% device_global=0 rank=0 local_index=0 offset=0 count=1980000
    part[1] cum=25.1562% share=0.40625% device_global=1 rank=0 local_index=1 offset=1980000 count=32500
    part[2] cum=50.0625% share=24.9062% device_global=2 rank=1 local_index=-1 offset=2012500 count=1992500
    part[3] cum=50.4375% share=0.374997% device_global=3 rank=1 local_index=-1 offset=4005000 count=30000
    part[4] cum=74.8438% share=24.4063% device_global=4 rank=2 local_index=-1 offset=4035000 count=1952500
    part[5] cum=75.125% share=0.28125% device_global=5 rank=2 local_index=-1 offset=5987500 count=22500
    part[6] cum=99.7812% share=24.6562% device_global=6 rank=3 local_index=-1 offset=6010000 count=1972500
    part[7] cum=100% share=0.218749% device_global=7 rank=3 local_index=-1 offset=7982500 count=17500
    total=100%
  CURRENT loads:
    part[0] cum=24.75% share=24.75% device_global=0 rank=0 local_index=0 offset=0 count=1980000
    part[1] cum=25.1562% share=0.40625% device_global=1 rank=0 local_index=1 offset=1980000 count=32500
    part[2] cum=50.0625% share=24.9062% device_global=2 rank=1 local_index=-1 offset=2012500 count=1992500
    part[3] cum=50.4375% share=0.374997% device_global=3 rank=1 local_index=-1 offset=4005000 count=30000
    part[4] cum=74.8438% share=24.4063% device_global=4 rank=2 local_index=-1 offset=4035000 count=1952500
    part[5] cum=75.125% share=0.28125% device_global=5 rank=2 local_index=-1 offset=5987500 count=22500
    part[6] cum=99.7812% share=24.6562% device_global=6 rank=3 local_index=-1 offset=6010000 count=1972500
    part[7] cum=100% share=0.218749% device_global=7 rank=3 local_index=-1 offset=7982500 count=17500
    total=100%
[DCL][balance-metrics] iteration=1100
  policy=scheduled
  action=skip
  reason=static balance already attempted
  T_compute_interval_s=1.40527
  T_comm_interval_s=4.28879
  T_balance_total_s=0
  T_rebalance_apply_s=0
  T_compute_accum_s=6.81147
  T_comm_accum_s=9.5642
  T_balance_accum_s=0.296852
  T_rebalance_apply_accum_s=0.0733691
  device_times_s:
    part[0]=0.938544
    part[1]=0.983194
    part[2]=0.944388
    part[3]=1.07807
    part[4]=0.927645
    part[5]=1.40527
    part[6]=0.935108
    part[7]=1.38297
  OLD loads:
    part[0] cum=24.75% share=24.75% device_global=0 rank=0 local_index=0 offset=0 count=1980000
    part[1] cum=25.1562% share=0.40625% device_global=1 rank=0 local_index=1 offset=1980000 count=32500
    part[2] cum=50.0625% share=24.9062% device_global=2 rank=1 local_index=-1 offset=2012500 count=1992500
    part[3] cum=50.4375% share=0.374997% device_global=3 rank=1 local_index=-1 offset=4005000 count=30000
    part[4] cum=74.8438% share=24.4063% device_global=4 rank=2 local_index=-1 offset=4035000 count=1952500
    part[5] cum=75.125% share=0.28125% device_global=5 rank=2 local_index=-1 offset=5987500 count=22500
    part[6] cum=99.7812% share=24.6562% device_global=6 rank=3 local_index=-1 offset=6010000 count=1972500
    part[7] cum=100% share=0.218749% device_global=7 rank=3 local_index=-1 offset=7982500 count=17500
    total=100%
  CURRENT loads:
    part[0] cum=24.75% share=24.75% device_global=0 rank=0 local_index=0 offset=0 count=1980000
    part[1] cum=25.1562% share=0.40625% device_global=1 rank=0 local_index=1 offset=1980000 count=32500
    part[2] cum=50.0625% share=24.9062% device_global=2 rank=1 local_index=-1 offset=2012500 count=1992500
    part[3] cum=50.4375% share=0.374997% device_global=3 rank=1 local_index=-1 offset=4005000 count=30000
    part[4] cum=74.8438% share=24.4063% device_global=4 rank=2 local_index=-1 offset=4035000 count=1952500
    part[5] cum=75.125% share=0.28125% device_global=5 rank=2 local_index=-1 offset=5987500 count=22500
    part[6] cum=99.7812% share=24.6562% device_global=6 rank=3 local_index=-1 offset=6010000 count=1972500
    part[7] cum=100% share=0.218749% device_global=7 rank=3 local_index=-1 offset=7982500 count=17500
    total=100%
[DCL][balance-metrics] iteration=2100
  policy=scheduled
  action=skip
  reason=static balance already attempted
  T_compute_interval_s=1.25656
  T_comm_interval_s=4.32092
  T_balance_total_s=0
  T_rebalance_apply_s=0
  T_compute_accum_s=8.06802
  T_comm_accum_s=13.8851
  T_balance_accum_s=0.296852
  T_rebalance_apply_accum_s=0.0733691
  device_times_s:
    part[0]=0.938662
    part[1]=0.950206
    part[2]=0.944332
    part[3]=0.938339
    part[4]=0.927585
    part[5]=1.06518
    part[6]=0.934883
    part[7]=1.25656
  OLD loads:
    part[0] cum=24.75% share=24.75% device_global=0 rank=0 local_index=0 offset=0 count=1980000
    part[1] cum=25.1562% share=0.40625% device_global=1 rank=0 local_index=1 offset=1980000 count=32500
    part[2] cum=50.0625% share=24.9062% device_global=2 rank=1 local_index=-1 offset=2012500 count=1992500
    part[3] cum=50.4375% share=0.374997% device_global=3 rank=1 local_index=-1 offset=4005000 count=30000
    part[4] cum=74.8438% share=24.4063% device_global=4 rank=2 local_index=-1 offset=4035000 count=1952500
    part[5] cum=75.125% share=0.28125% device_global=5 rank=2 local_index=-1 offset=5987500 count=22500
    part[6] cum=99.7812% share=24.6562% device_global=6 rank=3 local_index=-1 offset=6010000 count=1972500
    part[7] cum=100% share=0.218749% device_global=7 rank=3 local_index=-1 offset=7982500 count=17500
    total=100%
  CURRENT loads:
    part[0] cum=24.75% share=24.75% device_global=0 rank=0 local_index=0 offset=0 count=1980000
    part[1] cum=25.1562% share=0.40625% device_global=1 rank=0 local_index=1 offset=1980000 count=32500
    part[2] cum=50.0625% share=24.9062% device_global=2 rank=1 local_index=-1 offset=2012500 count=1992500
    part[3] cum=50.4375% share=0.374997% device_global=3 rank=1 local_index=-1 offset=4005000 count=30000
    part[4] cum=74.8438% share=24.4063% device_global=4 rank=2 local_index=-1 offset=4035000 count=1952500
    part[5] cum=75.125% share=0.28125% device_global=5 rank=2 local_index=-1 offset=5987500 count=22500
    part[6] cum=99.7812% share=24.6562% device_global=6 rank=3 local_index=-1 offset=6010000 count=1972500
    part[7] cum=100% share=0.218749% device_global=7 rank=3 local_index=-1 offset=7982500 count=17500
    total=100%
[DCL][balance-metrics] iteration=3100
  policy=scheduled
  action=skip
  reason=static balance already attempted
  T_compute_interval_s=1.03652
  T_comm_interval_s=4.34326
  T_balance_total_s=0
  T_rebalance_apply_s=0
  T_compute_accum_s=9.10454
  T_comm_accum_s=18.2284
  T_balance_accum_s=0.296852
  T_rebalance_apply_accum_s=0.0733691
  device_times_s:
    part[0]=0.938216
    part[1]=0.93314
    part[2]=0.943598
    part[3]=0.90393
    part[4]=0.927034
    part[5]=0.879642
    part[6]=0.934238
    part[7]=1.03652
  OLD loads:
    part[0] cum=24.75% share=24.75% device_global=0 rank=0 local_index=0 offset=0 count=1980000
    part[1] cum=25.1562% share=0.40625% device_global=1 rank=0 local_index=1 offset=1980000 count=32500
    part[2] cum=50.0625% share=24.9062% device_global=2 rank=1 local_index=-1 offset=2012500 count=1992500
    part[3] cum=50.4375% share=0.374997% device_global=3 rank=1 local_index=-1 offset=4005000 count=30000
    part[4] cum=74.8438% share=24.4063% device_global=4 rank=2 local_index=-1 offset=4035000 count=1952500
    part[5] cum=75.125% share=0.28125% device_global=5 rank=2 local_index=-1 offset=5987500 count=22500
    part[6] cum=99.7812% share=24.6562% device_global=6 rank=3 local_index=-1 offset=6010000 count=1972500
    part[7] cum=100% share=0.218749% device_global=7 rank=3 local_index=-1 offset=7982500 count=17500
    total=100%
  CURRENT loads:
    part[0] cum=24.75% share=24.75% device_global=0 rank=0 local_index=0 offset=0 count=1980000
    part[1] cum=25.1562% share=0.40625% device_global=1 rank=0 local_index=1 offset=1980000 count=32500
    part[2] cum=50.0625% share=24.9062% device_global=2 rank=1 local_index=-1 offset=2012500 count=1992500
    part[3] cum=50.4375% share=0.374997% device_global=3 rank=1 local_index=-1 offset=4005000 count=30000
    part[4] cum=74.8438% share=24.4063% device_global=4 rank=2 local_index=-1 offset=4035000 count=1952500
    part[5] cum=75.125% share=0.28125% device_global=5 rank=2 local_index=-1 offset=5987500 count=22500
    part[6] cum=99.7812% share=24.6562% device_global=6 rank=3 local_index=-1 offset=6010000 count=1972500
    part[7] cum=100% share=0.218749% device_global=7 rank=3 local_index=-1 offset=7982500 count=17500
    total=100%
[DCL][balance-metrics] iteration=4100
  policy=scheduled
  action=skip
  reason=static balance already attempted
  T_compute_interval_s=0.943231
  T_comm_interval_s=4.36933
  T_balance_total_s=0
  T_rebalance_apply_s=0
  T_compute_accum_s=10.0478
  T_comm_accum_s=22.5977
  T_balance_accum_s=0.296852
  T_rebalance_apply_accum_s=0.0733691
  device_times_s:
    part[0]=0.93829
    part[1]=0.930867
    part[2]=0.943231
    part[3]=0.892292
    part[4]=0.927168
    part[5]=0.80637
    part[6]=0.934479
    part[7]=0.845125
  OLD loads:
    part[0] cum=24.75% share=24.75% device_global=0 rank=0 local_index=0 offset=0 count=1980000
    part[1] cum=25.1562% share=0.40625% device_global=1 rank=0 local_index=1 offset=1980000 count=32500
    part[2] cum=50.0625% share=24.9062% device_global=2 rank=1 local_index=-1 offset=2012500 count=1992500
    part[3] cum=50.4375% share=0.374997% device_global=3 rank=1 local_index=-1 offset=4005000 count=30000
    part[4] cum=74.8438% share=24.4063% device_global=4 rank=2 local_index=-1 offset=4035000 count=1952500
    part[5] cum=75.125% share=0.28125% device_global=5 rank=2 local_index=-1 offset=5987500 count=22500
    part[6] cum=99.7812% share=24.6562% device_global=6 rank=3 local_index=-1 offset=6010000 count=1972500
    part[7] cum=100% share=0.218749% device_global=7 rank=3 local_index=-1 offset=7982500 count=17500
    total=100%
  CURRENT loads:
    part[0] cum=24.75% share=24.75% device_global=0 rank=0 local_index=0 offset=0 count=1980000
    part[1] cum=25.1562% share=0.40625% device_global=1 rank=0 local_index=1 offset=1980000 count=32500
    part[2] cum=50.0625% share=24.9062% device_global=2 rank=1 local_index=-1 offset=2012500 count=1992500
    part[3] cum=50.4375% share=0.374997% device_global=3 rank=1 local_index=-1 offset=4005000 count=30000
    part[4] cum=74.8438% share=24.4063% device_global=4 rank=2 local_index=-1 offset=4035000 count=1952500
    part[5] cum=75.125% share=0.28125% device_global=5 rank=2 local_index=-1 offset=5987500 count=22500
    part[6] cum=99.7812% share=24.6562% device_global=6 rank=3 local_index=-1 offset=6010000 count=1972500
    part[7] cum=100% share=0.218749% device_global=7 rank=3 local_index=-1 offset=7982500 count=17500
    total=100%
[DCL][balance-metrics] iteration=5100
  policy=scheduled
  action=skip
  reason=static balance already attempted
  T_compute_interval_s=0.943349
  T_comm_interval_s=4.40416
  T_balance_total_s=0
  T_rebalance_apply_s=0
  T_compute_accum_s=10.9911
  T_comm_accum_s=27.0019
  T_balance_accum_s=0.296852
  T_rebalance_apply_accum_s=0.0733691
  device_times_s:
    part[0]=0.937891
    part[1]=0.93245
    part[2]=0.943349
    part[3]=0.884935
    part[4]=0.927422
    part[5]=0.774115
    part[6]=0.934921
    part[7]=0.77477
  OLD loads:
    part[0] cum=24.75% share=24.75% device_global=0 rank=0 local_index=0 offset=0 count=1980000
    part[1] cum=25.1562% share=0.40625% device_global=1 rank=0 local_index=1 offset=1980000 count=32500
    part[2] cum=50.0625% share=24.9062% device_global=2 rank=1 local_index=-1 offset=2012500 count=1992500
    part[3] cum=50.4375% share=0.374997% device_global=3 rank=1 local_index=-1 offset=4005000 count=30000
    part[4] cum=74.8438% share=24.4063% device_global=4 rank=2 local_index=-1 offset=4035000 count=1952500
    part[5] cum=75.125% share=0.28125% device_global=5 rank=2 local_index=-1 offset=5987500 count=22500
    part[6] cum=99.7812% share=24.6562% device_global=6 rank=3 local_index=-1 offset=6010000 count=1972500
    part[7] cum=100% share=0.218749% device_global=7 rank=3 local_index=-1 offset=7982500 count=17500
    total=100%
  CURRENT loads:
    part[0] cum=24.75% share=24.75% device_global=0 rank=0 local_index=0 offset=0 count=1980000
    part[1] cum=25.1562% share=0.40625% device_global=1 rank=0 local_index=1 offset=1980000 count=32500
    part[2] cum=50.0625% share=24.9062% device_global=2 rank=1 local_index=-1 offset=2012500 count=1992500
    part[3] cum=50.4375% share=0.374997% device_global=3 rank=1 local_index=-1 offset=4005000 count=30000
    part[4] cum=74.8438% share=24.4063% device_global=4 rank=2 local_index=-1 offset=4035000 count=1952500
    part[5] cum=75.125% share=0.28125% device_global=5 rank=2 local_index=-1 offset=5987500 count=22500
    part[6] cum=99.7812% share=24.6562% device_global=6 rank=3 local_index=-1 offset=6010000 count=1972500
    part[7] cum=100% share=0.218749% device_global=7 rank=3 local_index=-1 offset=7982500 count=17500
    total=100%
[DCL][balance-metrics] iteration=6100
  policy=scheduled
  action=skip
  reason=static balance already attempted
  T_compute_interval_s=0.94348
  T_comm_interval_s=4.42661
  T_balance_total_s=0
  T_rebalance_apply_s=0
  T_compute_accum_s=11.9346
  T_comm_accum_s=31.4285
  T_balance_accum_s=0.296852
  T_rebalance_apply_accum_s=0.0733691
  device_times_s:
    part[0]=0.937862
    part[1]=0.932869
    part[2]=0.94348
    part[3]=0.886431
    part[4]=0.927796
    part[5]=0.760552
    part[6]=0.934938
    part[7]=0.725935
  OLD loads:
    part[0] cum=24.75% share=24.75% device_global=0 rank=0 local_index=0 offset=0 count=1980000
    part[1] cum=25.1562% share=0.40625% device_global=1 rank=0 local_index=1 offset=1980000 count=32500
    part[2] cum=50.0625% share=24.9062% device_global=2 rank=1 local_index=-1 offset=2012500 count=1992500
    part[3] cum=50.4375% share=0.374997% device_global=3 rank=1 local_index=-1 offset=4005000 count=30000
    part[4] cum=74.8438% share=24.4063% device_global=4 rank=2 local_index=-1 offset=4035000 count=1952500
    part[5] cum=75.125% share=0.28125% device_global=5 rank=2 local_index=-1 offset=5987500 count=22500
    part[6] cum=99.7812% share=24.6562% device_global=6 rank=3 local_index=-1 offset=6010000 count=1972500
    part[7] cum=100% share=0.218749% device_global=7 rank=3 local_index=-1 offset=7982500 count=17500
    total=100%
  CURRENT loads:
    part[0] cum=24.75% share=24.75% device_global=0 rank=0 local_index=0 offset=0 count=1980000
    part[1] cum=25.1562% share=0.40625% device_global=1 rank=0 local_index=1 offset=1980000 count=32500
    part[2] cum=50.0625% share=24.9062% device_global=2 rank=1 local_index=-1 offset=2012500 count=1992500
    part[3] cum=50.4375% share=0.374997% device_global=3 rank=1 local_index=-1 offset=4005000 count=30000
    part[4] cum=74.8438% share=24.4063% device_global=4 rank=2 local_index=-1 offset=4035000 count=1952500
    part[5] cum=75.125% share=0.28125% device_global=5 rank=2 local_index=-1 offset=5987500 count=22500
    part[6] cum=99.7812% share=24.6562% device_global=6 rank=3 local_index=-1 offset=6010000 count=1972500
    part[7] cum=100% share=0.218749% device_global=7 rank=3 local_index=-1 offset=7982500 count=17500
    total=100%
[DCL][balance-metrics] iteration=7100
  policy=scheduled
  action=skip
  reason=static balance already attempted
  T_compute_interval_s=0.943362
  T_comm_interval_s=4.41543
  T_balance_total_s=0
  T_rebalance_apply_s=0
  T_compute_accum_s=12.878
  T_comm_accum_s=35.8439
  T_balance_accum_s=0.296852
  T_rebalance_apply_accum_s=0.0733691
  device_times_s:
    part[0]=0.937864
    part[1]=0.931595
    part[2]=0.943362
    part[3]=0.876786
    part[4]=0.927134
    part[5]=0.736459
    part[6]=0.934898
    part[7]=0.693692
  OLD loads:
    part[0] cum=24.75% share=24.75% device_global=0 rank=0 local_index=0 offset=0 count=1980000
    part[1] cum=25.1562% share=0.40625% device_global=1 rank=0 local_index=1 offset=1980000 count=32500
    part[2] cum=50.0625% share=24.9062% device_global=2 rank=1 local_index=-1 offset=2012500 count=1992500
    part[3] cum=50.4375% share=0.374997% device_global=3 rank=1 local_index=-1 offset=4005000 count=30000
    part[4] cum=74.8438% share=24.4063% device_global=4 rank=2 local_index=-1 offset=4035000 count=1952500
    part[5] cum=75.125% share=0.28125% device_global=5 rank=2 local_index=-1 offset=5987500 count=22500
    part[6] cum=99.7812% share=24.6562% device_global=6 rank=3 local_index=-1 offset=6010000 count=1972500
    part[7] cum=100% share=0.218749% device_global=7 rank=3 local_index=-1 offset=7982500 count=17500
    total=100%
  CURRENT loads:
    part[0] cum=24.75% share=24.75% device_global=0 rank=0 local_index=0 offset=0 count=1980000
    part[1] cum=25.1562% share=0.40625% device_global=1 rank=0 local_index=1 offset=1980000 count=32500
    part[2] cum=50.0625% share=24.9062% device_global=2 rank=1 local_index=-1 offset=2012500 count=1992500
    part[3] cum=50.4375% share=0.374997% device_global=3 rank=1 local_index=-1 offset=4005000 count=30000
    part[4] cum=74.8438% share=24.4063% device_global=4 rank=2 local_index=-1 offset=4035000 count=1952500
    part[5] cum=75.125% share=0.28125% device_global=5 rank=2 local_index=-1 offset=5987500 count=22500
    part[6] cum=99.7812% share=24.6562% device_global=6 rank=3 local_index=-1 offset=6010000 count=1972500
    part[7] cum=100% share=0.218749% device_global=7 rank=3 local_index=-1 offset=7982500 count=17500
    total=100%
[DCL][balance-metrics] iteration=8100
  policy=scheduled
  action=skip
  reason=static balance already attempted
  T_compute_interval_s=0.943374
  T_comm_interval_s=4.41461
  T_balance_total_s=0
  T_rebalance_apply_s=0
  T_compute_accum_s=13.8213
  T_comm_accum_s=40.2585
  T_balance_accum_s=0.296852
  T_rebalance_apply_accum_s=0.0733691
  device_times_s:
    part[0]=0.937744
    part[1]=0.935526
    part[2]=0.943374
    part[3]=0.878309
    part[4]=0.927781
    part[5]=0.731663
    part[6]=0.934871
    part[7]=0.666829
  OLD loads:
    part[0] cum=24.75% share=24.75% device_global=0 rank=0 local_index=0 offset=0 count=1980000
    part[1] cum=25.1562% share=0.40625% device_global=1 rank=0 local_index=1 offset=1980000 count=32500
    part[2] cum=50.0625% share=24.9062% device_global=2 rank=1 local_index=-1 offset=2012500 count=1992500
    part[3] cum=50.4375% share=0.374997% device_global=3 rank=1 local_index=-1 offset=4005000 count=30000
    part[4] cum=74.8438% share=24.4063% device_global=4 rank=2 local_index=-1 offset=4035000 count=1952500
    part[5] cum=75.125% share=0.28125% device_global=5 rank=2 local_index=-1 offset=5987500 count=22500
    part[6] cum=99.7812% share=24.6562% device_global=6 rank=3 local_index=-1 offset=6010000 count=1972500
    part[7] cum=100% share=0.218749% device_global=7 rank=3 local_index=-1 offset=7982500 count=17500
    total=100%
  CURRENT loads:
    part[0] cum=24.75% share=24.75% device_global=0 rank=0 local_index=0 offset=0 count=1980000
    part[1] cum=25.1562% share=0.40625% device_global=1 rank=0 local_index=1 offset=1980000 count=32500
    part[2] cum=50.0625% share=24.9062% device_global=2 rank=1 local_index=-1 offset=2012500 count=1992500
    part[3] cum=50.4375% share=0.374997% device_global=3 rank=1 local_index=-1 offset=4005000 count=30000
    part[4] cum=74.8438% share=24.4063% device_global=4 rank=2 local_index=-1 offset=4035000 count=1952500
    part[5] cum=75.125% share=0.28125% device_global=5 rank=2 local_index=-1 offset=5987500 count=22500
    part[6] cum=99.7812% share=24.6562% device_global=6 rank=3 local_index=-1 offset=6010000 count=1972500
    part[7] cum=100% share=0.218749% device_global=7 rank=3 local_index=-1 offset=7982500 count=17500
    total=100%
[DCL][balance-metrics] iteration=9100
  policy=scheduled
  action=skip
  reason=static balance already attempted
  T_compute_interval_s=0.943326
  T_comm_interval_s=4.3909
  T_balance_total_s=0
  T_rebalance_apply_s=0
  T_compute_accum_s=14.7647
  T_comm_accum_s=44.6494
  T_balance_accum_s=0.296852
  T_rebalance_apply_accum_s=0.0733691
  device_times_s:
    part[0]=0.938166
    part[1]=0.93119
    part[2]=0.943326
    part[3]=0.875544
    part[4]=0.927156
    part[5]=0.71441
    part[6]=0.934473
    part[7]=0.639089
  OLD loads:
    part[0] cum=24.75% share=24.75% device_global=0 rank=0 local_index=0 offset=0 count=1980000
    part[1] cum=25.1562% share=0.40625% device_global=1 rank=0 local_index=1 offset=1980000 count=32500
    part[2] cum=50.0625% share=24.9062% device_global=2 rank=1 local_index=-1 offset=2012500 count=1992500
    part[3] cum=50.4375% share=0.374997% device_global=3 rank=1 local_index=-1 offset=4005000 count=30000
    part[4] cum=74.8438% share=24.4063% device_global=4 rank=2 local_index=-1 offset=4035000 count=1952500
    part[5] cum=75.125% share=0.28125% device_global=5 rank=2 local_index=-1 offset=5987500 count=22500
    part[6] cum=99.7812% share=24.6562% device_global=6 rank=3 local_index=-1 offset=6010000 count=1972500
    part[7] cum=100% share=0.218749% device_global=7 rank=3 local_index=-1 offset=7982500 count=17500
    total=100%
  CURRENT loads:
    part[0] cum=24.75% share=24.75% device_global=0 rank=0 local_index=0 offset=0 count=1980000
    part[1] cum=25.1562% share=0.40625% device_global=1 rank=0 local_index=1 offset=1980000 count=32500
    part[2] cum=50.0625% share=24.9062% device_global=2 rank=1 local_index=-1 offset=2012500 count=1992500
    part[3] cum=50.4375% share=0.374997% device_global=3 rank=1 local_index=-1 offset=4005000 count=30000
    part[4] cum=74.8438% share=24.4063% device_global=4 rank=2 local_index=-1 offset=4035000 count=1952500
    part[5] cum=75.125% share=0.28125% device_global=5 rank=2 local_index=-1 offset=5987500 count=22500
    part[6] cum=99.7812% share=24.6562% device_global=6 rank=3 local_index=-1 offset=6010000 count=1972500
    part[7] cum=100% share=0.218749% device_global=7 rank=3 local_index=-1 offset=7982500 count=17500
    total=100%

=== PARTICOES FINAIS ===
=== Particoes globais ===
part[0] device_global=0 rank=0 local_index=0 offset=0 count=1980000
part[1] device_global=1 rank=0 local_index=1 offset=1980000 count=32500
part[2] device_global=2 rank=1 local_index=-1 offset=2012500 count=1992500
part[3] device_global=3 rank=1 local_index=-1 offset=4005000 count=30000
part[4] device_global=4 rank=2 local_index=-1 offset=4035000 count=1952500
part[5] device_global=5 rank=2 local_index=-1 offset=5987500 count=22500
part[6] device_global=6 rank=3 local_index=-1 offset=6010000 count=1972500
part[7] device_global=7 rank=3 local_index=-1 offset=7982500 count=17500


============================
ITERACAO 10000
Tempo de execução: 56.7074s
