=== Dispositivos locais do rank 1 ===
global=2 local=0 nome="NVIDIA RTX 2000 Ada Generation" compute_units=22
global=3 local=1 nome="Intel(R) Xeon(R) CPU           E5620  @ 2.40GHz" compute_units=16

=== Dispositivos locais do rank 0 ===
global=0 local=0 nome="NVIDIA RTX 2000 Ada Generation" compute_units=22
global=1 local=1 nome="Intel(R) Xeon(R) CPU           E5620  @ 2.40GHz" compute_units=16

=== Dispositivos locais do rank 2 ===
global=4 local=0 nome="NVIDIA RTX 2000 Ada Generation" compute_units=22
global=5 local=1 nome="Intel(R) Xeon(R) CPU           E5620  @ 2.40GHz" compute_units=16

=== Dispositivos locais do rank 3 ===
global=6 local=0 nome="NVIDIA RTX 2000 Ada Generation" compute_units=22
global=7 local=1 nome="Intel(R) Xeon(R) CPU           E5620  @ 2.40GHz" compute_units=16

=== PARTICOES INICIAIS ===
=== Particoes globais ===
part[0] device_global=0 rank=0 local_index=0 offset=0 count=1000000
part[1] device_global=1 rank=0 local_index=1 offset=1000000 count=1000000
part[2] device_global=2 rank=1 local_index=-1 offset=2000000 count=1000000
part[3] device_global=3 rank=1 local_index=-1 offset=3000000 count=1000000
part[4] device_global=4 rank=2 local_index=-1 offset=4000000 count=1000000
part[5] device_global=5 rank=2 local_index=-1 offset=5000000 count=1000000
part[6] device_global=6 rank=3 local_index=-1 offset=6000000 count=1000000
part[7] device_global=7 rank=3 local_index=-1 offset=7000000 count=1000000

X = 50 Y = 50 Z = 3200 Iterations = 10000
[DCL][balance-metrics] iteration=100
  policy=threshold
  action=rebalance
  reason=accepted by fixed threshold; diff=0.250644, threshold=0.01
  T_compute_interval_s=5.40399
  T_comm_interval_s=5.21266
  T_balance_total_s=0.349622
  T_rebalance_apply_s=0.131474
  T_compute_accum_s=5.40399
  T_comm_accum_s=5.21266
  T_balance_accum_s=0.349622
  T_rebalance_apply_accum_s=0.131474
  device_times_s:
    part[0]=0.0486812
    part[1]=3.02093
    part[2]=0.0484839
    part[3]=3.05492
    part[4]=0.0490995
    part[5]=4.28225
    part[6]=0.0499071
    part[7]=5.40399
  OLD loads:
    part[0] cum=12.5% share=12.5% device_global=0 rank=0 local_index=0 offset=0 count=1987500
    part[1] cum=25% share=12.5% device_global=1 rank=0 local_index=1 offset=1987500 count=32500
    part[2] cum=37.5% share=12.5% device_global=2 rank=1 local_index=-1 offset=2020000 count=1997500
    part[3] cum=50% share=12.5% device_global=3 rank=1 local_index=-1 offset=4017500 count=30000
    part[4] cum=62.5% share=12.5% device_global=4 rank=2 local_index=-1 offset=4047500 count=1972500
    part[5] cum=75% share=12.5% device_global=5 rank=2 local_index=-1 offset=6020000 count=22500
    part[6] cum=87.5% share=12.5% device_global=6 rank=3 local_index=-1 offset=6042500 count=1940000
    part[7] cum=100% share=12.5% device_global=7 rank=3 local_index=-1 offset=7982500 count=17500
    total=100%
  PROPOSED loads:
    part[0] cum=24.8438% share=24.8438% device_global=0 rank=0 local_index=0 offset=0 count=1987500
    part[1] cum=25.25% share=0.40625% device_global=1 rank=0 local_index=1 offset=1987500 count=32500
    part[2] cum=50.2188% share=24.9688% device_global=2 rank=1 local_index=-1 offset=2020000 count=1997500
    part[3] cum=50.5938% share=0.375003% device_global=3 rank=1 local_index=-1 offset=4017500 count=30000
    part[4] cum=75.25% share=24.6562% device_global=4 rank=2 local_index=-1 offset=4047500 count=1972500
    part[5] cum=75.5312% share=0.28125% device_global=5 rank=2 local_index=-1 offset=6020000 count=22500
    part[6] cum=99.7812% share=24.25% device_global=6 rank=3 local_index=-1 offset=6042500 count=1940000
    part[7] cum=100% share=0.218749% device_global=7 rank=3 local_index=-1 offset=7982500 count=17500
    total=100%
  CURRENT loads:
    part[0] cum=24.8438% share=24.8438% device_global=0 rank=0 local_index=0 offset=0 count=1987500
    part[1] cum=25.25% share=0.40625% device_global=1 rank=0 local_index=1 offset=1987500 count=32500
    part[2] cum=50.2188% share=24.9688% device_global=2 rank=1 local_index=-1 offset=2020000 count=1997500
    part[3] cum=50.5938% share=0.375003% device_global=3 rank=1 local_index=-1 offset=4017500 count=30000
    part[4] cum=75.25% share=24.6562% device_global=4 rank=2 local_index=-1 offset=4047500 count=1972500
    part[5] cum=75.5312% share=0.28125% device_global=5 rank=2 local_index=-1 offset=6020000 count=22500
    part[6] cum=99.7812% share=24.25% device_global=6 rank=3 local_index=-1 offset=6042500 count=1940000
    part[7] cum=100% share=0.218749% device_global=7 rank=3 local_index=-1 offset=7982500 count=17500
    total=100%
[DCL][balance-metrics] iteration=1100
  policy=scheduled
  action=skip
  reason=static balance already attempted
  T_compute_interval_s=1.45368
  T_comm_interval_s=4.16079
  T_balance_total_s=0
  T_rebalance_apply_s=0
  T_compute_accum_s=6.85767
  T_comm_accum_s=9.37345
  T_balance_accum_s=0.349622
  T_rebalance_apply_accum_s=0.131474
  device_times_s:
    part[0]=0.94223
    part[1]=0.976576
    part[2]=0.946767
    part[3]=1.09021
    part[4]=0.937445
    part[5]=1.45368
    part[6]=0.919774
    part[7]=1.35945
  OLD loads:
    part[0] cum=24.8438% share=24.8438% device_global=0 rank=0 local_index=0 offset=0 count=1987500
    part[1] cum=25.25% share=0.40625% device_global=1 rank=0 local_index=1 offset=1987500 count=32500
    part[2] cum=50.2188% share=24.9688% device_global=2 rank=1 local_index=-1 offset=2020000 count=1997500
    part[3] cum=50.5938% share=0.375003% device_global=3 rank=1 local_index=-1 offset=4017500 count=30000
    part[4] cum=75.25% share=24.6562% device_global=4 rank=2 local_index=-1 offset=4047500 count=1972500
    part[5] cum=75.5312% share=0.28125% device_global=5 rank=2 local_index=-1 offset=6020000 count=22500
    part[6] cum=99.7812% share=24.25% device_global=6 rank=3 local_index=-1 offset=6042500 count=1940000
    part[7] cum=100% share=0.218749% device_global=7 rank=3 local_index=-1 offset=7982500 count=17500
    total=100%
  CURRENT loads:
    part[0] cum=24.8438% share=24.8438% device_global=0 rank=0 local_index=0 offset=0 count=1987500
    part[1] cum=25.25% share=0.40625% device_global=1 rank=0 local_index=1 offset=1987500 count=32500
    part[2] cum=50.2188% share=24.9688% device_global=2 rank=1 local_index=-1 offset=2020000 count=1997500
    part[3] cum=50.5938% share=0.375003% device_global=3 rank=1 local_index=-1 offset=4017500 count=30000
    part[4] cum=75.25% share=24.6562% device_global=4 rank=2 local_index=-1 offset=4047500 count=1972500
    part[5] cum=75.5312% share=0.28125% device_global=5 rank=2 local_index=-1 offset=6020000 count=22500
    part[6] cum=99.7812% share=24.25% device_global=6 rank=3 local_index=-1 offset=6042500 count=1940000
    part[7] cum=100% share=0.218749% device_global=7 rank=3 local_index=-1 offset=7982500 count=17500
    total=100%
[DCL][balance-metrics] iteration=2100
  policy=scheduled
  action=skip
  reason=static balance already attempted
  T_compute_interval_s=1.26136
  T_comm_interval_s=4.20808
  T_balance_total_s=0
  T_rebalance_apply_s=0
  T_compute_accum_s=8.11903
  T_comm_accum_s=13.5815
  T_balance_accum_s=0.349622
  T_rebalance_apply_accum_s=0.131474
  device_times_s:
    part[0]=0.941579
    part[1]=0.947101
    part[2]=0.946534
    part[3]=0.947101
    part[4]=0.937029
    part[5]=1.07726
    part[6]=0.920004
    part[7]=1.26136
  OLD loads:
    part[0] cum=24.8438% share=24.8438% device_global=0 rank=0 local_index=0 offset=0 count=1987500
    part[1] cum=25.25% share=0.40625% device_global=1 rank=0 local_index=1 offset=1987500 count=32500
    part[2] cum=50.2188% share=24.9688% device_global=2 rank=1 local_index=-1 offset=2020000 count=1997500
    part[3] cum=50.5938% share=0.375003% device_global=3 rank=1 local_index=-1 offset=4017500 count=30000
    part[4] cum=75.25% share=24.6562% device_global=4 rank=2 local_index=-1 offset=4047500 count=1972500
    part[5] cum=75.5312% share=0.28125% device_global=5 rank=2 local_index=-1 offset=6020000 count=22500
    part[6] cum=99.7812% share=24.25% device_global=6 rank=3 local_index=-1 offset=6042500 count=1940000
    part[7] cum=100% share=0.218749% device_global=7 rank=3 local_index=-1 offset=7982500 count=17500
    total=100%
  CURRENT loads:
    part[0] cum=24.8438% share=24.8438% device_global=0 rank=0 local_index=0 offset=0 count=1987500
    part[1] cum=25.25% share=0.40625% device_global=1 rank=0 local_index=1 offset=1987500 count=32500
    part[2] cum=50.2188% share=24.9688% device_global=2 rank=1 local_index=-1 offset=2020000 count=1997500
    part[3] cum=50.5938% share=0.375003% device_global=3 rank=1 local_index=-1 offset=4017500 count=30000
    part[4] cum=75.25% share=24.6562% device_global=4 rank=2 local_index=-1 offset=4047500 count=1972500
    part[5] cum=75.5312% share=0.28125% device_global=5 rank=2 local_index=-1 offset=6020000 count=22500
    part[6] cum=99.7812% share=24.25% device_global=6 rank=3 local_index=-1 offset=6042500 count=1940000
    part[7] cum=100% share=0.218749% device_global=7 rank=3 local_index=-1 offset=7982500 count=17500
    total=100%
[DCL][balance-metrics] iteration=3100
  policy=scheduled
  action=skip
  reason=static balance already attempted
  T_compute_interval_s=1.063
  T_comm_interval_s=4.27669
  T_balance_total_s=0
  T_rebalance_apply_s=0
  T_compute_accum_s=9.18203
  T_comm_accum_s=17.8582
  T_balance_accum_s=0.349622
  T_rebalance_apply_accum_s=0.131474
  device_times_s:
    part[0]=0.941466
    part[1]=0.932344
    part[2]=0.94625
    part[3]=0.9095
    part[4]=0.936575
    part[5]=0.892163
    part[6]=0.920275
    part[7]=1.063
  OLD loads:
    part[0] cum=24.8438% share=24.8438% device_global=0 rank=0 local_index=0 offset=0 count=1987500
    part[1] cum=25.25% share=0.40625% device_global=1 rank=0 local_index=1 offset=1987500 count=32500
    part[2] cum=50.2188% share=24.9688% device_global=2 rank=1 local_index=-1 offset=2020000 count=1997500
    part[3] cum=50.5938% share=0.375003% device_global=3 rank=1 local_index=-1 offset=4017500 count=30000
    part[4] cum=75.25% share=24.6562% device_global=4 rank=2 local_index=-1 offset=4047500 count=1972500
    part[5] cum=75.5312% share=0.28125% device_global=5 rank=2 local_index=-1 offset=6020000 count=22500
    part[6] cum=99.7812% share=24.25% device_global=6 rank=3 local_index=-1 offset=6042500 count=1940000
    part[7] cum=100% share=0.218749% device_global=7 rank=3 local_index=-1 offset=7982500 count=17500
    total=100%
  CURRENT loads:
    part[0] cum=24.8438% share=24.8438% device_global=0 rank=0 local_index=0 offset=0 count=1987500
    part[1] cum=25.25% share=0.40625% device_global=1 rank=0 local_index=1 offset=1987500 count=32500
    part[2] cum=50.2188% share=24.9688% device_global=2 rank=1 local_index=-1 offset=2020000 count=1997500
    part[3] cum=50.5938% share=0.375003% device_global=3 rank=1 local_index=-1 offset=4017500 count=30000
    part[4] cum=75.25% share=24.6562% device_global=4 rank=2 local_index=-1 offset=4047500 count=1972500
    part[5] cum=75.5312% share=0.28125% device_global=5 rank=2 local_index=-1 offset=6020000 count=22500
    part[6] cum=99.7812% share=24.25% device_global=6 rank=3 local_index=-1 offset=6042500 count=1940000
    part[7] cum=100% share=0.218749% device_global=7 rank=3 local_index=-1 offset=7982500 count=17500
    total=100%
[DCL][balance-metrics] iteration=4100
  policy=scheduled
  action=skip
  reason=static balance already attempted
  T_compute_interval_s=0.946257
  T_comm_interval_s=4.23797
  T_balance_total_s=0
  T_rebalance_apply_s=0
  T_compute_accum_s=10.1283
  T_comm_accum_s=22.0962
  T_balance_accum_s=0.349622
  T_rebalance_apply_accum_s=0.131474
  device_times_s:
    part[0]=0.941697
    part[1]=0.926819
    part[2]=0.946257
    part[3]=0.900392
    part[4]=0.93621
    part[5]=0.822097
    part[6]=0.919787
    part[7]=0.847044
  OLD loads:
    part[0] cum=24.8438% share=24.8438% device_global=0 rank=0 local_index=0 offset=0 count=1987500
    part[1] cum=25.25% share=0.40625% device_global=1 rank=0 local_index=1 offset=1987500 count=32500
    part[2] cum=50.2188% share=24.9688% device_global=2 rank=1 local_index=-1 offset=2020000 count=1997500
    part[3] cum=50.5938% share=0.375003% device_global=3 rank=1 local_index=-1 offset=4017500 count=30000
    part[4] cum=75.25% share=24.6562% device_global=4 rank=2 local_index=-1 offset=4047500 count=1972500
    part[5] cum=75.5312% share=0.28125% device_global=5 rank=2 local_index=-1 offset=6020000 count=22500
    part[6] cum=99.7812% share=24.25% device_global=6 rank=3 local_index=-1 offset=6042500 count=1940000
    part[7] cum=100% share=0.218749% device_global=7 rank=3 local_index=-1 offset=7982500 count=17500
    total=100%
  CURRENT loads:
    part[0] cum=24.8438% share=24.8438% device_global=0 rank=0 local_index=0 offset=0 count=1987500
    part[1] cum=25.25% share=0.40625% device_global=1 rank=0 local_index=1 offset=1987500 count=32500
    part[2] cum=50.2188% share=24.9688% device_global=2 rank=1 local_index=-1 offset=2020000 count=1997500
    part[3] cum=50.5938% share=0.375003% device_global=3 rank=1 local_index=-1 offset=4017500 count=30000
    part[4] cum=75.25% share=24.6562% device_global=4 rank=2 local_index=-1 offset=4047500 count=1972500
    part[5] cum=75.5312% share=0.28125% device_global=5 rank=2 local_index=-1 offset=6020000 count=22500
    part[6] cum=99.7812% share=24.25% device_global=6 rank=3 local_index=-1 offset=6042500 count=1940000
    part[7] cum=100% share=0.218749% device_global=7 rank=3 local_index=-1 offset=7982500 count=17500
    total=100%
[DCL][balance-metrics] iteration=5100
  policy=scheduled
  action=skip
  reason=static balance already attempted
  T_compute_interval_s=0.946278
  T_comm_interval_s=4.28409
  T_balance_total_s=0
  T_rebalance_apply_s=0
  T_compute_accum_s=11.0746
  T_comm_accum_s=26.3803
  T_balance_accum_s=0.349622
  T_rebalance_apply_accum_s=0.131474
  device_times_s:
    part[0]=0.941513
    part[1]=0.930085
    part[2]=0.946278
    part[3]=0.889793
    part[4]=0.93758
    part[5]=0.795159
    part[6]=0.920148
    part[7]=0.772199
  OLD loads:
    part[0] cum=24.8438% share=24.8438% device_global=0 rank=0 local_index=0 offset=0 count=1987500
    part[1] cum=25.25% share=0.40625% device_global=1 rank=0 local_index=1 offset=1987500 count=32500
    part[2] cum=50.2188% share=24.9688% device_global=2 rank=1 local_index=-1 offset=2020000 count=1997500
    part[3] cum=50.5938% share=0.375003% device_global=3 rank=1 local_index=-1 offset=4017500 count=30000
    part[4] cum=75.25% share=24.6562% device_global=4 rank=2 local_index=-1 offset=4047500 count=1972500
    part[5] cum=75.5312% share=0.28125% device_global=5 rank=2 local_index=-1 offset=6020000 count=22500
    part[6] cum=99.7812% share=24.25% device_global=6 rank=3 local_index=-1 offset=6042500 count=1940000
    part[7] cum=100% share=0.218749% device_global=7 rank=3 local_index=-1 offset=7982500 count=17500
    total=100%
  CURRENT loads:
    part[0] cum=24.8438% share=24.8438% device_global=0 rank=0 local_index=0 offset=0 count=1987500
    part[1] cum=25.25% share=0.40625% device_global=1 rank=0 local_index=1 offset=1987500 count=32500
    part[2] cum=50.2188% share=24.9688% device_global=2 rank=1 local_index=-1 offset=2020000 count=1997500
    part[3] cum=50.5938% share=0.375003% device_global=3 rank=1 local_index=-1 offset=4017500 count=30000
    part[4] cum=75.25% share=24.6562% device_global=4 rank=2 local_index=-1 offset=4047500 count=1972500
    part[5] cum=75.5312% share=0.28125% device_global=5 rank=2 local_index=-1 offset=6020000 count=22500
    part[6] cum=99.7812% share=24.25% device_global=6 rank=3 local_index=-1 offset=6042500 count=1940000
    part[7] cum=100% share=0.218749% device_global=7 rank=3 local_index=-1 offset=7982500 count=17500
    total=100%
[DCL][balance-metrics] iteration=6100
  policy=scheduled
  action=skip
  reason=static balance already attempted
  T_compute_interval_s=0.947512
  T_comm_interval_s=4.32821
  T_balance_total_s=0
  T_rebalance_apply_s=0
  T_compute_accum_s=12.0221
  T_comm_accum_s=30.7085
  T_balance_accum_s=0.349622
  T_rebalance_apply_accum_s=0.131474
  device_times_s:
    part[0]=0.941258
    part[1]=0.932651
    part[2]=0.947512
    part[3]=0.891902
    part[4]=0.936469
    part[5]=0.777738
    part[6]=0.919895
    part[7]=0.723571
  OLD loads:
    part[0] cum=24.8438% share=24.8438% device_global=0 rank=0 local_index=0 offset=0 count=1987500
    part[1] cum=25.25% share=0.40625% device_global=1 rank=0 local_index=1 offset=1987500 count=32500
    part[2] cum=50.2188% share=24.9688% device_global=2 rank=1 local_index=-1 offset=2020000 count=1997500
    part[3] cum=50.5938% share=0.375003% device_global=3 rank=1 local_index=-1 offset=4017500 count=30000
    part[4] cum=75.25% share=24.6562% device_global=4 rank=2 local_index=-1 offset=4047500 count=1972500
    part[5] cum=75.5312% share=0.28125% device_global=5 rank=2 local_index=-1 offset=6020000 count=22500
    part[6] cum=99.7812% share=24.25% device_global=6 rank=3 local_index=-1 offset=6042500 count=1940000
    part[7] cum=100% share=0.218749% device_global=7 rank=3 local_index=-1 offset=7982500 count=17500
    total=100%
  CURRENT loads:
    part[0] cum=24.8438% share=24.8438% device_global=0 rank=0 local_index=0 offset=0 count=1987500
    part[1] cum=25.25% share=0.40625% device_global=1 rank=0 local_index=1 offset=1987500 count=32500
    part[2] cum=50.2188% share=24.9688% device_global=2 rank=1 local_index=-1 offset=2020000 count=1997500
    part[3] cum=50.5938% share=0.375003% device_global=3 rank=1 local_index=-1 offset=4017500 count=30000
    part[4] cum=75.25% share=24.6562% device_global=4 rank=2 local_index=-1 offset=4047500 count=1972500
    part[5] cum=75.5312% share=0.28125% device_global=5 rank=2 local_index=-1 offset=6020000 count=22500
    part[6] cum=99.7812% share=24.25% device_global=6 rank=3 local_index=-1 offset=6042500 count=1940000
    part[7] cum=100% share=0.218749% device_global=7 rank=3 local_index=-1 offset=7982500 count=17500
    total=100%
[DCL][balance-metrics] iteration=7100
  policy=scheduled
  action=skip
  reason=static balance already attempted
  T_compute_interval_s=0.946101
  T_comm_interval_s=4.32946
  T_balance_total_s=0
  T_rebalance_apply_s=0
  T_compute_accum_s=12.9682
  T_comm_accum_s=35.0379
  T_balance_accum_s=0.349622
  T_rebalance_apply_accum_s=0.131474
  device_times_s:
    part[0]=0.941007
    part[1]=0.929678
    part[2]=0.946101
    part[3]=0.882039
    part[4]=0.936958
    part[5]=0.76088
    part[6]=0.919929
    part[7]=0.692222
  OLD loads:
    part[0] cum=24.8438% share=24.8438% device_global=0 rank=0 local_index=0 offset=0 count=1987500
    part[1] cum=25.25% share=0.40625% device_global=1 rank=0 local_index=1 offset=1987500 count=32500
    part[2] cum=50.2188% share=24.9688% device_global=2 rank=1 local_index=-1 offset=2020000 count=1997500
    part[3] cum=50.5938% share=0.375003% device_global=3 rank=1 local_index=-1 offset=4017500 count=30000
    part[4] cum=75.25% share=24.6562% device_global=4 rank=2 local_index=-1 offset=4047500 count=1972500
    part[5] cum=75.5312% share=0.28125% device_global=5 rank=2 local_index=-1 offset=6020000 count=22500
    part[6] cum=99.7812% share=24.25% device_global=6 rank=3 local_index=-1 offset=6042500 count=1940000
    part[7] cum=100% share=0.218749% device_global=7 rank=3 local_index=-1 offset=7982500 count=17500
    total=100%
  CURRENT loads:
    part[0] cum=24.8438% share=24.8438% device_global=0 rank=0 local_index=0 offset=0 count=1987500
    part[1] cum=25.25% share=0.40625% device_global=1 rank=0 local_index=1 offset=1987500 count=32500
    part[2] cum=50.2188% share=24.9688% device_global=2 rank=1 local_index=-1 offset=2020000 count=1997500
    part[3] cum=50.5938% share=0.375003% device_global=3 rank=1 local_index=-1 offset=4017500 count=30000
    part[4] cum=75.25% share=24.6562% device_global=4 rank=2 local_index=-1 offset=4047500 count=1972500
    part[5] cum=75.5312% share=0.28125% device_global=5 rank=2 local_index=-1 offset=6020000 count=22500
    part[6] cum=99.7812% share=24.25% device_global=6 rank=3 local_index=-1 offset=6042500 count=1940000
    part[7] cum=100% share=0.218749% device_global=7 rank=3 local_index=-1 offset=7982500 count=17500
    total=100%
[DCL][balance-metrics] iteration=8100
  policy=scheduled
  action=skip
  reason=static balance already attempted
  T_compute_interval_s=0.946367
  T_comm_interval_s=4.35615
  T_balance_total_s=0
  T_rebalance_apply_s=0
  T_compute_accum_s=13.9145
  T_comm_accum_s=39.3941
  T_balance_accum_s=0.349622
  T_rebalance_apply_accum_s=0.131474
  device_times_s:
    part[0]=0.94101
    part[1]=0.934401
    part[2]=0.946367
    part[3]=0.885558
    part[4]=0.936649
    part[5]=0.742366
    part[6]=0.920053
    part[7]=0.668176
  OLD loads:
    part[0] cum=24.8438% share=24.8438% device_global=0 rank=0 local_index=0 offset=0 count=1987500
    part[1] cum=25.25% share=0.40625% device_global=1 rank=0 local_index=1 offset=1987500 count=32500
    part[2] cum=50.2188% share=24.9688% device_global=2 rank=1 local_index=-1 offset=2020000 count=1997500
    part[3] cum=50.5938% share=0.375003% device_global=3 rank=1 local_index=-1 offset=4017500 count=30000
    part[4] cum=75.25% share=24.6562% device_global=4 rank=2 local_index=-1 offset=4047500 count=1972500
    part[5] cum=75.5312% share=0.28125% device_global=5 rank=2 local_index=-1 offset=6020000 count=22500
    part[6] cum=99.7812% share=24.25% device_global=6 rank=3 local_index=-1 offset=6042500 count=1940000
    part[7] cum=100% share=0.218749% device_global=7 rank=3 local_index=-1 offset=7982500 count=17500
    total=100%
  CURRENT loads:
    part[0] cum=24.8438% share=24.8438% device_global=0 rank=0 local_index=0 offset=0 count=1987500
    part[1] cum=25.25% share=0.40625% device_global=1 rank=0 local_index=1 offset=1987500 count=32500
    part[2] cum=50.2188% share=24.9688% device_global=2 rank=1 local_index=-1 offset=2020000 count=1997500
    part[3] cum=50.5938% share=0.375003% device_global=3 rank=1 local_index=-1 offset=4017500 count=30000
    part[4] cum=75.25% share=24.6562% device_global=4 rank=2 local_index=-1 offset=4047500 count=1972500
    part[5] cum=75.5312% share=0.28125% device_global=5 rank=2 local_index=-1 offset=6020000 count=22500
    part[6] cum=99.7812% share=24.25% device_global=6 rank=3 local_index=-1 offset=6042500 count=1940000
    part[7] cum=100% share=0.218749% device_global=7 rank=3 local_index=-1 offset=7982500 count=17500
    total=100%
[DCL][balance-metrics] iteration=9100
  policy=scheduled
  action=skip
  reason=static balance already attempted
  T_compute_interval_s=0.945941
  T_comm_interval_s=4.32665
  T_balance_total_s=0
  T_rebalance_apply_s=0
  T_compute_accum_s=14.8605
  T_comm_accum_s=43.7207
  T_balance_accum_s=0.349622
  T_rebalance_apply_accum_s=0.131474
  device_times_s:
    part[0]=0.941235
    part[1]=0.934156
    part[2]=0.945941
    part[3]=0.878336
    part[4]=0.936815
    part[5]=0.722598
    part[6]=0.919806
    part[7]=0.647447
  OLD loads:
    part[0] cum=24.8438% share=24.8438% device_global=0 rank=0 local_index=0 offset=0 count=1987500
    part[1] cum=25.25% share=0.40625% device_global=1 rank=0 local_index=1 offset=1987500 count=32500
    part[2] cum=50.2188% share=24.9688% device_global=2 rank=1 local_index=-1 offset=2020000 count=1997500
    part[3] cum=50.5938% share=0.375003% device_global=3 rank=1 local_index=-1 offset=4017500 count=30000
    part[4] cum=75.25% share=24.6562% device_global=4 rank=2 local_index=-1 offset=4047500 count=1972500
    part[5] cum=75.5312% share=0.28125% device_global=5 rank=2 local_index=-1 offset=6020000 count=22500
    part[6] cum=99.7812% share=24.25% device_global=6 rank=3 local_index=-1 offset=6042500 count=1940000
    part[7] cum=100% share=0.218749% device_global=7 rank=3 local_index=-1 offset=7982500 count=17500
    total=100%
  CURRENT loads:
    part[0] cum=24.8438% share=24.8438% device_global=0 rank=0 local_index=0 offset=0 count=1987500
    part[1] cum=25.25% share=0.40625% device_global=1 rank=0 local_index=1 offset=1987500 count=32500
    part[2] cum=50.2188% share=24.9688% device_global=2 rank=1 local_index=-1 offset=2020000 count=1997500
    part[3] cum=50.5938% share=0.375003% device_global=3 rank=1 local_index=-1 offset=4017500 count=30000
    part[4] cum=75.25% share=24.6562% device_global=4 rank=2 local_index=-1 offset=4047500 count=1972500
    part[5] cum=75.5312% share=0.28125% device_global=5 rank=2 local_index=-1 offset=6020000 count=22500
    part[6] cum=99.7812% share=24.25% device_global=6 rank=3 local_index=-1 offset=6042500 count=1940000
    part[7] cum=100% share=0.218749% device_global=7 rank=3 local_index=-1 offset=7982500 count=17500
    total=100%

=== PARTICOES FINAIS ===
=== Particoes globais ===
part[0] device_global=0 rank=0 local_index=0 offset=0 count=1987500
part[1] device_global=1 rank=0 local_index=1 offset=1987500 count=32500
part[2] device_global=2 rank=1 local_index=-1 offset=2020000 count=1997500
part[3] device_global=3 rank=1 local_index=-1 offset=4017500 count=30000
part[4] device_global=4 rank=2 local_index=-1 offset=4047500 count=1972500
part[5] device_global=5 rank=2 local_index=-1 offset=6020000 count=22500
part[6] device_global=6 rank=3 local_index=-1 offset=6042500 count=1940000
part[7] device_global=7 rank=3 local_index=-1 offset=7982500 count=17500


============================
ITERACAO 10000
Tempo de execução: 56.0972s
