=== Dispositivos locais do rank 3 ===
global=6 local=0 nome="NVIDIA RTX 2000 Ada Generation" compute_units=22
global=7 local=1 nome="Intel(R) Xeon(R) CPU           E5620  @ 2.40GHz" compute_units=16

=== Dispositivos locais do rank 0 ===
global=0 local=0 nome="NVIDIA RTX 2000 Ada Generation" compute_units=22
global=1 local=1 nome="Intel(R) Xeon(R) CPU           E5620  @ 2.40GHz" compute_units=16

=== Dispositivos locais do rank 2 ===
global=4 local=0 nome="NVIDIA RTX 2000 Ada Generation" compute_units=22
global=5 local=1 nome="Intel(R) Xeon(R) CPU           E5620  @ 2.40GHz" compute_units=16

=== Dispositivos locais do rank 1 ===
global=2 local=0 nome="NVIDIA RTX 2000 Ada Generation" compute_units=22
global=3 local=1 nome="Intel(R) Xeon(R) CPU           E5620  @ 2.40GHz" compute_units=16

=== PARTICOES INICIAIS ===
=== Particoes globais ===
part[0] device_global=0 rank=0 local_index=0 offset=0 count=1000000
part[1] device_global=1 rank=0 local_index=1 offset=1000000 count=1000000
part[2] device_global=2 rank=1 local_index=-1 offset=2000000 count=1000000
part[3] device_global=3 rank=1 local_index=-1 offset=3000000 count=1000000
part[4] device_global=4 rank=2 local_index=-1 offset=4000000 count=1000000
part[5] device_global=5 rank=2 local_index=-1 offset=5000000 count=1000000
part[6] device_global=6 rank=3 local_index=-1 offset=6000000 count=1000000
part[7] device_global=7 rank=3 local_index=-1 offset=7000000 count=1000000

X = 50 Y = 50 Z = 3200 Iterations = 10000
[DCL][balance-metrics] iteration=100
  policy=threshold
  action=rebalance
  reason=accepted by fixed threshold; diff=0.243462, threshold=0.01
  T_compute_interval_s=5.40445
  T_comm_interval_s=5.17056
  T_balance_total_s=0.289498
  T_rebalance_apply_s=0.071983
  T_compute_accum_s=5.40445
  T_comm_accum_s=5.17056
  T_balance_accum_s=0.289498
  T_rebalance_apply_accum_s=0.071983
  device_times_s:
    part[0]=0.0493806
    part[1]=3.01772
    part[2]=0.0484595
    part[3]=3.08479
    part[4]=0.0493089
    part[5]=4.28664
    part[6]=0.0486363
    part[7]=5.40445
  OLD loads:
    part[0] cum=12.5% share=12.5% device_global=0 rank=0 local_index=0 offset=0 count=1957500
    part[1] cum=25% share=12.5% device_global=1 rank=0 local_index=1 offset=1957500 count=30000
    part[2] cum=37.5% share=12.5% device_global=2 rank=1 local_index=-1 offset=1987500 count=1995000
    part[3] cum=50% share=12.5% device_global=3 rank=1 local_index=-1 offset=3982500 count=30000
    part[4] cum=62.5% share=12.5% device_global=4 rank=2 local_index=-1 offset=4012500 count=1960000
    part[5] cum=75% share=12.5% device_global=5 rank=2 local_index=-1 offset=5972500 count=22500
    part[6] cum=87.5% share=12.5% device_global=6 rank=3 local_index=-1 offset=5995000 count=1987500
    part[7] cum=100% share=12.5% device_global=7 rank=3 local_index=-1 offset=7982500 count=17500
    total=100%
  PROPOSED loads:
    part[0] cum=24.4688% share=24.4688% device_global=0 rank=0 local_index=0 offset=0 count=1957500
    part[1] cum=24.8438% share=0.375% device_global=1 rank=0 local_index=1 offset=1957500 count=30000
    part[2] cum=49.7812% share=24.9375% device_global=2 rank=1 local_index=-1 offset=1987500 count=1995000
    part[3] cum=50.1562% share=0.374997% device_global=3 rank=1 local_index=-1 offset=3982500 count=30000
    part[4] cum=74.6562% share=24.5% device_global=4 rank=2 local_index=-1 offset=4012500 count=1960000
    part[5] cum=74.9375% share=0.28125% device_global=5 rank=2 local_index=-1 offset=5972500 count=22500
    part[6] cum=99.7812% share=24.8438% device_global=6 rank=3 local_index=-1 offset=5995000 count=1987500
    part[7] cum=100% share=0.218749% device_global=7 rank=3 local_index=-1 offset=7982500 count=17500
    total=100%
  CURRENT loads:
    part[0] cum=24.4688% share=24.4688% device_global=0 rank=0 local_index=0 offset=0 count=1957500
    part[1] cum=24.8438% share=0.375% device_global=1 rank=0 local_index=1 offset=1957500 count=30000
    part[2] cum=49.7812% share=24.9375% device_global=2 rank=1 local_index=-1 offset=1987500 count=1995000
    part[3] cum=50.1562% share=0.374997% device_global=3 rank=1 local_index=-1 offset=3982500 count=30000
    part[4] cum=74.6562% share=24.5% device_global=4 rank=2 local_index=-1 offset=4012500 count=1960000
    part[5] cum=74.9375% share=0.28125% device_global=5 rank=2 local_index=-1 offset=5972500 count=22500
    part[6] cum=99.7812% share=24.8438% device_global=6 rank=3 local_index=-1 offset=5995000 count=1987500
    part[7] cum=100% share=0.218749% device_global=7 rank=3 local_index=-1 offset=7982500 count=17500
    total=100%
[DCL][balance-metrics] iteration=1100
  policy=scheduled
  action=skip
  reason=static balance already attempted
  T_compute_interval_s=1.37087
  T_comm_interval_s=4.15752
  T_balance_total_s=0
  T_rebalance_apply_s=0
  T_compute_accum_s=6.77532
  T_comm_accum_s=9.32808
  T_balance_accum_s=0.289498
  T_rebalance_apply_accum_s=0.071983
  device_times_s:
    part[0]=0.930538
    part[1]=0.917187
    part[2]=0.945528
    part[3]=1.07116
    part[4]=0.931567
    part[5]=1.37022
    part[6]=0.942386
    part[7]=1.37087
  OLD loads:
    part[0] cum=24.4688% share=24.4688% device_global=0 rank=0 local_index=0 offset=0 count=1957500
    part[1] cum=24.8438% share=0.375% device_global=1 rank=0 local_index=1 offset=1957500 count=30000
    part[2] cum=49.7812% share=24.9375% device_global=2 rank=1 local_index=-1 offset=1987500 count=1995000
    part[3] cum=50.1562% share=0.374997% device_global=3 rank=1 local_index=-1 offset=3982500 count=30000
    part[4] cum=74.6562% share=24.5% device_global=4 rank=2 local_index=-1 offset=4012500 count=1960000
    part[5] cum=74.9375% share=0.28125% device_global=5 rank=2 local_index=-1 offset=5972500 count=22500
    part[6] cum=99.7812% share=24.8438% device_global=6 rank=3 local_index=-1 offset=5995000 count=1987500
    part[7] cum=100% share=0.218749% device_global=7 rank=3 local_index=-1 offset=7982500 count=17500
    total=100%
  CURRENT loads:
    part[0] cum=24.4688% share=24.4688% device_global=0 rank=0 local_index=0 offset=0 count=1957500
    part[1] cum=24.8438% share=0.375% device_global=1 rank=0 local_index=1 offset=1957500 count=30000
    part[2] cum=49.7812% share=24.9375% device_global=2 rank=1 local_index=-1 offset=1987500 count=1995000
    part[3] cum=50.1562% share=0.374997% device_global=3 rank=1 local_index=-1 offset=3982500 count=30000
    part[4] cum=74.6562% share=24.5% device_global=4 rank=2 local_index=-1 offset=4012500 count=1960000
    part[5] cum=74.9375% share=0.28125% device_global=5 rank=2 local_index=-1 offset=5972500 count=22500
    part[6] cum=99.7812% share=24.8438% device_global=6 rank=3 local_index=-1 offset=5995000 count=1987500
    part[7] cum=100% share=0.218749% device_global=7 rank=3 local_index=-1 offset=7982500 count=17500
    total=100%
[DCL][balance-metrics] iteration=2100
  policy=scheduled
  action=skip
  reason=static balance already attempted
  T_compute_interval_s=1.25867
  T_comm_interval_s=4.18088
  T_balance_total_s=0
  T_rebalance_apply_s=0
  T_compute_accum_s=8.03399
  T_comm_accum_s=13.509
  T_balance_accum_s=0.289498
  T_rebalance_apply_accum_s=0.071983
  device_times_s:
    part[0]=0.929328
    part[1]=0.886573
    part[2]=0.945324
    part[3]=0.939909
    part[4]=0.931816
    part[5]=1.05038
    part[6]=0.942029
    part[7]=1.25867
  OLD loads:
    part[0] cum=24.4688% share=24.4688% device_global=0 rank=0 local_index=0 offset=0 count=1957500
    part[1] cum=24.8438% share=0.375% device_global=1 rank=0 local_index=1 offset=1957500 count=30000
    part[2] cum=49.7812% share=24.9375% device_global=2 rank=1 local_index=-1 offset=1987500 count=1995000
    part[3] cum=50.1562% share=0.374997% device_global=3 rank=1 local_index=-1 offset=3982500 count=30000
    part[4] cum=74.6562% share=24.5% device_global=4 rank=2 local_index=-1 offset=4012500 count=1960000
    part[5] cum=74.9375% share=0.28125% device_global=5 rank=2 local_index=-1 offset=5972500 count=22500
    part[6] cum=99.7812% share=24.8438% device_global=6 rank=3 local_index=-1 offset=5995000 count=1987500
    part[7] cum=100% share=0.218749% device_global=7 rank=3 local_index=-1 offset=7982500 count=17500
    total=100%
  CURRENT loads:
    part[0] cum=24.4688% share=24.4688% device_global=0 rank=0 local_index=0 offset=0 count=1957500
    part[1] cum=24.8438% share=0.375% device_global=1 rank=0 local_index=1 offset=1957500 count=30000
    part[2] cum=49.7812% share=24.9375% device_global=2 rank=1 local_index=-1 offset=1987500 count=1995000
    part[3] cum=50.1562% share=0.374997% device_global=3 rank=1 local_index=-1 offset=3982500 count=30000
    part[4] cum=74.6562% share=24.5% device_global=4 rank=2 local_index=-1 offset=4012500 count=1960000
    part[5] cum=74.9375% share=0.28125% device_global=5 rank=2 local_index=-1 offset=5972500 count=22500
    part[6] cum=99.7812% share=24.8438% device_global=6 rank=3 local_index=-1 offset=5995000 count=1987500
    part[7] cum=100% share=0.218749% device_global=7 rank=3 local_index=-1 offset=7982500 count=17500
    total=100%
[DCL][balance-metrics] iteration=3100
  policy=scheduled
  action=skip
  reason=static balance already attempted
  T_compute_interval_s=1.03037
  T_comm_interval_s=4.16771
  T_balance_total_s=0
  T_rebalance_apply_s=0
  T_compute_accum_s=9.06436
  T_comm_accum_s=17.6767
  T_balance_accum_s=0.289498
  T_rebalance_apply_accum_s=0.071983
  device_times_s:
    part[0]=0.929336
    part[1]=0.870065
    part[2]=0.944872
    part[3]=0.904041
    part[4]=0.931295
    part[5]=0.870279
    part[6]=0.941685
    part[7]=1.03037
  OLD loads:
    part[0] cum=24.4688% share=24.4688% device_global=0 rank=0 local_index=0 offset=0 count=1957500
    part[1] cum=24.8438% share=0.375% device_global=1 rank=0 local_index=1 offset=1957500 count=30000
    part[2] cum=49.7812% share=24.9375% device_global=2 rank=1 local_index=-1 offset=1987500 count=1995000
    part[3] cum=50.1562% share=0.374997% device_global=3 rank=1 local_index=-1 offset=3982500 count=30000
    part[4] cum=74.6562% share=24.5% device_global=4 rank=2 local_index=-1 offset=4012500 count=1960000
    part[5] cum=74.9375% share=0.28125% device_global=5 rank=2 local_index=-1 offset=5972500 count=22500
    part[6] cum=99.7812% share=24.8438% device_global=6 rank=3 local_index=-1 offset=5995000 count=1987500
    part[7] cum=100% share=0.218749% device_global=7 rank=3 local_index=-1 offset=7982500 count=17500
    total=100%
  CURRENT loads:
    part[0] cum=24.4688% share=24.4688% device_global=0 rank=0 local_index=0 offset=0 count=1957500
    part[1] cum=24.8438% share=0.375% device_global=1 rank=0 local_index=1 offset=1957500 count=30000
    part[2] cum=49.7812% share=24.9375% device_global=2 rank=1 local_index=-1 offset=1987500 count=1995000
    part[3] cum=50.1562% share=0.374997% device_global=3 rank=1 local_index=-1 offset=3982500 count=30000
    part[4] cum=74.6562% share=24.5% device_global=4 rank=2 local_index=-1 offset=4012500 count=1960000
    part[5] cum=74.9375% share=0.28125% device_global=5 rank=2 local_index=-1 offset=5972500 count=22500
    part[6] cum=99.7812% share=24.8438% device_global=6 rank=3 local_index=-1 offset=5995000 count=1987500
    part[7] cum=100% share=0.218749% device_global=7 rank=3 local_index=-1 offset=7982500 count=17500
    total=100%
[DCL][balance-metrics] iteration=4100
  policy=scheduled
  action=skip
  reason=static balance already attempted
  T_compute_interval_s=0.944786
  T_comm_interval_s=4.21456
  T_balance_total_s=0
  T_rebalance_apply_s=0
  T_compute_accum_s=10.0091
  T_comm_accum_s=21.8912
  T_balance_accum_s=0.289498
  T_rebalance_apply_accum_s=0.071983
  device_times_s:
    part[0]=0.928922
    part[1]=0.868929
    part[2]=0.944786
    part[3]=0.89417
    part[4]=0.930761
    part[5]=0.796277
    part[6]=0.94223
    part[7]=0.852905
  OLD loads:
    part[0] cum=24.4688% share=24.4688% device_global=0 rank=0 local_index=0 offset=0 count=1957500
    part[1] cum=24.8438% share=0.375% device_global=1 rank=0 local_index=1 offset=1957500 count=30000
    part[2] cum=49.7812% share=24.9375% device_global=2 rank=1 local_index=-1 offset=1987500 count=1995000
    part[3] cum=50.1562% share=0.374997% device_global=3 rank=1 local_index=-1 offset=3982500 count=30000
    part[4] cum=74.6562% share=24.5% device_global=4 rank=2 local_index=-1 offset=4012500 count=1960000
    part[5] cum=74.9375% share=0.28125% device_global=5 rank=2 local_index=-1 offset=5972500 count=22500
    part[6] cum=99.7812% share=24.8438% device_global=6 rank=3 local_index=-1 offset=5995000 count=1987500
    part[7] cum=100% share=0.218749% device_global=7 rank=3 local_index=-1 offset=7982500 count=17500
    total=100%
  CURRENT loads:
    part[0] cum=24.4688% share=24.4688% device_global=0 rank=0 local_index=0 offset=0 count=1957500
    part[1] cum=24.8438% share=0.375% device_global=1 rank=0 local_index=1 offset=1957500 count=30000
    part[2] cum=49.7812% share=24.9375% device_global=2 rank=1 local_index=-1 offset=1987500 count=1995000
    part[3] cum=50.1562% share=0.374997% device_global=3 rank=1 local_index=-1 offset=3982500 count=30000
    part[4] cum=74.6562% share=24.5% device_global=4 rank=2 local_index=-1 offset=4012500 count=1960000
    part[5] cum=74.9375% share=0.28125% device_global=5 rank=2 local_index=-1 offset=5972500 count=22500
    part[6] cum=99.7812% share=24.8438% device_global=6 rank=3 local_index=-1 offset=5995000 count=1987500
    part[7] cum=100% share=0.218749% device_global=7 rank=3 local_index=-1 offset=7982500 count=17500
    total=100%
[DCL][balance-metrics] iteration=5100
  policy=scheduled
  action=skip
  reason=static balance already attempted
  T_compute_interval_s=0.944562
  T_comm_interval_s=4.24741
  T_balance_total_s=0
  T_rebalance_apply_s=0
  T_compute_accum_s=10.9537
  T_comm_accum_s=26.1386
  T_balance_accum_s=0.289498
  T_rebalance_apply_accum_s=0.071983
  device_times_s:
    part[0]=0.929277
    part[1]=0.864566
    part[2]=0.944562
    part[3]=0.881673
    part[4]=0.931596
    part[5]=0.774927
    part[6]=0.942263
    part[7]=0.775735
  OLD loads:
    part[0] cum=24.4688% share=24.4688% device_global=0 rank=0 local_index=0 offset=0 count=1957500
    part[1] cum=24.8438% share=0.375% device_global=1 rank=0 local_index=1 offset=1957500 count=30000
    part[2] cum=49.7812% share=24.9375% device_global=2 rank=1 local_index=-1 offset=1987500 count=1995000
    part[3] cum=50.1562% share=0.374997% device_global=3 rank=1 local_index=-1 offset=3982500 count=30000
    part[4] cum=74.6562% share=24.5% device_global=4 rank=2 local_index=-1 offset=4012500 count=1960000
    part[5] cum=74.9375% share=0.28125% device_global=5 rank=2 local_index=-1 offset=5972500 count=22500
    part[6] cum=99.7812% share=24.8438% device_global=6 rank=3 local_index=-1 offset=5995000 count=1987500
    part[7] cum=100% share=0.218749% device_global=7 rank=3 local_index=-1 offset=7982500 count=17500
    total=100%
  CURRENT loads:
    part[0] cum=24.4688% share=24.4688% device_global=0 rank=0 local_index=0 offset=0 count=1957500
    part[1] cum=24.8438% share=0.375% device_global=1 rank=0 local_index=1 offset=1957500 count=30000
    part[2] cum=49.7812% share=24.9375% device_global=2 rank=1 local_index=-1 offset=1987500 count=1995000
    part[3] cum=50.1562% share=0.374997% device_global=3 rank=1 local_index=-1 offset=3982500 count=30000
    part[4] cum=74.6562% share=24.5% device_global=4 rank=2 local_index=-1 offset=4012500 count=1960000
    part[5] cum=74.9375% share=0.28125% device_global=5 rank=2 local_index=-1 offset=5972500 count=22500
    part[6] cum=99.7812% share=24.8438% device_global=6 rank=3 local_index=-1 offset=5995000 count=1987500
    part[7] cum=100% share=0.218749% device_global=7 rank=3 local_index=-1 offset=7982500 count=17500
    total=100%
[DCL][balance-metrics] iteration=6100
  policy=scheduled
  action=skip
  reason=static balance already attempted
  T_compute_interval_s=0.944808
  T_comm_interval_s=4.24277
  T_balance_total_s=0
  T_rebalance_apply_s=0
  T_compute_accum_s=11.8985
  T_comm_accum_s=30.3814
  T_balance_accum_s=0.289498
  T_rebalance_apply_accum_s=0.071983
  device_times_s:
    part[0]=0.928876
    part[1]=0.866019
    part[2]=0.944808
    part[3]=0.883674
    part[4]=0.9311
    part[5]=0.753608
    part[6]=0.9419
    part[7]=0.717723
  OLD loads:
    part[0] cum=24.4688% share=24.4688% device_global=0 rank=0 local_index=0 offset=0 count=1957500
    part[1] cum=24.8438% share=0.375% device_global=1 rank=0 local_index=1 offset=1957500 count=30000
    part[2] cum=49.7812% share=24.9375% device_global=2 rank=1 local_index=-1 offset=1987500 count=1995000
    part[3] cum=50.1562% share=0.374997% device_global=3 rank=1 local_index=-1 offset=3982500 count=30000
    part[4] cum=74.6562% share=24.5% device_global=4 rank=2 local_index=-1 offset=4012500 count=1960000
    part[5] cum=74.9375% share=0.28125% device_global=5 rank=2 local_index=-1 offset=5972500 count=22500
    part[6] cum=99.7812% share=24.8438% device_global=6 rank=3 local_index=-1 offset=5995000 count=1987500
    part[7] cum=100% share=0.218749% device_global=7 rank=3 local_index=-1 offset=7982500 count=17500
    total=100%
  CURRENT loads:
    part[0] cum=24.4688% share=24.4688% device_global=0 rank=0 local_index=0 offset=0 count=1957500
    part[1] cum=24.8438% share=0.375% device_global=1 rank=0 local_index=1 offset=1957500 count=30000
    part[2] cum=49.7812% share=24.9375% device_global=2 rank=1 local_index=-1 offset=1987500 count=1995000
    part[3] cum=50.1562% share=0.374997% device_global=3 rank=1 local_index=-1 offset=3982500 count=30000
    part[4] cum=74.6562% share=24.5% device_global=4 rank=2 local_index=-1 offset=4012500 count=1960000
    part[5] cum=74.9375% share=0.28125% device_global=5 rank=2 local_index=-1 offset=5972500 count=22500
    part[6] cum=99.7812% share=24.8438% device_global=6 rank=3 local_index=-1 offset=5995000 count=1987500
    part[7] cum=100% share=0.218749% device_global=7 rank=3 local_index=-1 offset=7982500 count=17500
    total=100%
[DCL][balance-metrics] iteration=7100
  policy=scheduled
  action=skip
  reason=static balance already attempted
  T_compute_interval_s=0.944459
  T_comm_interval_s=4.22047
  T_balance_total_s=0
  T_rebalance_apply_s=0
  T_compute_accum_s=12.843
  T_comm_accum_s=34.6019
  T_balance_accum_s=0.289498
  T_rebalance_apply_accum_s=0.071983
  device_times_s:
    part[0]=0.928981
    part[1]=0.874849
    part[2]=0.944459
    part[3]=0.874926
    part[4]=0.930572
    part[5]=0.731644
    part[6]=0.942242
    part[7]=0.686096
  OLD loads:
    part[0] cum=24.4688% share=24.4688% device_global=0 rank=0 local_index=0 offset=0 count=1957500
    part[1] cum=24.8438% share=0.375% device_global=1 rank=0 local_index=1 offset=1957500 count=30000
    part[2] cum=49.7812% share=24.9375% device_global=2 rank=1 local_index=-1 offset=1987500 count=1995000
    part[3] cum=50.1562% share=0.374997% device_global=3 rank=1 local_index=-1 offset=3982500 count=30000
    part[4] cum=74.6562% share=24.5% device_global=4 rank=2 local_index=-1 offset=4012500 count=1960000
    part[5] cum=74.9375% share=0.28125% device_global=5 rank=2 local_index=-1 offset=5972500 count=22500
    part[6] cum=99.7812% share=24.8438% device_global=6 rank=3 local_index=-1 offset=5995000 count=1987500
    part[7] cum=100% share=0.218749% device_global=7 rank=3 local_index=-1 offset=7982500 count=17500
    total=100%
  CURRENT loads:
    part[0] cum=24.4688% share=24.4688% device_global=0 rank=0 local_index=0 offset=0 count=1957500
    part[1] cum=24.8438% share=0.375% device_global=1 rank=0 local_index=1 offset=1957500 count=30000
    part[2] cum=49.7812% share=24.9375% device_global=2 rank=1 local_index=-1 offset=1987500 count=1995000
    part[3] cum=50.1562% share=0.374997% device_global=3 rank=1 local_index=-1 offset=3982500 count=30000
    part[4] cum=74.6562% share=24.5% device_global=4 rank=2 local_index=-1 offset=4012500 count=1960000
    part[5] cum=74.9375% share=0.28125% device_global=5 rank=2 local_index=-1 offset=5972500 count=22500
    part[6] cum=99.7812% share=24.8438% device_global=6 rank=3 local_index=-1 offset=5995000 count=1987500
    part[7] cum=100% share=0.218749% device_global=7 rank=3 local_index=-1 offset=7982500 count=17500
    total=100%
[DCL][balance-metrics] iteration=8100
  policy=scheduled
  action=skip
  reason=static balance already attempted
  T_compute_interval_s=0.944484
  T_comm_interval_s=4.24897
  T_balance_total_s=0
  T_rebalance_apply_s=0
  T_compute_accum_s=13.7875
  T_comm_accum_s=38.8508
  T_balance_accum_s=0.289498
  T_rebalance_apply_accum_s=0.071983
  device_times_s:
    part[0]=0.929485
    part[1]=0.874126
    part[2]=0.944484
    part[3]=0.878278
    part[4]=0.931095
    part[5]=0.734183
    part[6]=0.941867
    part[7]=0.66362
  OLD loads:
    part[0] cum=24.4688% share=24.4688% device_global=0 rank=0 local_index=0 offset=0 count=1957500
    part[1] cum=24.8438% share=0.375% device_global=1 rank=0 local_index=1 offset=1957500 count=30000
    part[2] cum=49.7812% share=24.9375% device_global=2 rank=1 local_index=-1 offset=1987500 count=1995000
    part[3] cum=50.1562% share=0.374997% device_global=3 rank=1 local_index=-1 offset=3982500 count=30000
    part[4] cum=74.6562% share=24.5% device_global=4 rank=2 local_index=-1 offset=4012500 count=1960000
    part[5] cum=74.9375% share=0.28125% device_global=5 rank=2 local_index=-1 offset=5972500 count=22500
    part[6] cum=99.7812% share=24.8438% device_global=6 rank=3 local_index=-1 offset=5995000 count=1987500
    part[7] cum=100% share=0.218749% device_global=7 rank=3 local_index=-1 offset=7982500 count=17500
    total=100%
  CURRENT loads:
    part[0] cum=24.4688% share=24.4688% device_global=0 rank=0 local_index=0 offset=0 count=1957500
    part[1] cum=24.8438% share=0.375% device_global=1 rank=0 local_index=1 offset=1957500 count=30000
    part[2] cum=49.7812% share=24.9375% device_global=2 rank=1 local_index=-1 offset=1987500 count=1995000
    part[3] cum=50.1562% share=0.374997% device_global=3 rank=1 local_index=-1 offset=3982500 count=30000
    part[4] cum=74.6562% share=24.5% device_global=4 rank=2 local_index=-1 offset=4012500 count=1960000
    part[5] cum=74.9375% share=0.28125% device_global=5 rank=2 local_index=-1 offset=5972500 count=22500
    part[6] cum=99.7812% share=24.8438% device_global=6 rank=3 local_index=-1 offset=5995000 count=1987500
    part[7] cum=100% share=0.218749% device_global=7 rank=3 local_index=-1 offset=7982500 count=17500
    total=100%
[DCL][balance-metrics] iteration=9100
  policy=scheduled
  action=skip
  reason=static balance already attempted
  T_compute_interval_s=0.944472
  T_comm_interval_s=4.18984
  T_balance_total_s=0
  T_rebalance_apply_s=0
  T_compute_accum_s=14.7319
  T_comm_accum_s=43.0407
  T_balance_accum_s=0.289498
  T_rebalance_apply_accum_s=0.071983
  device_times_s:
    part[0]=0.929341
    part[1]=0.873406
    part[2]=0.944472
    part[3]=0.873997
    part[4]=0.930711
    part[5]=0.720037
    part[6]=0.941771
    part[7]=0.639801
  OLD loads:
    part[0] cum=24.4688% share=24.4688% device_global=0 rank=0 local_index=0 offset=0 count=1957500
    part[1] cum=24.8438% share=0.375% device_global=1 rank=0 local_index=1 offset=1957500 count=30000
    part[2] cum=49.7812% share=24.9375% device_global=2 rank=1 local_index=-1 offset=1987500 count=1995000
    part[3] cum=50.1562% share=0.374997% device_global=3 rank=1 local_index=-1 offset=3982500 count=30000
    part[4] cum=74.6562% share=24.5% device_global=4 rank=2 local_index=-1 offset=4012500 count=1960000
    part[5] cum=74.9375% share=0.28125% device_global=5 rank=2 local_index=-1 offset=5972500 count=22500
    part[6] cum=99.7812% share=24.8438% device_global=6 rank=3 local_index=-1 offset=5995000 count=1987500
    part[7] cum=100% share=0.218749% device_global=7 rank=3 local_index=-1 offset=7982500 count=17500
    total=100%
  CURRENT loads:
    part[0] cum=24.4688% share=24.4688% device_global=0 rank=0 local_index=0 offset=0 count=1957500
    part[1] cum=24.8438% share=0.375% device_global=1 rank=0 local_index=1 offset=1957500 count=30000
    part[2] cum=49.7812% share=24.9375% device_global=2 rank=1 local_index=-1 offset=1987500 count=1995000
    part[3] cum=50.1562% share=0.374997% device_global=3 rank=1 local_index=-1 offset=3982500 count=30000
    part[4] cum=74.6562% share=24.5% device_global=4 rank=2 local_index=-1 offset=4012500 count=1960000
    part[5] cum=74.9375% share=0.28125% device_global=5 rank=2 local_index=-1 offset=5972500 count=22500
    part[6] cum=99.7812% share=24.8438% device_global=6 rank=3 local_index=-1 offset=5995000 count=1987500
    part[7] cum=100% share=0.218749% device_global=7 rank=3 local_index=-1 offset=7982500 count=17500
    total=100%

=== PARTICOES FINAIS ===
=== Particoes globais ===
part[0] device_global=0 rank=0 local_index=0 offset=0 count=1957500
part[1] device_global=1 rank=0 local_index=1 offset=1957500 count=30000
part[2] device_global=2 rank=1 local_index=-1 offset=1987500 count=1995000
part[3] device_global=3 rank=1 local_index=-1 offset=3982500 count=30000
part[4] device_global=4 rank=2 local_index=-1 offset=4012500 count=1960000
part[5] device_global=5 rank=2 local_index=-1 offset=5972500 count=22500
part[6] device_global=6 rank=3 local_index=-1 offset=5995000 count=1987500
part[7] device_global=7 rank=3 local_index=-1 offset=7982500 count=17500


============================
ITERACAO 10000
Tempo de execução: 55.0711s
