=== Dispositivos locais do rank 0 ===
global=0 local=0 nome="NVIDIA RTX 2000 Ada Generation" compute_units=22
global=1 local=1 nome="Intel(R) Xeon(R) CPU           E5620  @ 2.40GHz" compute_units=16

=== Dispositivos locais do rank 2 ===
global=4 local=0 nome="NVIDIA RTX 2000 Ada Generation" compute_units=22
global=5 local=1 nome="Intel(R) Xeon(R) CPU           E5620  @ 2.40GHz" compute_units=16

=== Dispositivos locais do rank 3 ===
global=6 local=0 nome="NVIDIA RTX 2000 Ada Generation" compute_units=22
global=7 local=1 nome="Intel(R) Xeon(R) CPU           E5620  @ 2.40GHz" compute_units=16

=== Dispositivos locais do rank 1 ===
global=2 local=0 nome="NVIDIA RTX 2000 Ada Generation" compute_units=22
global=3 local=1 nome="Intel(R) Xeon(R) CPU           E5620  @ 2.40GHz" compute_units=16

=== PARTICOES INICIAIS ===
=== Particoes globais ===
part[0] device_global=0 rank=0 local_index=0 offset=0 count=1000000
part[1] device_global=1 rank=0 local_index=1 offset=1000000 count=1000000
part[2] device_global=2 rank=1 local_index=-1 offset=2000000 count=1000000
part[3] device_global=3 rank=1 local_index=-1 offset=3000000 count=1000000
part[4] device_global=4 rank=2 local_index=-1 offset=4000000 count=1000000
part[5] device_global=5 rank=2 local_index=-1 offset=5000000 count=1000000
part[6] device_global=6 rank=3 local_index=-1 offset=6000000 count=1000000
part[7] device_global=7 rank=3 local_index=-1 offset=7000000 count=1000000

X = 50 Y = 50 Z = 3200 Iterations = 10000
[DCL][balance-metrics] iteration=100
  policy=threshold
  action=rebalance
  reason=accepted by fixed threshold; diff=0.246786, threshold=0.01
  T_compute_interval_s=5.40094
  T_comm_interval_s=5.34132
  T_balance_total_s=0.30462
  T_rebalance_apply_s=0.0865032
  T_compute_accum_s=5.40094
  T_comm_accum_s=5.34132
  T_balance_accum_s=0.30462
  T_rebalance_apply_accum_s=0.0865032
  device_times_s:
    part[0]=0.0489688
    part[1]=3.04639
    part[2]=0.0482384
    part[3]=3.08326
    part[4]=0.0492381
    part[5]=4.2723
    part[6]=0.0490867
    part[7]=5.40094
  OLD loads:
    part[0] cum=12.5% share=12.5% device_global=0 rank=0 local_index=0 offset=0 count=1970000
    part[1] cum=25% share=12.5% device_global=1 rank=0 local_index=1 offset=1970000 count=32500
    part[2] cum=37.5% share=12.5% device_global=2 rank=1 local_index=-1 offset=2002500 count=2000000
    part[3] cum=50% share=12.5% device_global=3 rank=1 local_index=-1 offset=4002500 count=32500
    part[4] cum=62.5% share=12.5% device_global=4 rank=2 local_index=-1 offset=4035000 count=1957500
    part[5] cum=75% share=12.5% device_global=5 rank=2 local_index=-1 offset=5992500 count=25000
    part[6] cum=87.5% share=12.5% device_global=6 rank=3 local_index=-1 offset=6017500 count=1965000
    part[7] cum=100% share=12.5% device_global=7 rank=3 local_index=-1 offset=7982500 count=17500
    total=100%
  PROPOSED loads:
    part[0] cum=24.625% share=24.625% device_global=0 rank=0 local_index=0 offset=0 count=1970000
    part[1] cum=25.0312% share=0.40625% device_global=1 rank=0 local_index=1 offset=1970000 count=32500
    part[2] cum=50.0312% share=25% device_global=2 rank=1 local_index=-1 offset=2002500 count=2000000
    part[3] cum=50.4375% share=0.406247% device_global=3 rank=1 local_index=-1 offset=4002500 count=32500
    part[4] cum=74.9062% share=24.4688% device_global=4 rank=2 local_index=-1 offset=4035000 count=1957500
    part[5] cum=75.2188% share=0.312501% device_global=5 rank=2 local_index=-1 offset=5992500 count=25000
    part[6] cum=99.7812% share=24.5625% device_global=6 rank=3 local_index=-1 offset=6017500 count=1965000
    part[7] cum=100% share=0.218749% device_global=7 rank=3 local_index=-1 offset=7982500 count=17500
    total=100%
  CURRENT loads:
    part[0] cum=24.625% share=24.625% device_global=0 rank=0 local_index=0 offset=0 count=1970000
    part[1] cum=25.0312% share=0.40625% device_global=1 rank=0 local_index=1 offset=1970000 count=32500
    part[2] cum=50.0312% share=25% device_global=2 rank=1 local_index=-1 offset=2002500 count=2000000
    part[3] cum=50.4375% share=0.406247% device_global=3 rank=1 local_index=-1 offset=4002500 count=32500
    part[4] cum=74.9062% share=24.4688% device_global=4 rank=2 local_index=-1 offset=4035000 count=1957500
    part[5] cum=75.2188% share=0.312501% device_global=5 rank=2 local_index=-1 offset=5992500 count=25000
    part[6] cum=99.7812% share=24.5625% device_global=6 rank=3 local_index=-1 offset=6017500 count=1965000
    part[7] cum=100% share=0.218749% device_global=7 rank=3 local_index=-1 offset=7982500 count=17500
    total=100%
[DCL][balance-metrics] iteration=1100
  policy=scheduled
  action=skip
  reason=static balance already attempted
  T_compute_interval_s=1.53156
  T_comm_interval_s=4.25213
  T_balance_total_s=0
  T_rebalance_apply_s=0
  T_compute_accum_s=6.93251
  T_comm_accum_s=9.59345
  T_balance_accum_s=0.30462
  T_rebalance_apply_accum_s=0.0865032
  device_times_s:
    part[0]=0.935794
    part[1]=0.974039
    part[2]=0.947458
    part[3]=1.14563
    part[4]=0.930224
    part[5]=1.53156
    part[6]=0.931106
    part[7]=1.35735
  OLD loads:
    part[0] cum=24.625% share=24.625% device_global=0 rank=0 local_index=0 offset=0 count=1970000
    part[1] cum=25.0312% share=0.40625% device_global=1 rank=0 local_index=1 offset=1970000 count=32500
    part[2] cum=50.0312% share=25% device_global=2 rank=1 local_index=-1 offset=2002500 count=2000000
    part[3] cum=50.4375% share=0.406247% device_global=3 rank=1 local_index=-1 offset=4002500 count=32500
    part[4] cum=74.9062% share=24.4688% device_global=4 rank=2 local_index=-1 offset=4035000 count=1957500
    part[5] cum=75.2188% share=0.312501% device_global=5 rank=2 local_index=-1 offset=5992500 count=25000
    part[6] cum=99.7812% share=24.5625% device_global=6 rank=3 local_index=-1 offset=6017500 count=1965000
    part[7] cum=100% share=0.218749% device_global=7 rank=3 local_index=-1 offset=7982500 count=17500
    total=100%
  CURRENT loads:
    part[0] cum=24.625% share=24.625% device_global=0 rank=0 local_index=0 offset=0 count=1970000
    part[1] cum=25.0312% share=0.40625% device_global=1 rank=0 local_index=1 offset=1970000 count=32500
    part[2] cum=50.0312% share=25% device_global=2 rank=1 local_index=-1 offset=2002500 count=2000000
    part[3] cum=50.4375% share=0.406247% device_global=3 rank=1 local_index=-1 offset=4002500 count=32500
    part[4] cum=74.9062% share=24.4688% device_global=4 rank=2 local_index=-1 offset=4035000 count=1957500
    part[5] cum=75.2188% share=0.312501% device_global=5 rank=2 local_index=-1 offset=5992500 count=25000
    part[6] cum=99.7812% share=24.5625% device_global=6 rank=3 local_index=-1 offset=6017500 count=1965000
    part[7] cum=100% share=0.218749% device_global=7 rank=3 local_index=-1 offset=7982500 count=17500
    total=100%
[DCL][balance-metrics] iteration=2100
  policy=scheduled
  action=skip
  reason=static balance already attempted
  T_compute_interval_s=1.26402
  T_comm_interval_s=4.26012
  T_balance_total_s=0
  T_rebalance_apply_s=0
  T_compute_accum_s=8.19652
  T_comm_accum_s=13.8536
  T_balance_accum_s=0.30462
  T_rebalance_apply_accum_s=0.0865032
  device_times_s:
    part[0]=0.935399
    part[1]=0.945309
    part[2]=0.947504
    part[3]=1.00016
    part[4]=0.92941
    part[5]=1.13011
    part[6]=0.931375
    part[7]=1.26402
  OLD loads:
    part[0] cum=24.625% share=24.625% device_global=0 rank=0 local_index=0 offset=0 count=1970000
    part[1] cum=25.0312% share=0.40625% device_global=1 rank=0 local_index=1 offset=1970000 count=32500
    part[2] cum=50.0312% share=25% device_global=2 rank=1 local_index=-1 offset=2002500 count=2000000
    part[3] cum=50.4375% share=0.406247% device_global=3 rank=1 local_index=-1 offset=4002500 count=32500
    part[4] cum=74.9062% share=24.4688% device_global=4 rank=2 local_index=-1 offset=4035000 count=1957500
    part[5] cum=75.2188% share=0.312501% device_global=5 rank=2 local_index=-1 offset=5992500 count=25000
    part[6] cum=99.7812% share=24.5625% device_global=6 rank=3 local_index=-1 offset=6017500 count=1965000
    part[7] cum=100% share=0.218749% device_global=7 rank=3 local_index=-1 offset=7982500 count=17500
    total=100%
  CURRENT loads:
    part[0] cum=24.625% share=24.625% device_global=0 rank=0 local_index=0 offset=0 count=1970000
    part[1] cum=25.0312% share=0.40625% device_global=1 rank=0 local_index=1 offset=1970000 count=32500
    part[2] cum=50.0312% share=25% device_global=2 rank=1 local_index=-1 offset=2002500 count=2000000
    part[3] cum=50.4375% share=0.406247% device_global=3 rank=1 local_index=-1 offset=4002500 count=32500
    part[4] cum=74.9062% share=24.4688% device_global=4 rank=2 local_index=-1 offset=4035000 count=1957500
    part[5] cum=75.2188% share=0.312501% device_global=5 rank=2 local_index=-1 offset=5992500 count=25000
    part[6] cum=99.7812% share=24.5625% device_global=6 rank=3 local_index=-1 offset=6017500 count=1965000
    part[7] cum=100% share=0.218749% device_global=7 rank=3 local_index=-1 offset=7982500 count=17500
    total=100%
[DCL][balance-metrics] iteration=3100
  policy=scheduled
  action=skip
  reason=static balance already attempted
  T_compute_interval_s=1.04805
  T_comm_interval_s=4.2714
  T_balance_total_s=0
  T_rebalance_apply_s=0
  T_compute_accum_s=9.24457
  T_comm_accum_s=18.125
  T_balance_accum_s=0.30462
  T_rebalance_apply_accum_s=0.0865032
  device_times_s:
    part[0]=0.934915
    part[1]=0.930913
    part[2]=0.947073
    part[3]=0.964615
    part[4]=0.929267
    part[5]=0.953202
    part[6]=0.931176
    part[7]=1.04805
  OLD loads:
    part[0] cum=24.625% share=24.625% device_global=0 rank=0 local_index=0 offset=0 count=1970000
    part[1] cum=25.0312% share=0.40625% device_global=1 rank=0 local_index=1 offset=1970000 count=32500
    part[2] cum=50.0312% share=25% device_global=2 rank=1 local_index=-1 offset=2002500 count=2000000
    part[3] cum=50.4375% share=0.406247% device_global=3 rank=1 local_index=-1 offset=4002500 count=32500
    part[4] cum=74.9062% share=24.4688% device_global=4 rank=2 local_index=-1 offset=4035000 count=1957500
    part[5] cum=75.2188% share=0.312501% device_global=5 rank=2 local_index=-1 offset=5992500 count=25000
    part[6] cum=99.7812% share=24.5625% device_global=6 rank=3 local_index=-1 offset=6017500 count=1965000
    part[7] cum=100% share=0.218749% device_global=7 rank=3 local_index=-1 offset=7982500 count=17500
    total=100%
  CURRENT loads:
    part[0] cum=24.625% share=24.625% device_global=0 rank=0 local_index=0 offset=0 count=1970000
    part[1] cum=25.0312% share=0.40625% device_global=1 rank=0 local_index=1 offset=1970000 count=32500
    part[2] cum=50.0312% share=25% device_global=2 rank=1 local_index=-1 offset=2002500 count=2000000
    part[3] cum=50.4375% share=0.406247% device_global=3 rank=1 local_index=-1 offset=4002500 count=32500
    part[4] cum=74.9062% share=24.4688% device_global=4 rank=2 local_index=-1 offset=4035000 count=1957500
    part[5] cum=75.2188% share=0.312501% device_global=5 rank=2 local_index=-1 offset=5992500 count=25000
    part[6] cum=99.7812% share=24.5625% device_global=6 rank=3 local_index=-1 offset=6017500 count=1965000
    part[7] cum=100% share=0.218749% device_global=7 rank=3 local_index=-1 offset=7982500 count=17500
    total=100%
[DCL][balance-metrics] iteration=4100
  policy=scheduled
  action=skip
  reason=static balance already attempted
  T_compute_interval_s=0.951406
  T_comm_interval_s=4.26965
  T_balance_total_s=0
  T_rebalance_apply_s=0
  T_compute_accum_s=10.196
  T_comm_accum_s=22.3946
  T_balance_accum_s=0.30462
  T_rebalance_apply_accum_s=0.0865032
  device_times_s:
    part[0]=0.935406
    part[1]=0.925476
    part[2]=0.946981
    part[3]=0.951406
    part[4]=0.929385
    part[5]=0.87848
    part[6]=0.931393
    part[7]=0.856028
  OLD loads:
    part[0] cum=24.625% share=24.625% device_global=0 rank=0 local_index=0 offset=0 count=1970000
    part[1] cum=25.0312% share=0.40625% device_global=1 rank=0 local_index=1 offset=1970000 count=32500
    part[2] cum=50.0312% share=25% device_global=2 rank=1 local_index=-1 offset=2002500 count=2000000
    part[3] cum=50.4375% share=0.406247% device_global=3 rank=1 local_index=-1 offset=4002500 count=32500
    part[4] cum=74.9062% share=24.4688% device_global=4 rank=2 local_index=-1 offset=4035000 count=1957500
    part[5] cum=75.2188% share=0.312501% device_global=5 rank=2 local_index=-1 offset=5992500 count=25000
    part[6] cum=99.7812% share=24.5625% device_global=6 rank=3 local_index=-1 offset=6017500 count=1965000
    part[7] cum=100% share=0.218749% device_global=7 rank=3 local_index=-1 offset=7982500 count=17500
    total=100%
  CURRENT loads:
    part[0] cum=24.625% share=24.625% device_global=0 rank=0 local_index=0 offset=0 count=1970000
    part[1] cum=25.0312% share=0.40625% device_global=1 rank=0 local_index=1 offset=1970000 count=32500
    part[2] cum=50.0312% share=25% device_global=2 rank=1 local_index=-1 offset=2002500 count=2000000
    part[3] cum=50.4375% share=0.406247% device_global=3 rank=1 local_index=-1 offset=4002500 count=32500
    part[4] cum=74.9062% share=24.4688% device_global=4 rank=2 local_index=-1 offset=4035000 count=1957500
    part[5] cum=75.2188% share=0.312501% device_global=5 rank=2 local_index=-1 offset=5992500 count=25000
    part[6] cum=99.7812% share=24.5625% device_global=6 rank=3 local_index=-1 offset=6017500 count=1965000
    part[7] cum=100% share=0.218749% device_global=7 rank=3 local_index=-1 offset=7982500 count=17500
    total=100%
[DCL][balance-metrics] iteration=5100
  policy=scheduled
  action=skip
  reason=static balance already attempted
  T_compute_interval_s=0.946615
  T_comm_interval_s=4.29964
  T_balance_total_s=0
  T_rebalance_apply_s=0
  T_compute_accum_s=11.1426
  T_comm_accum_s=26.6943
  T_balance_accum_s=0.30462
  T_rebalance_apply_accum_s=0.0865032
  device_times_s:
    part[0]=0.935453
    part[1]=0.920584
    part[2]=0.946615
    part[3]=0.939028
    part[4]=0.929405
    part[5]=0.853205
    part[6]=0.931732
    part[7]=0.779716
  OLD loads:
    part[0] cum=24.625% share=24.625% device_global=0 rank=0 local_index=0 offset=0 count=1970000
    part[1] cum=25.0312% share=0.40625% device_global=1 rank=0 local_index=1 offset=1970000 count=32500
    part[2] cum=50.0312% share=25% device_global=2 rank=1 local_index=-1 offset=2002500 count=2000000
    part[3] cum=50.4375% share=0.406247% device_global=3 rank=1 local_index=-1 offset=4002500 count=32500
    part[4] cum=74.9062% share=24.4688% device_global=4 rank=2 local_index=-1 offset=4035000 count=1957500
    part[5] cum=75.2188% share=0.312501% device_global=5 rank=2 local_index=-1 offset=5992500 count=25000
    part[6] cum=99.7812% share=24.5625% device_global=6 rank=3 local_index=-1 offset=6017500 count=1965000
    part[7] cum=100% share=0.218749% device_global=7 rank=3 local_index=-1 offset=7982500 count=17500
    total=100%
  CURRENT loads:
    part[0] cum=24.625% share=24.625% device_global=0 rank=0 local_index=0 offset=0 count=1970000
    part[1] cum=25.0312% share=0.40625% device_global=1 rank=0 local_index=1 offset=1970000 count=32500
    part[2] cum=50.0312% share=25% device_global=2 rank=1 local_index=-1 offset=2002500 count=2000000
    part[3] cum=50.4375% share=0.406247% device_global=3 rank=1 local_index=-1 offset=4002500 count=32500
    part[4] cum=74.9062% share=24.4688% device_global=4 rank=2 local_index=-1 offset=4035000 count=1957500
    part[5] cum=75.2188% share=0.312501% device_global=5 rank=2 local_index=-1 offset=5992500 count=25000
    part[6] cum=99.7812% share=24.5625% device_global=6 rank=3 local_index=-1 offset=6017500 count=1965000
    part[7] cum=100% share=0.218749% device_global=7 rank=3 local_index=-1 offset=7982500 count=17500
    total=100%
[DCL][balance-metrics] iteration=6100
  policy=scheduled
  action=skip
  reason=static balance already attempted
  T_compute_interval_s=0.946808
  T_comm_interval_s=4.31132
  T_balance_total_s=0
  T_rebalance_apply_s=0
  T_compute_accum_s=12.0894
  T_comm_accum_s=31.0056
  T_balance_accum_s=0.30462
  T_rebalance_apply_accum_s=0.0865032
  device_times_s:
    part[0]=0.935259
    part[1]=0.926738
    part[2]=0.946808
    part[3]=0.940271
    part[4]=0.929636
    part[5]=0.822639
    part[6]=0.931144
    part[7]=0.723808
  OLD loads:
    part[0] cum=24.625% share=24.625% device_global=0 rank=0 local_index=0 offset=0 count=1970000
    part[1] cum=25.0312% share=0.40625% device_global=1 rank=0 local_index=1 offset=1970000 count=32500
    part[2] cum=50.0312% share=25% device_global=2 rank=1 local_index=-1 offset=2002500 count=2000000
    part[3] cum=50.4375% share=0.406247% device_global=3 rank=1 local_index=-1 offset=4002500 count=32500
    part[4] cum=74.9062% share=24.4688% device_global=4 rank=2 local_index=-1 offset=4035000 count=1957500
    part[5] cum=75.2188% share=0.312501% device_global=5 rank=2 local_index=-1 offset=5992500 count=25000
    part[6] cum=99.7812% share=24.5625% device_global=6 rank=3 local_index=-1 offset=6017500 count=1965000
    part[7] cum=100% share=0.218749% device_global=7 rank=3 local_index=-1 offset=7982500 count=17500
    total=100%
  CURRENT loads:
    part[0] cum=24.625% share=24.625% device_global=0 rank=0 local_index=0 offset=0 count=1970000
    part[1] cum=25.0312% share=0.40625% device_global=1 rank=0 local_index=1 offset=1970000 count=32500
    part[2] cum=50.0312% share=25% device_global=2 rank=1 local_index=-1 offset=2002500 count=2000000
    part[3] cum=50.4375% share=0.406247% device_global=3 rank=1 local_index=-1 offset=4002500 count=32500
    part[4] cum=74.9062% share=24.4688% device_global=4 rank=2 local_index=-1 offset=4035000 count=1957500
    part[5] cum=75.2188% share=0.312501% device_global=5 rank=2 local_index=-1 offset=5992500 count=25000
    part[6] cum=99.7812% share=24.5625% device_global=6 rank=3 local_index=-1 offset=6017500 count=1965000
    part[7] cum=100% share=0.218749% device_global=7 rank=3 local_index=-1 offset=7982500 count=17500
    total=100%
[DCL][balance-metrics] iteration=7100
  policy=scheduled
  action=skip
  reason=static balance already attempted
  T_compute_interval_s=0.946493
  T_comm_interval_s=4.29623
  T_balance_total_s=0
  T_rebalance_apply_s=0
  T_compute_accum_s=13.0359
  T_comm_accum_s=35.3018
  T_balance_accum_s=0.30462
  T_rebalance_apply_accum_s=0.0865032
  device_times_s:
    part[0]=0.935005
    part[1]=0.925887
    part[2]=0.946493
    part[3]=0.926066
    part[4]=0.929579
    part[5]=0.802895
    part[6]=0.931158
    part[7]=0.691103
  OLD loads:
    part[0] cum=24.625% share=24.625% device_global=0 rank=0 local_index=0 offset=0 count=1970000
    part[1] cum=25.0312% share=0.40625% device_global=1 rank=0 local_index=1 offset=1970000 count=32500
    part[2] cum=50.0312% share=25% device_global=2 rank=1 local_index=-1 offset=2002500 count=2000000
    part[3] cum=50.4375% share=0.406247% device_global=3 rank=1 local_index=-1 offset=4002500 count=32500
    part[4] cum=74.9062% share=24.4688% device_global=4 rank=2 local_index=-1 offset=4035000 count=1957500
    part[5] cum=75.2188% share=0.312501% device_global=5 rank=2 local_index=-1 offset=5992500 count=25000
    part[6] cum=99.7812% share=24.5625% device_global=6 rank=3 local_index=-1 offset=6017500 count=1965000
    part[7] cum=100% share=0.218749% device_global=7 rank=3 local_index=-1 offset=7982500 count=17500
    total=100%
  CURRENT loads:
    part[0] cum=24.625% share=24.625% device_global=0 rank=0 local_index=0 offset=0 count=1970000
    part[1] cum=25.0312% share=0.40625% device_global=1 rank=0 local_index=1 offset=1970000 count=32500
    part[2] cum=50.0312% share=25% device_global=2 rank=1 local_index=-1 offset=2002500 count=2000000
    part[3] cum=50.4375% share=0.406247% device_global=3 rank=1 local_index=-1 offset=4002500 count=32500
    part[4] cum=74.9062% share=24.4688% device_global=4 rank=2 local_index=-1 offset=4035000 count=1957500
    part[5] cum=75.2188% share=0.312501% device_global=5 rank=2 local_index=-1 offset=5992500 count=25000
    part[6] cum=99.7812% share=24.5625% device_global=6 rank=3 local_index=-1 offset=6017500 count=1965000
    part[7] cum=100% share=0.218749% device_global=7 rank=3 local_index=-1 offset=7982500 count=17500
    total=100%
[DCL][balance-metrics] iteration=8100
  policy=scheduled
  action=skip
  reason=static balance already attempted
  T_compute_interval_s=0.947048
  T_comm_interval_s=4.33346
  T_balance_total_s=0
  T_rebalance_apply_s=0
  T_compute_accum_s=13.9829
  T_comm_accum_s=39.6353
  T_balance_accum_s=0.30462
  T_rebalance_apply_accum_s=0.0865032
  device_times_s:
    part[0]=0.935175
    part[1]=0.930216
    part[2]=0.947048
    part[3]=0.935753
    part[4]=0.929574
    part[5]=0.79442
    part[6]=0.931161
    part[7]=0.665952
  OLD loads:
    part[0] cum=24.625% share=24.625% device_global=0 rank=0 local_index=0 offset=0 count=1970000
    part[1] cum=25.0312% share=0.40625% device_global=1 rank=0 local_index=1 offset=1970000 count=32500
    part[2] cum=50.0312% share=25% device_global=2 rank=1 local_index=-1 offset=2002500 count=2000000
    part[3] cum=50.4375% share=0.406247% device_global=3 rank=1 local_index=-1 offset=4002500 count=32500
    part[4] cum=74.9062% share=24.4688% device_global=4 rank=2 local_index=-1 offset=4035000 count=1957500
    part[5] cum=75.2188% share=0.312501% device_global=5 rank=2 local_index=-1 offset=5992500 count=25000
    part[6] cum=99.7812% share=24.5625% device_global=6 rank=3 local_index=-1 offset=6017500 count=1965000
    part[7] cum=100% share=0.218749% device_global=7 rank=3 local_index=-1 offset=7982500 count=17500
    total=100%
  CURRENT loads:
    part[0] cum=24.625% share=24.625% device_global=0 rank=0 local_index=0 offset=0 count=1970000
    part[1] cum=25.0312% share=0.40625% device_global=1 rank=0 local_index=1 offset=1970000 count=32500
    part[2] cum=50.0312% share=25% device_global=2 rank=1 local_index=-1 offset=2002500 count=2000000
    part[3] cum=50.4375% share=0.406247% device_global=3 rank=1 local_index=-1 offset=4002500 count=32500
    part[4] cum=74.9062% share=24.4688% device_global=4 rank=2 local_index=-1 offset=4035000 count=1957500
    part[5] cum=75.2188% share=0.312501% device_global=5 rank=2 local_index=-1 offset=5992500 count=25000
    part[6] cum=99.7812% share=24.5625% device_global=6 rank=3 local_index=-1 offset=6017500 count=1965000
    part[7] cum=100% share=0.218749% device_global=7 rank=3 local_index=-1 offset=7982500 count=17500
    total=100%
[DCL][balance-metrics] iteration=9100
  policy=scheduled
  action=skip
  reason=static balance already attempted
  T_compute_interval_s=0.946667
  T_comm_interval_s=4.31084
  T_balance_total_s=0
  T_rebalance_apply_s=0
  T_compute_accum_s=14.9296
  T_comm_accum_s=43.9461
  T_balance_accum_s=0.30462
  T_rebalance_apply_accum_s=0.0865032
  device_times_s:
    part[0]=0.934931
    part[1]=0.925063
    part[2]=0.946667
    part[3]=0.926285
    part[4]=0.928884
    part[5]=0.777221
    part[6]=0.931603
    part[7]=0.655088
  OLD loads:
    part[0] cum=24.625% share=24.625% device_global=0 rank=0 local_index=0 offset=0 count=1970000
    part[1] cum=25.0312% share=0.40625% device_global=1 rank=0 local_index=1 offset=1970000 count=32500
    part[2] cum=50.0312% share=25% device_global=2 rank=1 local_index=-1 offset=2002500 count=2000000
    part[3] cum=50.4375% share=0.406247% device_global=3 rank=1 local_index=-1 offset=4002500 count=32500
    part[4] cum=74.9062% share=24.4688% device_global=4 rank=2 local_index=-1 offset=4035000 count=1957500
    part[5] cum=75.2188% share=0.312501% device_global=5 rank=2 local_index=-1 offset=5992500 count=25000
    part[6] cum=99.7812% share=24.5625% device_global=6 rank=3 local_index=-1 offset=6017500 count=1965000
    part[7] cum=100% share=0.218749% device_global=7 rank=3 local_index=-1 offset=7982500 count=17500
    total=100%
  CURRENT loads:
    part[0] cum=24.625% share=24.625% device_global=0 rank=0 local_index=0 offset=0 count=1970000
    part[1] cum=25.0312% share=0.40625% device_global=1 rank=0 local_index=1 offset=1970000 count=32500
    part[2] cum=50.0312% share=25% device_global=2 rank=1 local_index=-1 offset=2002500 count=2000000
    part[3] cum=50.4375% share=0.406247% device_global=3 rank=1 local_index=-1 offset=4002500 count=32500
    part[4] cum=74.9062% share=24.4688% device_global=4 rank=2 local_index=-1 offset=4035000 count=1957500
    part[5] cum=75.2188% share=0.312501% device_global=5 rank=2 local_index=-1 offset=5992500 count=25000
    part[6] cum=99.7812% share=24.5625% device_global=6 rank=3 local_index=-1 offset=6017500 count=1965000
    part[7] cum=100% share=0.218749% device_global=7 rank=3 local_index=-1 offset=7982500 count=17500
    total=100%

=== PARTICOES FINAIS ===
=== Particoes globais ===
part[0] device_global=0 rank=0 local_index=0 offset=0 count=1970000
part[1] device_global=1 rank=0 local_index=1 offset=1970000 count=32500
part[2] device_global=2 rank=1 local_index=-1 offset=2002500 count=2000000
part[3] device_global=3 rank=1 local_index=-1 offset=4002500 count=32500
part[4] device_global=4 rank=2 local_index=-1 offset=4035000 count=1957500
part[5] device_global=5 rank=2 local_index=-1 offset=5992500 count=25000
part[6] device_global=6 rank=3 local_index=-1 offset=6017500 count=1965000
part[7] device_global=7 rank=3 local_index=-1 offset=7982500 count=17500


============================
ITERACAO 10000
Tempo de execução: 56.121s
