=== Dispositivos locais do rank 3 ===
global=6 local=0 nome="NVIDIA RTX 2000 Ada Generation" compute_units=22
global=7 local=1 nome="Intel(R) Xeon(R) CPU           E5620  @ 2.40GHz" compute_units=16

=== Dispositivos locais do rank 2 ===
global=4 local=0 nome="NVIDIA RTX 2000 Ada Generation" compute_units==== Dispositivos locais do rank 1 ===
global=2 local=0 nome="NVIDIA RTX 2000 Ada Generation" compute_units=22
global=3 local=1 nome="Intel(R) Xeon(R) CPU           E5620  @ 2.40GHz" compute_units=16

22
global=5 local=1 nome="Intel(R) Xeon(R) CPU           E5620  @ 2.40GHz" compute_units=16

=== Dispositivos locais do rank 0 ===
global=0 local=0 nome="NVIDIA RTX 2000 Ada Generation" compute_units=22
global=1 local=1 nome="Intel(R) Xeon(R) CPU           E5620  @ 2.40GHz" compute_units=16

=== PARTICOES INICIAIS ===
=== Particoes globais ===
part[0] device_global=0 rank=0 local_index=0 offset=0 count=1000000
part[1] device_global=1 rank=0 local_index=1 offset=1000000 count=1000000
part[2] device_global=2 rank=1 local_index=-1 offset=2000000 count=1000000
part[3] device_global=3 rank=1 local_index=-1 offset=3000000 count=1000000
part[4] device_global=4 rank=2 local_index=-1 offset=4000000 count=1000000
part[5] device_global=5 rank=2 local_index=-1 offset=5000000 count=1000000
part[6] device_global=6 rank=3 local_index=-1 offset=6000000 count=1000000
part[7] device_global=7 rank=3 local_index=-1 offset=7000000 count=1000000

X = 50 Y = 50 Z = 3200 Iterations = 10000
[DCL][balance-metrics] iteration=100
  policy=threshold
  action=rebalance
  reason=accepted by fixed threshold; diff=0.243042, threshold=0.01
  T_compute_interval_s=5.40528
  T_comm_interval_s=5.1349
  T_balance_total_s=0.292879
  T_rebalance_apply_s=0.0747294
  T_compute_accum_s=5.40528
  T_comm_accum_s=5.1349
  T_balance_accum_s=0.292879
  T_rebalance_apply_accum_s=0.0747294
  device_times_s:
    part[0]=0.0499065
    part[1]=3.01807
    part[2]=0.0482035
    part[3]=3.05733
    part[4]=0.049172
    part[5]=4.27846
    part[6]=0.0489818
    part[7]=5.40528
  OLD loads:
    part[0] cum=12.5% share=12.5% device_global=0 rank=0 local_index=0 offset=0 count=1940000
    part[1] cum=25% share=12.5% device_global=1 rank=0 local_index=1 offset=1940000 count=32500
    part[2] cum=37.5% share=12.5% device_global=2 rank=1 local_index=-1 offset=1972500 count=2010000
    part[3] cum=50% share=12.5% device_global=3 rank=1 local_index=-1 offset=3982500 count=30000
    part[4] cum=62.5% share=12.5% device_global=4 rank=2 local_index=-1 offset=4012500 count=1970000
    part[5] cum=75% share=12.5% device_global=5 rank=2 local_index=-1 offset=5982500 count=22500
    part[6] cum=87.5% share=12.5% device_global=6 rank=3 local_index=-1 offset=6005000 count=1977500
    part[7] cum=100% share=12.5% device_global=7 rank=3 local_index=-1 offset=7982500 count=17500
    total=100%
  PROPOSED loads:
    part[0] cum=24.25% share=24.25% device_global=0 rank=0 local_index=0 offset=0 count=1940000
    part[1] cum=24.6562% share=0.406249% device_global=1 rank=0 local_index=1 offset=1940000 count=32500
    part[2] cum=49.7812% share=25.125% device_global=2 rank=1 local_index=-1 offset=1972500 count=2010000
    part[3] cum=50.1562% share=0.374997% device_global=3 rank=1 local_index=-1 offset=3982500 count=30000
    part[4] cum=74.7812% share=24.625% device_global=4 rank=2 local_index=-1 offset=4012500 count=1970000
    part[5] cum=75.0625% share=0.28125% device_global=5 rank=2 local_index=-1 offset=5982500 count=22500
    part[6] cum=99.7812% share=24.7188% device_global=6 rank=3 local_index=-1 offset=6005000 count=1977500
    part[7] cum=100% share=0.218749% device_global=7 rank=3 local_index=-1 offset=7982500 count=17500
    total=100%
  CURRENT loads:
    part[0] cum=24.25% share=24.25% device_global=0 rank=0 local_index=0 offset=0 count=1940000
    part[1] cum=24.6562% share=0.406249% device_global=1 rank=0 local_index=1 offset=1940000 count=32500
    part[2] cum=49.7812% share=25.125% device_global=2 rank=1 local_index=-1 offset=1972500 count=2010000
    part[3] cum=50.1562% share=0.374997% device_global=3 rank=1 local_index=-1 offset=3982500 count=30000
    part[4] cum=74.7812% share=24.625% device_global=4 rank=2 local_index=-1 offset=4012500 count=1970000
    part[5] cum=75.0625% share=0.28125% device_global=5 rank=2 local_index=-1 offset=5982500 count=22500
    part[6] cum=99.7812% share=24.7188% device_global=6 rank=3 local_index=-1 offset=6005000 count=1977500
    part[7] cum=100% share=0.218749% device_global=7 rank=3 local_index=-1 offset=7982500 count=17500
    total=100%
[DCL][balance-metrics] iteration=1100
  policy=threshold
  action=skip
  reason=load difference below fixed threshold; diff=0.00621868, threshold=0.01
  T_compute_interval_s=1.39181
  T_comm_interval_s=4.25405
  T_balance_total_s=0.0177481
  T_rebalance_apply_s=0
  T_compute_accum_s=6.79708
  T_comm_accum_s=9.38895
  T_balance_accum_s=0.310627
  T_rebalance_apply_accum_s=0.0747294
  device_times_s:
    part[0]=0.92257
    part[1]=0.975785
    part[2]=0.951886
    part[3]=1.07288
    part[4]=0.936064
    part[5]=1.39181
    part[6]=0.937639
    part[7]=1.377
  OLD loads:
    part[0] cum=24.25% share=24.25% device_global=0 rank=0 local_index=0 offset=0 count=1940000
    part[1] cum=24.6562% share=0.406249% device_global=1 rank=0 local_index=1 offset=1940000 count=32500
    part[2] cum=49.7812% share=25.125% device_global=2 rank=1 local_index=-1 offset=1972500 count=2010000
    part[3] cum=50.1562% share=0.374997% device_global=3 rank=1 local_index=-1 offset=3982500 count=30000
    part[4] cum=74.7812% share=24.625% device_global=4 rank=2 local_index=-1 offset=4012500 count=1970000
    part[5] cum=75.0625% share=0.28125% device_global=5 rank=2 local_index=-1 offset=5982500 count=22500
    part[6] cum=99.7812% share=24.7188% device_global=6 rank=3 local_index=-1 offset=6005000 count=1977500
    part[7] cum=100% share=0.218749% device_global=7 rank=3 local_index=-1 offset=7982500 count=17500
    total=100%
  PROPOSED loads:
    part[0] cum=24.6875% share=24.6875% device_global=0 rank=0 local_index=0 offset=0 count=1940000
    part[1] cum=25.0625% share=0.375001% device_global=1 rank=0 local_index=1 offset=1940000 count=32500
    part[2] cum=49.875% share=24.8125% device_global=2 rank=1 local_index=-1 offset=1972500 count=2010000
    part[3] cum=50.1875% share=0.312498% device_global=3 rank=1 local_index=-1 offset=3982500 count=30000
    part[4] cum=74.9062% share=24.7188% device_global=4 rank=2 local_index=-1 offset=4012500 count=1970000
    part[5] cum=75.0938% share=0.187504% device_global=5 rank=2 local_index=-1 offset=5982500 count=22500
    part[6] cum=99.8438% share=24.75% device_global=6 rank=3 local_index=-1 offset=6005000 count=1977500
    part[7] cum=100% share=0.156248% device_global=7 rank=3 local_index=-1 offset=7982500 count=17500
    total=100%
  CURRENT loads:
    part[0] cum=24.25% share=24.25% device_global=0 rank=0 local_index=0 offset=0 count=1940000
    part[1] cum=24.6562% share=0.406249% device_global=1 rank=0 local_index=1 offset=1940000 count=32500
    part[2] cum=49.7812% share=25.125% device_global=2 rank=1 local_index=-1 offset=1972500 count=2010000
    part[3] cum=50.1562% share=0.374997% device_global=3 rank=1 local_index=-1 offset=3982500 count=30000
    part[4] cum=74.7812% share=24.625% device_global=4 rank=2 local_index=-1 offset=4012500 count=1970000
    part[5] cum=75.0625% share=0.28125% device_global=5 rank=2 local_index=-1 offset=5982500 count=22500
    part[6] cum=99.7812% share=24.7188% device_global=6 rank=3 local_index=-1 offset=6005000 count=1977500
    part[7] cum=100% share=0.218749% device_global=7 rank=3 local_index=-1 offset=7982500 count=17500
    total=100%
[DCL][balance-metrics] iteration=2100
  policy=threshold
  action=skip
  reason=load difference below fixed threshold; diff=0.0062656, threshold=0.01
  T_compute_interval_s=1.25455
  T_comm_interval_s=4.3354
  T_balance_total_s=0.0156709
  T_rebalance_apply_s=0
  T_compute_accum_s=8.05163
  T_comm_accum_s=13.7243
  T_balance_accum_s=0.326298
  T_rebalance_apply_accum_s=0.0747294
  device_times_s:
    part[0]=0.920985
    part[1]=0.957812
    part[2]=0.953832
    part[3]=0.933727
    part[4]=0.935883
    part[5]=1.04784
    part[6]=0.937283
    part[7]=1.25455
  OLD loads:
    part[0] cum=24.25% share=24.25% device_global=0 rank=0 local_index=0 offset=0 count=1940000
    part[1] cum=24.6562% share=0.406249% device_global=1 rank=0 local_index=1 offset=1940000 count=32500
    part[2] cum=49.7812% share=25.125% device_global=2 rank=1 local_index=-1 offset=1972500 count=2010000
    part[3] cum=50.1562% share=0.374997% device_global=3 rank=1 local_index=-1 offset=3982500 count=30000
    part[4] cum=74.7812% share=24.625% device_global=4 rank=2 local_index=-1 offset=4012500 count=1970000
    part[5] cum=75.0625% share=0.28125% device_global=5 rank=2 local_index=-1 offset=5982500 count=22500
    part[6] cum=99.7812% share=24.7188% device_global=6 rank=3 local_index=-1 offset=6005000 count=1977500
    part[7] cum=100% share=0.218749% device_global=7 rank=3 local_index=-1 offset=7982500 count=17500
    total=100%
  PROPOSED loads:
    part[0] cum=24.6875% share=24.6875% device_global=0 rank=0 local_index=0 offset=0 count=1940000
    part[1] cum=25.0938% share=0.406249% device_global=1 rank=0 local_index=1 offset=1940000 count=32500
    part[2] cum=49.7812% share=24.6875% device_global=2 rank=1 local_index=-1 offset=1972500 count=2010000
    part[3] cum=50.1875% share=0.406247% device_global=3 rank=1 local_index=-1 offset=3982500 count=30000
    part[4] cum=74.8438% share=24.6563% device_global=4 rank=2 local_index=-1 offset=4012500 count=1970000
    part[5] cum=75.0938% share=0.25% device_global=5 rank=2 local_index=-1 offset=5982500 count=22500
    part[6] cum=99.8438% share=24.75% device_global=6 rank=3 local_index=-1 offset=6005000 count=1977500
    part[7] cum=100% share=0.156248% device_global=7 rank=3 local_index=-1 offset=7982500 count=17500
    total=100%
  CURRENT loads:
    part[0] cum=24.25% share=24.25% device_global=0 rank=0 local_index=0 offset=0 count=1940000
    part[1] cum=24.6562% share=0.406249% device_global=1 rank=0 local_index=1 offset=1940000 count=32500
    part[2] cum=49.7812% share=25.125% device_global=2 rank=1 local_index=-1 offset=1972500 count=2010000
    part[3] cum=50.1562% share=0.374997% device_global=3 rank=1 local_index=-1 offset=3982500 count=30000
    part[4] cum=74.7812% share=24.625% device_global=4 rank=2 local_index=-1 offset=4012500 count=1970000
    part[5] cum=75.0625% share=0.28125% device_global=5 rank=2 local_index=-1 offset=5982500 count=22500
    part[6] cum=99.7812% share=24.7188% device_global=6 rank=3 local_index=-1 offset=6005000 count=1977500
    part[7] cum=100% share=0.218749% device_global=7 rank=3 local_index=-1 offset=7982500 count=17500
    total=100%
[DCL][balance-metrics] iteration=3100
  policy=threshold
  action=skip
  reason=load difference below fixed threshold; diff=0.00581284, threshold=0.01
  T_compute_interval_s=1.0392
  T_comm_interval_s=4.3646
  T_balance_total_s=0.01531
  T_rebalance_apply_s=0
  T_compute_accum_s=9.09083
  T_comm_accum_s=18.089
  T_balance_accum_s=0.341608
  T_rebalance_apply_accum_s=0.0747294
  device_times_s:
    part[0]=0.920778
    part[1]=0.933518
    part[2]=0.951248
    part[3]=0.901368
    part[4]=0.936388
    part[5]=0.874306
    part[6]=0.93731
    part[7]=1.0392
  OLD loads:
    part[0] cum=24.25% share=24.25% device_global=0 rank=0 local_index=0 offset=0 count=1940000
    part[1] cum=24.6562% share=0.406249% device_global=1 rank=0 local_index=1 offset=1940000 count=32500
    part[2] cum=49.7812% share=25.125% device_global=2 rank=1 local_index=-1 offset=1972500 count=2010000
    part[3] cum=50.1562% share=0.374997% device_global=3 rank=1 local_index=-1 offset=3982500 count=30000
    part[4] cum=74.7812% share=24.625% device_global=4 rank=2 local_index=-1 offset=4012500 count=1970000
    part[5] cum=75.0625% share=0.28125% device_global=5 rank=2 local_index=-1 offset=5982500 count=22500
    part[6] cum=99.7812% share=24.7188% device_global=6 rank=3 local_index=-1 offset=6005000 count=1977500
    part[7] cum=100% share=0.218749% device_global=7 rank=3 local_index=-1 offset=7982500 count=17500
    total=100%
  PROPOSED loads:
    part[0] cum=24.6562% share=24.6562% device_global=0 rank=0 local_index=0 offset=0 count=1940000
    part[1] cum=25.0625% share=0.406252% device_global=1 rank=0 local_index=1 offset=1940000 count=32500
    part[2] cum=49.8125% share=24.75% device_global=2 rank=1 local_index=-1 offset=1972500 count=2010000
    part[3] cum=50.1875% share=0.375% device_global=3 rank=1 local_index=-1 offset=3982500 count=30000
    part[4] cum=74.8125% share=24.625% device_global=4 rank=2 local_index=-1 offset=4012500 count=1970000
    part[5] cum=75.125% share=0.312501% device_global=5 rank=2 local_index=-1 offset=5982500 count=22500
    part[6] cum=99.8125% share=24.6875% device_global=6 rank=3 local_index=-1 offset=6005000 count=1977500
    part[7] cum=100% share=0.187498% device_global=7 rank=3 local_index=-1 offset=7982500 count=17500
    total=100%
  CURRENT loads:
    part[0] cum=24.25% share=24.25% device_global=0 rank=0 local_index=0 offset=0 count=1940000
    part[1] cum=24.6562% share=0.406249% device_global=1 rank=0 local_index=1 offset=1940000 count=32500
    part[2] cum=49.7812% share=25.125% device_global=2 rank=1 local_index=-1 offset=1972500 count=2010000
    part[3] cum=50.1562% share=0.374997% device_global=3 rank=1 local_index=-1 offset=3982500 count=30000
    part[4] cum=74.7812% share=24.625% device_global=4 rank=2 local_index=-1 offset=4012500 count=1970000
    part[5] cum=75.0625% share=0.28125% device_global=5 rank=2 local_index=-1 offset=5982500 count=22500
    part[6] cum=99.7812% share=24.7188% device_global=6 rank=3 local_index=-1 offset=6005000 count=1977500
    part[7] cum=100% share=0.218749% device_global=7 rank=3 local_index=-1 offset=7982500 count=17500
    total=100%
[DCL][balance-metrics] iteration=4100
  policy=threshold
  action=skip
  reason=load difference below fixed threshold; diff=0.00534001, threshold=0.01
  T_compute_interval_s=0.951258
  T_comm_interval_s=4.40064
  T_balance_total_s=0.0172785
  T_rebalance_apply_s=0
  T_compute_accum_s=10.0421
  T_comm_accum_s=22.4896
  T_balance_accum_s=0.358886
  T_rebalance_apply_accum_s=0.0747294
  device_times_s:
    part[0]=0.92089
    part[1]=0.939152
    part[2]=0.951258
    part[3]=0.891099
    part[4]=0.935924
    part[5]=0.803718
    part[6]=0.937242
    part[7]=0.856544
  OLD loads:
    part[0] cum=24.25% share=24.25% device_global=0 rank=0 local_index=0 offset=0 count=1940000
    part[1] cum=24.6562% share=0.406249% device_global=1 rank=0 local_index=1 offset=1940000 count=32500
    part[2] cum=49.7812% share=25.125% device_global=2 rank=1 local_index=-1 offset=1972500 count=2010000
    part[3] cum=50.1562% share=0.374997% device_global=3 rank=1 local_index=-1 offset=3982500 count=30000
    part[4] cum=74.7812% share=24.625% device_global=4 rank=2 local_index=-1 offset=4012500 count=1970000
    part[5] cum=75.0625% share=0.28125% device_global=5 rank=2 local_index=-1 offset=5982500 count=22500
    part[6] cum=99.7812% share=24.7188% device_global=6 rank=3 local_index=-1 offset=6005000 count=1977500
    part[7] cum=100% share=0.218749% device_global=7 rank=3 local_index=-1 offset=7982500 count=17500
    total=100%
  PROPOSED loads:
    part[0] cum=24.625% share=24.625% device_global=0 rank=0 local_index=0 offset=0 count=1940000
    part[1] cum=25.0312% share=0.40625% device_global=1 rank=0 local_index=1 offset=1940000 count=32500
    part[2] cum=49.75% share=24.7188% device_global=2 rank=1 local_index=-1 offset=1972500 count=2010000
    part[3] cum=50.1562% share=0.406247% device_global=3 rank=1 local_index=-1 offset=3982500 count=30000
    part[4] cum=74.75% share=24.5938% device_global=4 rank=2 local_index=-1 offset=4012500 count=1970000
    part[5] cum=75.0938% share=0.343752% device_global=5 rank=2 local_index=-1 offset=5982500 count=22500
    part[6] cum=99.75% share=24.6562% device_global=6 rank=3 local_index=-1 offset=6005000 count=1977500
    part[7] cum=100% share=0.25% device_global=7 rank=3 local_index=-1 offset=7982500 count=17500
    total=100%
  CURRENT loads:
    part[0] cum=24.25% share=24.25% device_global=0 rank=0 local_index=0 offset=0 count=1940000
    part[1] cum=24.6562% share=0.406249% device_global=1 rank=0 local_index=1 offset=1940000 count=32500
    part[2] cum=49.7812% share=25.125% device_global=2 rank=1 local_index=-1 offset=1972500 count=2010000
    part[3] cum=50.1562% share=0.374997% device_global=3 rank=1 local_index=-1 offset=3982500 count=30000
    part[4] cum=74.7812% share=24.625% device_global=4 rank=2 local_index=-1 offset=4012500 count=1970000
    part[5] cum=75.0625% share=0.28125% device_global=5 rank=2 local_index=-1 offset=5982500 count=22500
    part[6] cum=99.7812% share=24.7188% device_global=6 rank=3 local_index=-1 offset=6005000 count=1977500
    part[7] cum=100% share=0.218749% device_global=7 rank=3 local_index=-1 offset=7982500 count=17500
    total=100%
[DCL][balance-metrics] iteration=5100
  policy=threshold
  action=skip
  reason=load difference below fixed threshold; diff=0.00542168, threshold=0.01
  T_compute_interval_s=0.951187
  T_comm_interval_s=4.40042
  T_balance_total_s=0.0169381
  T_rebalance_apply_s=0
  T_compute_accum_s=10.9933
  T_comm_accum_s=26.89
  T_balance_accum_s=0.375824
  T_rebalance_apply_accum_s=0.0747294
  device_times_s:
    part[0]=0.921021
    part[1]=0.93308
    part[2]=0.951187
    part[3]=0.883271
    part[4]=0.936408
    part[5]=0.763671
    part[6]=0.937076
    part[7]=0.765651
  OLD loads:
    part[0] cum=24.25% share=24.25% device_global=0 rank=0 local_index=0 offset=0 count=1940000
    part[1] cum=24.6562% share=0.406249% device_global=1 rank=0 local_index=1 offset=1940000 count=32500
    part[2] cum=49.7812% share=25.125% device_global=2 rank=1 local_index=-1 offset=1972500 count=2010000
    part[3] cum=50.1562% share=0.374997% device_global=3 rank=1 local_index=-1 offset=3982500 count=30000
    part[4] cum=74.7812% share=24.625% device_global=4 rank=2 local_index=-1 offset=4012500 count=1970000
    part[5] cum=75.0625% share=0.28125% device_global=5 rank=2 local_index=-1 offset=5982500 count=22500
    part[6] cum=99.7812% share=24.7188% device_global=6 rank=3 local_index=-1 offset=6005000 count=1977500
    part[7] cum=100% share=0.218749% device_global=7 rank=3 local_index=-1 offset=7982500 count=17500
    total=100%
  PROPOSED loads:
    part[0] cum=24.625% share=24.625% device_global=0 rank=0 local_index=0 offset=0 count=1940000
    part[1] cum=25.0312% share=0.40625% device_global=1 rank=0 local_index=1 offset=1940000 count=32500
    part[2] cum=49.7188% share=24.6875% device_global=2 rank=1 local_index=-1 offset=1972500 count=2010000
    part[3] cum=50.125% share=0.406253% device_global=3 rank=1 local_index=-1 offset=3982500 count=30000
    part[4] cum=74.7188% share=24.5937% device_global=4 rank=2 local_index=-1 offset=4012500 count=1970000
    part[5] cum=75.0625% share=0.343752% device_global=5 rank=2 local_index=-1 offset=5982500 count=22500
    part[6] cum=99.7188% share=24.6562% device_global=6 rank=3 local_index=-1 offset=6005000 count=1977500
    part[7] cum=100% share=0.28125% device_global=7 rank=3 local_index=-1 offset=7982500 count=17500
    total=100%
  CURRENT loads:
    part[0] cum=24.25% share=24.25% device_global=0 rank=0 local_index=0 offset=0 count=1940000
    part[1] cum=24.6562% share=0.406249% device_global=1 rank=0 local_index=1 offset=1940000 count=32500
    part[2] cum=49.7812% share=25.125% device_global=2 rank=1 local_index=-1 offset=1972500 count=2010000
    part[3] cum=50.1562% share=0.374997% device_global=3 rank=1 local_index=-1 offset=3982500 count=30000
    part[4] cum=74.7812% share=24.625% device_global=4 rank=2 local_index=-1 offset=4012500 count=1970000
    part[5] cum=75.0625% share=0.28125% device_global=5 rank=2 local_index=-1 offset=5982500 count=22500
    part[6] cum=99.7812% share=24.7188% device_global=6 rank=3 local_index=-1 offset=6005000 count=1977500
    part[7] cum=100% share=0.218749% device_global=7 rank=3 local_index=-1 offset=7982500 count=17500
    total=100%
[DCL][balance-metrics] iteration=6100
  policy=threshold
  action=skip
  reason=load difference below fixed threshold; diff=0.00501949, threshold=0.01
  T_compute_interval_s=0.951283
  T_comm_interval_s=4.44596
  T_balance_total_s=0.0153228
  T_rebalance_apply_s=0
  T_compute_accum_s=11.9446
  T_comm_accum_s=31.336
  T_balance_accum_s=0.391147
  T_rebalance_apply_accum_s=0.0747294
  device_times_s:
    part[0]=0.922005
    part[1]=0.940697
    part[2]=0.951283
    part[3]=0.883523
    part[4]=0.936282
    part[5]=0.749248
    part[6]=0.937509
    part[7]=0.732619
  OLD loads:
    part[0] cum=24.25% share=24.25% device_global=0 rank=0 local_index=0 offset=0 count=1940000
    part[1] cum=24.6562% share=0.406249% device_global=1 rank=0 local_index=1 offset=1940000 count=32500
    part[2] cum=49.7812% share=25.125% device_global=2 rank=1 local_index=-1 offset=1972500 count=2010000
    part[3] cum=50.1562% share=0.374997% device_global=3 rank=1 local_index=-1 offset=3982500 count=30000
    part[4] cum=74.7812% share=24.625% device_global=4 rank=2 local_index=-1 offset=4012500 count=1970000
    part[5] cum=75.0625% share=0.28125% device_global=5 rank=2 local_index=-1 offset=5982500 count=22500
    part[6] cum=99.7812% share=24.7188% device_global=6 rank=3 local_index=-1 offset=6005000 count=1977500
    part[7] cum=100% share=0.218749% device_global=7 rank=3 local_index=-1 offset=7982500 count=17500
    total=100%
  PROPOSED loads:
    part[0] cum=24.5938% share=24.5938% device_global=0 rank=0 local_index=0 offset=0 count=1940000
    part[1] cum=25% share=0.40625% device_global=1 rank=0 local_index=1 offset=1940000 count=32500
    part[2] cum=49.7188% share=24.7188% device_global=2 rank=1 local_index=-1 offset=1972500 count=2010000
    part[3] cum=50.0938% share=0.375003% device_global=3 rank=1 local_index=-1 offset=3982500 count=30000
    part[4] cum=74.7188% share=24.625% device_global=4 rank=2 local_index=-1 offset=4012500 count=1970000
    part[5] cum=75.0625% share=0.343752% device_global=5 rank=2 local_index=-1 offset=5982500 count=22500
    part[6] cum=99.7188% share=24.6562% device_global=6 rank=3 local_index=-1 offset=6005000 count=1977500
    part[7] cum=100% share=0.28125% device_global=7 rank=3 local_index=-1 offset=7982500 count=17500
    total=100%
  CURRENT loads:
    part[0] cum=24.25% share=24.25% device_global=0 rank=0 local_index=0 offset=0 count=1940000
    part[1] cum=24.6562% share=0.406249% device_global=1 rank=0 local_index=1 offset=1940000 count=32500
    part[2] cum=49.7812% share=25.125% device_global=2 rank=1 local_index=-1 offset=1972500 count=2010000
    part[3] cum=50.1562% share=0.374997% device_global=3 rank=1 local_index=-1 offset=3982500 count=30000
    part[4] cum=74.7812% share=24.625% device_global=4 rank=2 local_index=-1 offset=4012500 count=1970000
    part[5] cum=75.0625% share=0.28125% device_global=5 rank=2 local_index=-1 offset=5982500 count=22500
    part[6] cum=99.7812% share=24.7188% device_global=6 rank=3 local_index=-1 offset=6005000 count=1977500
    part[7] cum=100% share=0.218749% device_global=7 rank=3 local_index=-1 offset=7982500 count=17500
    total=100%
[DCL][balance-metrics] iteration=7100
  policy=threshold
  action=skip
  reason=load difference below fixed threshold; diff=0.00542168, threshold=0.01
  T_compute_interval_s=0.9512
  T_comm_interval_s=4.47531
  T_balance_total_s=0.0167616
  T_rebalance_apply_s=0
  T_compute_accum_s=12.8958
  T_comm_accum_s=35.8113
  T_balance_accum_s=0.407909
  T_rebalance_apply_accum_s=0.0747294
  device_times_s:
    part[0]=0.920285
    part[1]=0.939116
    part[2]=0.9512
    part[3]=0.873266
    part[4]=0.935906
    part[5]=0.738224
    part[6]=0.93735
    part[7]=0.693996
  OLD loads:
    part[0] cum=24.25% share=24.25% device_global=0 rank=0 local_index=0 offset=0 count=1940000
    part[1] cum=24.6562% share=0.406249% device_global=1 rank=0 local_index=1 offset=1940000 count=32500
    part[2] cum=49.7812% share=25.125% device_global=2 rank=1 local_index=-1 offset=1972500 count=2010000
    part[3] cum=50.1562% share=0.374997% device_global=3 rank=1 local_index=-1 offset=3982500 count=30000
    part[4] cum=74.7812% share=24.625% device_global=4 rank=2 local_index=-1 offset=4012500 count=1970000
    part[5] cum=75.0625% share=0.28125% device_global=5 rank=2 local_index=-1 offset=5982500 count=22500
    part[6] cum=99.7812% share=24.7188% device_global=6 rank=3 local_index=-1 offset=6005000 count=1977500
    part[7] cum=100% share=0.218749% device_global=7 rank=3 local_index=-1 offset=7982500 count=17500
    total=100%
  PROPOSED loads:
    part[0] cum=24.625% share=24.625% device_global=0 rank=0 local_index=0 offset=0 count=1940000
    part[1] cum=25.0312% share=0.40625% device_global=1 rank=0 local_index=1 offset=1940000 count=32500
    part[2] cum=49.7188% share=24.6875% device_global=2 rank=1 local_index=-1 offset=1972500 count=2010000
    part[3] cum=50.125% share=0.406253% device_global=3 rank=1 local_index=-1 offset=3982500 count=30000
    part[4] cum=74.7188% share=24.5937% device_global=4 rank=2 local_index=-1 offset=4012500 count=1970000
    part[5] cum=75.0625% share=0.343752% device_global=5 rank=2 local_index=-1 offset=5982500 count=22500
    part[6] cum=99.7188% share=24.6562% device_global=6 rank=3 local_index=-1 offset=6005000 count=1977500
    part[7] cum=100% share=0.28125% device_global=7 rank=3 local_index=-1 offset=7982500 count=17500
    total=100%
  CURRENT loads:
    part[0] cum=24.25% share=24.25% device_global=0 rank=0 local_index=0 offset=0 count=1940000
    part[1] cum=24.6562% share=0.406249% device_global=1 rank=0 local_index=1 offset=1940000 count=32500
    part[2] cum=49.7812% share=25.125% device_global=2 rank=1 local_index=-1 offset=1972500 count=2010000
    part[3] cum=50.1562% share=0.374997% device_global=3 rank=1 local_index=-1 offset=3982500 count=30000
    part[4] cum=74.7812% share=24.625% device_global=4 rank=2 local_index=-1 offset=4012500 count=1970000
    part[5] cum=75.0625% share=0.28125% device_global=5 rank=2 local_index=-1 offset=5982500 count=22500
    part[6] cum=99.7812% share=24.7188% device_global=6 rank=3 local_index=-1 offset=6005000 count=1977500
    part[7] cum=100% share=0.218749% device_global=7 rank=3 local_index=-1 offset=7982500 count=17500
    total=100%
[DCL][balance-metrics] iteration=8100
  policy=threshold
  action=skip
  reason=load difference below fixed threshold; diff=0.00551986, threshold=0.01
  T_compute_interval_s=0.950856
  T_comm_interval_s=4.48347
  T_balance_total_s=0.0168425
  T_rebalance_apply_s=0
  T_compute_accum_s=13.8466
  T_comm_accum_s=40.2947
  T_balance_accum_s=0.424751
  T_rebalance_apply_accum_s=0.0747294
  device_times_s:
    part[0]=0.920721
    part[1]=0.936027
    part[2]=0.950856
    part[3]=0.87168
    part[4]=0.9368
    part[5]=0.735209
    part[6]=0.937211
    part[7]=0.667539
  OLD loads:
    part[0] cum=24.25% share=24.25% device_global=0 rank=0 local_index=0 offset=0 count=1940000
    part[1] cum=24.6562% share=0.406249% device_global=1 rank=0 local_index=1 offset=1940000 count=32500
    part[2] cum=49.7812% share=25.125% device_global=2 rank=1 local_index=-1 offset=1972500 count=2010000
    part[3] cum=50.1562% share=0.374997% device_global=3 rank=1 local_index=-1 offset=3982500 count=30000
    part[4] cum=74.7812% share=24.625% device_global=4 rank=2 local_index=-1 offset=4012500 count=1970000
    part[5] cum=75.0625% share=0.28125% device_global=5 rank=2 local_index=-1 offset=5982500 count=22500
    part[6] cum=99.7812% share=24.7188% device_global=6 rank=3 local_index=-1 offset=6005000 count=1977500
    part[7] cum=100% share=0.218749% device_global=7 rank=3 local_index=-1 offset=7982500 count=17500
    total=100%
  PROPOSED loads:
    part[0] cum=24.625% share=24.625% device_global=0 rank=0 local_index=0 offset=0 count=1940000
    part[1] cum=25.0312% share=0.40625% device_global=1 rank=0 local_index=1 offset=1940000 count=32500
    part[2] cum=49.7188% share=24.6875% device_global=2 rank=1 local_index=-1 offset=1972500 count=2010000
    part[3] cum=50.125% share=0.406253% device_global=3 rank=1 local_index=-1 offset=3982500 count=30000
    part[4] cum=74.6875% share=24.5625% device_global=4 rank=2 local_index=-1 offset=4012500 count=1970000
    part[5] cum=75.0312% share=0.343752% device_global=5 rank=2 local_index=-1 offset=5982500 count=22500
    part[6] cum=99.6875% share=24.6562% device_global=6 rank=3 local_index=-1 offset=6005000 count=1977500
    part[7] cum=100% share=0.312501% device_global=7 rank=3 local_index=-1 offset=7982500 count=17500
    total=100%
  CURRENT loads:
    part[0] cum=24.25% share=24.25% device_global=0 rank=0 local_index=0 offset=0 count=1940000
    part[1] cum=24.6562% share=0.406249% device_global=1 rank=0 local_index=1 offset=1940000 count=32500
    part[2] cum=49.7812% share=25.125% device_global=2 rank=1 local_index=-1 offset=1972500 count=2010000
    part[3] cum=50.1562% share=0.374997% device_global=3 rank=1 local_index=-1 offset=3982500 count=30000
    part[4] cum=74.7812% share=24.625% device_global=4 rank=2 local_index=-1 offset=4012500 count=1970000
    part[5] cum=75.0625% share=0.28125% device_global=5 rank=2 local_index=-1 offset=5982500 count=22500
    part[6] cum=99.7812% share=24.7188% device_global=6 rank=3 local_index=-1 offset=6005000 count=1977500
    part[7] cum=100% share=0.218749% device_global=7 rank=3 local_index=-1 offset=7982500 count=17500
    total=100%
[DCL][balance-metrics] iteration=9100
  policy=threshold
  action=skip
  reason=load difference below fixed threshold; diff=0.00551986, threshold=0.01
  T_compute_interval_s=0.950911
  T_comm_interval_s=4.48021
  T_balance_total_s=0.0170519
  T_rebalance_apply_s=0
  T_compute_accum_s=14.7975
  T_comm_accum_s=44.775
  T_balance_accum_s=0.441803
  T_rebalance_apply_accum_s=0.0747294
  device_times_s:
    part[0]=0.92044
    part[1]=0.938216
    part[2]=0.950911
    part[3]=0.869371
    part[4]=0.936844
    part[5]=0.729341
    part[6]=0.937307
    part[7]=0.656211
  OLD loads:
    part[0] cum=24.25% share=24.25% device_global=0 rank=0 local_index=0 offset=0 count=1940000
    part[1] cum=24.6562% share=0.406249% device_global=1 rank=0 local_index=1 offset=1940000 count=32500
    part[2] cum=49.7812% share=25.125% device_global=2 rank=1 local_index=-1 offset=1972500 count=2010000
    part[3] cum=50.1562% share=0.374997% device_global=3 rank=1 local_index=-1 offset=3982500 count=30000
    part[4] cum=74.7812% share=24.625% device_global=4 rank=2 local_index=-1 offset=4012500 count=1970000
    part[5] cum=75.0625% share=0.28125% device_global=5 rank=2 local_index=-1 offset=5982500 count=22500
    part[6] cum=99.7812% share=24.7188% device_global=6 rank=3 local_index=-1 offset=6005000 count=1977500
    part[7] cum=100% share=0.218749% device_global=7 rank=3 local_index=-1 offset=7982500 count=17500
    total=100%
  PROPOSED loads:
    part[0] cum=24.625% share=24.625% device_global=0 rank=0 local_index=0 offset=0 count=1940000
    part[1] cum=25.0312% share=0.40625% device_global=1 rank=0 local_index=1 offset=1940000 count=32500
    part[2] cum=49.7188% share=24.6875% device_global=2 rank=1 local_index=-1 offset=1972500 count=2010000
    part[3] cum=50.125% share=0.406253% device_global=3 rank=1 local_index=-1 offset=3982500 count=30000
    part[4] cum=74.6875% share=24.5625% device_global=4 rank=2 local_index=-1 offset=4012500 count=1970000
    part[5] cum=75.0312% share=0.343752% device_global=5 rank=2 local_index=-1 offset=5982500 count=22500
    part[6] cum=99.6875% share=24.6562% device_global=6 rank=3 local_index=-1 offset=6005000 count=1977500
    part[7] cum=100% share=0.312501% device_global=7 rank=3 local_index=-1 offset=7982500 count=17500
    total=100%
  CURRENT loads:
    part[0] cum=24.25% share=24.25% device_global=0 rank=0 local_index=0 offset=0 count=1940000
    part[1] cum=24.6562% share=0.406249% device_global=1 rank=0 local_index=1 offset=1940000 count=32500
    part[2] cum=49.7812% share=25.125% device_global=2 rank=1 local_index=-1 offset=1972500 count=2010000
    part[3] cum=50.1562% share=0.374997% device_global=3 rank=1 local_index=-1 offset=3982500 count=30000
    part[4] cum=74.7812% share=24.625% device_global=4 rank=2 local_index=-1 offset=4012500 count=1970000
    part[5] cum=75.0625% share=0.28125% device_global=5 rank=2 local_index=-1 offset=5982500 count=22500
    part[6] cum=99.7812% share=24.7188% device_global=6 rank=3 local_index=-1 offset=6005000 count=1977500
    part[7] cum=100% share=0.218749% device_global=7 rank=3 local_index=-1 offset=7982500 count=17500
    total=100%

=== PARTICOES FINAIS ===
=== Particoes globais ===
part[0] device_global=0 rank=0 local_index=0 offset=0 count=1940000
part[1] device_global=1 rank=0 local_index=1 offset=1940000 count=32500
part[2] device_global=2 rank=1 local_index=-1 offset=1972500 count=2010000
part[3] device_global=3 rank=1 local_index=-1 offset=3982500 count=30000
part[4] device_global=4 rank=2 local_index=-1 offset=4012500 count=1970000
part[5] device_global=5 rank=2 local_index=-1 offset=5982500 count=22500
part[6] device_global=6 rank=3 local_index=-1 offset=6005000 count=1977500
part[7] device_global=7 rank=3 local_index=-1 offset=7982500 count=17500


============================
ITERACAO 10000
Tempo de execução: 57.1539s
