=== Dispositivos locais do rank 0 ===
global=0 local=0 nome="NVIDIA RTX 2000 Ada Generation" compute_units=22
global=1 local=1 nome="Intel(R) Xeon(R) CPU           E5620  @ 2.40GHz" compute_units=16

=== Dispositivos locais do rank 2 ===
global=4 local=0 nome="NVIDIA RTX 2000 Ada Generation" compute_units=22
global=5 local=1 nome="Intel(R) Xeon(R) CPU           E5620  @ 2.40GHz" compute_units=16

=== Dispositivos locais do rank 1 ===
global=2 local=0 nome="NVIDIA RTX 2000 Ada Generation" compute_units=22
global=3 local=1 nome="Intel(R) Xeon(R) CPU           E5620  @ 2.40GHz" compute_units=16

=== Dispositivos locais do rank 3 ===
global=6 local=0 nome="NVIDIA RTX 2000 Ada Generation" compute_units=22
global=7 local=1 nome="Intel(R) Xeon(R) CPU           E5620  @ 2.40GHz" compute_units=16

=== PARTICOES INICIAIS ===
=== Particoes globais ===
part[0] device_global=0 rank=0 local_index=0 offset=0 count=1000000
part[1] device_global=1 rank=0 local_index=1 offset=1000000 count=1000000
part[2] device_global=2 rank=1 local_index=-1 offset=2000000 count=1000000
part[3] device_global=3 rank=1 local_index=-1 offset=3000000 count=1000000
part[4] device_global=4 rank=2 local_index=-1 offset=4000000 count=1000000
part[5] device_global=5 rank=2 local_index=-1 offset=5000000 count=1000000
part[6] device_global=6 rank=3 local_index=-1 offset=6000000 count=1000000
part[7] device_global=7 rank=3 local_index=-1 offset=7000000 count=1000000

X = 50 Y = 50 Z = 3200 Iterations = 10000
[DCL][balance-metrics] iteration=100
  policy=threshold
  action=rebalance
  reason=accepted by fixed threshold; diff=0.247095, threshold=0.01
  T_compute_interval_s=5.41566
  T_comm_interval_s=5.35107
  T_balance_total_s=0.292599
  T_rebalance_apply_s=0.0742807
  T_compute_accum_s=5.41566
  T_comm_accum_s=5.35107
  T_balance_accum_s=0.292599
  T_rebalance_apply_accum_s=0.0742807
  device_times_s:
    part[0]=0.0486528
    part[1]=3.01504
    part[2]=0.0482885
    part[3]=3.05439
    part[4]=0.0494258
    part[5]=4.3139
    part[6]=0.0487852
    part[7]=5.41566
  OLD loads:
    part[0] cum=12.5% share=12.5% device_global=0 rank=0 local_index=0 offset=0 count=1980000
    part[1] cum=25% share=12.5% device_global=1 rank=0 local_index=1 offset=1980000 count=32500
    part[2] cum=37.5% share=12.5% device_global=2 rank=1 local_index=-1 offset=2012500 count=1992500
    part[3] cum=50% share=12.5% device_global=3 rank=1 local_index=-1 offset=4005000 count=32500
    part[4] cum=62.5% share=12.5% device_global=4 rank=2 local_index=-1 offset=4037500 count=1947500
    part[5] cum=75% share=12.5% device_global=5 rank=2 local_index=-1 offset=5985000 count=22500
    part[6] cum=87.5% share=12.5% device_global=6 rank=3 local_index=-1 offset=6007500 count=1975000
    part[7] cum=100% share=12.5% device_global=7 rank=3 local_index=-1 offset=7982500 count=17500
    total=100%
  PROPOSED loads:
    part[0] cum=24.75% share=24.75% device_global=0 rank=0 local_index=0 offset=0 count=1980000
    part[1] cum=25.1562% share=0.40625% device_global=1 rank=0 local_index=1 offset=1980000 count=32500
    part[2] cum=50.0625% share=24.9062% device_global=2 rank=1 local_index=-1 offset=2012500 count=1992500
    part[3] cum=50.4688% share=0.406247% device_global=3 rank=1 local_index=-1 offset=4005000 count=32500
    part[4] cum=74.8125% share=24.3438% device_global=4 rank=2 local_index=-1 offset=4037500 count=1947500
    part[5] cum=75.0938% share=0.28125% device_global=5 rank=2 local_index=-1 offset=5985000 count=22500
    part[6] cum=99.7812% share=24.6875% device_global=6 rank=3 local_index=-1 offset=6007500 count=1975000
    part[7] cum=100% share=0.218749% device_global=7 rank=3 local_index=-1 offset=7982500 count=17500
    total=100%
  CURRENT loads:
    part[0] cum=24.75% share=24.75% device_global=0 rank=0 local_index=0 offset=0 count=1980000
    part[1] cum=25.1562% share=0.40625% device_global=1 rank=0 local_index=1 offset=1980000 count=32500
    part[2] cum=50.0625% share=24.9062% device_global=2 rank=1 local_index=-1 offset=2012500 count=1992500
    part[3] cum=50.4688% share=0.406247% device_global=3 rank=1 local_index=-1 offset=4005000 count=32500
    part[4] cum=74.8125% share=24.3438% device_global=4 rank=2 local_index=-1 offset=4037500 count=1947500
    part[5] cum=75.0938% share=0.28125% device_global=5 rank=2 local_index=-1 offset=5985000 count=22500
    part[6] cum=99.7812% share=24.6875% device_global=6 rank=3 local_index=-1 offset=6007500 count=1975000
    part[7] cum=100% share=0.218749% device_global=7 rank=3 local_index=-1 offset=7982500 count=17500
    total=100%
[DCL][balance-metrics] iteration=1100
  policy=threshold
  action=skip
  reason=load difference below fixed threshold; diff=0.00359036, threshold=0.01
  T_compute_interval_s=1.40276
  T_comm_interval_s=4.36566
  T_balance_total_s=0.0183197
  T_rebalance_apply_s=0
  T_compute_accum_s=6.81842
  T_comm_accum_s=9.71673
  T_balance_accum_s=0.310919
  T_rebalance_apply_accum_s=0.0742807
  device_times_s:
    part[0]=0.940272
    part[1]=0.977128
    part[2]=0.94479
    part[3]=1.16169
    part[4]=0.925556
    part[5]=1.40276
    part[6]=0.936132
    part[7]=1.38434
  OLD loads:
    part[0] cum=24.75% share=24.75% device_global=0 rank=0 local_index=0 offset=0 count=1980000
    part[1] cum=25.1562% share=0.40625% device_global=1 rank=0 local_index=1 offset=1980000 count=32500
    part[2] cum=50.0625% share=24.9062% device_global=2 rank=1 local_index=-1 offset=2012500 count=1992500
    part[3] cum=50.4688% share=0.406247% device_global=3 rank=1 local_index=-1 offset=4005000 count=32500
    part[4] cum=74.8125% share=24.3438% device_global=4 rank=2 local_index=-1 offset=4037500 count=1947500
    part[5] cum=75.0938% share=0.28125% device_global=5 rank=2 local_index=-1 offset=5985000 count=22500
    part[6] cum=99.7812% share=24.6875% device_global=6 rank=3 local_index=-1 offset=6007500 count=1975000
    part[7] cum=100% share=0.218749% device_global=7 rank=3 local_index=-1 offset=7982500 count=17500
    total=100%
  PROPOSED loads:
    part[0] cum=24.7188% share=24.7188% device_global=0 rank=0 local_index=0 offset=0 count=1980000
    part[1] cum=25.125% share=0.40625% device_global=1 rank=0 local_index=1 offset=1980000 count=32500
    part[2] cum=49.875% share=24.75% device_global=2 rank=1 local_index=-1 offset=2012500 count=1992500
    part[3] cum=50.1875% share=0.312498% device_global=3 rank=1 local_index=-1 offset=4005000 count=32500
    part[4] cum=74.9062% share=24.7188% device_global=4 rank=2 local_index=-1 offset=4037500 count=1947500
    part[5] cum=75.0938% share=0.187504% device_global=5 rank=2 local_index=-1 offset=5985000 count=22500
    part[6] cum=99.8438% share=24.75% device_global=6 rank=3 local_index=-1 offset=6007500 count=1975000
    part[7] cum=100% share=0.156248% device_global=7 rank=3 local_index=-1 offset=7982500 count=17500
    total=100%
  CURRENT loads:
    part[0] cum=24.75% share=24.75% device_global=0 rank=0 local_index=0 offset=0 count=1980000
    part[1] cum=25.1562% share=0.40625% device_global=1 rank=0 local_index=1 offset=1980000 count=32500
    part[2] cum=50.0625% share=24.9062% device_global=2 rank=1 local_index=-1 offset=2012500 count=1992500
    part[3] cum=50.4688% share=0.406247% device_global=3 rank=1 local_index=-1 offset=4005000 count=32500
    part[4] cum=74.8125% share=24.3438% device_global=4 rank=2 local_index=-1 offset=4037500 count=1947500
    part[5] cum=75.0938% share=0.28125% device_global=5 rank=2 local_index=-1 offset=5985000 count=22500
    part[6] cum=99.7812% share=24.6875% device_global=6 rank=3 local_index=-1 offset=6007500 count=1975000
    part[7] cum=100% share=0.218749% device_global=7 rank=3 local_index=-1 offset=7982500 count=17500
    total=100%
[DCL][balance-metrics] iteration=2100
  policy=threshold
  action=skip
  reason=load difference below fixed threshold; diff=0.0039652, threshold=0.01
  T_compute_interval_s=1.24596
  T_comm_interval_s=4.41401
  T_balance_total_s=0.018242
  T_rebalance_apply_s=0
  T_compute_accum_s=8.06438
  T_comm_accum_s=14.1307
  T_balance_accum_s=0.329161
  T_rebalance_apply_accum_s=0.0742807
  device_times_s:
    part[0]=0.939223
    part[1]=0.94949
    part[2]=0.944043
    part[3]=0.988547
    part[4]=0.925009
    part[5]=1.06111
    part[6]=0.935559
    part[7]=1.24596
  OLD loads:
    part[0] cum=24.75% share=24.75% device_global=0 rank=0 local_index=0 offset=0 count=1980000
    part[1] cum=25.1562% share=0.40625% device_global=1 rank=0 local_index=1 offset=1980000 count=32500
    part[2] cum=50.0625% share=24.9062% device_global=2 rank=1 local_index=-1 offset=2012500 count=1992500
    part[3] cum=50.4688% share=0.406247% device_global=3 rank=1 local_index=-1 offset=4005000 count=32500
    part[4] cum=74.8125% share=24.3438% device_global=4 rank=2 local_index=-1 offset=4037500 count=1947500
    part[5] cum=75.0938% share=0.28125% device_global=5 rank=2 local_index=-1 offset=5985000 count=22500
    part[6] cum=99.7812% share=24.6875% device_global=6 rank=3 local_index=-1 offset=6007500 count=1975000
    part[7] cum=100% share=0.218749% device_global=7 rank=3 local_index=-1 offset=7982500 count=17500
    total=100%
  PROPOSED loads:
    part[0] cum=24.6875% share=24.6875% device_global=0 rank=0 local_index=0 offset=0 count=1980000
    part[1] cum=25.0938% share=0.406249% device_global=1 rank=0 local_index=1 offset=1980000 count=32500
    part[2] cum=49.8125% share=24.7188% device_global=2 rank=1 local_index=-1 offset=2012500 count=1992500
    part[3] cum=50.1875% share=0.375% device_global=3 rank=1 local_index=-1 offset=4005000 count=32500
    part[4] cum=74.875% share=24.6875% device_global=4 rank=2 local_index=-1 offset=4037500 count=1947500
    part[5] cum=75.0938% share=0.218755% device_global=5 rank=2 local_index=-1 offset=5985000 count=22500
    part[6] cum=99.8438% share=24.75% device_global=6 rank=3 local_index=-1 offset=6007500 count=1975000
    part[7] cum=100% share=0.156248% device_global=7 rank=3 local_index=-1 offset=7982500 count=17500
    total=100%
  CURRENT loads:
    part[0] cum=24.75% share=24.75% device_global=0 rank=0 local_index=0 offset=0 count=1980000
    part[1] cum=25.1562% share=0.40625% device_global=1 rank=0 local_index=1 offset=1980000 count=32500
    part[2] cum=50.0625% share=24.9062% device_global=2 rank=1 local_index=-1 offset=2012500 count=1992500
    part[3] cum=50.4688% share=0.406247% device_global=3 rank=1 local_index=-1 offset=4005000 count=32500
    part[4] cum=74.8125% share=24.3438% device_global=4 rank=2 local_index=-1 offset=4037500 count=1947500
    part[5] cum=75.0938% share=0.28125% device_global=5 rank=2 local_index=-1 offset=5985000 count=22500
    part[6] cum=99.7812% share=24.6875% device_global=6 rank=3 local_index=-1 offset=6007500 count=1975000
    part[7] cum=100% share=0.218749% device_global=7 rank=3 local_index=-1 offset=7982500 count=17500
    total=100%
[DCL][balance-metrics] iteration=3100
  policy=threshold
  action=skip
  reason=load difference below fixed threshold; diff=0.00437502, threshold=0.01
  T_compute_interval_s=1.04875
  T_comm_interval_s=4.45105
  T_balance_total_s=0.0149225
  T_rebalance_apply_s=0
  T_compute_accum_s=9.11313
  T_comm_accum_s=18.5818
  T_balance_accum_s=0.344083
  T_rebalance_apply_accum_s=0.0742807
  device_times_s:
    part[0]=0.938918
    part[1]=0.925565
    part[2]=0.94377
    part[3]=0.963716
    part[4]=0.924667
    part[5]=0.874509
    part[6]=0.935604
    part[7]=1.04875
  OLD loads:
    part[0] cum=24.75% share=24.75% device_global=0 rank=0 local_index=0 offset=0 count=1980000
    part[1] cum=25.1562% share=0.40625% device_global=1 rank=0 local_index=1 offset=1980000 count=32500
    part[2] cum=50.0625% share=24.9062% device_global=2 rank=1 local_index=-1 offset=2012500 count=1992500
    part[3] cum=50.4688% share=0.406247% device_global=3 rank=1 local_index=-1 offset=4005000 count=32500
    part[4] cum=74.8125% share=24.3438% device_global=4 rank=2 local_index=-1 offset=4037500 count=1947500
    part[5] cum=75.0938% share=0.28125% device_global=5 rank=2 local_index=-1 offset=5985000 count=22500
    part[6] cum=99.7812% share=24.6875% device_global=6 rank=3 local_index=-1 offset=6007500 count=1975000
    part[7] cum=100% share=0.218749% device_global=7 rank=3 local_index=-1 offset=7982500 count=17500
    total=100%
  PROPOSED loads:
    part[0] cum=24.6562% share=24.6562% device_global=0 rank=0 local_index=0 offset=0 count=1980000
    part[1] cum=25.0938% share=0.4375% device_global=1 rank=0 local_index=1 offset=1980000 count=32500
    part[2] cum=49.7812% share=24.6875% device_global=2 rank=1 local_index=-1 offset=2012500 count=1992500
    part[3] cum=50.1562% share=0.374997% device_global=3 rank=1 local_index=-1 offset=4005000 count=32500
    part[4] cum=74.8125% share=24.6563% device_global=4 rank=2 local_index=-1 offset=4037500 count=1947500
    part[5] cum=75.125% share=0.312501% device_global=5 rank=2 local_index=-1 offset=5985000 count=22500
    part[6] cum=99.8125% share=24.6875% device_global=6 rank=3 local_index=-1 offset=6007500 count=1975000
    part[7] cum=100% share=0.187498% device_global=7 rank=3 local_index=-1 offset=7982500 count=17500
    total=100%
  CURRENT loads:
    part[0] cum=24.75% share=24.75% device_global=0 rank=0 local_index=0 offset=0 count=1980000
    part[1] cum=25.1562% share=0.40625% device_global=1 rank=0 local_index=1 offset=1980000 count=32500
    part[2] cum=50.0625% share=24.9062% device_global=2 rank=1 local_index=-1 offset=2012500 count=1992500
    part[3] cum=50.4688% share=0.406247% device_global=3 rank=1 local_index=-1 offset=4005000 count=32500
    part[4] cum=74.8125% share=24.3438% device_global=4 rank=2 local_index=-1 offset=4037500 count=1947500
    part[5] cum=75.0938% share=0.28125% device_global=5 rank=2 local_index=-1 offset=5985000 count=22500
    part[6] cum=99.7812% share=24.6875% device_global=6 rank=3 local_index=-1 offset=6007500 count=1975000
    part[7] cum=100% share=0.218749% device_global=7 rank=3 local_index=-1 offset=7982500 count=17500
    total=100%
[DCL][balance-metrics] iteration=4100
  policy=threshold
  action=skip
  reason=load difference below fixed threshold; diff=0.00508712, threshold=0.01
  T_compute_interval_s=0.950261
  T_comm_interval_s=4.46691
  T_balance_total_s=0.0150723
  T_rebalance_apply_s=0
  T_compute_accum_s=10.0634
  T_comm_accum_s=23.0487
  T_balance_accum_s=0.359156
  T_rebalance_apply_accum_s=0.0742807
  device_times_s:
    part[0]=0.939407
    part[1]=0.928753
    part[2]=0.943885
    part[3]=0.950261
    part[4]=0.924811
    part[5]=0.80401
    part[6]=0.935621
    part[7]=0.849267
  OLD loads:
    part[0] cum=24.75% share=24.75% device_global=0 rank=0 local_index=0 offset=0 count=1980000
    part[1] cum=25.1562% share=0.40625% device_global=1 rank=0 local_index=1 offset=1980000 count=32500
    part[2] cum=50.0625% share=24.9062% device_global=2 rank=1 local_index=-1 offset=2012500 count=1992500
    part[3] cum=50.4688% share=0.406247% device_global=3 rank=1 local_index=-1 offset=4005000 count=32500
    part[4] cum=74.8125% share=24.3438% device_global=4 rank=2 local_index=-1 offset=4037500 count=1947500
    part[5] cum=75.0938% share=0.28125% device_global=5 rank=2 local_index=-1 offset=5985000 count=22500
    part[6] cum=99.7812% share=24.6875% device_global=6 rank=3 local_index=-1 offset=6007500 count=1975000
    part[7] cum=100% share=0.218749% device_global=7 rank=3 local_index=-1 offset=7982500 count=17500
    total=100%
  PROPOSED loads:
    part[0] cum=24.6562% share=24.6562% device_global=0 rank=0 local_index=0 offset=0 count=1980000
    part[1] cum=25.0625% share=0.406252% device_global=1 rank=0 local_index=1 offset=1980000 count=32500
    part[2] cum=49.7188% share=24.6562% device_global=2 rank=1 local_index=-1 offset=2012500 count=1992500
    part[3] cum=50.125% share=0.406253% device_global=3 rank=1 local_index=-1 offset=4005000 count=32500
    part[4] cum=74.75% share=24.625% device_global=4 rank=2 local_index=-1 offset=4037500 count=1947500
    part[5] cum=75.0938% share=0.343752% device_global=5 rank=2 local_index=-1 offset=5985000 count=22500
    part[6] cum=99.75% share=24.6562% device_global=6 rank=3 local_index=-1 offset=6007500 count=1975000
    part[7] cum=100% share=0.25% device_global=7 rank=3 local_index=-1 offset=7982500 count=17500
    total=100%
  CURRENT loads:
    part[0] cum=24.75% share=24.75% device_global=0 rank=0 local_index=0 offset=0 count=1980000
    part[1] cum=25.1562% share=0.40625% device_global=1 rank=0 local_index=1 offset=1980000 count=32500
    part[2] cum=50.0625% share=24.9062% device_global=2 rank=1 local_index=-1 offset=2012500 count=1992500
    part[3] cum=50.4688% share=0.406247% device_global=3 rank=1 local_index=-1 offset=4005000 count=32500
    part[4] cum=74.8125% share=24.3438% device_global=4 rank=2 local_index=-1 offset=4037500 count=1947500
    part[5] cum=75.0938% share=0.28125% device_global=5 rank=2 local_index=-1 offset=5985000 count=22500
    part[6] cum=99.7812% share=24.6875% device_global=6 rank=3 local_index=-1 offset=6007500 count=1975000
    part[7] cum=100% share=0.218749% device_global=7 rank=3 local_index=-1 offset=7982500 count=17500
    total=100%
[DCL][balance-metrics] iteration=5100
  policy=threshold
  action=skip
  reason=load difference below fixed threshold; diff=0.00514439, threshold=0.01
  T_compute_interval_s=0.947915
  T_comm_interval_s=4.47449
  T_balance_total_s=0.0171136
  T_rebalance_apply_s=0
  T_compute_accum_s=11.0113
  T_comm_accum_s=27.5232
  T_balance_accum_s=0.376269
  T_rebalance_apply_accum_s=0.0742807
  device_times_s:
    part[0]=0.938923
    part[1]=0.930625
    part[2]=0.944999
    part[3]=0.947915
    part[4]=0.925127
    part[5]=0.771519
    part[6]=0.935925
    part[7]=0.773644
  OLD loads:
    part[0] cum=24.75% share=24.75% device_global=0 rank=0 local_index=0 offset=0 count=1980000
    part[1] cum=25.1562% share=0.40625% device_global=1 rank=0 local_index=1 offset=1980000 count=32500
    part[2] cum=50.0625% share=24.9062% device_global=2 rank=1 local_index=-1 offset=2012500 count=1992500
    part[3] cum=50.4688% share=0.406247% device_global=3 rank=1 local_index=-1 offset=4005000 count=32500
    part[4] cum=74.8125% share=24.3438% device_global=4 rank=2 local_index=-1 offset=4037500 count=1947500
    part[5] cum=75.0938% share=0.28125% device_global=5 rank=2 local_index=-1 offset=5985000 count=22500
    part[6] cum=99.7812% share=24.6875% device_global=6 rank=3 local_index=-1 offset=6007500 count=1975000
    part[7] cum=100% share=0.218749% device_global=7 rank=3 local_index=-1 offset=7982500 count=17500
    total=100%
  PROPOSED loads:
    part[0] cum=24.6562% share=24.6562% device_global=0 rank=0 local_index=0 offset=0 count=1980000
    part[1] cum=25.0625% share=0.406252% device_global=1 rank=0 local_index=1 offset=1980000 count=32500
    part[2] cum=49.7188% share=24.6562% device_global=2 rank=1 local_index=-1 offset=2012500 count=1992500
    part[3] cum=50.125% share=0.406253% device_global=3 rank=1 local_index=-1 offset=4005000 count=32500
    part[4] cum=74.7188% share=24.5937% device_global=4 rank=2 local_index=-1 offset=4037500 count=1947500
    part[5] cum=75.0625% share=0.343752% device_global=5 rank=2 local_index=-1 offset=5985000 count=22500
    part[6] cum=99.75% share=24.6875% device_global=6 rank=3 local_index=-1 offset=6007500 count=1975000
    part[7] cum=100% share=0.25% device_global=7 rank=3 local_index=-1 offset=7982500 count=17500
    total=100%
  CURRENT loads:
    part[0] cum=24.75% share=24.75% device_global=0 rank=0 local_index=0 offset=0 count=1980000
    part[1] cum=25.1562% share=0.40625% device_global=1 rank=0 local_index=1 offset=1980000 count=32500
    part[2] cum=50.0625% share=24.9062% device_global=2 rank=1 local_index=-1 offset=2012500 count=1992500
    part[3] cum=50.4688% share=0.406247% device_global=3 rank=1 local_index=-1 offset=4005000 count=32500
    part[4] cum=74.8125% share=24.3438% device_global=4 rank=2 local_index=-1 offset=4037500 count=1947500
    part[5] cum=75.0938% share=0.28125% device_global=5 rank=2 local_index=-1 offset=5985000 count=22500
    part[6] cum=99.7812% share=24.6875% device_global=6 rank=3 local_index=-1 offset=6007500 count=1975000
    part[7] cum=100% share=0.218749% device_global=7 rank=3 local_index=-1 offset=7982500 count=17500
    total=100%
[DCL][balance-metrics] iteration=6100
  policy=threshold
  action=skip
  reason=load difference below fixed threshold; diff=0.00517279, threshold=0.01
  T_compute_interval_s=0.943741
  T_comm_interval_s=4.50706
  T_balance_total_s=0.0149216
  T_rebalance_apply_s=0
  T_compute_accum_s=11.9551
  T_comm_accum_s=32.0302
  T_balance_accum_s=0.391191
  T_rebalance_apply_accum_s=0.0742807
  device_times_s:
    part[0]=0.938712
    part[1]=0.926899
    part[2]=0.943741
    part[3]=0.932781
    part[4]=0.925236
    part[5]=0.756782
    part[6]=0.935709
    part[7]=0.720793
  OLD loads:
    part[0] cum=24.75% share=24.75% device_global=0 rank=0 local_index=0 offset=0 count=1980000
    part[1] cum=25.1562% share=0.40625% device_global=1 rank=0 local_index=1 offset=1980000 count=32500
    part[2] cum=50.0625% share=24.9062% device_global=2 rank=1 local_index=-1 offset=2012500 count=1992500
    part[3] cum=50.4688% share=0.406247% device_global=3 rank=1 local_index=-1 offset=4005000 count=32500
    part[4] cum=74.8125% share=24.3438% device_global=4 rank=2 local_index=-1 offset=4037500 count=1947500
    part[5] cum=75.0938% share=0.28125% device_global=5 rank=2 local_index=-1 offset=5985000 count=22500
    part[6] cum=99.7812% share=24.6875% device_global=6 rank=3 local_index=-1 offset=6007500 count=1975000
    part[7] cum=100% share=0.218749% device_global=7 rank=3 local_index=-1 offset=7982500 count=17500
    total=100%
  PROPOSED loads:
    part[0] cum=24.6562% share=24.6562% device_global=0 rank=0 local_index=0 offset=0 count=1980000
    part[1] cum=25.0625% share=0.406252% device_global=1 rank=0 local_index=1 offset=1980000 count=32500
    part[2] cum=49.7188% share=24.6562% device_global=2 rank=1 local_index=-1 offset=2012500 count=1992500
    part[3] cum=50.125% share=0.406253% device_global=3 rank=1 local_index=-1 offset=4005000 count=32500
    part[4] cum=74.7188% share=24.5937% device_global=4 rank=2 local_index=-1 offset=4037500 count=1947500
    part[5] cum=75.0625% share=0.343752% device_global=5 rank=2 local_index=-1 offset=5985000 count=22500
    part[6] cum=99.7188% share=24.6562% device_global=6 rank=3 local_index=-1 offset=6007500 count=1975000
    part[7] cum=100% share=0.28125% device_global=7 rank=3 local_index=-1 offset=7982500 count=17500
    total=100%
  CURRENT loads:
    part[0] cum=24.75% share=24.75% device_global=0 rank=0 local_index=0 offset=0 count=1980000
    part[1] cum=25.1562% share=0.40625% device_global=1 rank=0 local_index=1 offset=1980000 count=32500
    part[2] cum=50.0625% share=24.9062% device_global=2 rank=1 local_index=-1 offset=2012500 count=1992500
    part[3] cum=50.4688% share=0.406247% device_global=3 rank=1 local_index=-1 offset=4005000 count=32500
    part[4] cum=74.8125% share=24.3438% device_global=4 rank=2 local_index=-1 offset=4037500 count=1947500
    part[5] cum=75.0938% share=0.28125% device_global=5 rank=2 local_index=-1 offset=5985000 count=22500
    part[6] cum=99.7812% share=24.6875% device_global=6 rank=3 local_index=-1 offset=6007500 count=1975000
    part[7] cum=100% share=0.218749% device_global=7 rank=3 local_index=-1 offset=7982500 count=17500
    total=100%
[DCL][balance-metrics] iteration=7100
  policy=threshold
  action=skip
  reason=load difference below fixed threshold; diff=0.00536736, threshold=0.01
  T_compute_interval_s=0.94357
  T_comm_interval_s=4.53281
  T_balance_total_s=0.0165579
  T_rebalance_apply_s=0
  T_compute_accum_s=12.8986
  T_comm_accum_s=36.5631
  T_balance_accum_s=0.407749
  T_rebalance_apply_accum_s=0.0742807
  device_times_s:
    part[0]=0.938938
    part[1]=0.931202
    part[2]=0.94357
    part[3]=0.930062
    part[4]=0.925311
    part[5]=0.73737
    part[6]=0.935989
    part[7]=0.695172
  OLD loads:
    part[0] cum=24.75% share=24.75% device_global=0 rank=0 local_index=0 offset=0 count=1980000
    part[1] cum=25.1562% share=0.40625% device_global=1 rank=0 local_index=1 offset=1980000 count=32500
    part[2] cum=50.0625% share=24.9062% device_global=2 rank=1 local_index=-1 offset=2012500 count=1992500
    part[3] cum=50.4688% share=0.406247% device_global=3 rank=1 local_index=-1 offset=4005000 count=32500
    part[4] cum=74.8125% share=24.3438% device_global=4 rank=2 local_index=-1 offset=4037500 count=1947500
    part[5] cum=75.0938% share=0.28125% device_global=5 rank=2 local_index=-1 offset=5985000 count=22500
    part[6] cum=99.7812% share=24.6875% device_global=6 rank=3 local_index=-1 offset=6007500 count=1975000
    part[7] cum=100% share=0.218749% device_global=7 rank=3 local_index=-1 offset=7982500 count=17500
    total=100%
  PROPOSED loads:
    part[0] cum=24.625% share=24.625% device_global=0 rank=0 local_index=0 offset=0 count=1980000
    part[1] cum=25.0312% share=0.40625% device_global=1 rank=0 local_index=1 offset=1980000 count=32500
    part[2] cum=49.7188% share=24.6875% device_global=2 rank=1 local_index=-1 offset=2012500 count=1992500
    part[3] cum=50.125% share=0.406253% device_global=3 rank=1 local_index=-1 offset=4005000 count=32500
    part[4] cum=74.6875% share=24.5625% device_global=4 rank=2 local_index=-1 offset=4037500 count=1947500
    part[5] cum=75.0625% share=0.375003% device_global=5 rank=2 local_index=-1 offset=5985000 count=22500
    part[6] cum=99.7188% share=24.6562% device_global=6 rank=3 local_index=-1 offset=6007500 count=1975000
    part[7] cum=100% share=0.28125% device_global=7 rank=3 local_index=-1 offset=7982500 count=17500
    total=100%
  CURRENT loads:
    part[0] cum=24.75% share=24.75% device_global=0 rank=0 local_index=0 offset=0 count=1980000
    part[1] cum=25.1562% share=0.40625% device_global=1 rank=0 local_index=1 offset=1980000 count=32500
    part[2] cum=50.0625% share=24.9062% device_global=2 rank=1 local_index=-1 offset=2012500 count=1992500
    part[3] cum=50.4688% share=0.406247% device_global=3 rank=1 local_index=-1 offset=4005000 count=32500
    part[4] cum=74.8125% share=24.3438% device_global=4 rank=2 local_index=-1 offset=4037500 count=1947500
    part[5] cum=75.0938% share=0.28125% device_global=5 rank=2 local_index=-1 offset=5985000 count=22500
    part[6] cum=99.7812% share=24.6875% device_global=6 rank=3 local_index=-1 offset=6007500 count=1975000
    part[7] cum=100% share=0.218749% device_global=7 rank=3 local_index=-1 offset=7982500 count=17500
    total=100%
[DCL][balance-metrics] iteration=8100
  policy=threshold
  action=skip
  reason=load difference below fixed threshold; diff=0.00583799, threshold=0.01
  T_compute_interval_s=0.944312
  T_comm_interval_s=4.47765
  T_balance_total_s=0.0139524
  T_rebalance_apply_s=0
  T_compute_accum_s=13.8429
  T_comm_accum_s=41.0407
  T_balance_accum_s=0.421701
  T_rebalance_apply_accum_s=0.0742807
  device_times_s:
    part[0]=0.938629
    part[1]=0.932954
    part[2]=0.944312
    part[3]=0.934958
    part[4]=0.924803
    part[5]=0.725262
    part[6]=0.935795
    part[7]=0.66329
  OLD loads:
    part[0] cum=24.75% share=24.75% device_global=0 rank=0 local_index=0 offset=0 count=1980000
    part[1] cum=25.1562% share=0.40625% device_global=1 rank=0 local_index=1 offset=1980000 count=32500
    part[2] cum=50.0625% share=24.9062% device_global=2 rank=1 local_index=-1 offset=2012500 count=1992500
    part[3] cum=50.4688% share=0.406247% device_global=3 rank=1 local_index=-1 offset=4005000 count=32500
    part[4] cum=74.8125% share=24.3438% device_global=4 rank=2 local_index=-1 offset=4037500 count=1947500
    part[5] cum=75.0938% share=0.28125% device_global=5 rank=2 local_index=-1 offset=5985000 count=22500
    part[6] cum=99.7812% share=24.6875% device_global=6 rank=3 local_index=-1 offset=6007500 count=1975000
    part[7] cum=100% share=0.218749% device_global=7 rank=3 local_index=-1 offset=7982500 count=17500
    total=100%
  PROPOSED loads:
    part[0] cum=24.625% share=24.625% device_global=0 rank=0 local_index=0 offset=0 count=1980000
    part[1] cum=25.0312% share=0.40625% device_global=1 rank=0 local_index=1 offset=1980000 count=32500
    part[2] cum=49.6875% share=24.6562% device_global=2 rank=1 local_index=-1 offset=2012500 count=1992500
    part[3] cum=50.0938% share=0.406253% device_global=3 rank=1 local_index=-1 offset=4005000 count=32500
    part[4] cum=74.6875% share=24.5937% device_global=4 rank=2 local_index=-1 offset=4037500 count=1947500
    part[5] cum=75.0312% share=0.343752% device_global=5 rank=2 local_index=-1 offset=5985000 count=22500
    part[6] cum=99.6875% share=24.6562% device_global=6 rank=3 local_index=-1 offset=6007500 count=1975000
    part[7] cum=100% share=0.312501% device_global=7 rank=3 local_index=-1 offset=7982500 count=17500
    total=100%
  CURRENT loads:
    part[0] cum=24.75% share=24.75% device_global=0 rank=0 local_index=0 offset=0 count=1980000
    part[1] cum=25.1562% share=0.40625% device_global=1 rank=0 local_index=1 offset=1980000 count=32500
    part[2] cum=50.0625% share=24.9062% device_global=2 rank=1 local_index=-1 offset=2012500 count=1992500
    part[3] cum=50.4688% share=0.406247% device_global=3 rank=1 local_index=-1 offset=4005000 count=32500
    part[4] cum=74.8125% share=24.3438% device_global=4 rank=2 local_index=-1 offset=4037500 count=1947500
    part[5] cum=75.0938% share=0.28125% device_global=5 rank=2 local_index=-1 offset=5985000 count=22500
    part[6] cum=99.7812% share=24.6875% device_global=6 rank=3 local_index=-1 offset=6007500 count=1975000
    part[7] cum=100% share=0.218749% device_global=7 rank=3 local_index=-1 offset=7982500 count=17500
    total=100%
[DCL][balance-metrics] iteration=9100
  policy=threshold
  action=skip
  reason=load difference below fixed threshold; diff=0.00591279, threshold=0.01
  T_compute_interval_s=0.943994
  T_comm_interval_s=4.42254
  T_balance_total_s=0.0136788
  T_rebalance_apply_s=0
  T_compute_accum_s=14.7869
  T_comm_accum_s=45.4632
  T_balance_accum_s=0.43538
  T_rebalance_apply_accum_s=0.0742807
  device_times_s:
    part[0]=0.939037
    part[1]=0.931985
    part[2]=0.943994
    part[3]=0.927339
    part[4]=0.925131
    part[5]=0.7173
    part[6]=0.93539
    part[7]=0.639065
  OLD loads:
    part[0] cum=24.75% share=24.75% device_global=0 rank=0 local_index=0 offset=0 count=1980000
    part[1] cum=25.1562% share=0.40625% device_global=1 rank=0 local_index=1 offset=1980000 count=32500
    part[2] cum=50.0625% share=24.9062% device_global=2 rank=1 local_index=-1 offset=2012500 count=1992500
    part[3] cum=50.4688% share=0.406247% device_global=3 rank=1 local_index=-1 offset=4005000 count=32500
    part[4] cum=74.8125% share=24.3438% device_global=4 rank=2 local_index=-1 offset=4037500 count=1947500
    part[5] cum=75.0938% share=0.28125% device_global=5 rank=2 local_index=-1 offset=5985000 count=22500
    part[6] cum=99.7812% share=24.6875% device_global=6 rank=3 local_index=-1 offset=6007500 count=1975000
    part[7] cum=100% share=0.218749% device_global=7 rank=3 local_index=-1 offset=7982500 count=17500
    total=100%
  PROPOSED loads:
    part[0] cum=24.625% share=24.625% device_global=0 rank=0 local_index=0 offset=0 count=1980000
    part[1] cum=25.0312% share=0.40625% device_global=1 rank=0 local_index=1 offset=1980000 count=32500
    part[2] cum=49.6875% share=24.6562% device_global=2 rank=1 local_index=-1 offset=2012500 count=1992500
    part[3] cum=50.0938% share=0.406253% device_global=3 rank=1 local_index=-1 offset=4005000 count=32500
    part[4] cum=74.6562% share=24.5625% device_global=4 rank=2 local_index=-1 offset=4037500 count=1947500
    part[5] cum=75.0312% share=0.375003% device_global=5 rank=2 local_index=-1 offset=5985000 count=22500
    part[6] cum=99.6875% share=24.6562% device_global=6 rank=3 local_index=-1 offset=6007500 count=1975000
    part[7] cum=100% share=0.312501% device_global=7 rank=3 local_index=-1 offset=7982500 count=17500
    total=100%
  CURRENT loads:
    part[0] cum=24.75% share=24.75% device_global=0 rank=0 local_index=0 offset=0 count=1980000
    part[1] cum=25.1562% share=0.40625% device_global=1 rank=0 local_index=1 offset=1980000 count=32500
    part[2] cum=50.0625% share=24.9062% device_global=2 rank=1 local_index=-1 offset=2012500 count=1992500
    part[3] cum=50.4688% share=0.406247% device_global=3 rank=1 local_index=-1 offset=4005000 count=32500
    part[4] cum=74.8125% share=24.3438% device_global=4 rank=2 local_index=-1 offset=4037500 count=1947500
    part[5] cum=75.0938% share=0.28125% device_global=5 rank=2 local_index=-1 offset=5985000 count=22500
    part[6] cum=99.7812% share=24.6875% device_global=6 rank=3 local_index=-1 offset=6007500 count=1975000
    part[7] cum=100% share=0.218749% device_global=7 rank=3 local_index=-1 offset=7982500 count=17500
    total=100%

=== PARTICOES FINAIS ===
=== Particoes globais ===
part[0] device_global=0 rank=0 local_index=0 offset=0 count=1980000
part[1] device_global=1 rank=0 local_index=1 offset=1980000 count=32500
part[2] device_global=2 rank=1 local_index=-1 offset=2012500 count=1992500
part[3] device_global=3 rank=1 local_index=-1 offset=4005000 count=32500
part[4] device_global=4 rank=2 local_index=-1 offset=4037500 count=1947500
part[5] device_global=5 rank=2 local_index=-1 offset=5985000 count=22500
part[6] device_global=6 rank=3 local_index=-1 offset=6007500 count=1975000
part[7] device_global=7 rank=3 local_index=-1 offset=7982500 count=17500


============================
ITERACAO 10000
Tempo de execução: 57.8041s
