=== Dispositivos locais do rank 0 ===
global=0 local=0 nome="NVIDIA RTX 2000 Ada Generation" compute_units=22
global=1 local=1 nome="Intel(R) Xeon(R) CPU           E5620  @ 2.40GHz" compute_units=16

=== Dispositivos locais do rank 2 ===
global=4 local=0 nome="NVIDIA RTX 2000 Ada Generation" compute_units=22
global=5 local=1 nome="Intel(R) Xeon(R) CPU           E5620  @ 2.40GHz" compute_units=16

=== Dispositivos locais do rank 1 ===
global=2 local=0 nome="NVIDIA RTX 2000 Ada Generation" compute_units=22
global=3 local=1 nome="Intel(R) Xeon(R) CPU           E5620  @ 2.40GHz" compute_units=16

=== Dispositivos locais do rank 3 ===
global=6 local=0 nome="NVIDIA RTX 2000 Ada Generation" compute_units=22
global=7 local=1 nome="Intel(R) Xeon(R) CPU           E5620  @ 2.40GHz" compute_units=16

=== PARTICOES INICIAIS ===
=== Particoes globais ===
part[0] device_global=0 rank=0 local_index=0 offset=0 count=1000000
part[1] device_global=1 rank=0 local_index=1 offset=1000000 count=1000000
part[2] device_global=2 rank=1 local_index=-1 offset=2000000 count=1000000
part[3] device_global=3 rank=1 local_index=-1 offset=3000000 count=1000000
part[4] device_global=4 rank=2 local_index=-1 offset=4000000 count=1000000
part[5] device_global=5 rank=2 local_index=-1 offset=5000000 count=1000000
part[6] device_global=6 rank=3 local_index=-1 offset=6000000 count=1000000
part[7] device_global=7 rank=3 local_index=-1 offset=7000000 count=1000000

X = 50 Y = 50 Z = 3200 Iterations = 10000
[DCL][balance-metrics] iteration=100
  policy=threshold
  action=rebalance
  reason=accepted by fixed threshold; diff=0.246766, threshold=0.01
  T_compute_interval_s=5.40899
  T_comm_interval_s=5.29796
  T_balance_total_s=0.287998
  T_rebalance_apply_s=0.0704516
  T_compute_accum_s=5.40899
  T_comm_accum_s=5.29796
  T_balance_accum_s=0.287998
  T_rebalance_apply_accum_s=0.0704516
  device_times_s:
    part[0]=0.0488207
    part[1]=3.01872
    part[2]=0.0484443
    part[3]=3.05439
    part[4]=0.0490953
    part[5]=4.27946
    part[6]=0.049043
    part[7]=5.40899
  OLD loads:
    part[0] cum=12.5% share=12.5% device_global=0 rank=0 local_index=0 offset=0 count=1975000
    part[1] cum=25% share=12.5% device_global=1 rank=0 local_index=1 offset=1975000 count=32500
    part[2] cum=37.5% share=12.5% device_global=2 rank=1 local_index=-1 offset=2007500 count=1990000
    part[3] cum=50% share=12.5% device_global=3 rank=1 local_index=-1 offset=3997500 count=32500
    part[4] cum=62.5% share=12.5% device_global=4 rank=2 local_index=-1 offset=4030000 count=1962500
    part[5] cum=75% share=12.5% device_global=5 rank=2 local_index=-1 offset=5992500 count=22500
    part[6] cum=87.5% share=12.5% device_global=6 rank=3 local_index=-1 offset=6015000 count=1967500
    part[7] cum=100% share=12.5% device_global=7 rank=3 local_index=-1 offset=7982500 count=17500
    total=100%
  PROPOSED loads:
    part[0] cum=24.6875% share=24.6875% device_global=0 rank=0 local_index=0 offset=0 count=1975000
    part[1] cum=25.0938% share=0.406249% device_global=1 rank=0 local_index=1 offset=1975000 count=32500
    part[2] cum=49.9688% share=24.875% device_global=2 rank=1 local_index=-1 offset=2007500 count=1990000
    part[3] cum=50.375% share=0.406253% device_global=3 rank=1 local_index=-1 offset=3997500 count=32500
    part[4] cum=74.9062% share=24.5312% device_global=4 rank=2 local_index=-1 offset=4030000 count=1962500
    part[5] cum=75.1875% share=0.28125% device_global=5 rank=2 local_index=-1 offset=5992500 count=22500
    part[6] cum=99.7812% share=24.5938% device_global=6 rank=3 local_index=-1 offset=6015000 count=1967500
    part[7] cum=100% share=0.218749% device_global=7 rank=3 local_index=-1 offset=7982500 count=17500
    total=100%
  CURRENT loads:
    part[0] cum=24.6875% share=24.6875% device_global=0 rank=0 local_index=0 offset=0 count=1975000
    part[1] cum=25.0938% share=0.406249% device_global=1 rank=0 local_index=1 offset=1975000 count=32500
    part[2] cum=49.9688% share=24.875% device_global=2 rank=1 local_index=-1 offset=2007500 count=1990000
    part[3] cum=50.375% share=0.406253% device_global=3 rank=1 local_index=-1 offset=3997500 count=32500
    part[4] cum=74.9062% share=24.5312% device_global=4 rank=2 local_index=-1 offset=4030000 count=1962500
    part[5] cum=75.1875% share=0.28125% device_global=5 rank=2 local_index=-1 offset=5992500 count=22500
    part[6] cum=99.7812% share=24.5938% device_global=6 rank=3 local_index=-1 offset=6015000 count=1967500
    part[7] cum=100% share=0.218749% device_global=7 rank=3 local_index=-1 offset=7982500 count=17500
    total=100%
[DCL][balance-metrics] iteration=1100
  policy=threshold
  action=skip
  reason=load difference below fixed threshold; diff=0.00216507, threshold=0.01
  T_compute_interval_s=1.42264
  T_comm_interval_s=4.1527
  T_balance_total_s=0.0151262
  T_rebalance_apply_s=0
  T_compute_accum_s=6.83163
  T_comm_accum_s=9.45066
  T_balance_accum_s=0.303124
  T_rebalance_apply_accum_s=0.0704516
  device_times_s:
    part[0]=0.937947
    part[1]=0.980361
    part[2]=0.942763
    part[3]=1.14397
    part[4]=0.933262
    part[5]=1.42264
    part[6]=0.933096
    part[7]=1.35927
  OLD loads:
    part[0] cum=24.6875% share=24.6875% device_global=0 rank=0 local_index=0 offset=0 count=1975000
    part[1] cum=25.0938% share=0.406249% device_global=1 rank=0 local_index=1 offset=1975000 count=32500
    part[2] cum=49.9688% share=24.875% device_global=2 rank=1 local_index=-1 offset=2007500 count=1990000
    part[3] cum=50.375% share=0.406253% device_global=3 rank=1 local_index=-1 offset=3997500 count=32500
    part[4] cum=74.9062% share=24.5312% device_global=4 rank=2 local_index=-1 offset=4030000 count=1962500
    part[5] cum=75.1875% share=0.28125% device_global=5 rank=2 local_index=-1 offset=5992500 count=22500
    part[6] cum=99.7812% share=24.5938% device_global=6 rank=3 local_index=-1 offset=6015000 count=1967500
    part[7] cum=100% share=0.218749% device_global=7 rank=3 local_index=-1 offset=7982500 count=17500
    total=100%
  PROPOSED loads:
    part[0] cum=24.7188% share=24.7188% device_global=0 rank=0 local_index=0 offset=0 count=1975000
    part[1] cum=25.0938% share=0.375% device_global=1 rank=0 local_index=1 offset=1975000 count=32500
    part[2] cum=49.875% share=24.7812% device_global=2 rank=1 local_index=-1 offset=2007500 count=1990000
    part[3] cum=50.2188% share=0.343749% device_global=3 rank=1 local_index=-1 offset=3997500 count=32500
    part[4] cum=74.9062% share=24.6875% device_global=4 rank=2 local_index=-1 offset=4030000 count=1962500
    part[5] cum=75.0938% share=0.187504% device_global=5 rank=2 local_index=-1 offset=5992500 count=22500
    part[6] cum=99.8438% share=24.75% device_global=6 rank=3 local_index=-1 offset=6015000 count=1967500
    part[7] cum=100% share=0.156248% device_global=7 rank=3 local_index=-1 offset=7982500 count=17500
    total=100%
  CURRENT loads:
    part[0] cum=24.6875% share=24.6875% device_global=0 rank=0 local_index=0 offset=0 count=1975000
    part[1] cum=25.0938% share=0.406249% device_global=1 rank=0 local_index=1 offset=1975000 count=32500
    part[2] cum=49.9688% share=24.875% device_global=2 rank=1 local_index=-1 offset=2007500 count=1990000
    part[3] cum=50.375% share=0.406253% device_global=3 rank=1 local_index=-1 offset=3997500 count=32500
    part[4] cum=74.9062% share=24.5312% device_global=4 rank=2 local_index=-1 offset=4030000 count=1962500
    part[5] cum=75.1875% share=0.28125% device_global=5 rank=2 local_index=-1 offset=5992500 count=22500
    part[6] cum=99.7812% share=24.5938% device_global=6 rank=3 local_index=-1 offset=6015000 count=1967500
    part[7] cum=100% share=0.218749% device_global=7 rank=3 local_index=-1 offset=7982500 count=17500
    total=100%
[DCL][balance-metrics] iteration=2100
  policy=threshold
  action=skip
  reason=load difference below fixed threshold; diff=0.00220973, threshold=0.01
  T_compute_interval_s=1.25055
  T_comm_interval_s=4.21351
  T_balance_total_s=0.0165167
  T_rebalance_apply_s=0
  T_compute_accum_s=8.08218
  T_comm_accum_s=13.6642
  T_balance_accum_s=0.319641
  T_rebalance_apply_accum_s=0.0704516
  device_times_s:
    part[0]=0.937762
    part[1]=0.949583
    part[2]=0.942314
    part[3]=0.987095
    part[4]=0.932503
    part[5]=1.06853
    part[6]=0.93319
    part[7]=1.25055
  OLD loads:
    part[0] cum=24.6875% share=24.6875% device_global=0 rank=0 local_index=0 offset=0 count=1975000
    part[1] cum=25.0938% share=0.406249% device_global=1 rank=0 local_index=1 offset=1975000 count=32500
    part[2] cum=49.9688% share=24.875% device_global=2 rank=1 local_index=-1 offset=2007500 count=1990000
    part[3] cum=50.375% share=0.406253% device_global=3 rank=1 local_index=-1 offset=3997500 count=32500
    part[4] cum=74.9062% share=24.5312% device_global=4 rank=2 local_index=-1 offset=4030000 count=1962500
    part[5] cum=75.1875% share=0.28125% device_global=5 rank=2 local_index=-1 offset=5992500 count=22500
    part[6] cum=99.7812% share=24.5938% device_global=6 rank=3 local_index=-1 offset=6015000 count=1967500
    part[7] cum=100% share=0.218749% device_global=7 rank=3 local_index=-1 offset=7982500 count=17500
    total=100%
  PROPOSED loads:
    part[0] cum=24.6875% share=24.6875% device_global=0 rank=0 local_index=0 offset=0 count=1975000
    part[1] cum=25.0938% share=0.406249% device_global=1 rank=0 local_index=1 offset=1975000 count=32500
    part[2] cum=49.8438% share=24.75% device_global=2 rank=1 local_index=-1 offset=2007500 count=1990000
    part[3] cum=50.2188% share=0.375% device_global=3 rank=1 local_index=-1 offset=3997500 count=32500
    part[4] cum=74.875% share=24.6562% device_global=4 rank=2 local_index=-1 offset=4030000 count=1962500
    part[5] cum=75.125% share=0.250006% device_global=5 rank=2 local_index=-1 offset=5992500 count=22500
    part[6] cum=99.8438% share=24.7188% device_global=6 rank=3 local_index=-1 offset=6015000 count=1967500
    part[7] cum=100% share=0.156248% device_global=7 rank=3 local_index=-1 offset=7982500 count=17500
    total=100%
  CURRENT loads:
    part[0] cum=24.6875% share=24.6875% device_global=0 rank=0 local_index=0 offset=0 count=1975000
    part[1] cum=25.0938% share=0.406249% device_global=1 rank=0 local_index=1 offset=1975000 count=32500
    part[2] cum=49.9688% share=24.875% device_global=2 rank=1 local_index=-1 offset=2007500 count=1990000
    part[3] cum=50.375% share=0.406253% device_global=3 rank=1 local_index=-1 offset=3997500 count=32500
    part[4] cum=74.9062% share=24.5312% device_global=4 rank=2 local_index=-1 offset=4030000 count=1962500
    part[5] cum=75.1875% share=0.28125% device_global=5 rank=2 local_index=-1 offset=5992500 count=22500
    part[6] cum=99.7812% share=24.5938% device_global=6 rank=3 local_index=-1 offset=6015000 count=1967500
    part[7] cum=100% share=0.218749% device_global=7 rank=3 local_index=-1 offset=7982500 count=17500
    total=100%
[DCL][balance-metrics] iteration=3100
  policy=threshold
  action=skip
  reason=load difference below fixed threshold; diff=0.00265166, threshold=0.01
  T_compute_interval_s=1.0586
  T_comm_interval_s=4.2534
  T_balance_total_s=0.0168775
  T_rebalance_apply_s=0
  T_compute_accum_s=9.14078
  T_comm_accum_s=17.9176
  T_balance_accum_s=0.336518
  T_rebalance_apply_accum_s=0.0704516
  device_times_s:
    part[0]=0.937522
    part[1]=0.9301
    part[2]=0.941847
    part[3]=0.96083
    part[4]=0.932369
    part[5]=0.886705
    part[6]=0.933223
    part[7]=1.0586
  OLD loads:
    part[0] cum=24.6875% share=24.6875% device_global=0 rank=0 local_index=0 offset=0 count=1975000
    part[1] cum=25.0938% share=0.406249% device_global=1 rank=0 local_index=1 offset=1975000 count=32500
    part[2] cum=49.9688% share=24.875% device_global=2 rank=1 local_index=-1 offset=2007500 count=1990000
    part[3] cum=50.375% share=0.406253% device_global=3 rank=1 local_index=-1 offset=3997500 count=32500
    part[4] cum=74.9062% share=24.5312% device_global=4 rank=2 local_index=-1 offset=4030000 count=1962500
    part[5] cum=75.1875% share=0.28125% device_global=5 rank=2 local_index=-1 offset=5992500 count=22500
    part[6] cum=99.7812% share=24.5938% device_global=6 rank=3 local_index=-1 offset=6015000 count=1967500
    part[7] cum=100% share=0.218749% device_global=7 rank=3 local_index=-1 offset=7982500 count=17500
    total=100%
  PROPOSED loads:
    part[0] cum=24.6562% share=24.6562% device_global=0 rank=0 local_index=0 offset=0 count=1975000
    part[1] cum=25.0625% share=0.406252% device_global=1 rank=0 local_index=1 offset=1975000 count=32500
    part[2] cum=49.8125% share=24.75% device_global=2 rank=1 local_index=-1 offset=2007500 count=1990000
    part[3] cum=50.1875% share=0.375% device_global=3 rank=1 local_index=-1 offset=3997500 count=32500
    part[4] cum=74.8438% share=24.6563% device_global=4 rank=2 local_index=-1 offset=4030000 count=1962500
    part[5] cum=75.125% share=0.28125% device_global=5 rank=2 local_index=-1 offset=5992500 count=22500
    part[6] cum=99.8125% share=24.6875% device_global=6 rank=3 local_index=-1 offset=6015000 count=1967500
    part[7] cum=100% share=0.187498% device_global=7 rank=3 local_index=-1 offset=7982500 count=17500
    total=100%
  CURRENT loads:
    part[0] cum=24.6875% share=24.6875% device_global=0 rank=0 local_index=0 offset=0 count=1975000
    part[1] cum=25.0938% share=0.406249% device_global=1 rank=0 local_index=1 offset=1975000 count=32500
    part[2] cum=49.9688% share=24.875% device_global=2 rank=1 local_index=-1 offset=2007500 count=1990000
    part[3] cum=50.375% share=0.406253% device_global=3 rank=1 local_index=-1 offset=3997500 count=32500
    part[4] cum=74.9062% share=24.5312% device_global=4 rank=2 local_index=-1 offset=4030000 count=1962500
    part[5] cum=75.1875% share=0.28125% device_global=5 rank=2 local_index=-1 offset=5992500 count=22500
    part[6] cum=99.7812% share=24.5938% device_global=6 rank=3 local_index=-1 offset=6015000 count=1967500
    part[7] cum=100% share=0.218749% device_global=7 rank=3 local_index=-1 offset=7982500 count=17500
    total=100%
[DCL][balance-metrics] iteration=4100
  policy=threshold
  action=skip
  reason=load difference below fixed threshold; diff=0.00359035, threshold=0.01
  T_compute_interval_s=0.948093
  T_comm_interval_s=4.29396
  T_balance_total_s=0.0178948
  T_rebalance_apply_s=0
  T_compute_accum_s=10.0889
  T_comm_accum_s=22.2115
  T_balance_accum_s=0.354413
  T_rebalance_apply_accum_s=0.0704516
  device_times_s:
    part[0]=0.937892
    part[1]=0.93111
    part[2]=0.941817
    part[3]=0.948093
    part[4]=0.932688
    part[5]=0.823761
    part[6]=0.933209
    part[7]=0.85346
  OLD loads:
    part[0] cum=24.6875% share=24.6875% device_global=0 rank=0 local_index=0 offset=0 count=1975000
    part[1] cum=25.0938% share=0.406249% device_global=1 rank=0 local_index=1 offset=1975000 count=32500
    part[2] cum=49.9688% share=24.875% device_global=2 rank=1 local_index=-1 offset=2007500 count=1990000
    part[3] cum=50.375% share=0.406253% device_global=3 rank=1 local_index=-1 offset=3997500 count=32500
    part[4] cum=74.9062% share=24.5312% device_global=4 rank=2 local_index=-1 offset=4030000 count=1962500
    part[5] cum=75.1875% share=0.28125% device_global=5 rank=2 local_index=-1 offset=5992500 count=22500
    part[6] cum=99.7812% share=24.5938% device_global=6 rank=3 local_index=-1 offset=6015000 count=1967500
    part[7] cum=100% share=0.218749% device_global=7 rank=3 local_index=-1 offset=7982500 count=17500
    total=100%
  PROPOSED loads:
    part[0] cum=24.625% share=24.625% device_global=0 rank=0 local_index=0 offset=0 count=1975000
    part[1] cum=25.0312% share=0.40625% device_global=1 rank=0 local_index=1 offset=1975000 count=32500
    part[2] cum=49.75% share=24.7188% device_global=2 rank=1 local_index=-1 offset=2007500 count=1990000
    part[3] cum=50.1562% share=0.406247% device_global=3 rank=1 local_index=-1 offset=3997500 count=32500
    part[4] cum=74.7812% share=24.625% device_global=4 rank=2 local_index=-1 offset=4030000 count=1962500
    part[5] cum=75.0938% share=0.312501% device_global=5 rank=2 local_index=-1 offset=5992500 count=22500
    part[6] cum=99.75% share=24.6562% device_global=6 rank=3 local_index=-1 offset=6015000 count=1967500
    part[7] cum=100% share=0.25% device_global=7 rank=3 local_index=-1 offset=7982500 count=17500
    total=100%
  CURRENT loads:
    part[0] cum=24.6875% share=24.6875% device_global=0 rank=0 local_index=0 offset=0 count=1975000
    part[1] cum=25.0938% share=0.406249% device_global=1 rank=0 local_index=1 offset=1975000 count=32500
    part[2] cum=49.9688% share=24.875% device_global=2 rank=1 local_index=-1 offset=2007500 count=1990000
    part[3] cum=50.375% share=0.406253% device_global=3 rank=1 local_index=-1 offset=3997500 count=32500
    part[4] cum=74.9062% share=24.5312% device_global=4 rank=2 local_index=-1 offset=4030000 count=1962500
    part[5] cum=75.1875% share=0.28125% device_global=5 rank=2 local_index=-1 offset=5992500 count=22500
    part[6] cum=99.7812% share=24.5938% device_global=6 rank=3 local_index=-1 offset=6015000 count=1967500
    part[7] cum=100% share=0.218749% device_global=7 rank=3 local_index=-1 offset=7982500 count=17500
    total=100%
[DCL][balance-metrics] iteration=5100
  policy=threshold
  action=skip
  reason=load difference below fixed threshold; diff=0.00371073, threshold=0.01
  T_compute_interval_s=0.941977
  T_comm_interval_s=4.26666
  T_balance_total_s=0.0146698
  T_rebalance_apply_s=0
  T_compute_accum_s=11.0308
  T_comm_accum_s=26.4782
  T_balance_accum_s=0.369083
  T_rebalance_apply_accum_s=0.0704516
  device_times_s:
    part[0]=0.937397
    part[1]=0.934869
    part[2]=0.941977
    part[3]=0.940513
    part[4]=0.93323
    part[5]=0.788635
    part[6]=0.933142
    part[7]=0.774042
  OLD loads:
    part[0] cum=24.6875% share=24.6875% device_global=0 rank=0 local_index=0 offset=0 count=1975000
    part[1] cum=25.0938% share=0.406249% device_global=1 rank=0 local_index=1 offset=1975000 count=32500
    part[2] cum=49.9688% share=24.875% device_global=2 rank=1 local_index=-1 offset=2007500 count=1990000
    part[3] cum=50.375% share=0.406253% device_global=3 rank=1 local_index=-1 offset=3997500 count=32500
    part[4] cum=74.9062% share=24.5312% device_global=4 rank=2 local_index=-1 offset=4030000 count=1962500
    part[5] cum=75.1875% share=0.28125% device_global=5 rank=2 local_index=-1 offset=5992500 count=22500
    part[6] cum=99.7812% share=24.5938% device_global=6 rank=3 local_index=-1 offset=6015000 count=1967500
    part[7] cum=100% share=0.218749% device_global=7 rank=3 local_index=-1 offset=7982500 count=17500
    total=100%
  PROPOSED loads:
    part[0] cum=24.625% share=24.625% device_global=0 rank=0 local_index=0 offset=0 count=1975000
    part[1] cum=25.0312% share=0.40625% device_global=1 rank=0 local_index=1 offset=1975000 count=32500
    part[2] cum=49.75% share=24.7188% device_global=2 rank=1 local_index=-1 offset=2007500 count=1990000
    part[3] cum=50.1562% share=0.406247% device_global=3 rank=1 local_index=-1 offset=3997500 count=32500
    part[4] cum=74.75% share=24.5938% device_global=4 rank=2 local_index=-1 offset=4030000 count=1962500
    part[5] cum=75.0938% share=0.343752% device_global=5 rank=2 local_index=-1 offset=5992500 count=22500
    part[6] cum=99.75% share=24.6562% device_global=6 rank=3 local_index=-1 offset=6015000 count=1967500
    part[7] cum=100% share=0.25% device_global=7 rank=3 local_index=-1 offset=7982500 count=17500
    total=100%
  CURRENT loads:
    part[0] cum=24.6875% share=24.6875% device_global=0 rank=0 local_index=0 offset=0 count=1975000
    part[1] cum=25.0938% share=0.406249% device_global=1 rank=0 local_index=1 offset=1975000 count=32500
    part[2] cum=49.9688% share=24.875% device_global=2 rank=1 local_index=-1 offset=2007500 count=1990000
    part[3] cum=50.375% share=0.406253% device_global=3 rank=1 local_index=-1 offset=3997500 count=32500
    part[4] cum=74.9062% share=24.5312% device_global=4 rank=2 local_index=-1 offset=4030000 count=1962500
    part[5] cum=75.1875% share=0.28125% device_global=5 rank=2 local_index=-1 offset=5992500 count=22500
    part[6] cum=99.7812% share=24.5938% device_global=6 rank=3 local_index=-1 offset=6015000 count=1967500
    part[7] cum=100% share=0.218749% device_global=7 rank=3 local_index=-1 offset=7982500 count=17500
    total=100%
[DCL][balance-metrics] iteration=6100
  policy=threshold
  action=skip
  reason=load difference below fixed threshold; diff=0.00433011, threshold=0.01
  T_compute_interval_s=0.942185
  T_comm_interval_s=4.28774
  T_balance_total_s=0.0163938
  T_rebalance_apply_s=0
  T_compute_accum_s=11.973
  T_comm_accum_s=30.7659
  T_balance_accum_s=0.385476
  T_rebalance_apply_accum_s=0.0704516
  device_times_s:
    part[0]=0.937644
    part[1]=0.929304
    part[2]=0.942185
    part[3]=0.940345
    part[4]=0.932807
    part[5]=0.757963
    part[6]=0.933026
    part[7]=0.720181
  OLD loads:
    part[0] cum=24.6875% share=24.6875% device_global=0 rank=0 local_index=0 offset=0 count=1975000
    part[1] cum=25.0938% share=0.406249% device_global=1 rank=0 local_index=1 offset=1975000 count=32500
    part[2] cum=49.9688% share=24.875% device_global=2 rank=1 local_index=-1 offset=2007500 count=1990000
    part[3] cum=50.375% share=0.406253% device_global=3 rank=1 local_index=-1 offset=3997500 count=32500
    part[4] cum=74.9062% share=24.5312% device_global=4 rank=2 local_index=-1 offset=4030000 count=1962500
    part[5] cum=75.1875% share=0.28125% device_global=5 rank=2 local_index=-1 offset=5992500 count=22500
    part[6] cum=99.7812% share=24.5938% device_global=6 rank=3 local_index=-1 offset=6015000 count=1967500
    part[7] cum=100% share=0.218749% device_global=7 rank=3 local_index=-1 offset=7982500 count=17500
    total=100%
  PROPOSED loads:
    part[0] cum=24.625% share=24.625% device_global=0 rank=0 local_index=0 offset=0 count=1975000
    part[1] cum=25.0312% share=0.40625% device_global=1 rank=0 local_index=1 offset=1975000 count=32500
    part[2] cum=49.7188% share=24.6875% device_global=2 rank=1 local_index=-1 offset=2007500 count=1990000
    part[3] cum=50.125% share=0.406253% device_global=3 rank=1 local_index=-1 offset=3997500 count=32500
    part[4] cum=74.7188% share=24.5937% device_global=4 rank=2 local_index=-1 offset=4030000 count=1962500
    part[5] cum=75.0625% share=0.343752% device_global=5 rank=2 local_index=-1 offset=5992500 count=22500
    part[6] cum=99.7188% share=24.6562% device_global=6 rank=3 local_index=-1 offset=6015000 count=1967500
    part[7] cum=100% share=0.28125% device_global=7 rank=3 local_index=-1 offset=7982500 count=17500
    total=100%
  CURRENT loads:
    part[0] cum=24.6875% share=24.6875% device_global=0 rank=0 local_index=0 offset=0 count=1975000
    part[1] cum=25.0938% share=0.406249% device_global=1 rank=0 local_index=1 offset=1975000 count=32500
    part[2] cum=49.9688% share=24.875% device_global=2 rank=1 local_index=-1 offset=2007500 count=1990000
    part[3] cum=50.375% share=0.406253% device_global=3 rank=1 local_index=-1 offset=3997500 count=32500
    part[4] cum=74.9062% share=24.5312% device_global=4 rank=2 local_index=-1 offset=4030000 count=1962500
    part[5] cum=75.1875% share=0.28125% device_global=5 rank=2 local_index=-1 offset=5992500 count=22500
    part[6] cum=99.7812% share=24.5938% device_global=6 rank=3 local_index=-1 offset=6015000 count=1967500
    part[7] cum=100% share=0.218749% device_global=7 rank=3 local_index=-1 offset=7982500 count=17500
    total=100%
[DCL][balance-metrics] iteration=7100
  policy=threshold
  action=skip
  reason=load difference below fixed threshold; diff=0.00433011, threshold=0.01
  T_compute_interval_s=0.941871
  T_comm_interval_s=4.2631
  T_balance_total_s=0.0171655
  T_rebalance_apply_s=0
  T_compute_accum_s=12.9149
  T_comm_accum_s=35.029
  T_balance_accum_s=0.402642
  T_rebalance_apply_accum_s=0.0704516
  device_times_s:
    part[0]=0.937293
    part[1]=0.938507
    part[2]=0.941871
    part[3]=0.927116
    part[4]=0.932651
    part[5]=0.743951
    part[6]=0.933511
    part[7]=0.69975
  OLD loads:
    part[0] cum=24.6875% share=24.6875% device_global=0 rank=0 local_index=0 offset=0 count=1975000
    part[1] cum=25.0938% share=0.406249% device_global=1 rank=0 local_index=1 offset=1975000 count=32500
    part[2] cum=49.9688% share=24.875% device_global=2 rank=1 local_index=-1 offset=2007500 count=1990000
    part[3] cum=50.375% share=0.406253% device_global=3 rank=1 local_index=-1 offset=3997500 count=32500
    part[4] cum=74.9062% share=24.5312% device_global=4 rank=2 local_index=-1 offset=4030000 count=1962500
    part[5] cum=75.1875% share=0.28125% device_global=5 rank=2 local_index=-1 offset=5992500 count=22500
    part[6] cum=99.7812% share=24.5938% device_global=6 rank=3 local_index=-1 offset=6015000 count=1967500
    part[7] cum=100% share=0.218749% device_global=7 rank=3 local_index=-1 offset=7982500 count=17500
    total=100%
  PROPOSED loads:
    part[0] cum=24.625% share=24.625% device_global=0 rank=0 local_index=0 offset=0 count=1975000
    part[1] cum=25.0312% share=0.40625% device_global=1 rank=0 local_index=1 offset=1975000 count=32500
    part[2] cum=49.7188% share=24.6875% device_global=2 rank=1 local_index=-1 offset=2007500 count=1990000
    part[3] cum=50.125% share=0.406253% device_global=3 rank=1 local_index=-1 offset=3997500 count=32500
    part[4] cum=74.7188% share=24.5937% device_global=4 rank=2 local_index=-1 offset=4030000 count=1962500
    part[5] cum=75.0625% share=0.343752% device_global=5 rank=2 local_index=-1 offset=5992500 count=22500
    part[6] cum=99.7188% share=24.6562% device_global=6 rank=3 local_index=-1 offset=6015000 count=1967500
    part[7] cum=100% share=0.28125% device_global=7 rank=3 local_index=-1 offset=7982500 count=17500
    total=100%
  CURRENT loads:
    part[0] cum=24.6875% share=24.6875% device_global=0 rank=0 local_index=0 offset=0 count=1975000
    part[1] cum=25.0938% share=0.406249% device_global=1 rank=0 local_index=1 offset=1975000 count=32500
    part[2] cum=49.9688% share=24.875% device_global=2 rank=1 local_index=-1 offset=2007500 count=1990000
    part[3] cum=50.375% share=0.406253% device_global=3 rank=1 local_index=-1 offset=3997500 count=32500
    part[4] cum=74.9062% share=24.5312% device_global=4 rank=2 local_index=-1 offset=4030000 count=1962500
    part[5] cum=75.1875% share=0.28125% device_global=5 rank=2 local_index=-1 offset=5992500 count=22500
    part[6] cum=99.7812% share=24.5938% device_global=6 rank=3 local_index=-1 offset=6015000 count=1967500
    part[7] cum=100% share=0.218749% device_global=7 rank=3 local_index=-1 offset=7982500 count=17500
    total=100%
[DCL][balance-metrics] iteration=8100
  policy=threshold
  action=skip
  reason=load difference below fixed threshold; diff=0.00438613, threshold=0.01
  T_compute_interval_s=0.951586
  T_comm_interval_s=4.295
  T_balance_total_s=0.0150202
  T_rebalance_apply_s=0
  T_compute_accum_s=13.8665
  T_comm_accum_s=39.324
  T_balance_accum_s=0.417662
  T_rebalance_apply_accum_s=0.0704516
  device_times_s:
    part[0]=0.937375
    part[1]=0.951586
    part[2]=0.941812
    part[3]=0.929217
    part[4]=0.932378
    part[5]=0.734735
    part[6]=0.933635
    part[7]=0.680146
  OLD loads:
    part[0] cum=24.6875% share=24.6875% device_global=0 rank=0 local_index=0 offset=0 count=1975000
    part[1] cum=25.0938% share=0.406249% device_global=1 rank=0 local_index=1 offset=1975000 count=32500
    part[2] cum=49.9688% share=24.875% device_global=2 rank=1 local_index=-1 offset=2007500 count=1990000
    part[3] cum=50.375% share=0.406253% device_global=3 rank=1 local_index=-1 offset=3997500 count=32500
    part[4] cum=74.9062% share=24.5312% device_global=4 rank=2 local_index=-1 offset=4030000 count=1962500
    part[5] cum=75.1875% share=0.28125% device_global=5 rank=2 local_index=-1 offset=5992500 count=22500
    part[6] cum=99.7812% share=24.5938% device_global=6 rank=3 local_index=-1 offset=6015000 count=1967500
    part[7] cum=100% share=0.218749% device_global=7 rank=3 local_index=-1 offset=7982500 count=17500
    total=100%
  PROPOSED loads:
    part[0] cum=24.625% share=24.625% device_global=0 rank=0 local_index=0 offset=0 count=1975000
    part[1] cum=25.0312% share=0.40625% device_global=1 rank=0 local_index=1 offset=1975000 count=32500
    part[2] cum=49.7188% share=24.6875% device_global=2 rank=1 local_index=-1 offset=2007500 count=1990000
    part[3] cum=50.125% share=0.406253% device_global=3 rank=1 local_index=-1 offset=3997500 count=32500
    part[4] cum=74.7188% share=24.5937% device_global=4 rank=2 local_index=-1 offset=4030000 count=1962500
    part[5] cum=75.0625% share=0.343752% device_global=5 rank=2 local_index=-1 offset=5992500 count=22500
    part[6] cum=99.6875% share=24.625% device_global=6 rank=3 local_index=-1 offset=6015000 count=1967500
    part[7] cum=100% share=0.312501% device_global=7 rank=3 local_index=-1 offset=7982500 count=17500
    total=100%
  CURRENT loads:
    part[0] cum=24.6875% share=24.6875% device_global=0 rank=0 local_index=0 offset=0 count=1975000
    part[1] cum=25.0938% share=0.406249% device_global=1 rank=0 local_index=1 offset=1975000 count=32500
    part[2] cum=49.9688% share=24.875% device_global=2 rank=1 local_index=-1 offset=2007500 count=1990000
    part[3] cum=50.375% share=0.406253% device_global=3 rank=1 local_index=-1 offset=3997500 count=32500
    part[4] cum=74.9062% share=24.5312% device_global=4 rank=2 local_index=-1 offset=4030000 count=1962500
    part[5] cum=75.1875% share=0.28125% device_global=5 rank=2 local_index=-1 offset=5992500 count=22500
    part[6] cum=99.7812% share=24.5938% device_global=6 rank=3 local_index=-1 offset=6015000 count=1967500
    part[7] cum=100% share=0.218749% device_global=7 rank=3 local_index=-1 offset=7982500 count=17500
    total=100%
[DCL][balance-metrics] iteration=9100
  policy=threshold
  action=skip
  reason=load difference below fixed threshold; diff=0.00452854, threshold=0.01
  T_compute_interval_s=0.941942
  T_comm_interval_s=4.30752
  T_balance_total_s=0.0163362
  T_rebalance_apply_s=0
  T_compute_accum_s=14.8084
  T_comm_accum_s=43.6316
  T_balance_accum_s=0.433998
  T_rebalance_apply_accum_s=0.0704516
  device_times_s:
    part[0]=0.937268
    part[1]=0.932666
    part[2]=0.941942
    part[3]=0.929085
    part[4]=0.933076
    part[5]=0.725241
    part[6]=0.933181
    part[7]=0.655212
  OLD loads:
    part[0] cum=24.6875% share=24.6875% device_global=0 rank=0 local_index=0 offset=0 count=1975000
    part[1] cum=25.0938% share=0.406249% device_global=1 rank=0 local_index=1 offset=1975000 count=32500
    part[2] cum=49.9688% share=24.875% device_global=2 rank=1 local_index=-1 offset=2007500 count=1990000
    part[3] cum=50.375% share=0.406253% device_global=3 rank=1 local_index=-1 offset=3997500 count=32500
    part[4] cum=74.9062% share=24.5312% device_global=4 rank=2 local_index=-1 offset=4030000 count=1962500
    part[5] cum=75.1875% share=0.28125% device_global=5 rank=2 local_index=-1 offset=5992500 count=22500
    part[6] cum=99.7812% share=24.5938% device_global=6 rank=3 local_index=-1 offset=6015000 count=1967500
    part[7] cum=100% share=0.218749% device_global=7 rank=3 local_index=-1 offset=7982500 count=17500
    total=100%
  PROPOSED loads:
    part[0] cum=24.625% share=24.625% device_global=0 rank=0 local_index=0 offset=0 count=1975000
    part[1] cum=25.0312% share=0.40625% device_global=1 rank=0 local_index=1 offset=1975000 count=32500
    part[2] cum=49.7188% share=24.6875% device_global=2 rank=1 local_index=-1 offset=2007500 count=1990000
    part[3] cum=50.125% share=0.406253% device_global=3 rank=1 local_index=-1 offset=3997500 count=32500
    part[4] cum=74.6875% share=24.5625% device_global=4 rank=2 local_index=-1 offset=4030000 count=1962500
    part[5] cum=75.0625% share=0.375003% device_global=5 rank=2 local_index=-1 offset=5992500 count=22500
    part[6] cum=99.6875% share=24.625% device_global=6 rank=3 local_index=-1 offset=6015000 count=1967500
    part[7] cum=100% share=0.312501% device_global=7 rank=3 local_index=-1 offset=7982500 count=17500
    total=100%
  CURRENT loads:
    part[0] cum=24.6875% share=24.6875% device_global=0 rank=0 local_index=0 offset=0 count=1975000
    part[1] cum=25.0938% share=0.406249% device_global=1 rank=0 local_index=1 offset=1975000 count=32500
    part[2] cum=49.9688% share=24.875% device_global=2 rank=1 local_index=-1 offset=2007500 count=1990000
    part[3] cum=50.375% share=0.406253% device_global=3 rank=1 local_index=-1 offset=3997500 count=32500
    part[4] cum=74.9062% share=24.5312% device_global=4 rank=2 local_index=-1 offset=4030000 count=1962500
    part[5] cum=75.1875% share=0.28125% device_global=5 rank=2 local_index=-1 offset=5992500 count=22500
    part[6] cum=99.7812% share=24.5938% device_global=6 rank=3 local_index=-1 offset=6015000 count=1967500
    part[7] cum=100% share=0.218749% device_global=7 rank=3 local_index=-1 offset=7982500 count=17500
    total=100%

=== PARTICOES FINAIS ===
=== Particoes globais ===
part[0] device_global=0 rank=0 local_index=0 offset=0 count=1975000
part[1] device_global=1 rank=0 local_index=1 offset=1975000 count=32500
part[2] device_global=2 rank=1 local_index=-1 offset=2007500 count=1990000
part[3] device_global=3 rank=1 local_index=-1 offset=3997500 count=32500
part[4] device_global=4 rank=2 local_index=-1 offset=4030000 count=1962500
part[5] device_global=5 rank=2 local_index=-1 offset=5992500 count=22500
part[6] device_global=6 rank=3 local_index=-1 offset=6015000 count=1967500
part[7] device_global=7 rank=3 local_index=-1 offset=7982500 count=17500


============================
ITERACAO 10000
Tempo de execução: 55.852s
