=== Dispositivos locais do rank 0 ===
global=0 local=0 nome="NVIDIA RTX 2000 Ada Generation" compute_units=22
global=1 local=1 nome="Intel(R) Xeon(R) CPU           E5620  @ 2.40GHz" compute_units=16

=== Dispositivos locais do rank 1 ===
global=2 local=0 nome="NVIDIA RTX 2000 Ada Generation" compute_units=22
global=3 local=1 nome="Intel(R) Xeon(R) CPU           E5620  @ 2.40GHz" compute_units=16

=== Dispositivos locais do rank 2 ===
global=4 local=0 nome="NVIDIA RTX 2000 Ada Generation" compute_units=22
global=5 local=1 nome="Intel(R) Xeon(R) CPU           E5620  @ 2.40GHz" compute_units=16

=== Dispositivos locais do rank 3 ===
global=6 local=0 nome="NVIDIA RTX 2000 Ada Generation" compute_units=22
global=7 local=1 nome="Intel(R) Xeon(R) CPU           E5620  @ 2.40GHz" compute_units=16

=== PARTICOES INICIAIS ===
=== Particoes globais ===
part[0] device_global=0 rank=0 local_index=0 offset=0 count=1000000
part[1] device_global=1 rank=0 local_index=1 offset=1000000 count=1000000
part[2] device_global=2 rank=1 local_index=-1 offset=2000000 count=1000000
part[3] device_global=3 rank=1 local_index=-1 offset=3000000 count=1000000
part[4] device_global=4 rank=2 local_index=-1 offset=4000000 count=1000000
part[5] device_global=5 rank=2 local_index=-1 offset=5000000 count=1000000
part[6] device_global=6 rank=3 local_index=-1 offset=6000000 count=1000000
part[7] device_global=7 rank=3 local_index=-1 offset=7000000 count=1000000

X = 50 Y = 50 Z = 3200 Iterations = 10000
[DCL][balance-metrics] iteration=100
  policy=threshold
  action=rebalance
  reason=accepted by fixed threshold; diff=0.246964, threshold=0.01
  T_compute_interval_s=5.45219
  T_comm_interval_s=5.29702
  T_balance_total_s=0.289996
  T_rebalance_apply_s=0.0670113
  T_compute_accum_s=5.45219
  T_comm_accum_s=5.29702
  T_balance_accum_s=0.289996
  T_rebalance_apply_accum_s=0.0670113
  device_times_s:
    part[0]=0.0491048
    part[1]=3.0511
    part[2]=0.0479716
    part[3]=3.08287
    part[4]=0.0492723
    part[5]=4.27482
    part[6]=0.0491296
    part[7]=5.45219
  OLD loads:
    part[0] cum=12.5% share=12.5% device_global=0 rank=0 local_index=0 offset=0 count=1965000
    part[1] cum=25% share=12.5% device_global=1 rank=0 local_index=1 offset=1965000 count=30000
    part[2] cum=37.5% share=12.5% device_global=2 rank=1 local_index=-1 offset=1995000 count=2012500
    part[3] cum=50% share=12.5% device_global=3 rank=1 local_index=-1 offset=4007500 count=30000
    part[4] cum=62.5% share=12.5% device_global=4 rank=2 local_index=-1 offset=4037500 count=1957500
    part[5] cum=75% share=12.5% device_global=5 rank=2 local_index=-1 offset=5995000 count=25000
    part[6] cum=87.5% share=12.5% device_global=6 rank=3 local_index=-1 offset=6020000 count=1962500
    part[7] cum=100% share=12.5% device_global=7 rank=3 local_index=-1 offset=7982500 count=17500
    total=100%
  PROPOSED loads:
    part[0] cum=24.5625% share=24.5625% device_global=0 rank=0 local_index=0 offset=0 count=1965000
    part[1] cum=24.9375% share=0.375% device_global=1 rank=0 local_index=1 offset=1965000 count=30000
    part[2] cum=50.0938% share=25.1563% device_global=2 rank=1 local_index=-1 offset=1995000 count=2012500
    part[3] cum=50.4688% share=0.374997% device_global=3 rank=1 local_index=-1 offset=4007500 count=30000
    part[4] cum=74.9375% share=24.4688% device_global=4 rank=2 local_index=-1 offset=4037500 count=1957500
    part[5] cum=75.25% share=0.312501% device_global=5 rank=2 local_index=-1 offset=5995000 count=25000
    part[6] cum=99.7812% share=24.5313% device_global=6 rank=3 local_index=-1 offset=6020000 count=1962500
    part[7] cum=100% share=0.218749% device_global=7 rank=3 local_index=-1 offset=7982500 count=17500
    total=100%
  CURRENT loads:
    part[0] cum=24.5625% share=24.5625% device_global=0 rank=0 local_index=0 offset=0 count=1965000
    part[1] cum=24.9375% share=0.375% device_global=1 rank=0 local_index=1 offset=1965000 count=30000
    part[2] cum=50.0938% share=25.1563% device_global=2 rank=1 local_index=-1 offset=1995000 count=2012500
    part[3] cum=50.4688% share=0.374997% device_global=3 rank=1 local_index=-1 offset=4007500 count=30000
    part[4] cum=74.9375% share=24.4688% device_global=4 rank=2 local_index=-1 offset=4037500 count=1957500
    part[5] cum=75.25% share=0.312501% device_global=5 rank=2 local_index=-1 offset=5995000 count=25000
    part[6] cum=99.7812% share=24.5313% device_global=6 rank=3 local_index=-1 offset=6020000 count=1962500
    part[7] cum=100% share=0.218749% device_global=7 rank=3 local_index=-1 offset=7982500 count=17500
    total=100%
[DCL][balance-metrics] iteration=1100
  policy=threshold
  action=skip
  reason=load difference below fixed threshold; diff=0.00433014, threshold=0.01
  T_compute_interval_s=1.55582
  T_comm_interval_s=4.2501
  T_balance_total_s=0.0158784
  T_rebalance_apply_s=0
  T_compute_accum_s=7.00801
  T_comm_accum_s=9.54712
  T_balance_accum_s=0.305874
  T_rebalance_apply_accum_s=0.0670113
  device_times_s:
    part[0]=0.934368
    part[1]=0.916822
    part[2]=0.952971
    part[3]=1.07369
    part[4]=0.929944
    part[5]=1.55582
    part[6]=0.930308
    part[7]=1.3568
  OLD loads:
    part[0] cum=24.5625% share=24.5625% device_global=0 rank=0 local_index=0 offset=0 count=1965000
    part[1] cum=24.9375% share=0.375% device_global=1 rank=0 local_index=1 offset=1965000 count=30000
    part[2] cum=50.0938% share=25.1563% device_global=2 rank=1 local_index=-1 offset=1995000 count=2012500
    part[3] cum=50.4688% share=0.374997% device_global=3 rank=1 local_index=-1 offset=4007500 count=30000
    part[4] cum=74.9375% share=24.4688% device_global=4 rank=2 local_index=-1 offset=4037500 count=1957500
    part[5] cum=75.25% share=0.312501% device_global=5 rank=2 local_index=-1 offset=5995000 count=25000
    part[6] cum=99.7812% share=24.5313% device_global=6 rank=3 local_index=-1 offset=6020000 count=1962500
    part[7] cum=100% share=0.218749% device_global=7 rank=3 local_index=-1 offset=7982500 count=17500
    total=100%
  PROPOSED loads:
    part[0] cum=24.6875% share=24.6875% device_global=0 rank=0 local_index=0 offset=0 count=1965000
    part[1] cum=25.0625% share=0.375001% device_global=1 rank=0 local_index=1 offset=1965000 count=30000
    part[2] cum=49.875% share=24.8125% device_global=2 rank=1 local_index=-1 offset=1995000 count=2012500
    part[3] cum=50.1875% share=0.312498% device_global=3 rank=1 local_index=-1 offset=4007500 count=30000
    part[4] cum=74.9062% share=24.7188% device_global=4 rank=2 local_index=-1 offset=4037500 count=1957500
    part[5] cum=75.0938% share=0.187504% device_global=5 rank=2 local_index=-1 offset=5995000 count=25000
    part[6] cum=99.8438% share=24.75% device_global=6 rank=3 local_index=-1 offset=6020000 count=1962500
    part[7] cum=100% share=0.156248% device_global=7 rank=3 local_index=-1 offset=7982500 count=17500
    total=100%
  CURRENT loads:
    part[0] cum=24.5625% share=24.5625% device_global=0 rank=0 local_index=0 offset=0 count=1965000
    part[1] cum=24.9375% share=0.375% device_global=1 rank=0 local_index=1 offset=1965000 count=30000
    part[2] cum=50.0938% share=25.1563% device_global=2 rank=1 local_index=-1 offset=1995000 count=2012500
    part[3] cum=50.4688% share=0.374997% device_global=3 rank=1 local_index=-1 offset=4007500 count=30000
    part[4] cum=74.9375% share=24.4688% device_global=4 rank=2 local_index=-1 offset=4037500 count=1957500
    part[5] cum=75.25% share=0.312501% device_global=5 rank=2 local_index=-1 offset=5995000 count=25000
    part[6] cum=99.7812% share=24.5313% device_global=6 rank=3 local_index=-1 offset=6020000 count=1962500
    part[7] cum=100% share=0.218749% device_global=7 rank=3 local_index=-1 offset=7982500 count=17500
    total=100%
[DCL][balance-metrics] iteration=2100
  policy=threshold
  action=skip
  reason=load difference below fixed threshold; diff=0.00453935, threshold=0.01
  T_compute_interval_s=1.25466
  T_comm_interval_s=4.30845
  T_balance_total_s=0.0149873
  T_rebalance_apply_s=0
  T_compute_accum_s=8.26267
  T_comm_accum_s=13.8556
  T_balance_accum_s=0.320861
  T_rebalance_apply_accum_s=0.0670113
  device_times_s:
    part[0]=0.933768
    part[1]=0.887343
    part[2]=0.952888
    part[3]=0.937065
    part[4]=0.929757
    part[5]=1.13415
    part[6]=0.930582
    part[7]=1.25466
  OLD loads:
    part[0] cum=24.5625% share=24.5625% device_global=0 rank=0 local_index=0 offset=0 count=1965000
    part[1] cum=24.9375% share=0.375% device_global=1 rank=0 local_index=1 offset=1965000 count=30000
    part[2] cum=50.0938% share=25.1563% device_global=2 rank=1 local_index=-1 offset=1995000 count=2012500
    part[3] cum=50.4688% share=0.374997% device_global=3 rank=1 local_index=-1 offset=4007500 count=30000
    part[4] cum=74.9375% share=24.4688% device_global=4 rank=2 local_index=-1 offset=4037500 count=1957500
    part[5] cum=75.25% share=0.312501% device_global=5 rank=2 local_index=-1 offset=5995000 count=25000
    part[6] cum=99.7812% share=24.5313% device_global=6 rank=3 local_index=-1 offset=6020000 count=1962500
    part[7] cum=100% share=0.218749% device_global=7 rank=3 local_index=-1 offset=7982500 count=17500
    total=100%
  PROPOSED loads:
    part[0] cum=24.6562% share=24.6562% device_global=0 rank=0 local_index=0 offset=0 count=1965000
    part[1] cum=25.0625% share=0.406252% device_global=1 rank=0 local_index=1 offset=1965000 count=30000
    part[2] cum=49.8125% share=24.75% device_global=2 rank=1 local_index=-1 offset=1995000 count=2012500
    part[3] cum=50.1875% share=0.375% device_global=3 rank=1 local_index=-1 offset=4007500 count=30000
    part[4] cum=74.875% share=24.6875% device_global=4 rank=2 local_index=-1 offset=4037500 count=1957500
    part[5] cum=75.125% share=0.250006% device_global=5 rank=2 local_index=-1 offset=5995000 count=25000
    part[6] cum=99.8438% share=24.7188% device_global=6 rank=3 local_index=-1 offset=6020000 count=1962500
    part[7] cum=100% share=0.156248% device_global=7 rank=3 local_index=-1 offset=7982500 count=17500
    total=100%
  CURRENT loads:
    part[0] cum=24.5625% share=24.5625% device_global=0 rank=0 local_index=0 offset=0 count=1965000
    part[1] cum=24.9375% share=0.375% device_global=1 rank=0 local_index=1 offset=1965000 count=30000
    part[2] cum=50.0938% share=25.1563% device_global=2 rank=1 local_index=-1 offset=1995000 count=2012500
    part[3] cum=50.4688% share=0.374997% device_global=3 rank=1 local_index=-1 offset=4007500 count=30000
    part[4] cum=74.9375% share=24.4688% device_global=4 rank=2 local_index=-1 offset=4037500 count=1957500
    part[5] cum=75.25% share=0.312501% device_global=5 rank=2 local_index=-1 offset=5995000 count=25000
    part[6] cum=99.7812% share=24.5313% device_global=6 rank=3 local_index=-1 offset=6020000 count=1962500
    part[7] cum=100% share=0.218749% device_global=7 rank=3 local_index=-1 offset=7982500 count=17500
    total=100%
[DCL][balance-metrics] iteration=3100
  policy=threshold
  action=skip
  reason=load difference below fixed threshold; diff=0.00490137, threshold=0.01
  T_compute_interval_s=1.06307
  T_comm_interval_s=4.35269
  T_balance_total_s=0.0190882
  T_rebalance_apply_s=0
  T_compute_accum_s=9.32574
  T_comm_accum_s=18.2083
  T_balance_accum_s=0.33995
  T_rebalance_apply_accum_s=0.0670113
  device_times_s:
    part[0]=0.933769
    part[1]=0.869808
    part[2]=0.952339
    part[3]=0.899836
    part[4]=0.929618
    part[5]=0.961629
    part[6]=0.930405
    part[7]=1.06307
  OLD loads:
    part[0] cum=24.5625% share=24.5625% device_global=0 rank=0 local_index=0 offset=0 count=1965000
    part[1] cum=24.9375% share=0.375% device_global=1 rank=0 local_index=1 offset=1965000 count=30000
    part[2] cum=50.0938% share=25.1563% device_global=2 rank=1 local_index=-1 offset=1995000 count=2012500
    part[3] cum=50.4688% share=0.374997% device_global=3 rank=1 local_index=-1 offset=4007500 count=30000
    part[4] cum=74.9375% share=24.4688% device_global=4 rank=2 local_index=-1 offset=4037500 count=1957500
    part[5] cum=75.25% share=0.312501% device_global=5 rank=2 local_index=-1 offset=5995000 count=25000
    part[6] cum=99.7812% share=24.5313% device_global=6 rank=3 local_index=-1 offset=6020000 count=1962500
    part[7] cum=100% share=0.218749% device_global=7 rank=3 local_index=-1 offset=7982500 count=17500
    total=100%
  PROPOSED loads:
    part[0] cum=24.625% share=24.625% device_global=0 rank=0 local_index=0 offset=0 count=1965000
    part[1] cum=25.0312% share=0.40625% device_global=1 rank=0 local_index=1 offset=1965000 count=30000
    part[2] cum=49.7812% share=24.75% device_global=2 rank=1 local_index=-1 offset=1995000 count=2012500
    part[3] cum=50.1562% share=0.374997% device_global=3 rank=1 local_index=-1 offset=4007500 count=30000
    part[4] cum=74.8125% share=24.6563% device_global=4 rank=2 local_index=-1 offset=4037500 count=1957500
    part[5] cum=75.125% share=0.312501% device_global=5 rank=2 local_index=-1 offset=5995000 count=25000
    part[6] cum=99.8125% share=24.6875% device_global=6 rank=3 local_index=-1 offset=6020000 count=1962500
    part[7] cum=100% share=0.187498% device_global=7 rank=3 local_index=-1 offset=7982500 count=17500
    total=100%
  CURRENT loads:
    part[0] cum=24.5625% share=24.5625% device_global=0 rank=0 local_index=0 offset=0 count=1965000
    part[1] cum=24.9375% share=0.375% device_global=1 rank=0 local_index=1 offset=1965000 count=30000
    part[2] cum=50.0938% share=25.1563% device_global=2 rank=1 local_index=-1 offset=1995000 count=2012500
    part[3] cum=50.4688% share=0.374997% device_global=3 rank=1 local_index=-1 offset=4007500 count=30000
    part[4] cum=74.9375% share=24.4688% device_global=4 rank=2 local_index=-1 offset=4037500 count=1957500
    part[5] cum=75.25% share=0.312501% device_global=5 rank=2 local_index=-1 offset=5995000 count=25000
    part[6] cum=99.7812% share=24.5313% device_global=6 rank=3 local_index=-1 offset=6020000 count=1962500
    part[7] cum=100% share=0.218749% device_global=7 rank=3 local_index=-1 offset=7982500 count=17500
    total=100%
[DCL][balance-metrics] iteration=4100
  policy=threshold
  action=skip
  reason=load difference below fixed threshold; diff=0.00571967, threshold=0.01
  T_compute_interval_s=0.952303
  T_comm_interval_s=4.35239
  T_balance_total_s=0.0147054
  T_rebalance_apply_s=0
  T_compute_accum_s=10.278
  T_comm_accum_s=22.5606
  T_balance_accum_s=0.354655
  T_rebalance_apply_accum_s=0.0670113
  device_times_s:
    part[0]=0.933923
    part[1]=0.870174
    part[2]=0.952303
    part[3]=0.892624
    part[4]=0.929539
    part[5]=0.889165
    part[6]=0.930425
    part[7]=0.854289
  OLD loads:
    part[0] cum=24.5625% share=24.5625% device_global=0 rank=0 local_index=0 offset=0 count=1965000
    part[1] cum=24.9375% share=0.375% device_global=1 rank=0 local_index=1 offset=1965000 count=30000
    part[2] cum=50.0938% share=25.1563% device_global=2 rank=1 local_index=-1 offset=1995000 count=2012500
    part[3] cum=50.4688% share=0.374997% device_global=3 rank=1 local_index=-1 offset=4007500 count=30000
    part[4] cum=74.9375% share=24.4688% device_global=4 rank=2 local_index=-1 offset=4037500 count=1957500
    part[5] cum=75.25% share=0.312501% device_global=5 rank=2 local_index=-1 offset=5995000 count=25000
    part[6] cum=99.7812% share=24.5313% device_global=6 rank=3 local_index=-1 offset=6020000 count=1962500
    part[7] cum=100% share=0.218749% device_global=7 rank=3 local_index=-1 offset=7982500 count=17500
    total=100%
  PROPOSED loads:
    part[0] cum=24.625% share=24.625% device_global=0 rank=0 local_index=0 offset=0 count=1965000
    part[1] cum=25% share=0.375% device_global=1 rank=0 local_index=1 offset=1965000 count=30000
    part[2] cum=49.7188% share=24.7188% device_global=2 rank=1 local_index=-1 offset=1995000 count=2012500
    part[3] cum=50.125% share=0.406253% device_global=3 rank=1 local_index=-1 offset=4007500 count=30000
    part[4] cum=74.75% share=24.625% device_global=4 rank=2 local_index=-1 offset=4037500 count=1957500
    part[5] cum=75.0938% share=0.343752% device_global=5 rank=2 local_index=-1 offset=5995000 count=25000
    part[6] cum=99.75% share=24.6562% device_global=6 rank=3 local_index=-1 offset=6020000 count=1962500
    part[7] cum=100% share=0.25% device_global=7 rank=3 local_index=-1 offset=7982500 count=17500
    total=100%
  CURRENT loads:
    part[0] cum=24.5625% share=24.5625% device_global=0 rank=0 local_index=0 offset=0 count=1965000
    part[1] cum=24.9375% share=0.375% device_global=1 rank=0 local_index=1 offset=1965000 count=30000
    part[2] cum=50.0938% share=25.1563% device_global=2 rank=1 local_index=-1 offset=1995000 count=2012500
    part[3] cum=50.4688% share=0.374997% device_global=3 rank=1 local_index=-1 offset=4007500 count=30000
    part[4] cum=74.9375% share=24.4688% device_global=4 rank=2 local_index=-1 offset=4037500 count=1957500
    part[5] cum=75.25% share=0.312501% device_global=5 rank=2 local_index=-1 offset=5995000 count=25000
    part[6] cum=99.7812% share=24.5313% device_global=6 rank=3 local_index=-1 offset=6020000 count=1962500
    part[7] cum=100% share=0.218749% device_global=7 rank=3 local_index=-1 offset=7982500 count=17500
    total=100%
[DCL][balance-metrics] iteration=5100
  policy=threshold
  action=skip
  reason=load difference below fixed threshold; diff=0.00596211, threshold=0.01
  T_compute_interval_s=0.953123
  T_comm_interval_s=4.37775
  T_balance_total_s=0.0155012
  T_rebalance_apply_s=0
  T_compute_accum_s=11.2312
  T_comm_accum_s=26.9384
  T_balance_accum_s=0.370156
  T_rebalance_apply_accum_s=0.0670113
  device_times_s:
    part[0]=0.93335
    part[1]=0.872293
    part[2]=0.953123
    part[3]=0.883953
    part[4]=0.930737
    part[5]=0.857279
    part[6]=0.930354
    part[7]=0.771688
  OLD loads:
    part[0] cum=24.5625% share=24.5625% device_global=0 rank=0 local_index=0 offset=0 count=1965000
    part[1] cum=24.9375% share=0.375% device_global=1 rank=0 local_index=1 offset=1965000 count=30000
    part[2] cum=50.0938% share=25.1563% device_global=2 rank=1 local_index=-1 offset=1995000 count=2012500
    part[3] cum=50.4688% share=0.374997% device_global=3 rank=1 local_index=-1 offset=4007500 count=30000
    part[4] cum=74.9375% share=24.4688% device_global=4 rank=2 local_index=-1 offset=4037500 count=1957500
    part[5] cum=75.25% share=0.312501% device_global=5 rank=2 local_index=-1 offset=5995000 count=25000
    part[6] cum=99.7812% share=24.5313% device_global=6 rank=3 local_index=-1 offset=6020000 count=1962500
    part[7] cum=100% share=0.218749% device_global=7 rank=3 local_index=-1 offset=7982500 count=17500
    total=100%
  PROPOSED loads:
    part[0] cum=24.625% share=24.625% device_global=0 rank=0 local_index=0 offset=0 count=1965000
    part[1] cum=25.0312% share=0.40625% device_global=1 rank=0 local_index=1 offset=1965000 count=30000
    part[2] cum=49.7188% share=24.6875% device_global=2 rank=1 local_index=-1 offset=1995000 count=2012500
    part[3] cum=50.125% share=0.406253% device_global=3 rank=1 local_index=-1 offset=4007500 count=30000
    part[4] cum=74.7188% share=24.5937% device_global=4 rank=2 local_index=-1 offset=4037500 count=1957500
    part[5] cum=75.0625% share=0.343752% device_global=5 rank=2 local_index=-1 offset=5995000 count=25000
    part[6] cum=99.75% share=24.6875% device_global=6 rank=3 local_index=-1 offset=6020000 count=1962500
    part[7] cum=100% share=0.25% device_global=7 rank=3 local_index=-1 offset=7982500 count=17500
    total=100%
  CURRENT loads:
    part[0] cum=24.5625% share=24.5625% device_global=0 rank=0 local_index=0 offset=0 count=1965000
    part[1] cum=24.9375% share=0.375% device_global=1 rank=0 local_index=1 offset=1965000 count=30000
    part[2] cum=50.0938% share=25.1563% device_global=2 rank=1 local_index=-1 offset=1995000 count=2012500
    part[3] cum=50.4688% share=0.374997% device_global=3 rank=1 local_index=-1 offset=4007500 count=30000
    part[4] cum=74.9375% share=24.4688% device_global=4 rank=2 local_index=-1 offset=4037500 count=1957500
    part[5] cum=75.25% share=0.312501% device_global=5 rank=2 local_index=-1 offset=5995000 count=25000
    part[6] cum=99.7812% share=24.5313% device_global=6 rank=3 local_index=-1 offset=6020000 count=1962500
    part[7] cum=100% share=0.218749% device_global=7 rank=3 local_index=-1 offset=7982500 count=17500
    total=100%
[DCL][balance-metrics] iteration=6100
  policy=threshold
  action=skip
  reason=load difference below fixed threshold; diff=0.00630444, threshold=0.01
  T_compute_interval_s=0.95238
  T_comm_interval_s=4.3726
  T_balance_total_s=0.0152088
  T_rebalance_apply_s=0
  T_compute_accum_s=12.1835
  T_comm_accum_s=31.311
  T_balance_accum_s=0.385365
  T_rebalance_apply_accum_s=0.0670113
  device_times_s:
    part[0]=0.933719
    part[1]=0.877805
    part[2]=0.95238
    part[3]=0.878862
    part[4]=0.92943
    part[5]=0.83625
    part[6]=0.93042
    part[7]=0.724444
  OLD loads:
    part[0] cum=24.5625% share=24.5625% device_global=0 rank=0 local_index=0 offset=0 count=1965000
    part[1] cum=24.9375% share=0.375% device_global=1 rank=0 local_index=1 offset=1965000 count=30000
    part[2] cum=50.0938% share=25.1563% device_global=2 rank=1 local_index=-1 offset=1995000 count=2012500
    part[3] cum=50.4688% share=0.374997% device_global=3 rank=1 local_index=-1 offset=4007500 count=30000
    part[4] cum=74.9375% share=24.4688% device_global=4 rank=2 local_index=-1 offset=4037500 count=1957500
    part[5] cum=75.25% share=0.312501% device_global=5 rank=2 local_index=-1 offset=5995000 count=25000
    part[6] cum=99.7812% share=24.5313% device_global=6 rank=3 local_index=-1 offset=6020000 count=1962500
    part[7] cum=100% share=0.218749% device_global=7 rank=3 local_index=-1 offset=7982500 count=17500
    total=100%
  PROPOSED loads:
    part[0] cum=24.5938% share=24.5938% device_global=0 rank=0 local_index=0 offset=0 count=1965000
    part[1] cum=25% share=0.40625% device_global=1 rank=0 local_index=1 offset=1965000 count=30000
    part[2] cum=49.6875% share=24.6875% device_global=2 rank=1 local_index=-1 offset=1995000 count=2012500
    part[3] cum=50.0938% share=0.406253% device_global=3 rank=1 local_index=-1 offset=4007500 count=30000
    part[4] cum=74.7188% share=24.625% device_global=4 rank=2 local_index=-1 offset=4037500 count=1957500
    part[5] cum=75.0625% share=0.343752% device_global=5 rank=2 local_index=-1 offset=5995000 count=25000
    part[6] cum=99.7188% share=24.6562% device_global=6 rank=3 local_index=-1 offset=6020000 count=1962500
    part[7] cum=100% share=0.28125% device_global=7 rank=3 local_index=-1 offset=7982500 count=17500
    total=100%
  CURRENT loads:
    part[0] cum=24.5625% share=24.5625% device_global=0 rank=0 local_index=0 offset=0 count=1965000
    part[1] cum=24.9375% share=0.375% device_global=1 rank=0 local_index=1 offset=1965000 count=30000
    part[2] cum=50.0938% share=25.1563% device_global=2 rank=1 local_index=-1 offset=1995000 count=2012500
    part[3] cum=50.4688% share=0.374997% device_global=3 rank=1 local_index=-1 offset=4007500 count=30000
    part[4] cum=74.9375% share=24.4688% device_global=4 rank=2 local_index=-1 offset=4037500 count=1957500
    part[5] cum=75.25% share=0.312501% device_global=5 rank=2 local_index=-1 offset=5995000 count=25000
    part[6] cum=99.7812% share=24.5313% device_global=6 rank=3 local_index=-1 offset=6020000 count=1962500
    part[7] cum=100% share=0.218749% device_global=7 rank=3 local_index=-1 offset=7982500 count=17500
    total=100%
[DCL][balance-metrics] iteration=7100
  policy=threshold
  action=skip
  reason=load difference below fixed threshold; diff=0.00641957, threshold=0.01
  T_compute_interval_s=0.952189
  T_comm_interval_s=4.3644
  T_balance_total_s=0.016364
  T_rebalance_apply_s=0
  T_compute_accum_s=13.1357
  T_comm_accum_s=35.6754
  T_balance_accum_s=0.401729
  T_rebalance_apply_accum_s=0.0670113
  device_times_s:
    part[0]=0.93354
    part[1]=0.879248
    part[2]=0.952189
    part[3]=0.873938
    part[4]=0.929274
    part[5]=0.814007
    part[6]=0.930249
    part[7]=0.690122
  OLD loads:
    part[0] cum=24.5625% share=24.5625% device_global=0 rank=0 local_index=0 offset=0 count=1965000
    part[1] cum=24.9375% share=0.375% device_global=1 rank=0 local_index=1 offset=1965000 count=30000
    part[2] cum=50.0938% share=25.1563% device_global=2 rank=1 local_index=-1 offset=1995000 count=2012500
    part[3] cum=50.4688% share=0.374997% device_global=3 rank=1 local_index=-1 offset=4007500 count=30000
    part[4] cum=74.9375% share=24.4688% device_global=4 rank=2 local_index=-1 offset=4037500 count=1957500
    part[5] cum=75.25% share=0.312501% device_global=5 rank=2 local_index=-1 offset=5995000 count=25000
    part[6] cum=99.7812% share=24.5313% device_global=6 rank=3 local_index=-1 offset=6020000 count=1962500
    part[7] cum=100% share=0.218749% device_global=7 rank=3 local_index=-1 offset=7982500 count=17500
    total=100%
  PROPOSED loads:
    part[0] cum=24.5938% share=24.5938% device_global=0 rank=0 local_index=0 offset=0 count=1965000
    part[1] cum=25% share=0.40625% device_global=1 rank=0 local_index=1 offset=1965000 count=30000
    part[2] cum=49.6875% share=24.6875% device_global=2 rank=1 local_index=-1 offset=1995000 count=2012500
    part[3] cum=50.0938% share=0.406253% device_global=3 rank=1 local_index=-1 offset=4007500 count=30000
    part[4] cum=74.6875% share=24.5937% device_global=4 rank=2 local_index=-1 offset=4037500 count=1957500
    part[5] cum=75.0625% share=0.375003% device_global=5 rank=2 local_index=-1 offset=5995000 count=25000
    part[6] cum=99.7188% share=24.6562% device_global=6 rank=3 local_index=-1 offset=6020000 count=1962500
    part[7] cum=100% share=0.28125% device_global=7 rank=3 local_index=-1 offset=7982500 count=17500
    total=100%
  CURRENT loads:
    part[0] cum=24.5625% share=24.5625% device_global=0 rank=0 local_index=0 offset=0 count=1965000
    part[1] cum=24.9375% share=0.375% device_global=1 rank=0 local_index=1 offset=1965000 count=30000
    part[2] cum=50.0938% share=25.1563% device_global=2 rank=1 local_index=-1 offset=1995000 count=2012500
    part[3] cum=50.4688% share=0.374997% device_global=3 rank=1 local_index=-1 offset=4007500 count=30000
    part[4] cum=74.9375% share=24.4688% device_global=4 rank=2 local_index=-1 offset=4037500 count=1957500
    part[5] cum=75.25% share=0.312501% device_global=5 rank=2 local_index=-1 offset=5995000 count=25000
    part[6] cum=99.7812% share=24.5313% device_global=6 rank=3 local_index=-1 offset=6020000 count=1962500
    part[7] cum=100% share=0.218749% device_global=7 rank=3 local_index=-1 offset=7982500 count=17500
    total=100%
[DCL][balance-metrics] iteration=8100
  policy=threshold
  action=skip
  reason=load difference below fixed threshold; diff=0.00693158, threshold=0.01
  T_compute_interval_s=0.952434
  T_comm_interval_s=4.35564
  T_balance_total_s=0.0136029
  T_rebalance_apply_s=0
  T_compute_accum_s=14.0882
  T_comm_accum_s=40.031
  T_balance_accum_s=0.415332
  T_rebalance_apply_accum_s=0.0670113
  device_times_s:
    part[0]=0.933505
    part[1]=0.875026
    part[2]=0.952434
    part[3]=0.8763
    part[4]=0.929434
    part[5]=0.797026
    part[6]=0.929977
    part[7]=0.660382
  OLD loads:
    part[0] cum=24.5625% share=24.5625% device_global=0 rank=0 local_index=0 offset=0 count=1965000
    part[1] cum=24.9375% share=0.375% device_global=1 rank=0 local_index=1 offset=1965000 count=30000
    part[2] cum=50.0938% share=25.1563% device_global=2 rank=1 local_index=-1 offset=1995000 count=2012500
    part[3] cum=50.4688% share=0.374997% device_global=3 rank=1 local_index=-1 offset=4007500 count=30000
    part[4] cum=74.9375% share=24.4688% device_global=4 rank=2 local_index=-1 offset=4037500 count=1957500
    part[5] cum=75.25% share=0.312501% device_global=5 rank=2 local_index=-1 offset=5995000 count=25000
    part[6] cum=99.7812% share=24.5313% device_global=6 rank=3 local_index=-1 offset=6020000 count=1962500
    part[7] cum=100% share=0.218749% device_global=7 rank=3 local_index=-1 offset=7982500 count=17500
    total=100%
  PROPOSED loads:
    part[0] cum=24.5938% share=24.5938% device_global=0 rank=0 local_index=0 offset=0 count=1965000
    part[1] cum=25% share=0.40625% device_global=1 rank=0 local_index=1 offset=1965000 count=30000
    part[2] cum=49.6562% share=24.6563% device_global=2 rank=1 local_index=-1 offset=1995000 count=2012500
    part[3] cum=50.0625% share=0.40625% device_global=3 rank=1 local_index=-1 offset=4007500 count=30000
    part[4] cum=74.6875% share=24.625% device_global=4 rank=2 local_index=-1 offset=4037500 count=1957500
    part[5] cum=75.0312% share=0.343752% device_global=5 rank=2 local_index=-1 offset=5995000 count=25000
    part[6] cum=99.6875% share=24.6562% device_global=6 rank=3 local_index=-1 offset=6020000 count=1962500
    part[7] cum=100% share=0.312501% device_global=7 rank=3 local_index=-1 offset=7982500 count=17500
    total=100%
  CURRENT loads:
    part[0] cum=24.5625% share=24.5625% device_global=0 rank=0 local_index=0 offset=0 count=1965000
    part[1] cum=24.9375% share=0.375% device_global=1 rank=0 local_index=1 offset=1965000 count=30000
    part[2] cum=50.0938% share=25.1563% device_global=2 rank=1 local_index=-1 offset=1995000 count=2012500
    part[3] cum=50.4688% share=0.374997% device_global=3 rank=1 local_index=-1 offset=4007500 count=30000
    part[4] cum=74.9375% share=24.4688% device_global=4 rank=2 local_index=-1 offset=4037500 count=1957500
    part[5] cum=75.25% share=0.312501% device_global=5 rank=2 local_index=-1 offset=5995000 count=25000
    part[6] cum=99.7812% share=24.5313% device_global=6 rank=3 local_index=-1 offset=6020000 count=1962500
    part[7] cum=100% share=0.218749% device_global=7 rank=3 local_index=-1 offset=7982500 count=17500
    total=100%
[DCL][balance-metrics] iteration=9100
  policy=threshold
  action=skip
  reason=load difference below fixed threshold; diff=0.00705031, threshold=0.01
  T_compute_interval_s=0.952042
  T_comm_interval_s=4.33786
  T_balance_total_s=0.0153747
  T_rebalance_apply_s=0
  T_compute_accum_s=15.0402
  T_comm_accum_s=44.3689
  T_balance_accum_s=0.430707
  T_rebalance_apply_accum_s=0.0670113
  device_times_s:
    part[0]=0.933259
    part[1]=0.878435
    part[2]=0.952042
    part[3]=0.869386
    part[4]=0.929555
    part[5]=0.782013
    part[6]=0.929988
    part[7]=0.641866
  OLD loads:
    part[0] cum=24.5625% share=24.5625% device_global=0 rank=0 local_index=0 offset=0 count=1965000
    part[1] cum=24.9375% share=0.375% device_global=1 rank=0 local_index=1 offset=1965000 count=30000
    part[2] cum=50.0938% share=25.1563% device_global=2 rank=1 local_index=-1 offset=1995000 count=2012500
    part[3] cum=50.4688% share=0.374997% device_global=3 rank=1 local_index=-1 offset=4007500 count=30000
    part[4] cum=74.9375% share=24.4688% device_global=4 rank=2 local_index=-1 offset=4037500 count=1957500
    part[5] cum=75.25% share=0.312501% device_global=5 rank=2 local_index=-1 offset=5995000 count=25000
    part[6] cum=99.7812% share=24.5313% device_global=6 rank=3 local_index=-1 offset=6020000 count=1962500
    part[7] cum=100% share=0.218749% device_global=7 rank=3 local_index=-1 offset=7982500 count=17500
    total=100%
  PROPOSED loads:
    part[0] cum=24.5938% share=24.5938% device_global=0 rank=0 local_index=0 offset=0 count=1965000
    part[1] cum=25% share=0.40625% device_global=1 rank=0 local_index=1 offset=1965000 count=30000
    part[2] cum=49.6562% share=24.6563% device_global=2 rank=1 local_index=-1 offset=1995000 count=2012500
    part[3] cum=50.0625% share=0.40625% device_global=3 rank=1 local_index=-1 offset=4007500 count=30000
    part[4] cum=74.6562% share=24.5937% device_global=4 rank=2 local_index=-1 offset=4037500 count=1957500
    part[5] cum=75.0312% share=0.375003% device_global=5 rank=2 local_index=-1 offset=5995000 count=25000
    part[6] cum=99.6875% share=24.6562% device_global=6 rank=3 local_index=-1 offset=6020000 count=1962500
    part[7] cum=100% share=0.312501% device_global=7 rank=3 local_index=-1 offset=7982500 count=17500
    total=100%
  CURRENT loads:
    part[0] cum=24.5625% share=24.5625% device_global=0 rank=0 local_index=0 offset=0 count=1965000
    part[1] cum=24.9375% share=0.375% device_global=1 rank=0 local_index=1 offset=1965000 count=30000
    part[2] cum=50.0938% share=25.1563% device_global=2 rank=1 local_index=-1 offset=1995000 count=2012500
    part[3] cum=50.4688% share=0.374997% device_global=3 rank=1 local_index=-1 offset=4007500 count=30000
    part[4] cum=74.9375% share=24.4688% device_global=4 rank=2 local_index=-1 offset=4037500 count=1957500
    part[5] cum=75.25% share=0.312501% device_global=5 rank=2 local_index=-1 offset=5995000 count=25000
    part[6] cum=99.7812% share=24.5313% device_global=6 rank=3 local_index=-1 offset=6020000 count=1962500
    part[7] cum=100% share=0.218749% device_global=7 rank=3 local_index=-1 offset=7982500 count=17500
    total=100%

=== PARTICOES FINAIS ===
=== Particoes globais ===
part[0] device_global=0 rank=0 local_index=0 offset=0 count=1965000
part[1] device_global=1 rank=0 local_index=1 offset=1965000 count=30000
part[2] device_global=2 rank=1 local_index=-1 offset=1995000 count=2012500
part[3] device_global=3 rank=1 local_index=-1 offset=4007500 count=30000
part[4] device_global=4 rank=2 local_index=-1 offset=4037500 count=1957500
part[5] device_global=5 rank=2 local_index=-1 offset=5995000 count=25000
part[6] device_global=6 rank=3 local_index=-1 offset=6020000 count=1962500
part[7] device_global=7 rank=3 local_index=-1 offset=7982500 count=17500


============================
ITERACAO 10000
Tempo de execução: 56.5487s
