=== Dispositivos locais do rank 1 ===
global=2 local=0 nome="NVIDIA RTX 2000 Ada Generation" compute_units=22
global=3 local=1 nome="Intel(R) Xeon(R) CPU           E5620  @ 2.40GHz" compute_units=16

=== Dispositivos locais do rank 0 ===
global=0 local=0 nome="NVIDIA RTX 2000 Ada Generation" compute_units=22
global=1 local=1 nome="Intel(R) Xeon(R) CPU           E5620  @ 2.40GHz" compute_units=16

=== PARTICOES INICIAIS ===
=== Particoes globais ===
part[0] device_global=0 rank=0 local_index=0 offset=0 count=2000000
part[1] device_global=1 rank=0 local_index=1 offset=2000000 count=2000000
part[2] device_global=2 rank=1 local_index=-1 offset=4000000 count=2000000
part[3] device_global=3 rank=1 local_index=-1 offset=6000000 count=2000000

X = 50 Y = 50 Z = 3200 Iterations = 10000
[DCL][balance-metrics] iteration=100
  policy=threshold
  action=rebalance
  reason=accepted by fixed threshold; diff=0.348504, threshold=0.01
  T_compute_interval_s=10.4504
  T_comm_interval_s=9.32717
  T_balance_total_s=0.357396
  T_rebalance_apply_s=0.147811
  T_compute_accum_s=10.4504
  T_comm_accum_s=9.32717
  T_balance_accum_s=0.357396
  T_rebalance_apply_accum_s=0.147811
  device_times_s:
    part[0]=0.093012
    part[1]=6.12779
    part[2]=0.0942236
    part[3]=10.4504
  OLD loads:
    part[0] cum=25% share=25% device_global=0 rank=0 local_index=0 offset=0 count=3977500
    part[1] cum=50% share=25% device_global=1 rank=0 local_index=1 offset=3977500 count=60000
    part[2] cum=75% share=25% device_global=2 rank=1 local_index=-1 offset=4037500 count=3927500
    part[3] cum=100% share=25% device_global=3 rank=1 local_index=-1 offset=7965000 count=35000
    total=100%
  PROPOSED loads:
    part[0] cum=49.7188% share=49.7188% device_global=0 rank=0 local_index=0 offset=0 count=3977500
    part[1] cum=50.4688% share=0.749999% device_global=1 rank=0 local_index=1 offset=3977500 count=60000
    part[2] cum=99.5625% share=49.0938% device_global=2 rank=1 local_index=-1 offset=4037500 count=3927500
    part[3] cum=100% share=0.437498% device_global=3 rank=1 local_index=-1 offset=7965000 count=35000
    total=100%
  CURRENT loads:
    part[0] cum=49.7188% share=49.7188% device_global=0 rank=0 local_index=0 offset=0 count=3977500
    part[1] cum=50.4688% share=0.749999% device_global=1 rank=0 local_index=1 offset=3977500 count=60000
    part[2] cum=99.5625% share=49.0938% device_global=2 rank=1 local_index=-1 offset=4037500 count=3927500
    part[3] cum=100% share=0.437498% device_global=3 rank=1 local_index=-1 offset=7965000 count=35000
    total=100%
[DCL][balance-metrics] iteration=1100
  policy=scheduled
  action=skip
  reason=static balance already attempted
  T_compute_interval_s=2.42306
  T_comm_interval_s=1.86312
  T_balance_total_s=0
  T_rebalance_apply_s=0
  T_compute_accum_s=12.8735
  T_comm_accum_s=11.1903
  T_balance_accum_s=0.357396
  T_rebalance_apply_accum_s=0.147811
  device_times_s:
    part[0]=1.60759
    part[1]=1.91422
    part[2]=1.57241
    part[3]=2.42306
  OLD loads:
    part[0] cum=49.7188% share=49.7188% device_global=0 rank=0 local_index=0 offset=0 count=3977500
    part[1] cum=50.4688% share=0.749999% device_global=1 rank=0 local_index=1 offset=3977500 count=60000
    part[2] cum=99.5625% share=49.0938% device_global=2 rank=1 local_index=-1 offset=4037500 count=3927500
    part[3] cum=100% share=0.437498% device_global=3 rank=1 local_index=-1 offset=7965000 count=35000
    total=100%
  CURRENT loads:
    part[0] cum=49.7188% share=49.7188% device_global=0 rank=0 local_index=0 offset=0 count=3977500
    part[1] cum=50.4688% share=0.749999% device_global=1 rank=0 local_index=1 offset=3977500 count=60000
    part[2] cum=99.5625% share=49.0938% device_global=2 rank=1 local_index=-1 offset=4037500 count=3927500
    part[3] cum=100% share=0.437498% device_global=3 rank=1 local_index=-1 offset=7965000 count=35000
    total=100%
[DCL][balance-metrics] iteration=2100
  policy=scheduled
  action=skip
  reason=static balance already attempted
  T_compute_interval_s=2.17663
  T_comm_interval_s=1.7907
  T_balance_total_s=0
  T_rebalance_apply_s=0
  T_compute_accum_s=15.0501
  T_comm_accum_s=12.981
  T_balance_accum_s=0.357396
  T_rebalance_apply_accum_s=0.147811
  device_times_s:
    part[0]=1.57894
    part[1]=1.61838
    part[2]=1.55185
    part[3]=2.17663
  OLD loads:
    part[0] cum=49.7188% share=49.7188% device_global=0 rank=0 local_index=0 offset=0 count=3977500
    part[1] cum=50.4688% share=0.749999% device_global=1 rank=0 local_index=1 offset=3977500 count=60000
    part[2] cum=99.5625% share=49.0938% device_global=2 rank=1 local_index=-1 offset=4037500 count=3927500
    part[3] cum=100% share=0.437498% device_global=3 rank=1 local_index=-1 offset=7965000 count=35000
    total=100%
  CURRENT loads:
    part[0] cum=49.7188% share=49.7188% device_global=0 rank=0 local_index=0 offset=0 count=3977500
    part[1] cum=50.4688% share=0.749999% device_global=1 rank=0 local_index=1 offset=3977500 count=60000
    part[2] cum=99.5625% share=49.0938% device_global=2 rank=1 local_index=-1 offset=4037500 count=3927500
    part[3] cum=100% share=0.437498% device_global=3 rank=1 local_index=-1 offset=7965000 count=35000
    total=100%
[DCL][balance-metrics] iteration=3100
  policy=scheduled
  action=skip
  reason=static balance already attempted
  T_compute_interval_s=1.79896
  T_comm_interval_s=1.80931
  T_balance_total_s=0
  T_rebalance_apply_s=0
  T_compute_accum_s=16.8491
  T_comm_accum_s=14.7903
  T_balance_accum_s=0.357396
  T_rebalance_apply_accum_s=0.147811
  device_times_s:
    part[0]=1.57896
    part[1]=1.57734
    part[2]=1.55168
    part[3]=1.79896
  OLD loads:
    part[0] cum=49.7188% share=49.7188% device_global=0 rank=0 local_index=0 offset=0 count=3977500
    part[1] cum=50.4688% share=0.749999% device_global=1 rank=0 local_index=1 offset=3977500 count=60000
    part[2] cum=99.5625% share=49.0938% device_global=2 rank=1 local_index=-1 offset=4037500 count=3927500
    part[3] cum=100% share=0.437498% device_global=3 rank=1 local_index=-1 offset=7965000 count=35000
    total=100%
  CURRENT loads:
    part[0] cum=49.7188% share=49.7188% device_global=0 rank=0 local_index=0 offset=0 count=3977500
    part[1] cum=50.4688% share=0.749999% device_global=1 rank=0 local_index=1 offset=3977500 count=60000
    part[2] cum=99.5625% share=49.0938% device_global=2 rank=1 local_index=-1 offset=4037500 count=3927500
    part[3] cum=100% share=0.437498% device_global=3 rank=1 local_index=-1 offset=7965000 count=35000
    total=100%
[DCL][balance-metrics] iteration=4100
  policy=scheduled
  action=skip
  reason=static balance already attempted
  T_compute_interval_s=1.57877
  T_comm_interval_s=1.83936
  T_balance_total_s=0
  T_rebalance_apply_s=0
  T_compute_accum_s=18.4278
  T_comm_accum_s=16.6297
  T_balance_accum_s=0.357396
  T_rebalance_apply_accum_s=0.147811
  device_times_s:
    part[0]=1.57877
    part[1]=1.53885
    part[2]=1.55142
    part[3]=1.5128
  OLD loads:
    part[0] cum=49.7188% share=49.7188% device_global=0 rank=0 local_index=0 offset=0 count=3977500
    part[1] cum=50.4688% share=0.749999% device_global=1 rank=0 local_index=1 offset=3977500 count=60000
    part[2] cum=99.5625% share=49.0938% device_global=2 rank=1 local_index=-1 offset=4037500 count=3927500
    part[3] cum=100% share=0.437498% device_global=3 rank=1 local_index=-1 offset=7965000 count=35000
    total=100%
  CURRENT loads:
    part[0] cum=49.7188% share=49.7188% device_global=0 rank=0 local_index=0 offset=0 count=3977500
    part[1] cum=50.4688% share=0.749999% device_global=1 rank=0 local_index=1 offset=3977500 count=60000
    part[2] cum=99.5625% share=49.0938% device_global=2 rank=1 local_index=-1 offset=4037500 count=3927500
    part[3] cum=100% share=0.437498% device_global=3 rank=1 local_index=-1 offset=7965000 count=35000
    total=100%
[DCL][balance-metrics] iteration=5100
  policy=scheduled
  action=skip
  reason=static balance already attempted
  T_compute_interval_s=1.57863
  T_comm_interval_s=1.78755
  T_balance_total_s=0
  T_rebalance_apply_s=0
  T_compute_accum_s=20.0065
  T_comm_accum_s=18.4172
  T_balance_accum_s=0.357396
  T_rebalance_apply_accum_s=0.147811
  device_times_s:
    part[0]=1.57863
    part[1]=1.51758
    part[2]=1.55185
    part[3]=1.37211
  OLD loads:
    part[0] cum=49.7188% share=49.7188% device_global=0 rank=0 local_index=0 offset=0 count=3977500
    part[1] cum=50.4688% share=0.749999% device_global=1 rank=0 local_index=1 offset=3977500 count=60000
    part[2] cum=99.5625% share=49.0938% device_global=2 rank=1 local_index=-1 offset=4037500 count=3927500
    part[3] cum=100% share=0.437498% device_global=3 rank=1 local_index=-1 offset=7965000 count=35000
    total=100%
  CURRENT loads:
    part[0] cum=49.7188% share=49.7188% device_global=0 rank=0 local_index=0 offset=0 count=3977500
    part[1] cum=50.4688% share=0.749999% device_global=1 rank=0 local_index=1 offset=3977500 count=60000
    part[2] cum=99.5625% share=49.0938% device_global=2 rank=1 local_index=-1 offset=4037500 count=3927500
    part[3] cum=100% share=0.437498% device_global=3 rank=1 local_index=-1 offset=7965000 count=35000
    total=100%
[DCL][balance-metrics] iteration=6100
  policy=scheduled
  action=skip
  reason=static balance already attempted
  T_compute_interval_s=1.57878
  T_comm_interval_s=1.82478
  T_balance_total_s=0
  T_rebalance_apply_s=0
  T_compute_accum_s=21.5853
  T_comm_accum_s=20.242
  T_balance_accum_s=0.357396
  T_rebalance_apply_accum_s=0.147811
  device_times_s:
    part[0]=1.57878
    part[1]=1.50688
    part[2]=1.55187
    part[3]=1.28656
  OLD loads:
    part[0] cum=49.7188% share=49.7188% device_global=0 rank=0 local_index=0 offset=0 count=3977500
    part[1] cum=50.4688% share=0.749999% device_global=1 rank=0 local_index=1 offset=3977500 count=60000
    part[2] cum=99.5625% share=49.0938% device_global=2 rank=1 local_index=-1 offset=4037500 count=3927500
    part[3] cum=100% share=0.437498% device_global=3 rank=1 local_index=-1 offset=7965000 count=35000
    total=100%
  CURRENT loads:
    part[0] cum=49.7188% share=49.7188% device_global=0 rank=0 local_index=0 offset=0 count=3977500
    part[1] cum=50.4688% share=0.749999% device_global=1 rank=0 local_index=1 offset=3977500 count=60000
    part[2] cum=99.5625% share=49.0938% device_global=2 rank=1 local_index=-1 offset=4037500 count=3927500
    part[3] cum=100% share=0.437498% device_global=3 rank=1 local_index=-1 offset=7965000 count=35000
    total=100%
[DCL][balance-metrics] iteration=7100
  policy=scheduled
  action=skip
  reason=static balance already attempted
  T_compute_interval_s=1.57875
  T_comm_interval_s=1.84267
  T_balance_total_s=0
  T_rebalance_apply_s=0
  T_compute_accum_s=23.164
  T_comm_accum_s=22.0847
  T_balance_accum_s=0.357396
  T_rebalance_apply_accum_s=0.147811
  device_times_s:
    part[0]=1.57875
    part[1]=1.49897
    part[2]=1.5519
    part[3]=1.22425
  OLD loads:
    part[0] cum=49.7188% share=49.7188% device_global=0 rank=0 local_index=0 offset=0 count=3977500
    part[1] cum=50.4688% share=0.749999% device_global=1 rank=0 local_index=1 offset=3977500 count=60000
    part[2] cum=99.5625% share=49.0938% device_global=2 rank=1 local_index=-1 offset=4037500 count=3927500
    part[3] cum=100% share=0.437498% device_global=3 rank=1 local_index=-1 offset=7965000 count=35000
    total=100%
  CURRENT loads:
    part[0] cum=49.7188% share=49.7188% device_global=0 rank=0 local_index=0 offset=0 count=3977500
    part[1] cum=50.4688% share=0.749999% device_global=1 rank=0 local_index=1 offset=3977500 count=60000
    part[2] cum=99.5625% share=49.0938% device_global=2 rank=1 local_index=-1 offset=4037500 count=3927500
    part[3] cum=100% share=0.437498% device_global=3 rank=1 local_index=-1 offset=7965000 count=35000
    total=100%
[DCL][balance-metrics] iteration=8100
  policy=scheduled
  action=skip
  reason=static balance already attempted
  T_compute_interval_s=1.57874
  T_comm_interval_s=1.85075
  T_balance_total_s=0
  T_rebalance_apply_s=0
  T_compute_accum_s=24.7427
  T_comm_accum_s=23.9354
  T_balance_accum_s=0.357396
  T_rebalance_apply_accum_s=0.147811
  device_times_s:
    part[0]=1.57874
    part[1]=1.49788
    part[2]=1.55206
    part[3]=1.18953
  OLD loads:
    part[0] cum=49.7188% share=49.7188% device_global=0 rank=0 local_index=0 offset=0 count=3977500
    part[1] cum=50.4688% share=0.749999% device_global=1 rank=0 local_index=1 offset=3977500 count=60000
    part[2] cum=99.5625% share=49.0938% device_global=2 rank=1 local_index=-1 offset=4037500 count=3927500
    part[3] cum=100% share=0.437498% device_global=3 rank=1 local_index=-1 offset=7965000 count=35000
    total=100%
  CURRENT loads:
    part[0] cum=49.7188% share=49.7188% device_global=0 rank=0 local_index=0 offset=0 count=3977500
    part[1] cum=50.4688% share=0.749999% device_global=1 rank=0 local_index=1 offset=3977500 count=60000
    part[2] cum=99.5625% share=49.0938% device_global=2 rank=1 local_index=-1 offset=4037500 count=3927500
    part[3] cum=100% share=0.437498% device_global=3 rank=1 local_index=-1 offset=7965000 count=35000
    total=100%
[DCL][balance-metrics] iteration=9100
  policy=scheduled
  action=skip
  reason=static balance already attempted
  T_compute_interval_s=1.57995
  T_comm_interval_s=1.83987
  T_balance_total_s=0
  T_rebalance_apply_s=0
  T_compute_accum_s=26.3227
  T_comm_accum_s=25.7753
  T_balance_accum_s=0.357396
  T_rebalance_apply_accum_s=0.147811
  device_times_s:
    part[0]=1.57995
    part[1]=1.50572
    part[2]=1.55217
    part[3]=1.15523
  OLD loads:
    part[0] cum=49.7188% share=49.7188% device_global=0 rank=0 local_index=0 offset=0 count=3977500
    part[1] cum=50.4688% share=0.749999% device_global=1 rank=0 local_index=1 offset=3977500 count=60000
    part[2] cum=99.5625% share=49.0938% device_global=2 rank=1 local_index=-1 offset=4037500 count=3927500
    part[3] cum=100% share=0.437498% device_global=3 rank=1 local_index=-1 offset=7965000 count=35000
    total=100%
  CURRENT loads:
    part[0] cum=49.7188% share=49.7188% device_global=0 rank=0 local_index=0 offset=0 count=3977500
    part[1] cum=50.4688% share=0.749999% device_global=1 rank=0 local_index=1 offset=3977500 count=60000
    part[2] cum=99.5625% share=49.0938% device_global=2 rank=1 local_index=-1 offset=4037500 count=3927500
    part[3] cum=100% share=0.437498% device_global=3 rank=1 local_index=-1 offset=7965000 count=35000
    total=100%

=== PARTICOES FINAIS ===
=== Particoes globais ===
part[0] device_global=0 rank=0 local_index=0 offset=0 count=3977500
part[1] device_global=1 rank=0 local_index=1 offset=3977500 count=60000
part[2] device_global=2 rank=1 local_index=-1 offset=4037500 count=3927500
part[3] device_global=3 rank=1 local_index=-1 offset=7965000 count=35000


============================
ITERACAO 10000
Tempo de execução: 35.7124s
