=== Dispositivos locais do rank 0 ===
global=0 local=0 nome="NVIDIA RTX 2000 Ada Generation" compute_units=22
global=1 local=1 nome="Intel(R) Xeon(R) CPU           E5620  @ 2.40GHz" compute_units=16

=== Dispositivos locais do rank 1 ===
global=2 local=0 nome="NVIDIA RTX 2000 Ada Generation" compute_units=22
global=3 local=1 nome="Intel(R) Xeon(R) CPU           E5620  @ 2.40GHz" compute_units=16

=== PARTICOES INICIAIS ===
=== Particoes globais ===
part[0] device_global=0 rank=0 local_index=0 offset=0 count=2000000
part[1] device_global=1 rank=0 local_index=1 offset=2000000 count=2000000
part[2] device_global=2 rank=1 local_index=-1 offset=4000000 count=2000000
part[3] device_global=3 rank=1 local_index=-1 offset=6000000 count=2000000

X = 50 Y = 50 Z = 3200 Iterations = 10000
[DCL][balance-metrics] iteration=100
  policy=threshold
  action=rebalance
  reason=accepted by fixed threshold; diff=0.349411, threshold=0.01
  T_compute_interval_s=10.535
  T_comm_interval_s=9.43124
  T_balance_total_s=0.371553
  T_rebalance_apply_s=0.156895
  T_compute_accum_s=10.535
  T_comm_accum_s=9.43124
  T_balance_accum_s=0.371553
  T_rebalance_apply_accum_s=0.156895
  device_times_s:
    part[0]=0.092833
    part[1]=6.13197
    part[2]=0.0944444
    part[3]=10.535
  OLD loads:
    part[0] cum=25% share=25% device_global=0 rank=0 local_index=0 offset=0 count=3987500
    part[1] cum=50% share=25% device_global=1 rank=0 local_index=1 offset=3987500 count=60000
    part[2] cum=75% share=25% device_global=2 rank=1 local_index=-1 offset=4047500 count=3917500
    part[3] cum=100% share=25% device_global=3 rank=1 local_index=-1 offset=7965000 count=35000
    total=100%
  PROPOSED loads:
    part[0] cum=49.8438% share=49.8438% device_global=0 rank=0 local_index=0 offset=0 count=3987500
    part[1] cum=50.5938% share=0.750002% device_global=1 rank=0 local_index=1 offset=3987500 count=60000
    part[2] cum=99.5625% share=48.9688% device_global=2 rank=1 local_index=-1 offset=4047500 count=3917500
    part[3] cum=100% share=0.437498% device_global=3 rank=1 local_index=-1 offset=7965000 count=35000
    total=100%
  CURRENT loads:
    part[0] cum=49.8438% share=49.8438% device_global=0 rank=0 local_index=0 offset=0 count=3987500
    part[1] cum=50.5938% share=0.750002% device_global=1 rank=0 local_index=1 offset=3987500 count=60000
    part[2] cum=99.5625% share=48.9688% device_global=2 rank=1 local_index=-1 offset=4047500 count=3917500
    part[3] cum=100% share=0.437498% device_global=3 rank=1 local_index=-1 offset=7965000 count=35000
    total=100%
[DCL][balance-metrics] iteration=1100
  policy=scheduled
  action=skip
  reason=static balance already attempted
  T_compute_interval_s=2.41961
  T_comm_interval_s=1.84091
  T_balance_total_s=0
  T_rebalance_apply_s=0
  T_compute_accum_s=12.9546
  T_comm_accum_s=11.2722
  T_balance_accum_s=0.371553
  T_rebalance_apply_accum_s=0.156895
  device_times_s:
    part[0]=1.60572
    part[1]=1.90528
    part[2]=1.56763
    part[3]=2.41961
  OLD loads:
    part[0] cum=49.8438% share=49.8438% device_global=0 rank=0 local_index=0 offset=0 count=3987500
    part[1] cum=50.5938% share=0.750002% device_global=1 rank=0 local_index=1 offset=3987500 count=60000
    part[2] cum=99.5625% share=48.9688% device_global=2 rank=1 local_index=-1 offset=4047500 count=3917500
    part[3] cum=100% share=0.437498% device_global=3 rank=1 local_index=-1 offset=7965000 count=35000
    total=100%
  CURRENT loads:
    part[0] cum=49.8438% share=49.8438% device_global=0 rank=0 local_index=0 offset=0 count=3987500
    part[1] cum=50.5938% share=0.750002% device_global=1 rank=0 local_index=1 offset=3987500 count=60000
    part[2] cum=99.5625% share=48.9688% device_global=2 rank=1 local_index=-1 offset=4047500 count=3917500
    part[3] cum=100% share=0.437498% device_global=3 rank=1 local_index=-1 offset=7965000 count=35000
    total=100%
[DCL][balance-metrics] iteration=2100
  policy=scheduled
  action=skip
  reason=static balance already attempted
  T_compute_interval_s=2.18585
  T_comm_interval_s=1.8168
  T_balance_total_s=0
  T_rebalance_apply_s=0
  T_compute_accum_s=15.1405
  T_comm_accum_s=13.089
  T_balance_accum_s=0.371553
  T_rebalance_apply_accum_s=0.156895
  device_times_s:
    part[0]=1.58224
    part[1]=1.61797
    part[2]=1.54824
    part[3]=2.18585
  OLD loads:
    part[0] cum=49.8438% share=49.8438% device_global=0 rank=0 local_index=0 offset=0 count=3987500
    part[1] cum=50.5938% share=0.750002% device_global=1 rank=0 local_index=1 offset=3987500 count=60000
    part[2] cum=99.5625% share=48.9688% device_global=2 rank=1 local_index=-1 offset=4047500 count=3917500
    part[3] cum=100% share=0.437498% device_global=3 rank=1 local_index=-1 offset=7965000 count=35000
    total=100%
  CURRENT loads:
    part[0] cum=49.8438% share=49.8438% device_global=0 rank=0 local_index=0 offset=0 count=3987500
    part[1] cum=50.5938% share=0.750002% device_global=1 rank=0 local_index=1 offset=3987500 count=60000
    part[2] cum=99.5625% share=48.9688% device_global=2 rank=1 local_index=-1 offset=4047500 count=3917500
    part[3] cum=100% share=0.437498% device_global=3 rank=1 local_index=-1 offset=7965000 count=35000
    total=100%
[DCL][balance-metrics] iteration=3100
  policy=scheduled
  action=skip
  reason=static balance already attempted
  T_compute_interval_s=1.7912
  T_comm_interval_s=1.79187
  T_balance_total_s=0
  T_rebalance_apply_s=0
  T_compute_accum_s=16.9317
  T_comm_accum_s=14.8808
  T_balance_accum_s=0.371553
  T_rebalance_apply_accum_s=0.156895
  device_times_s:
    part[0]=1.58222
    part[1]=1.56401
    part[2]=1.54801
    part[3]=1.7912
  OLD loads:
    part[0] cum=49.8438% share=49.8438% device_global=0 rank=0 local_index=0 offset=0 count=3987500
    part[1] cum=50.5938% share=0.750002% device_global=1 rank=0 local_index=1 offset=3987500 count=60000
    part[2] cum=99.5625% share=48.9688% device_global=2 rank=1 local_index=-1 offset=4047500 count=3917500
    part[3] cum=100% share=0.437498% device_global=3 rank=1 local_index=-1 offset=7965000 count=35000
    total=100%
  CURRENT loads:
    part[0] cum=49.8438% share=49.8438% device_global=0 rank=0 local_index=0 offset=0 count=3987500
    part[1] cum=50.5938% share=0.750002% device_global=1 rank=0 local_index=1 offset=3987500 count=60000
    part[2] cum=99.5625% share=48.9688% device_global=2 rank=1 local_index=-1 offset=4047500 count=3917500
    part[3] cum=100% share=0.437498% device_global=3 rank=1 local_index=-1 offset=7965000 count=35000
    total=100%
[DCL][balance-metrics] iteration=4100
  policy=scheduled
  action=skip
  reason=static balance already attempted
  T_compute_interval_s=1.58215
  T_comm_interval_s=1.79666
  T_balance_total_s=0
  T_rebalance_apply_s=0
  T_compute_accum_s=18.5138
  T_comm_accum_s=16.6775
  T_balance_accum_s=0.371553
  T_rebalance_apply_accum_s=0.156895
  device_times_s:
    part[0]=1.58215
    part[1]=1.53738
    part[2]=1.54844
    part[3]=1.5299
  OLD loads:
    part[0] cum=49.8438% share=49.8438% device_global=0 rank=0 local_index=0 offset=0 count=3987500
    part[1] cum=50.5938% share=0.750002% device_global=1 rank=0 local_index=1 offset=3987500 count=60000
    part[2] cum=99.5625% share=48.9688% device_global=2 rank=1 local_index=-1 offset=4047500 count=3917500
    part[3] cum=100% share=0.437498% device_global=3 rank=1 local_index=-1 offset=7965000 count=35000
    total=100%
  CURRENT loads:
    part[0] cum=49.8438% share=49.8438% device_global=0 rank=0 local_index=0 offset=0 count=3987500
    part[1] cum=50.5938% share=0.750002% device_global=1 rank=0 local_index=1 offset=3987500 count=60000
    part[2] cum=99.5625% share=48.9688% device_global=2 rank=1 local_index=-1 offset=4047500 count=3917500
    part[3] cum=100% share=0.437498% device_global=3 rank=1 local_index=-1 offset=7965000 count=35000
    total=100%
[DCL][balance-metrics] iteration=5100
  policy=scheduled
  action=skip
  reason=static balance already attempted
  T_compute_interval_s=1.5821
  T_comm_interval_s=1.79313
  T_balance_total_s=0
  T_rebalance_apply_s=0
  T_compute_accum_s=20.0959
  T_comm_accum_s=18.4706
  T_balance_accum_s=0.371553
  T_rebalance_apply_accum_s=0.156895
  device_times_s:
    part[0]=1.5821
    part[1]=1.51749
    part[2]=1.54826
    part[3]=1.37149
  OLD loads:
    part[0] cum=49.8438% share=49.8438% device_global=0 rank=0 local_index=0 offset=0 count=3987500
    part[1] cum=50.5938% share=0.750002% device_global=1 rank=0 local_index=1 offset=3987500 count=60000
    part[2] cum=99.5625% share=48.9688% device_global=2 rank=1 local_index=-1 offset=4047500 count=3917500
    part[3] cum=100% share=0.437498% device_global=3 rank=1 local_index=-1 offset=7965000 count=35000
    total=100%
  CURRENT loads:
    part[0] cum=49.8438% share=49.8438% device_global=0 rank=0 local_index=0 offset=0 count=3987500
    part[1] cum=50.5938% share=0.750002% device_global=1 rank=0 local_index=1 offset=3987500 count=60000
    part[2] cum=99.5625% share=48.9688% device_global=2 rank=1 local_index=-1 offset=4047500 count=3917500
    part[3] cum=100% share=0.437498% device_global=3 rank=1 local_index=-1 offset=7965000 count=35000
    total=100%
[DCL][balance-metrics] iteration=6100
  policy=scheduled
  action=skip
  reason=static balance already attempted
  T_compute_interval_s=1.58228
  T_comm_interval_s=1.85114
  T_balance_total_s=0
  T_rebalance_apply_s=0
  T_compute_accum_s=21.6782
  T_comm_accum_s=20.3218
  T_balance_accum_s=0.371553
  T_rebalance_apply_accum_s=0.156895
  device_times_s:
    part[0]=1.58228
    part[1]=1.50365
    part[2]=1.54851
    part[3]=1.29965
  OLD loads:
    part[0] cum=49.8438% share=49.8438% device_global=0 rank=0 local_index=0 offset=0 count=3987500
    part[1] cum=50.5938% share=0.750002% device_global=1 rank=0 local_index=1 offset=3987500 count=60000
    part[2] cum=99.5625% share=48.9688% device_global=2 rank=1 local_index=-1 offset=4047500 count=3917500
    part[3] cum=100% share=0.437498% device_global=3 rank=1 local_index=-1 offset=7965000 count=35000
    total=100%
  CURRENT loads:
    part[0] cum=49.8438% share=49.8438% device_global=0 rank=0 local_index=0 offset=0 count=3987500
    part[1] cum=50.5938% share=0.750002% device_global=1 rank=0 local_index=1 offset=3987500 count=60000
    part[2] cum=99.5625% share=48.9688% device_global=2 rank=1 local_index=-1 offset=4047500 count=3917500
    part[3] cum=100% share=0.437498% device_global=3 rank=1 local_index=-1 offset=7965000 count=35000
    total=100%
[DCL][balance-metrics] iteration=7100
  policy=scheduled
  action=skip
  reason=static balance already attempted
  T_compute_interval_s=1.58217
  T_comm_interval_s=1.82846
  T_balance_total_s=0
  T_rebalance_apply_s=0
  T_compute_accum_s=23.2604
  T_comm_accum_s=22.1502
  T_balance_accum_s=0.371553
  T_rebalance_apply_accum_s=0.156895
  device_times_s:
    part[0]=1.58217
    part[1]=1.49546
    part[2]=1.54814
    part[3]=1.22588
  OLD loads:
    part[0] cum=49.8438% share=49.8438% device_global=0 rank=0 local_index=0 offset=0 count=3987500
    part[1] cum=50.5938% share=0.750002% device_global=1 rank=0 local_index=1 offset=3987500 count=60000
    part[2] cum=99.5625% share=48.9688% device_global=2 rank=1 local_index=-1 offset=4047500 count=3917500
    part[3] cum=100% share=0.437498% device_global=3 rank=1 local_index=-1 offset=7965000 count=35000
    total=100%
  CURRENT loads:
    part[0] cum=49.8438% share=49.8438% device_global=0 rank=0 local_index=0 offset=0 count=3987500
    part[1] cum=50.5938% share=0.750002% device_global=1 rank=0 local_index=1 offset=3987500 count=60000
    part[2] cum=99.5625% share=48.9688% device_global=2 rank=1 local_index=-1 offset=4047500 count=3917500
    part[3] cum=100% share=0.437498% device_global=3 rank=1 local_index=-1 offset=7965000 count=35000
    total=100%
[DCL][balance-metrics] iteration=8100
  policy=scheduled
  action=skip
  reason=static balance already attempted
  T_compute_interval_s=1.58207
  T_comm_interval_s=1.80867
  T_balance_total_s=0
  T_rebalance_apply_s=0
  T_compute_accum_s=24.8424
  T_comm_accum_s=23.9589
  T_balance_accum_s=0.371553
  T_rebalance_apply_accum_s=0.156895
  device_times_s:
    part[0]=1.58207
    part[1]=1.49462
    part[2]=1.54744
    part[3]=1.16842
  OLD loads:
    part[0] cum=49.8438% share=49.8438% device_global=0 rank=0 local_index=0 offset=0 count=3987500
    part[1] cum=50.5938% share=0.750002% device_global=1 rank=0 local_index=1 offset=3987500 count=60000
    part[2] cum=99.5625% share=48.9688% device_global=2 rank=1 local_index=-1 offset=4047500 count=3917500
    part[3] cum=100% share=0.437498% device_global=3 rank=1 local_index=-1 offset=7965000 count=35000
    total=100%
  CURRENT loads:
    part[0] cum=49.8438% share=49.8438% device_global=0 rank=0 local_index=0 offset=0 count=3987500
    part[1] cum=50.5938% share=0.750002% device_global=1 rank=0 local_index=1 offset=3987500 count=60000
    part[2] cum=99.5625% share=48.9688% device_global=2 rank=1 local_index=-1 offset=4047500 count=3917500
    part[3] cum=100% share=0.437498% device_global=3 rank=1 local_index=-1 offset=7965000 count=35000
    total=100%
[DCL][balance-metrics] iteration=9100
  policy=scheduled
  action=skip
  reason=static balance already attempted
  T_compute_interval_s=1.58206
  T_comm_interval_s=1.90399
  T_balance_total_s=0
  T_rebalance_apply_s=0
  T_compute_accum_s=26.4245
  T_comm_accum_s=25.8629
  T_balance_accum_s=0.371553
  T_rebalance_apply_accum_s=0.156895
  device_times_s:
    part[0]=1.58206
    part[1]=1.51806
    part[2]=1.54848
    part[3]=1.14671
  OLD loads:
    part[0] cum=49.8438% share=49.8438% device_global=0 rank=0 local_index=0 offset=0 count=3987500
    part[1] cum=50.5938% share=0.750002% device_global=1 rank=0 local_index=1 offset=3987500 count=60000
    part[2] cum=99.5625% share=48.9688% device_global=2 rank=1 local_index=-1 offset=4047500 count=3917500
    part[3] cum=100% share=0.437498% device_global=3 rank=1 local_index=-1 offset=7965000 count=35000
    total=100%
  CURRENT loads:
    part[0] cum=49.8438% share=49.8438% device_global=0 rank=0 local_index=0 offset=0 count=3987500
    part[1] cum=50.5938% share=0.750002% device_global=1 rank=0 local_index=1 offset=3987500 count=60000
    part[2] cum=99.5625% share=48.9688% device_global=2 rank=1 local_index=-1 offset=4047500 count=3917500
    part[3] cum=100% share=0.437498% device_global=3 rank=1 local_index=-1 offset=7965000 count=35000
    total=100%

=== PARTICOES FINAIS ===
=== Particoes globais ===
part[0] device_global=0 rank=0 local_index=0 offset=0 count=3987500
part[1] device_global=1 rank=0 local_index=1 offset=3987500 count=60000
part[2] device_global=2 rank=1 local_index=-1 offset=4047500 count=3917500
part[3] device_global=3 rank=1 local_index=-1 offset=7965000 count=35000


============================
ITERACAO 10000
Tempo de execução: 35.7572s
