=== Dispositivos locais do rank 1 ===
global=2 local=0 nome="NVIDIA RTX 2000 Ada Generation" compute_units=22
global=3 local=1 nome="Intel(R) Xeon(R) CPU           E5620  @ 2.40GHz" compute_units=16

=== Dispositivos locais do rank 0 ===
global=0 local=0 nome="NVIDIA RTX 2000 Ada Generation" compute_units=22
global=1 local=1 nome="Intel(R) Xeon(R) CPU           E5620  @ 2.40GHz" compute_units=16

=== PARTICOES INICIAIS ===
=== Particoes globais ===
part[0] device_global=0 rank=0 local_index=0 offset=0 count=2000000
part[1] device_global=1 rank=0 local_index=1 offset=2000000 count=2000000
part[2] device_global=2 rank=1 local_index=-1 offset=4000000 count=2000000
part[3] device_global=3 rank=1 local_index=-1 offset=6000000 count=2000000

X = 50 Y = 50 Z = 3200 Iterations = 10000
[DCL][balance-metrics] iteration=100
  policy=threshold
  action=rebalance
  reason=accepted by fixed threshold; diff=0.347604, threshold=0.01
  T_compute_interval_s=10.3873
  T_comm_interval_s=9.3041
  T_balance_total_s=0.34511
  T_rebalance_apply_s=0.13603
  T_compute_accum_s=10.3873
  T_comm_accum_s=9.3041
  T_balance_accum_s=0.34511
  T_rebalance_apply_accum_s=0.13603
  device_times_s:
    part[0]=0.0931636
    part[1]=6.10858
    part[2]=0.0939318
    part[3]=10.3873
  OLD loads:
    part[0] cum=25% share=25% device_global=0 rank=0 local_index=0 offset=0 count=3967500
    part[1] cum=50% share=25% device_global=1 rank=0 local_index=1 offset=3967500 count=60000
    part[2] cum=75% share=25% device_global=2 rank=1 local_index=-1 offset=4027500 count=3937500
    part[3] cum=100% share=25% device_global=3 rank=1 local_index=-1 offset=7965000 count=35000
    total=100%
  PROPOSED loads:
    part[0] cum=49.5938% share=49.5938% device_global=0 rank=0 local_index=0 offset=0 count=3967500
    part[1] cum=50.3438% share=0.750002% device_global=1 rank=0 local_index=1 offset=3967500 count=60000
    part[2] cum=99.5625% share=49.2188% device_global=2 rank=1 local_index=-1 offset=4027500 count=3937500
    part[3] cum=100% share=0.437498% device_global=3 rank=1 local_index=-1 offset=7965000 count=35000
    total=100%
  CURRENT loads:
    part[0] cum=49.5938% share=49.5938% device_global=0 rank=0 local_index=0 offset=0 count=3967500
    part[1] cum=50.3438% share=0.750002% device_global=1 rank=0 local_index=1 offset=3967500 count=60000
    part[2] cum=99.5625% share=49.2188% device_global=2 rank=1 local_index=-1 offset=4027500 count=3937500
    part[3] cum=100% share=0.437498% device_global=3 rank=1 local_index=-1 offset=7965000 count=35000
    total=100%
[DCL][balance-metrics] iteration=1100
  policy=scheduled
  action=skip
  reason=static balance already attempted
  T_compute_interval_s=2.41727
  T_comm_interval_s=1.83445
  T_balance_total_s=0
  T_rebalance_apply_s=0
  T_compute_accum_s=12.8045
  T_comm_accum_s=11.1385
  T_balance_accum_s=0.34511
  T_rebalance_apply_accum_s=0.13603
  device_times_s:
    part[0]=1.59322
    part[1]=1.89821
    part[2]=1.57206
    part[3]=2.41727
  OLD loads:
    part[0] cum=49.5938% share=49.5938% device_global=0 rank=0 local_index=0 offset=0 count=3967500
    part[1] cum=50.3438% share=0.750002% device_global=1 rank=0 local_index=1 offset=3967500 count=60000
    part[2] cum=99.5625% share=49.2188% device_global=2 rank=1 local_index=-1 offset=4027500 count=3937500
    part[3] cum=100% share=0.437498% device_global=3 rank=1 local_index=-1 offset=7965000 count=35000
    total=100%
  CURRENT loads:
    part[0] cum=49.5938% share=49.5938% device_global=0 rank=0 local_index=0 offset=0 count=3967500
    part[1] cum=50.3438% share=0.750002% device_global=1 rank=0 local_index=1 offset=3967500 count=60000
    part[2] cum=99.5625% share=49.2188% device_global=2 rank=1 local_index=-1 offset=4027500 count=3937500
    part[3] cum=100% share=0.437498% device_global=3 rank=1 local_index=-1 offset=7965000 count=35000
    total=100%
[DCL][balance-metrics] iteration=2100
  policy=scheduled
  action=skip
  reason=static balance already attempted
  T_compute_interval_s=2.187
  T_comm_interval_s=1.7866
  T_balance_total_s=0
  T_rebalance_apply_s=0
  T_compute_accum_s=14.9915
  T_comm_accum_s=12.9251
  T_balance_accum_s=0.34511
  T_rebalance_apply_accum_s=0.13603
  device_times_s:
    part[0]=1.5745
    part[1]=1.61903
    part[2]=1.55552
    part[3]=2.187
  OLD loads:
    part[0] cum=49.5938% share=49.5938% device_global=0 rank=0 local_index=0 offset=0 count=3967500
    part[1] cum=50.3438% share=0.750002% device_global=1 rank=0 local_index=1 offset=3967500 count=60000
    part[2] cum=99.5625% share=49.2188% device_global=2 rank=1 local_index=-1 offset=4027500 count=3937500
    part[3] cum=100% share=0.437498% device_global=3 rank=1 local_index=-1 offset=7965000 count=35000
    total=100%
  CURRENT loads:
    part[0] cum=49.5938% share=49.5938% device_global=0 rank=0 local_index=0 offset=0 count=3967500
    part[1] cum=50.3438% share=0.750002% device_global=1 rank=0 local_index=1 offset=3967500 count=60000
    part[2] cum=99.5625% share=49.2188% device_global=2 rank=1 local_index=-1 offset=4027500 count=3937500
    part[3] cum=100% share=0.437498% device_global=3 rank=1 local_index=-1 offset=7965000 count=35000
    total=100%
[DCL][balance-metrics] iteration=3100
  policy=scheduled
  action=skip
  reason=static balance already attempted
  T_compute_interval_s=1.79058
  T_comm_interval_s=1.79505
  T_balance_total_s=0
  T_rebalance_apply_s=0
  T_compute_accum_s=16.7821
  T_comm_accum_s=14.7202
  T_balance_accum_s=0.34511
  T_rebalance_apply_accum_s=0.13603
  device_times_s:
    part[0]=1.57439
    part[1]=1.5633
    part[2]=1.5556
    part[3]=1.79058
  OLD loads:
    part[0] cum=49.5938% share=49.5938% device_global=0 rank=0 local_index=0 offset=0 count=3967500
    part[1] cum=50.3438% share=0.750002% device_global=1 rank=0 local_index=1 offset=3967500 count=60000
    part[2] cum=99.5625% share=49.2188% device_global=2 rank=1 local_index=-1 offset=4027500 count=3937500
    part[3] cum=100% share=0.437498% device_global=3 rank=1 local_index=-1 offset=7965000 count=35000
    total=100%
  CURRENT loads:
    part[0] cum=49.5938% share=49.5938% device_global=0 rank=0 local_index=0 offset=0 count=3967500
    part[1] cum=50.3438% share=0.750002% device_global=1 rank=0 local_index=1 offset=3967500 count=60000
    part[2] cum=99.5625% share=49.2188% device_global=2 rank=1 local_index=-1 offset=4027500 count=3937500
    part[3] cum=100% share=0.437498% device_global=3 rank=1 local_index=-1 offset=7965000 count=35000
    total=100%
[DCL][balance-metrics] iteration=4100
  policy=scheduled
  action=skip
  reason=static balance already attempted
  T_compute_interval_s=1.57435
  T_comm_interval_s=1.81428
  T_balance_total_s=0
  T_rebalance_apply_s=0
  T_compute_accum_s=18.3565
  T_comm_accum_s=16.5345
  T_balance_accum_s=0.34511
  T_rebalance_apply_accum_s=0.13603
  device_times_s:
    part[0]=1.57435
    part[1]=1.5386
    part[2]=1.55522
    part[3]=1.51267
  OLD loads:
    part[0] cum=49.5938% share=49.5938% device_global=0 rank=0 local_index=0 offset=0 count=3967500
    part[1] cum=50.3438% share=0.750002% device_global=1 rank=0 local_index=1 offset=3967500 count=60000
    part[2] cum=99.5625% share=49.2188% device_global=2 rank=1 local_index=-1 offset=4027500 count=3937500
    part[3] cum=100% share=0.437498% device_global=3 rank=1 local_index=-1 offset=7965000 count=35000
    total=100%
  CURRENT loads:
    part[0] cum=49.5938% share=49.5938% device_global=0 rank=0 local_index=0 offset=0 count=3967500
    part[1] cum=50.3438% share=0.750002% device_global=1 rank=0 local_index=1 offset=3967500 count=60000
    part[2] cum=99.5625% share=49.2188% device_global=2 rank=1 local_index=-1 offset=4027500 count=3937500
    part[3] cum=100% share=0.437498% device_global=3 rank=1 local_index=-1 offset=7965000 count=35000
    total=100%
[DCL][balance-metrics] iteration=5100
  policy=scheduled
  action=skip
  reason=static balance already attempted
  T_compute_interval_s=1.57459
  T_comm_interval_s=1.80542
  T_balance_total_s=0
  T_rebalance_apply_s=0
  T_compute_accum_s=19.931
  T_comm_accum_s=18.3399
  T_balance_accum_s=0.34511
  T_rebalance_apply_accum_s=0.13603
  device_times_s:
    part[0]=1.57459
    part[1]=1.51902
    part[2]=1.55533
    part[3]=1.36888
  OLD loads:
    part[0] cum=49.5938% share=49.5938% device_global=0 rank=0 local_index=0 offset=0 count=3967500
    part[1] cum=50.3438% share=0.750002% device_global=1 rank=0 local_index=1 offset=3967500 count=60000
    part[2] cum=99.5625% share=49.2188% device_global=2 rank=1 local_index=-1 offset=4027500 count=3937500
    part[3] cum=100% share=0.437498% device_global=3 rank=1 local_index=-1 offset=7965000 count=35000
    total=100%
  CURRENT loads:
    part[0] cum=49.5938% share=49.5938% device_global=0 rank=0 local_index=0 offset=0 count=3967500
    part[1] cum=50.3438% share=0.750002% device_global=1 rank=0 local_index=1 offset=3967500 count=60000
    part[2] cum=99.5625% share=49.2188% device_global=2 rank=1 local_index=-1 offset=4027500 count=3937500
    part[3] cum=100% share=0.437498% device_global=3 rank=1 local_index=-1 offset=7965000 count=35000
    total=100%
[DCL][balance-metrics] iteration=6100
  policy=scheduled
  action=skip
  reason=static balance already attempted
  T_compute_interval_s=1.57446
  T_comm_interval_s=1.82671
  T_balance_total_s=0
  T_rebalance_apply_s=0
  T_compute_accum_s=21.5055
  T_comm_accum_s=20.1666
  T_balance_accum_s=0.34511
  T_rebalance_apply_accum_s=0.13603
  device_times_s:
    part[0]=1.57446
    part[1]=1.50497
    part[2]=1.556
    part[3]=1.29949
  OLD loads:
    part[0] cum=49.5938% share=49.5938% device_global=0 rank=0 local_index=0 offset=0 count=3967500
    part[1] cum=50.3438% share=0.750002% device_global=1 rank=0 local_index=1 offset=3967500 count=60000
    part[2] cum=99.5625% share=49.2188% device_global=2 rank=1 local_index=-1 offset=4027500 count=3937500
    part[3] cum=100% share=0.437498% device_global=3 rank=1 local_index=-1 offset=7965000 count=35000
    total=100%
  CURRENT loads:
    part[0] cum=49.5938% share=49.5938% device_global=0 rank=0 local_index=0 offset=0 count=3967500
    part[1] cum=50.3438% share=0.750002% device_global=1 rank=0 local_index=1 offset=3967500 count=60000
    part[2] cum=99.5625% share=49.2188% device_global=2 rank=1 local_index=-1 offset=4027500 count=3937500
    part[3] cum=100% share=0.437498% device_global=3 rank=1 local_index=-1 offset=7965000 count=35000
    total=100%
[DCL][balance-metrics] iteration=7100
  policy=scheduled
  action=skip
  reason=static balance already attempted
  T_compute_interval_s=1.57452
  T_comm_interval_s=1.86838
  T_balance_total_s=0
  T_rebalance_apply_s=0
  T_compute_accum_s=23.08
  T_comm_accum_s=22.035
  T_balance_accum_s=0.34511
  T_rebalance_apply_accum_s=0.13603
  device_times_s:
    part[0]=1.57452
    part[1]=1.49854
    part[2]=1.55592
    part[3]=1.22563
  OLD loads:
    part[0] cum=49.5938% share=49.5938% device_global=0 rank=0 local_index=0 offset=0 count=3967500
    part[1] cum=50.3438% share=0.750002% device_global=1 rank=0 local_index=1 offset=3967500 count=60000
    part[2] cum=99.5625% share=49.2188% device_global=2 rank=1 local_index=-1 offset=4027500 count=3937500
    part[3] cum=100% share=0.437498% device_global=3 rank=1 local_index=-1 offset=7965000 count=35000
    total=100%
  CURRENT loads:
    part[0] cum=49.5938% share=49.5938% device_global=0 rank=0 local_index=0 offset=0 count=3967500
    part[1] cum=50.3438% share=0.750002% device_global=1 rank=0 local_index=1 offset=3967500 count=60000
    part[2] cum=99.5625% share=49.2188% device_global=2 rank=1 local_index=-1 offset=4027500 count=3937500
    part[3] cum=100% share=0.437498% device_global=3 rank=1 local_index=-1 offset=7965000 count=35000
    total=100%
[DCL][balance-metrics] iteration=8100
  policy=scheduled
  action=skip
  reason=static balance already attempted
  T_compute_interval_s=1.5744
  T_comm_interval_s=1.89194
  T_balance_total_s=0
  T_rebalance_apply_s=0
  T_compute_accum_s=24.6544
  T_comm_accum_s=23.9269
  T_balance_accum_s=0.34511
  T_rebalance_apply_accum_s=0.13603
  device_times_s:
    part[0]=1.5744
    part[1]=1.50967
    part[2]=1.55623
    part[3]=1.19393
  OLD loads:
    part[0] cum=49.5938% share=49.5938% device_global=0 rank=0 local_index=0 offset=0 count=3967500
    part[1] cum=50.3438% share=0.750002% device_global=1 rank=0 local_index=1 offset=3967500 count=60000
    part[2] cum=99.5625% share=49.2188% device_global=2 rank=1 local_index=-1 offset=4027500 count=3937500
    part[3] cum=100% share=0.437498% device_global=3 rank=1 local_index=-1 offset=7965000 count=35000
    total=100%
  CURRENT loads:
    part[0] cum=49.5938% share=49.5938% device_global=0 rank=0 local_index=0 offset=0 count=3967500
    part[1] cum=50.3438% share=0.750002% device_global=1 rank=0 local_index=1 offset=3967500 count=60000
    part[2] cum=99.5625% share=49.2188% device_global=2 rank=1 local_index=-1 offset=4027500 count=3937500
    part[3] cum=100% share=0.437498% device_global=3 rank=1 local_index=-1 offset=7965000 count=35000
    total=100%
[DCL][balance-metrics] iteration=9100
  policy=scheduled
  action=skip
  reason=static balance already attempted
  T_compute_interval_s=1.57457
  T_comm_interval_s=1.84751
  T_balance_total_s=0
  T_rebalance_apply_s=0
  T_compute_accum_s=26.229
  T_comm_accum_s=25.7744
  T_balance_accum_s=0.34511
  T_rebalance_apply_accum_s=0.13603
  device_times_s:
    part[0]=1.57457
    part[1]=1.49769
    part[2]=1.55565
    part[3]=1.14639
  OLD loads:
    part[0] cum=49.5938% share=49.5938% device_global=0 rank=0 local_index=0 offset=0 count=3967500
    part[1] cum=50.3438% share=0.750002% device_global=1 rank=0 local_index=1 offset=3967500 count=60000
    part[2] cum=99.5625% share=49.2188% device_global=2 rank=1 local_index=-1 offset=4027500 count=3937500
    part[3] cum=100% share=0.437498% device_global=3 rank=1 local_index=-1 offset=7965000 count=35000
    total=100%
  CURRENT loads:
    part[0] cum=49.5938% share=49.5938% device_global=0 rank=0 local_index=0 offset=0 count=3967500
    part[1] cum=50.3438% share=0.750002% device_global=1 rank=0 local_index=1 offset=3967500 count=60000
    part[2] cum=99.5625% share=49.2188% device_global=2 rank=1 local_index=-1 offset=4027500 count=3937500
    part[3] cum=100% share=0.437498% device_global=3 rank=1 local_index=-1 offset=7965000 count=35000
    total=100%

=== PARTICOES FINAIS ===
=== Particoes globais ===
part[0] device_global=0 rank=0 local_index=0 offset=0 count=3967500
part[1] device_global=1 rank=0 local_index=1 offset=3967500 count=60000
part[2] device_global=2 rank=1 local_index=-1 offset=4027500 count=3937500
part[3] device_global=3 rank=1 local_index=-1 offset=7965000 count=35000


============================
ITERACAO 10000
Tempo de execução: 35.5982s
