=== Dispositivos locais do rank 1 ===
global=2 local=0 nome="NVIDIA RTX 2000 Ada Generation" compute_units=22
global=3 local=1 nome="Intel(R) Xeon(R) CPU           E5620  @ 2.40GHz" compute_units=16

=== Dispositivos locais do rank 0 ===
global=0 local=0 nome="NVIDIA RTX 2000 Ada Generation" compute_units=22
global=1 local=1 nome="Intel(R) Xeon(R) CPU           E5620  @ 2.40GHz" compute_units=16

=== PARTICOES INICIAIS ===
=== Particoes globais ===
part[0] device_global=0 rank=0 local_index=0 offset=0 count=2000000
part[1] device_global=1 rank=0 local_index=1 offset=2000000 count=2000000
part[2] device_global=2 rank=1 local_index=-1 offset=4000000 count=2000000
part[3] device_global=3 rank=1 local_index=-1 offset=6000000 count=2000000

X = 50 Y = 50 Z = 3200 Iterations = 10000
[DCL][balance-metrics] iteration=100
  policy=threshold
  action=rebalance
  reason=accepted by fixed threshold; diff=0.348735, threshold=0.01
  T_compute_interval_s=10.4404
  T_comm_interval_s=9.39326
  T_balance_total_s=0.36597
  T_rebalance_apply_s=0.156146
  T_compute_accum_s=10.4404
  T_comm_accum_s=9.39326
  T_balance_accum_s=0.36597
  T_rebalance_apply_accum_s=0.156146
  device_times_s:
    part[0]=0.0929029
    part[1]=6.09828
    part[2]=0.0942762
    part[3]=10.4404
  OLD loads:
    part[0] cum=25% share=25% device_global=0 rank=0 local_index=0 offset=0 count=3980000
    part[1] cum=50% share=25% device_global=1 rank=0 local_index=1 offset=3980000 count=62500
    part[2] cum=75% share=25% device_global=2 rank=1 local_index=-1 offset=4042500 count=3922500
    part[3] cum=100% share=25% device_global=3 rank=1 local_index=-1 offset=7965000 count=35000
    total=100%
  PROPOSED loads:
    part[0] cum=49.75% share=49.75% device_global=0 rank=0 local_index=0 offset=0 count=3980000
    part[1] cum=50.5312% share=0.78125% device_global=1 rank=0 local_index=1 offset=3980000 count=62500
    part[2] cum=99.5625% share=49.0312% device_global=2 rank=1 local_index=-1 offset=4042500 count=3922500
    part[3] cum=100% share=0.437498% device_global=3 rank=1 local_index=-1 offset=7965000 count=35000
    total=100%
  CURRENT loads:
    part[0] cum=49.75% share=49.75% device_global=0 rank=0 local_index=0 offset=0 count=3980000
    part[1] cum=50.5312% share=0.78125% device_global=1 rank=0 local_index=1 offset=3980000 count=62500
    part[2] cum=99.5625% share=49.0312% device_global=2 rank=1 local_index=-1 offset=4042500 count=3922500
    part[3] cum=100% share=0.437498% device_global=3 rank=1 local_index=-1 offset=7965000 count=35000
    total=100%
[DCL][balance-metrics] iteration=1100
  policy=scheduled
  action=skip
  reason=static balance already attempted
  T_compute_interval_s=2.41304
  T_comm_interval_s=1.90639
  T_balance_total_s=0
  T_rebalance_apply_s=0
  T_compute_accum_s=12.8534
  T_comm_accum_s=11.2997
  T_balance_accum_s=0.36597
  T_rebalance_apply_accum_s=0.156146
  device_times_s:
    part[0]=1.61021
    part[1]=1.97305
    part[2]=1.57317
    part[3]=2.41304
  OLD loads:
    part[0] cum=49.75% share=49.75% device_global=0 rank=0 local_index=0 offset=0 count=3980000
    part[1] cum=50.5312% share=0.78125% device_global=1 rank=0 local_index=1 offset=3980000 count=62500
    part[2] cum=99.5625% share=49.0312% device_global=2 rank=1 local_index=-1 offset=4042500 count=3922500
    part[3] cum=100% share=0.437498% device_global=3 rank=1 local_index=-1 offset=7965000 count=35000
    total=100%
  CURRENT loads:
    part[0] cum=49.75% share=49.75% device_global=0 rank=0 local_index=0 offset=0 count=3980000
    part[1] cum=50.5312% share=0.78125% device_global=1 rank=0 local_index=1 offset=3980000 count=62500
    part[2] cum=99.5625% share=49.0312% device_global=2 rank=1 local_index=-1 offset=4042500 count=3922500
    part[3] cum=100% share=0.437498% device_global=3 rank=1 local_index=-1 offset=7965000 count=35000
    total=100%
[DCL][balance-metrics] iteration=2100
  policy=scheduled
  action=skip
  reason=static balance already attempted
  T_compute_interval_s=2.16756
  T_comm_interval_s=1.83059
  T_balance_total_s=0
  T_rebalance_apply_s=0
  T_compute_accum_s=15.021
  T_comm_accum_s=13.1302
  T_balance_accum_s=0.36597
  T_rebalance_apply_accum_s=0.156146
  device_times_s:
    part[0]=1.57961
    part[1]=1.68505
    part[2]=1.54986
    part[3]=2.16756
  OLD loads:
    part[0] cum=49.75% share=49.75% device_global=0 rank=0 local_index=0 offset=0 count=3980000
    part[1] cum=50.5312% share=0.78125% device_global=1 rank=0 local_index=1 offset=3980000 count=62500
    part[2] cum=99.5625% share=49.0312% device_global=2 rank=1 local_index=-1 offset=4042500 count=3922500
    part[3] cum=100% share=0.437498% device_global=3 rank=1 local_index=-1 offset=7965000 count=35000
    total=100%
  CURRENT loads:
    part[0] cum=49.75% share=49.75% device_global=0 rank=0 local_index=0 offset=0 count=3980000
    part[1] cum=50.5312% share=0.78125% device_global=1 rank=0 local_index=1 offset=3980000 count=62500
    part[2] cum=99.5625% share=49.0312% device_global=2 rank=1 local_index=-1 offset=4042500 count=3922500
    part[3] cum=100% share=0.437498% device_global=3 rank=1 local_index=-1 offset=7965000 count=35000
    total=100%
[DCL][balance-metrics] iteration=3100
  policy=scheduled
  action=skip
  reason=static balance already attempted
  T_compute_interval_s=1.78473
  T_comm_interval_s=1.7909
  T_balance_total_s=0
  T_rebalance_apply_s=0
  T_compute_accum_s=16.8057
  T_comm_accum_s=14.9211
  T_balance_accum_s=0.36597
  T_rebalance_apply_accum_s=0.156146
  device_times_s:
    part[0]=1.5793
    part[1]=1.62477
    part[2]=1.54957
    part[3]=1.78473
  OLD loads:
    part[0] cum=49.75% share=49.75% device_global=0 rank=0 local_index=0 offset=0 count=3980000
    part[1] cum=50.5312% share=0.78125% device_global=1 rank=0 local_index=1 offset=3980000 count=62500
    part[2] cum=99.5625% share=49.0312% device_global=2 rank=1 local_index=-1 offset=4042500 count=3922500
    part[3] cum=100% share=0.437498% device_global=3 rank=1 local_index=-1 offset=7965000 count=35000
    total=100%
  CURRENT loads:
    part[0] cum=49.75% share=49.75% device_global=0 rank=0 local_index=0 offset=0 count=3980000
    part[1] cum=50.5312% share=0.78125% device_global=1 rank=0 local_index=1 offset=3980000 count=62500
    part[2] cum=99.5625% share=49.0312% device_global=2 rank=1 local_index=-1 offset=4042500 count=3922500
    part[3] cum=100% share=0.437498% device_global=3 rank=1 local_index=-1 offset=7965000 count=35000
    total=100%
[DCL][balance-metrics] iteration=4100
  policy=scheduled
  action=skip
  reason=static balance already attempted
  T_compute_interval_s=1.59885
  T_comm_interval_s=1.80763
  T_balance_total_s=0
  T_rebalance_apply_s=0
  T_compute_accum_s=18.4046
  T_comm_accum_s=16.7288
  T_balance_accum_s=0.36597
  T_rebalance_apply_accum_s=0.156146
  device_times_s:
    part[0]=1.57945
    part[1]=1.59885
    part[2]=1.54969
    part[3]=1.51085
  OLD loads:
    part[0] cum=49.75% share=49.75% device_global=0 rank=0 local_index=0 offset=0 count=3980000
    part[1] cum=50.5312% share=0.78125% device_global=1 rank=0 local_index=1 offset=3980000 count=62500
    part[2] cum=99.5625% share=49.0312% device_global=2 rank=1 local_index=-1 offset=4042500 count=3922500
    part[3] cum=100% share=0.437498% device_global=3 rank=1 local_index=-1 offset=7965000 count=35000
    total=100%
  CURRENT loads:
    part[0] cum=49.75% share=49.75% device_global=0 rank=0 local_index=0 offset=0 count=3980000
    part[1] cum=50.5312% share=0.78125% device_global=1 rank=0 local_index=1 offset=3980000 count=62500
    part[2] cum=99.5625% share=49.0312% device_global=2 rank=1 local_index=-1 offset=4042500 count=3922500
    part[3] cum=100% share=0.437498% device_global=3 rank=1 local_index=-1 offset=7965000 count=35000
    total=100%
[DCL][balance-metrics] iteration=5100
  policy=scheduled
  action=skip
  reason=static balance already attempted
  T_compute_interval_s=1.57943
  T_comm_interval_s=1.80885
  T_balance_total_s=0
  T_rebalance_apply_s=0
  T_compute_accum_s=19.984
  T_comm_accum_s=18.5376
  T_balance_accum_s=0.36597
  T_rebalance_apply_accum_s=0.156146
  device_times_s:
    part[0]=1.57943
    part[1]=1.57911
    part[2]=1.55035
    part[3]=1.38157
  OLD loads:
    part[0] cum=49.75% share=49.75% device_global=0 rank=0 local_index=0 offset=0 count=3980000
    part[1] cum=50.5312% share=0.78125% device_global=1 rank=0 local_index=1 offset=3980000 count=62500
    part[2] cum=99.5625% share=49.0312% device_global=2 rank=1 local_index=-1 offset=4042500 count=3922500
    part[3] cum=100% share=0.437498% device_global=3 rank=1 local_index=-1 offset=7965000 count=35000
    total=100%
  CURRENT loads:
    part[0] cum=49.75% share=49.75% device_global=0 rank=0 local_index=0 offset=0 count=3980000
    part[1] cum=50.5312% share=0.78125% device_global=1 rank=0 local_index=1 offset=3980000 count=62500
    part[2] cum=99.5625% share=49.0312% device_global=2 rank=1 local_index=-1 offset=4042500 count=3922500
    part[3] cum=100% share=0.437498% device_global=3 rank=1 local_index=-1 offset=7965000 count=35000
    total=100%
[DCL][balance-metrics] iteration=6100
  policy=scheduled
  action=skip
  reason=static balance already attempted
  T_compute_interval_s=1.57936
  T_comm_interval_s=1.82388
  T_balance_total_s=0
  T_rebalance_apply_s=0
  T_compute_accum_s=21.5633
  T_comm_accum_s=20.3615
  T_balance_accum_s=0.36597
  T_rebalance_apply_accum_s=0.156146
  device_times_s:
    part[0]=1.57936
    part[1]=1.56735
    part[2]=1.55009
    part[3]=1.29273
  OLD loads:
    part[0] cum=49.75% share=49.75% device_global=0 rank=0 local_index=0 offset=0 count=3980000
    part[1] cum=50.5312% share=0.78125% device_global=1 rank=0 local_index=1 offset=3980000 count=62500
    part[2] cum=99.5625% share=49.0312% device_global=2 rank=1 local_index=-1 offset=4042500 count=3922500
    part[3] cum=100% share=0.437498% device_global=3 rank=1 local_index=-1 offset=7965000 count=35000
    total=100%
  CURRENT loads:
    part[0] cum=49.75% share=49.75% device_global=0 rank=0 local_index=0 offset=0 count=3980000
    part[1] cum=50.5312% share=0.78125% device_global=1 rank=0 local_index=1 offset=3980000 count=62500
    part[2] cum=99.5625% share=49.0312% device_global=2 rank=1 local_index=-1 offset=4042500 count=3922500
    part[3] cum=100% share=0.437498% device_global=3 rank=1 local_index=-1 offset=7965000 count=35000
    total=100%
[DCL][balance-metrics] iteration=7100
  policy=scheduled
  action=skip
  reason=static balance already attempted
  T_compute_interval_s=1.57944
  T_comm_interval_s=1.84273
  T_balance_total_s=0
  T_rebalance_apply_s=0
  T_compute_accum_s=23.1428
  T_comm_accum_s=22.2042
  T_balance_accum_s=0.36597
  T_rebalance_apply_accum_s=0.156146
  device_times_s:
    part[0]=1.57944
    part[1]=1.56043
    part[2]=1.55033
    part[3]=1.22214
  OLD loads:
    part[0] cum=49.75% share=49.75% device_global=0 rank=0 local_index=0 offset=0 count=3980000
    part[1] cum=50.5312% share=0.78125% device_global=1 rank=0 local_index=1 offset=3980000 count=62500
    part[2] cum=99.5625% share=49.0312% device_global=2 rank=1 local_index=-1 offset=4042500 count=3922500
    part[3] cum=100% share=0.437498% device_global=3 rank=1 local_index=-1 offset=7965000 count=35000
    total=100%
  CURRENT loads:
    part[0] cum=49.75% share=49.75% device_global=0 rank=0 local_index=0 offset=0 count=3980000
    part[1] cum=50.5312% share=0.78125% device_global=1 rank=0 local_index=1 offset=3980000 count=62500
    part[2] cum=99.5625% share=49.0312% device_global=2 rank=1 local_index=-1 offset=4042500 count=3922500
    part[3] cum=100% share=0.437498% device_global=3 rank=1 local_index=-1 offset=7965000 count=35000
    total=100%
[DCL][balance-metrics] iteration=8100
  policy=scheduled
  action=skip
  reason=static balance already attempted
  T_compute_interval_s=1.57947
  T_comm_interval_s=1.8372
  T_balance_total_s=0
  T_rebalance_apply_s=0
  T_compute_accum_s=24.7223
  T_comm_accum_s=24.0414
  T_balance_accum_s=0.36597
  T_rebalance_apply_accum_s=0.156146
  device_times_s:
    part[0]=1.57947
    part[1]=1.57053
    part[2]=1.55007
    part[3]=1.17726
  OLD loads:
    part[0] cum=49.75% share=49.75% device_global=0 rank=0 local_index=0 offset=0 count=3980000
    part[1] cum=50.5312% share=0.78125% device_global=1 rank=0 local_index=1 offset=3980000 count=62500
    part[2] cum=99.5625% share=49.0312% device_global=2 rank=1 local_index=-1 offset=4042500 count=3922500
    part[3] cum=100% share=0.437498% device_global=3 rank=1 local_index=-1 offset=7965000 count=35000
    total=100%
  CURRENT loads:
    part[0] cum=49.75% share=49.75% device_global=0 rank=0 local_index=0 offset=0 count=3980000
    part[1] cum=50.5312% share=0.78125% device_global=1 rank=0 local_index=1 offset=3980000 count=62500
    part[2] cum=99.5625% share=49.0312% device_global=2 rank=1 local_index=-1 offset=4042500 count=3922500
    part[3] cum=100% share=0.437498% device_global=3 rank=1 local_index=-1 offset=7965000 count=35000
    total=100%
[DCL][balance-metrics] iteration=9100
  policy=scheduled
  action=skip
  reason=static balance already attempted
  T_compute_interval_s=1.57927
  T_comm_interval_s=1.81639
  T_balance_total_s=0
  T_rebalance_apply_s=0
  T_compute_accum_s=26.3015
  T_comm_accum_s=25.8578
  T_balance_accum_s=0.36597
  T_rebalance_apply_accum_s=0.156146
  device_times_s:
    part[0]=1.57927
    part[1]=1.56142
    part[2]=1.55007
    part[3]=1.14506
  OLD loads:
    part[0] cum=49.75% share=49.75% device_global=0 rank=0 local_index=0 offset=0 count=3980000
    part[1] cum=50.5312% share=0.78125% device_global=1 rank=0 local_index=1 offset=3980000 count=62500
    part[2] cum=99.5625% share=49.0312% device_global=2 rank=1 local_index=-1 offset=4042500 count=3922500
    part[3] cum=100% share=0.437498% device_global=3 rank=1 local_index=-1 offset=7965000 count=35000
    total=100%
  CURRENT loads:
    part[0] cum=49.75% share=49.75% device_global=0 rank=0 local_index=0 offset=0 count=3980000
    part[1] cum=50.5312% share=0.78125% device_global=1 rank=0 local_index=1 offset=3980000 count=62500
    part[2] cum=99.5625% share=49.0312% device_global=2 rank=1 local_index=-1 offset=4042500 count=3922500
    part[3] cum=100% share=0.437498% device_global=3 rank=1 local_index=-1 offset=7965000 count=35000
    total=100%

=== PARTICOES FINAIS ===
=== Particoes globais ===
part[0] device_global=0 rank=0 local_index=0 offset=0 count=3980000
part[1] device_global=1 rank=0 local_index=1 offset=3980000 count=62500
part[2] device_global=2 rank=1 local_index=-1 offset=4042500 count=3922500
part[3] device_global=3 rank=1 local_index=-1 offset=7965000 count=35000


============================
ITERACAO 10000
Tempo de execução: 35.62s
