=== Dispositivos locais do rank 1 ===
global=2 local=0 nome="NVIDIA RTX 2000 Ada Generation" compute_units=22
global=3 local=1 nome="Intel(R) Xeon(R) CPU           E5620  @ 2.40GHz" compute_units=16

=== Dispositivos locais do rank 0 ===
global=0 local=0 nome="NVIDIA RTX 2000 Ada Generation" compute_units=22
global=1 local=1 nome="Intel(R) Xeon(R) CPU           E5620  @ 2.40GHz" compute_units=16

=== PARTICOES INICIAIS ===
=== Particoes globais ===
part[0] device_global=0 rank=0 local_index=0 offset=0 count=2000000
part[1] device_global=1 rank=0 local_index=1 offset=2000000 count=2000000
part[2] device_global=2 rank=1 local_index=-1 offset=4000000 count=2000000
part[3] device_global=3 rank=1 local_index=-1 offset=6000000 count=2000000

X = 50 Y = 50 Z = 3200 Iterations = 10000
[DCL][balance-metrics] iteration=100
  policy=profiled
  action=rebalance
  reason=adaptive decision accepted; remaining_iterations=9900, gain_total=101.043, migration_cost=0.01809, max_migrated_bytes=1120000, T_comp_int_per_iter=0.0103907, T_comp_bal_per_iter=0.000184375
  T_compute_interval_s=10.3907
  T_comm_interval_s=9.2832
  T_balance_total_s=0.352329
  T_rebalance_apply_s=0.143113
  T_compute_accum_s=10.3907
  T_comm_accum_s=9.2832
  T_balance_accum_s=0.352329
  T_rebalance_apply_accum_s=0.143113
  device_times_s:
    part[0]=0.0927312
    part[1]=6.09967
    part[2]=0.0938293
    part[3]=10.3907
  OLD loads:
    part[0] cum=25% share=25% device_global=0 rank=0 local_index=0 offset=0 count=3975000
    part[1] cum=50% share=25% device_global=1 rank=0 local_index=1 offset=3975000 count=60000
    part[2] cum=75% share=25% device_global=2 rank=1 local_index=-1 offset=4035000 count=3930000
    part[3] cum=100% share=25% device_global=3 rank=1 local_index=-1 offset=7965000 count=35000
    total=100%
  PROPOSED loads:
    part[0] cum=49.6875% share=49.6875% device_global=0 rank=0 local_index=0 offset=0 count=3975000
    part[1] cum=50.4375% share=0.749999% device_global=1 rank=0 local_index=1 offset=3975000 count=60000
    part[2] cum=99.5625% share=49.125% device_global=2 rank=1 local_index=-1 offset=4035000 count=3930000
    part[3] cum=100% share=0.437498% device_global=3 rank=1 local_index=-1 offset=7965000 count=35000
    total=100%
  CURRENT loads:
    part[0] cum=49.6875% share=49.6875% device_global=0 rank=0 local_index=0 offset=0 count=3975000
    part[1] cum=50.4375% share=0.749999% device_global=1 rank=0 local_index=1 offset=3975000 count=60000
    part[2] cum=99.5625% share=49.125% device_global=2 rank=1 local_index=-1 offset=4035000 count=3930000
    part[3] cum=100% share=0.437498% device_global=3 rank=1 local_index=-1 offset=7965000 count=35000
    total=100%
[DCL][balance-metrics] iteration=1100
  policy=scheduled
  action=skip
  reason=static balance already attempted
  T_compute_interval_s=2.45354
  T_comm_interval_s=1.83866
  T_balance_total_s=0
  T_rebalance_apply_s=0
  T_compute_accum_s=12.8443
  T_comm_accum_s=11.1219
  T_balance_accum_s=0.352329
  T_rebalance_apply_accum_s=0.143113
  device_times_s:
    part[0]=1.60884
    part[1]=1.89836
    part[2]=1.57661
    part[3]=2.45354
  OLD loads:
    part[0] cum=49.6875% share=49.6875% device_global=0 rank=0 local_index=0 offset=0 count=3975000
    part[1] cum=50.4375% share=0.749999% device_global=1 rank=0 local_index=1 offset=3975000 count=60000
    part[2] cum=99.5625% share=49.125% device_global=2 rank=1 local_index=-1 offset=4035000 count=3930000
    part[3] cum=100% share=0.437498% device_global=3 rank=1 local_index=-1 offset=7965000 count=35000
    total=100%
  CURRENT loads:
    part[0] cum=49.6875% share=49.6875% device_global=0 rank=0 local_index=0 offset=0 count=3975000
    part[1] cum=50.4375% share=0.749999% device_global=1 rank=0 local_index=1 offset=3975000 count=60000
    part[2] cum=99.5625% share=49.125% device_global=2 rank=1 local_index=-1 offset=4035000 count=3930000
    part[3] cum=100% share=0.437498% device_global=3 rank=1 local_index=-1 offset=7965000 count=35000
    total=100%
[DCL][balance-metrics] iteration=2100
  policy=scheduled
  action=skip
  reason=static balance already attempted
  T_compute_interval_s=2.16643
  T_comm_interval_s=1.78523
  T_balance_total_s=0
  T_rebalance_apply_s=0
  T_compute_accum_s=15.0107
  T_comm_accum_s=12.9071
  T_balance_accum_s=0.352329
  T_rebalance_apply_accum_s=0.143113
  device_times_s:
    part[0]=1.57786
    part[1]=1.61952
    part[2]=1.55248
    part[3]=2.16643
  OLD loads:
    part[0] cum=49.6875% share=49.6875% device_global=0 rank=0 local_index=0 offset=0 count=3975000
    part[1] cum=50.4375% share=0.749999% device_global=1 rank=0 local_index=1 offset=3975000 count=60000
    part[2] cum=99.5625% share=49.125% device_global=2 rank=1 local_index=-1 offset=4035000 count=3930000
    part[3] cum=100% share=0.437498% device_global=3 rank=1 local_index=-1 offset=7965000 count=35000
    total=100%
  CURRENT loads:
    part[0] cum=49.6875% share=49.6875% device_global=0 rank=0 local_index=0 offset=0 count=3975000
    part[1] cum=50.4375% share=0.749999% device_global=1 rank=0 local_index=1 offset=3975000 count=60000
    part[2] cum=99.5625% share=49.125% device_global=2 rank=1 local_index=-1 offset=4035000 count=3930000
    part[3] cum=100% share=0.437498% device_global=3 rank=1 local_index=-1 offset=7965000 count=35000
    total=100%
[DCL][balance-metrics] iteration=3100
  policy=scheduled
  action=skip
  reason=static balance already attempted
  T_compute_interval_s=1.79495
  T_comm_interval_s=1.81593
  T_balance_total_s=0
  T_rebalance_apply_s=0
  T_compute_accum_s=16.8057
  T_comm_accum_s=14.723
  T_balance_accum_s=0.352329
  T_rebalance_apply_accum_s=0.143113
  device_times_s:
    part[0]=1.57772
    part[1]=1.56516
    part[2]=1.55254
    part[3]=1.79495
  OLD loads:
    part[0] cum=49.6875% share=49.6875% device_global=0 rank=0 local_index=0 offset=0 count=3975000
    part[1] cum=50.4375% share=0.749999% device_global=1 rank=0 local_index=1 offset=3975000 count=60000
    part[2] cum=99.5625% share=49.125% device_global=2 rank=1 local_index=-1 offset=4035000 count=3930000
    part[3] cum=100% share=0.437498% device_global=3 rank=1 local_index=-1 offset=7965000 count=35000
    total=100%
  CURRENT loads:
    part[0] cum=49.6875% share=49.6875% device_global=0 rank=0 local_index=0 offset=0 count=3975000
    part[1] cum=50.4375% share=0.749999% device_global=1 rank=0 local_index=1 offset=3975000 count=60000
    part[2] cum=99.5625% share=49.125% device_global=2 rank=1 local_index=-1 offset=4035000 count=3930000
    part[3] cum=100% share=0.437498% device_global=3 rank=1 local_index=-1 offset=7965000 count=35000
    total=100%
[DCL][balance-metrics] iteration=4100
  policy=scheduled
  action=skip
  reason=static balance already attempted
  T_compute_interval_s=1.57762
  T_comm_interval_s=1.81189
  T_balance_total_s=0
  T_rebalance_apply_s=0
  T_compute_accum_s=18.3833
  T_comm_accum_s=16.5349
  T_balance_accum_s=0.352329
  T_rebalance_apply_accum_s=0.143113
  device_times_s:
    part[0]=1.57762
    part[1]=1.5377
    part[2]=1.55245
    part[3]=1.51072
  OLD loads:
    part[0] cum=49.6875% share=49.6875% device_global=0 rank=0 local_index=0 offset=0 count=3975000
    part[1] cum=50.4375% share=0.749999% device_global=1 rank=0 local_index=1 offset=3975000 count=60000
    part[2] cum=99.5625% share=49.125% device_global=2 rank=1 local_index=-1 offset=4035000 count=3930000
    part[3] cum=100% share=0.437498% device_global=3 rank=1 local_index=-1 offset=7965000 count=35000
    total=100%
  CURRENT loads:
    part[0] cum=49.6875% share=49.6875% device_global=0 rank=0 local_index=0 offset=0 count=3975000
    part[1] cum=50.4375% share=0.749999% device_global=1 rank=0 local_index=1 offset=3975000 count=60000
    part[2] cum=99.5625% share=49.125% device_global=2 rank=1 local_index=-1 offset=4035000 count=3930000
    part[3] cum=100% share=0.437498% device_global=3 rank=1 local_index=-1 offset=7965000 count=35000
    total=100%
[DCL][balance-metrics] iteration=5100
  policy=scheduled
  action=skip
  reason=static balance already attempted
  T_compute_interval_s=1.5778
  T_comm_interval_s=1.83278
  T_balance_total_s=0
  T_rebalance_apply_s=0
  T_compute_accum_s=19.9611
  T_comm_accum_s=18.3677
  T_balance_accum_s=0.352329
  T_rebalance_apply_accum_s=0.143113
  device_times_s:
    part[0]=1.5778
    part[1]=1.52027
    part[2]=1.55211
    part[3]=1.36784
  OLD loads:
    part[0] cum=49.6875% share=49.6875% device_global=0 rank=0 local_index=0 offset=0 count=3975000
    part[1] cum=50.4375% share=0.749999% device_global=1 rank=0 local_index=1 offset=3975000 count=60000
    part[2] cum=99.5625% share=49.125% device_global=2 rank=1 local_index=-1 offset=4035000 count=3930000
    part[3] cum=100% share=0.437498% device_global=3 rank=1 local_index=-1 offset=7965000 count=35000
    total=100%
  CURRENT loads:
    part[0] cum=49.6875% share=49.6875% device_global=0 rank=0 local_index=0 offset=0 count=3975000
    part[1] cum=50.4375% share=0.749999% device_global=1 rank=0 local_index=1 offset=3975000 count=60000
    part[2] cum=99.5625% share=49.125% device_global=2 rank=1 local_index=-1 offset=4035000 count=3930000
    part[3] cum=100% share=0.437498% device_global=3 rank=1 local_index=-1 offset=7965000 count=35000
    total=100%
[DCL][balance-metrics] iteration=6100
  policy=scheduled
  action=skip
  reason=static balance already attempted
  T_compute_interval_s=1.5778
  T_comm_interval_s=1.84286
  T_balance_total_s=0
  T_rebalance_apply_s=0
  T_compute_accum_s=21.5389
  T_comm_accum_s=20.2106
  T_balance_accum_s=0.352329
  T_rebalance_apply_accum_s=0.143113
  device_times_s:
    part[0]=1.5778
    part[1]=1.50403
    part[2]=1.55312
    part[3]=1.27752
  OLD loads:
    part[0] cum=49.6875% share=49.6875% device_global=0 rank=0 local_index=0 offset=0 count=3975000
    part[1] cum=50.4375% share=0.749999% device_global=1 rank=0 local_index=1 offset=3975000 count=60000
    part[2] cum=99.5625% share=49.125% device_global=2 rank=1 local_index=-1 offset=4035000 count=3930000
    part[3] cum=100% share=0.437498% device_global=3 rank=1 local_index=-1 offset=7965000 count=35000
    total=100%
  CURRENT loads:
    part[0] cum=49.6875% share=49.6875% device_global=0 rank=0 local_index=0 offset=0 count=3975000
    part[1] cum=50.4375% share=0.749999% device_global=1 rank=0 local_index=1 offset=3975000 count=60000
    part[2] cum=99.5625% share=49.125% device_global=2 rank=1 local_index=-1 offset=4035000 count=3930000
    part[3] cum=100% share=0.437498% device_global=3 rank=1 local_index=-1 offset=7965000 count=35000
    total=100%
[DCL][balance-metrics] iteration=7100
  policy=scheduled
  action=skip
  reason=static balance already attempted
  T_compute_interval_s=1.57777
  T_comm_interval_s=1.80721
  T_balance_total_s=0
  T_rebalance_apply_s=0
  T_compute_accum_s=23.1167
  T_comm_accum_s=22.0178
  T_balance_accum_s=0.352329
  T_rebalance_apply_accum_s=0.143113
  device_times_s:
    part[0]=1.57777
    part[1]=1.502
    part[2]=1.55519
    part[3]=1.23466
  OLD loads:
    part[0] cum=49.6875% share=49.6875% device_global=0 rank=0 local_index=0 offset=0 count=3975000
    part[1] cum=50.4375% share=0.749999% device_global=1 rank=0 local_index=1 offset=3975000 count=60000
    part[2] cum=99.5625% share=49.125% device_global=2 rank=1 local_index=-1 offset=4035000 count=3930000
    part[3] cum=100% share=0.437498% device_global=3 rank=1 local_index=-1 offset=7965000 count=35000
    total=100%
  CURRENT loads:
    part[0] cum=49.6875% share=49.6875% device_global=0 rank=0 local_index=0 offset=0 count=3975000
    part[1] cum=50.4375% share=0.749999% device_global=1 rank=0 local_index=1 offset=3975000 count=60000
    part[2] cum=99.5625% share=49.125% device_global=2 rank=1 local_index=-1 offset=4035000 count=3930000
    part[3] cum=100% share=0.437498% device_global=3 rank=1 local_index=-1 offset=7965000 count=35000
    total=100%
[DCL][balance-metrics] iteration=8100
  policy=scheduled
  action=skip
  reason=static balance already attempted
  T_compute_interval_s=1.57784
  T_comm_interval_s=1.81829
  T_balance_total_s=0
  T_rebalance_apply_s=0
  T_compute_accum_s=24.6945
  T_comm_accum_s=23.8361
  T_balance_accum_s=0.352329
  T_rebalance_apply_accum_s=0.143113
  device_times_s:
    part[0]=1.57784
    part[1]=1.49698
    part[2]=1.55405
    part[3]=1.17887
  OLD loads:
    part[0] cum=49.6875% share=49.6875% device_global=0 rank=0 local_index=0 offset=0 count=3975000
    part[1] cum=50.4375% share=0.749999% device_global=1 rank=0 local_index=1 offset=3975000 count=60000
    part[2] cum=99.5625% share=49.125% device_global=2 rank=1 local_index=-1 offset=4035000 count=3930000
    part[3] cum=100% share=0.437498% device_global=3 rank=1 local_index=-1 offset=7965000 count=35000
    total=100%
  CURRENT loads:
    part[0] cum=49.6875% share=49.6875% device_global=0 rank=0 local_index=0 offset=0 count=3975000
    part[1] cum=50.4375% share=0.749999% device_global=1 rank=0 local_index=1 offset=3975000 count=60000
    part[2] cum=99.5625% share=49.125% device_global=2 rank=1 local_index=-1 offset=4035000 count=3930000
    part[3] cum=100% share=0.437498% device_global=3 rank=1 local_index=-1 offset=7965000 count=35000
    total=100%
[DCL][balance-metrics] iteration=9100
  policy=scheduled
  action=skip
  reason=static balance already attempted
  T_compute_interval_s=1.57791
  T_comm_interval_s=1.84853
  T_balance_total_s=0
  T_rebalance_apply_s=0
  T_compute_accum_s=26.2724
  T_comm_accum_s=25.6846
  T_balance_accum_s=0.352329
  T_rebalance_apply_accum_s=0.143113
  device_times_s:
    part[0]=1.57791
    part[1]=1.49809
    part[2]=1.55503
    part[3]=1.1765
  OLD loads:
    part[0] cum=49.6875% share=49.6875% device_global=0 rank=0 local_index=0 offset=0 count=3975000
    part[1] cum=50.4375% share=0.749999% device_global=1 rank=0 local_index=1 offset=3975000 count=60000
    part[2] cum=99.5625% share=49.125% device_global=2 rank=1 local_index=-1 offset=4035000 count=3930000
    part[3] cum=100% share=0.437498% device_global=3 rank=1 local_index=-1 offset=7965000 count=35000
    total=100%
  CURRENT loads:
    part[0] cum=49.6875% share=49.6875% device_global=0 rank=0 local_index=0 offset=0 count=3975000
    part[1] cum=50.4375% share=0.749999% device_global=1 rank=0 local_index=1 offset=3975000 count=60000
    part[2] cum=99.5625% share=49.125% device_global=2 rank=1 local_index=-1 offset=4035000 count=3930000
    part[3] cum=100% share=0.437498% device_global=3 rank=1 local_index=-1 offset=7965000 count=35000
    total=100%

=== PARTICOES FINAIS ===
=== Particoes globais ===
part[0] device_global=0 rank=0 local_index=0 offset=0 count=3975000
part[1] device_global=1 rank=0 local_index=1 offset=3975000 count=60000
part[2] device_global=2 rank=1 local_index=-1 offset=4035000 count=3930000
part[3] device_global=3 rank=1 local_index=-1 offset=7965000 count=35000


============================
ITERACAO 10000
Tempo de execução: 35.6055s
