=== Dispositivos locais do rank 1 ===
global=2 local=0 nome="NVIDIA RTX 2000 Ada Generation" compute_units=22
global=3 local=1 nome="Intel(R) Xeon(R) CPU           E5620  @ 2.40GHz" compute_units=16

=== Dispositivos locais do rank 0 ===
global=0 local=0 nome="NVIDIA RTX 2000 Ada Generation" compute_units=22
global=1 local=1 nome="Intel(R) Xeon(R) CPU           E5620  @ 2.40GHz" compute_units=16

=== PARTICOES INICIAIS ===
=== Particoes globais ===
part[0] device_global=0 rank=0 local_index=0 offset=0 count=2000000
part[1] device_global=1 rank=0 local_index=1 offset=2000000 count=2000000
part[2] device_global=2 rank=1 local_index=-1 offset=4000000 count=2000000
part[3] device_global=3 rank=1 local_index=-1 offset=6000000 count=2000000

X = 50 Y = 50 Z = 3200 Iterations = 10000
[DCL][balance-metrics] iteration=100
  policy=profiled
  action=rebalance
  reason=adaptive decision accepted; remaining_iterations=9900, gain_total=101.458, migration_cost=0.0176426, max_migrated_bytes=1040000, T_comp_int_per_iter=0.0104329, T_comp_bal_per_iter=0.000184676
  T_compute_interval_s=10.4329
  T_comm_interval_s=9.33421
  T_balance_total_s=0.355989
  T_rebalance_apply_s=0.140665
  T_compute_accum_s=10.4329
  T_comm_accum_s=9.33421
  T_balance_accum_s=0.355989
  T_rebalance_apply_accum_s=0.140665
  device_times_s:
    part[0]=0.0929326
    part[1]=6.12991
    part[2]=0.0939231
    part[3]=10.4329
  OLD loads:
    part[0] cum=25% share=25% device_global=0 rank=0 local_index=0 offset=0 count=3972500
    part[1] cum=50% share=25% device_global=1 rank=0 local_index=1 offset=3972500 count=60000
    part[2] cum=75% share=25% device_global=2 rank=1 local_index=-1 offset=4032500 count=3932500
    part[3] cum=100% share=25% device_global=3 rank=1 local_index=-1 offset=7965000 count=35000
    total=100%
  PROPOSED loads:
    part[0] cum=49.6562% share=49.6562% device_global=0 rank=0 local_index=0 offset=0 count=3972500
    part[1] cum=50.4062% share=0.749996% device_global=1 rank=0 local_index=1 offset=3972500 count=60000
    part[2] cum=99.5625% share=49.1563% device_global=2 rank=1 local_index=-1 offset=4032500 count=3932500
    part[3] cum=100% share=0.437498% device_global=3 rank=1 local_index=-1 offset=7965000 count=35000
    total=100%
  CURRENT loads:
    part[0] cum=49.6562% share=49.6562% device_global=0 rank=0 local_index=0 offset=0 count=3972500
    part[1] cum=50.4062% share=0.749996% device_global=1 rank=0 local_index=1 offset=3972500 count=60000
    part[2] cum=99.5625% share=49.1563% device_global=2 rank=1 local_index=-1 offset=4032500 count=3932500
    part[3] cum=100% share=0.437498% device_global=3 rank=1 local_index=-1 offset=7965000 count=35000
    total=100%
[DCL][balance-metrics] iteration=1100
  policy=scheduled
  action=skip
  reason=static balance already attempted
  T_compute_interval_s=2.45257
  T_comm_interval_s=1.87976
  T_balance_total_s=0
  T_rebalance_apply_s=0
  T_compute_accum_s=12.8855
  T_comm_accum_s=11.214
  T_balance_accum_s=0.355989
  T_rebalance_apply_accum_s=0.140665
  device_times_s:
    part[0]=1.59906
    part[1]=1.89653
    part[2]=1.56895
    part[3]=2.45257
  OLD loads:
    part[0] cum=49.6562% share=49.6562% device_global=0 rank=0 local_index=0 offset=0 count=3972500
    part[1] cum=50.4062% share=0.749996% device_global=1 rank=0 local_index=1 offset=3972500 count=60000
    part[2] cum=99.5625% share=49.1563% device_global=2 rank=1 local_index=-1 offset=4032500 count=3932500
    part[3] cum=100% share=0.437498% device_global=3 rank=1 local_index=-1 offset=7965000 count=35000
    total=100%
  CURRENT loads:
    part[0] cum=49.6562% share=49.6562% device_global=0 rank=0 local_index=0 offset=0 count=3972500
    part[1] cum=50.4062% share=0.749996% device_global=1 rank=0 local_index=1 offset=3972500 count=60000
    part[2] cum=99.5625% share=49.1563% device_global=2 rank=1 local_index=-1 offset=4032500 count=3932500
    part[3] cum=100% share=0.437498% device_global=3 rank=1 local_index=-1 offset=7965000 count=35000
    total=100%
[DCL][balance-metrics] iteration=2100
  policy=scheduled
  action=skip
  reason=static balance already attempted
  T_compute_interval_s=2.17185
  T_comm_interval_s=1.78581
  T_balance_total_s=0
  T_rebalance_apply_s=0
  T_compute_accum_s=15.0574
  T_comm_accum_s=12.9998
  T_balance_accum_s=0.355989
  T_rebalance_apply_accum_s=0.140665
  device_times_s:
    part[0]=1.57676
    part[1]=1.61765
    part[2]=1.55322
    part[3]=2.17185
  OLD loads:
    part[0] cum=49.6562% share=49.6562% device_global=0 rank=0 local_index=0 offset=0 count=3972500
    part[1] cum=50.4062% share=0.749996% device_global=1 rank=0 local_index=1 offset=3972500 count=60000
    part[2] cum=99.5625% share=49.1563% device_global=2 rank=1 local_index=-1 offset=4032500 count=3932500
    part[3] cum=100% share=0.437498% device_global=3 rank=1 local_index=-1 offset=7965000 count=35000
    total=100%
  CURRENT loads:
    part[0] cum=49.6562% share=49.6562% device_global=0 rank=0 local_index=0 offset=0 count=3972500
    part[1] cum=50.4062% share=0.749996% device_global=1 rank=0 local_index=1 offset=3972500 count=60000
    part[2] cum=99.5625% share=49.1563% device_global=2 rank=1 local_index=-1 offset=4032500 count=3932500
    part[3] cum=100% share=0.437498% device_global=3 rank=1 local_index=-1 offset=7965000 count=35000
    total=100%
[DCL][balance-metrics] iteration=3100
  policy=scheduled
  action=skip
  reason=static balance already attempted
  T_compute_interval_s=1.79257
  T_comm_interval_s=1.8185
  T_balance_total_s=0
  T_rebalance_apply_s=0
  T_compute_accum_s=16.8499
  T_comm_accum_s=14.8183
  T_balance_accum_s=0.355989
  T_rebalance_apply_accum_s=0.140665
  device_times_s:
    part[0]=1.57653
    part[1]=1.5623
    part[2]=1.55342
    part[3]=1.79257
  OLD loads:
    part[0] cum=49.6562% share=49.6562% device_global=0 rank=0 local_index=0 offset=0 count=3972500
    part[1] cum=50.4062% share=0.749996% device_global=1 rank=0 local_index=1 offset=3972500 count=60000
    part[2] cum=99.5625% share=49.1563% device_global=2 rank=1 local_index=-1 offset=4032500 count=3932500
    part[3] cum=100% share=0.437498% device_global=3 rank=1 local_index=-1 offset=7965000 count=35000
    total=100%
  CURRENT loads:
    part[0] cum=49.6562% share=49.6562% device_global=0 rank=0 local_index=0 offset=0 count=3972500
    part[1] cum=50.4062% share=0.749996% device_global=1 rank=0 local_index=1 offset=3972500 count=60000
    part[2] cum=99.5625% share=49.1563% device_global=2 rank=1 local_index=-1 offset=4032500 count=3932500
    part[3] cum=100% share=0.437498% device_global=3 rank=1 local_index=-1 offset=7965000 count=35000
    total=100%
[DCL][balance-metrics] iteration=4100
  policy=scheduled
  action=skip
  reason=static balance already attempted
  T_compute_interval_s=1.57686
  T_comm_interval_s=1.82482
  T_balance_total_s=0
  T_rebalance_apply_s=0
  T_compute_accum_s=18.4268
  T_comm_accum_s=16.6431
  T_balance_accum_s=0.355989
  T_rebalance_apply_accum_s=0.140665
  device_times_s:
    part[0]=1.57686
    part[1]=1.53727
    part[2]=1.55304
    part[3]=1.51067
  OLD loads:
    part[0] cum=49.6562% share=49.6562% device_global=0 rank=0 local_index=0 offset=0 count=3972500
    part[1] cum=50.4062% share=0.749996% device_global=1 rank=0 local_index=1 offset=3972500 count=60000
    part[2] cum=99.5625% share=49.1563% device_global=2 rank=1 local_index=-1 offset=4032500 count=3932500
    part[3] cum=100% share=0.437498% device_global=3 rank=1 local_index=-1 offset=7965000 count=35000
    total=100%
  CURRENT loads:
    part[0] cum=49.6562% share=49.6562% device_global=0 rank=0 local_index=0 offset=0 count=3972500
    part[1] cum=50.4062% share=0.749996% device_global=1 rank=0 local_index=1 offset=3972500 count=60000
    part[2] cum=99.5625% share=49.1563% device_global=2 rank=1 local_index=-1 offset=4032500 count=3932500
    part[3] cum=100% share=0.437498% device_global=3 rank=1 local_index=-1 offset=7965000 count=35000
    total=100%
[DCL][balance-metrics] iteration=5100
  policy=scheduled
  action=skip
  reason=static balance already attempted
  T_compute_interval_s=1.57676
  T_comm_interval_s=1.80368
  T_balance_total_s=0
  T_rebalance_apply_s=0
  T_compute_accum_s=20.0035
  T_comm_accum_s=18.4468
  T_balance_accum_s=0.355989
  T_rebalance_apply_accum_s=0.140665
  device_times_s:
    part[0]=1.57676
    part[1]=1.51836
    part[2]=1.55312
    part[3]=1.39545
  OLD loads:
    part[0] cum=49.6562% share=49.6562% device_global=0 rank=0 local_index=0 offset=0 count=3972500
    part[1] cum=50.4062% share=0.749996% device_global=1 rank=0 local_index=1 offset=3972500 count=60000
    part[2] cum=99.5625% share=49.1563% device_global=2 rank=1 local_index=-1 offset=4032500 count=3932500
    part[3] cum=100% share=0.437498% device_global=3 rank=1 local_index=-1 offset=7965000 count=35000
    total=100%
  CURRENT loads:
    part[0] cum=49.6562% share=49.6562% device_global=0 rank=0 local_index=0 offset=0 count=3972500
    part[1] cum=50.4062% share=0.749996% device_global=1 rank=0 local_index=1 offset=3972500 count=60000
    part[2] cum=99.5625% share=49.1563% device_global=2 rank=1 local_index=-1 offset=4032500 count=3932500
    part[3] cum=100% share=0.437498% device_global=3 rank=1 local_index=-1 offset=7965000 count=35000
    total=100%
[DCL][balance-metrics] iteration=6100
  policy=scheduled
  action=skip
  reason=static balance already attempted
  T_compute_interval_s=1.57657
  T_comm_interval_s=1.82376
  T_balance_total_s=0
  T_rebalance_apply_s=0
  T_compute_accum_s=21.5801
  T_comm_accum_s=20.2705
  T_balance_accum_s=0.355989
  T_rebalance_apply_accum_s=0.140665
  device_times_s:
    part[0]=1.57657
    part[1]=1.50409
    part[2]=1.55333
    part[3]=1.2796
  OLD loads:
    part[0] cum=49.6562% share=49.6562% device_global=0 rank=0 local_index=0 offset=0 count=3972500
    part[1] cum=50.4062% share=0.749996% device_global=1 rank=0 local_index=1 offset=3972500 count=60000
    part[2] cum=99.5625% share=49.1563% device_global=2 rank=1 local_index=-1 offset=4032500 count=3932500
    part[3] cum=100% share=0.437498% device_global=3 rank=1 local_index=-1 offset=7965000 count=35000
    total=100%
  CURRENT loads:
    part[0] cum=49.6562% share=49.6562% device_global=0 rank=0 local_index=0 offset=0 count=3972500
    part[1] cum=50.4062% share=0.749996% device_global=1 rank=0 local_index=1 offset=3972500 count=60000
    part[2] cum=99.5625% share=49.1563% device_global=2 rank=1 local_index=-1 offset=4032500 count=3932500
    part[3] cum=100% share=0.437498% device_global=3 rank=1 local_index=-1 offset=7965000 count=35000
    total=100%
[DCL][balance-metrics] iteration=7100
  policy=scheduled
  action=skip
  reason=static balance already attempted
  T_compute_interval_s=1.57661
  T_comm_interval_s=1.85452
  T_balance_total_s=0
  T_rebalance_apply_s=0
  T_compute_accum_s=23.1567
  T_comm_accum_s=22.1251
  T_balance_accum_s=0.355989
  T_rebalance_apply_accum_s=0.140665
  device_times_s:
    part[0]=1.57661
    part[1]=1.50711
    part[2]=1.55471
    part[3]=1.21708
  OLD loads:
    part[0] cum=49.6562% share=49.6562% device_global=0 rank=0 local_index=0 offset=0 count=3972500
    part[1] cum=50.4062% share=0.749996% device_global=1 rank=0 local_index=1 offset=3972500 count=60000
    part[2] cum=99.5625% share=49.1563% device_global=2 rank=1 local_index=-1 offset=4032500 count=3932500
    part[3] cum=100% share=0.437498% device_global=3 rank=1 local_index=-1 offset=7965000 count=35000
    total=100%
  CURRENT loads:
    part[0] cum=49.6562% share=49.6562% device_global=0 rank=0 local_index=0 offset=0 count=3972500
    part[1] cum=50.4062% share=0.749996% device_global=1 rank=0 local_index=1 offset=3972500 count=60000
    part[2] cum=99.5625% share=49.1563% device_global=2 rank=1 local_index=-1 offset=4032500 count=3932500
    part[3] cum=100% share=0.437498% device_global=3 rank=1 local_index=-1 offset=7965000 count=35000
    total=100%
[DCL][balance-metrics] iteration=8100
  policy=scheduled
  action=skip
  reason=static balance already attempted
  T_compute_interval_s=1.57644
  T_comm_interval_s=1.85067
  T_balance_total_s=0
  T_rebalance_apply_s=0
  T_compute_accum_s=24.7332
  T_comm_accum_s=23.9757
  T_balance_accum_s=0.355989
  T_rebalance_apply_accum_s=0.140665
  device_times_s:
    part[0]=1.57644
    part[1]=1.49773
    part[2]=1.5556
    part[3]=1.21052
  OLD loads:
    part[0] cum=49.6562% share=49.6562% device_global=0 rank=0 local_index=0 offset=0 count=3972500
    part[1] cum=50.4062% share=0.749996% device_global=1 rank=0 local_index=1 offset=3972500 count=60000
    part[2] cum=99.5625% share=49.1563% device_global=2 rank=1 local_index=-1 offset=4032500 count=3932500
    part[3] cum=100% share=0.437498% device_global=3 rank=1 local_index=-1 offset=7965000 count=35000
    total=100%
  CURRENT loads:
    part[0] cum=49.6562% share=49.6562% device_global=0 rank=0 local_index=0 offset=0 count=3972500
    part[1] cum=50.4062% share=0.749996% device_global=1 rank=0 local_index=1 offset=3972500 count=60000
    part[2] cum=99.5625% share=49.1563% device_global=2 rank=1 local_index=-1 offset=4032500 count=3932500
    part[3] cum=100% share=0.437498% device_global=3 rank=1 local_index=-1 offset=7965000 count=35000
    total=100%
[DCL][balance-metrics] iteration=9100
  policy=scheduled
  action=skip
  reason=static balance already attempted
  T_compute_interval_s=1.57666
  T_comm_interval_s=1.88833
  T_balance_total_s=0
  T_rebalance_apply_s=0
  T_compute_accum_s=26.3098
  T_comm_accum_s=25.864
  T_balance_accum_s=0.355989
  T_rebalance_apply_accum_s=0.140665
  device_times_s:
    part[0]=1.57666
    part[1]=1.49765
    part[2]=1.55656
    part[3]=1.16504
  OLD loads:
    part[0] cum=49.6562% share=49.6562% device_global=0 rank=0 local_index=0 offset=0 count=3972500
    part[1] cum=50.4062% share=0.749996% device_global=1 rank=0 local_index=1 offset=3972500 count=60000
    part[2] cum=99.5625% share=49.1563% device_global=2 rank=1 local_index=-1 offset=4032500 count=3932500
    part[3] cum=100% share=0.437498% device_global=3 rank=1 local_index=-1 offset=7965000 count=35000
    total=100%
  CURRENT loads:
    part[0] cum=49.6562% share=49.6562% device_global=0 rank=0 local_index=0 offset=0 count=3972500
    part[1] cum=50.4062% share=0.749996% device_global=1 rank=0 local_index=1 offset=3972500 count=60000
    part[2] cum=99.5625% share=49.1563% device_global=2 rank=1 local_index=-1 offset=4032500 count=3932500
    part[3] cum=100% share=0.437498% device_global=3 rank=1 local_index=-1 offset=7965000 count=35000
    total=100%

=== PARTICOES FINAIS ===
=== Particoes globais ===
part[0] device_global=0 rank=0 local_index=0 offset=0 count=3972500
part[1] device_global=1 rank=0 local_index=1 offset=3972500 count=60000
part[2] device_global=2 rank=1 local_index=-1 offset=4032500 count=3932500
part[3] device_global=3 rank=1 local_index=-1 offset=7965000 count=35000


============================
ITERACAO 10000
Tempo de execução: 35.7667s
