=== Dispositivos locais do rank 1 ===
global=2 local=0 nome="NVIDIA RTX 2000 Ada Generation" compute_units=22
global=3 local=1 nome="Intel(R) Xeon(R) CPU           E5620  @ 2.40GHz" compute_units=16

=== Dispositivos locais do rank 0 ===
global=0 local=0 nome="NVIDIA RTX 2000 Ada Generation" compute_units=22
global=1 local=1 nome="Intel(R) Xeon(R) CPU           E5620  @ 2.40GHz" compute_units=16

=== PARTICOES INICIAIS ===
=== Particoes globais ===
part[0] device_global=0 rank=0 local_index=0 offset=0 count=2000000
part[1] device_global=1 rank=0 local_index=1 offset=2000000 count=2000000
part[2] device_global=2 rank=1 local_index=-1 offset=4000000 count=2000000
part[3] device_global=3 rank=1 local_index=-1 offset=6000000 count=2000000

X = 50 Y = 50 Z = 3200 Iterations = 10000
[DCL][balance-metrics] iteration=100
  policy=profiled
  action=rebalance
  reason=adaptive decision accepted; remaining_iterations=9900, gain_total=101.648, migration_cost=0.0206743, max_migrated_bytes=1280000, T_comp_int_per_iter=0.0104581, T_comp_bal_per_iter=0.0001906
  T_compute_interval_s=10.4581
  T_comm_interval_s=9.37849
  T_balance_total_s=0.364569
  T_rebalance_apply_s=0.149291
  T_compute_accum_s=10.4581
  T_comm_accum_s=9.37849
  T_balance_accum_s=0.364569
  T_rebalance_apply_accum_s=0.149291
  device_times_s:
    part[0]=0.0927757
    part[1]=6.09919
    part[2]=0.094022
    part[3]=10.4581
  OLD loads:
    part[0] cum=25% share=25% device_global=0 rank=0 local_index=0 offset=0 count=3977500
    part[1] cum=50% share=25% device_global=1 rank=0 local_index=1 offset=3977500 count=62500
    part[2] cum=75% share=25% device_global=2 rank=1 local_index=-1 offset=4040000 count=3925000
    part[3] cum=100% share=25% device_global=3 rank=1 local_index=-1 offset=7965000 count=35000
    total=100%
  PROPOSED loads:
    part[0] cum=49.7188% share=49.7188% device_global=0 rank=0 local_index=0 offset=0 count=3977500
    part[1] cum=50.5% share=0.78125% device_global=1 rank=0 local_index=1 offset=3977500 count=62500
    part[2] cum=99.5625% share=49.0625% device_global=2 rank=1 local_index=-1 offset=4040000 count=3925000
    part[3] cum=100% share=0.437498% device_global=3 rank=1 local_index=-1 offset=7965000 count=35000
    total=100%
  CURRENT loads:
    part[0] cum=49.7188% share=49.7188% device_global=0 rank=0 local_index=0 offset=0 count=3977500
    part[1] cum=50.5% share=0.78125% device_global=1 rank=0 local_index=1 offset=3977500 count=62500
    part[2] cum=99.5625% share=49.0625% device_global=2 rank=1 local_index=-1 offset=4040000 count=3925000
    part[3] cum=100% share=0.437498% device_global=3 rank=1 local_index=-1 offset=7965000 count=35000
    total=100%
[DCL][balance-metrics] iteration=1100
  policy=scheduled
  action=skip
  reason=static balance already attempted
  T_compute_interval_s=2.45178
  T_comm_interval_s=1.84435
  T_balance_total_s=0
  T_rebalance_apply_s=0
  T_compute_accum_s=12.9098
  T_comm_accum_s=11.2228
  T_balance_accum_s=0.364569
  T_rebalance_apply_accum_s=0.149291
  device_times_s:
    part[0]=1.59343
    part[1]=1.97453
    part[2]=1.57741
    part[3]=2.45178
  OLD loads:
    part[0] cum=49.7188% share=49.7188% device_global=0 rank=0 local_index=0 offset=0 count=3977500
    part[1] cum=50.5% share=0.78125% device_global=1 rank=0 local_index=1 offset=3977500 count=62500
    part[2] cum=99.5625% share=49.0625% device_global=2 rank=1 local_index=-1 offset=4040000 count=3925000
    part[3] cum=100% share=0.437498% device_global=3 rank=1 local_index=-1 offset=7965000 count=35000
    total=100%
  CURRENT loads:
    part[0] cum=49.7188% share=49.7188% device_global=0 rank=0 local_index=0 offset=0 count=3977500
    part[1] cum=50.5% share=0.78125% device_global=1 rank=0 local_index=1 offset=3977500 count=62500
    part[2] cum=99.5625% share=49.0625% device_global=2 rank=1 local_index=-1 offset=4040000 count=3925000
    part[3] cum=100% share=0.437498% device_global=3 rank=1 local_index=-1 offset=7965000 count=35000
    total=100%
[DCL][balance-metrics] iteration=2100
  policy=scheduled
  action=skip
  reason=static balance already attempted
  T_compute_interval_s=2.194
  T_comm_interval_s=1.82483
  T_balance_total_s=0
  T_rebalance_apply_s=0
  T_compute_accum_s=15.1038
  T_comm_accum_s=13.0477
  T_balance_accum_s=0.364569
  T_rebalance_apply_accum_s=0.149291
  device_times_s:
    part[0]=1.57867
    part[1]=1.67873
    part[2]=1.55099
    part[3]=2.194
  OLD loads:
    part[0] cum=49.7188% share=49.7188% device_global=0 rank=0 local_index=0 offset=0 count=3977500
    part[1] cum=50.5% share=0.78125% device_global=1 rank=0 local_index=1 offset=3977500 count=62500
    part[2] cum=99.5625% share=49.0625% device_global=2 rank=1 local_index=-1 offset=4040000 count=3925000
    part[3] cum=100% share=0.437498% device_global=3 rank=1 local_index=-1 offset=7965000 count=35000
    total=100%
  CURRENT loads:
    part[0] cum=49.7188% share=49.7188% device_global=0 rank=0 local_index=0 offset=0 count=3977500
    part[1] cum=50.5% share=0.78125% device_global=1 rank=0 local_index=1 offset=3977500 count=62500
    part[2] cum=99.5625% share=49.0625% device_global=2 rank=1 local_index=-1 offset=4040000 count=3925000
    part[3] cum=100% share=0.437498% device_global=3 rank=1 local_index=-1 offset=7965000 count=35000
    total=100%
[DCL][balance-metrics] iteration=3100
  policy=scheduled
  action=skip
  reason=static balance already attempted
  T_compute_interval_s=1.79054
  T_comm_interval_s=1.80139
  T_balance_total_s=0
  T_rebalance_apply_s=0
  T_compute_accum_s=16.8944
  T_comm_accum_s=14.8491
  T_balance_accum_s=0.364569
  T_rebalance_apply_accum_s=0.149291
  device_times_s:
    part[0]=1.57844
    part[1]=1.62281
    part[2]=1.55111
    part[3]=1.79054
  OLD loads:
    part[0] cum=49.7188% share=49.7188% device_global=0 rank=0 local_index=0 offset=0 count=3977500
    part[1] cum=50.5% share=0.78125% device_global=1 rank=0 local_index=1 offset=3977500 count=62500
    part[2] cum=99.5625% share=49.0625% device_global=2 rank=1 local_index=-1 offset=4040000 count=3925000
    part[3] cum=100% share=0.437498% device_global=3 rank=1 local_index=-1 offset=7965000 count=35000
    total=100%
  CURRENT loads:
    part[0] cum=49.7188% share=49.7188% device_global=0 rank=0 local_index=0 offset=0 count=3977500
    part[1] cum=50.5% share=0.78125% device_global=1 rank=0 local_index=1 offset=3977500 count=62500
    part[2] cum=99.5625% share=49.0625% device_global=2 rank=1 local_index=-1 offset=4040000 count=3925000
    part[3] cum=100% share=0.437498% device_global=3 rank=1 local_index=-1 offset=7965000 count=35000
    total=100%
[DCL][balance-metrics] iteration=4100
  policy=scheduled
  action=skip
  reason=static balance already attempted
  T_compute_interval_s=1.59522
  T_comm_interval_s=1.8161
  T_balance_total_s=0
  T_rebalance_apply_s=0
  T_compute_accum_s=18.4896
  T_comm_accum_s=16.6652
  T_balance_accum_s=0.364569
  T_rebalance_apply_accum_s=0.149291
  device_times_s:
    part[0]=1.57859
    part[1]=1.59522
    part[2]=1.55126
    part[3]=1.53486
  OLD loads:
    part[0] cum=49.7188% share=49.7188% device_global=0 rank=0 local_index=0 offset=0 count=3977500
    part[1] cum=50.5% share=0.78125% device_global=1 rank=0 local_index=1 offset=3977500 count=62500
    part[2] cum=99.5625% share=49.0625% device_global=2 rank=1 local_index=-1 offset=4040000 count=3925000
    part[3] cum=100% share=0.437498% device_global=3 rank=1 local_index=-1 offset=7965000 count=35000
    total=100%
  CURRENT loads:
    part[0] cum=49.7188% share=49.7188% device_global=0 rank=0 local_index=0 offset=0 count=3977500
    part[1] cum=50.5% share=0.78125% device_global=1 rank=0 local_index=1 offset=3977500 count=62500
    part[2] cum=99.5625% share=49.0625% device_global=2 rank=1 local_index=-1 offset=4040000 count=3925000
    part[3] cum=100% share=0.437498% device_global=3 rank=1 local_index=-1 offset=7965000 count=35000
    total=100%
[DCL][balance-metrics] iteration=5100
  policy=scheduled
  action=skip
  reason=static balance already attempted
  T_compute_interval_s=1.58004
  T_comm_interval_s=1.81591
  T_balance_total_s=0
  T_rebalance_apply_s=0
  T_compute_accum_s=20.0696
  T_comm_accum_s=18.4811
  T_balance_accum_s=0.364569
  T_rebalance_apply_accum_s=0.149291
  device_times_s:
    part[0]=1.57844
    part[1]=1.58004
    part[2]=1.55056
    part[3]=1.38011
  OLD loads:
    part[0] cum=49.7188% share=49.7188% device_global=0 rank=0 local_index=0 offset=0 count=3977500
    part[1] cum=50.5% share=0.78125% device_global=1 rank=0 local_index=1 offset=3977500 count=62500
    part[2] cum=99.5625% share=49.0625% device_global=2 rank=1 local_index=-1 offset=4040000 count=3925000
    part[3] cum=100% share=0.437498% device_global=3 rank=1 local_index=-1 offset=7965000 count=35000
    total=100%
  CURRENT loads:
    part[0] cum=49.7188% share=49.7188% device_global=0 rank=0 local_index=0 offset=0 count=3977500
    part[1] cum=50.5% share=0.78125% device_global=1 rank=0 local_index=1 offset=3977500 count=62500
    part[2] cum=99.5625% share=49.0625% device_global=2 rank=1 local_index=-1 offset=4040000 count=3925000
    part[3] cum=100% share=0.437498% device_global=3 rank=1 local_index=-1 offset=7965000 count=35000
    total=100%
[DCL][balance-metrics] iteration=6100
  policy=scheduled
  action=skip
  reason=static balance already attempted
  T_compute_interval_s=1.5785
  T_comm_interval_s=1.85459
  T_balance_total_s=0
  T_rebalance_apply_s=0
  T_compute_accum_s=21.6481
  T_comm_accum_s=20.3357
  T_balance_accum_s=0.364569
  T_rebalance_apply_accum_s=0.149291
  device_times_s:
    part[0]=1.5785
    part[1]=1.56498
    part[2]=1.55261
    part[3]=1.30422
  OLD loads:
    part[0] cum=49.7188% share=49.7188% device_global=0 rank=0 local_index=0 offset=0 count=3977500
    part[1] cum=50.5% share=0.78125% device_global=1 rank=0 local_index=1 offset=3977500 count=62500
    part[2] cum=99.5625% share=49.0625% device_global=2 rank=1 local_index=-1 offset=4040000 count=3925000
    part[3] cum=100% share=0.437498% device_global=3 rank=1 local_index=-1 offset=7965000 count=35000
    total=100%
  CURRENT loads:
    part[0] cum=49.7188% share=49.7188% device_global=0 rank=0 local_index=0 offset=0 count=3977500
    part[1] cum=50.5% share=0.78125% device_global=1 rank=0 local_index=1 offset=3977500 count=62500
    part[2] cum=99.5625% share=49.0625% device_global=2 rank=1 local_index=-1 offset=4040000 count=3925000
    part[3] cum=100% share=0.437498% device_global=3 rank=1 local_index=-1 offset=7965000 count=35000
    total=100%
[DCL][balance-metrics] iteration=7100
  policy=scheduled
  action=skip
  reason=static balance already attempted
  T_compute_interval_s=1.5786
  T_comm_interval_s=1.81041
  T_balance_total_s=0
  T_rebalance_apply_s=0
  T_compute_accum_s=23.2267
  T_comm_accum_s=22.1461
  T_balance_accum_s=0.364569
  T_rebalance_apply_accum_s=0.149291
  device_times_s:
    part[0]=1.5786
    part[1]=1.5593
    part[2]=1.55252
    part[3]=1.21347
  OLD loads:
    part[0] cum=49.7188% share=49.7188% device_global=0 rank=0 local_index=0 offset=0 count=3977500
    part[1] cum=50.5% share=0.78125% device_global=1 rank=0 local_index=1 offset=3977500 count=62500
    part[2] cum=99.5625% share=49.0625% device_global=2 rank=1 local_index=-1 offset=4040000 count=3925000
    part[3] cum=100% share=0.437498% device_global=3 rank=1 local_index=-1 offset=7965000 count=35000
    total=100%
  CURRENT loads:
    part[0] cum=49.7188% share=49.7188% device_global=0 rank=0 local_index=0 offset=0 count=3977500
    part[1] cum=50.5% share=0.78125% device_global=1 rank=0 local_index=1 offset=3977500 count=62500
    part[2] cum=99.5625% share=49.0625% device_global=2 rank=1 local_index=-1 offset=4040000 count=3925000
    part[3] cum=100% share=0.437498% device_global=3 rank=1 local_index=-1 offset=7965000 count=35000
    total=100%
[DCL][balance-metrics] iteration=8100
  policy=scheduled
  action=skip
  reason=static balance already attempted
  T_compute_interval_s=1.57888
  T_comm_interval_s=1.8586
  T_balance_total_s=0
  T_rebalance_apply_s=0
  T_compute_accum_s=24.8056
  T_comm_accum_s=24.0047
  T_balance_accum_s=0.364569
  T_rebalance_apply_accum_s=0.149291
  device_times_s:
    part[0]=1.57888
    part[1]=1.55956
    part[2]=1.55309
    part[3]=1.18128
  OLD loads:
    part[0] cum=49.7188% share=49.7188% device_global=0 rank=0 local_index=0 offset=0 count=3977500
    part[1] cum=50.5% share=0.78125% device_global=1 rank=0 local_index=1 offset=3977500 count=62500
    part[2] cum=99.5625% share=49.0625% device_global=2 rank=1 local_index=-1 offset=4040000 count=3925000
    part[3] cum=100% share=0.437498% device_global=3 rank=1 local_index=-1 offset=7965000 count=35000
    total=100%
  CURRENT loads:
    part[0] cum=49.7188% share=49.7188% device_global=0 rank=0 local_index=0 offset=0 count=3977500
    part[1] cum=50.5% share=0.78125% device_global=1 rank=0 local_index=1 offset=3977500 count=62500
    part[2] cum=99.5625% share=49.0625% device_global=2 rank=1 local_index=-1 offset=4040000 count=3925000
    part[3] cum=100% share=0.437498% device_global=3 rank=1 local_index=-1 offset=7965000 count=35000
    total=100%
[DCL][balance-metrics] iteration=9100
  policy=scheduled
  action=skip
  reason=static balance already attempted
  T_compute_interval_s=1.5788
  T_comm_interval_s=1.85124
  T_balance_total_s=0
  T_rebalance_apply_s=0
  T_compute_accum_s=26.3844
  T_comm_accum_s=25.8559
  T_balance_accum_s=0.364569
  T_rebalance_apply_accum_s=0.149291
  device_times_s:
    part[0]=1.5788
    part[1]=1.56729
    part[2]=1.55278
    part[3]=1.14604
  OLD loads:
    part[0] cum=49.7188% share=49.7188% device_global=0 rank=0 local_index=0 offset=0 count=3977500
    part[1] cum=50.5% share=0.78125% device_global=1 rank=0 local_index=1 offset=3977500 count=62500
    part[2] cum=99.5625% share=49.0625% device_global=2 rank=1 local_index=-1 offset=4040000 count=3925000
    part[3] cum=100% share=0.437498% device_global=3 rank=1 local_index=-1 offset=7965000 count=35000
    total=100%
  CURRENT loads:
    part[0] cum=49.7188% share=49.7188% device_global=0 rank=0 local_index=0 offset=0 count=3977500
    part[1] cum=50.5% share=0.78125% device_global=1 rank=0 local_index=1 offset=3977500 count=62500
    part[2] cum=99.5625% share=49.0625% device_global=2 rank=1 local_index=-1 offset=4040000 count=3925000
    part[3] cum=100% share=0.437498% device_global=3 rank=1 local_index=-1 offset=7965000 count=35000
    total=100%

=== PARTICOES FINAIS ===
=== Particoes globais ===
part[0] device_global=0 rank=0 local_index=0 offset=0 count=3977500
part[1] device_global=1 rank=0 local_index=1 offset=3977500 count=62500
part[2] device_global=2 rank=1 local_index=-1 offset=4040000 count=3925000
part[3] device_global=3 rank=1 local_index=-1 offset=7965000 count=35000


============================
ITERACAO 10000
Tempo de execução: 35.7335s
