=== Dispositivos locais do rank 1 ===
global=2 local=0 nome="NVIDIA RTX 2000 Ada Generation" compute_units=22
global=3 local=1 nome="Intel(R) Xeon(R) CPU           E5620  @ 2.40GHz" compute_units=16

=== Dispositivos locais do rank 0 ===
global=0 local=0 nome="NVIDIA RTX 2000 Ada Generation" compute_units=22
global=1 local=1 nome="Intel(R) Xeon(R) CPU           E5620  @ 2.40GHz" compute_units=16

=== PARTICOES INICIAIS ===
=== Particoes globais ===
part[0] device_global=0 rank=0 local_index=0 offset=0 count=2000000
part[1] device_global=1 rank=0 local_index=1 offset=2000000 count=2000000
part[2] device_global=2 rank=1 local_index=-1 offset=4000000 count=2000000
part[3] device_global=3 rank=1 local_index=-1 offset=6000000 count=2000000

X = 50 Y = 50 Z = 3200 Iterations = 10000
[DCL][balance-metrics] iteration=100
  policy=profiled
  action=rebalance
  reason=adaptive decision accepted; remaining_iterations=9900, gain_total=100.969, migration_cost=0.0206743, max_migrated_bytes=1280000, T_comp_int_per_iter=0.0103897, T_comp_bal_per_iter=0.000190815
  T_compute_interval_s=10.3897
  T_comm_interval_s=9.29063
  T_balance_total_s=0.354979
  T_rebalance_apply_s=0.145748
  T_compute_accum_s=10.3897
  T_comm_accum_s=9.29063
  T_balance_accum_s=0.354979
  T_rebalance_apply_accum_s=0.145748
  device_times_s:
    part[0]=0.0929541
    part[1]=6.10608
    part[2]=0.0942235
    part[3]=10.3897
  OLD loads:
    part[0] cum=25% share=25% device_global=0 rank=0 local_index=0 offset=0 count=3977500
    part[1] cum=50% share=25% device_global=1 rank=0 local_index=1 offset=3977500 count=62500
    part[2] cum=75% share=25% device_global=2 rank=1 local_index=-1 offset=4040000 count=3925000
    part[3] cum=100% share=25% device_global=3 rank=1 local_index=-1 offset=7965000 count=35000
    total=100%
  PROPOSED loads:
    part[0] cum=49.7188% share=49.7188% device_global=0 rank=0 local_index=0 offset=0 count=3977500
    part[1] cum=50.5% share=0.78125% device_global=1 rank=0 local_index=1 offset=3977500 count=62500
    part[2] cum=99.5625% share=49.0625% device_global=2 rank=1 local_index=-1 offset=4040000 count=3925000
    part[3] cum=100% share=0.437498% device_global=3 rank=1 local_index=-1 offset=7965000 count=35000
    total=100%
  CURRENT loads:
    part[0] cum=49.7188% share=49.7188% device_global=0 rank=0 local_index=0 offset=0 count=3977500
    part[1] cum=50.5% share=0.78125% device_global=1 rank=0 local_index=1 offset=3977500 count=62500
    part[2] cum=99.5625% share=49.0625% device_global=2 rank=1 local_index=-1 offset=4040000 count=3925000
    part[3] cum=100% share=0.437498% device_global=3 rank=1 local_index=-1 offset=7965000 count=35000
    total=100%
[DCL][balance-metrics] iteration=1100
  policy=scheduled
  action=skip
  reason=static balance already attempted
  T_compute_interval_s=2.4061
  T_comm_interval_s=1.85405
  T_balance_total_s=0
  T_rebalance_apply_s=0
  T_compute_accum_s=12.7958
  T_comm_accum_s=11.1447
  T_balance_accum_s=0.354979
  T_rebalance_apply_accum_s=0.145748
  device_times_s:
    part[0]=1.59463
    part[1]=1.97322
    part[2]=1.57891
    part[3]=2.4061
  OLD loads:
    part[0] cum=49.7188% share=49.7188% device_global=0 rank=0 local_index=0 offset=0 count=3977500
    part[1] cum=50.5% share=0.78125% device_global=1 rank=0 local_index=1 offset=3977500 count=62500
    part[2] cum=99.5625% share=49.0625% device_global=2 rank=1 local_index=-1 offset=4040000 count=3925000
    part[3] cum=100% share=0.437498% device_global=3 rank=1 local_index=-1 offset=7965000 count=35000
    total=100%
  CURRENT loads:
    part[0] cum=49.7188% share=49.7188% device_global=0 rank=0 local_index=0 offset=0 count=3977500
    part[1] cum=50.5% share=0.78125% device_global=1 rank=0 local_index=1 offset=3977500 count=62500
    part[2] cum=99.5625% share=49.0625% device_global=2 rank=1 local_index=-1 offset=4040000 count=3925000
    part[3] cum=100% share=0.437498% device_global=3 rank=1 local_index=-1 offset=7965000 count=35000
    total=100%
[DCL][balance-metrics] iteration=2100
  policy=scheduled
  action=skip
  reason=static balance already attempted
  T_compute_interval_s=2.19914
  T_comm_interval_s=1.81461
  T_balance_total_s=0
  T_rebalance_apply_s=0
  T_compute_accum_s=14.995
  T_comm_accum_s=12.9593
  T_balance_accum_s=0.354979
  T_rebalance_apply_accum_s=0.145748
  device_times_s:
    part[0]=1.57859
    part[1]=1.6818
    part[2]=1.55144
    part[3]=2.19914
  OLD loads:
    part[0] cum=49.7188% share=49.7188% device_global=0 rank=0 local_index=0 offset=0 count=3977500
    part[1] cum=50.5% share=0.78125% device_global=1 rank=0 local_index=1 offset=3977500 count=62500
    part[2] cum=99.5625% share=49.0625% device_global=2 rank=1 local_index=-1 offset=4040000 count=3925000
    part[3] cum=100% share=0.437498% device_global=3 rank=1 local_index=-1 offset=7965000 count=35000
    total=100%
  CURRENT loads:
    part[0] cum=49.7188% share=49.7188% device_global=0 rank=0 local_index=0 offset=0 count=3977500
    part[1] cum=50.5% share=0.78125% device_global=1 rank=0 local_index=1 offset=3977500 count=62500
    part[2] cum=99.5625% share=49.0625% device_global=2 rank=1 local_index=-1 offset=4040000 count=3925000
    part[3] cum=100% share=0.437498% device_global=3 rank=1 local_index=-1 offset=7965000 count=35000
    total=100%
[DCL][balance-metrics] iteration=3100
  policy=scheduled
  action=skip
  reason=static balance already attempted
  T_compute_interval_s=1.79588
  T_comm_interval_s=1.80093
  T_balance_total_s=0
  T_rebalance_apply_s=0
  T_compute_accum_s=16.7909
  T_comm_accum_s=14.7602
  T_balance_accum_s=0.354979
  T_rebalance_apply_accum_s=0.145748
  device_times_s:
    part[0]=1.57845
    part[1]=1.62229
    part[2]=1.55136
    part[3]=1.79588
  OLD loads:
    part[0] cum=49.7188% share=49.7188% device_global=0 rank=0 local_index=0 offset=0 count=3977500
    part[1] cum=50.5% share=0.78125% device_global=1 rank=0 local_index=1 offset=3977500 count=62500
    part[2] cum=99.5625% share=49.0625% device_global=2 rank=1 local_index=-1 offset=4040000 count=3925000
    part[3] cum=100% share=0.437498% device_global=3 rank=1 local_index=-1 offset=7965000 count=35000
    total=100%
  CURRENT loads:
    part[0] cum=49.7188% share=49.7188% device_global=0 rank=0 local_index=0 offset=0 count=3977500
    part[1] cum=50.5% share=0.78125% device_global=1 rank=0 local_index=1 offset=3977500 count=62500
    part[2] cum=99.5625% share=49.0625% device_global=2 rank=1 local_index=-1 offset=4040000 count=3925000
    part[3] cum=100% share=0.437498% device_global=3 rank=1 local_index=-1 offset=7965000 count=35000
    total=100%
[DCL][balance-metrics] iteration=4100
  policy=scheduled
  action=skip
  reason=static balance already attempted
  T_compute_interval_s=1.59442
  T_comm_interval_s=1.79889
  T_balance_total_s=0
  T_rebalance_apply_s=0
  T_compute_accum_s=18.3853
  T_comm_accum_s=16.5591
  T_balance_accum_s=0.354979
  T_rebalance_apply_accum_s=0.145748
  device_times_s:
    part[0]=1.57851
    part[1]=1.59442
    part[2]=1.55116
    part[3]=1.51044
  OLD loads:
    part[0] cum=49.7188% share=49.7188% device_global=0 rank=0 local_index=0 offset=0 count=3977500
    part[1] cum=50.5% share=0.78125% device_global=1 rank=0 local_index=1 offset=3977500 count=62500
    part[2] cum=99.5625% share=49.0625% device_global=2 rank=1 local_index=-1 offset=4040000 count=3925000
    part[3] cum=100% share=0.437498% device_global=3 rank=1 local_index=-1 offset=7965000 count=35000
    total=100%
  CURRENT loads:
    part[0] cum=49.7188% share=49.7188% device_global=0 rank=0 local_index=0 offset=0 count=3977500
    part[1] cum=50.5% share=0.78125% device_global=1 rank=0 local_index=1 offset=3977500 count=62500
    part[2] cum=99.5625% share=49.0625% device_global=2 rank=1 local_index=-1 offset=4040000 count=3925000
    part[3] cum=100% share=0.437498% device_global=3 rank=1 local_index=-1 offset=7965000 count=35000
    total=100%
[DCL][balance-metrics] iteration=5100
  policy=scheduled
  action=skip
  reason=static balance already attempted
  T_compute_interval_s=1.57847
  T_comm_interval_s=1.81749
  T_balance_total_s=0
  T_rebalance_apply_s=0
  T_compute_accum_s=19.9638
  T_comm_accum_s=18.3766
  T_balance_accum_s=0.354979
  T_rebalance_apply_accum_s=0.145748
  device_times_s:
    part[0]=1.57847
    part[1]=1.57805
    part[2]=1.55094
    part[3]=1.3704
  OLD loads:
    part[0] cum=49.7188% share=49.7188% device_global=0 rank=0 local_index=0 offset=0 count=3977500
    part[1] cum=50.5% share=0.78125% device_global=1 rank=0 local_index=1 offset=3977500 count=62500
    part[2] cum=99.5625% share=49.0625% device_global=2 rank=1 local_index=-1 offset=4040000 count=3925000
    part[3] cum=100% share=0.437498% device_global=3 rank=1 local_index=-1 offset=7965000 count=35000
    total=100%
  CURRENT loads:
    part[0] cum=49.7188% share=49.7188% device_global=0 rank=0 local_index=0 offset=0 count=3977500
    part[1] cum=50.5% share=0.78125% device_global=1 rank=0 local_index=1 offset=3977500 count=62500
    part[2] cum=99.5625% share=49.0625% device_global=2 rank=1 local_index=-1 offset=4040000 count=3925000
    part[3] cum=100% share=0.437498% device_global=3 rank=1 local_index=-1 offset=7965000 count=35000
    total=100%
[DCL][balance-metrics] iteration=6100
  policy=scheduled
  action=skip
  reason=static balance already attempted
  T_compute_interval_s=1.57823
  T_comm_interval_s=1.83289
  T_balance_total_s=0
  T_rebalance_apply_s=0
  T_compute_accum_s=21.542
  T_comm_accum_s=20.2095
  T_balance_accum_s=0.354979
  T_rebalance_apply_accum_s=0.145748
  device_times_s:
    part[0]=1.57823
    part[1]=1.56771
    part[2]=1.55297
    part[3]=1.27976
  OLD loads:
    part[0] cum=49.7188% share=49.7188% device_global=0 rank=0 local_index=0 offset=0 count=3977500
    part[1] cum=50.5% share=0.78125% device_global=1 rank=0 local_index=1 offset=3977500 count=62500
    part[2] cum=99.5625% share=49.0625% device_global=2 rank=1 local_index=-1 offset=4040000 count=3925000
    part[3] cum=100% share=0.437498% device_global=3 rank=1 local_index=-1 offset=7965000 count=35000
    total=100%
  CURRENT loads:
    part[0] cum=49.7188% share=49.7188% device_global=0 rank=0 local_index=0 offset=0 count=3977500
    part[1] cum=50.5% share=0.78125% device_global=1 rank=0 local_index=1 offset=3977500 count=62500
    part[2] cum=99.5625% share=49.0625% device_global=2 rank=1 local_index=-1 offset=4040000 count=3925000
    part[3] cum=100% share=0.437498% device_global=3 rank=1 local_index=-1 offset=7965000 count=35000
    total=100%
[DCL][balance-metrics] iteration=7100
  policy=scheduled
  action=skip
  reason=static balance already attempted
  T_compute_interval_s=1.57861
  T_comm_interval_s=1.85413
  T_balance_total_s=0
  T_rebalance_apply_s=0
  T_compute_accum_s=23.1206
  T_comm_accum_s=22.0636
  T_balance_accum_s=0.354979
  T_rebalance_apply_accum_s=0.145748
  device_times_s:
    part[0]=1.57861
    part[1]=1.55927
    part[2]=1.5533
    part[3]=1.22122
  OLD loads:
    part[0] cum=49.7188% share=49.7188% device_global=0 rank=0 local_index=0 offset=0 count=3977500
    part[1] cum=50.5% share=0.78125% device_global=1 rank=0 local_index=1 offset=3977500 count=62500
    part[2] cum=99.5625% share=49.0625% device_global=2 rank=1 local_index=-1 offset=4040000 count=3925000
    part[3] cum=100% share=0.437498% device_global=3 rank=1 local_index=-1 offset=7965000 count=35000
    total=100%
  CURRENT loads:
    part[0] cum=49.7188% share=49.7188% device_global=0 rank=0 local_index=0 offset=0 count=3977500
    part[1] cum=50.5% share=0.78125% device_global=1 rank=0 local_index=1 offset=3977500 count=62500
    part[2] cum=99.5625% share=49.0625% device_global=2 rank=1 local_index=-1 offset=4040000 count=3925000
    part[3] cum=100% share=0.437498% device_global=3 rank=1 local_index=-1 offset=7965000 count=35000
    total=100%
[DCL][balance-metrics] iteration=8100
  policy=scheduled
  action=skip
  reason=static balance already attempted
  T_compute_interval_s=1.57892
  T_comm_interval_s=1.87342
  T_balance_total_s=0
  T_rebalance_apply_s=0
  T_compute_accum_s=24.6995
  T_comm_accum_s=23.937
  T_balance_accum_s=0.354979
  T_rebalance_apply_accum_s=0.145748
  device_times_s:
    part[0]=1.57892
    part[1]=1.56771
    part[2]=1.55322
    part[3]=1.1763
  OLD loads:
    part[0] cum=49.7188% share=49.7188% device_global=0 rank=0 local_index=0 offset=0 count=3977500
    part[1] cum=50.5% share=0.78125% device_global=1 rank=0 local_index=1 offset=3977500 count=62500
    part[2] cum=99.5625% share=49.0625% device_global=2 rank=1 local_index=-1 offset=4040000 count=3925000
    part[3] cum=100% share=0.437498% device_global=3 rank=1 local_index=-1 offset=7965000 count=35000
    total=100%
  CURRENT loads:
    part[0] cum=49.7188% share=49.7188% device_global=0 rank=0 local_index=0 offset=0 count=3977500
    part[1] cum=50.5% share=0.78125% device_global=1 rank=0 local_index=1 offset=3977500 count=62500
    part[2] cum=99.5625% share=49.0625% device_global=2 rank=1 local_index=-1 offset=4040000 count=3925000
    part[3] cum=100% share=0.437498% device_global=3 rank=1 local_index=-1 offset=7965000 count=35000
    total=100%
[DCL][balance-metrics] iteration=9100
  policy=scheduled
  action=skip
  reason=static balance already attempted
  T_compute_interval_s=1.57864
  T_comm_interval_s=1.82996
  T_balance_total_s=0
  T_rebalance_apply_s=0
  T_compute_accum_s=26.2781
  T_comm_accum_s=25.767
  T_balance_accum_s=0.354979
  T_rebalance_apply_accum_s=0.145748
  device_times_s:
    part[0]=1.57864
    part[1]=1.56088
    part[2]=1.55328
    part[3]=1.14236
  OLD loads:
    part[0] cum=49.7188% share=49.7188% device_global=0 rank=0 local_index=0 offset=0 count=3977500
    part[1] cum=50.5% share=0.78125% device_global=1 rank=0 local_index=1 offset=3977500 count=62500
    part[2] cum=99.5625% share=49.0625% device_global=2 rank=1 local_index=-1 offset=4040000 count=3925000
    part[3] cum=100% share=0.437498% device_global=3 rank=1 local_index=-1 offset=7965000 count=35000
    total=100%
  CURRENT loads:
    part[0] cum=49.7188% share=49.7188% device_global=0 rank=0 local_index=0 offset=0 count=3977500
    part[1] cum=50.5% share=0.78125% device_global=1 rank=0 local_index=1 offset=3977500 count=62500
    part[2] cum=99.5625% share=49.0625% device_global=2 rank=1 local_index=-1 offset=4040000 count=3925000
    part[3] cum=100% share=0.437498% device_global=3 rank=1 local_index=-1 offset=7965000 count=35000
    total=100%

=== PARTICOES FINAIS ===
=== Particoes globais ===
part[0] device_global=0 rank=0 local_index=0 offset=0 count=3977500
part[1] device_global=1 rank=0 local_index=1 offset=3977500 count=62500
part[2] device_global=2 rank=1 local_index=-1 offset=4040000 count=3925000
part[3] device_global=3 rank=1 local_index=-1 offset=7965000 count=35000


============================
ITERACAO 10000
Tempo de execução: 35.5697s
