=== Dispositivos locais do rank 1 ===
global=2 local=0 nome="NVIDIA RTX 2000 Ada Generation" compute_units=22
global=3 local=1 nome="Intel(R) Xeon(R) CPU           E5620  @ 2.40GHz"=== Dispositivos locais do rank 0 ===
global=0 local=0 nome="NVIDIA RTX 2000 Ada Generation" compute_units=22
global=1 local=1 nome="Intel(R) Xeon(R) CPU           E5620  @ 2.40GHz" compute_units=16

 compute_units=16

=== PARTICOES INICIAIS ===
=== Particoes globais ===
part[0] device_global=0 rank=0 local_index=0 offset=0 count=2000000
part[1] device_global=1 rank=0 local_index=1 offset=2000000 count=2000000
part[2] device_global=2 rank=1 local_index=-1 offset=4000000 count=2000000
part[3] device_global=3 rank=1 local_index=-1 offset=6000000 count=2000000

X = 50 Y = 50 Z = 3200 Iterations = 10000
[DCL][balance-metrics] iteration=100
  policy=threshold
  action=rebalance
  reason=accepted by fixed threshold; diff=0.350095, threshold=0.1
  T_compute_interval_s=10.3933
  T_comm_interval_s=9.32355
  T_balance_total_s=0.370771
  T_rebalance_apply_s=0.161599
  T_compute_accum_s=10.3933
  T_comm_accum_s=9.32355
  T_balance_accum_s=0.370771
  T_rebalance_apply_accum_s=0.161599
  device_times_s:
    part[0]=0.0928778
    part[1]=6.12564
    part[2]=0.0949386
    part[3]=10.3933
  OLD loads:
    part[0] cum=25% share=25% device_global=0 rank=0 local_index=0 offset=0 count=3995000
    part[1] cum=50% share=25% device_global=1 rank=0 local_index=1 offset=3995000 count=60000
    part[2] cum=75% share=25% device_global=2 rank=1 local_index=-1 offset=4055000 count=3910000
    part[3] cum=100% share=25% device_global=3 rank=1 local_index=-1 offset=7965000 count=35000
    total=100%
  PROPOSED loads:
    part[0] cum=49.9375% share=49.9375% device_global=0 rank=0 local_index=0 offset=0 count=3995000
    part[1] cum=50.6875% share=0.749999% device_global=1 rank=0 local_index=1 offset=3995000 count=60000
    part[2] cum=99.5625% share=48.875% device_global=2 rank=1 local_index=-1 offset=4055000 count=3910000
    part[3] cum=100% share=0.437498% device_global=3 rank=1 local_index=-1 offset=7965000 count=35000
    total=100%
  CURRENT loads:
    part[0] cum=49.9375% share=49.9375% device_global=0 rank=0 local_index=0 offset=0 count=3995000
    part[1] cum=50.6875% share=0.749999% device_global=1 rank=0 local_index=1 offset=3995000 count=60000
    part[2] cum=99.5625% share=48.875% device_global=2 rank=1 local_index=-1 offset=4055000 count=3910000
    part[3] cum=100% share=0.437498% device_global=3 rank=1 local_index=-1 offset=7965000 count=35000
    total=100%
[DCL][balance-metrics] iteration=1100
  policy=threshold
  action=skip
  reason=load difference below fixed threshold; diff=0.00559887, threshold=0.1
  T_compute_interval_s=2.43517
  T_comm_interval_s=1.83859
  T_balance_total_s=0.0100073
  T_rebalance_apply_s=0
  T_compute_accum_s=12.8285
  T_comm_accum_s=11.1621
  T_balance_accum_s=0.380778
  T_rebalance_apply_accum_s=0.161599
  device_times_s:
    part[0]=1.60208
    part[1]=1.90883
    part[2]=1.57386
    part[3]=2.43517
  OLD loads:
    part[0] cum=49.9375% share=49.9375% device_global=0 rank=0 local_index=0 offset=0 count=3995000
    part[1] cum=50.6875% share=0.749999% device_global=1 rank=0 local_index=1 offset=3995000 count=60000
    part[2] cum=99.5625% share=48.875% device_global=2 rank=1 local_index=-1 offset=4055000 count=3910000
    part[3] cum=100% share=0.437498% device_global=3 rank=1 local_index=-1 offset=7965000 count=35000
    total=100%
  PROPOSED loads:
    part[0] cum=49.625% share=49.625% device_global=0 rank=0 local_index=0 offset=0 count=3995000
    part[1] cum=50.25% share=0.624999% device_global=1 rank=0 local_index=1 offset=3995000 count=60000
    part[2] cum=99.7188% share=49.4688% device_global=2 rank=1 local_index=-1 offset=4055000 count=3910000
    part[3] cum=100% share=0.28125% device_global=3 rank=1 local_index=-1 offset=7965000 count=35000
    total=100%
  CURRENT loads:
    part[0] cum=49.9375% share=49.9375% device_global=0 rank=0 local_index=0 offset=0 count=3995000
    part[1] cum=50.6875% share=0.749999% device_global=1 rank=0 local_index=1 offset=3995000 count=60000
    part[2] cum=99.5625% share=48.875% device_global=2 rank=1 local_index=-1 offset=4055000 count=3910000
    part[3] cum=100% share=0.437498% device_global=3 rank=1 local_index=-1 offset=7965000 count=35000
    total=100%
[DCL][balance-metrics] iteration=2100
  policy=threshold
  action=skip
  reason=load difference below fixed threshold; diff=0.00805251, threshold=0.1
  T_compute_interval_s=2.23071
  T_comm_interval_s=1.83091
  T_balance_total_s=0.00927073
  T_rebalance_apply_s=0
  T_compute_accum_s=15.0592
  T_comm_accum_s=12.993
  T_balance_accum_s=0.390049
  T_rebalance_apply_accum_s=0.161599
  device_times_s:
    part[0]=1.58435
    part[1]=1.62133
    part[2]=1.54445
    part[3]=2.23071
  OLD loads:
    part[0] cum=49.9375% share=49.9375% device_global=0 rank=0 local_index=0 offset=0 count=3995000
    part[1] cum=50.6875% share=0.749999% device_global=1 rank=0 local_index=1 offset=3995000 count=60000
    part[2] cum=99.5625% share=48.875% device_global=2 rank=1 local_index=-1 offset=4055000 count=3910000
    part[3] cum=100% share=0.437498% device_global=3 rank=1 local_index=-1 offset=7965000 count=35000
    total=100%
  PROPOSED loads:
    part[0] cum=49.375% share=49.375% device_global=0 rank=0 local_index=0 offset=0 count=3995000
    part[1] cum=50.125% share=0.750002% device_global=1 rank=0 local_index=1 offset=3995000 count=60000
    part[2] cum=99.6875% share=49.5625% device_global=2 rank=1 local_index=-1 offset=4055000 count=3910000
    part[3] cum=100% share=0.312501% device_global=3 rank=1 local_index=-1 offset=7965000 count=35000
    total=100%
  CURRENT loads:
    part[0] cum=49.9375% share=49.9375% device_global=0 rank=0 local_index=0 offset=0 count=3995000
    part[1] cum=50.6875% share=0.749999% device_global=1 rank=0 local_index=1 offset=3995000 count=60000
    part[2] cum=99.5625% share=48.875% device_global=2 rank=1 local_index=-1 offset=4055000 count=3910000
    part[3] cum=100% share=0.437498% device_global=3 rank=1 local_index=-1 offset=7965000 count=35000
    total=100%
[DCL][balance-metrics] iteration=3100
  policy=threshold
  action=skip
  reason=load difference below fixed threshold; diff=0.00886087, threshold=0.1
  T_compute_interval_s=1.79112
  T_comm_interval_s=1.80598
  T_balance_total_s=0.00929671
  T_rebalance_apply_s=0
  T_compute_accum_s=16.8503
  T_comm_accum_s=14.799
  T_balance_accum_s=0.399345
  T_rebalance_apply_accum_s=0.161599
  device_times_s:
    part[0]=1.5845
    part[1]=1.56725
    part[2]=1.54398
    part[3]=1.79112
  OLD loads:
    part[0] cum=49.9375% share=49.9375% device_global=0 rank=0 local_index=0 offset=0 count=3995000
    part[1] cum=50.6875% share=0.749999% device_global=1 rank=0 local_index=1 offset=3995000 count=60000
    part[2] cum=99.5625% share=48.875% device_global=2 rank=1 local_index=-1 offset=4055000 count=3910000
    part[3] cum=100% share=0.437498% device_global=3 rank=1 local_index=-1 offset=7965000 count=35000
    total=100%
  PROPOSED loads:
    part[0] cum=49.3125% share=49.3125% device_global=0 rank=0 local_index=0 offset=0 count=3995000
    part[1] cum=50.0625% share=0.750002% device_global=1 rank=0 local_index=1 offset=3995000 count=60000
    part[2] cum=99.625% share=49.5625% device_global=2 rank=1 local_index=-1 offset=4055000 count=3910000
    part[3] cum=100% share=0.375003% device_global=3 rank=1 local_index=-1 offset=7965000 count=35000
    total=100%
  CURRENT loads:
    part[0] cum=49.9375% share=49.9375% device_global=0 rank=0 local_index=0 offset=0 count=3995000
    part[1] cum=50.6875% share=0.749999% device_global=1 rank=0 local_index=1 offset=3995000 count=60000
    part[2] cum=99.5625% share=48.875% device_global=2 rank=1 local_index=-1 offset=4055000 count=3910000
    part[3] cum=100% share=0.437498% device_global=3 rank=1 local_index=-1 offset=7965000 count=35000
    total=100%
[DCL][balance-metrics] iteration=4100
  policy=threshold
  action=skip
  reason=load difference below fixed threshold; diff=0.00906784, threshold=0.1
  T_compute_interval_s=1.58421
  T_comm_interval_s=1.793
  T_balance_total_s=0.00934343
  T_rebalance_apply_s=0
  T_compute_accum_s=18.4345
  T_comm_accum_s=16.592
  T_balance_accum_s=0.408689
  T_rebalance_apply_accum_s=0.161599
  device_times_s:
    part[0]=1.58421
    part[1]=1.53925
    part[2]=1.54398
    part[3]=1.50824
  OLD loads:
    part[0] cum=49.9375% share=49.9375% device_global=0 rank=0 local_index=0 offset=0 count=3995000
    part[1] cum=50.6875% share=0.749999% device_global=1 rank=0 local_index=1 offset=3995000 count=60000
    part[2] cum=99.5625% share=48.875% device_global=2 rank=1 local_index=-1 offset=4055000 count=3910000
    part[3] cum=100% share=0.437498% device_global=3 rank=1 local_index=-1 offset=7965000 count=35000
    total=100%
  PROPOSED loads:
    part[0] cum=49.2812% share=49.2812% device_global=0 rank=0 local_index=0 offset=0 count=3995000
    part[1] cum=50.0625% share=0.78125% device_global=1 rank=0 local_index=1 offset=3995000 count=60000
    part[2] cum=99.5312% share=49.4688% device_global=2 rank=1 local_index=-1 offset=4055000 count=3910000
    part[3] cum=100% share=0.468749% device_global=3 rank=1 local_index=-1 offset=7965000 count=35000
    total=100%
  CURRENT loads:
    part[0] cum=49.9375% share=49.9375% device_global=0 rank=0 local_index=0 offset=0 count=3995000
    part[1] cum=50.6875% share=0.749999% device_global=1 rank=0 local_index=1 offset=3995000 count=60000
    part[2] cum=99.5625% share=48.875% device_global=2 rank=1 local_index=-1 offset=4055000 count=3910000
    part[3] cum=100% share=0.437498% device_global=3 rank=1 local_index=-1 offset=7965000 count=35000
    total=100%
[DCL][balance-metrics] iteration=5100
  policy=threshold
  action=skip
  reason=load difference below fixed threshold; diff=0.00952481, threshold=0.1
  T_compute_interval_s=1.58421
  T_comm_interval_s=1.80613
  T_balance_total_s=0.00952425
  T_rebalance_apply_s=0
  T_compute_accum_s=20.0187
  T_comm_accum_s=18.3982
  T_balance_accum_s=0.418213
  T_rebalance_apply_accum_s=0.161599
  device_times_s:
    part[0]=1.58421
    part[1]=1.51971
    part[2]=1.54386
    part[3]=1.37381
  OLD loads:
    part[0] cum=49.9375% share=49.9375% device_global=0 rank=0 local_index=0 offset=0 count=3995000
    part[1] cum=50.6875% share=0.749999% device_global=1 rank=0 local_index=1 offset=3995000 count=60000
    part[2] cum=99.5625% share=48.875% device_global=2 rank=1 local_index=-1 offset=4055000 count=3910000
    part[3] cum=100% share=0.437498% device_global=3 rank=1 local_index=-1 offset=7965000 count=35000
    total=100%
  PROPOSED loads:
    part[0] cum=49.25% share=49.25% device_global=0 rank=0 local_index=0 offset=0 count=3995000
    part[1] cum=50.0312% share=0.78125% device_global=1 rank=0 local_index=1 offset=3995000 count=60000
    part[2] cum=99.5% share=49.4688% device_global=2 rank=1 local_index=-1 offset=4055000 count=3910000
    part[3] cum=100% share=0.5% device_global=3 rank=1 local_index=-1 offset=7965000 count=35000
    total=100%
  CURRENT loads:
    part[0] cum=49.9375% share=49.9375% device_global=0 rank=0 local_index=0 offset=0 count=3995000
    part[1] cum=50.6875% share=0.749999% device_global=1 rank=0 local_index=1 offset=3995000 count=60000
    part[2] cum=99.5625% share=48.875% device_global=2 rank=1 local_index=-1 offset=4055000 count=3910000
    part[3] cum=100% share=0.437498% device_global=3 rank=1 local_index=-1 offset=7965000 count=35000
    total=100%
[DCL][balance-metrics] iteration=6100
  policy=threshold
  action=skip
  reason=load difference below fixed threshold; diff=0.00955041, threshold=0.1
  T_compute_interval_s=1.58408
  T_comm_interval_s=1.81563
  T_balance_total_s=0.0091226
  T_rebalance_apply_s=0
  T_compute_accum_s=21.6028
  T_comm_accum_s=20.2138
  T_balance_accum_s=0.427336
  T_rebalance_apply_accum_s=0.161599
  device_times_s:
    part[0]=1.58408
    part[1]=1.50516
    part[2]=1.54381
    part[3]=1.27522
  OLD loads:
    part[0] cum=49.9375% share=49.9375% device_global=0 rank=0 local_index=0 offset=0 count=3995000
    part[1] cum=50.6875% share=0.749999% device_global=1 rank=0 local_index=1 offset=3995000 count=60000
    part[2] cum=99.5625% share=48.875% device_global=2 rank=1 local_index=-1 offset=4055000 count=3910000
    part[3] cum=100% share=0.437498% device_global=3 rank=1 local_index=-1 offset=7965000 count=35000
    total=100%
  PROPOSED loads:
    part[0] cum=49.25% share=49.25% device_global=0 rank=0 local_index=0 offset=0 count=3995000
    part[1] cum=50.0312% share=0.78125% device_global=1 rank=0 local_index=1 offset=3995000 count=60000
    part[2] cum=99.4688% share=49.4375% device_global=2 rank=1 local_index=-1 offset=4055000 count=3910000
    part[3] cum=100% share=0.53125% device_global=3 rank=1 local_index=-1 offset=7965000 count=35000
    total=100%
  CURRENT loads:
    part[0] cum=49.9375% share=49.9375% device_global=0 rank=0 local_index=0 offset=0 count=3995000
    part[1] cum=50.6875% share=0.749999% device_global=1 rank=0 local_index=1 offset=3995000 count=60000
    part[2] cum=99.5625% share=48.875% device_global=2 rank=1 local_index=-1 offset=4055000 count=3910000
    part[3] cum=100% share=0.437498% device_global=3 rank=1 local_index=-1 offset=7965000 count=35000
    total=100%
[DCL][balance-metrics] iteration=7100
  policy=threshold
  action=skip
  reason=load difference below fixed threshold; diff=0.0100244, threshold=0.1
  T_compute_interval_s=1.58422
  T_comm_interval_s=1.85113
  T_balance_total_s=0.00931382
  T_rebalance_apply_s=0
  T_compute_accum_s=23.187
  T_comm_accum_s=22.0649
  T_balance_accum_s=0.43665
  T_rebalance_apply_accum_s=0.161599
  device_times_s:
    part[0]=1.58422
    part[1]=1.49533
    part[2]=1.54397
    part[3]=1.2183
  OLD loads:
    part[0] cum=49.9375% share=49.9375% device_global=0 rank=0 local_index=0 offset=0 count=3995000
    part[1] cum=50.6875% share=0.749999% device_global=1 rank=0 local_index=1 offset=3995000 count=60000
    part[2] cum=99.5625% share=48.875% device_global=2 rank=1 local_index=-1 offset=4055000 count=3910000
    part[3] cum=100% share=0.437498% device_global=3 rank=1 local_index=-1 offset=7965000 count=35000
    total=100%
  PROPOSED loads:
    part[0] cum=49.2188% share=49.2188% device_global=0 rank=0 local_index=0 offset=0 count=3995000
    part[1] cum=50% share=0.78125% device_global=1 rank=0 local_index=1 offset=3995000 count=60000
    part[2] cum=99.4375% share=49.4375% device_global=2 rank=1 local_index=-1 offset=4055000 count=3910000
    part[3] cum=100% share=0.562501% device_global=3 rank=1 local_index=-1 offset=7965000 count=35000
    total=100%
  CURRENT loads:
    part[0] cum=49.9375% share=49.9375% device_global=0 rank=0 local_index=0 offset=0 count=3995000
    part[1] cum=50.6875% share=0.749999% device_global=1 rank=0 local_index=1 offset=3995000 count=60000
    part[2] cum=99.5625% share=48.875% device_global=2 rank=1 local_index=-1 offset=4055000 count=3910000
    part[3] cum=100% share=0.437498% device_global=3 rank=1 local_index=-1 offset=7965000 count=35000
    total=100%
[DCL][balance-metrics] iteration=8100
  policy=threshold
  action=skip
  reason=load difference below fixed threshold; diff=0.0100681, threshold=0.1
  T_compute_interval_s=1.58417
  T_comm_interval_s=1.83808
  T_balance_total_s=0.00953026
  T_rebalance_apply_s=0
  T_compute_accum_s=24.7712
  T_comm_accum_s=23.903
  T_balance_accum_s=0.44618
  T_rebalance_apply_accum_s=0.161599
  device_times_s:
    part[0]=1.58417
    part[1]=1.5045
    part[2]=1.54402
    part[3]=1.17476
  OLD loads:
    part[0] cum=49.9375% share=49.9375% device_global=0 rank=0 local_index=0 offset=0 count=3995000
    part[1] cum=50.6875% share=0.749999% device_global=1 rank=0 local_index=1 offset=3995000 count=60000
    part[2] cum=99.5625% share=48.875% device_global=2 rank=1 local_index=-1 offset=4055000 count=3910000
    part[3] cum=100% share=0.437498% device_global=3 rank=1 local_index=-1 offset=7965000 count=35000
    total=100%
  PROPOSED loads:
    part[0] cum=49.2188% share=49.2188% device_global=0 rank=0 local_index=0 offset=0 count=3995000
    part[1] cum=50% share=0.78125% device_global=1 rank=0 local_index=1 offset=3995000 count=60000
    part[2] cum=99.4062% share=49.4062% device_global=2 rank=1 local_index=-1 offset=4055000 count=3910000
    part[3] cum=100% share=0.593752% device_global=3 rank=1 local_index=-1 offset=7965000 count=35000
    total=100%
  CURRENT loads:
    part[0] cum=49.9375% share=49.9375% device_global=0 rank=0 local_index=0 offset=0 count=3995000
    part[1] cum=50.6875% share=0.749999% device_global=1 rank=0 local_index=1 offset=3995000 count=60000
    part[2] cum=99.5625% share=48.875% device_global=2 rank=1 local_index=-1 offset=4055000 count=3910000
    part[3] cum=100% share=0.437498% device_global=3 rank=1 local_index=-1 offset=7965000 count=35000
    total=100%
[DCL][balance-metrics] iteration=9100
  policy=threshold
  action=skip
  reason=load difference below fixed threshold; diff=0.0100681, threshold=0.1
  T_compute_interval_s=1.58424
  T_comm_interval_s=1.85424
  T_balance_total_s=0.00955631
  T_rebalance_apply_s=0
  T_compute_accum_s=26.3555
  T_comm_accum_s=25.7572
  T_balance_accum_s=0.455736
  T_rebalance_apply_accum_s=0.161599
  device_times_s:
    part[0]=1.58424
    part[1]=1.49574
    part[2]=1.54474
    part[3]=1.16103
  OLD loads:
    part[0] cum=49.9375% share=49.9375% device_global=0 rank=0 local_index=0 offset=0 count=3995000
    part[1] cum=50.6875% share=0.749999% device_global=1 rank=0 local_index=1 offset=3995000 count=60000
    part[2] cum=99.5625% share=48.875% device_global=2 rank=1 local_index=-1 offset=4055000 count=3910000
    part[3] cum=100% share=0.437498% device_global=3 rank=1 local_index=-1 offset=7965000 count=35000
    total=100%
  PROPOSED loads:
    part[0] cum=49.2188% share=49.2188% device_global=0 rank=0 local_index=0 offset=0 count=3995000
    part[1] cum=50% share=0.78125% device_global=1 rank=0 local_index=1 offset=3995000 count=60000
    part[2] cum=99.4062% share=49.4062% device_global=2 rank=1 local_index=-1 offset=4055000 count=3910000
    part[3] cum=100% share=0.593752% device_global=3 rank=1 local_index=-1 offset=7965000 count=35000
    total=100%
  CURRENT loads:
    part[0] cum=49.9375% share=49.9375% device_global=0 rank=0 local_index=0 offset=0 count=3995000
    part[1] cum=50.6875% share=0.749999% device_global=1 rank=0 local_index=1 offset=3995000 count=60000
    part[2] cum=99.5625% share=48.875% device_global=2 rank=1 local_index=-1 offset=4055000 count=3910000
    part[3] cum=100% share=0.437498% device_global=3 rank=1 local_index=-1 offset=7965000 count=35000
    total=100%

=== PARTICOES FINAIS ===
=== Particoes globais ===
part[0] device_global=0 rank=0 local_index=0 offset=0 count=3995000
part[1] device_global=1 rank=0 local_index=1 offset=3995000 count=60000
part[2] device_global=2 rank=1 local_index=-1 offset=4055000 count=3910000
part[3] device_global=3 rank=1 local_index=-1 offset=7965000 count=35000


============================
ITERACAO 10000
Tempo de execução: 35.6891s
