=== Dispositivos locais do rank 1 ===
global=2 local=0 nome="NVIDIA RTX 2000 Ada Generation" compute_units=22
global=3 local=1=== Dispositivos locais do rank 0 ===
global=0 local=0 nome="NVIDIA RTX 2000 Ada Generation" compute_units=22
global=1 local=1 nome="Intel(R) Xeon(R) CPU           E5620  @ 2.40GHz" compute_units=16

 nome="Intel(R) Xeon(R) CPU           E5620  @ 2.40GHz" compute_units=16

=== PARTICOES INICIAIS ===
=== Particoes globais ===
part[0] device_global=0 rank=0 local_index=0 offset=0 count=2000000
part[1] device_global=1 rank=0 local_index=1 offset=2000000 count=2000000
part[2] device_global=2 rank=1 local_index=-1 offset=4000000 count=2000000
part[3] device_global=3 rank=1 local_index=-1 offset=6000000 count=2000000

X = 50 Y = 50 Z = 3200 Iterations = 10000
[DCL][balance-metrics] iteration=100
  policy=threshold
  action=rebalance
  reason=accepted by fixed threshold; diff=0.346267, threshold=0.1
  T_compute_interval_s=10.4524
  T_comm_interval_s=9.36433
  T_balance_total_s=0.342156
  T_rebalance_apply_s=0.132718
  T_compute_accum_s=10.4524
  T_comm_accum_s=9.36433
  T_balance_accum_s=0.342156
  T_rebalance_apply_accum_s=0.132718
  device_times_s:
    part[0]=0.093826
    part[1]=6.13015
    part[2]=0.0938343
    part[3]=10.4524
  OLD loads:
    part[0] cum=25% share=25% device_global=0 rank=0 local_index=0 offset=0 count=3952500
    part[1] cum=50% share=25% device_global=1 rank=0 local_index=1 offset=3952500 count=60000
    part[2] cum=75% share=25% device_global=2 rank=1 local_index=-1 offset=4012500 count=3952500
    part[3] cum=100% share=25% device_global=3 rank=1 local_index=-1 offset=7965000 count=35000
    total=100%
  PROPOSED loads:
    part[0] cum=49.4062% share=49.4062% device_global=0 rank=0 local_index=0 offset=0 count=3952500
    part[1] cum=50.1562% share=0.749996% device_global=1 rank=0 local_index=1 offset=3952500 count=60000
    part[2] cum=99.5625% share=49.4063% device_global=2 rank=1 local_index=-1 offset=4012500 count=3952500
    part[3] cum=100% share=0.437498% device_global=3 rank=1 local_index=-1 offset=7965000 count=35000
    total=100%
  CURRENT loads:
    part[0] cum=49.4062% share=49.4062% device_global=0 rank=0 local_index=0 offset=0 count=3952500
    part[1] cum=50.1562% share=0.749996% device_global=1 rank=0 local_index=1 offset=3952500 count=60000
    part[2] cum=99.5625% share=49.4063% device_global=2 rank=1 local_index=-1 offset=4012500 count=3952500
    part[3] cum=100% share=0.437498% device_global=3 rank=1 local_index=-1 offset=7965000 count=35000
    total=100%
[DCL][balance-metrics] iteration=1100
  policy=threshold
  action=skip
  reason=load difference below fixed threshold; diff=0.002847, threshold=0.1
  T_compute_interval_s=2.40909
  T_comm_interval_s=1.85836
  T_balance_total_s=0.00942871
  T_rebalance_apply_s=0
  T_compute_accum_s=12.8615
  T_comm_accum_s=11.2227
  T_balance_accum_s=0.351584
  T_rebalance_apply_accum_s=0.132718
  device_times_s:
    part[0]=1.59049
    part[1]=1.88329
    part[2]=1.57511
    part[3]=2.40909
  OLD loads:
    part[0] cum=49.4062% share=49.4062% device_global=0 rank=0 local_index=0 offset=0 count=3952500
    part[1] cum=50.1562% share=0.749996% device_global=1 rank=0 local_index=1 offset=3952500 count=60000
    part[2] cum=99.5625% share=49.4063% device_global=2 rank=1 local_index=-1 offset=4012500 count=3952500
    part[3] cum=100% share=0.437498% device_global=3 rank=1 local_index=-1 offset=7965000 count=35000
    total=100%
  PROPOSED loads:
    part[0] cum=49.3125% share=49.3125% device_global=0 rank=0 local_index=0 offset=0 count=3952500
    part[1] cum=49.9375% share=0.624999% device_global=1 rank=0 local_index=1 offset=3952500 count=60000
    part[2] cum=99.7188% share=49.7812% device_global=2 rank=1 local_index=-1 offset=4012500 count=3952500
    part[3] cum=100% share=0.28125% device_global=3 rank=1 local_index=-1 offset=7965000 count=35000
    total=100%
  CURRENT loads:
    part[0] cum=49.4062% share=49.4062% device_global=0 rank=0 local_index=0 offset=0 count=3952500
    part[1] cum=50.1562% share=0.749996% device_global=1 rank=0 local_index=1 offset=3952500 count=60000
    part[2] cum=99.5625% share=49.4063% device_global=2 rank=1 local_index=-1 offset=4012500 count=3952500
    part[3] cum=100% share=0.437498% device_global=3 rank=1 local_index=-1 offset=7965000 count=35000
    total=100%
[DCL][balance-metrics] iteration=2100
  policy=threshold
  action=skip
  reason=load difference below fixed threshold; diff=0.00153089, threshold=0.1
  T_compute_interval_s=2.17652
  T_comm_interval_s=1.79163
  T_balance_total_s=0.00959975
  T_rebalance_apply_s=0
  T_compute_accum_s=15.038
  T_comm_accum_s=13.0143
  T_balance_accum_s=0.361184
  T_rebalance_apply_accum_s=0.132718
  device_times_s:
    part[0]=1.56855
    part[1]=1.61491
    part[2]=1.56077
    part[3]=2.17652
  OLD loads:
    part[0] cum=49.4062% share=49.4062% device_global=0 rank=0 local_index=0 offset=0 count=3952500
    part[1] cum=50.1562% share=0.749996% device_global=1 rank=0 local_index=1 offset=3952500 count=60000
    part[2] cum=99.5625% share=49.4063% device_global=2 rank=1 local_index=-1 offset=4012500 count=3952500
    part[3] cum=100% share=0.437498% device_global=3 rank=1 local_index=-1 offset=7965000 count=35000
    total=100%
  PROPOSED loads:
    part[0] cum=49.3438% share=49.3438% device_global=0 rank=0 local_index=0 offset=0 count=3952500
    part[1] cum=50.0938% share=0.750002% device_global=1 rank=0 local_index=1 offset=3952500 count=60000
    part[2] cum=99.6875% share=49.5937% device_global=2 rank=1 local_index=-1 offset=4012500 count=3952500
    part[3] cum=100% share=0.312501% device_global=3 rank=1 local_index=-1 offset=7965000 count=35000
    total=100%
  CURRENT loads:
    part[0] cum=49.4062% share=49.4062% device_global=0 rank=0 local_index=0 offset=0 count=3952500
    part[1] cum=50.1562% share=0.749996% device_global=1 rank=0 local_index=1 offset=3952500 count=60000
    part[2] cum=99.5625% share=49.4063% device_global=2 rank=1 local_index=-1 offset=4012500 count=3952500
    part[3] cum=100% share=0.437498% device_global=3 rank=1 local_index=-1 offset=7965000 count=35000
    total=100%
[DCL][balance-metrics] iteration=3100
  policy=threshold
  action=skip
  reason=load difference below fixed threshold; diff=0.00146572, threshold=0.1
  T_compute_interval_s=1.79383
  T_comm_interval_s=1.79748
  T_balance_total_s=0.00934504
  T_rebalance_apply_s=0
  T_compute_accum_s=16.8318
  T_comm_accum_s=14.8118
  T_balance_accum_s=0.370529
  T_rebalance_apply_accum_s=0.132718
  device_times_s:
    part[0]=1.56812
    part[1]=1.56245
    part[2]=1.5604
    part[3]=1.79383
  OLD loads:
    part[0] cum=49.4062% share=49.4062% device_global=0 rank=0 local_index=0 offset=0 count=3952500
    part[1] cum=50.1562% share=0.749996% device_global=1 rank=0 local_index=1 offset=3952500 count=60000
    part[2] cum=99.5625% share=49.4063% device_global=2 rank=1 local_index=-1 offset=4012500 count=3952500
    part[3] cum=100% share=0.437498% device_global=3 rank=1 local_index=-1 offset=7965000 count=35000
    total=100%
  PROPOSED loads:
    part[0] cum=49.3125% share=49.3125% device_global=0 rank=0 local_index=0 offset=0 count=3952500
    part[1] cum=50.0625% share=0.750002% device_global=1 rank=0 local_index=1 offset=3952500 count=60000
    part[2] cum=99.625% share=49.5625% device_global=2 rank=1 local_index=-1 offset=4012500 count=3952500
    part[3] cum=100% share=0.375003% device_global=3 rank=1 local_index=-1 offset=7965000 count=35000
    total=100%
  CURRENT loads:
    part[0] cum=49.4062% share=49.4062% device_global=0 rank=0 local_index=0 offset=0 count=3952500
    part[1] cum=50.1562% share=0.749996% device_global=1 rank=0 local_index=1 offset=3952500 count=60000
    part[2] cum=99.5625% share=49.4063% device_global=2 rank=1 local_index=-1 offset=4012500 count=3952500
    part[3] cum=100% share=0.437498% device_global=3 rank=1 local_index=-1 offset=7965000 count=35000
    total=100%
[DCL][balance-metrics] iteration=4100
  policy=threshold
  action=skip
  reason=load difference below fixed threshold; diff=0.00176774, threshold=0.1
  T_compute_interval_s=1.56829
  T_comm_interval_s=1.86868
  T_balance_total_s=0.00922792
  T_rebalance_apply_s=0
  T_compute_accum_s=18.4001
  T_comm_accum_s=16.6805
  T_balance_accum_s=0.379757
  T_rebalance_apply_accum_s=0.132718
  device_times_s:
    part[0]=1.56829
    part[1]=1.5389
    part[2]=1.56062
    part[3]=1.51303
  OLD loads:
    part[0] cum=49.4062% share=49.4062% device_global=0 rank=0 local_index=0 offset=0 count=3952500
    part[1] cum=50.1562% share=0.749996% device_global=1 rank=0 local_index=1 offset=3952500 count=60000
    part[2] cum=99.5625% share=49.4063% device_global=2 rank=1 local_index=-1 offset=4012500 count=3952500
    part[3] cum=100% share=0.437498% device_global=3 rank=1 local_index=-1 offset=7965000 count=35000
    total=100%
  PROPOSED loads:
    part[0] cum=49.2812% share=49.2812% device_global=0 rank=0 local_index=0 offset=0 count=3952500
    part[1] cum=50.0312% share=0.749999% device_global=1 rank=0 local_index=1 offset=3952500 count=60000
    part[2] cum=99.5625% share=49.5312% device_global=2 rank=1 local_index=-1 offset=4012500 count=3952500
    part[3] cum=100% share=0.437498% device_global=3 rank=1 local_index=-1 offset=7965000 count=35000
    total=100%
  CURRENT loads:
    part[0] cum=49.4062% share=49.4062% device_global=0 rank=0 local_index=0 offset=0 count=3952500
    part[1] cum=50.1562% share=0.749996% device_global=1 rank=0 local_index=1 offset=3952500 count=60000
    part[2] cum=99.5625% share=49.4063% device_global=2 rank=1 local_index=-1 offset=4012500 count=3952500
    part[3] cum=100% share=0.437498% device_global=3 rank=1 local_index=-1 offset=7965000 count=35000
    total=100%
[DCL][balance-metrics] iteration=5100
  policy=threshold
  action=skip
  reason=load difference below fixed threshold; diff=0.00229639, threshold=0.1
  T_compute_interval_s=1.56834
  T_comm_interval_s=1.81254
  T_balance_total_s=0.00924258
  T_rebalance_apply_s=0
  T_compute_accum_s=19.9685
  T_comm_accum_s=18.493
  T_balance_accum_s=0.389
  T_rebalance_apply_accum_s=0.132718
  device_times_s:
    part[0]=1.56834
    part[1]=1.51916
    part[2]=1.56044
    part[3]=1.36564
  OLD loads:
    part[0] cum=49.4062% share=49.4062% device_global=0 rank=0 local_index=0 offset=0 count=3952500
    part[1] cum=50.1562% share=0.749996% device_global=1 rank=0 local_index=1 offset=3952500 count=60000
    part[2] cum=99.5625% share=49.4063% device_global=2 rank=1 local_index=-1 offset=4012500 count=3952500
    part[3] cum=100% share=0.437498% device_global=3 rank=1 local_index=-1 offset=7965000 count=35000
    total=100%
  PROPOSED loads:
    part[0] cum=49.25% share=49.25% device_global=0 rank=0 local_index=0 offset=0 count=3952500
    part[1] cum=50% share=0.749999% device_global=1 rank=0 local_index=1 offset=3952500 count=60000
    part[2] cum=99.5% share=49.5% device_global=2 rank=1 local_index=-1 offset=4012500 count=3952500
    part[3] cum=100% share=0.5% device_global=3 rank=1 local_index=-1 offset=7965000 count=35000
    total=100%
  CURRENT loads:
    part[0] cum=49.4062% share=49.4062% device_global=0 rank=0 local_index=0 offset=0 count=3952500
    part[1] cum=50.1562% share=0.749996% device_global=1 rank=0 local_index=1 offset=3952500 count=60000
    part[2] cum=99.5625% share=49.4063% device_global=2 rank=1 local_index=-1 offset=4012500 count=3952500
    part[3] cum=100% share=0.437498% device_global=3 rank=1 local_index=-1 offset=7965000 count=35000
    total=100%
[DCL][balance-metrics] iteration=6100
  policy=threshold
  action=skip
  reason=load difference below fixed threshold; diff=0.00261457, threshold=0.1
  T_compute_interval_s=1.56811
  T_comm_interval_s=1.7938
  T_balance_total_s=0.00969648
  T_rebalance_apply_s=0
  T_compute_accum_s=21.5366
  T_comm_accum_s=20.2868
  T_balance_accum_s=0.398696
  T_rebalance_apply_accum_s=0.132718
  device_times_s:
    part[0]=1.56811
    part[1]=1.50552
    part[2]=1.56066
    part[3]=1.28661
  OLD loads:
    part[0] cum=49.4062% share=49.4062% device_global=0 rank=0 local_index=0 offset=0 count=3952500
    part[1] cum=50.1562% share=0.749996% device_global=1 rank=0 local_index=1 offset=3952500 count=60000
    part[2] cum=99.5625% share=49.4063% device_global=2 rank=1 local_index=-1 offset=4012500 count=3952500
    part[3] cum=100% share=0.437498% device_global=3 rank=1 local_index=-1 offset=7965000 count=35000
    total=100%
  PROPOSED loads:
    part[0] cum=49.2188% share=49.2188% device_global=0 rank=0 local_index=0 offset=0 count=3952500
    part[1] cum=50% share=0.78125% device_global=1 rank=0 local_index=1 offset=3952500 count=60000
    part[2] cum=99.4688% share=49.4688% device_global=2 rank=1 local_index=-1 offset=4012500 count=3952500
    part[3] cum=100% share=0.53125% device_global=3 rank=1 local_index=-1 offset=7965000 count=35000
    total=100%
  CURRENT loads:
    part[0] cum=49.4062% share=49.4062% device_global=0 rank=0 local_index=0 offset=0 count=3952500
    part[1] cum=50.1562% share=0.749996% device_global=1 rank=0 local_index=1 offset=3952500 count=60000
    part[2] cum=99.5625% share=49.4063% device_global=2 rank=1 local_index=-1 offset=4012500 count=3952500
    part[3] cum=100% share=0.437498% device_global=3 rank=1 local_index=-1 offset=7965000 count=35000
    total=100%
[DCL][balance-metrics] iteration=7100
  policy=threshold
  action=skip
  reason=load difference below fixed threshold; diff=0.00274218, threshold=0.1
  T_compute_interval_s=1.56822
  T_comm_interval_s=1.84445
  T_balance_total_s=0.00906533
  T_rebalance_apply_s=0
  T_compute_accum_s=23.1048
  T_comm_accum_s=22.1313
  T_balance_accum_s=0.407762
  T_rebalance_apply_accum_s=0.132718
  device_times_s:
    part[0]=1.56822
    part[1]=1.50127
    part[2]=1.56105
    part[3]=1.23686
  OLD loads:
    part[0] cum=49.4062% share=49.4062% device_global=0 rank=0 local_index=0 offset=0 count=3952500
    part[1] cum=50.1562% share=0.749996% device_global=1 rank=0 local_index=1 offset=3952500 count=60000
    part[2] cum=99.5625% share=49.4063% device_global=2 rank=1 local_index=-1 offset=4012500 count=3952500
    part[3] cum=100% share=0.437498% device_global=3 rank=1 local_index=-1 offset=7965000 count=35000
    total=100%
  PROPOSED loads:
    part[0] cum=49.2188% share=49.2188% device_global=0 rank=0 local_index=0 offset=0 count=3952500
    part[1] cum=50% share=0.78125% device_global=1 rank=0 local_index=1 offset=3952500 count=60000
    part[2] cum=99.4375% share=49.4375% device_global=2 rank=1 local_index=-1 offset=4012500 count=3952500
    part[3] cum=100% share=0.562501% device_global=3 rank=1 local_index=-1 offset=7965000 count=35000
    total=100%
  CURRENT loads:
    part[0] cum=49.4062% share=49.4062% device_global=0 rank=0 local_index=0 offset=0 count=3952500
    part[1] cum=50.1562% share=0.749996% device_global=1 rank=0 local_index=1 offset=3952500 count=60000
    part[2] cum=99.5625% share=49.4063% device_global=2 rank=1 local_index=-1 offset=4012500 count=3952500
    part[3] cum=100% share=0.437498% device_global=3 rank=1 local_index=-1 offset=7965000 count=35000
    total=100%
[DCL][balance-metrics] iteration=8100
  policy=threshold
  action=skip
  reason=load difference below fixed threshold; diff=0.00274218, threshold=0.1
  T_compute_interval_s=1.56827
  T_comm_interval_s=1.85356
  T_balance_total_s=0.0101699
  T_rebalance_apply_s=0
  T_compute_accum_s=24.6731
  T_comm_accum_s=23.9848
  T_balance_accum_s=0.417932
  T_rebalance_apply_accum_s=0.132718
  device_times_s:
    part[0]=1.56827
    part[1]=1.50475
    part[2]=1.56124
    part[3]=1.19911
  OLD loads:
    part[0] cum=49.4062% share=49.4062% device_global=0 rank=0 local_index=0 offset=0 count=3952500
    part[1] cum=50.1562% share=0.749996% device_global=1 rank=0 local_index=1 offset=3952500 count=60000
    part[2] cum=99.5625% share=49.4063% device_global=2 rank=1 local_index=-1 offset=4012500 count=3952500
    part[3] cum=100% share=0.437498% device_global=3 rank=1 local_index=-1 offset=7965000 count=35000
    total=100%
  PROPOSED loads:
    part[0] cum=49.2188% share=49.2188% device_global=0 rank=0 local_index=0 offset=0 count=3952500
    part[1] cum=50% share=0.78125% device_global=1 rank=0 local_index=1 offset=3952500 count=60000
    part[2] cum=99.4375% share=49.4375% device_global=2 rank=1 local_index=-1 offset=4012500 count=3952500
    part[3] cum=100% share=0.562501% device_global=3 rank=1 local_index=-1 offset=7965000 count=35000
    total=100%
  CURRENT loads:
    part[0] cum=49.4062% share=49.4062% device_global=0 rank=0 local_index=0 offset=0 count=3952500
    part[1] cum=50.1562% share=0.749996% device_global=1 rank=0 local_index=1 offset=3952500 count=60000
    part[2] cum=99.5625% share=49.4063% device_global=2 rank=1 local_index=-1 offset=4012500 count=3952500
    part[3] cum=100% share=0.437498% device_global=3 rank=1 local_index=-1 offset=7965000 count=35000
    total=100%
[DCL][balance-metrics] iteration=9100
  policy=threshold
  action=skip
  reason=load difference below fixed threshold; diff=0.00327755, threshold=0.1
  T_compute_interval_s=1.5682
  T_comm_interval_s=1.82806
  T_balance_total_s=0.00934001
  T_rebalance_apply_s=0
  T_compute_accum_s=26.2413
  T_comm_accum_s=25.8129
  T_balance_accum_s=0.427272
  T_rebalance_apply_accum_s=0.132718
  device_times_s:
    part[0]=1.5682
    part[1]=1.50203
    part[2]=1.56087
    part[3]=1.1438
  OLD loads:
    part[0] cum=49.4062% share=49.4062% device_global=0 rank=0 local_index=0 offset=0 count=3952500
    part[1] cum=50.1562% share=0.749996% device_global=1 rank=0 local_index=1 offset=3952500 count=60000
    part[2] cum=99.5625% share=49.4063% device_global=2 rank=1 local_index=-1 offset=4012500 count=3952500
    part[3] cum=100% share=0.437498% device_global=3 rank=1 local_index=-1 offset=7965000 count=35000
    total=100%
  PROPOSED loads:
    part[0] cum=49.1875% share=49.1875% device_global=0 rank=0 local_index=0 offset=0 count=3952500
    part[1] cum=49.9688% share=0.78125% device_global=1 rank=0 local_index=1 offset=3952500 count=60000
    part[2] cum=99.4062% share=49.4375% device_global=2 rank=1 local_index=-1 offset=4012500 count=3952500
    part[3] cum=100% share=0.593752% device_global=3 rank=1 local_index=-1 offset=7965000 count=35000
    total=100%
  CURRENT loads:
    part[0] cum=49.4062% share=49.4062% device_global=0 rank=0 local_index=0 offset=0 count=3952500
    part[1] cum=50.1562% share=0.749996% device_global=1 rank=0 local_index=1 offset=3952500 count=60000
    part[2] cum=99.5625% share=49.4063% device_global=2 rank=1 local_index=-1 offset=4012500 count=3952500
    part[3] cum=100% share=0.437498% device_global=3 rank=1 local_index=-1 offset=7965000 count=35000
    total=100%

=== PARTICOES FINAIS ===
=== Particoes globais ===
part[0] device_global=0 rank=0 local_index=0 offset=0 count=3952500
part[1] device_global=1 rank=0 local_index=1 offset=3952500 count=60000
part[2] device_global=2 rank=1 local_index=-1 offset=4012500 count=3952500
part[3] device_global=3 rank=1 local_index=-1 offset=7965000 count=35000


============================
ITERACAO 10000
Tempo de execução: 35.6588s
