=== Dispositivos locais do rank 1 ===
global=2 local=0 nome="NVIDIA RTX 2000 Ada Generation" compute_units=22
global=3 local=1 nome="Intel(R) Xeon(R) CPU           E5620  @ 2.40GHz" compute_units=16

=== Dispositivos locais do rank 0 ===
global=0 local=0 nome="NVIDIA RTX 2000 Ada Generation" compute_units=22
global=1 local=1 nome="Intel(R) Xeon(R) CPU           E5620  @ 2.40GHz" compute_units=16

=== PARTICOES INICIAIS ===
=== Particoes globais ===
part[0] device_global=0 rank=0 local_index=0 offset=0 count=2000000
part[1] device_global=1 rank=0 local_index=1 offset=2000000 count=2000000
part[2] device_global=2 rank=1 local_index=-1 offset=4000000 count=2000000
part[3] device_global=3 rank=1 local_index=-1 offset=6000000 count=2000000

X = 50 Y = 50 Z = 3200 Iterations = 10000
[DCL][balance-metrics] iteration=100
  policy=threshold
  action=rebalance
  reason=accepted by fixed threshold; diff=0.347604, threshold=0.1
  T_compute_interval_s=10.409
  T_comm_interval_s=9.27037
  T_balance_total_s=0.357896
  T_rebalance_apply_s=0.141962
  T_compute_accum_s=10.409
  T_comm_accum_s=9.27037
  T_balance_accum_s=0.357896
  T_rebalance_apply_accum_s=0.141962
  device_times_s:
    part[0]=0.0930345
    part[1]=6.13597
    part[2]=0.0937481
    part[3]=10.409
  OLD loads:
    part[0] cum=25% share=25% device_global=0 rank=0 local_index=0 offset=0 count=3967500
    part[1] cum=50% share=25% device_global=1 rank=0 local_index=1 offset=3967500 count=60000
    part[2] cum=75% share=25% device_global=2 rank=1 local_index=-1 offset=4027500 count=3937500
    part[3] cum=100% share=25% device_global=3 rank=1 local_index=-1 offset=7965000 count=35000
    total=100%
  PROPOSED loads:
    part[0] cum=49.5938% share=49.5938% device_global=0 rank=0 local_index=0 offset=0 count=3967500
    part[1] cum=50.3438% share=0.750002% device_global=1 rank=0 local_index=1 offset=3967500 count=60000
    part[2] cum=99.5625% share=49.2188% device_global=2 rank=1 local_index=-1 offset=4027500 count=3937500
    part[3] cum=100% share=0.437498% device_global=3 rank=1 local_index=-1 offset=7965000 count=35000
    total=100%
  CURRENT loads:
    part[0] cum=49.5938% share=49.5938% device_global=0 rank=0 local_index=0 offset=0 count=3967500
    part[1] cum=50.3438% share=0.750002% device_global=1 rank=0 local_index=1 offset=3967500 count=60000
    part[2] cum=99.5625% share=49.2188% device_global=2 rank=1 local_index=-1 offset=4027500 count=3937500
    part[3] cum=100% share=0.437498% device_global=3 rank=1 local_index=-1 offset=7965000 count=35000
    total=100%
[DCL][balance-metrics] iteration=1100
  policy=threshold
  action=skip
  reason=load difference below fixed threshold; diff=0.00251947, threshold=0.1
  T_compute_interval_s=2.47431
  T_comm_interval_s=1.89351
  T_balance_total_s=0.00998947
  T_rebalance_apply_s=0
  T_compute_accum_s=12.8833
  T_comm_accum_s=11.1639
  T_balance_accum_s=0.367885
  T_rebalance_apply_accum_s=0.141962
  device_times_s:
    part[0]=1.59478
    part[1]=1.89317
    part[2]=1.58176
    part[3]=2.47431
  OLD loads:
    part[0] cum=49.5938% share=49.5938% device_global=0 rank=0 local_index=0 offset=0 count=3967500
    part[1] cum=50.3438% share=0.750002% device_global=1 rank=0 local_index=1 offset=3967500 count=60000
    part[2] cum=99.5625% share=49.2188% device_global=2 rank=1 local_index=-1 offset=4027500 count=3937500
    part[3] cum=100% share=0.437498% device_global=3 rank=1 local_index=-1 offset=7965000 count=35000
    total=100%
  PROPOSED loads:
    part[0] cum=49.5312% share=49.5312% device_global=0 rank=0 local_index=0 offset=0 count=3967500
    part[1] cum=50.1562% share=0.624996% device_global=1 rank=0 local_index=1 offset=3967500 count=60000
    part[2] cum=99.7188% share=49.5625% device_global=2 rank=1 local_index=-1 offset=4027500 count=3937500
    part[3] cum=100% share=0.28125% device_global=3 rank=1 local_index=-1 offset=7965000 count=35000
    total=100%
  CURRENT loads:
    part[0] cum=49.5938% share=49.5938% device_global=0 rank=0 local_index=0 offset=0 count=3967500
    part[1] cum=50.3438% share=0.750002% device_global=1 rank=0 local_index=1 offset=3967500 count=60000
    part[2] cum=99.5625% share=49.2188% device_global=2 rank=1 local_index=-1 offset=4027500 count=3937500
    part[3] cum=100% share=0.437498% device_global=3 rank=1 local_index=-1 offset=7965000 count=35000
    total=100%
[DCL][balance-metrics] iteration=2100
  policy=threshold
  action=skip
  reason=load difference below fixed threshold; diff=0.0035493, threshold=0.1
  T_compute_interval_s=2.23164
  T_comm_interval_s=1.88409
  T_balance_total_s=0.00921143
  T_rebalance_apply_s=0
  T_compute_accum_s=15.115
  T_comm_accum_s=13.048
  T_balance_accum_s=0.377097
  T_rebalance_apply_accum_s=0.141962
  device_times_s:
    part[0]=1.57489
    part[1]=1.61741
    part[2]=1.55626
    part[3]=2.23164
  OLD loads:
    part[0] cum=49.5938% share=49.5938% device_global=0 rank=0 local_index=0 offset=0 count=3967500
    part[1] cum=50.3438% share=0.750002% device_global=1 rank=0 local_index=1 offset=3967500 count=60000
    part[2] cum=99.5625% share=49.2188% device_global=2 rank=1 local_index=-1 offset=4027500 count=3937500
    part[3] cum=100% share=0.437498% device_global=3 rank=1 local_index=-1 offset=7965000 count=35000
    total=100%
  PROPOSED loads:
    part[0] cum=49.375% share=49.375% device_global=0 rank=0 local_index=0 offset=0 count=3967500
    part[1] cum=50.0938% share=0.718752% device_global=1 rank=0 local_index=1 offset=3967500 count=60000
    part[2] cum=99.6875% share=49.5937% device_global=2 rank=1 local_index=-1 offset=4027500 count=3937500
    part[3] cum=100% share=0.312501% device_global=3 rank=1 local_index=-1 offset=7965000 count=35000
    total=100%
  CURRENT loads:
    part[0] cum=49.5938% share=49.5938% device_global=0 rank=0 local_index=0 offset=0 count=3967500
    part[1] cum=50.3438% share=0.750002% device_global=1 rank=0 local_index=1 offset=3967500 count=60000
    part[2] cum=99.5625% share=49.2188% device_global=2 rank=1 local_index=-1 offset=4027500 count=3937500
    part[3] cum=100% share=0.437498% device_global=3 rank=1 local_index=-1 offset=7965000 count=35000
    total=100%
[DCL][balance-metrics] iteration=3100
  policy=threshold
  action=skip
  reason=load difference below fixed threshold; diff=0.00402628, threshold=0.1
  T_compute_interval_s=1.79911
  T_comm_interval_s=1.83078
  T_balance_total_s=0.00923392
  T_rebalance_apply_s=0
  T_compute_accum_s=16.9141
  T_comm_accum_s=14.8788
  T_balance_accum_s=0.386331
  T_rebalance_apply_accum_s=0.141962
  device_times_s:
    part[0]=1.57473
    part[1]=1.56221
    part[2]=1.55538
    part[3]=1.79911
  OLD loads:
    part[0] cum=49.5938% share=49.5938% device_global=0 rank=0 local_index=0 offset=0 count=3967500
    part[1] cum=50.3438% share=0.750002% device_global=1 rank=0 local_index=1 offset=3967500 count=60000
    part[2] cum=99.5625% share=49.2188% device_global=2 rank=1 local_index=-1 offset=4027500 count=3937500
    part[3] cum=100% share=0.437498% device_global=3 rank=1 local_index=-1 offset=7965000 count=35000
    total=100%
  PROPOSED loads:
    part[0] cum=49.3125% share=49.3125% device_global=0 rank=0 local_index=0 offset=0 count=3967500
    part[1] cum=50.0625% share=0.750002% device_global=1 rank=0 local_index=1 offset=3967500 count=60000
    part[2] cum=99.625% share=49.5625% device_global=2 rank=1 local_index=-1 offset=4027500 count=3937500
    part[3] cum=100% share=0.375003% device_global=3 rank=1 local_index=-1 offset=7965000 count=35000
    total=100%
  CURRENT loads:
    part[0] cum=49.5938% share=49.5938% device_global=0 rank=0 local_index=0 offset=0 count=3967500
    part[1] cum=50.3438% share=0.750002% device_global=1 rank=0 local_index=1 offset=3967500 count=60000
    part[2] cum=99.5625% share=49.2188% device_global=2 rank=1 local_index=-1 offset=4027500 count=3937500
    part[3] cum=100% share=0.437498% device_global=3 rank=1 local_index=-1 offset=7965000 count=35000
    total=100%
[DCL][balance-metrics] iteration=4100
  policy=threshold
  action=skip
  reason=load difference below fixed threshold; diff=0.00443045, threshold=0.1
  T_compute_interval_s=1.57458
  T_comm_interval_s=1.84164
  T_balance_total_s=0.0093273
  T_rebalance_apply_s=0
  T_compute_accum_s=18.4887
  T_comm_accum_s=16.7204
  T_balance_accum_s=0.395658
  T_rebalance_apply_accum_s=0.141962
  device_times_s:
    part[0]=1.57458
    part[1]=1.53863
    part[2]=1.55564
    part[3]=1.50958
  OLD loads:
    part[0] cum=49.5938% share=49.5938% device_global=0 rank=0 local_index=0 offset=0 count=3967500
    part[1] cum=50.3438% share=0.750002% device_global=1 rank=0 local_index=1 offset=3967500 count=60000
    part[2] cum=99.5625% share=49.2188% device_global=2 rank=1 local_index=-1 offset=4027500 count=3937500
    part[3] cum=100% share=0.437498% device_global=3 rank=1 local_index=-1 offset=7965000 count=35000
    total=100%
  PROPOSED loads:
    part[0] cum=49.2812% share=49.2812% device_global=0 rank=0 local_index=0 offset=0 count=3967500
    part[1] cum=50.0312% share=0.749999% device_global=1 rank=0 local_index=1 offset=3967500 count=60000
    part[2] cum=99.5312% share=49.5% device_global=2 rank=1 local_index=-1 offset=4027500 count=3937500
    part[3] cum=100% share=0.468749% device_global=3 rank=1 local_index=-1 offset=7965000 count=35000
    total=100%
  CURRENT loads:
    part[0] cum=49.5938% share=49.5938% device_global=0 rank=0 local_index=0 offset=0 count=3967500
    part[1] cum=50.3438% share=0.750002% device_global=1 rank=0 local_index=1 offset=3967500 count=60000
    part[2] cum=99.5625% share=49.2188% device_global=2 rank=1 local_index=-1 offset=4027500 count=3937500
    part[3] cum=100% share=0.437498% device_global=3 rank=1 local_index=-1 offset=7965000 count=35000
    total=100%
[DCL][balance-metrics] iteration=5100
  policy=threshold
  action=skip
  reason=load difference below fixed threshold; diff=0.00490138, threshold=0.1
  T_compute_interval_s=1.57468
  T_comm_interval_s=1.80907
  T_balance_total_s=0.0127307
  T_rebalance_apply_s=0
  T_compute_accum_s=20.0633
  T_comm_accum_s=18.5295
  T_balance_accum_s=0.408388
  T_rebalance_apply_accum_s=0.141962
  device_times_s:
    part[0]=1.57468
    part[1]=1.51912
    part[2]=1.55512
    part[3]=1.37275
  OLD loads:
    part[0] cum=49.5938% share=49.5938% device_global=0 rank=0 local_index=0 offset=0 count=3967500
    part[1] cum=50.3438% share=0.750002% device_global=1 rank=0 local_index=1 offset=3967500 count=60000
    part[2] cum=99.5625% share=49.2188% device_global=2 rank=1 local_index=-1 offset=4027500 count=3937500
    part[3] cum=100% share=0.437498% device_global=3 rank=1 local_index=-1 offset=7965000 count=35000
    total=100%
  PROPOSED loads:
    part[0] cum=49.25% share=49.25% device_global=0 rank=0 local_index=0 offset=0 count=3967500
    part[1] cum=50% share=0.749999% device_global=1 rank=0 local_index=1 offset=3967500 count=60000
    part[2] cum=99.5% share=49.5% device_global=2 rank=1 local_index=-1 offset=4027500 count=3937500
    part[3] cum=100% share=0.5% device_global=3 rank=1 local_index=-1 offset=7965000 count=35000
    total=100%
  CURRENT loads:
    part[0] cum=49.5938% share=49.5938% device_global=0 rank=0 local_index=0 offset=0 count=3967500
    part[1] cum=50.3438% share=0.750002% device_global=1 rank=0 local_index=1 offset=3967500 count=60000
    part[2] cum=99.5625% share=49.2188% device_global=2 rank=1 local_index=-1 offset=4027500 count=3937500
    part[3] cum=100% share=0.437498% device_global=3 rank=1 local_index=-1 offset=7965000 count=35000
    total=100%
[DCL][balance-metrics] iteration=6100
  policy=threshold
  action=skip
  reason=load difference below fixed threshold; diff=0.00517281, threshold=0.1
  T_compute_interval_s=1.57489
  T_comm_interval_s=1.81184
  T_balance_total_s=0.00959284
  T_rebalance_apply_s=0
  T_compute_accum_s=21.6382
  T_comm_accum_s=20.3413
  T_balance_accum_s=0.417981
  T_rebalance_apply_accum_s=0.141962
  device_times_s:
    part[0]=1.57489
    part[1]=1.50636
    part[2]=1.55548
    part[3]=1.2915
  OLD loads:
    part[0] cum=49.5938% share=49.5938% device_global=0 rank=0 local_index=0 offset=0 count=3967500
    part[1] cum=50.3438% share=0.750002% device_global=1 rank=0 local_index=1 offset=3967500 count=60000
    part[2] cum=99.5625% share=49.2188% device_global=2 rank=1 local_index=-1 offset=4027500 count=3937500
    part[3] cum=100% share=0.437498% device_global=3 rank=1 local_index=-1 offset=7965000 count=35000
    total=100%
  PROPOSED loads:
    part[0] cum=49.2188% share=49.2188% device_global=0 rank=0 local_index=0 offset=0 count=3967500
    part[1] cum=50% share=0.78125% device_global=1 rank=0 local_index=1 offset=3967500 count=60000
    part[2] cum=99.4688% share=49.4688% device_global=2 rank=1 local_index=-1 offset=4027500 count=3937500
    part[3] cum=100% share=0.53125% device_global=3 rank=1 local_index=-1 offset=7965000 count=35000
    total=100%
  CURRENT loads:
    part[0] cum=49.5938% share=49.5938% device_global=0 rank=0 local_index=0 offset=0 count=3967500
    part[1] cum=50.3438% share=0.750002% device_global=1 rank=0 local_index=1 offset=3967500 count=60000
    part[2] cum=99.5625% share=49.2188% device_global=2 rank=1 local_index=-1 offset=4027500 count=3937500
    part[3] cum=100% share=0.437498% device_global=3 rank=1 local_index=-1 offset=7965000 count=35000
    total=100%
[DCL][balance-metrics] iteration=7100
  policy=threshold
  action=skip
  reason=load difference below fixed threshold; diff=0.00523847, threshold=0.1
  T_compute_interval_s=1.57459
  T_comm_interval_s=1.82266
  T_balance_total_s=0.0100154
  T_rebalance_apply_s=0
  T_compute_accum_s=23.2128
  T_comm_accum_s=22.164
  T_balance_accum_s=0.427997
  T_rebalance_apply_accum_s=0.141962
  device_times_s:
    part[0]=1.57459
    part[1]=1.49943
    part[2]=1.55591
    part[3]=1.24075
  OLD loads:
    part[0] cum=49.5938% share=49.5938% device_global=0 rank=0 local_index=0 offset=0 count=3967500
    part[1] cum=50.3438% share=0.750002% device_global=1 rank=0 local_index=1 offset=3967500 count=60000
    part[2] cum=99.5625% share=49.2188% device_global=2 rank=1 local_index=-1 offset=4027500 count=3937500
    part[3] cum=100% share=0.437498% device_global=3 rank=1 local_index=-1 offset=7965000 count=35000
    total=100%
  PROPOSED loads:
    part[0] cum=49.2188% share=49.2188% device_global=0 rank=0 local_index=0 offset=0 count=3967500
    part[1] cum=50% share=0.78125% device_global=1 rank=0 local_index=1 offset=3967500 count=60000
    part[2] cum=99.4375% share=49.4375% device_global=2 rank=1 local_index=-1 offset=4027500 count=3937500
    part[3] cum=100% share=0.562501% device_global=3 rank=1 local_index=-1 offset=7965000 count=35000
    total=100%
  CURRENT loads:
    part[0] cum=49.5938% share=49.5938% device_global=0 rank=0 local_index=0 offset=0 count=3967500
    part[1] cum=50.3438% share=0.750002% device_global=1 rank=0 local_index=1 offset=3967500 count=60000
    part[2] cum=99.5625% share=49.2188% device_global=2 rank=1 local_index=-1 offset=4027500 count=3937500
    part[3] cum=100% share=0.437498% device_global=3 rank=1 local_index=-1 offset=7965000 count=35000
    total=100%
[DCL][balance-metrics] iteration=8100
  policy=threshold
  action=skip
  reason=load difference below fixed threshold; diff=0.00523847, threshold=0.1
  T_compute_interval_s=1.5747
  T_comm_interval_s=1.81458
  T_balance_total_s=0.0111525
  T_rebalance_apply_s=0
  T_compute_accum_s=24.7875
  T_comm_accum_s=23.9785
  T_balance_accum_s=0.439149
  T_rebalance_apply_accum_s=0.141962
  device_times_s:
    part[0]=1.5747
    part[1]=1.49928
    part[2]=1.55605
    part[3]=1.20684
  OLD loads:
    part[0] cum=49.5938% share=49.5938% device_global=0 rank=0 local_index=0 offset=0 count=3967500
    part[1] cum=50.3438% share=0.750002% device_global=1 rank=0 local_index=1 offset=3967500 count=60000
    part[2] cum=99.5625% share=49.2188% device_global=2 rank=1 local_index=-1 offset=4027500 count=3937500
    part[3] cum=100% share=0.437498% device_global=3 rank=1 local_index=-1 offset=7965000 count=35000
    total=100%
  PROPOSED loads:
    part[0] cum=49.2188% share=49.2188% device_global=0 rank=0 local_index=0 offset=0 count=3967500
    part[1] cum=50% share=0.78125% device_global=1 rank=0 local_index=1 offset=3967500 count=60000
    part[2] cum=99.4375% share=49.4375% device_global=2 rank=1 local_index=-1 offset=4027500 count=3937500
    part[3] cum=100% share=0.562501% device_global=3 rank=1 local_index=-1 offset=7965000 count=35000
    total=100%
  CURRENT loads:
    part[0] cum=49.5938% share=49.5938% device_global=0 rank=0 local_index=0 offset=0 count=3967500
    part[1] cum=50.3438% share=0.750002% device_global=1 rank=0 local_index=1 offset=3967500 count=60000
    part[2] cum=99.5625% share=49.2188% device_global=2 rank=1 local_index=-1 offset=4027500 count=3937500
    part[3] cum=100% share=0.437498% device_global=3 rank=1 local_index=-1 offset=7965000 count=35000
    total=100%
[DCL][balance-metrics] iteration=9100
  policy=threshold
  action=skip
  reason=load difference below fixed threshold; diff=0.0053217, threshold=0.1
  T_compute_interval_s=1.57451
  T_comm_interval_s=1.819
  T_balance_total_s=0.00967595
  T_rebalance_apply_s=0
  T_compute_accum_s=26.362
  T_comm_accum_s=25.7975
  T_balance_accum_s=0.448825
  T_rebalance_apply_accum_s=0.141962
  device_times_s:
    part[0]=1.57451
    part[1]=1.49874
    part[2]=1.55579
    part[3]=1.15623
  OLD loads:
    part[0] cum=49.5938% share=49.5938% device_global=0 rank=0 local_index=0 offset=0 count=3967500
    part[1] cum=50.3438% share=0.750002% device_global=1 rank=0 local_index=1 offset=3967500 count=60000
    part[2] cum=99.5625% share=49.2188% device_global=2 rank=1 local_index=-1 offset=4027500 count=3937500
    part[3] cum=100% share=0.437498% device_global=3 rank=1 local_index=-1 offset=7965000 count=35000
    total=100%
  PROPOSED loads:
    part[0] cum=49.2188% share=49.2188% device_global=0 rank=0 local_index=0 offset=0 count=3967500
    part[1] cum=50% share=0.78125% device_global=1 rank=0 local_index=1 offset=3967500 count=60000
    part[2] cum=99.4062% share=49.4062% device_global=2 rank=1 local_index=-1 offset=4027500 count=3937500
    part[3] cum=100% share=0.593752% device_global=3 rank=1 local_index=-1 offset=7965000 count=35000
    total=100%
  CURRENT loads:
    part[0] cum=49.5938% share=49.5938% device_global=0 rank=0 local_index=0 offset=0 count=3967500
    part[1] cum=50.3438% share=0.750002% device_global=1 rank=0 local_index=1 offset=3967500 count=60000
    part[2] cum=99.5625% share=49.2188% device_global=2 rank=1 local_index=-1 offset=4027500 count=3937500
    part[3] cum=100% share=0.437498% device_global=3 rank=1 local_index=-1 offset=7965000 count=35000
    total=100%

=== PARTICOES FINAIS ===
=== Particoes globais ===
part[0] device_global=0 rank=0 local_index=0 offset=0 count=3967500
part[1] device_global=1 rank=0 local_index=1 offset=3967500 count=60000
part[2] device_global=2 rank=1 local_index=-1 offset=4027500 count=3937500
part[3] device_global=3 rank=1 local_index=-1 offset=7965000 count=35000


============================
ITERACAO 10000
Tempo de execução: 35.7405s
