=== Dispositivos locais do rank 1 ===
global=2 local=0 nome="NVIDIA RTX 2000 Ada Generation" compute_units=22
global=3 local=1 nome="Intel(R) Xeon(R) CPU           E5620  @ 2.40GHz" compute_units=16

=== Dispositivos locais do rank 0 ===
global=0 local=0 nome="NVIDIA RTX 2000 Ada Generation" compute_units=22
global=1 local=1 nome="Intel(R) Xeon(R) CPU           E5620  @ 2.40GHz" compute_units=16

=== PARTICOES INICIAIS ===
=== Particoes globais ===
part[0] device_global=0 rank=0 local_index=0 offset=0 count=2000000
part[1] device_global=1 rank=0 local_index=1 offset=2000000 count=2000000
part[2] device_global=2 rank=1 local_index=-1 offset=4000000 count=2000000
part[3] device_global=3 rank=1 local_index=-1 offset=6000000 count=2000000

X = 50 Y = 50 Z = 3200 Iterations = 10000
[DCL][balance-metrics] iteration=100
  policy=threshold
  action=rebalance
  reason=accepted by fixed threshold; diff=0.348957, threshold=0.1
  T_compute_interval_s=10.3823
  T_comm_interval_s=9.29293
  T_balance_total_s=0.353462
  T_rebalance_apply_s=0.143809
  T_compute_accum_s=10.3823
  T_comm_accum_s=9.29293
  T_balance_accum_s=0.353462
  T_rebalance_apply_accum_s=0.143809
  device_times_s:
    part[0]=0.0928283
    part[1]=6.09408
    part[2]=0.0942439
    part[3]=10.3823
  OLD loads:
    part[0] cum=25% share=25% device_global=0 rank=0 local_index=0 offset=0 count=3982500
    part[1] cum=50% share=25% device_global=1 rank=0 local_index=1 offset=3982500 count=60000
    part[2] cum=75% share=25% device_global=2 rank=1 local_index=-1 offset=4042500 count=3922500
    part[3] cum=100% share=25% device_global=3 rank=1 local_index=-1 offset=7965000 count=35000
    total=100%
  PROPOSED loads:
    part[0] cum=49.7812% share=49.7812% device_global=0 rank=0 local_index=0 offset=0 count=3982500
    part[1] cum=50.5312% share=0.749999% device_global=1 rank=0 local_index=1 offset=3982500 count=60000
    part[2] cum=99.5625% share=49.0312% device_global=2 rank=1 local_index=-1 offset=4042500 count=3922500
    part[3] cum=100% share=0.437498% device_global=3 rank=1 local_index=-1 offset=7965000 count=35000
    total=100%
  CURRENT loads:
    part[0] cum=49.7812% share=49.7812% device_global=0 rank=0 local_index=0 offset=0 count=3982500
    part[1] cum=50.5312% share=0.749999% device_global=1 rank=0 local_index=1 offset=3982500 count=60000
    part[2] cum=99.5625% share=49.0312% device_global=2 rank=1 local_index=-1 offset=4042500 count=3922500
    part[3] cum=100% share=0.437498% device_global=3 rank=1 local_index=-1 offset=7965000 count=35000
    total=100%
[DCL][balance-metrics] iteration=1100
  policy=threshold
  action=skip
  reason=load difference below fixed threshold; diff=0.00772452, threshold=0.1
  T_compute_interval_s=2.40478
  T_comm_interval_s=1.85901
  T_balance_total_s=0.00946677
  T_rebalance_apply_s=0
  T_compute_accum_s=12.7871
  T_comm_accum_s=11.1519
  T_balance_accum_s=0.362929
  T_rebalance_apply_accum_s=0.143809
  device_times_s:
    part[0]=1.60388
    part[1]=1.90323
    part[2]=1.56547
    part[3]=2.40478
  OLD loads:
    part[0] cum=49.7812% share=49.7812% device_global=0 rank=0 local_index=0 offset=0 count=3982500
    part[1] cum=50.5312% share=0.749999% device_global=1 rank=0 local_index=1 offset=3982500 count=60000
    part[2] cum=99.5625% share=49.0312% device_global=2 rank=1 local_index=-1 offset=4042500 count=3922500
    part[3] cum=100% share=0.437498% device_global=3 rank=1 local_index=-1 offset=7965000 count=35000
    total=100%
  PROPOSED loads:
    part[0] cum=49.3125% share=49.3125% device_global=0 rank=0 local_index=0 offset=0 count=3982500
    part[1] cum=49.9375% share=0.624999% device_global=1 rank=0 local_index=1 offset=3982500 count=60000
    part[2] cum=99.7188% share=49.7812% device_global=2 rank=1 local_index=-1 offset=4042500 count=3922500
    part[3] cum=100% share=0.28125% device_global=3 rank=1 local_index=-1 offset=7965000 count=35000
    total=100%
  CURRENT loads:
    part[0] cum=49.7812% share=49.7812% device_global=0 rank=0 local_index=0 offset=0 count=3982500
    part[1] cum=50.5312% share=0.749999% device_global=1 rank=0 local_index=1 offset=3982500 count=60000
    part[2] cum=99.5625% share=49.0312% device_global=2 rank=1 local_index=-1 offset=4042500 count=3922500
    part[3] cum=100% share=0.437498% device_global=3 rank=1 local_index=-1 offset=7965000 count=35000
    total=100%
[DCL][balance-metrics] iteration=2100
  policy=threshold
  action=skip
  reason=load difference below fixed threshold; diff=0.00609974, threshold=0.1
  T_compute_interval_s=2.22364
  T_comm_interval_s=1.85345
  T_balance_total_s=0.0095538
  T_rebalance_apply_s=0
  T_compute_accum_s=15.0107
  T_comm_accum_s=13.0054
  T_balance_accum_s=0.372483
  T_rebalance_apply_accum_s=0.143809
  device_times_s:
    part[0]=1.58032
    part[1]=1.63329
    part[2]=1.54939
    part[3]=2.22364
  OLD loads:
    part[0] cum=49.7812% share=49.7812% device_global=0 rank=0 local_index=0 offset=0 count=3982500
    part[1] cum=50.5312% share=0.749999% device_global=1 rank=0 local_index=1 offset=3982500 count=60000
    part[2] cum=99.5625% share=49.0312% device_global=2 rank=1 local_index=-1 offset=4042500 count=3922500
    part[3] cum=100% share=0.437498% device_global=3 rank=1 local_index=-1 offset=7965000 count=35000
    total=100%
  PROPOSED loads:
    part[0] cum=49.375% share=49.375% device_global=0 rank=0 local_index=0 offset=0 count=3982500
    part[1] cum=50.0938% share=0.718752% device_global=1 rank=0 local_index=1 offset=3982500 count=60000
    part[2] cum=99.6875% share=49.5937% device_global=2 rank=1 local_index=-1 offset=4042500 count=3922500
    part[3] cum=100% share=0.312501% device_global=3 rank=1 local_index=-1 offset=7965000 count=35000
    total=100%
  CURRENT loads:
    part[0] cum=49.7812% share=49.7812% device_global=0 rank=0 local_index=0 offset=0 count=3982500
    part[1] cum=50.5312% share=0.749999% device_global=1 rank=0 local_index=1 offset=3982500 count=60000
    part[2] cum=99.5625% share=49.0312% device_global=2 rank=1 local_index=-1 offset=4042500 count=3922500
    part[3] cum=100% share=0.437498% device_global=3 rank=1 local_index=-1 offset=7965000 count=35000
    total=100%
[DCL][balance-metrics] iteration=3100
  policy=threshold
  action=skip
  reason=load difference below fixed threshold; diff=0.00621866, threshold=0.1
  T_compute_interval_s=1.80414
  T_comm_interval_s=1.79649
  T_balance_total_s=0.00988903
  T_rebalance_apply_s=0
  T_compute_accum_s=16.8148
  T_comm_accum_s=14.8019
  T_balance_accum_s=0.382372
  T_rebalance_apply_accum_s=0.143809
  device_times_s:
    part[0]=1.57972
    part[1]=1.57555
    part[2]=1.54964
    part[3]=1.80414
  OLD loads:
    part[0] cum=49.7812% share=49.7812% device_global=0 rank=0 local_index=0 offset=0 count=3982500
    part[1] cum=50.5312% share=0.749999% device_global=1 rank=0 local_index=1 offset=3982500 count=60000
    part[2] cum=99.5625% share=49.0312% device_global=2 rank=1 local_index=-1 offset=4042500 count=3922500
    part[3] cum=100% share=0.437498% device_global=3 rank=1 local_index=-1 offset=7965000 count=35000
    total=100%
  PROPOSED loads:
    part[0] cum=49.3438% share=49.3438% device_global=0 rank=0 local_index=0 offset=0 count=3982500
    part[1] cum=50.0938% share=0.750002% device_global=1 rank=0 local_index=1 offset=3982500 count=60000
    part[2] cum=99.625% share=49.5312% device_global=2 rank=1 local_index=-1 offset=4042500 count=3922500
    part[3] cum=100% share=0.375003% device_global=3 rank=1 local_index=-1 offset=7965000 count=35000
    total=100%
  CURRENT loads:
    part[0] cum=49.7812% share=49.7812% device_global=0 rank=0 local_index=0 offset=0 count=3982500
    part[1] cum=50.5312% share=0.749999% device_global=1 rank=0 local_index=1 offset=3982500 count=60000
    part[2] cum=99.5625% share=49.0312% device_global=2 rank=1 local_index=-1 offset=4042500 count=3922500
    part[3] cum=100% share=0.437498% device_global=3 rank=1 local_index=-1 offset=7965000 count=35000
    total=100%
[DCL][balance-metrics] iteration=4100
  policy=threshold
  action=skip
  reason=load difference below fixed threshold; diff=0.00662913, threshold=0.1
  T_compute_interval_s=1.57973
  T_comm_interval_s=1.79521
  T_balance_total_s=0.00922834
  T_rebalance_apply_s=0
  T_compute_accum_s=18.3946
  T_comm_accum_s=16.5971
  T_balance_accum_s=0.3916
  T_rebalance_apply_accum_s=0.143809
  device_times_s:
    part[0]=1.57973
    part[1]=1.53977
    part[2]=1.55072
    part[3]=1.53354
  OLD loads:
    part[0] cum=49.7812% share=49.7812% device_global=0 rank=0 local_index=0 offset=0 count=3982500
    part[1] cum=50.5312% share=0.749999% device_global=1 rank=0 local_index=1 offset=3982500 count=60000
    part[2] cum=99.5625% share=49.0312% device_global=2 rank=1 local_index=-1 offset=4042500 count=3922500
    part[3] cum=100% share=0.437498% device_global=3 rank=1 local_index=-1 offset=7965000 count=35000
    total=100%
  PROPOSED loads:
    part[0] cum=49.3125% share=49.3125% device_global=0 rank=0 local_index=0 offset=0 count=3982500
    part[1] cum=50.0625% share=0.750002% device_global=1 rank=0 local_index=1 offset=3982500 count=60000
    part[2] cum=99.5625% share=49.5% device_global=2 rank=1 local_index=-1 offset=4042500 count=3922500
    part[3] cum=100% share=0.437498% device_global=3 rank=1 local_index=-1 offset=7965000 count=35000
    total=100%
  CURRENT loads:
    part[0] cum=49.7812% share=49.7812% device_global=0 rank=0 local_index=0 offset=0 count=3982500
    part[1] cum=50.5312% share=0.749999% device_global=1 rank=0 local_index=1 offset=3982500 count=60000
    part[2] cum=99.5625% share=49.0312% device_global=2 rank=1 local_index=-1 offset=4042500 count=3922500
    part[3] cum=100% share=0.437498% device_global=3 rank=1 local_index=-1 offset=7965000 count=35000
    total=100%
[DCL][balance-metrics] iteration=5100
  policy=threshold
  action=skip
  reason=load difference below fixed threshold; diff=0.00732211, threshold=0.1
  T_compute_interval_s=1.57972
  T_comm_interval_s=1.82177
  T_balance_total_s=0.0093391
  T_rebalance_apply_s=0
  T_compute_accum_s=19.9743
  T_comm_accum_s=18.4189
  T_balance_accum_s=0.400939
  T_rebalance_apply_accum_s=0.143809
  device_times_s:
    part[0]=1.57972
    part[1]=1.52125
    part[2]=1.54905
    part[3]=1.36852
  OLD loads:
    part[0] cum=49.7812% share=49.7812% device_global=0 rank=0 local_index=0 offset=0 count=3982500
    part[1] cum=50.5312% share=0.749999% device_global=1 rank=0 local_index=1 offset=3982500 count=60000
    part[2] cum=99.5625% share=49.0312% device_global=2 rank=1 local_index=-1 offset=4042500 count=3922500
    part[3] cum=100% share=0.437498% device_global=3 rank=1 local_index=-1 offset=7965000 count=35000
    total=100%
  PROPOSED loads:
    part[0] cum=49.25% share=49.25% device_global=0 rank=0 local_index=0 offset=0 count=3982500
    part[1] cum=50.0312% share=0.78125% device_global=1 rank=0 local_index=1 offset=3982500 count=60000
    part[2] cum=99.5% share=49.4688% device_global=2 rank=1 local_index=-1 offset=4042500 count=3922500
    part[3] cum=100% share=0.5% device_global=3 rank=1 local_index=-1 offset=7965000 count=35000
    total=100%
  CURRENT loads:
    part[0] cum=49.7812% share=49.7812% device_global=0 rank=0 local_index=0 offset=0 count=3982500
    part[1] cum=50.5312% share=0.749999% device_global=1 rank=0 local_index=1 offset=3982500 count=60000
    part[2] cum=99.5625% share=49.0312% device_global=2 rank=1 local_index=-1 offset=4042500 count=3922500
    part[3] cum=100% share=0.437498% device_global=3 rank=1 local_index=-1 offset=7965000 count=35000
    total=100%
[DCL][balance-metrics] iteration=6100
  policy=threshold
  action=skip
  reason=load difference below fixed threshold; diff=0.00735538, threshold=0.1
  T_compute_interval_s=1.57969
  T_comm_interval_s=1.82694
  T_balance_total_s=0.00975752
  T_rebalance_apply_s=0
  T_compute_accum_s=21.554
  T_comm_accum_s=20.2458
  T_balance_accum_s=0.410697
  T_rebalance_apply_accum_s=0.143809
  device_times_s:
    part[0]=1.57969
    part[1]=1.50781
    part[2]=1.54967
    part[3]=1.29908
  OLD loads:
    part[0] cum=49.7812% share=49.7812% device_global=0 rank=0 local_index=0 offset=0 count=3982500
    part[1] cum=50.5312% share=0.749999% device_global=1 rank=0 local_index=1 offset=3982500 count=60000
    part[2] cum=99.5625% share=49.0312% device_global=2 rank=1 local_index=-1 offset=4042500 count=3922500
    part[3] cum=100% share=0.437498% device_global=3 rank=1 local_index=-1 offset=7965000 count=35000
    total=100%
  PROPOSED loads:
    part[0] cum=49.25% share=49.25% device_global=0 rank=0 local_index=0 offset=0 count=3982500
    part[1] cum=50.0312% share=0.78125% device_global=1 rank=0 local_index=1 offset=3982500 count=60000
    part[2] cum=99.4688% share=49.4375% device_global=2 rank=1 local_index=-1 offset=4042500 count=3922500
    part[3] cum=100% share=0.53125% device_global=3 rank=1 local_index=-1 offset=7965000 count=35000
    total=100%
  CURRENT loads:
    part[0] cum=49.7812% share=49.7812% device_global=0 rank=0 local_index=0 offset=0 count=3982500
    part[1] cum=50.5312% share=0.749999% device_global=1 rank=0 local_index=1 offset=3982500 count=60000
    part[2] cum=99.5625% share=49.0312% device_global=2 rank=1 local_index=-1 offset=4042500 count=3922500
    part[3] cum=100% share=0.437498% device_global=3 rank=1 local_index=-1 offset=7965000 count=35000
    total=100%
[DCL][balance-metrics] iteration=7100
  policy=threshold
  action=skip
  reason=load difference below fixed threshold; diff=0.00783747, threshold=0.1
  T_compute_interval_s=1.57985
  T_comm_interval_s=1.79566
  T_balance_total_s=0.00996872
  T_rebalance_apply_s=0
  T_compute_accum_s=23.1338
  T_comm_accum_s=22.0415
  T_balance_accum_s=0.420666
  T_rebalance_apply_accum_s=0.143809
  device_times_s:
    part[0]=1.57985
    part[1]=1.49936
    part[2]=1.54957
    part[3]=1.24044
  OLD loads:
    part[0] cum=49.7812% share=49.7812% device_global=0 rank=0 local_index=0 offset=0 count=3982500
    part[1] cum=50.5312% share=0.749999% device_global=1 rank=0 local_index=1 offset=3982500 count=60000
    part[2] cum=99.5625% share=49.0312% device_global=2 rank=1 local_index=-1 offset=4042500 count=3922500
    part[3] cum=100% share=0.437498% device_global=3 rank=1 local_index=-1 offset=7965000 count=35000
    total=100%
  PROPOSED loads:
    part[0] cum=49.2188% share=49.2188% device_global=0 rank=0 local_index=0 offset=0 count=3982500
    part[1] cum=50% share=0.78125% device_global=1 rank=0 local_index=1 offset=3982500 count=60000
    part[2] cum=99.4375% share=49.4375% device_global=2 rank=1 local_index=-1 offset=4042500 count=3922500
    part[3] cum=100% share=0.562501% device_global=3 rank=1 local_index=-1 offset=7965000 count=35000
    total=100%
  CURRENT loads:
    part[0] cum=49.7812% share=49.7812% device_global=0 rank=0 local_index=0 offset=0 count=3982500
    part[1] cum=50.5312% share=0.749999% device_global=1 rank=0 local_index=1 offset=3982500 count=60000
    part[2] cum=99.5625% share=49.0312% device_global=2 rank=1 local_index=-1 offset=4042500 count=3922500
    part[3] cum=100% share=0.437498% device_global=3 rank=1 local_index=-1 offset=7965000 count=35000
    total=100%
[DCL][balance-metrics] iteration=8100
  policy=threshold
  action=skip
  reason=load difference below fixed threshold; diff=0.00789335, threshold=0.1
  T_compute_interval_s=1.57979
  T_comm_interval_s=1.8434
  T_balance_total_s=0.00963705
  T_rebalance_apply_s=0
  T_compute_accum_s=24.7136
  T_comm_accum_s=23.8849
  T_balance_accum_s=0.430303
  T_rebalance_apply_accum_s=0.143809
  device_times_s:
    part[0]=1.57979
    part[1]=1.49936
    part[2]=1.54987
    part[3]=1.17526
  OLD loads:
    part[0] cum=49.7812% share=49.7812% device_global=0 rank=0 local_index=0 offset=0 count=3982500
    part[1] cum=50.5312% share=0.749999% device_global=1 rank=0 local_index=1 offset=3982500 count=60000
    part[2] cum=99.5625% share=49.0312% device_global=2 rank=1 local_index=-1 offset=4042500 count=3922500
    part[3] cum=100% share=0.437498% device_global=3 rank=1 local_index=-1 offset=7965000 count=35000
    total=100%
  PROPOSED loads:
    part[0] cum=49.2188% share=49.2188% device_global=0 rank=0 local_index=0 offset=0 count=3982500
    part[1] cum=50% share=0.78125% device_global=1 rank=0 local_index=1 offset=3982500 count=60000
    part[2] cum=99.4062% share=49.4062% device_global=2 rank=1 local_index=-1 offset=4042500 count=3922500
    part[3] cum=100% share=0.593752% device_global=3 rank=1 local_index=-1 offset=7965000 count=35000
    total=100%
  CURRENT loads:
    part[0] cum=49.7812% share=49.7812% device_global=0 rank=0 local_index=0 offset=0 count=3982500
    part[1] cum=50.5312% share=0.749999% device_global=1 rank=0 local_index=1 offset=3982500 count=60000
    part[2] cum=99.5625% share=49.0312% device_global=2 rank=1 local_index=-1 offset=4042500 count=3922500
    part[3] cum=100% share=0.437498% device_global=3 rank=1 local_index=-1 offset=7965000 count=35000
    total=100%
[DCL][balance-metrics] iteration=9100
  policy=threshold
  action=skip
  reason=load difference below fixed threshold; diff=0.00746084, threshold=0.1
  T_compute_interval_s=1.57982
  T_comm_interval_s=1.84254
  T_balance_total_s=0.00995608
  T_rebalance_apply_s=0
  T_compute_accum_s=26.2934
  T_comm_accum_s=25.7274
  T_balance_accum_s=0.440259
  T_rebalance_apply_accum_s=0.143809
  device_times_s:
    part[0]=1.57982
    part[1]=1.49907
    part[2]=1.55206
    part[3]=1.17007
  OLD loads:
    part[0] cum=49.7812% share=49.7812% device_global=0 rank=0 local_index=0 offset=0 count=3982500
    part[1] cum=50.5312% share=0.749999% device_global=1 rank=0 local_index=1 offset=3982500 count=60000
    part[2] cum=99.5625% share=49.0312% device_global=2 rank=1 local_index=-1 offset=4042500 count=3922500
    part[3] cum=100% share=0.437498% device_global=3 rank=1 local_index=-1 offset=7965000 count=35000
    total=100%
  PROPOSED loads:
    part[0] cum=49.25% share=49.25% device_global=0 rank=0 local_index=0 offset=0 count=3982500
    part[1] cum=50.0312% share=0.78125% device_global=1 rank=0 local_index=1 offset=3982500 count=60000
    part[2] cum=99.4062% share=49.375% device_global=2 rank=1 local_index=-1 offset=4042500 count=3922500
    part[3] cum=100% share=0.593752% device_global=3 rank=1 local_index=-1 offset=7965000 count=35000
    total=100%
  CURRENT loads:
    part[0] cum=49.7812% share=49.7812% device_global=0 rank=0 local_index=0 offset=0 count=3982500
    part[1] cum=50.5312% share=0.749999% device_global=1 rank=0 local_index=1 offset=3982500 count=60000
    part[2] cum=99.5625% share=49.0312% device_global=2 rank=1 local_index=-1 offset=4042500 count=3922500
    part[3] cum=100% share=0.437498% device_global=3 rank=1 local_index=-1 offset=7965000 count=35000
    total=100%

=== PARTICOES FINAIS ===
=== Particoes globais ===
part[0] device_global=0 rank=0 local_index=0 offset=0 count=3982500
part[1] device_global=1 rank=0 local_index=1 offset=3982500 count=60000
part[2] device_global=2 rank=1 local_index=-1 offset=4042500 count=3922500
part[3] device_global=3 rank=1 local_index=-1 offset=7965000 count=35000


============================
ITERACAO 10000
Tempo de execução: 35.6293s
