=== Dispositivos locais do rank 0 ===
global=0 local=0 nome="NVIDIA RTX 2000 Ada Generation" compute_units=22
global=1 local=1 nome="Intel(R) Xeon(R) CPU           E5620  @ 2.40GHz" compute_units=16

=== Dispositivos locais do rank 1 ===
global=2 local=0 nome="NVIDIA RTX 2000 Ada Generation" compute_units=22
global=3 local=1 nome="Intel(R) Xeon(R) CPU           E5620  @ 2.40GHz" compute_units=16

=== PARTICOES INICIAIS ===
=== Particoes globais ===
part[0] device_global=0 rank=0 local_index=0 offset=0 count=2000000
part[1] device_global=1 rank=0 local_index=1 offset=2000000 count=2000000
part[2] device_global=2 rank=1 local_index=-1 offset=4000000 count=2000000
part[3] device_global=3 rank=1 local_index=-1 offset=6000000 count=2000000

X = 50 Y = 50 Z = 3200 Iterations = 10000
[DCL][balance-metrics] iteration=100
  policy=threshold
  action=rebalance
  reason=accepted by fixed threshold; diff=0.348509, threshold=0.1
  T_compute_interval_s=10.3886
  T_comm_interval_s=9.23953
  T_balance_total_s=0.358291
  T_rebalance_apply_s=0.14765
  T_compute_accum_s=10.3886
  T_comm_accum_s=9.23953
  T_balance_accum_s=0.358291
  T_rebalance_apply_accum_s=0.14765
  device_times_s:
    part[0]=0.0929158
    part[1]=6.0993
    part[2]=0.0941833
    part[3]=10.3886
  OLD loads:
    part[0] cum=25% share=25% device_global=0 rank=0 local_index=0 offset=0 count=3977500
    part[1] cum=50% share=25% device_global=1 rank=0 local_index=1 offset=3977500 count=62500
    part[2] cum=75% share=25% device_global=2 rank=1 local_index=-1 offset=4040000 count=3925000
    part[3] cum=100% share=25% device_global=3 rank=1 local_index=-1 offset=7965000 count=35000
    total=100%
  PROPOSED loads:
    part[0] cum=49.7188% share=49.7188% device_global=0 rank=0 local_index=0 offset=0 count=3977500
    part[1] cum=50.5% share=0.78125% device_global=1 rank=0 local_index=1 offset=3977500 count=62500
    part[2] cum=99.5625% share=49.0625% device_global=2 rank=1 local_index=-1 offset=4040000 count=3925000
    part[3] cum=100% share=0.437498% device_global=3 rank=1 local_index=-1 offset=7965000 count=35000
    total=100%
  CURRENT loads:
    part[0] cum=49.7188% share=49.7188% device_global=0 rank=0 local_index=0 offset=0 count=3977500
    part[1] cum=50.5% share=0.78125% device_global=1 rank=0 local_index=1 offset=3977500 count=62500
    part[2] cum=99.5625% share=49.0625% device_global=2 rank=1 local_index=-1 offset=4040000 count=3925000
    part[3] cum=100% share=0.437498% device_global=3 rank=1 local_index=-1 offset=7965000 count=35000
    total=100%
[DCL][balance-metrics] iteration=1100
  policy=threshold
  action=skip
  reason=load difference below fixed threshold; diff=0.00345167, threshold=0.1
  T_compute_interval_s=2.429
  T_comm_interval_s=1.85554
  T_balance_total_s=0.00951615
  T_rebalance_apply_s=0
  T_compute_accum_s=12.8176
  T_comm_accum_s=11.0951
  T_balance_accum_s=0.367807
  T_rebalance_apply_accum_s=0.14765
  device_times_s:
    part[0]=1.59513
    part[1]=1.98581
    part[2]=1.57814
    part[3]=2.429
  OLD loads:
    part[0] cum=49.7188% share=49.7188% device_global=0 rank=0 local_index=0 offset=0 count=3977500
    part[1] cum=50.5% share=0.78125% device_global=1 rank=0 local_index=1 offset=3977500 count=62500
    part[2] cum=99.5625% share=49.0625% device_global=2 rank=1 local_index=-1 offset=4040000 count=3925000
    part[3] cum=100% share=0.437498% device_global=3 rank=1 local_index=-1 offset=7965000 count=35000
    total=100%
  PROPOSED loads:
    part[0] cum=49.5938% share=49.5938% device_global=0 rank=0 local_index=0 offset=0 count=3977500
    part[1] cum=50.2188% share=0.624999% device_global=1 rank=0 local_index=1 offset=3977500 count=62500
    part[2] cum=99.7188% share=49.5% device_global=2 rank=1 local_index=-1 offset=4040000 count=3925000
    part[3] cum=100% share=0.28125% device_global=3 rank=1 local_index=-1 offset=7965000 count=35000
    total=100%
  CURRENT loads:
    part[0] cum=49.7188% share=49.7188% device_global=0 rank=0 local_index=0 offset=0 count=3977500
    part[1] cum=50.5% share=0.78125% device_global=1 rank=0 local_index=1 offset=3977500 count=62500
    part[2] cum=99.5625% share=49.0625% device_global=2 rank=1 local_index=-1 offset=4040000 count=3925000
    part[3] cum=100% share=0.437498% device_global=3 rank=1 local_index=-1 offset=7965000 count=35000
    total=100%
[DCL][balance-metrics] iteration=2100
  policy=threshold
  action=skip
  reason=load difference below fixed threshold; diff=0.00546648, threshold=0.1
  T_compute_interval_s=2.17733
  T_comm_interval_s=1.81088
  T_balance_total_s=0.00963879
  T_rebalance_apply_s=0
  T_compute_accum_s=14.995
  T_comm_accum_s=12.9059
  T_balance_accum_s=0.377446
  T_rebalance_apply_accum_s=0.14765
  device_times_s:
    part[0]=1.5787
    part[1]=1.68191
    part[2]=1.55125
    part[3]=2.17733
  OLD loads:
    part[0] cum=49.7188% share=49.7188% device_global=0 rank=0 local_index=0 offset=0 count=3977500
    part[1] cum=50.5% share=0.78125% device_global=1 rank=0 local_index=1 offset=3977500 count=62500
    part[2] cum=99.5625% share=49.0625% device_global=2 rank=1 local_index=-1 offset=4040000 count=3925000
    part[3] cum=100% share=0.437498% device_global=3 rank=1 local_index=-1 offset=7965000 count=35000
    total=100%
  PROPOSED loads:
    part[0] cum=49.375% share=49.375% device_global=0 rank=0 local_index=0 offset=0 count=3977500
    part[1] cum=50.0938% share=0.718752% device_global=1 rank=0 local_index=1 offset=3977500 count=62500
    part[2] cum=99.6875% share=49.5937% device_global=2 rank=1 local_index=-1 offset=4040000 count=3925000
    part[3] cum=100% share=0.312501% device_global=3 rank=1 local_index=-1 offset=7965000 count=35000
    total=100%
  CURRENT loads:
    part[0] cum=49.7188% share=49.7188% device_global=0 rank=0 local_index=0 offset=0 count=3977500
    part[1] cum=50.5% share=0.78125% device_global=1 rank=0 local_index=1 offset=3977500 count=62500
    part[2] cum=99.5625% share=49.0625% device_global=2 rank=1 local_index=-1 offset=4040000 count=3925000
    part[3] cum=100% share=0.437498% device_global=3 rank=1 local_index=-1 offset=7965000 count=35000
    total=100%
[DCL][balance-metrics] iteration=3100
  policy=threshold
  action=skip
  reason=load difference below fixed threshold; diff=0.00600291, threshold=0.1
  T_compute_interval_s=1.79604
  T_comm_interval_s=1.80401
  T_balance_total_s=0.0106631
  T_rebalance_apply_s=0
  T_compute_accum_s=16.791
  T_comm_accum_s=14.71
  T_balance_accum_s=0.388109
  T_rebalance_apply_accum_s=0.14765
  device_times_s:
    part[0]=1.57891
    part[1]=1.63257
    part[2]=1.55134
    part[3]=1.79604
  OLD loads:
    part[0] cum=49.7188% share=49.7188% device_global=0 rank=0 local_index=0 offset=0 count=3977500
    part[1] cum=50.5% share=0.78125% device_global=1 rank=0 local_index=1 offset=3977500 count=62500
    part[2] cum=99.5625% share=49.0625% device_global=2 rank=1 local_index=-1 offset=4040000 count=3925000
    part[3] cum=100% share=0.437498% device_global=3 rank=1 local_index=-1 offset=7965000 count=35000
    total=100%
  PROPOSED loads:
    part[0] cum=49.3125% share=49.3125% device_global=0 rank=0 local_index=0 offset=0 count=3977500
    part[1] cum=50.0625% share=0.750002% device_global=1 rank=0 local_index=1 offset=3977500 count=62500
    part[2] cum=99.625% share=49.5625% device_global=2 rank=1 local_index=-1 offset=4040000 count=3925000
    part[3] cum=100% share=0.375003% device_global=3 rank=1 local_index=-1 offset=7965000 count=35000
    total=100%
  CURRENT loads:
    part[0] cum=49.7188% share=49.7188% device_global=0 rank=0 local_index=0 offset=0 count=3977500
    part[1] cum=50.5% share=0.78125% device_global=1 rank=0 local_index=1 offset=3977500 count=62500
    part[2] cum=99.5625% share=49.0625% device_global=2 rank=1 local_index=-1 offset=4040000 count=3925000
    part[3] cum=100% share=0.437498% device_global=3 rank=1 local_index=-1 offset=7965000 count=35000
    total=100%
[DCL][balance-metrics] iteration=4100
  policy=threshold
  action=skip
  reason=load difference below fixed threshold; diff=0.00618716, threshold=0.1
  T_compute_interval_s=1.59854
  T_comm_interval_s=1.81682
  T_balance_total_s=0.00932402
  T_rebalance_apply_s=0
  T_compute_accum_s=18.3896
  T_comm_accum_s=16.5268
  T_balance_accum_s=0.397433
  T_rebalance_apply_accum_s=0.14765
  device_times_s:
    part[0]=1.57861
    part[1]=1.59854
    part[2]=1.55088
    part[3]=1.5151
  OLD loads:
    part[0] cum=49.7188% share=49.7188% device_global=0 rank=0 local_index=0 offset=0 count=3977500
    part[1] cum=50.5% share=0.78125% device_global=1 rank=0 local_index=1 offset=3977500 count=62500
    part[2] cum=99.5625% share=49.0625% device_global=2 rank=1 local_index=-1 offset=4040000 count=3925000
    part[3] cum=100% share=0.437498% device_global=3 rank=1 local_index=-1 offset=7965000 count=35000
    total=100%
  PROPOSED loads:
    part[0] cum=49.2812% share=49.2812% device_global=0 rank=0 local_index=0 offset=0 count=3977500
    part[1] cum=50.0625% share=0.78125% device_global=1 rank=0 local_index=1 offset=3977500 count=62500
    part[2] cum=99.5625% share=49.5% device_global=2 rank=1 local_index=-1 offset=4040000 count=3925000
    part[3] cum=100% share=0.437498% device_global=3 rank=1 local_index=-1 offset=7965000 count=35000
    total=100%
  CURRENT loads:
    part[0] cum=49.7188% share=49.7188% device_global=0 rank=0 local_index=0 offset=0 count=3977500
    part[1] cum=50.5% share=0.78125% device_global=1 rank=0 local_index=1 offset=3977500 count=62500
    part[2] cum=99.5625% share=49.0625% device_global=2 rank=1 local_index=-1 offset=4040000 count=3925000
    part[3] cum=100% share=0.437498% device_global=3 rank=1 local_index=-1 offset=7965000 count=35000
    total=100%
[DCL][balance-metrics] iteration=5100
  policy=threshold
  action=skip
  reason=load difference below fixed threshold; diff=0.00665851, threshold=0.1
  T_compute_interval_s=1.57927
  T_comm_interval_s=1.82048
  T_balance_total_s=0.0111396
  T_rebalance_apply_s=0
  T_compute_accum_s=19.9688
  T_comm_accum_s=18.3473
  T_balance_accum_s=0.408573
  T_rebalance_apply_accum_s=0.14765
  device_times_s:
    part[0]=1.57872
    part[1]=1.57927
    part[2]=1.55099
    part[3]=1.38248
  OLD loads:
    part[0] cum=49.7188% share=49.7188% device_global=0 rank=0 local_index=0 offset=0 count=3977500
    part[1] cum=50.5% share=0.78125% device_global=1 rank=0 local_index=1 offset=3977500 count=62500
    part[2] cum=99.5625% share=49.0625% device_global=2 rank=1 local_index=-1 offset=4040000 count=3925000
    part[3] cum=100% share=0.437498% device_global=3 rank=1 local_index=-1 offset=7965000 count=35000
    total=100%
  PROPOSED loads:
    part[0] cum=49.25% share=49.25% device_global=0 rank=0 local_index=0 offset=0 count=3977500
    part[1] cum=50.0312% share=0.78125% device_global=1 rank=0 local_index=1 offset=3977500 count=62500
    part[2] cum=99.5% share=49.4688% device_global=2 rank=1 local_index=-1 offset=4040000 count=3925000
    part[3] cum=100% share=0.5% device_global=3 rank=1 local_index=-1 offset=7965000 count=35000
    total=100%
  CURRENT loads:
    part[0] cum=49.7188% share=49.7188% device_global=0 rank=0 local_index=0 offset=0 count=3977500
    part[1] cum=50.5% share=0.78125% device_global=1 rank=0 local_index=1 offset=3977500 count=62500
    part[2] cum=99.5625% share=49.0625% device_global=2 rank=1 local_index=-1 offset=4040000 count=3925000
    part[3] cum=100% share=0.437498% device_global=3 rank=1 local_index=-1 offset=7965000 count=35000
    total=100%
[DCL][balance-metrics] iteration=6100
  policy=threshold
  action=skip
  reason=load difference below fixed threshold; diff=0.00669508, threshold=0.1
  T_compute_interval_s=1.57857
  T_comm_interval_s=1.80842
  T_balance_total_s=0.0103493
  T_rebalance_apply_s=0
  T_compute_accum_s=21.5474
  T_comm_accum_s=20.1557
  T_balance_accum_s=0.418922
  T_rebalance_apply_accum_s=0.14765
  device_times_s:
    part[0]=1.57857
    part[1]=1.56802
    part[2]=1.55134
    part[3]=1.30342
  OLD loads:
    part[0] cum=49.7188% share=49.7188% device_global=0 rank=0 local_index=0 offset=0 count=3977500
    part[1] cum=50.5% share=0.78125% device_global=1 rank=0 local_index=1 offset=3977500 count=62500
    part[2] cum=99.5625% share=49.0625% device_global=2 rank=1 local_index=-1 offset=4040000 count=3925000
    part[3] cum=100% share=0.437498% device_global=3 rank=1 local_index=-1 offset=7965000 count=35000
    total=100%
  PROPOSED loads:
    part[0] cum=49.25% share=49.25% device_global=0 rank=0 local_index=0 offset=0 count=3977500
    part[1] cum=50.0312% share=0.78125% device_global=1 rank=0 local_index=1 offset=3977500 count=62500
    part[2] cum=99.4688% share=49.4375% device_global=2 rank=1 local_index=-1 offset=4040000 count=3925000
    part[3] cum=100% share=0.53125% device_global=3 rank=1 local_index=-1 offset=7965000 count=35000
    total=100%
  CURRENT loads:
    part[0] cum=49.7188% share=49.7188% device_global=0 rank=0 local_index=0 offset=0 count=3977500
    part[1] cum=50.5% share=0.78125% device_global=1 rank=0 local_index=1 offset=3977500 count=62500
    part[2] cum=99.5625% share=49.0625% device_global=2 rank=1 local_index=-1 offset=4040000 count=3925000
    part[3] cum=100% share=0.437498% device_global=3 rank=1 local_index=-1 offset=7965000 count=35000
    total=100%
[DCL][balance-metrics] iteration=7100
  policy=threshold
  action=skip
  reason=load difference below fixed threshold; diff=0.0071807, threshold=0.1
  T_compute_interval_s=1.57879
  T_comm_interval_s=1.87771
  T_balance_total_s=0.00939519
  T_rebalance_apply_s=0
  T_compute_accum_s=23.1262
  T_comm_accum_s=22.0334
  T_balance_accum_s=0.428317
  T_rebalance_apply_accum_s=0.14765
  device_times_s:
    part[0]=1.57879
    part[1]=1.56182
    part[2]=1.55154
    part[3]=1.24839
  OLD loads:
    part[0] cum=49.7188% share=49.7188% device_global=0 rank=0 local_index=0 offset=0 count=3977500
    part[1] cum=50.5% share=0.78125% device_global=1 rank=0 local_index=1 offset=3977500 count=62500
    part[2] cum=99.5625% share=49.0625% device_global=2 rank=1 local_index=-1 offset=4040000 count=3925000
    part[3] cum=100% share=0.437498% device_global=3 rank=1 local_index=-1 offset=7965000 count=35000
    total=100%
  PROPOSED loads:
    part[0] cum=49.2188% share=49.2188% device_global=0 rank=0 local_index=0 offset=0 count=3977500
    part[1] cum=50% share=0.78125% device_global=1 rank=0 local_index=1 offset=3977500 count=62500
    part[2] cum=99.4375% share=49.4375% device_global=2 rank=1 local_index=-1 offset=4040000 count=3925000
    part[3] cum=100% share=0.562501% device_global=3 rank=1 local_index=-1 offset=7965000 count=35000
    total=100%
  CURRENT loads:
    part[0] cum=49.7188% share=49.7188% device_global=0 rank=0 local_index=0 offset=0 count=3977500
    part[1] cum=50.5% share=0.78125% device_global=1 rank=0 local_index=1 offset=3977500 count=62500
    part[2] cum=99.5625% share=49.0625% device_global=2 rank=1 local_index=-1 offset=4040000 count=3925000
    part[3] cum=100% share=0.437498% device_global=3 rank=1 local_index=-1 offset=7965000 count=35000
    total=100%
[DCL][balance-metrics] iteration=8100
  policy=threshold
  action=skip
  reason=load difference below fixed threshold; diff=0.00674594, threshold=0.1
  T_compute_interval_s=1.57859
  T_comm_interval_s=1.79944
  T_balance_total_s=0.0125651
  T_rebalance_apply_s=0
  T_compute_accum_s=24.7048
  T_comm_accum_s=23.8328
  T_balance_accum_s=0.440882
  T_rebalance_apply_accum_s=0.14765
  device_times_s:
    part[0]=1.57859
    part[1]=1.56005
    part[2]=1.55253
    part[3]=1.18431
  OLD loads:
    part[0] cum=49.7188% share=49.7188% device_global=0 rank=0 local_index=0 offset=0 count=3977500
    part[1] cum=50.5% share=0.78125% device_global=1 rank=0 local_index=1 offset=3977500 count=62500
    part[2] cum=99.5625% share=49.0625% device_global=2 rank=1 local_index=-1 offset=4040000 count=3925000
    part[3] cum=100% share=0.437498% device_global=3 rank=1 local_index=-1 offset=7965000 count=35000
    total=100%
  PROPOSED loads:
    part[0] cum=49.25% share=49.25% device_global=0 rank=0 local_index=0 offset=0 count=3977500
    part[1] cum=50.0312% share=0.78125% device_global=1 rank=0 local_index=1 offset=3977500 count=62500
    part[2] cum=99.4375% share=49.4062% device_global=2 rank=1 local_index=-1 offset=4040000 count=3925000
    part[3] cum=100% share=0.562501% device_global=3 rank=1 local_index=-1 offset=7965000 count=35000
    total=100%
  CURRENT loads:
    part[0] cum=49.7188% share=49.7188% device_global=0 rank=0 local_index=0 offset=0 count=3977500
    part[1] cum=50.5% share=0.78125% device_global=1 rank=0 local_index=1 offset=3977500 count=62500
    part[2] cum=99.5625% share=49.0625% device_global=2 rank=1 local_index=-1 offset=4040000 count=3925000
    part[3] cum=100% share=0.437498% device_global=3 rank=1 local_index=-1 offset=7965000 count=35000
    total=100%
[DCL][balance-metrics] iteration=9100
  policy=threshold
  action=skip
  reason=load difference below fixed threshold; diff=0.00724164, threshold=0.1
  T_compute_interval_s=1.57872
  T_comm_interval_s=1.84673
  T_balance_total_s=0.00913279
  T_rebalance_apply_s=0
  T_compute_accum_s=26.2835
  T_comm_accum_s=25.6796
  T_balance_accum_s=0.450015
  T_rebalance_apply_accum_s=0.14765
  device_times_s:
    part[0]=1.57872
    part[1]=1.57135
    part[2]=1.55248
    part[3]=1.16304
  OLD loads:
    part[0] cum=49.7188% share=49.7188% device_global=0 rank=0 local_index=0 offset=0 count=3977500
    part[1] cum=50.5% share=0.78125% device_global=1 rank=0 local_index=1 offset=3977500 count=62500
    part[2] cum=99.5625% share=49.0625% device_global=2 rank=1 local_index=-1 offset=4040000 count=3925000
    part[3] cum=100% share=0.437498% device_global=3 rank=1 local_index=-1 offset=7965000 count=35000
    total=100%
  PROPOSED loads:
    part[0] cum=49.2188% share=49.2188% device_global=0 rank=0 local_index=0 offset=0 count=3977500
    part[1] cum=50% share=0.78125% device_global=1 rank=0 local_index=1 offset=3977500 count=62500
    part[2] cum=99.4062% share=49.4062% device_global=2 rank=1 local_index=-1 offset=4040000 count=3925000
    part[3] cum=100% share=0.593752% device_global=3 rank=1 local_index=-1 offset=7965000 count=35000
    total=100%
  CURRENT loads:
    part[0] cum=49.7188% share=49.7188% device_global=0 rank=0 local_index=0 offset=0 count=3977500
    part[1] cum=50.5% share=0.78125% device_global=1 rank=0 local_index=1 offset=3977500 count=62500
    part[2] cum=99.5625% share=49.0625% device_global=2 rank=1 local_index=-1 offset=4040000 count=3925000
    part[3] cum=100% share=0.437498% device_global=3 rank=1 local_index=-1 offset=7965000 count=35000
    total=100%

=== PARTICOES FINAIS ===
=== Particoes globais ===
part[0] device_global=0 rank=0 local_index=0 offset=0 count=3977500
part[1] device_global=1 rank=0 local_index=1 offset=3977500 count=62500
part[2] device_global=2 rank=1 local_index=-1 offset=4040000 count=3925000
part[3] device_global=3 rank=1 local_index=-1 offset=7965000 count=35000


============================
ITERACAO 10000
Tempo de execução: 35.6352s
