=== Dispositivos locais do rank 1 ===
global=2 local=0 nome="NVIDIA RTX 2000 Ada Generation" compute_units=22
global=3 local=1 nome="Intel(R) Xeon(R) CPU           E5620  @ 2.40GHz" compute_units=16

=== Dispositivos locais do rank 0 ===
global=0 local=0 nome="NVIDIA RTX 2000 Ada Generation" compute_units=22
global=1 local=1 nome="Intel(R) Xeon(R) CPU           E5620  @ 2.40GHz" compute_units=16

=== PARTICOES INICIAIS ===
=== Particoes globais ===
part[0] device_global=0 rank=0 local_index=0 offset=0 count=2000000
part[1] device_global=1 rank=0 local_index=1 offset=2000000 count=2000000
part[2] device_global=2 rank=1 local_index=-1 offset=4000000 count=2000000
part[3] device_global=3 rank=1 local_index=-1 offset=6000000 count=2000000

X = 50 Y = 50 Z = 3200 Iterations = 10000
[DCL][balance-metrics] iteration=100
  policy=threshold
  action=rebalance
  reason=accepted by fixed threshold; diff=0.348053, threshold=0.1
  T_compute_interval_s=10.4139
  T_comm_interval_s=9.31066
  T_balance_total_s=0.356407
  T_rebalance_apply_s=0.140842
  T_compute_accum_s=10.4139
  T_comm_accum_s=9.31066
  T_balance_accum_s=0.356407
  T_rebalance_apply_accum_s=0.140842
  device_times_s:
    part[0]=0.0929914
    part[1]=6.12808
    part[2]=0.0939602
    part[3]=10.4139
  OLD loads:
    part[0] cum=25% share=25% device_global=0 rank=0 local_index=0 offset=0 count=3972500
    part[1] cum=50% share=25% device_global=1 rank=0 local_index=1 offset=3972500 count=60000
    part[2] cum=75% share=25% device_global=2 rank=1 local_index=-1 offset=4032500 count=3932500
    part[3] cum=100% share=25% device_global=3 rank=1 local_index=-1 offset=7965000 count=35000
    total=100%
  PROPOSED loads:
    part[0] cum=49.6562% share=49.6562% device_global=0 rank=0 local_index=0 offset=0 count=3972500
    part[1] cum=50.4062% share=0.749996% device_global=1 rank=0 local_index=1 offset=3972500 count=60000
    part[2] cum=99.5625% share=49.1563% device_global=2 rank=1 local_index=-1 offset=4032500 count=3932500
    part[3] cum=100% share=0.437498% device_global=3 rank=1 local_index=-1 offset=7965000 count=35000
    total=100%
  CURRENT loads:
    part[0] cum=49.6562% share=49.6562% device_global=0 rank=0 local_index=0 offset=0 count=3972500
    part[1] cum=50.4062% share=0.749996% device_global=1 rank=0 local_index=1 offset=3972500 count=60000
    part[2] cum=99.5625% share=49.1563% device_global=2 rank=1 local_index=-1 offset=4032500 count=3932500
    part[3] cum=100% share=0.437498% device_global=3 rank=1 local_index=-1 offset=7965000 count=35000
    total=100%
[DCL][balance-metrics] iteration=1100
  policy=threshold
  action=skip
  reason=load difference below fixed threshold; diff=0.00601917, threshold=0.1
  T_compute_interval_s=2.46073
  T_comm_interval_s=1.89565
  T_balance_total_s=0.00988009
  T_rebalance_apply_s=0
  T_compute_accum_s=12.8746
  T_comm_accum_s=11.2063
  T_balance_accum_s=0.366287
  T_rebalance_apply_accum_s=0.140842
  device_times_s:
    part[0]=1.6032
    part[1]=1.94138
    part[2]=1.57208
    part[3]=2.46073
  OLD loads:
    part[0] cum=49.6562% share=49.6562% device_global=0 rank=0 local_index=0 offset=0 count=3972500
    part[1] cum=50.4062% share=0.749996% device_global=1 rank=0 local_index=1 offset=3972500 count=60000
    part[2] cum=99.5625% share=49.1563% device_global=2 rank=1 local_index=-1 offset=4032500 count=3932500
    part[3] cum=100% share=0.437498% device_global=3 rank=1 local_index=-1 offset=7965000 count=35000
    total=100%
  PROPOSED loads:
    part[0] cum=49.3125% share=49.3125% device_global=0 rank=0 local_index=0 offset=0 count=3972500
    part[1] cum=49.9375% share=0.624999% device_global=1 rank=0 local_index=1 offset=3972500 count=60000
    part[2] cum=99.7188% share=49.7812% device_global=2 rank=1 local_index=-1 offset=4032500 count=3932500
    part[3] cum=100% share=0.28125% device_global=3 rank=1 local_index=-1 offset=7965000 count=35000
    total=100%
  CURRENT loads:
    part[0] cum=49.6562% share=49.6562% device_global=0 rank=0 local_index=0 offset=0 count=3972500
    part[1] cum=50.4062% share=0.749996% device_global=1 rank=0 local_index=1 offset=3972500 count=60000
    part[2] cum=99.5625% share=49.1563% device_global=2 rank=1 local_index=-1 offset=4032500 count=3932500
    part[3] cum=100% share=0.437498% device_global=3 rank=1 local_index=-1 offset=7965000 count=35000
    total=100%
[DCL][balance-metrics] iteration=2100
  policy=threshold
  action=skip
  reason=load difference below fixed threshold; diff=0.00481085, threshold=0.1
  T_compute_interval_s=2.22113
  T_comm_interval_s=1.88114
  T_balance_total_s=0.00903411
  T_rebalance_apply_s=0
  T_compute_accum_s=15.0957
  T_comm_accum_s=13.0875
  T_balance_accum_s=0.375321
  T_rebalance_apply_accum_s=0.140842
  device_times_s:
    part[0]=1.57685
    part[1]=1.62077
    part[2]=1.55272
    part[3]=2.22113
  OLD loads:
    part[0] cum=49.6562% share=49.6562% device_global=0 rank=0 local_index=0 offset=0 count=3972500
    part[1] cum=50.4062% share=0.749996% device_global=1 rank=0 local_index=1 offset=3972500 count=60000
    part[2] cum=99.5625% share=49.1563% device_global=2 rank=1 local_index=-1 offset=4032500 count=3932500
    part[3] cum=100% share=0.437498% device_global=3 rank=1 local_index=-1 offset=7965000 count=35000
    total=100%
  PROPOSED loads:
    part[0] cum=49.3438% share=49.3438% device_global=0 rank=0 local_index=0 offset=0 count=3972500
    part[1] cum=50.0625% share=0.718752% device_global=1 rank=0 local_index=1 offset=3972500 count=60000
    part[2] cum=99.6875% share=49.625% device_global=2 rank=1 local_index=-1 offset=4032500 count=3932500
    part[3] cum=100% share=0.312501% device_global=3 rank=1 local_index=-1 offset=7965000 count=35000
    total=100%
  CURRENT loads:
    part[0] cum=49.6562% share=49.6562% device_global=0 rank=0 local_index=0 offset=0 count=3972500
    part[1] cum=50.4062% share=0.749996% device_global=1 rank=0 local_index=1 offset=3972500 count=60000
    part[2] cum=99.5625% share=49.1563% device_global=2 rank=1 local_index=-1 offset=4032500 count=3932500
    part[3] cum=100% share=0.437498% device_global=3 rank=1 local_index=-1 offset=7965000 count=35000
    total=100%
[DCL][balance-metrics] iteration=3100
  policy=threshold
  action=skip
  reason=load difference below fixed threshold; diff=0.00490135, threshold=0.1
  T_compute_interval_s=1.79448
  T_comm_interval_s=1.80642
  T_balance_total_s=0.00946035
  T_rebalance_apply_s=0
  T_compute_accum_s=16.8902
  T_comm_accum_s=14.8939
  T_balance_accum_s=0.384782
  T_rebalance_apply_accum_s=0.140842
  device_times_s:
    part[0]=1.57675
    part[1]=1.56771
    part[2]=1.55273
    part[3]=1.79448
  OLD loads:
    part[0] cum=49.6562% share=49.6562% device_global=0 rank=0 local_index=0 offset=0 count=3972500
    part[1] cum=50.4062% share=0.749996% device_global=1 rank=0 local_index=1 offset=3972500 count=60000
    part[2] cum=99.5625% share=49.1563% device_global=2 rank=1 local_index=-1 offset=4032500 count=3932500
    part[3] cum=100% share=0.437498% device_global=3 rank=1 local_index=-1 offset=7965000 count=35000
    total=100%
  PROPOSED loads:
    part[0] cum=49.3125% share=49.3125% device_global=0 rank=0 local_index=0 offset=0 count=3972500
    part[1] cum=50.0625% share=0.750002% device_global=1 rank=0 local_index=1 offset=3972500 count=60000
    part[2] cum=99.625% share=49.5625% device_global=2 rank=1 local_index=-1 offset=4032500 count=3932500
    part[3] cum=100% share=0.375003% device_global=3 rank=1 local_index=-1 offset=7965000 count=35000
    total=100%
  CURRENT loads:
    part[0] cum=49.6562% share=49.6562% device_global=0 rank=0 local_index=0 offset=0 count=3972500
    part[1] cum=50.4062% share=0.749996% device_global=1 rank=0 local_index=1 offset=3972500 count=60000
    part[2] cum=99.5625% share=49.1563% device_global=2 rank=1 local_index=-1 offset=4032500 count=3932500
    part[3] cum=100% share=0.437498% device_global=3 rank=1 local_index=-1 offset=7965000 count=35000
    total=100%
[DCL][balance-metrics] iteration=4100
  policy=threshold
  action=skip
  reason=load difference below fixed threshold; diff=0.00552867, threshold=0.1
  T_compute_interval_s=1.57688
  T_comm_interval_s=1.82236
  T_balance_total_s=0.00900247
  T_rebalance_apply_s=0
  T_compute_accum_s=18.4671
  T_comm_accum_s=16.7162
  T_balance_accum_s=0.393784
  T_rebalance_apply_accum_s=0.140842
  device_times_s:
    part[0]=1.57688
    part[1]=1.54321
    part[2]=1.55247
    part[3]=1.51245
  OLD loads:
    part[0] cum=49.6562% share=49.6562% device_global=0 rank=0 local_index=0 offset=0 count=3972500
    part[1] cum=50.4062% share=0.749996% device_global=1 rank=0 local_index=1 offset=3972500 count=60000
    part[2] cum=99.5625% share=49.1563% device_global=2 rank=1 local_index=-1 offset=4032500 count=3932500
    part[3] cum=100% share=0.437498% device_global=3 rank=1 local_index=-1 offset=7965000 count=35000
    total=100%
  PROPOSED loads:
    part[0] cum=49.25% share=49.25% device_global=0 rank=0 local_index=0 offset=0 count=3972500
    part[1] cum=50.0312% share=0.78125% device_global=1 rank=0 local_index=1 offset=3972500 count=60000
    part[2] cum=99.5625% share=49.5312% device_global=2 rank=1 local_index=-1 offset=4032500 count=3932500
    part[3] cum=100% share=0.437498% device_global=3 rank=1 local_index=-1 offset=7965000 count=35000
    total=100%
  CURRENT loads:
    part[0] cum=49.6562% share=49.6562% device_global=0 rank=0 local_index=0 offset=0 count=3972500
    part[1] cum=50.4062% share=0.749996% device_global=1 rank=0 local_index=1 offset=3972500 count=60000
    part[2] cum=99.5625% share=49.1563% device_global=2 rank=1 local_index=-1 offset=4032500 count=3932500
    part[3] cum=100% share=0.437498% device_global=3 rank=1 local_index=-1 offset=7965000 count=35000
    total=100%
[DCL][balance-metrics] iteration=5100
  policy=threshold
  action=skip
  reason=load difference below fixed threshold; diff=0.00577912, threshold=0.1
  T_compute_interval_s=1.57665
  T_comm_interval_s=1.86514
  T_balance_total_s=0.012104
  T_rebalance_apply_s=0
  T_compute_accum_s=20.0438
  T_comm_accum_s=18.5814
  T_balance_accum_s=0.405888
  T_rebalance_apply_accum_s=0.140842
  device_times_s:
    part[0]=1.57665
    part[1]=1.52366
    part[2]=1.55261
    part[3]=1.36602
  OLD loads:
    part[0] cum=49.6562% share=49.6562% device_global=0 rank=0 local_index=0 offset=0 count=3972500
    part[1] cum=50.4062% share=0.749996% device_global=1 rank=0 local_index=1 offset=3972500 count=60000
    part[2] cum=99.5625% share=49.1563% device_global=2 rank=1 local_index=-1 offset=4032500 count=3932500
    part[3] cum=100% share=0.437498% device_global=3 rank=1 local_index=-1 offset=7965000 count=35000
    total=100%
  PROPOSED loads:
    part[0] cum=49.25% share=49.25% device_global=0 rank=0 local_index=0 offset=0 count=3972500
    part[1] cum=50% share=0.749999% device_global=1 rank=0 local_index=1 offset=3972500 count=60000
    part[2] cum=99.5% share=49.5% device_global=2 rank=1 local_index=-1 offset=4032500 count=3932500
    part[3] cum=100% share=0.5% device_global=3 rank=1 local_index=-1 offset=7965000 count=35000
    total=100%
  CURRENT loads:
    part[0] cum=49.6562% share=49.6562% device_global=0 rank=0 local_index=0 offset=0 count=3972500
    part[1] cum=50.4062% share=0.749996% device_global=1 rank=0 local_index=1 offset=3972500 count=60000
    part[2] cum=99.5625% share=49.1563% device_global=2 rank=1 local_index=-1 offset=4032500 count=3932500
    part[3] cum=100% share=0.437498% device_global=3 rank=1 local_index=-1 offset=7965000 count=35000
    total=100%
[DCL][balance-metrics] iteration=6100
  policy=threshold
  action=skip
  reason=load difference below fixed threshold; diff=0.00604346, threshold=0.1
  T_compute_interval_s=1.57663
  T_comm_interval_s=1.82937
  T_balance_total_s=0.00911652
  T_rebalance_apply_s=0
  T_compute_accum_s=21.6204
  T_comm_accum_s=20.4107
  T_balance_accum_s=0.415005
  T_rebalance_apply_accum_s=0.140842
  device_times_s:
    part[0]=1.57663
    part[1]=1.5096
    part[2]=1.55262
    part[3]=1.2774
  OLD loads:
    part[0] cum=49.6562% share=49.6562% device_global=0 rank=0 local_index=0 offset=0 count=3972500
    part[1] cum=50.4062% share=0.749996% device_global=1 rank=0 local_index=1 offset=3972500 count=60000
    part[2] cum=99.5625% share=49.1563% device_global=2 rank=1 local_index=-1 offset=4032500 count=3932500
    part[3] cum=100% share=0.437498% device_global=3 rank=1 local_index=-1 offset=7965000 count=35000
    total=100%
  PROPOSED loads:
    part[0] cum=49.2188% share=49.2188% device_global=0 rank=0 local_index=0 offset=0 count=3972500
    part[1] cum=50% share=0.78125% device_global=1 rank=0 local_index=1 offset=3972500 count=60000
    part[2] cum=99.4688% share=49.4688% device_global=2 rank=1 local_index=-1 offset=4032500 count=3932500
    part[3] cum=100% share=0.53125% device_global=3 rank=1 local_index=-1 offset=7965000 count=35000
    total=100%
  CURRENT loads:
    part[0] cum=49.6562% share=49.6562% device_global=0 rank=0 local_index=0 offset=0 count=3972500
    part[1] cum=50.4062% share=0.749996% device_global=1 rank=0 local_index=1 offset=3972500 count=60000
    part[2] cum=99.5625% share=49.1563% device_global=2 rank=1 local_index=-1 offset=4032500 count=3932500
    part[3] cum=100% share=0.437498% device_global=3 rank=1 local_index=-1 offset=7965000 count=35000
    total=100%
[DCL][balance-metrics] iteration=7100
  policy=threshold
  action=skip
  reason=load difference below fixed threshold; diff=0.00609975, threshold=0.1
  T_compute_interval_s=1.57694
  T_comm_interval_s=1.86836
  T_balance_total_s=0.0105714
  T_rebalance_apply_s=0
  T_compute_accum_s=23.1973
  T_comm_accum_s=22.2791
  T_balance_accum_s=0.425576
  T_rebalance_apply_accum_s=0.140842
  device_times_s:
    part[0]=1.57694
    part[1]=1.51584
    part[2]=1.55403
    part[3]=1.22143
  OLD loads:
    part[0] cum=49.6562% share=49.6562% device_global=0 rank=0 local_index=0 offset=0 count=3972500
    part[1] cum=50.4062% share=0.749996% device_global=1 rank=0 local_index=1 offset=3972500 count=60000
    part[2] cum=99.5625% share=49.1563% device_global=2 rank=1 local_index=-1 offset=4032500 count=3932500
    part[3] cum=100% share=0.437498% device_global=3 rank=1 local_index=-1 offset=7965000 count=35000
    total=100%
  PROPOSED loads:
    part[0] cum=49.2188% share=49.2188% device_global=0 rank=0 local_index=0 offset=0 count=3972500
    part[1] cum=50% share=0.78125% device_global=1 rank=0 local_index=1 offset=3972500 count=60000
    part[2] cum=99.4375% share=49.4375% device_global=2 rank=1 local_index=-1 offset=4032500 count=3932500
    part[3] cum=100% share=0.562501% device_global=3 rank=1 local_index=-1 offset=7965000 count=35000
    total=100%
  CURRENT loads:
    part[0] cum=49.6562% share=49.6562% device_global=0 rank=0 local_index=0 offset=0 count=3972500
    part[1] cum=50.4062% share=0.749996% device_global=1 rank=0 local_index=1 offset=3972500 count=60000
    part[2] cum=99.5625% share=49.1563% device_global=2 rank=1 local_index=-1 offset=4032500 count=3932500
    part[3] cum=100% share=0.437498% device_global=3 rank=1 local_index=-1 offset=7965000 count=35000
    total=100%
[DCL][balance-metrics] iteration=8100
  policy=threshold
  action=skip
  reason=load difference below fixed threshold; diff=0.00617138, threshold=0.1
  T_compute_interval_s=1.57694
  T_comm_interval_s=1.86684
  T_balance_total_s=0.00976297
  T_rebalance_apply_s=0
  T_compute_accum_s=24.7743
  T_comm_accum_s=24.1459
  T_balance_accum_s=0.435339
  T_rebalance_apply_accum_s=0.140842
  device_times_s:
    part[0]=1.57694
    part[1]=1.50204
    part[2]=1.55465
    part[3]=1.18221
  OLD loads:
    part[0] cum=49.6562% share=49.6562% device_global=0 rank=0 local_index=0 offset=0 count=3972500
    part[1] cum=50.4062% share=0.749996% device_global=1 rank=0 local_index=1 offset=3972500 count=60000
    part[2] cum=99.5625% share=49.1563% device_global=2 rank=1 local_index=-1 offset=4032500 count=3932500
    part[3] cum=100% share=0.437498% device_global=3 rank=1 local_index=-1 offset=7965000 count=35000
    total=100%
  PROPOSED loads:
    part[0] cum=49.2188% share=49.2188% device_global=0 rank=0 local_index=0 offset=0 count=3972500
    part[1] cum=50% share=0.78125% device_global=1 rank=0 local_index=1 offset=3972500 count=60000
    part[2] cum=99.4062% share=49.4062% device_global=2 rank=1 local_index=-1 offset=4032500 count=3932500
    part[3] cum=100% share=0.593752% device_global=3 rank=1 local_index=-1 offset=7965000 count=35000
    total=100%
  CURRENT loads:
    part[0] cum=49.6562% share=49.6562% device_global=0 rank=0 local_index=0 offset=0 count=3972500
    part[1] cum=50.4062% share=0.749996% device_global=1 rank=0 local_index=1 offset=3972500 count=60000
    part[2] cum=99.5625% share=49.1563% device_global=2 rank=1 local_index=-1 offset=4032500 count=3932500
    part[3] cum=100% share=0.437498% device_global=3 rank=1 local_index=-1 offset=7965000 count=35000
    total=100%
[DCL][balance-metrics] iteration=9100
  policy=threshold
  action=skip
  reason=load difference below fixed threshold; diff=0.00617138, threshold=0.1
  T_compute_interval_s=1.57699
  T_comm_interval_s=1.84578
  T_balance_total_s=0.0101241
  T_rebalance_apply_s=0
  T_compute_accum_s=26.3513
  T_comm_accum_s=25.9917
  T_balance_accum_s=0.445463
  T_rebalance_apply_accum_s=0.140842
  device_times_s:
    part[0]=1.57699
    part[1]=1.50135
    part[2]=1.55468
    part[3]=1.15745
  OLD loads:
    part[0] cum=49.6562% share=49.6562% device_global=0 rank=0 local_index=0 offset=0 count=3972500
    part[1] cum=50.4062% share=0.749996% device_global=1 rank=0 local_index=1 offset=3972500 count=60000
    part[2] cum=99.5625% share=49.1563% device_global=2 rank=1 local_index=-1 offset=4032500 count=3932500
    part[3] cum=100% share=0.437498% device_global=3 rank=1 local_index=-1 offset=7965000 count=35000
    total=100%
  PROPOSED loads:
    part[0] cum=49.2188% share=49.2188% device_global=0 rank=0 local_index=0 offset=0 count=3972500
    part[1] cum=50% share=0.78125% device_global=1 rank=0 local_index=1 offset=3972500 count=60000
    part[2] cum=99.4062% share=49.4062% device_global=2 rank=1 local_index=-1 offset=4032500 count=3932500
    part[3] cum=100% share=0.593752% device_global=3 rank=1 local_index=-1 offset=7965000 count=35000
    total=100%
  CURRENT loads:
    part[0] cum=49.6562% share=49.6562% device_global=0 rank=0 local_index=0 offset=0 count=3972500
    part[1] cum=50.4062% share=0.749996% device_global=1 rank=0 local_index=1 offset=3972500 count=60000
    part[2] cum=99.5625% share=49.1563% device_global=2 rank=1 local_index=-1 offset=4032500 count=3932500
    part[3] cum=100% share=0.437498% device_global=3 rank=1 local_index=-1 offset=7965000 count=35000
    total=100%

=== PARTICOES FINAIS ===
=== Particoes globais ===
part[0] device_global=0 rank=0 local_index=0 offset=0 count=3972500
part[1] device_global=1 rank=0 local_index=1 offset=3972500 count=60000
part[2] device_global=2 rank=1 local_index=-1 offset=4032500 count=3932500
part[3] device_global=3 rank=1 local_index=-1 offset=7965000 count=35000


============================
ITERACAO 10000
Tempo de execução: 35.8158s
