=== Dispositivos locais do rank 0 ===
global=0 local=0 nome="NVIDIA RTX 2000 Ada Generation" compute_units=22
global=1 local=1 nome="Intel(R) Xeon(R) CPU           E5620  @ 2.40GHz" compute_units=16

=== PARTICOES INICIAIS ===
=== Particoes globais ===
part[0] device_global=0 rank=0 local_index=0 offset=0 count=4000000
part[1] device_global=1 rank=0 local_index=1 offset=4000000 count=4000000

X = 50 Y = 50 Z = 3200 Iterations = 10000
[DCL][balance-metrics] iteration=100
  policy=threshold
  action=rebalance
  reason=accepted by fixed threshold; diff=0.489688, threshold=0.0003125
  T_compute_interval_s=17.232
  T_comm_interval_s=0
  T_balance_total_s=0.256108
  T_rebalance_apply_s=0.0894502
  T_compute_accum_s=17.232
  T_comm_accum_s=0
  T_balance_accum_s=0.256108
  T_rebalance_apply_accum_s=0.0894502
  device_times_s:
    part[0]=0.18216
    part[1]=17.232
  OLD loads:
    part[0] cum=50% share=50% device_global=0 rank=0 local_index=0 offset=0 count=7917500
    part[1] cum=100% share=50% device_global=1 rank=0 local_index=1 offset=7917500 count=82500
    total=100%
  PROPOSED loads:
    part[0] cum=98.9688% share=98.9688% device_global=0 rank=0 local_index=0 offset=0 count=7917500
    part[1] cum=100% share=1.03125% device_global=1 rank=0 local_index=1 offset=7917500 count=82500
    total=100%
  CURRENT loads:
    part[0] cum=98.9688% share=98.9688% device_global=0 rank=0 local_index=0 offset=0 count=7917500
    part[1] cum=100% share=1.03125% device_global=1 rank=0 local_index=1 offset=7917500 count=82500
    total=100%
[DCL][balance-metrics] iteration=1100
  policy=scheduled
  action=skip
  reason=static balance already attempted
  T_compute_interval_s=5.29666
  T_comm_interval_s=0
  T_balance_total_s=0
  T_rebalance_apply_s=0
  T_compute_accum_s=22.5286
  T_comm_accum_s=0
  T_balance_accum_s=0.256108
  T_rebalance_apply_accum_s=0.0894502
  device_times_s:
    part[0]=3.06877
    part[1]=5.29666
  OLD loads:
    part[0] cum=98.9688% share=98.9688% device_global=0 rank=0 local_index=0 offset=0 count=7917500
    part[1] cum=100% share=1.03125% device_global=1 rank=0 local_index=1 offset=7917500 count=82500
    total=100%
  CURRENT loads:
    part[0] cum=98.9688% share=98.9688% device_global=0 rank=0 local_index=0 offset=0 count=7917500
    part[1] cum=100% share=1.03125% device_global=1 rank=0 local_index=1 offset=7917500 count=82500
    total=100%
[DCL][balance-metrics] iteration=2100
  policy=scheduled
  action=skip
  reason=static balance already attempted
  T_compute_interval_s=4.69057
  T_comm_interval_s=0
  T_balance_total_s=0
  T_rebalance_apply_s=0
  T_compute_accum_s=27.2192
  T_comm_accum_s=0
  T_balance_accum_s=0.256108
  T_rebalance_apply_accum_s=0.0894502
  device_times_s:
    part[0]=3.04405
    part[1]=4.69057
  OLD loads:
    part[0] cum=98.9688% share=98.9688% device_global=0 rank=0 local_index=0 offset=0 count=7917500
    part[1] cum=100% share=1.03125% device_global=1 rank=0 local_index=1 offset=7917500 count=82500
    total=100%
  CURRENT loads:
    part[0] cum=98.9688% share=98.9688% device_global=0 rank=0 local_index=0 offset=0 count=7917500
    part[1] cum=100% share=1.03125% device_global=1 rank=0 local_index=1 offset=7917500 count=82500
    total=100%
[DCL][balance-metrics] iteration=3100
  policy=scheduled
  action=skip
  reason=static balance already attempted
  T_compute_interval_s=3.92937
  T_comm_interval_s=0
  T_balance_total_s=0
  T_rebalance_apply_s=0
  T_compute_accum_s=31.1486
  T_comm_accum_s=0
  T_balance_accum_s=0.256108
  T_rebalance_apply_accum_s=0.0894502
  device_times_s:
    part[0]=3.15844
    part[1]=3.92937
  OLD loads:
    part[0] cum=98.9688% share=98.9688% device_global=0 rank=0 local_index=0 offset=0 count=7917500
    part[1] cum=100% share=1.03125% device_global=1 rank=0 local_index=1 offset=7917500 count=82500
    total=100%
  CURRENT loads:
    part[0] cum=98.9688% share=98.9688% device_global=0 rank=0 local_index=0 offset=0 count=7917500
    part[1] cum=100% share=1.03125% device_global=1 rank=0 local_index=1 offset=7917500 count=82500
    total=100%
[DCL][balance-metrics] iteration=4100
  policy=scheduled
  action=skip
  reason=static balance already attempted
  T_compute_interval_s=3.40416
  T_comm_interval_s=0
  T_balance_total_s=0
  T_rebalance_apply_s=0
  T_compute_accum_s=34.5527
  T_comm_accum_s=0
  T_balance_accum_s=0.256108
  T_rebalance_apply_accum_s=0.0894502
  device_times_s:
    part[0]=3.38032
    part[1]=3.40416
  OLD loads:
    part[0] cum=98.9688% share=98.9688% device_global=0 rank=0 local_index=0 offset=0 count=7917500
    part[1] cum=100% share=1.03125% device_global=1 rank=0 local_index=1 offset=7917500 count=82500
    total=100%
  CURRENT loads:
    part[0] cum=98.9688% share=98.9688% device_global=0 rank=0 local_index=0 offset=0 count=7917500
    part[1] cum=100% share=1.03125% device_global=1 rank=0 local_index=1 offset=7917500 count=82500
    total=100%
[DCL][balance-metrics] iteration=5100
  policy=scheduled
  action=skip
  reason=static balance already attempted
  T_compute_interval_s=3.43455
  T_comm_interval_s=0
  T_balance_total_s=0
  T_rebalance_apply_s=0
  T_compute_accum_s=37.9873
  T_comm_accum_s=0
  T_balance_accum_s=0.256108
  T_rebalance_apply_accum_s=0.0894502
  device_times_s:
    part[0]=3.43455
    part[1]=3.04116
  OLD loads:
    part[0] cum=98.9688% share=98.9688% device_global=0 rank=0 local_index=0 offset=0 count=7917500
    part[1] cum=100% share=1.03125% device_global=1 rank=0 local_index=1 offset=7917500 count=82500
    total=100%
  CURRENT loads:
    part[0] cum=98.9688% share=98.9688% device_global=0 rank=0 local_index=0 offset=0 count=7917500
    part[1] cum=100% share=1.03125% device_global=1 rank=0 local_index=1 offset=7917500 count=82500
    total=100%
[DCL][balance-metrics] iteration=6100
  policy=scheduled
  action=skip
  reason=static balance already attempted
  T_compute_interval_s=3.44752
  T_comm_interval_s=0
  T_balance_total_s=0
  T_rebalance_apply_s=0
  T_compute_accum_s=41.4348
  T_comm_accum_s=0
  T_balance_accum_s=0.256108
  T_rebalance_apply_accum_s=0.0894502
  device_times_s:
    part[0]=3.44752
    part[1]=2.81242
  OLD loads:
    part[0] cum=98.9688% share=98.9688% device_global=0 rank=0 local_index=0 offset=0 count=7917500
    part[1] cum=100% share=1.03125% device_global=1 rank=0 local_index=1 offset=7917500 count=82500
    total=100%
  CURRENT loads:
    part[0] cum=98.9688% share=98.9688% device_global=0 rank=0 local_index=0 offset=0 count=7917500
    part[1] cum=100% share=1.03125% device_global=1 rank=0 local_index=1 offset=7917500 count=82500
    total=100%
[DCL][balance-metrics] iteration=7100
  policy=scheduled
  action=skip
  reason=static balance already attempted
  T_compute_interval_s=3.45065
  T_comm_interval_s=0
  T_balance_total_s=0
  T_rebalance_apply_s=0
  T_compute_accum_s=44.8854
  T_comm_accum_s=0
  T_balance_accum_s=0.256108
  T_rebalance_apply_accum_s=0.0894502
  device_times_s:
    part[0]=3.45065
    part[1]=2.64791
  OLD loads:
    part[0] cum=98.9688% share=98.9688% device_global=0 rank=0 local_index=0 offset=0 count=7917500
    part[1] cum=100% share=1.03125% device_global=1 rank=0 local_index=1 offset=7917500 count=82500
    total=100%
  CURRENT loads:
    part[0] cum=98.9688% share=98.9688% device_global=0 rank=0 local_index=0 offset=0 count=7917500
    part[1] cum=100% share=1.03125% device_global=1 rank=0 local_index=1 offset=7917500 count=82500
    total=100%
[DCL][balance-metrics] iteration=8100
  policy=scheduled
  action=skip
  reason=static balance already attempted
  T_compute_interval_s=3.47038
  T_comm_interval_s=0
  T_balance_total_s=0
  T_rebalance_apply_s=0
  T_compute_accum_s=48.3558
  T_comm_accum_s=0
  T_balance_accum_s=0.256108
  T_rebalance_apply_accum_s=0.0894502
  device_times_s:
    part[0]=3.47038
    part[1]=2.53265
  OLD loads:
    part[0] cum=98.9688% share=98.9688% device_global=0 rank=0 local_index=0 offset=0 count=7917500
    part[1] cum=100% share=1.03125% device_global=1 rank=0 local_index=1 offset=7917500 count=82500
    total=100%
  CURRENT loads:
    part[0] cum=98.9688% share=98.9688% device_global=0 rank=0 local_index=0 offset=0 count=7917500
    part[1] cum=100% share=1.03125% device_global=1 rank=0 local_index=1 offset=7917500 count=82500
    total=100%
[DCL][balance-metrics] iteration=9100
  policy=scheduled
  action=skip
  reason=static balance already attempted
  T_compute_interval_s=3.47295
  T_comm_interval_s=0
  T_balance_total_s=0
  T_rebalance_apply_s=0
  T_compute_accum_s=51.8288
  T_comm_accum_s=0
  T_balance_accum_s=0.256108
  T_rebalance_apply_accum_s=0.0894502
  device_times_s:
    part[0]=3.47295
    part[1]=2.44275
  OLD loads:
    part[0] cum=98.9688% share=98.9688% device_global=0 rank=0 local_index=0 offset=0 count=7917500
    part[1] cum=100% share=1.03125% device_global=1 rank=0 local_index=1 offset=7917500 count=82500
    total=100%
  CURRENT loads:
    part[0] cum=98.9688% share=98.9688% device_global=0 rank=0 local_index=0 offset=0 count=7917500
    part[1] cum=100% share=1.03125% device_global=1 rank=0 local_index=1 offset=7917500 count=82500
    total=100%

=== PARTICOES FINAIS ===
=== Particoes globais ===
part[0] device_global=0 rank=0 local_index=0 offset=0 count=7917500
part[1] device_global=1 rank=0 local_index=1 offset=7917500 count=82500


============================
ITERACAO 10000
Tempo de execução: 55.6149s
