=== Dispositivos locais do rank 0 ===
global=0 local=0 nome="NVIDIA RTX 2000 Ada Generation" compute_units=22
global=1 local=1 nome="Intel(R) Xeon(R) CPU           E5620  @ 2.40GHz" compute_units=16

=== PARTICOES INICIAIS ===
=== Particoes globais ===
part[0] device_global=0 rank=0 local_index=0 offset=0 count=4000000
part[1] device_global=1 rank=0 local_index=1 offset=4000000 count=4000000

X = 50 Y = 50 Z = 3200 Iterations = 10000
[DCL][balance-metrics] iteration=100
  policy=threshold
  action=rebalance
  reason=accepted by fixed threshold; diff=0.489375, threshold=0.0003125
  T_compute_interval_s=17.2195
  T_comm_interval_s=0
  T_balance_total_s=0.255907
  T_rebalance_apply_s=0.0895789
  T_compute_accum_s=17.2195
  T_comm_accum_s=0
  T_balance_accum_s=0.255907
  T_rebalance_apply_accum_s=0.0895789
  device_times_s:
    part[0]=0.182483
    part[1]=17.2195
  OLD loads:
    part[0] cum=50% share=50% device_global=0 rank=0 local_index=0 offset=0 count=7915000
    part[1] cum=100% share=50% device_global=1 rank=0 local_index=1 offset=7915000 count=85000
    total=100%
  PROPOSED loads:
    part[0] cum=98.9375% share=98.9375% device_global=0 rank=0 local_index=0 offset=0 count=7915000
    part[1] cum=100% share=1.0625% device_global=1 rank=0 local_index=1 offset=7915000 count=85000
    total=100%
  CURRENT loads:
    part[0] cum=98.9375% share=98.9375% device_global=0 rank=0 local_index=0 offset=0 count=7915000
    part[1] cum=100% share=1.0625% device_global=1 rank=0 local_index=1 offset=7915000 count=85000
    total=100%
[DCL][balance-metrics] iteration=1100
  policy=scheduled
  action=skip
  reason=static balance already attempted
  T_compute_interval_s=5.45185
  T_comm_interval_s=0
  T_balance_total_s=0
  T_rebalance_apply_s=0
  T_compute_accum_s=22.6714
  T_comm_accum_s=0
  T_balance_accum_s=0.255907
  T_rebalance_apply_accum_s=0.0895789
  device_times_s:
    part[0]=3.06975
    part[1]=5.45185
  OLD loads:
    part[0] cum=98.9375% share=98.9375% device_global=0 rank=0 local_index=0 offset=0 count=7915000
    part[1] cum=100% share=1.0625% device_global=1 rank=0 local_index=1 offset=7915000 count=85000
    total=100%
  CURRENT loads:
    part[0] cum=98.9375% share=98.9375% device_global=0 rank=0 local_index=0 offset=0 count=7915000
    part[1] cum=100% share=1.0625% device_global=1 rank=0 local_index=1 offset=7915000 count=85000
    total=100%
[DCL][balance-metrics] iteration=2100
  policy=scheduled
  action=skip
  reason=static balance already attempted
  T_compute_interval_s=4.86362
  T_comm_interval_s=0
  T_balance_total_s=0
  T_rebalance_apply_s=0
  T_compute_accum_s=27.535
  T_comm_accum_s=0
  T_balance_accum_s=0.255907
  T_rebalance_apply_accum_s=0.0895789
  device_times_s:
    part[0]=3.04299
    part[1]=4.86362
  OLD loads:
    part[0] cum=98.9375% share=98.9375% device_global=0 rank=0 local_index=0 offset=0 count=7915000
    part[1] cum=100% share=1.0625% device_global=1 rank=0 local_index=1 offset=7915000 count=85000
    total=100%
  CURRENT loads:
    part[0] cum=98.9375% share=98.9375% device_global=0 rank=0 local_index=0 offset=0 count=7915000
    part[1] cum=100% share=1.0625% device_global=1 rank=0 local_index=1 offset=7915000 count=85000
    total=100%
[DCL][balance-metrics] iteration=3100
  policy=scheduled
  action=skip
  reason=static balance already attempted
  T_compute_interval_s=4.07118
  T_comm_interval_s=0
  T_balance_total_s=0
  T_rebalance_apply_s=0
  T_compute_accum_s=31.6062
  T_comm_accum_s=0
  T_balance_accum_s=0.255907
  T_rebalance_apply_accum_s=0.0895789
  device_times_s:
    part[0]=3.10914
    part[1]=4.07118
  OLD loads:
    part[0] cum=98.9375% share=98.9375% device_global=0 rank=0 local_index=0 offset=0 count=7915000
    part[1] cum=100% share=1.0625% device_global=1 rank=0 local_index=1 offset=7915000 count=85000
    total=100%
  CURRENT loads:
    part[0] cum=98.9375% share=98.9375% device_global=0 rank=0 local_index=0 offset=0 count=7915000
    part[1] cum=100% share=1.0625% device_global=1 rank=0 local_index=1 offset=7915000 count=85000
    total=100%
[DCL][balance-metrics] iteration=4100
  policy=scheduled
  action=skip
  reason=static balance already attempted
  T_compute_interval_s=3.52633
  T_comm_interval_s=0
  T_balance_total_s=0
  T_rebalance_apply_s=0
  T_compute_accum_s=35.1325
  T_comm_accum_s=0
  T_balance_accum_s=0.255907
  T_rebalance_apply_accum_s=0.0895789
  device_times_s:
    part[0]=3.31664
    part[1]=3.52633
  OLD loads:
    part[0] cum=98.9375% share=98.9375% device_global=0 rank=0 local_index=0 offset=0 count=7915000
    part[1] cum=100% share=1.0625% device_global=1 rank=0 local_index=1 offset=7915000 count=85000
    total=100%
  CURRENT loads:
    part[0] cum=98.9375% share=98.9375% device_global=0 rank=0 local_index=0 offset=0 count=7915000
    part[1] cum=100% share=1.0625% device_global=1 rank=0 local_index=1 offset=7915000 count=85000
    total=100%
[DCL][balance-metrics] iteration=5100
  policy=scheduled
  action=skip
  reason=static balance already attempted
  T_compute_interval_s=3.40616
  T_comm_interval_s=0
  T_balance_total_s=0
  T_rebalance_apply_s=0
  T_compute_accum_s=38.5386
  T_comm_accum_s=0
  T_balance_accum_s=0.255907
  T_rebalance_apply_accum_s=0.0895789
  device_times_s:
    part[0]=3.40616
    part[1]=3.15638
  OLD loads:
    part[0] cum=98.9375% share=98.9375% device_global=0 rank=0 local_index=0 offset=0 count=7915000
    part[1] cum=100% share=1.0625% device_global=1 rank=0 local_index=1 offset=7915000 count=85000
    total=100%
  CURRENT loads:
    part[0] cum=98.9375% share=98.9375% device_global=0 rank=0 local_index=0 offset=0 count=7915000
    part[1] cum=100% share=1.0625% device_global=1 rank=0 local_index=1 offset=7915000 count=85000
    total=100%
[DCL][balance-metrics] iteration=6100
  policy=scheduled
  action=skip
  reason=static balance already attempted
  T_compute_interval_s=3.41984
  T_comm_interval_s=0
  T_balance_total_s=0
  T_rebalance_apply_s=0
  T_compute_accum_s=41.9585
  T_comm_accum_s=0
  T_balance_accum_s=0.255907
  T_rebalance_apply_accum_s=0.0895789
  device_times_s:
    part[0]=3.41984
    part[1]=2.91927
  OLD loads:
    part[0] cum=98.9375% share=98.9375% device_global=0 rank=0 local_index=0 offset=0 count=7915000
    part[1] cum=100% share=1.0625% device_global=1 rank=0 local_index=1 offset=7915000 count=85000
    total=100%
  CURRENT loads:
    part[0] cum=98.9375% share=98.9375% device_global=0 rank=0 local_index=0 offset=0 count=7915000
    part[1] cum=100% share=1.0625% device_global=1 rank=0 local_index=1 offset=7915000 count=85000
    total=100%
[DCL][balance-metrics] iteration=7100
  policy=scheduled
  action=skip
  reason=static balance already attempted
  T_compute_interval_s=3.43582
  T_comm_interval_s=0
  T_balance_total_s=0
  T_rebalance_apply_s=0
  T_compute_accum_s=45.3943
  T_comm_accum_s=0
  T_balance_accum_s=0.255907
  T_rebalance_apply_accum_s=0.0895789
  device_times_s:
    part[0]=3.43582
    part[1]=2.74737
  OLD loads:
    part[0] cum=98.9375% share=98.9375% device_global=0 rank=0 local_index=0 offset=0 count=7915000
    part[1] cum=100% share=1.0625% device_global=1 rank=0 local_index=1 offset=7915000 count=85000
    total=100%
  CURRENT loads:
    part[0] cum=98.9375% share=98.9375% device_global=0 rank=0 local_index=0 offset=0 count=7915000
    part[1] cum=100% share=1.0625% device_global=1 rank=0 local_index=1 offset=7915000 count=85000
    total=100%
[DCL][balance-metrics] iteration=8100
  policy=scheduled
  action=skip
  reason=static balance already attempted
  T_compute_interval_s=3.44568
  T_comm_interval_s=0
  T_balance_total_s=0
  T_rebalance_apply_s=0
  T_compute_accum_s=48.84
  T_comm_accum_s=0
  T_balance_accum_s=0.255907
  T_rebalance_apply_accum_s=0.0895789
  device_times_s:
    part[0]=3.44568
    part[1]=2.62743
  OLD loads:
    part[0] cum=98.9375% share=98.9375% device_global=0 rank=0 local_index=0 offset=0 count=7915000
    part[1] cum=100% share=1.0625% device_global=1 rank=0 local_index=1 offset=7915000 count=85000
    total=100%
  CURRENT loads:
    part[0] cum=98.9375% share=98.9375% device_global=0 rank=0 local_index=0 offset=0 count=7915000
    part[1] cum=100% share=1.0625% device_global=1 rank=0 local_index=1 offset=7915000 count=85000
    total=100%
[DCL][balance-metrics] iteration=9100
  policy=scheduled
  action=skip
  reason=static balance already attempted
  T_compute_interval_s=3.4508
  T_comm_interval_s=0
  T_balance_total_s=0
  T_rebalance_apply_s=0
  T_compute_accum_s=52.2908
  T_comm_accum_s=0
  T_balance_accum_s=0.255907
  T_rebalance_apply_accum_s=0.0895789
  device_times_s:
    part[0]=3.4508
    part[1]=2.52619
  OLD loads:
    part[0] cum=98.9375% share=98.9375% device_global=0 rank=0 local_index=0 offset=0 count=7915000
    part[1] cum=100% share=1.0625% device_global=1 rank=0 local_index=1 offset=7915000 count=85000
    total=100%
  CURRENT loads:
    part[0] cum=98.9375% share=98.9375% device_global=0 rank=0 local_index=0 offset=0 count=7915000
    part[1] cum=100% share=1.0625% device_global=1 rank=0 local_index=1 offset=7915000 count=85000
    total=100%

=== PARTICOES FINAIS ===
=== Particoes globais ===
part[0] device_global=0 rank=0 local_index=0 offset=0 count=7915000
part[1] device_global=1 rank=0 local_index=1 offset=7915000 count=85000


============================
ITERACAO 10000
Tempo de execução: 56.0545s
