=== Dispositivos locais do rank 0 ===
global=0 local=0 nome="NVIDIA RTX 2000 Ada Generation" compute_units=22
global=1 local=1 nome="Intel(R) Xeon(R) CPU           E5620  @ 2.40GHz" compute_units=16

=== Dispositivos locais do rank 1 ===
global=2 local=0 nome="NVIDIA RTX 2000 Ada Generation" compute_units=22
global=3 local=1 nome="Intel(R) Xeon(R) CPU           E5620  @ 2.40GHz" compute_units=16

=== Dispositivos locais do rank 2 ===
global=4 local=0 nome="NVIDIA RTX 2000 Ada Generation" compute_units=22
global=5 local=1 nome="Intel(R) Xeon(R) CPU           E5620  @ 2.40GHz" compute_units=16

=== Dispositivos locais do rank 3 ===
global=6 local=0 nome="NVIDIA RTX 2000 Ada Generation" compute_units=22
global=7 local=1 nome="Intel(R) Xeon(R) CPU           E5620  @ 2.40GHz" compute_units=16

=== PARTICOES INICIAIS ===
=== Particoes globais ===
part[0] device_global=0 rank=0 local_index=0 offset=0 count=1000000
part[1] device_global=1 rank=0 local_index=1 offset=1000000 count=1000000
part[2] device_global=2 rank=1 local_index=-1 offset=2000000 count=1000000
part[3] device_global=3 rank=1 local_index=-1 offset=3000000 count=1000000
part[4] device_global=4 rank=2 local_index=-1 offset=4000000 count=1000000
part[5] device_global=5 rank=2 local_index=-1 offset=5000000 count=1000000
part[6] device_global=6 rank=3 local_index=-1 offset=6000000 count=1000000
part[7] device_global=7 rank=3 local_index=-1 offset=7000000 count=1000000

X = 50 Y = 50 Z = 3200 Iterations = 10000
[DCL][balance-metrics] iteration=100
  policy=threshold
  action=rebalance
  reason=accepted by fixed threshold; diff=0.247121, threshold=0.0003125
  T_compute_interval_s=5.39791
  T_comm_interval_s=5.14093
  T_balance_total_s=0.288002
  T_rebalance_apply_s=0.0702809
  T_compute_accum_s=5.39791
  T_comm_accum_s=5.14093
  T_balance_accum_s=0.288002
  T_rebalance_apply_accum_s=0.0702809
  device_times_s:
    part[0]=0.049051
    part[1]=3.03329
    part[2]=0.0479606
    part[3]=3.0574
    part[4]=0.0492292
    part[5]=4.27433
    part[6]=0.0490959
    part[7]=5.39791
  OLD loads:
    part[0] cum=12.5% share=12.5% device_global=0 rank=0 local_index=0 offset=0 count=1965000
    part[1] cum=25% share=12.5% device_global=1 rank=0 local_index=1 offset=1965000 count=32500
    part[2] cum=37.5% share=12.5% device_global=2 rank=1 local_index=-1 offset=1997500 count=2010000
    part[3] cum=50% share=12.5% device_global=3 rank=1 local_index=-1 offset=4007500 count=30000
    part[4] cum=62.5% share=12.5% device_global=4 rank=2 local_index=-1 offset=4037500 count=1960000
    part[5] cum=75% share=12.5% device_global=5 rank=2 local_index=-1 offset=5997500 count=22500
    part[6] cum=87.5% share=12.5% device_global=6 rank=3 local_index=-1 offset=6020000 count=1962500
    part[7] cum=100% share=12.5% device_global=7 rank=3 local_index=-1 offset=7982500 count=17500
    total=100%
  PROPOSED loads:
    part[0] cum=24.5625% share=24.5625% device_global=0 rank=0 local_index=0 offset=0 count=1965000
    part[1] cum=24.9688% share=0.406249% device_global=1 rank=0 local_index=1 offset=1965000 count=32500
    part[2] cum=50.0938% share=25.125% device_global=2 rank=1 local_index=-1 offset=1997500 count=2010000
    part[3] cum=50.4688% share=0.374997% device_global=3 rank=1 local_index=-1 offset=4007500 count=30000
    part[4] cum=74.9688% share=24.5% device_global=4 rank=2 local_index=-1 offset=4037500 count=1960000
    part[5] cum=75.25% share=0.28125% device_global=5 rank=2 local_index=-1 offset=5997500 count=22500
    part[6] cum=99.7812% share=24.5313% device_global=6 rank=3 local_index=-1 offset=6020000 count=1962500
    part[7] cum=100% share=0.218749% device_global=7 rank=3 local_index=-1 offset=7982500 count=17500
    total=100%
  CURRENT loads:
    part[0] cum=24.5625% share=24.5625% device_global=0 rank=0 local_index=0 offset=0 count=1965000
    part[1] cum=24.9688% share=0.406249% device_global=1 rank=0 local_index=1 offset=1965000 count=32500
    part[2] cum=50.0938% share=25.125% device_global=2 rank=1 local_index=-1 offset=1997500 count=2010000
    part[3] cum=50.4688% share=0.374997% device_global=3 rank=1 local_index=-1 offset=4007500 count=30000
    part[4] cum=74.9688% share=24.5% device_global=4 rank=2 local_index=-1 offset=4037500 count=1960000
    part[5] cum=75.25% share=0.28125% device_global=5 rank=2 local_index=-1 offset=5997500 count=22500
    part[6] cum=99.7812% share=24.5313% device_global=6 rank=3 local_index=-1 offset=6020000 count=1962500
    part[7] cum=100% share=0.218749% device_global=7 rank=3 local_index=-1 offset=7982500 count=17500
    total=100%
[DCL][balance-metrics] iteration=1100
  policy=scheduled
  action=skip
  reason=static balance already attempted
  T_compute_interval_s=1.43067
  T_comm_interval_s=4.19816
  T_balance_total_s=0
  T_rebalance_apply_s=0
  T_compute_accum_s=6.82858
  T_comm_accum_s=9.33909
  T_balance_accum_s=0.288002
  T_rebalance_apply_accum_s=0.0702809
  device_times_s:
    part[0]=0.932649
    part[1]=0.984472
    part[2]=0.953649
    part[3]=1.08612
    part[4]=0.930862
    part[5]=1.43067
    part[6]=0.93065
    part[7]=1.36556
  OLD loads:
    part[0] cum=24.5625% share=24.5625% device_global=0 rank=0 local_index=0 offset=0 count=1965000
    part[1] cum=24.9688% share=0.406249% device_global=1 rank=0 local_index=1 offset=1965000 count=32500
    part[2] cum=50.0938% share=25.125% device_global=2 rank=1 local_index=-1 offset=1997500 count=2010000
    part[3] cum=50.4688% share=0.374997% device_global=3 rank=1 local_index=-1 offset=4007500 count=30000
    part[4] cum=74.9688% share=24.5% device_global=4 rank=2 local_index=-1 offset=4037500 count=1960000
    part[5] cum=75.25% share=0.28125% device_global=5 rank=2 local_index=-1 offset=5997500 count=22500
    part[6] cum=99.7812% share=24.5313% device_global=6 rank=3 local_index=-1 offset=6020000 count=1962500
    part[7] cum=100% share=0.218749% device_global=7 rank=3 local_index=-1 offset=7982500 count=17500
    total=100%
  CURRENT loads:
    part[0] cum=24.5625% share=24.5625% device_global=0 rank=0 local_index=0 offset=0 count=1965000
    part[1] cum=24.9688% share=0.406249% device_global=1 rank=0 local_index=1 offset=1965000 count=32500
    part[2] cum=50.0938% share=25.125% device_global=2 rank=1 local_index=-1 offset=1997500 count=2010000
    part[3] cum=50.4688% share=0.374997% device_global=3 rank=1 local_index=-1 offset=4007500 count=30000
    part[4] cum=74.9688% share=24.5% device_global=4 rank=2 local_index=-1 offset=4037500 count=1960000
    part[5] cum=75.25% share=0.28125% device_global=5 rank=2 local_index=-1 offset=5997500 count=22500
    part[6] cum=99.7812% share=24.5313% device_global=6 rank=3 local_index=-1 offset=6020000 count=1962500
    part[7] cum=100% share=0.218749% device_global=7 rank=3 local_index=-1 offset=7982500 count=17500
    total=100%
[DCL][balance-metrics] iteration=2100
  policy=scheduled
  action=skip
  reason=static balance already attempted
  T_compute_interval_s=1.26989
  T_comm_interval_s=4.30919
  T_balance_total_s=0
  T_rebalance_apply_s=0
  T_compute_accum_s=8.09847
  T_comm_accum_s=13.6483
  T_balance_accum_s=0.288002
  T_rebalance_apply_accum_s=0.0702809
  device_times_s:
    part[0]=0.932202
    part[1]=0.951485
    part[2]=0.951701
    part[3]=0.933346
    part[4]=0.931066
    part[5]=1.06558
    part[6]=0.93067
    part[7]=1.26989
  OLD loads:
    part[0] cum=24.5625% share=24.5625% device_global=0 rank=0 local_index=0 offset=0 count=1965000
    part[1] cum=24.9688% share=0.406249% device_global=1 rank=0 local_index=1 offset=1965000 count=32500
    part[2] cum=50.0938% share=25.125% device_global=2 rank=1 local_index=-1 offset=1997500 count=2010000
    part[3] cum=50.4688% share=0.374997% device_global=3 rank=1 local_index=-1 offset=4007500 count=30000
    part[4] cum=74.9688% share=24.5% device_global=4 rank=2 local_index=-1 offset=4037500 count=1960000
    part[5] cum=75.25% share=0.28125% device_global=5 rank=2 local_index=-1 offset=5997500 count=22500
    part[6] cum=99.7812% share=24.5313% device_global=6 rank=3 local_index=-1 offset=6020000 count=1962500
    part[7] cum=100% share=0.218749% device_global=7 rank=3 local_index=-1 offset=7982500 count=17500
    total=100%
  CURRENT loads:
    part[0] cum=24.5625% share=24.5625% device_global=0 rank=0 local_index=0 offset=0 count=1965000
    part[1] cum=24.9688% share=0.406249% device_global=1 rank=0 local_index=1 offset=1965000 count=32500
    part[2] cum=50.0938% share=25.125% device_global=2 rank=1 local_index=-1 offset=1997500 count=2010000
    part[3] cum=50.4688% share=0.374997% device_global=3 rank=1 local_index=-1 offset=4007500 count=30000
    part[4] cum=74.9688% share=24.5% device_global=4 rank=2 local_index=-1 offset=4037500 count=1960000
    part[5] cum=75.25% share=0.28125% device_global=5 rank=2 local_index=-1 offset=5997500 count=22500
    part[6] cum=99.7812% share=24.5313% device_global=6 rank=3 local_index=-1 offset=6020000 count=1962500
    part[7] cum=100% share=0.218749% device_global=7 rank=3 local_index=-1 offset=7982500 count=17500
    total=100%
[DCL][balance-metrics] iteration=3100
  policy=scheduled
  action=skip
  reason=static balance already attempted
  T_compute_interval_s=1.04323
  T_comm_interval_s=4.33742
  T_balance_total_s=0
  T_rebalance_apply_s=0
  T_compute_accum_s=9.14171
  T_comm_accum_s=17.9857
  T_balance_accum_s=0.288002
  T_rebalance_apply_accum_s=0.0702809
  device_times_s:
    part[0]=0.932258
    part[1]=0.934063
    part[2]=0.951371
    part[3]=0.905788
    part[4]=0.93076
    part[5]=0.887312
    part[6]=0.930145
    part[7]=1.04323
  OLD loads:
    part[0] cum=24.5625% share=24.5625% device_global=0 rank=0 local_index=0 offset=0 count=1965000
    part[1] cum=24.9688% share=0.406249% device_global=1 rank=0 local_index=1 offset=1965000 count=32500
    part[2] cum=50.0938% share=25.125% device_global=2 rank=1 local_index=-1 offset=1997500 count=2010000
    part[3] cum=50.4688% share=0.374997% device_global=3 rank=1 local_index=-1 offset=4007500 count=30000
    part[4] cum=74.9688% share=24.5% device_global=4 rank=2 local_index=-1 offset=4037500 count=1960000
    part[5] cum=75.25% share=0.28125% device_global=5 rank=2 local_index=-1 offset=5997500 count=22500
    part[6] cum=99.7812% share=24.5313% device_global=6 rank=3 local_index=-1 offset=6020000 count=1962500
    part[7] cum=100% share=0.218749% device_global=7 rank=3 local_index=-1 offset=7982500 count=17500
    total=100%
  CURRENT loads:
    part[0] cum=24.5625% share=24.5625% device_global=0 rank=0 local_index=0 offset=0 count=1965000
    part[1] cum=24.9688% share=0.406249% device_global=1 rank=0 local_index=1 offset=1965000 count=32500
    part[2] cum=50.0938% share=25.125% device_global=2 rank=1 local_index=-1 offset=1997500 count=2010000
    part[3] cum=50.4688% share=0.374997% device_global=3 rank=1 local_index=-1 offset=4007500 count=30000
    part[4] cum=74.9688% share=24.5% device_global=4 rank=2 local_index=-1 offset=4037500 count=1960000
    part[5] cum=75.25% share=0.28125% device_global=5 rank=2 local_index=-1 offset=5997500 count=22500
    part[6] cum=99.7812% share=24.5313% device_global=6 rank=3 local_index=-1 offset=6020000 count=1962500
    part[7] cum=100% share=0.218749% device_global=7 rank=3 local_index=-1 offset=7982500 count=17500
    total=100%
[DCL][balance-metrics] iteration=4100
  policy=scheduled
  action=skip
  reason=static balance already attempted
  T_compute_interval_s=0.951713
  T_comm_interval_s=4.37959
  T_balance_total_s=0
  T_rebalance_apply_s=0
  T_compute_accum_s=10.0934
  T_comm_accum_s=22.3653
  T_balance_accum_s=0.288002
  T_rebalance_apply_accum_s=0.0702809
  device_times_s:
    part[0]=0.932601
    part[1]=0.930146
    part[2]=0.951713
    part[3]=0.892775
    part[4]=0.931321
    part[5]=0.819183
    part[6]=0.930239
    part[7]=0.847035
  OLD loads:
    part[0] cum=24.5625% share=24.5625% device_global=0 rank=0 local_index=0 offset=0 count=1965000
    part[1] cum=24.9688% share=0.406249% device_global=1 rank=0 local_index=1 offset=1965000 count=32500
    part[2] cum=50.0938% share=25.125% device_global=2 rank=1 local_index=-1 offset=1997500 count=2010000
    part[3] cum=50.4688% share=0.374997% device_global=3 rank=1 local_index=-1 offset=4007500 count=30000
    part[4] cum=74.9688% share=24.5% device_global=4 rank=2 local_index=-1 offset=4037500 count=1960000
    part[5] cum=75.25% share=0.28125% device_global=5 rank=2 local_index=-1 offset=5997500 count=22500
    part[6] cum=99.7812% share=24.5313% device_global=6 rank=3 local_index=-1 offset=6020000 count=1962500
    part[7] cum=100% share=0.218749% device_global=7 rank=3 local_index=-1 offset=7982500 count=17500
    total=100%
  CURRENT loads:
    part[0] cum=24.5625% share=24.5625% device_global=0 rank=0 local_index=0 offset=0 count=1965000
    part[1] cum=24.9688% share=0.406249% device_global=1 rank=0 local_index=1 offset=1965000 count=32500
    part[2] cum=50.0938% share=25.125% device_global=2 rank=1 local_index=-1 offset=1997500 count=2010000
    part[3] cum=50.4688% share=0.374997% device_global=3 rank=1 local_index=-1 offset=4007500 count=30000
    part[4] cum=74.9688% share=24.5% device_global=4 rank=2 local_index=-1 offset=4037500 count=1960000
    part[5] cum=75.25% share=0.28125% device_global=5 rank=2 local_index=-1 offset=5997500 count=22500
    part[6] cum=99.7812% share=24.5313% device_global=6 rank=3 local_index=-1 offset=6020000 count=1962500
    part[7] cum=100% share=0.218749% device_global=7 rank=3 local_index=-1 offset=7982500 count=17500
    total=100%
[DCL][balance-metrics] iteration=5100
  policy=scheduled
  action=skip
  reason=static balance already attempted
  T_compute_interval_s=0.95213
  T_comm_interval_s=4.36786
  T_balance_total_s=0
  T_rebalance_apply_s=0
  T_compute_accum_s=11.0455
  T_comm_accum_s=26.7332
  T_balance_accum_s=0.288002
  T_rebalance_apply_accum_s=0.0702809
  device_times_s:
    part[0]=0.932375
    part[1]=0.93912
    part[2]=0.95213
    part[3]=0.890824
    part[4]=0.931152
    part[5]=0.792072
    part[6]=0.930522
    part[7]=0.769792
  OLD loads:
    part[0] cum=24.5625% share=24.5625% device_global=0 rank=0 local_index=0 offset=0 count=1965000
    part[1] cum=24.9688% share=0.406249% device_global=1 rank=0 local_index=1 offset=1965000 count=32500
    part[2] cum=50.0938% share=25.125% device_global=2 rank=1 local_index=-1 offset=1997500 count=2010000
    part[3] cum=50.4688% share=0.374997% device_global=3 rank=1 local_index=-1 offset=4007500 count=30000
    part[4] cum=74.9688% share=24.5% device_global=4 rank=2 local_index=-1 offset=4037500 count=1960000
    part[5] cum=75.25% share=0.28125% device_global=5 rank=2 local_index=-1 offset=5997500 count=22500
    part[6] cum=99.7812% share=24.5313% device_global=6 rank=3 local_index=-1 offset=6020000 count=1962500
    part[7] cum=100% share=0.218749% device_global=7 rank=3 local_index=-1 offset=7982500 count=17500
    total=100%
  CURRENT loads:
    part[0] cum=24.5625% share=24.5625% device_global=0 rank=0 local_index=0 offset=0 count=1965000
    part[1] cum=24.9688% share=0.406249% device_global=1 rank=0 local_index=1 offset=1965000 count=32500
    part[2] cum=50.0938% share=25.125% device_global=2 rank=1 local_index=-1 offset=1997500 count=2010000
    part[3] cum=50.4688% share=0.374997% device_global=3 rank=1 local_index=-1 offset=4007500 count=30000
    part[4] cum=74.9688% share=24.5% device_global=4 rank=2 local_index=-1 offset=4037500 count=1960000
    part[5] cum=75.25% share=0.28125% device_global=5 rank=2 local_index=-1 offset=5997500 count=22500
    part[6] cum=99.7812% share=24.5313% device_global=6 rank=3 local_index=-1 offset=6020000 count=1962500
    part[7] cum=100% share=0.218749% device_global=7 rank=3 local_index=-1 offset=7982500 count=17500
    total=100%
[DCL][balance-metrics] iteration=6100
  policy=scheduled
  action=skip
  reason=static balance already attempted
  T_compute_interval_s=0.951695
  T_comm_interval_s=4.38241
  T_balance_total_s=0
  T_rebalance_apply_s=0
  T_compute_accum_s=11.9972
  T_comm_accum_s=31.1156
  T_balance_accum_s=0.288002
  T_rebalance_apply_accum_s=0.0702809
  device_times_s:
    part[0]=0.931727
    part[1]=0.934802
    part[2]=0.951695
    part[3]=0.878705
    part[4]=0.930777
    part[5]=0.765375
    part[6]=0.93066
    part[7]=0.728319
  OLD loads:
    part[0] cum=24.5625% share=24.5625% device_global=0 rank=0 local_index=0 offset=0 count=1965000
    part[1] cum=24.9688% share=0.406249% device_global=1 rank=0 local_index=1 offset=1965000 count=32500
    part[2] cum=50.0938% share=25.125% device_global=2 rank=1 local_index=-1 offset=1997500 count=2010000
    part[3] cum=50.4688% share=0.374997% device_global=3 rank=1 local_index=-1 offset=4007500 count=30000
    part[4] cum=74.9688% share=24.5% device_global=4 rank=2 local_index=-1 offset=4037500 count=1960000
    part[5] cum=75.25% share=0.28125% device_global=5 rank=2 local_index=-1 offset=5997500 count=22500
    part[6] cum=99.7812% share=24.5313% device_global=6 rank=3 local_index=-1 offset=6020000 count=1962500
    part[7] cum=100% share=0.218749% device_global=7 rank=3 local_index=-1 offset=7982500 count=17500
    total=100%
  CURRENT loads:
    part[0] cum=24.5625% share=24.5625% device_global=0 rank=0 local_index=0 offset=0 count=1965000
    part[1] cum=24.9688% share=0.406249% device_global=1 rank=0 local_index=1 offset=1965000 count=32500
    part[2] cum=50.0938% share=25.125% device_global=2 rank=1 local_index=-1 offset=1997500 count=2010000
    part[3] cum=50.4688% share=0.374997% device_global=3 rank=1 local_index=-1 offset=4007500 count=30000
    part[4] cum=74.9688% share=24.5% device_global=4 rank=2 local_index=-1 offset=4037500 count=1960000
    part[5] cum=75.25% share=0.28125% device_global=5 rank=2 local_index=-1 offset=5997500 count=22500
    part[6] cum=99.7812% share=24.5313% device_global=6 rank=3 local_index=-1 offset=6020000 count=1962500
    part[7] cum=100% share=0.218749% device_global=7 rank=3 local_index=-1 offset=7982500 count=17500
    total=100%
[DCL][balance-metrics] iteration=7100
  policy=scheduled
  action=skip
  reason=static balance already attempted
  T_compute_interval_s=0.951564
  T_comm_interval_s=4.39437
  T_balance_total_s=0
  T_rebalance_apply_s=0
  T_compute_accum_s=12.9488
  T_comm_accum_s=35.5099
  T_balance_accum_s=0.288002
  T_rebalance_apply_accum_s=0.0702809
  device_times_s:
    part[0]=0.931804
    part[1]=0.938216
    part[2]=0.951564
    part[3]=0.877911
    part[4]=0.930687
    part[5]=0.748858
    part[6]=0.930345
    part[7]=0.686058
  OLD loads:
    part[0] cum=24.5625% share=24.5625% device_global=0 rank=0 local_index=0 offset=0 count=1965000
    part[1] cum=24.9688% share=0.406249% device_global=1 rank=0 local_index=1 offset=1965000 count=32500
    part[2] cum=50.0938% share=25.125% device_global=2 rank=1 local_index=-1 offset=1997500 count=2010000
    part[3] cum=50.4688% share=0.374997% device_global=3 rank=1 local_index=-1 offset=4007500 count=30000
    part[4] cum=74.9688% share=24.5% device_global=4 rank=2 local_index=-1 offset=4037500 count=1960000
    part[5] cum=75.25% share=0.28125% device_global=5 rank=2 local_index=-1 offset=5997500 count=22500
    part[6] cum=99.7812% share=24.5313% device_global=6 rank=3 local_index=-1 offset=6020000 count=1962500
    part[7] cum=100% share=0.218749% device_global=7 rank=3 local_index=-1 offset=7982500 count=17500
    total=100%
  CURRENT loads:
    part[0] cum=24.5625% share=24.5625% device_global=0 rank=0 local_index=0 offset=0 count=1965000
    part[1] cum=24.9688% share=0.406249% device_global=1 rank=0 local_index=1 offset=1965000 count=32500
    part[2] cum=50.0938% share=25.125% device_global=2 rank=1 local_index=-1 offset=1997500 count=2010000
    part[3] cum=50.4688% share=0.374997% device_global=3 rank=1 local_index=-1 offset=4007500 count=30000
    part[4] cum=74.9688% share=24.5% device_global=4 rank=2 local_index=-1 offset=4037500 count=1960000
    part[5] cum=75.25% share=0.28125% device_global=5 rank=2 local_index=-1 offset=5997500 count=22500
    part[6] cum=99.7812% share=24.5313% device_global=6 rank=3 local_index=-1 offset=6020000 count=1962500
    part[7] cum=100% share=0.218749% device_global=7 rank=3 local_index=-1 offset=7982500 count=17500
    total=100%
[DCL][balance-metrics] iteration=8100
  policy=scheduled
  action=skip
  reason=static balance already attempted
  T_compute_interval_s=0.951585
  T_comm_interval_s=4.35148
  T_balance_total_s=0
  T_rebalance_apply_s=0
  T_compute_accum_s=13.9004
  T_comm_accum_s=39.8614
  T_balance_accum_s=0.288002
  T_rebalance_apply_accum_s=0.0702809
  device_times_s:
    part[0]=0.932424
    part[1]=0.942806
    part[2]=0.951585
    part[3]=0.872857
    part[4]=0.930452
    part[5]=0.728163
    part[6]=0.930276
    part[7]=0.659252
  OLD loads:
    part[0] cum=24.5625% share=24.5625% device_global=0 rank=0 local_index=0 offset=0 count=1965000
    part[1] cum=24.9688% share=0.406249% device_global=1 rank=0 local_index=1 offset=1965000 count=32500
    part[2] cum=50.0938% share=25.125% device_global=2 rank=1 local_index=-1 offset=1997500 count=2010000
    part[3] cum=50.4688% share=0.374997% device_global=3 rank=1 local_index=-1 offset=4007500 count=30000
    part[4] cum=74.9688% share=24.5% device_global=4 rank=2 local_index=-1 offset=4037500 count=1960000
    part[5] cum=75.25% share=0.28125% device_global=5 rank=2 local_index=-1 offset=5997500 count=22500
    part[6] cum=99.7812% share=24.5313% device_global=6 rank=3 local_index=-1 offset=6020000 count=1962500
    part[7] cum=100% share=0.218749% device_global=7 rank=3 local_index=-1 offset=7982500 count=17500
    total=100%
  CURRENT loads:
    part[0] cum=24.5625% share=24.5625% device_global=0 rank=0 local_index=0 offset=0 count=1965000
    part[1] cum=24.9688% share=0.406249% device_global=1 rank=0 local_index=1 offset=1965000 count=32500
    part[2] cum=50.0938% share=25.125% device_global=2 rank=1 local_index=-1 offset=1997500 count=2010000
    part[3] cum=50.4688% share=0.374997% device_global=3 rank=1 local_index=-1 offset=4007500 count=30000
    part[4] cum=74.9688% share=24.5% device_global=4 rank=2 local_index=-1 offset=4037500 count=1960000
    part[5] cum=75.25% share=0.28125% device_global=5 rank=2 local_index=-1 offset=5997500 count=22500
    part[6] cum=99.7812% share=24.5313% device_global=6 rank=3 local_index=-1 offset=6020000 count=1962500
    part[7] cum=100% share=0.218749% device_global=7 rank=3 local_index=-1 offset=7982500 count=17500
    total=100%
[DCL][balance-metrics] iteration=9100
  policy=scheduled
  action=skip
  reason=static balance already attempted
  T_compute_interval_s=0.951681
  T_comm_interval_s=4.36072
  T_balance_total_s=0
  T_rebalance_apply_s=0
  T_compute_accum_s=14.8521
  T_comm_accum_s=44.2221
  T_balance_accum_s=0.288002
  T_rebalance_apply_accum_s=0.0702809
  device_times_s:
    part[0]=0.931702
    part[1]=0.940534
    part[2]=0.951681
    part[3]=0.876078
    part[4]=0.930301
    part[5]=0.718419
    part[6]=0.930714
    part[7]=0.648449
  OLD loads:
    part[0] cum=24.5625% share=24.5625% device_global=0 rank=0 local_index=0 offset=0 count=1965000
    part[1] cum=24.9688% share=0.406249% device_global=1 rank=0 local_index=1 offset=1965000 count=32500
    part[2] cum=50.0938% share=25.125% device_global=2 rank=1 local_index=-1 offset=1997500 count=2010000
    part[3] cum=50.4688% share=0.374997% device_global=3 rank=1 local_index=-1 offset=4007500 count=30000
    part[4] cum=74.9688% share=24.5% device_global=4 rank=2 local_index=-1 offset=4037500 count=1960000
    part[5] cum=75.25% share=0.28125% device_global=5 rank=2 local_index=-1 offset=5997500 count=22500
    part[6] cum=99.7812% share=24.5313% device_global=6 rank=3 local_index=-1 offset=6020000 count=1962500
    part[7] cum=100% share=0.218749% device_global=7 rank=3 local_index=-1 offset=7982500 count=17500
    total=100%
  CURRENT loads:
    part[0] cum=24.5625% share=24.5625% device_global=0 rank=0 local_index=0 offset=0 count=1965000
    part[1] cum=24.9688% share=0.406249% device_global=1 rank=0 local_index=1 offset=1965000 count=32500
    part[2] cum=50.0938% share=25.125% device_global=2 rank=1 local_index=-1 offset=1997500 count=2010000
    part[3] cum=50.4688% share=0.374997% device_global=3 rank=1 local_index=-1 offset=4007500 count=30000
    part[4] cum=74.9688% share=24.5% device_global=4 rank=2 local_index=-1 offset=4037500 count=1960000
    part[5] cum=75.25% share=0.28125% device_global=5 rank=2 local_index=-1 offset=5997500 count=22500
    part[6] cum=99.7812% share=24.5313% device_global=6 rank=3 local_index=-1 offset=6020000 count=1962500
    part[7] cum=100% share=0.218749% device_global=7 rank=3 local_index=-1 offset=7982500 count=17500
    total=100%

=== PARTICOES FINAIS ===
=== Particoes globais ===
part[0] device_global=0 rank=0 local_index=0 offset=0 count=1965000
part[1] device_global=1 rank=0 local_index=1 offset=1965000 count=32500
part[2] device_global=2 rank=1 local_index=-1 offset=1997500 count=2010000
part[3] device_global=3 rank=1 local_index=-1 offset=4007500 count=30000
part[4] device_global=4 rank=2 local_index=-1 offset=4037500 count=1960000
part[5] device_global=5 rank=2 local_index=-1 offset=5997500 count=22500
part[6] device_global=6 rank=3 local_index=-1 offset=6020000 count=1962500
part[7] device_global=7 rank=3 local_index=-1 offset=7982500 count=17500


============================
ITERACAO 10000
Tempo de execução: 56.5625s
