=== Dispositivos locais do rank 0 ===
global=0 local=0 nome="NVIDIA RTX 2000 Ada Generation" compute_units=22
global=1 local=1 nome="Intel(R) Xeon(R) CPU           E5620  @ 2.40GHz" compute_units=16

=== Dispositivos locais do rank 3 ===
global=6 local=0 nome="NVIDIA RTX 2000 Ada Generation" compute_units=22
global=7 local=1 nome="Intel(R) Xeon(R) CPU           E5620  @ 2.40GHz" compute_units=16

=== Dispositivos locais do rank 2 ===
global=4 local=0 nome="NVIDIA RTX 2000 Ada Generation" compute_units=22
global=5 local=1 nome="Intel(R) Xeon(R) CPU           E5620  @ 2.40GHz" compute_units=16

=== Dispositivos locais do rank 1 ===
global=2 local=0 nome="NVIDIA RTX 2000 Ada Generation" compute_units=22
global=3 local=1 nome="Intel(R) Xeon(R) CPU           E5620  @ 2.40GHz" compute_units=16

=== PARTICOES INICIAIS ===
=== Particoes globais ===
part[0] device_global=0 rank=0 local_index=0 offset=0 count=1000000
part[1] device_global=1 rank=0 local_index=1 offset=1000000 count=1000000
part[2] device_global=2 rank=1 local_index=-1 offset=2000000 count=1000000
part[3] device_global=3 rank=1 local_index=-1 offset=3000000 count=1000000
part[4] device_global=4 rank=2 local_index=-1 offset=4000000 count=1000000
part[5] device_global=5 rank=2 local_index=-1 offset=5000000 count=1000000
part[6] device_global=6 rank=3 local_index=-1 offset=6000000 count=1000000
part[7] device_global=7 rank=3 local_index=-1 offset=7000000 count=1000000

X = 50 Y = 50 Z = 3200 Iterations = 10000
[DCL][balance-metrics] iteration=100
  policy=threshold
  action=rebalance
  reason=accepted by fixed threshold; diff=0.247581, threshold=0.0003125
  T_compute_interval_s=5.45429
  T_comm_interval_s=5.30477
  T_balance_total_s=0.321196
  T_rebalance_apply_s=0.0965293
  T_compute_accum_s=5.45429
  T_comm_accum_s=5.30477
  T_balance_accum_s=0.321196
  T_rebalance_apply_accum_s=0.0965293
  device_times_s:
    part[0]=0.048746
    part[1]=3.01661
    part[2]=0.048148
    part[3]=3.05451
    part[4]=0.0492696
    part[5]=4.27665
    part[6]=0.0490172
    part[7]=5.45429
  OLD loads:
    part[0] cum=12.5% share=12.5% device_global=0 rank=0 local_index=0 offset=0 count=1975000
    part[1] cum=25% share=12.5% device_global=1 rank=0 local_index=1 offset=1975000 count=32500
    part[2] cum=37.5% share=12.5% device_global=2 rank=1 local_index=-1 offset=2007500 count=2000000
    part[3] cum=50% share=12.5% device_global=3 rank=1 local_index=-1 offset=4007500 count=32500
    part[4] cum=62.5% share=12.5% device_global=4 rank=2 local_index=-1 offset=4040000 count=1955000
    part[5] cum=75% share=12.5% device_global=5 rank=2 local_index=-1 offset=5995000 count=22500
    part[6] cum=87.5% share=12.5% device_global=6 rank=3 local_index=-1 offset=6017500 count=1965000
    part[7] cum=100% share=12.5% device_global=7 rank=3 local_index=-1 offset=7982500 count=17500
    total=100%
  PROPOSED loads:
    part[0] cum=24.6875% share=24.6875% device_global=0 rank=0 local_index=0 offset=0 count=1975000
    part[1] cum=25.0938% share=0.406249% device_global=1 rank=0 local_index=1 offset=1975000 count=32500
    part[2] cum=50.0938% share=25% device_global=2 rank=1 local_index=-1 offset=2007500 count=2000000
    part[3] cum=50.5% share=0.406247% device_global=3 rank=1 local_index=-1 offset=4007500 count=32500
    part[4] cum=74.9375% share=24.4375% device_global=4 rank=2 local_index=-1 offset=4040000 count=1955000
    part[5] cum=75.2188% share=0.28125% device_global=5 rank=2 local_index=-1 offset=5995000 count=22500
    part[6] cum=99.7812% share=24.5625% device_global=6 rank=3 local_index=-1 offset=6017500 count=1965000
    part[7] cum=100% share=0.218749% device_global=7 rank=3 local_index=-1 offset=7982500 count=17500
    total=100%
  CURRENT loads:
    part[0] cum=24.6875% share=24.6875% device_global=0 rank=0 local_index=0 offset=0 count=1975000
    part[1] cum=25.0938% share=0.406249% device_global=1 rank=0 local_index=1 offset=1975000 count=32500
    part[2] cum=50.0938% share=25% device_global=2 rank=1 local_index=-1 offset=2007500 count=2000000
    part[3] cum=50.5% share=0.406247% device_global=3 rank=1 local_index=-1 offset=4007500 count=32500
    part[4] cum=74.9375% share=24.4375% device_global=4 rank=2 local_index=-1 offset=4040000 count=1955000
    part[5] cum=75.2188% share=0.28125% device_global=5 rank=2 local_index=-1 offset=5995000 count=22500
    part[6] cum=99.7812% share=24.5625% device_global=6 rank=3 local_index=-1 offset=6017500 count=1965000
    part[7] cum=100% share=0.218749% device_global=7 rank=3 local_index=-1 offset=7982500 count=17500
    total=100%
[DCL][balance-metrics] iteration=1100
  policy=scheduled
  action=skip
  reason=static balance already attempted
  T_compute_interval_s=1.44088
  T_comm_interval_s=4.27584
  T_balance_total_s=0
  T_rebalance_apply_s=0
  T_compute_accum_s=6.89517
  T_comm_accum_s=9.58061
  T_balance_accum_s=0.321196
  T_rebalance_apply_accum_s=0.0965293
  device_times_s:
    part[0]=0.937499
    part[1]=0.973136
    part[2]=0.947221
    part[3]=1.14776
    part[4]=0.929523
    part[5]=1.44088
    part[6]=0.93175
    part[7]=1.37644
  OLD loads:
    part[0] cum=24.6875% share=24.6875% device_global=0 rank=0 local_index=0 offset=0 count=1975000
    part[1] cum=25.0938% share=0.406249% device_global=1 rank=0 local_index=1 offset=1975000 count=32500
    part[2] cum=50.0938% share=25% device_global=2 rank=1 local_index=-1 offset=2007500 count=2000000
    part[3] cum=50.5% share=0.406247% device_global=3 rank=1 local_index=-1 offset=4007500 count=32500
    part[4] cum=74.9375% share=24.4375% device_global=4 rank=2 local_index=-1 offset=4040000 count=1955000
    part[5] cum=75.2188% share=0.28125% device_global=5 rank=2 local_index=-1 offset=5995000 count=22500
    part[6] cum=99.7812% share=24.5625% device_global=6 rank=3 local_index=-1 offset=6017500 count=1965000
    part[7] cum=100% share=0.218749% device_global=7 rank=3 local_index=-1 offset=7982500 count=17500
    total=100%
  CURRENT loads:
    part[0] cum=24.6875% share=24.6875% device_global=0 rank=0 local_index=0 offset=0 count=1975000
    part[1] cum=25.0938% share=0.406249% device_global=1 rank=0 local_index=1 offset=1975000 count=32500
    part[2] cum=50.0938% share=25% device_global=2 rank=1 local_index=-1 offset=2007500 count=2000000
    part[3] cum=50.5% share=0.406247% device_global=3 rank=1 local_index=-1 offset=4007500 count=32500
    part[4] cum=74.9375% share=24.4375% device_global=4 rank=2 local_index=-1 offset=4040000 count=1955000
    part[5] cum=75.2188% share=0.28125% device_global=5 rank=2 local_index=-1 offset=5995000 count=22500
    part[6] cum=99.7812% share=24.5625% device_global=6 rank=3 local_index=-1 offset=6017500 count=1965000
    part[7] cum=100% share=0.218749% device_global=7 rank=3 local_index=-1 offset=7982500 count=17500
    total=100%
[DCL][balance-metrics] iteration=2100
  policy=scheduled
  action=skip
  reason=static balance already attempted
  T_compute_interval_s=1.25333
  T_comm_interval_s=4.29875
  T_balance_total_s=0
  T_rebalance_apply_s=0
  T_compute_accum_s=8.14849
  T_comm_accum_s=13.8794
  T_balance_accum_s=0.321196
  T_rebalance_apply_accum_s=0.0965293
  device_times_s:
    part[0]=0.936905
    part[1]=0.949457
    part[2]=0.946965
    part[3]=0.986467
    part[4]=0.928077
    part[5]=1.06567
    part[6]=0.931184
    part[7]=1.25333
  OLD loads:
    part[0] cum=24.6875% share=24.6875% device_global=0 rank=0 local_index=0 offset=0 count=1975000
    part[1] cum=25.0938% share=0.406249% device_global=1 rank=0 local_index=1 offset=1975000 count=32500
    part[2] cum=50.0938% share=25% device_global=2 rank=1 local_index=-1 offset=2007500 count=2000000
    part[3] cum=50.5% share=0.406247% device_global=3 rank=1 local_index=-1 offset=4007500 count=32500
    part[4] cum=74.9375% share=24.4375% device_global=4 rank=2 local_index=-1 offset=4040000 count=1955000
    part[5] cum=75.2188% share=0.28125% device_global=5 rank=2 local_index=-1 offset=5995000 count=22500
    part[6] cum=99.7812% share=24.5625% device_global=6 rank=3 local_index=-1 offset=6017500 count=1965000
    part[7] cum=100% share=0.218749% device_global=7 rank=3 local_index=-1 offset=7982500 count=17500
    total=100%
  CURRENT loads:
    part[0] cum=24.6875% share=24.6875% device_global=0 rank=0 local_index=0 offset=0 count=1975000
    part[1] cum=25.0938% share=0.406249% device_global=1 rank=0 local_index=1 offset=1975000 count=32500
    part[2] cum=50.0938% share=25% device_global=2 rank=1 local_index=-1 offset=2007500 count=2000000
    part[3] cum=50.5% share=0.406247% device_global=3 rank=1 local_index=-1 offset=4007500 count=32500
    part[4] cum=74.9375% share=24.4375% device_global=4 rank=2 local_index=-1 offset=4040000 count=1955000
    part[5] cum=75.2188% share=0.28125% device_global=5 rank=2 local_index=-1 offset=5995000 count=22500
    part[6] cum=99.7812% share=24.5625% device_global=6 rank=3 local_index=-1 offset=6017500 count=1965000
    part[7] cum=100% share=0.218749% device_global=7 rank=3 local_index=-1 offset=7982500 count=17500
    total=100%
[DCL][balance-metrics] iteration=3100
  policy=scheduled
  action=skip
  reason=static balance already attempted
  T_compute_interval_s=1.04983
  T_comm_interval_s=4.3504
  T_balance_total_s=0
  T_rebalance_apply_s=0
  T_compute_accum_s=9.19832
  T_comm_accum_s=18.2298
  T_balance_accum_s=0.321196
  T_rebalance_apply_accum_s=0.0965293
  device_times_s:
    part[0]=0.936377
    part[1]=0.931294
    part[2]=0.946625
    part[3]=0.960977
    part[4]=0.928782
    part[5]=0.88548
    part[6]=0.931367
    part[7]=1.04983
  OLD loads:
    part[0] cum=24.6875% share=24.6875% device_global=0 rank=0 local_index=0 offset=0 count=1975000
    part[1] cum=25.0938% share=0.406249% device_global=1 rank=0 local_index=1 offset=1975000 count=32500
    part[2] cum=50.0938% share=25% device_global=2 rank=1 local_index=-1 offset=2007500 count=2000000
    part[3] cum=50.5% share=0.406247% device_global=3 rank=1 local_index=-1 offset=4007500 count=32500
    part[4] cum=74.9375% share=24.4375% device_global=4 rank=2 local_index=-1 offset=4040000 count=1955000
    part[5] cum=75.2188% share=0.28125% device_global=5 rank=2 local_index=-1 offset=5995000 count=22500
    part[6] cum=99.7812% share=24.5625% device_global=6 rank=3 local_index=-1 offset=6017500 count=1965000
    part[7] cum=100% share=0.218749% device_global=7 rank=3 local_index=-1 offset=7982500 count=17500
    total=100%
  CURRENT loads:
    part[0] cum=24.6875% share=24.6875% device_global=0 rank=0 local_index=0 offset=0 count=1975000
    part[1] cum=25.0938% share=0.406249% device_global=1 rank=0 local_index=1 offset=1975000 count=32500
    part[2] cum=50.0938% share=25% device_global=2 rank=1 local_index=-1 offset=2007500 count=2000000
    part[3] cum=50.5% share=0.406247% device_global=3 rank=1 local_index=-1 offset=4007500 count=32500
    part[4] cum=74.9375% share=24.4375% device_global=4 rank=2 local_index=-1 offset=4040000 count=1955000
    part[5] cum=75.2188% share=0.28125% device_global=5 rank=2 local_index=-1 offset=5995000 count=22500
    part[6] cum=99.7812% share=24.5625% device_global=6 rank=3 local_index=-1 offset=6017500 count=1965000
    part[7] cum=100% share=0.218749% device_global=7 rank=3 local_index=-1 offset=7982500 count=17500
    total=100%
[DCL][balance-metrics] iteration=4100
  policy=scheduled
  action=skip
  reason=static balance already attempted
  T_compute_interval_s=0.94698
  T_comm_interval_s=4.43061
  T_balance_total_s=0
  T_rebalance_apply_s=0
  T_compute_accum_s=10.1453
  T_comm_accum_s=22.6604
  T_balance_accum_s=0.321196
  T_rebalance_apply_accum_s=0.0965293
  device_times_s:
    part[0]=0.936636
    part[1]=0.927803
    part[2]=0.94698
    part[3]=0.944269
    part[4]=0.929367
    part[5]=0.824196
    part[6]=0.931735
    part[7]=0.864222
  OLD loads:
    part[0] cum=24.6875% share=24.6875% device_global=0 rank=0 local_index=0 offset=0 count=1975000
    part[1] cum=25.0938% share=0.406249% device_global=1 rank=0 local_index=1 offset=1975000 count=32500
    part[2] cum=50.0938% share=25% device_global=2 rank=1 local_index=-1 offset=2007500 count=2000000
    part[3] cum=50.5% share=0.406247% device_global=3 rank=1 local_index=-1 offset=4007500 count=32500
    part[4] cum=74.9375% share=24.4375% device_global=4 rank=2 local_index=-1 offset=4040000 count=1955000
    part[5] cum=75.2188% share=0.28125% device_global=5 rank=2 local_index=-1 offset=5995000 count=22500
    part[6] cum=99.7812% share=24.5625% device_global=6 rank=3 local_index=-1 offset=6017500 count=1965000
    part[7] cum=100% share=0.218749% device_global=7 rank=3 local_index=-1 offset=7982500 count=17500
    total=100%
  CURRENT loads:
    part[0] cum=24.6875% share=24.6875% device_global=0 rank=0 local_index=0 offset=0 count=1975000
    part[1] cum=25.0938% share=0.406249% device_global=1 rank=0 local_index=1 offset=1975000 count=32500
    part[2] cum=50.0938% share=25% device_global=2 rank=1 local_index=-1 offset=2007500 count=2000000
    part[3] cum=50.5% share=0.406247% device_global=3 rank=1 local_index=-1 offset=4007500 count=32500
    part[4] cum=74.9375% share=24.4375% device_global=4 rank=2 local_index=-1 offset=4040000 count=1955000
    part[5] cum=75.2188% share=0.28125% device_global=5 rank=2 local_index=-1 offset=5995000 count=22500
    part[6] cum=99.7812% share=24.5625% device_global=6 rank=3 local_index=-1 offset=6017500 count=1965000
    part[7] cum=100% share=0.218749% device_global=7 rank=3 local_index=-1 offset=7982500 count=17500
    total=100%
[DCL][balance-metrics] iteration=5100
  policy=scheduled
  action=skip
  reason=static balance already attempted
  T_compute_interval_s=0.947275
  T_comm_interval_s=4.41218
  T_balance_total_s=0
  T_rebalance_apply_s=0
  T_compute_accum_s=11.0926
  T_comm_accum_s=27.0726
  T_balance_accum_s=0.321196
  T_rebalance_apply_accum_s=0.0965293
  device_times_s:
    part[0]=0.936144
    part[1]=0.927553
    part[2]=0.947275
    part[3]=0.936011
    part[4]=0.929254
    part[5]=0.793885
    part[6]=0.931105
    part[7]=0.766274
  OLD loads:
    part[0] cum=24.6875% share=24.6875% device_global=0 rank=0 local_index=0 offset=0 count=1975000
    part[1] cum=25.0938% share=0.406249% device_global=1 rank=0 local_index=1 offset=1975000 count=32500
    part[2] cum=50.0938% share=25% device_global=2 rank=1 local_index=-1 offset=2007500 count=2000000
    part[3] cum=50.5% share=0.406247% device_global=3 rank=1 local_index=-1 offset=4007500 count=32500
    part[4] cum=74.9375% share=24.4375% device_global=4 rank=2 local_index=-1 offset=4040000 count=1955000
    part[5] cum=75.2188% share=0.28125% device_global=5 rank=2 local_index=-1 offset=5995000 count=22500
    part[6] cum=99.7812% share=24.5625% device_global=6 rank=3 local_index=-1 offset=6017500 count=1965000
    part[7] cum=100% share=0.218749% device_global=7 rank=3 local_index=-1 offset=7982500 count=17500
    total=100%
  CURRENT loads:
    part[0] cum=24.6875% share=24.6875% device_global=0 rank=0 local_index=0 offset=0 count=1975000
    part[1] cum=25.0938% share=0.406249% device_global=1 rank=0 local_index=1 offset=1975000 count=32500
    part[2] cum=50.0938% share=25% device_global=2 rank=1 local_index=-1 offset=2007500 count=2000000
    part[3] cum=50.5% share=0.406247% device_global=3 rank=1 local_index=-1 offset=4007500 count=32500
    part[4] cum=74.9375% share=24.4375% device_global=4 rank=2 local_index=-1 offset=4040000 count=1955000
    part[5] cum=75.2188% share=0.28125% device_global=5 rank=2 local_index=-1 offset=5995000 count=22500
    part[6] cum=99.7812% share=24.5625% device_global=6 rank=3 local_index=-1 offset=6017500 count=1965000
    part[7] cum=100% share=0.218749% device_global=7 rank=3 local_index=-1 offset=7982500 count=17500
    total=100%
[DCL][balance-metrics] iteration=6100
  policy=scheduled
  action=skip
  reason=static balance already attempted
  T_compute_interval_s=0.947681
  T_comm_interval_s=4.43634
  T_balance_total_s=0
  T_rebalance_apply_s=0
  T_compute_accum_s=12.0403
  T_comm_accum_s=31.5089
  T_balance_accum_s=0.321196
  T_rebalance_apply_accum_s=0.0965293
  device_times_s:
    part[0]=0.936732
    part[1]=0.935144
    part[2]=0.947681
    part[3]=0.932759
    part[4]=0.92875
    part[5]=0.769658
    part[6]=0.931622
    part[7]=0.728285
  OLD loads:
    part[0] cum=24.6875% share=24.6875% device_global=0 rank=0 local_index=0 offset=0 count=1975000
    part[1] cum=25.0938% share=0.406249% device_global=1 rank=0 local_index=1 offset=1975000 count=32500
    part[2] cum=50.0938% share=25% device_global=2 rank=1 local_index=-1 offset=2007500 count=2000000
    part[3] cum=50.5% share=0.406247% device_global=3 rank=1 local_index=-1 offset=4007500 count=32500
    part[4] cum=74.9375% share=24.4375% device_global=4 rank=2 local_index=-1 offset=4040000 count=1955000
    part[5] cum=75.2188% share=0.28125% device_global=5 rank=2 local_index=-1 offset=5995000 count=22500
    part[6] cum=99.7812% share=24.5625% device_global=6 rank=3 local_index=-1 offset=6017500 count=1965000
    part[7] cum=100% share=0.218749% device_global=7 rank=3 local_index=-1 offset=7982500 count=17500
    total=100%
  CURRENT loads:
    part[0] cum=24.6875% share=24.6875% device_global=0 rank=0 local_index=0 offset=0 count=1975000
    part[1] cum=25.0938% share=0.406249% device_global=1 rank=0 local_index=1 offset=1975000 count=32500
    part[2] cum=50.0938% share=25% device_global=2 rank=1 local_index=-1 offset=2007500 count=2000000
    part[3] cum=50.5% share=0.406247% device_global=3 rank=1 local_index=-1 offset=4007500 count=32500
    part[4] cum=74.9375% share=24.4375% device_global=4 rank=2 local_index=-1 offset=4040000 count=1955000
    part[5] cum=75.2188% share=0.28125% device_global=5 rank=2 local_index=-1 offset=5995000 count=22500
    part[6] cum=99.7812% share=24.5625% device_global=6 rank=3 local_index=-1 offset=6017500 count=1965000
    part[7] cum=100% share=0.218749% device_global=7 rank=3 local_index=-1 offset=7982500 count=17500
    total=100%
[DCL][balance-metrics] iteration=7100
  policy=scheduled
  action=skip
  reason=static balance already attempted
  T_compute_interval_s=0.946666
  T_comm_interval_s=4.42213
  T_balance_total_s=0
  T_rebalance_apply_s=0
  T_compute_accum_s=12.9869
  T_comm_accum_s=35.931
  T_balance_accum_s=0.321196
  T_rebalance_apply_accum_s=0.0965293
  device_times_s:
    part[0]=0.935837
    part[1]=0.933091
    part[2]=0.946666
    part[3]=0.92753
    part[4]=0.928457
    part[5]=0.744686
    part[6]=0.930964
    part[7]=0.682365
  OLD loads:
    part[0] cum=24.6875% share=24.6875% device_global=0 rank=0 local_index=0 offset=0 count=1975000
    part[1] cum=25.0938% share=0.406249% device_global=1 rank=0 local_index=1 offset=1975000 count=32500
    part[2] cum=50.0938% share=25% device_global=2 rank=1 local_index=-1 offset=2007500 count=2000000
    part[3] cum=50.5% share=0.406247% device_global=3 rank=1 local_index=-1 offset=4007500 count=32500
    part[4] cum=74.9375% share=24.4375% device_global=4 rank=2 local_index=-1 offset=4040000 count=1955000
    part[5] cum=75.2188% share=0.28125% device_global=5 rank=2 local_index=-1 offset=5995000 count=22500
    part[6] cum=99.7812% share=24.5625% device_global=6 rank=3 local_index=-1 offset=6017500 count=1965000
    part[7] cum=100% share=0.218749% device_global=7 rank=3 local_index=-1 offset=7982500 count=17500
    total=100%
  CURRENT loads:
    part[0] cum=24.6875% share=24.6875% device_global=0 rank=0 local_index=0 offset=0 count=1975000
    part[1] cum=25.0938% share=0.406249% device_global=1 rank=0 local_index=1 offset=1975000 count=32500
    part[2] cum=50.0938% share=25% device_global=2 rank=1 local_index=-1 offset=2007500 count=2000000
    part[3] cum=50.5% share=0.406247% device_global=3 rank=1 local_index=-1 offset=4007500 count=32500
    part[4] cum=74.9375% share=24.4375% device_global=4 rank=2 local_index=-1 offset=4040000 count=1955000
    part[5] cum=75.2188% share=0.28125% device_global=5 rank=2 local_index=-1 offset=5995000 count=22500
    part[6] cum=99.7812% share=24.5625% device_global=6 rank=3 local_index=-1 offset=6017500 count=1965000
    part[7] cum=100% share=0.218749% device_global=7 rank=3 local_index=-1 offset=7982500 count=17500
    total=100%
[DCL][balance-metrics] iteration=8100
  policy=scheduled
  action=skip
  reason=static balance already attempted
  T_compute_interval_s=0.946883
  T_comm_interval_s=4.42337
  T_balance_total_s=0
  T_rebalance_apply_s=0
  T_compute_accum_s=13.9338
  T_comm_accum_s=40.3544
  T_balance_accum_s=0.321196
  T_rebalance_apply_accum_s=0.0965293
  device_times_s:
    part[0]=0.936433
    part[1]=0.936365
    part[2]=0.946883
    part[3]=0.938062
    part[4]=0.928758
    part[5]=0.729185
    part[6]=0.930954
    part[7]=0.659215
  OLD loads:
    part[0] cum=24.6875% share=24.6875% device_global=0 rank=0 local_index=0 offset=0 count=1975000
    part[1] cum=25.0938% share=0.406249% device_global=1 rank=0 local_index=1 offset=1975000 count=32500
    part[2] cum=50.0938% share=25% device_global=2 rank=1 local_index=-1 offset=2007500 count=2000000
    part[3] cum=50.5% share=0.406247% device_global=3 rank=1 local_index=-1 offset=4007500 count=32500
    part[4] cum=74.9375% share=24.4375% device_global=4 rank=2 local_index=-1 offset=4040000 count=1955000
    part[5] cum=75.2188% share=0.28125% device_global=5 rank=2 local_index=-1 offset=5995000 count=22500
    part[6] cum=99.7812% share=24.5625% device_global=6 rank=3 local_index=-1 offset=6017500 count=1965000
    part[7] cum=100% share=0.218749% device_global=7 rank=3 local_index=-1 offset=7982500 count=17500
    total=100%
  CURRENT loads:
    part[0] cum=24.6875% share=24.6875% device_global=0 rank=0 local_index=0 offset=0 count=1975000
    part[1] cum=25.0938% share=0.406249% device_global=1 rank=0 local_index=1 offset=1975000 count=32500
    part[2] cum=50.0938% share=25% device_global=2 rank=1 local_index=-1 offset=2007500 count=2000000
    part[3] cum=50.5% share=0.406247% device_global=3 rank=1 local_index=-1 offset=4007500 count=32500
    part[4] cum=74.9375% share=24.4375% device_global=4 rank=2 local_index=-1 offset=4040000 count=1955000
    part[5] cum=75.2188% share=0.28125% device_global=5 rank=2 local_index=-1 offset=5995000 count=22500
    part[6] cum=99.7812% share=24.5625% device_global=6 rank=3 local_index=-1 offset=6017500 count=1965000
    part[7] cum=100% share=0.218749% device_global=7 rank=3 local_index=-1 offset=7982500 count=17500
    total=100%
[DCL][balance-metrics] iteration=9100
  policy=scheduled
  action=skip
  reason=static balance already attempted
  T_compute_interval_s=0.947177
  T_comm_interval_s=4.45427
  T_balance_total_s=0
  T_rebalance_apply_s=0
  T_compute_accum_s=14.881
  T_comm_accum_s=44.8087
  T_balance_accum_s=0.321196
  T_rebalance_apply_accum_s=0.0965293
  device_times_s:
    part[0]=0.936321
    part[1]=0.92721
    part[2]=0.947177
    part[3]=0.927619
    part[4]=0.928858
    part[5]=0.719077
    part[6]=0.931633
    part[7]=0.651124
  OLD loads:
    part[0] cum=24.6875% share=24.6875% device_global=0 rank=0 local_index=0 offset=0 count=1975000
    part[1] cum=25.0938% share=0.406249% device_global=1 rank=0 local_index=1 offset=1975000 count=32500
    part[2] cum=50.0938% share=25% device_global=2 rank=1 local_index=-1 offset=2007500 count=2000000
    part[3] cum=50.5% share=0.406247% device_global=3 rank=1 local_index=-1 offset=4007500 count=32500
    part[4] cum=74.9375% share=24.4375% device_global=4 rank=2 local_index=-1 offset=4040000 count=1955000
    part[5] cum=75.2188% share=0.28125% device_global=5 rank=2 local_index=-1 offset=5995000 count=22500
    part[6] cum=99.7812% share=24.5625% device_global=6 rank=3 local_index=-1 offset=6017500 count=1965000
    part[7] cum=100% share=0.218749% device_global=7 rank=3 local_index=-1 offset=7982500 count=17500
    total=100%
  CURRENT loads:
    part[0] cum=24.6875% share=24.6875% device_global=0 rank=0 local_index=0 offset=0 count=1975000
    part[1] cum=25.0938% share=0.406249% device_global=1 rank=0 local_index=1 offset=1975000 count=32500
    part[2] cum=50.0938% share=25% device_global=2 rank=1 local_index=-1 offset=2007500 count=2000000
    part[3] cum=50.5% share=0.406247% device_global=3 rank=1 local_index=-1 offset=4007500 count=32500
    part[4] cum=74.9375% share=24.4375% device_global=4 rank=2 local_index=-1 offset=4040000 count=1955000
    part[5] cum=75.2188% share=0.28125% device_global=5 rank=2 local_index=-1 offset=5995000 count=22500
    part[6] cum=99.7812% share=24.5625% device_global=6 rank=3 local_index=-1 offset=6017500 count=1965000
    part[7] cum=100% share=0.218749% device_global=7 rank=3 local_index=-1 offset=7982500 count=17500
    total=100%

=== PARTICOES FINAIS ===
=== Particoes globais ===
part[0] device_global=0 rank=0 local_index=0 offset=0 count=1975000
part[1] device_global=1 rank=0 local_index=1 offset=1975000 count=32500
part[2] device_global=2 rank=1 local_index=-1 offset=2007500 count=2000000
part[3] device_global=3 rank=1 local_index=-1 offset=4007500 count=32500
part[4] device_global=4 rank=2 local_index=-1 offset=4040000 count=1955000
part[5] device_global=5 rank=2 local_index=-1 offset=5995000 count=22500
part[6] device_global=6 rank=3 local_index=-1 offset=6017500 count=1965000
part[7] device_global=7 rank=3 local_index=-1 offset=7982500 count=17500


============================
ITERACAO 10000
Tempo de execução: 57.0747s
