=== Dispositivos locais do rank 0 ===
global=0 local=0 nome="NVIDIA RTX 2000 Ada Generation" compute_units=22
global=1 local=1 nome="Intel(R) Xeon(R) CPU           E5620  @ 2.40GHz" compute_units=16

=== Dispositivos locais do rank 2 ===
global=4 local=0 nome="NVIDIA RTX 2000 Ada Generation" compute_units=22
global=5 local=1 nome="Intel(R) Xeon(R) CPU           E5620  @ 2.40GHz" compute_units=16

=== Dispositivos locais do rank 1 ===
global=2 local=0 nome="NVIDIA RTX 2000 Ada Generation" compute_units=22
global=3 local=1 nome="Intel(R) Xeon(R) CPU           E5620  @ 2.40GHz" compute_units=16

=== Dispositivos locais do rank 3 ===
global=6 local=0 nome="NVIDIA RTX 2000 Ada Generation" compute_units=22
global=7 local=1 nome="Intel(R) Xeon(R) CPU           E5620  @ 2.40GHz" compute_units=16

=== PARTICOES INICIAIS ===
=== Particoes globais ===
part[0] device_global=0 rank=0 local_index=0 offset=0 count=1000000
part[1] device_global=1 rank=0 local_index=1 offset=1000000 count=1000000
part[2] device_global=2 rank=1 local_index=-1 offset=2000000 count=1000000
part[3] device_global=3 rank=1 local_index=-1 offset=3000000 count=1000000
part[4] device_global=4 rank=2 local_index=-1 offset=4000000 count=1000000
part[5] device_global=5 rank=2 local_index=-1 offset=5000000 count=1000000
part[6] device_global=6 rank=3 local_index=-1 offset=6000000 count=1000000
part[7] device_global=7 rank=3 local_index=-1 offset=7000000 count=1000000

X = 50 Y = 50 Z = 3200 Iterations = 10000
[DCL][balance-metrics] iteration=100
  policy=threshold
  action=rebalance
  reason=accepted by fixed threshold; diff=0.246937, threshold=0.0003125
  T_compute_interval_s=5.42246
  T_comm_interval_s=5.34392
  T_balance_total_s=0.291265
  T_rebalance_apply_s=0.0676771
  T_compute_accum_s=5.42246
  T_comm_accum_s=5.34392
  T_balance_accum_s=0.291265
  T_rebalance_apply_accum_s=0.0676771
  device_times_s:
    part[0]=0.0489161
    part[1]=3.01845
    part[2]=0.0481912
    part[3]=3.07472
    part[4]=0.0493568
    part[5]=4.27998
    part[6]=0.0489706
    part[7]=5.42246
  OLD loads:
    part[0] cum=12.5% share=12.5% device_global=0 rank=0 local_index=0 offset=0 count=1972500
    part[1] cum=25% share=12.5% device_global=1 rank=0 local_index=1 offset=1972500 count=30000
    part[2] cum=37.5% share=12.5% device_global=2 rank=1 local_index=-1 offset=2002500 count=2002500
    part[3] cum=50% share=12.5% device_global=3 rank=1 local_index=-1 offset=4005000 count=30000
    part[4] cum=62.5% share=12.5% device_global=4 rank=2 local_index=-1 offset=4035000 count=1955000
    part[5] cum=75% share=12.5% device_global=5 rank=2 local_index=-1 offset=5990000 count=22500
    part[6] cum=87.5% share=12.5% device_global=6 rank=3 local_index=-1 offset=6012500 count=1970000
    part[7] cum=100% share=12.5% device_global=7 rank=3 local_index=-1 offset=7982500 count=17500
    total=100%
  PROPOSED loads:
    part[0] cum=24.6562% share=24.6562% device_global=0 rank=0 local_index=0 offset=0 count=1972500
    part[1] cum=25.0312% share=0.375001% device_global=1 rank=0 local_index=1 offset=1972500 count=30000
    part[2] cum=50.0625% share=25.0312% device_global=2 rank=1 local_index=-1 offset=2002500 count=2002500
    part[3] cum=50.4375% share=0.374997% device_global=3 rank=1 local_index=-1 offset=4005000 count=30000
    part[4] cum=74.875% share=24.4375% device_global=4 rank=2 local_index=-1 offset=4035000 count=1955000
    part[5] cum=75.1562% share=0.28125% device_global=5 rank=2 local_index=-1 offset=5990000 count=22500
    part[6] cum=99.7812% share=24.625% device_global=6 rank=3 local_index=-1 offset=6012500 count=1970000
    part[7] cum=100% share=0.218749% device_global=7 rank=3 local_index=-1 offset=7982500 count=17500
    total=100%
  CURRENT loads:
    part[0] cum=24.6562% share=24.6562% device_global=0 rank=0 local_index=0 offset=0 count=1972500
    part[1] cum=25.0312% share=0.375001% device_global=1 rank=0 local_index=1 offset=1972500 count=30000
    part[2] cum=50.0625% share=25.0312% device_global=2 rank=1 local_index=-1 offset=2002500 count=2002500
    part[3] cum=50.4375% share=0.374997% device_global=3 rank=1 local_index=-1 offset=4005000 count=30000
    part[4] cum=74.875% share=24.4375% device_global=4 rank=2 local_index=-1 offset=4035000 count=1955000
    part[5] cum=75.1562% share=0.28125% device_global=5 rank=2 local_index=-1 offset=5990000 count=22500
    part[6] cum=99.7812% share=24.625% device_global=6 rank=3 local_index=-1 offset=6012500 count=1970000
    part[7] cum=100% share=0.218749% device_global=7 rank=3 local_index=-1 offset=7982500 count=17500
    total=100%
[DCL][balance-metrics] iteration=1100
  policy=scheduled
  action=skip
  reason=static balance already attempted
  T_compute_interval_s=1.43321
  T_comm_interval_s=4.26005
  T_balance_total_s=0
  T_rebalance_apply_s=0
  T_compute_accum_s=6.85567
  T_comm_accum_s=9.60396
  T_balance_accum_s=0.291265
  T_rebalance_apply_accum_s=0.0676771
  device_times_s:
    part[0]=0.936761
    part[1]=0.917858
    part[2]=0.948054
    part[3]=1.07567
    part[4]=0.928766
    part[5]=1.43321
    part[6]=0.93381
    part[7]=1.37988
  OLD loads:
    part[0] cum=24.6562% share=24.6562% device_global=0 rank=0 local_index=0 offset=0 count=1972500
    part[1] cum=25.0312% share=0.375001% device_global=1 rank=0 local_index=1 offset=1972500 count=30000
    part[2] cum=50.0625% share=25.0312% device_global=2 rank=1 local_index=-1 offset=2002500 count=2002500
    part[3] cum=50.4375% share=0.374997% device_global=3 rank=1 local_index=-1 offset=4005000 count=30000
    part[4] cum=74.875% share=24.4375% device_global=4 rank=2 local_index=-1 offset=4035000 count=1955000
    part[5] cum=75.1562% share=0.28125% device_global=5 rank=2 local_index=-1 offset=5990000 count=22500
    part[6] cum=99.7812% share=24.625% device_global=6 rank=3 local_index=-1 offset=6012500 count=1970000
    part[7] cum=100% share=0.218749% device_global=7 rank=3 local_index=-1 offset=7982500 count=17500
    total=100%
  CURRENT loads:
    part[0] cum=24.6562% share=24.6562% device_global=0 rank=0 local_index=0 offset=0 count=1972500
    part[1] cum=25.0312% share=0.375001% device_global=1 rank=0 local_index=1 offset=1972500 count=30000
    part[2] cum=50.0625% share=25.0312% device_global=2 rank=1 local_index=-1 offset=2002500 count=2002500
    part[3] cum=50.4375% share=0.374997% device_global=3 rank=1 local_index=-1 offset=4005000 count=30000
    part[4] cum=74.875% share=24.4375% device_global=4 rank=2 local_index=-1 offset=4035000 count=1955000
    part[5] cum=75.1562% share=0.28125% device_global=5 rank=2 local_index=-1 offset=5990000 count=22500
    part[6] cum=99.7812% share=24.625% device_global=6 rank=3 local_index=-1 offset=6012500 count=1970000
    part[7] cum=100% share=0.218749% device_global=7 rank=3 local_index=-1 offset=7982500 count=17500
    total=100%
[DCL][balance-metrics] iteration=2100
  policy=scheduled
  action=skip
  reason=static balance already attempted
  T_compute_interval_s=1.27216
  T_comm_interval_s=4.29864
  T_balance_total_s=0
  T_rebalance_apply_s=0
  T_compute_accum_s=8.12783
  T_comm_accum_s=13.9026
  T_balance_accum_s=0.291265
  T_rebalance_apply_accum_s=0.0676771
  device_times_s:
    part[0]=0.93563
    part[1]=0.886356
    part[2]=0.94803
    part[3]=0.94034
    part[4]=0.928292
    part[5]=1.06855
    part[6]=0.933436
    part[7]=1.27216
  OLD loads:
    part[0] cum=24.6562% share=24.6562% device_global=0 rank=0 local_index=0 offset=0 count=1972500
    part[1] cum=25.0312% share=0.375001% device_global=1 rank=0 local_index=1 offset=1972500 count=30000
    part[2] cum=50.0625% share=25.0312% device_global=2 rank=1 local_index=-1 offset=2002500 count=2002500
    part[3] cum=50.4375% share=0.374997% device_global=3 rank=1 local_index=-1 offset=4005000 count=30000
    part[4] cum=74.875% share=24.4375% device_global=4 rank=2 local_index=-1 offset=4035000 count=1955000
    part[5] cum=75.1562% share=0.28125% device_global=5 rank=2 local_index=-1 offset=5990000 count=22500
    part[6] cum=99.7812% share=24.625% device_global=6 rank=3 local_index=-1 offset=6012500 count=1970000
    part[7] cum=100% share=0.218749% device_global=7 rank=3 local_index=-1 offset=7982500 count=17500
    total=100%
  CURRENT loads:
    part[0] cum=24.6562% share=24.6562% device_global=0 rank=0 local_index=0 offset=0 count=1972500
    part[1] cum=25.0312% share=0.375001% device_global=1 rank=0 local_index=1 offset=1972500 count=30000
    part[2] cum=50.0625% share=25.0312% device_global=2 rank=1 local_index=-1 offset=2002500 count=2002500
    part[3] cum=50.4375% share=0.374997% device_global=3 rank=1 local_index=-1 offset=4005000 count=30000
    part[4] cum=74.875% share=24.4375% device_global=4 rank=2 local_index=-1 offset=4035000 count=1955000
    part[5] cum=75.1562% share=0.28125% device_global=5 rank=2 local_index=-1 offset=5990000 count=22500
    part[6] cum=99.7812% share=24.625% device_global=6 rank=3 local_index=-1 offset=6012500 count=1970000
    part[7] cum=100% share=0.218749% device_global=7 rank=3 local_index=-1 offset=7982500 count=17500
    total=100%
[DCL][balance-metrics] iteration=3100
  policy=scheduled
  action=skip
  reason=static balance already attempted
  T_compute_interval_s=1.04137
  T_comm_interval_s=4.25389
  T_balance_total_s=0
  T_rebalance_apply_s=0
  T_compute_accum_s=9.1692
  T_comm_accum_s=18.1565
  T_balance_accum_s=0.291265
  T_rebalance_apply_accum_s=0.0676771
  device_times_s:
    part[0]=0.935199
    part[1]=0.869328
    part[2]=0.947523
    part[3]=0.907923
    part[4]=0.928149
    part[5]=0.883249
    part[6]=0.933042
    part[7]=1.04137
  OLD loads:
    part[0] cum=24.6562% share=24.6562% device_global=0 rank=0 local_index=0 offset=0 count=1972500
    part[1] cum=25.0312% share=0.375001% device_global=1 rank=0 local_index=1 offset=1972500 count=30000
    part[2] cum=50.0625% share=25.0312% device_global=2 rank=1 local_index=-1 offset=2002500 count=2002500
    part[3] cum=50.4375% share=0.374997% device_global=3 rank=1 local_index=-1 offset=4005000 count=30000
    part[4] cum=74.875% share=24.4375% device_global=4 rank=2 local_index=-1 offset=4035000 count=1955000
    part[5] cum=75.1562% share=0.28125% device_global=5 rank=2 local_index=-1 offset=5990000 count=22500
    part[6] cum=99.7812% share=24.625% device_global=6 rank=3 local_index=-1 offset=6012500 count=1970000
    part[7] cum=100% share=0.218749% device_global=7 rank=3 local_index=-1 offset=7982500 count=17500
    total=100%
  CURRENT loads:
    part[0] cum=24.6562% share=24.6562% device_global=0 rank=0 local_index=0 offset=0 count=1972500
    part[1] cum=25.0312% share=0.375001% device_global=1 rank=0 local_index=1 offset=1972500 count=30000
    part[2] cum=50.0625% share=25.0312% device_global=2 rank=1 local_index=-1 offset=2002500 count=2002500
    part[3] cum=50.4375% share=0.374997% device_global=3 rank=1 local_index=-1 offset=4005000 count=30000
    part[4] cum=74.875% share=24.4375% device_global=4 rank=2 local_index=-1 offset=4035000 count=1955000
    part[5] cum=75.1562% share=0.28125% device_global=5 rank=2 local_index=-1 offset=5990000 count=22500
    part[6] cum=99.7812% share=24.625% device_global=6 rank=3 local_index=-1 offset=6012500 count=1970000
    part[7] cum=100% share=0.218749% device_global=7 rank=3 local_index=-1 offset=7982500 count=17500
    total=100%
[DCL][balance-metrics] iteration=4100
  policy=scheduled
  action=skip
  reason=static balance already attempted
  T_compute_interval_s=0.947853
  T_comm_interval_s=4.29288
  T_balance_total_s=0
  T_rebalance_apply_s=0
  T_compute_accum_s=10.1171
  T_comm_accum_s=22.4494
  T_balance_accum_s=0.291265
  T_rebalance_apply_accum_s=0.0676771
  device_times_s:
    part[0]=0.936031
    part[1]=0.871402
    part[2]=0.947853
    part[3]=0.8974
    part[4]=0.927669
    part[5]=0.813478
    part[6]=0.933408
    part[7]=0.849959
  OLD loads:
    part[0] cum=24.6562% share=24.6562% device_global=0 rank=0 local_index=0 offset=0 count=1972500
    part[1] cum=25.0312% share=0.375001% device_global=1 rank=0 local_index=1 offset=1972500 count=30000
    part[2] cum=50.0625% share=25.0312% device_global=2 rank=1 local_index=-1 offset=2002500 count=2002500
    part[3] cum=50.4375% share=0.374997% device_global=3 rank=1 local_index=-1 offset=4005000 count=30000
    part[4] cum=74.875% share=24.4375% device_global=4 rank=2 local_index=-1 offset=4035000 count=1955000
    part[5] cum=75.1562% share=0.28125% device_global=5 rank=2 local_index=-1 offset=5990000 count=22500
    part[6] cum=99.7812% share=24.625% device_global=6 rank=3 local_index=-1 offset=6012500 count=1970000
    part[7] cum=100% share=0.218749% device_global=7 rank=3 local_index=-1 offset=7982500 count=17500
    total=100%
  CURRENT loads:
    part[0] cum=24.6562% share=24.6562% device_global=0 rank=0 local_index=0 offset=0 count=1972500
    part[1] cum=25.0312% share=0.375001% device_global=1 rank=0 local_index=1 offset=1972500 count=30000
    part[2] cum=50.0625% share=25.0312% device_global=2 rank=1 local_index=-1 offset=2002500 count=2002500
    part[3] cum=50.4375% share=0.374997% device_global=3 rank=1 local_index=-1 offset=4005000 count=30000
    part[4] cum=74.875% share=24.4375% device_global=4 rank=2 local_index=-1 offset=4035000 count=1955000
    part[5] cum=75.1562% share=0.28125% device_global=5 rank=2 local_index=-1 offset=5990000 count=22500
    part[6] cum=99.7812% share=24.625% device_global=6 rank=3 local_index=-1 offset=6012500 count=1970000
    part[7] cum=100% share=0.218749% device_global=7 rank=3 local_index=-1 offset=7982500 count=17500
    total=100%
[DCL][balance-metrics] iteration=5100
  policy=scheduled
  action=skip
  reason=static balance already attempted
  T_compute_interval_s=0.947783
  T_comm_interval_s=4.33251
  T_balance_total_s=0
  T_rebalance_apply_s=0
  T_compute_accum_s=11.0648
  T_comm_accum_s=26.7819
  T_balance_accum_s=0.291265
  T_rebalance_apply_accum_s=0.0676771
  device_times_s:
    part[0]=0.935595
    part[1]=0.876871
    part[2]=0.947783
    part[3]=0.886988
    part[4]=0.928831
    part[5]=0.786166
    part[6]=0.933611
    part[7]=0.776319
  OLD loads:
    part[0] cum=24.6562% share=24.6562% device_global=0 rank=0 local_index=0 offset=0 count=1972500
    part[1] cum=25.0312% share=0.375001% device_global=1 rank=0 local_index=1 offset=1972500 count=30000
    part[2] cum=50.0625% share=25.0312% device_global=2 rank=1 local_index=-1 offset=2002500 count=2002500
    part[3] cum=50.4375% share=0.374997% device_global=3 rank=1 local_index=-1 offset=4005000 count=30000
    part[4] cum=74.875% share=24.4375% device_global=4 rank=2 local_index=-1 offset=4035000 count=1955000
    part[5] cum=75.1562% share=0.28125% device_global=5 rank=2 local_index=-1 offset=5990000 count=22500
    part[6] cum=99.7812% share=24.625% device_global=6 rank=3 local_index=-1 offset=6012500 count=1970000
    part[7] cum=100% share=0.218749% device_global=7 rank=3 local_index=-1 offset=7982500 count=17500
    total=100%
  CURRENT loads:
    part[0] cum=24.6562% share=24.6562% device_global=0 rank=0 local_index=0 offset=0 count=1972500
    part[1] cum=25.0312% share=0.375001% device_global=1 rank=0 local_index=1 offset=1972500 count=30000
    part[2] cum=50.0625% share=25.0312% device_global=2 rank=1 local_index=-1 offset=2002500 count=2002500
    part[3] cum=50.4375% share=0.374997% device_global=3 rank=1 local_index=-1 offset=4005000 count=30000
    part[4] cum=74.875% share=24.4375% device_global=4 rank=2 local_index=-1 offset=4035000 count=1955000
    part[5] cum=75.1562% share=0.28125% device_global=5 rank=2 local_index=-1 offset=5990000 count=22500
    part[6] cum=99.7812% share=24.625% device_global=6 rank=3 local_index=-1 offset=6012500 count=1970000
    part[7] cum=100% share=0.218749% device_global=7 rank=3 local_index=-1 offset=7982500 count=17500
    total=100%
[DCL][balance-metrics] iteration=6100
  policy=scheduled
  action=skip
  reason=static balance already attempted
  T_compute_interval_s=0.947498
  T_comm_interval_s=4.29675
  T_balance_total_s=0
  T_rebalance_apply_s=0
  T_compute_accum_s=12.0123
  T_comm_accum_s=31.0786
  T_balance_accum_s=0.291265
  T_rebalance_apply_accum_s=0.0676771
  device_times_s:
    part[0]=0.936186
    part[1]=0.879408
    part[2]=0.947498
    part[3]=0.878166
    part[4]=0.928209
    part[5]=0.762957
    part[6]=0.933603
    part[7]=0.724017
  OLD loads:
    part[0] cum=24.6562% share=24.6562% device_global=0 rank=0 local_index=0 offset=0 count=1972500
    part[1] cum=25.0312% share=0.375001% device_global=1 rank=0 local_index=1 offset=1972500 count=30000
    part[2] cum=50.0625% share=25.0312% device_global=2 rank=1 local_index=-1 offset=2002500 count=2002500
    part[3] cum=50.4375% share=0.374997% device_global=3 rank=1 local_index=-1 offset=4005000 count=30000
    part[4] cum=74.875% share=24.4375% device_global=4 rank=2 local_index=-1 offset=4035000 count=1955000
    part[5] cum=75.1562% share=0.28125% device_global=5 rank=2 local_index=-1 offset=5990000 count=22500
    part[6] cum=99.7812% share=24.625% device_global=6 rank=3 local_index=-1 offset=6012500 count=1970000
    part[7] cum=100% share=0.218749% device_global=7 rank=3 local_index=-1 offset=7982500 count=17500
    total=100%
  CURRENT loads:
    part[0] cum=24.6562% share=24.6562% device_global=0 rank=0 local_index=0 offset=0 count=1972500
    part[1] cum=25.0312% share=0.375001% device_global=1 rank=0 local_index=1 offset=1972500 count=30000
    part[2] cum=50.0625% share=25.0312% device_global=2 rank=1 local_index=-1 offset=2002500 count=2002500
    part[3] cum=50.4375% share=0.374997% device_global=3 rank=1 local_index=-1 offset=4005000 count=30000
    part[4] cum=74.875% share=24.4375% device_global=4 rank=2 local_index=-1 offset=4035000 count=1955000
    part[5] cum=75.1562% share=0.28125% device_global=5 rank=2 local_index=-1 offset=5990000 count=22500
    part[6] cum=99.7812% share=24.625% device_global=6 rank=3 local_index=-1 offset=6012500 count=1970000
    part[7] cum=100% share=0.218749% device_global=7 rank=3 local_index=-1 offset=7982500 count=17500
    total=100%
[DCL][balance-metrics] iteration=7100
  policy=scheduled
  action=skip
  reason=static balance already attempted
  T_compute_interval_s=0.947443
  T_comm_interval_s=4.33395
  T_balance_total_s=0
  T_rebalance_apply_s=0
  T_compute_accum_s=12.9598
  T_comm_accum_s=35.4126
  T_balance_accum_s=0.291265
  T_rebalance_apply_accum_s=0.0676771
  device_times_s:
    part[0]=0.934668
    part[1]=0.874622
    part[2]=0.947443
    part[3]=0.875694
    part[4]=0.92795
    part[5]=0.746773
    part[6]=0.933508
    part[7]=0.692137
  OLD loads:
    part[0] cum=24.6562% share=24.6562% device_global=0 rank=0 local_index=0 offset=0 count=1972500
    part[1] cum=25.0312% share=0.375001% device_global=1 rank=0 local_index=1 offset=1972500 count=30000
    part[2] cum=50.0625% share=25.0312% device_global=2 rank=1 local_index=-1 offset=2002500 count=2002500
    part[3] cum=50.4375% share=0.374997% device_global=3 rank=1 local_index=-1 offset=4005000 count=30000
    part[4] cum=74.875% share=24.4375% device_global=4 rank=2 local_index=-1 offset=4035000 count=1955000
    part[5] cum=75.1562% share=0.28125% device_global=5 rank=2 local_index=-1 offset=5990000 count=22500
    part[6] cum=99.7812% share=24.625% device_global=6 rank=3 local_index=-1 offset=6012500 count=1970000
    part[7] cum=100% share=0.218749% device_global=7 rank=3 local_index=-1 offset=7982500 count=17500
    total=100%
  CURRENT loads:
    part[0] cum=24.6562% share=24.6562% device_global=0 rank=0 local_index=0 offset=0 count=1972500
    part[1] cum=25.0312% share=0.375001% device_global=1 rank=0 local_index=1 offset=1972500 count=30000
    part[2] cum=50.0625% share=25.0312% device_global=2 rank=1 local_index=-1 offset=2002500 count=2002500
    part[3] cum=50.4375% share=0.374997% device_global=3 rank=1 local_index=-1 offset=4005000 count=30000
    part[4] cum=74.875% share=24.4375% device_global=4 rank=2 local_index=-1 offset=4035000 count=1955000
    part[5] cum=75.1562% share=0.28125% device_global=5 rank=2 local_index=-1 offset=5990000 count=22500
    part[6] cum=99.7812% share=24.625% device_global=6 rank=3 local_index=-1 offset=6012500 count=1970000
    part[7] cum=100% share=0.218749% device_global=7 rank=3 local_index=-1 offset=7982500 count=17500
    total=100%
[DCL][balance-metrics] iteration=8100
  policy=scheduled
  action=skip
  reason=static balance already attempted
  T_compute_interval_s=0.947288
  T_comm_interval_s=4.32126
  T_balance_total_s=0
  T_rebalance_apply_s=0
  T_compute_accum_s=13.9071
  T_comm_accum_s=39.7338
  T_balance_accum_s=0.291265
  T_rebalance_apply_accum_s=0.0676771
  device_times_s:
    part[0]=0.934817
    part[1]=0.871326
    part[2]=0.947288
    part[3]=0.872888
    part[4]=0.928758
    part[5]=0.737222
    part[6]=0.933382
    part[7]=0.669343
  OLD loads:
    part[0] cum=24.6562% share=24.6562% device_global=0 rank=0 local_index=0 offset=0 count=1972500
    part[1] cum=25.0312% share=0.375001% device_global=1 rank=0 local_index=1 offset=1972500 count=30000
    part[2] cum=50.0625% share=25.0312% device_global=2 rank=1 local_index=-1 offset=2002500 count=2002500
    part[3] cum=50.4375% share=0.374997% device_global=3 rank=1 local_index=-1 offset=4005000 count=30000
    part[4] cum=74.875% share=24.4375% device_global=4 rank=2 local_index=-1 offset=4035000 count=1955000
    part[5] cum=75.1562% share=0.28125% device_global=5 rank=2 local_index=-1 offset=5990000 count=22500
    part[6] cum=99.7812% share=24.625% device_global=6 rank=3 local_index=-1 offset=6012500 count=1970000
    part[7] cum=100% share=0.218749% device_global=7 rank=3 local_index=-1 offset=7982500 count=17500
    total=100%
  CURRENT loads:
    part[0] cum=24.6562% share=24.6562% device_global=0 rank=0 local_index=0 offset=0 count=1972500
    part[1] cum=25.0312% share=0.375001% device_global=1 rank=0 local_index=1 offset=1972500 count=30000
    part[2] cum=50.0625% share=25.0312% device_global=2 rank=1 local_index=-1 offset=2002500 count=2002500
    part[3] cum=50.4375% share=0.374997% device_global=3 rank=1 local_index=-1 offset=4005000 count=30000
    part[4] cum=74.875% share=24.4375% device_global=4 rank=2 local_index=-1 offset=4035000 count=1955000
    part[5] cum=75.1562% share=0.28125% device_global=5 rank=2 local_index=-1 offset=5990000 count=22500
    part[6] cum=99.7812% share=24.625% device_global=6 rank=3 local_index=-1 offset=6012500 count=1970000
    part[7] cum=100% share=0.218749% device_global=7 rank=3 local_index=-1 offset=7982500 count=17500
    total=100%
[DCL][balance-metrics] iteration=9100
  policy=scheduled
  action=skip
  reason=static balance already attempted
  T_compute_interval_s=0.94711
  T_comm_interval_s=4.32815
  T_balance_total_s=0
  T_rebalance_apply_s=0
  T_compute_accum_s=14.8542
  T_comm_accum_s=44.062
  T_balance_accum_s=0.291265
  T_rebalance_apply_accum_s=0.0676771
  device_times_s:
    part[0]=0.935186
    part[1]=0.88084
    part[2]=0.94711
    part[3]=0.873498
    part[4]=0.927807
    part[5]=0.721465
    part[6]=0.933406
    part[7]=0.646147
  OLD loads:
    part[0] cum=24.6562% share=24.6562% device_global=0 rank=0 local_index=0 offset=0 count=1972500
    part[1] cum=25.0312% share=0.375001% device_global=1 rank=0 local_index=1 offset=1972500 count=30000
    part[2] cum=50.0625% share=25.0312% device_global=2 rank=1 local_index=-1 offset=2002500 count=2002500
    part[3] cum=50.4375% share=0.374997% device_global=3 rank=1 local_index=-1 offset=4005000 count=30000
    part[4] cum=74.875% share=24.4375% device_global=4 rank=2 local_index=-1 offset=4035000 count=1955000
    part[5] cum=75.1562% share=0.28125% device_global=5 rank=2 local_index=-1 offset=5990000 count=22500
    part[6] cum=99.7812% share=24.625% device_global=6 rank=3 local_index=-1 offset=6012500 count=1970000
    part[7] cum=100% share=0.218749% device_global=7 rank=3 local_index=-1 offset=7982500 count=17500
    total=100%
  CURRENT loads:
    part[0] cum=24.6562% share=24.6562% device_global=0 rank=0 local_index=0 offset=0 count=1972500
    part[1] cum=25.0312% share=0.375001% device_global=1 rank=0 local_index=1 offset=1972500 count=30000
    part[2] cum=50.0625% share=25.0312% device_global=2 rank=1 local_index=-1 offset=2002500 count=2002500
    part[3] cum=50.4375% share=0.374997% device_global=3 rank=1 local_index=-1 offset=4005000 count=30000
    part[4] cum=74.875% share=24.4375% device_global=4 rank=2 local_index=-1 offset=4035000 count=1955000
    part[5] cum=75.1562% share=0.28125% device_global=5 rank=2 local_index=-1 offset=5990000 count=22500
    part[6] cum=99.7812% share=24.625% device_global=6 rank=3 local_index=-1 offset=6012500 count=1970000
    part[7] cum=100% share=0.218749% device_global=7 rank=3 local_index=-1 offset=7982500 count=17500
    total=100%

=== PARTICOES FINAIS ===
=== Particoes globais ===
part[0] device_global=0 rank=0 local_index=0 offset=0 count=1972500
part[1] device_global=1 rank=0 local_index=1 offset=1972500 count=30000
part[2] device_global=2 rank=1 local_index=-1 offset=2002500 count=2002500
part[3] device_global=3 rank=1 local_index=-1 offset=4005000 count=30000
part[4] device_global=4 rank=2 local_index=-1 offset=4035000 count=1955000
part[5] device_global=5 rank=2 local_index=-1 offset=5990000 count=22500
part[6] device_global=6 rank=3 local_index=-1 offset=6012500 count=1970000
part[7] device_global=7 rank=3 local_index=-1 offset=7982500 count=17500


============================
ITERACAO 10000
Tempo de execução: 56.1414s
