=== Dispositivos locais do rank 0 ===
global=0 local=0 nome="NVIDIA RTX 2000 Ada Generation" compute_units=22
global=1 local=1 nome="Intel(R) Xeon(R) CPU           E5620  @ 2.40GHz" compute_units=16

=== Dispositivos locais do rank 1 ===
global=2 local=0 nome="NVIDIA RTX 2000 Ada Generation" compute_units=22
global=3 local=1 nome="Intel(R) Xeon(R) CPU           E5620  @ 2.40GHz" compute_units=16

=== Dispositivos locais do rank 2 ===
global=4 local=0 nome="NVIDIA RTX 2000 Ada Generation" compute_units=22
global=5 local=1 nome="Intel(R) Xeon(R) CPU           E5620  @ 2.40GHz" compute_units=16

=== Dispositivos locais do rank 3 ===
global=6 local=0 nome="NVIDIA RTX 2000 Ada Generation" compute_units=22
global=7 local=1 nome="Intel(R) Xeon(R) CPU           E5620  @ 2.40GHz" compute_units=16

=== PARTICOES INICIAIS ===
=== Particoes globais ===
part[0] device_global=0 rank=0 local_index=0 offset=0 count=1000000
part[1] device_global=1 rank=0 local_index=1 offset=1000000 count=1000000
part[2] device_global=2 rank=1 local_index=-1 offset=2000000 count=1000000
part[3] device_global=3 rank=1 local_index=-1 offset=3000000 count=1000000
part[4] device_global=4 rank=2 local_index=-1 offset=4000000 count=1000000
part[5] device_global=5 rank=2 local_index=-1 offset=5000000 count=1000000
part[6] device_global=6 rank=3 local_index=-1 offset=6000000 count=1000000
part[7] device_global=7 rank=3 local_index=-1 offset=7000000 count=1000000

X = 50 Y = 50 Z = 3200 Iterations = 10000
[DCL][balance-metrics] iteration=100
  policy=threshold
  action=rebalance
  reason=accepted by fixed threshold; diff=0.248068, threshold=0.0003125
  T_compute_interval_s=5.41926
  T_comm_interval_s=5.13631
  T_balance_total_s=0.314875
  T_rebalance_apply_s=0.0965067
  T_compute_accum_s=5.41926
  T_comm_accum_s=5.13631
  T_balance_accum_s=0.314875
  T_rebalance_apply_accum_s=0.0965067
  device_times_s:
    part[0]=0.0486731
    part[1]=3.0122
    part[2]=0.0479444
    part[3]=3.05332
    part[4]=0.0494171
    part[5]=4.26879
    part[6]=0.0489052
    part[7]=5.41926
  OLD loads:
    part[0] cum=12.5% share=12.5% device_global=0 rank=0 local_index=0 offset=0 count=1977500
    part[1] cum=25% share=12.5% device_global=1 rank=0 local_index=1 offset=1977500 count=30000
    part[2] cum=37.5% share=12.5% device_global=2 rank=1 local_index=-1 offset=2007500 count=2007500
    part[3] cum=50% share=12.5% device_global=3 rank=1 local_index=-1 offset=4015000 count=30000
    part[4] cum=62.5% share=12.5% device_global=4 rank=2 local_index=-1 offset=4045000 count=1947500
    part[5] cum=75% share=12.5% device_global=5 rank=2 local_index=-1 offset=5992500 count=22500
    part[6] cum=87.5% share=12.5% device_global=6 rank=3 local_index=-1 offset=6015000 count=1967500
    part[7] cum=100% share=12.5% device_global=7 rank=3 local_index=-1 offset=7982500 count=17500
    total=100%
  PROPOSED loads:
    part[0] cum=24.7188% share=24.7188% device_global=0 rank=0 local_index=0 offset=0 count=1977500
    part[1] cum=25.0938% share=0.375% device_global=1 rank=0 local_index=1 offset=1977500 count=30000
    part[2] cum=50.1875% share=25.0938% device_global=2 rank=1 local_index=-1 offset=2007500 count=2007500
    part[3] cum=50.5625% share=0.375003% device_global=3 rank=1 local_index=-1 offset=4015000 count=30000
    part[4] cum=74.9062% share=24.3437% device_global=4 rank=2 local_index=-1 offset=4045000 count=1947500
    part[5] cum=75.1875% share=0.28125% device_global=5 rank=2 local_index=-1 offset=5992500 count=22500
    part[6] cum=99.7812% share=24.5938% device_global=6 rank=3 local_index=-1 offset=6015000 count=1967500
    part[7] cum=100% share=0.218749% device_global=7 rank=3 local_index=-1 offset=7982500 count=17500
    total=100%
  CURRENT loads:
    part[0] cum=24.7188% share=24.7188% device_global=0 rank=0 local_index=0 offset=0 count=1977500
    part[1] cum=25.0938% share=0.375% device_global=1 rank=0 local_index=1 offset=1977500 count=30000
    part[2] cum=50.1875% share=25.0938% device_global=2 rank=1 local_index=-1 offset=2007500 count=2007500
    part[3] cum=50.5625% share=0.375003% device_global=3 rank=1 local_index=-1 offset=4015000 count=30000
    part[4] cum=74.9062% share=24.3437% device_global=4 rank=2 local_index=-1 offset=4045000 count=1947500
    part[5] cum=75.1875% share=0.28125% device_global=5 rank=2 local_index=-1 offset=5992500 count=22500
    part[6] cum=99.7812% share=24.5938% device_global=6 rank=3 local_index=-1 offset=6015000 count=1967500
    part[7] cum=100% share=0.218749% device_global=7 rank=3 local_index=-1 offset=7982500 count=17500
    total=100%
[DCL][balance-metrics] iteration=1100
  policy=scheduled
  action=skip
  reason=static balance already attempted
  T_compute_interval_s=1.41839
  T_comm_interval_s=4.20959
  T_balance_total_s=0
  T_rebalance_apply_s=0
  T_compute_accum_s=6.83765
  T_comm_accum_s=9.3459
  T_balance_accum_s=0.314875
  T_rebalance_apply_accum_s=0.0965067
  device_times_s:
    part[0]=0.937618
    part[1]=0.916601
    part[2]=0.951603
    part[3]=1.09162
    part[4]=0.926064
    part[5]=1.41839
    part[6]=0.932614
    part[7]=1.36239
  OLD loads:
    part[0] cum=24.7188% share=24.7188% device_global=0 rank=0 local_index=0 offset=0 count=1977500
    part[1] cum=25.0938% share=0.375% device_global=1 rank=0 local_index=1 offset=1977500 count=30000
    part[2] cum=50.1875% share=25.0938% device_global=2 rank=1 local_index=-1 offset=2007500 count=2007500
    part[3] cum=50.5625% share=0.375003% device_global=3 rank=1 local_index=-1 offset=4015000 count=30000
    part[4] cum=74.9062% share=24.3437% device_global=4 rank=2 local_index=-1 offset=4045000 count=1947500
    part[5] cum=75.1875% share=0.28125% device_global=5 rank=2 local_index=-1 offset=5992500 count=22500
    part[6] cum=99.7812% share=24.5938% device_global=6 rank=3 local_index=-1 offset=6015000 count=1967500
    part[7] cum=100% share=0.218749% device_global=7 rank=3 local_index=-1 offset=7982500 count=17500
    total=100%
  CURRENT loads:
    part[0] cum=24.7188% share=24.7188% device_global=0 rank=0 local_index=0 offset=0 count=1977500
    part[1] cum=25.0938% share=0.375% device_global=1 rank=0 local_index=1 offset=1977500 count=30000
    part[2] cum=50.1875% share=25.0938% device_global=2 rank=1 local_index=-1 offset=2007500 count=2007500
    part[3] cum=50.5625% share=0.375003% device_global=3 rank=1 local_index=-1 offset=4015000 count=30000
    part[4] cum=74.9062% share=24.3437% device_global=4 rank=2 local_index=-1 offset=4045000 count=1947500
    part[5] cum=75.1875% share=0.28125% device_global=5 rank=2 local_index=-1 offset=5992500 count=22500
    part[6] cum=99.7812% share=24.5938% device_global=6 rank=3 local_index=-1 offset=6015000 count=1967500
    part[7] cum=100% share=0.218749% device_global=7 rank=3 local_index=-1 offset=7982500 count=17500
    total=100%
[DCL][balance-metrics] iteration=2100
  policy=scheduled
  action=skip
  reason=static balance already attempted
  T_compute_interval_s=1.2773
  T_comm_interval_s=4.25138
  T_balance_total_s=0
  T_rebalance_apply_s=0
  T_compute_accum_s=8.11495
  T_comm_accum_s=13.5973
  T_balance_accum_s=0.314875
  T_rebalance_apply_accum_s=0.0965067
  device_times_s:
    part[0]=0.937446
    part[1]=0.884242
    part[2]=0.950567
    part[3]=0.933862
    part[4]=0.925557
    part[5]=1.0622
    part[6]=0.932988
    part[7]=1.2773
  OLD loads:
    part[0] cum=24.7188% share=24.7188% device_global=0 rank=0 local_index=0 offset=0 count=1977500
    part[1] cum=25.0938% share=0.375% device_global=1 rank=0 local_index=1 offset=1977500 count=30000
    part[2] cum=50.1875% share=25.0938% device_global=2 rank=1 local_index=-1 offset=2007500 count=2007500
    part[3] cum=50.5625% share=0.375003% device_global=3 rank=1 local_index=-1 offset=4015000 count=30000
    part[4] cum=74.9062% share=24.3437% device_global=4 rank=2 local_index=-1 offset=4045000 count=1947500
    part[5] cum=75.1875% share=0.28125% device_global=5 rank=2 local_index=-1 offset=5992500 count=22500
    part[6] cum=99.7812% share=24.5938% device_global=6 rank=3 local_index=-1 offset=6015000 count=1967500
    part[7] cum=100% share=0.218749% device_global=7 rank=3 local_index=-1 offset=7982500 count=17500
    total=100%
  CURRENT loads:
    part[0] cum=24.7188% share=24.7188% device_global=0 rank=0 local_index=0 offset=0 count=1977500
    part[1] cum=25.0938% share=0.375% device_global=1 rank=0 local_index=1 offset=1977500 count=30000
    part[2] cum=50.1875% share=25.0938% device_global=2 rank=1 local_index=-1 offset=2007500 count=2007500
    part[3] cum=50.5625% share=0.375003% device_global=3 rank=1 local_index=-1 offset=4015000 count=30000
    part[4] cum=74.9062% share=24.3437% device_global=4 rank=2 local_index=-1 offset=4045000 count=1947500
    part[5] cum=75.1875% share=0.28125% device_global=5 rank=2 local_index=-1 offset=5992500 count=22500
    part[6] cum=99.7812% share=24.5938% device_global=6 rank=3 local_index=-1 offset=6015000 count=1967500
    part[7] cum=100% share=0.218749% device_global=7 rank=3 local_index=-1 offset=7982500 count=17500
    total=100%
[DCL][balance-metrics] iteration=3100
  policy=scheduled
  action=skip
  reason=static balance already attempted
  T_compute_interval_s=1.03817
  T_comm_interval_s=4.30989
  T_balance_total_s=0
  T_rebalance_apply_s=0
  T_compute_accum_s=9.15312
  T_comm_accum_s=17.9072
  T_balance_accum_s=0.314875
  T_rebalance_apply_accum_s=0.0965067
  device_times_s:
    part[0]=0.936926
    part[1]=0.875184
    part[2]=0.950638
    part[3]=0.910115
    part[4]=0.926142
    part[5]=0.882895
    part[6]=0.932261
    part[7]=1.03817
  OLD loads:
    part[0] cum=24.7188% share=24.7188% device_global=0 rank=0 local_index=0 offset=0 count=1977500
    part[1] cum=25.0938% share=0.375% device_global=1 rank=0 local_index=1 offset=1977500 count=30000
    part[2] cum=50.1875% share=25.0938% device_global=2 rank=1 local_index=-1 offset=2007500 count=2007500
    part[3] cum=50.5625% share=0.375003% device_global=3 rank=1 local_index=-1 offset=4015000 count=30000
    part[4] cum=74.9062% share=24.3437% device_global=4 rank=2 local_index=-1 offset=4045000 count=1947500
    part[5] cum=75.1875% share=0.28125% device_global=5 rank=2 local_index=-1 offset=5992500 count=22500
    part[6] cum=99.7812% share=24.5938% device_global=6 rank=3 local_index=-1 offset=6015000 count=1967500
    part[7] cum=100% share=0.218749% device_global=7 rank=3 local_index=-1 offset=7982500 count=17500
    total=100%
  CURRENT loads:
    part[0] cum=24.7188% share=24.7188% device_global=0 rank=0 local_index=0 offset=0 count=1977500
    part[1] cum=25.0938% share=0.375% device_global=1 rank=0 local_index=1 offset=1977500 count=30000
    part[2] cum=50.1875% share=25.0938% device_global=2 rank=1 local_index=-1 offset=2007500 count=2007500
    part[3] cum=50.5625% share=0.375003% device_global=3 rank=1 local_index=-1 offset=4015000 count=30000
    part[4] cum=74.9062% share=24.3437% device_global=4 rank=2 local_index=-1 offset=4045000 count=1947500
    part[5] cum=75.1875% share=0.28125% device_global=5 rank=2 local_index=-1 offset=5992500 count=22500
    part[6] cum=99.7812% share=24.5938% device_global=6 rank=3 local_index=-1 offset=6015000 count=1967500
    part[7] cum=100% share=0.218749% device_global=7 rank=3 local_index=-1 offset=7982500 count=17500
    total=100%
[DCL][balance-metrics] iteration=4100
  policy=scheduled
  action=skip
  reason=static balance already attempted
  T_compute_interval_s=0.950476
  T_comm_interval_s=4.36029
  T_balance_total_s=0
  T_rebalance_apply_s=0
  T_compute_accum_s=10.1036
  T_comm_accum_s=22.2675
  T_balance_accum_s=0.314875
  T_rebalance_apply_accum_s=0.0965067
  device_times_s:
    part[0]=0.937133
    part[1]=0.874978
    part[2]=0.950476
    part[3]=0.89796
    part[4]=0.925804
    part[5]=0.8104
    part[6]=0.932729
    part[7]=0.855904
  OLD loads:
    part[0] cum=24.7188% share=24.7188% device_global=0 rank=0 local_index=0 offset=0 count=1977500
    part[1] cum=25.0938% share=0.375% device_global=1 rank=0 local_index=1 offset=1977500 count=30000
    part[2] cum=50.1875% share=25.0938% device_global=2 rank=1 local_index=-1 offset=2007500 count=2007500
    part[3] cum=50.5625% share=0.375003% device_global=3 rank=1 local_index=-1 offset=4015000 count=30000
    part[4] cum=74.9062% share=24.3437% device_global=4 rank=2 local_index=-1 offset=4045000 count=1947500
    part[5] cum=75.1875% share=0.28125% device_global=5 rank=2 local_index=-1 offset=5992500 count=22500
    part[6] cum=99.7812% share=24.5938% device_global=6 rank=3 local_index=-1 offset=6015000 count=1967500
    part[7] cum=100% share=0.218749% device_global=7 rank=3 local_index=-1 offset=7982500 count=17500
    total=100%
  CURRENT loads:
    part[0] cum=24.7188% share=24.7188% device_global=0 rank=0 local_index=0 offset=0 count=1977500
    part[1] cum=25.0938% share=0.375% device_global=1 rank=0 local_index=1 offset=1977500 count=30000
    part[2] cum=50.1875% share=25.0938% device_global=2 rank=1 local_index=-1 offset=2007500 count=2007500
    part[3] cum=50.5625% share=0.375003% device_global=3 rank=1 local_index=-1 offset=4015000 count=30000
    part[4] cum=74.9062% share=24.3437% device_global=4 rank=2 local_index=-1 offset=4045000 count=1947500
    part[5] cum=75.1875% share=0.28125% device_global=5 rank=2 local_index=-1 offset=5992500 count=22500
    part[6] cum=99.7812% share=24.5938% device_global=6 rank=3 local_index=-1 offset=6015000 count=1967500
    part[7] cum=100% share=0.218749% device_global=7 rank=3 local_index=-1 offset=7982500 count=17500
    total=100%
[DCL][balance-metrics] iteration=5100
  policy=scheduled
  action=skip
  reason=static balance already attempted
  T_compute_interval_s=0.950969
  T_comm_interval_s=4.37393
  T_balance_total_s=0
  T_rebalance_apply_s=0
  T_compute_accum_s=11.0546
  T_comm_accum_s=26.6414
  T_balance_accum_s=0.314875
  T_rebalance_apply_accum_s=0.0965067
  device_times_s:
    part[0]=0.938114
    part[1]=0.875922
    part[2]=0.950969
    part[3]=0.895927
    part[4]=0.9256
    part[5]=0.783109
    part[6]=0.932793
    part[7]=0.773793
  OLD loads:
    part[0] cum=24.7188% share=24.7188% device_global=0 rank=0 local_index=0 offset=0 count=1977500
    part[1] cum=25.0938% share=0.375% device_global=1 rank=0 local_index=1 offset=1977500 count=30000
    part[2] cum=50.1875% share=25.0938% device_global=2 rank=1 local_index=-1 offset=2007500 count=2007500
    part[3] cum=50.5625% share=0.375003% device_global=3 rank=1 local_index=-1 offset=4015000 count=30000
    part[4] cum=74.9062% share=24.3437% device_global=4 rank=2 local_index=-1 offset=4045000 count=1947500
    part[5] cum=75.1875% share=0.28125% device_global=5 rank=2 local_index=-1 offset=5992500 count=22500
    part[6] cum=99.7812% share=24.5938% device_global=6 rank=3 local_index=-1 offset=6015000 count=1967500
    part[7] cum=100% share=0.218749% device_global=7 rank=3 local_index=-1 offset=7982500 count=17500
    total=100%
  CURRENT loads:
    part[0] cum=24.7188% share=24.7188% device_global=0 rank=0 local_index=0 offset=0 count=1977500
    part[1] cum=25.0938% share=0.375% device_global=1 rank=0 local_index=1 offset=1977500 count=30000
    part[2] cum=50.1875% share=25.0938% device_global=2 rank=1 local_index=-1 offset=2007500 count=2007500
    part[3] cum=50.5625% share=0.375003% device_global=3 rank=1 local_index=-1 offset=4015000 count=30000
    part[4] cum=74.9062% share=24.3437% device_global=4 rank=2 local_index=-1 offset=4045000 count=1947500
    part[5] cum=75.1875% share=0.28125% device_global=5 rank=2 local_index=-1 offset=5992500 count=22500
    part[6] cum=99.7812% share=24.5938% device_global=6 rank=3 local_index=-1 offset=6015000 count=1967500
    part[7] cum=100% share=0.218749% device_global=7 rank=3 local_index=-1 offset=7982500 count=17500
    total=100%
[DCL][balance-metrics] iteration=6100
  policy=scheduled
  action=skip
  reason=static balance already attempted
  T_compute_interval_s=0.95019
  T_comm_interval_s=4.3552
  T_balance_total_s=0
  T_rebalance_apply_s=0
  T_compute_accum_s=12.0048
  T_comm_accum_s=30.9966
  T_balance_accum_s=0.314875
  T_rebalance_apply_accum_s=0.0965067
  device_times_s:
    part[0]=0.936522
    part[1]=0.875068
    part[2]=0.95019
    part[3]=0.881885
    part[4]=0.92586
    part[5]=0.757756
    part[6]=0.93278
    part[7]=0.726462
  OLD loads:
    part[0] cum=24.7188% share=24.7188% device_global=0 rank=0 local_index=0 offset=0 count=1977500
    part[1] cum=25.0938% share=0.375% device_global=1 rank=0 local_index=1 offset=1977500 count=30000
    part[2] cum=50.1875% share=25.0938% device_global=2 rank=1 local_index=-1 offset=2007500 count=2007500
    part[3] cum=50.5625% share=0.375003% device_global=3 rank=1 local_index=-1 offset=4015000 count=30000
    part[4] cum=74.9062% share=24.3437% device_global=4 rank=2 local_index=-1 offset=4045000 count=1947500
    part[5] cum=75.1875% share=0.28125% device_global=5 rank=2 local_index=-1 offset=5992500 count=22500
    part[6] cum=99.7812% share=24.5938% device_global=6 rank=3 local_index=-1 offset=6015000 count=1967500
    part[7] cum=100% share=0.218749% device_global=7 rank=3 local_index=-1 offset=7982500 count=17500
    total=100%
  CURRENT loads:
    part[0] cum=24.7188% share=24.7188% device_global=0 rank=0 local_index=0 offset=0 count=1977500
    part[1] cum=25.0938% share=0.375% device_global=1 rank=0 local_index=1 offset=1977500 count=30000
    part[2] cum=50.1875% share=25.0938% device_global=2 rank=1 local_index=-1 offset=2007500 count=2007500
    part[3] cum=50.5625% share=0.375003% device_global=3 rank=1 local_index=-1 offset=4015000 count=30000
    part[4] cum=74.9062% share=24.3437% device_global=4 rank=2 local_index=-1 offset=4045000 count=1947500
    part[5] cum=75.1875% share=0.28125% device_global=5 rank=2 local_index=-1 offset=5992500 count=22500
    part[6] cum=99.7812% share=24.5938% device_global=6 rank=3 local_index=-1 offset=6015000 count=1967500
    part[7] cum=100% share=0.218749% device_global=7 rank=3 local_index=-1 offset=7982500 count=17500
    total=100%
[DCL][balance-metrics] iteration=7100
  policy=scheduled
  action=skip
  reason=static balance already attempted
  T_compute_interval_s=0.950472
  T_comm_interval_s=4.37581
  T_balance_total_s=0
  T_rebalance_apply_s=0
  T_compute_accum_s=12.9552
  T_comm_accum_s=35.3724
  T_balance_accum_s=0.314875
  T_rebalance_apply_accum_s=0.0965067
  device_times_s:
    part[0]=0.936878
    part[1]=0.87585
    part[2]=0.950472
    part[3]=0.886305
    part[4]=0.925446
    part[5]=0.740965
    part[6]=0.932523
    part[7]=0.684349
  OLD loads:
    part[0] cum=24.7188% share=24.7188% device_global=0 rank=0 local_index=0 offset=0 count=1977500
    part[1] cum=25.0938% share=0.375% device_global=1 rank=0 local_index=1 offset=1977500 count=30000
    part[2] cum=50.1875% share=25.0938% device_global=2 rank=1 local_index=-1 offset=2007500 count=2007500
    part[3] cum=50.5625% share=0.375003% device_global=3 rank=1 local_index=-1 offset=4015000 count=30000
    part[4] cum=74.9062% share=24.3437% device_global=4 rank=2 local_index=-1 offset=4045000 count=1947500
    part[5] cum=75.1875% share=0.28125% device_global=5 rank=2 local_index=-1 offset=5992500 count=22500
    part[6] cum=99.7812% share=24.5938% device_global=6 rank=3 local_index=-1 offset=6015000 count=1967500
    part[7] cum=100% share=0.218749% device_global=7 rank=3 local_index=-1 offset=7982500 count=17500
    total=100%
  CURRENT loads:
    part[0] cum=24.7188% share=24.7188% device_global=0 rank=0 local_index=0 offset=0 count=1977500
    part[1] cum=25.0938% share=0.375% device_global=1 rank=0 local_index=1 offset=1977500 count=30000
    part[2] cum=50.1875% share=25.0938% device_global=2 rank=1 local_index=-1 offset=2007500 count=2007500
    part[3] cum=50.5625% share=0.375003% device_global=3 rank=1 local_index=-1 offset=4015000 count=30000
    part[4] cum=74.9062% share=24.3437% device_global=4 rank=2 local_index=-1 offset=4045000 count=1947500
    part[5] cum=75.1875% share=0.28125% device_global=5 rank=2 local_index=-1 offset=5992500 count=22500
    part[6] cum=99.7812% share=24.5938% device_global=6 rank=3 local_index=-1 offset=6015000 count=1967500
    part[7] cum=100% share=0.218749% device_global=7 rank=3 local_index=-1 offset=7982500 count=17500
    total=100%
[DCL][balance-metrics] iteration=8100
  policy=scheduled
  action=skip
  reason=static balance already attempted
  T_compute_interval_s=0.950349
  T_comm_interval_s=4.39013
  T_balance_total_s=0
  T_rebalance_apply_s=0
  T_compute_accum_s=13.9056
  T_comm_accum_s=39.7625
  T_balance_accum_s=0.314875
  T_rebalance_apply_accum_s=0.0965067
  device_times_s:
    part[0]=0.937046
    part[1]=0.878133
    part[2]=0.950349
    part[3]=0.876833
    part[4]=0.925508
    part[5]=0.729333
    part[6]=0.932835
    part[7]=0.665268
  OLD loads:
    part[0] cum=24.7188% share=24.7188% device_global=0 rank=0 local_index=0 offset=0 count=1977500
    part[1] cum=25.0938% share=0.375% device_global=1 rank=0 local_index=1 offset=1977500 count=30000
    part[2] cum=50.1875% share=25.0938% device_global=2 rank=1 local_index=-1 offset=2007500 count=2007500
    part[3] cum=50.5625% share=0.375003% device_global=3 rank=1 local_index=-1 offset=4015000 count=30000
    part[4] cum=74.9062% share=24.3437% device_global=4 rank=2 local_index=-1 offset=4045000 count=1947500
    part[5] cum=75.1875% share=0.28125% device_global=5 rank=2 local_index=-1 offset=5992500 count=22500
    part[6] cum=99.7812% share=24.5938% device_global=6 rank=3 local_index=-1 offset=6015000 count=1967500
    part[7] cum=100% share=0.218749% device_global=7 rank=3 local_index=-1 offset=7982500 count=17500
    total=100%
  CURRENT loads:
    part[0] cum=24.7188% share=24.7188% device_global=0 rank=0 local_index=0 offset=0 count=1977500
    part[1] cum=25.0938% share=0.375% device_global=1 rank=0 local_index=1 offset=1977500 count=30000
    part[2] cum=50.1875% share=25.0938% device_global=2 rank=1 local_index=-1 offset=2007500 count=2007500
    part[3] cum=50.5625% share=0.375003% device_global=3 rank=1 local_index=-1 offset=4015000 count=30000
    part[4] cum=74.9062% share=24.3437% device_global=4 rank=2 local_index=-1 offset=4045000 count=1947500
    part[5] cum=75.1875% share=0.28125% device_global=5 rank=2 local_index=-1 offset=5992500 count=22500
    part[6] cum=99.7812% share=24.5938% device_global=6 rank=3 local_index=-1 offset=6015000 count=1967500
    part[7] cum=100% share=0.218749% device_global=7 rank=3 local_index=-1 offset=7982500 count=17500
    total=100%
[DCL][balance-metrics] iteration=9100
  policy=scheduled
  action=skip
  reason=static balance already attempted
  T_compute_interval_s=0.950255
  T_comm_interval_s=4.35021
  T_balance_total_s=0
  T_rebalance_apply_s=0
  T_compute_accum_s=14.8558
  T_comm_accum_s=44.1127
  T_balance_accum_s=0.314875
  T_rebalance_apply_accum_s=0.0965067
  device_times_s:
    part[0]=0.936795
    part[1]=0.882276
    part[2]=0.950255
    part[3]=0.87602
    part[4]=0.925902
    part[5]=0.723416
    part[6]=0.93229
    part[7]=0.642135
  OLD loads:
    part[0] cum=24.7188% share=24.7188% device_global=0 rank=0 local_index=0 offset=0 count=1977500
    part[1] cum=25.0938% share=0.375% device_global=1 rank=0 local_index=1 offset=1977500 count=30000
    part[2] cum=50.1875% share=25.0938% device_global=2 rank=1 local_index=-1 offset=2007500 count=2007500
    part[3] cum=50.5625% share=0.375003% device_global=3 rank=1 local_index=-1 offset=4015000 count=30000
    part[4] cum=74.9062% share=24.3437% device_global=4 rank=2 local_index=-1 offset=4045000 count=1947500
    part[5] cum=75.1875% share=0.28125% device_global=5 rank=2 local_index=-1 offset=5992500 count=22500
    part[6] cum=99.7812% share=24.5938% device_global=6 rank=3 local_index=-1 offset=6015000 count=1967500
    part[7] cum=100% share=0.218749% device_global=7 rank=3 local_index=-1 offset=7982500 count=17500
    total=100%
  CURRENT loads:
    part[0] cum=24.7188% share=24.7188% device_global=0 rank=0 local_index=0 offset=0 count=1977500
    part[1] cum=25.0938% share=0.375% device_global=1 rank=0 local_index=1 offset=1977500 count=30000
    part[2] cum=50.1875% share=25.0938% device_global=2 rank=1 local_index=-1 offset=2007500 count=2007500
    part[3] cum=50.5625% share=0.375003% device_global=3 rank=1 local_index=-1 offset=4015000 count=30000
    part[4] cum=74.9062% share=24.3437% device_global=4 rank=2 local_index=-1 offset=4045000 count=1947500
    part[5] cum=75.1875% share=0.28125% device_global=5 rank=2 local_index=-1 offset=5992500 count=22500
    part[6] cum=99.7812% share=24.5938% device_global=6 rank=3 local_index=-1 offset=6015000 count=1967500
    part[7] cum=100% share=0.218749% device_global=7 rank=3 local_index=-1 offset=7982500 count=17500
    total=100%

=== PARTICOES FINAIS ===
=== Particoes globais ===
part[0] device_global=0 rank=0 local_index=0 offset=0 count=1977500
part[1] device_global=1 rank=0 local_index=1 offset=1977500 count=30000
part[2] device_global=2 rank=1 local_index=-1 offset=2007500 count=2007500
part[3] device_global=3 rank=1 local_index=-1 offset=4015000 count=30000
part[4] device_global=4 rank=2 local_index=-1 offset=4045000 count=1947500
part[5] device_global=5 rank=2 local_index=-1 offset=5992500 count=22500
part[6] device_global=6 rank=3 local_index=-1 offset=6015000 count=1967500
part[7] device_global=7 rank=3 local_index=-1 offset=7982500 count=17500


============================
ITERACAO 10000
Tempo de execução: 56.4945s
