=== Dispositivos locais do rank 0 ===
global=0 local=0 nome="NVIDIA RTX 2000 Ada Generation" compute_units=22
global=1 local=1 nome="Intel(R) Xeon(R) CPU           E5620  @ 2.40GHz" compute_units=16

=== Dispositivos locais do rank 3 ===
global=6 local=0 nome="NVIDIA RTX 2000 Ada Generation" compute_units=22
global=7 local=1 nome="Intel(R) Xeon(R) CPU           E5620  @ 2.40GHz" compute_units=16

=== Dispositivos locais do rank 2 ===
global=4 local=0 nome="NVIDIA RTX 2000 Ada Generation" compute_units=22
global=5 local=1 nome="Intel(R) Xeon(R) CPU           E5620  @ 2.40GHz" compute_units=16

=== Dispositivos locais do rank 1 ===
global=2 local=0 nome="NVIDIA RTX 2000 Ada Generation" compute_units=22
global=3 local=1 nome="Intel(R) Xeon(R) CPU           E5620  @ 2.40GHz" compute_units=16

=== PARTICOES INICIAIS ===
=== Particoes globais ===
part[0] device_global=0 rank=0 local_index=0 offset=0 count=1000000
part[1] device_global=1 rank=0 local_index=1 offset=1000000 count=1000000
part[2] device_global=2 rank=1 local_index=-1 offset=2000000 count=1000000
part[3] device_global=3 rank=1 local_index=-1 offset=3000000 count=1000000
part[4] device_global=4 rank=2 local_index=-1 offset=4000000 count=1000000
part[5] device_global=5 rank=2 local_index=-1 offset=5000000 count=1000000
part[6] device_global=6 rank=3 local_index=-1 offset=6000000 count=1000000
part[7] device_global=7 rank=3 local_index=-1 offset=7000000 count=1000000

X = 50 Y = 50 Z = 3200 Iterations = 10000
[DCL][balance-metrics] iteration=100
  policy=threshold
  action=rebalance
  reason=accepted by fixed threshold; diff=0.245823, threshold=0.0003125
  T_compute_interval_s=5.40886
  T_comm_interval_s=5.24486
  T_balance_total_s=0.285009
  T_rebalance_apply_s=0.0669574
  T_compute_accum_s=5.40886
  T_comm_accum_s=5.24486
  T_balance_accum_s=0.285009
  T_rebalance_apply_accum_s=0.0669574
  device_times_s:
    part[0]=0.0487421
    part[1]=3.00608
    part[2]=0.0481477
    part[3]=3.06099
    part[4]=0.0492306
    part[5]=4.28242
    part[6]=0.0485604
    part[7]=5.40886
  OLD loads:
    part[0] cum=12.5% share=12.5% device_global=0 rank=0 local_index=0 offset=0 count=1970000
    part[1] cum=25% share=12.5% device_global=1 rank=0 local_index=1 offset=1970000 count=32500
    part[2] cum=37.5% share=12.5% device_global=2 rank=1 local_index=-1 offset=2002500 count=1995000
    part[3] cum=50% share=12.5% device_global=3 rank=1 local_index=-1 offset=3997500 count=32500
    part[4] cum=62.5% share=12.5% device_global=4 rank=2 local_index=-1 offset=4030000 count=1952500
    part[5] cum=75% share=12.5% device_global=5 rank=2 local_index=-1 offset=5982500 count=22500
    part[6] cum=87.5% share=12.5% device_global=6 rank=3 local_index=-1 offset=6005000 count=1977500
    part[7] cum=100% share=12.5% device_global=7 rank=3 local_index=-1 offset=7982500 count=17500
    total=100%
  PROPOSED loads:
    part[0] cum=24.625% share=24.625% device_global=0 rank=0 local_index=0 offset=0 count=1970000
    part[1] cum=25.0312% share=0.40625% device_global=1 rank=0 local_index=1 offset=1970000 count=32500
    part[2] cum=49.9688% share=24.9375% device_global=2 rank=1 local_index=-1 offset=2002500 count=1995000
    part[3] cum=50.375% share=0.406253% device_global=3 rank=1 local_index=-1 offset=3997500 count=32500
    part[4] cum=74.7812% share=24.4062% device_global=4 rank=2 local_index=-1 offset=4030000 count=1952500
    part[5] cum=75.0625% share=0.28125% device_global=5 rank=2 local_index=-1 offset=5982500 count=22500
    part[6] cum=99.7812% share=24.7188% device_global=6 rank=3 local_index=-1 offset=6005000 count=1977500
    part[7] cum=100% share=0.218749% device_global=7 rank=3 local_index=-1 offset=7982500 count=17500
    total=100%
  CURRENT loads:
    part[0] cum=24.625% share=24.625% device_global=0 rank=0 local_index=0 offset=0 count=1970000
    part[1] cum=25.0312% share=0.40625% device_global=1 rank=0 local_index=1 offset=1970000 count=32500
    part[2] cum=49.9688% share=24.9375% device_global=2 rank=1 local_index=-1 offset=2002500 count=1995000
    part[3] cum=50.375% share=0.406253% device_global=3 rank=1 local_index=-1 offset=3997500 count=32500
    part[4] cum=74.7812% share=24.4062% device_global=4 rank=2 local_index=-1 offset=4030000 count=1952500
    part[5] cum=75.0625% share=0.28125% device_global=5 rank=2 local_index=-1 offset=5982500 count=22500
    part[6] cum=99.7812% share=24.7188% device_global=6 rank=3 local_index=-1 offset=6005000 count=1977500
    part[7] cum=100% share=0.218749% device_global=7 rank=3 local_index=-1 offset=7982500 count=17500
    total=100%
[DCL][balance-metrics] iteration=1100
  policy=scheduled
  action=skip
  reason=static balance already attempted
  T_compute_interval_s=1.39141
  T_comm_interval_s=4.3261
  T_balance_total_s=0
  T_rebalance_apply_s=0
  T_compute_accum_s=6.80027
  T_comm_accum_s=9.57096
  T_balance_accum_s=0.285009
  T_rebalance_apply_accum_s=0.0669574
  device_times_s:
    part[0]=0.935829
    part[1]=0.977333
    part[2]=0.946387
    part[3]=1.16173
    part[4]=0.928128
    part[5]=1.39141
    part[6]=0.937599
    part[7]=1.37713
  OLD loads:
    part[0] cum=24.625% share=24.625% device_global=0 rank=0 local_index=0 offset=0 count=1970000
    part[1] cum=25.0312% share=0.40625% device_global=1 rank=0 local_index=1 offset=1970000 count=32500
    part[2] cum=49.9688% share=24.9375% device_global=2 rank=1 local_index=-1 offset=2002500 count=1995000
    part[3] cum=50.375% share=0.406253% device_global=3 rank=1 local_index=-1 offset=3997500 count=32500
    part[4] cum=74.7812% share=24.4062% device_global=4 rank=2 local_index=-1 offset=4030000 count=1952500
    part[5] cum=75.0625% share=0.28125% device_global=5 rank=2 local_index=-1 offset=5982500 count=22500
    part[6] cum=99.7812% share=24.7188% device_global=6 rank=3 local_index=-1 offset=6005000 count=1977500
    part[7] cum=100% share=0.218749% device_global=7 rank=3 local_index=-1 offset=7982500 count=17500
    total=100%
  CURRENT loads:
    part[0] cum=24.625% share=24.625% device_global=0 rank=0 local_index=0 offset=0 count=1970000
    part[1] cum=25.0312% share=0.40625% device_global=1 rank=0 local_index=1 offset=1970000 count=32500
    part[2] cum=49.9688% share=24.9375% device_global=2 rank=1 local_index=-1 offset=2002500 count=1995000
    part[3] cum=50.375% share=0.406253% device_global=3 rank=1 local_index=-1 offset=3997500 count=32500
    part[4] cum=74.7812% share=24.4062% device_global=4 rank=2 local_index=-1 offset=4030000 count=1952500
    part[5] cum=75.0625% share=0.28125% device_global=5 rank=2 local_index=-1 offset=5982500 count=22500
    part[6] cum=99.7812% share=24.7188% device_global=6 rank=3 local_index=-1 offset=6005000 count=1977500
    part[7] cum=100% share=0.218749% device_global=7 rank=3 local_index=-1 offset=7982500 count=17500
    total=100%
[DCL][balance-metrics] iteration=2100
  policy=scheduled
  action=skip
  reason=static balance already attempted
  T_compute_interval_s=1.24766
  T_comm_interval_s=4.33648
  T_balance_total_s=0
  T_rebalance_apply_s=0
  T_compute_accum_s=8.04794
  T_comm_accum_s=13.9074
  T_balance_accum_s=0.285009
  T_rebalance_apply_accum_s=0.0669574
  device_times_s:
    part[0]=0.934235
    part[1]=0.946999
    part[2]=0.945298
    part[3]=1.00007
    part[4]=0.928165
    part[5]=1.06112
    part[6]=0.936715
    part[7]=1.24766
  OLD loads:
    part[0] cum=24.625% share=24.625% device_global=0 rank=0 local_index=0 offset=0 count=1970000
    part[1] cum=25.0312% share=0.40625% device_global=1 rank=0 local_index=1 offset=1970000 count=32500
    part[2] cum=49.9688% share=24.9375% device_global=2 rank=1 local_index=-1 offset=2002500 count=1995000
    part[3] cum=50.375% share=0.406253% device_global=3 rank=1 local_index=-1 offset=3997500 count=32500
    part[4] cum=74.7812% share=24.4062% device_global=4 rank=2 local_index=-1 offset=4030000 count=1952500
    part[5] cum=75.0625% share=0.28125% device_global=5 rank=2 local_index=-1 offset=5982500 count=22500
    part[6] cum=99.7812% share=24.7188% device_global=6 rank=3 local_index=-1 offset=6005000 count=1977500
    part[7] cum=100% share=0.218749% device_global=7 rank=3 local_index=-1 offset=7982500 count=17500
    total=100%
  CURRENT loads:
    part[0] cum=24.625% share=24.625% device_global=0 rank=0 local_index=0 offset=0 count=1970000
    part[1] cum=25.0312% share=0.40625% device_global=1 rank=0 local_index=1 offset=1970000 count=32500
    part[2] cum=49.9688% share=24.9375% device_global=2 rank=1 local_index=-1 offset=2002500 count=1995000
    part[3] cum=50.375% share=0.406253% device_global=3 rank=1 local_index=-1 offset=3997500 count=32500
    part[4] cum=74.7812% share=24.4062% device_global=4 rank=2 local_index=-1 offset=4030000 count=1952500
    part[5] cum=75.0625% share=0.28125% device_global=5 rank=2 local_index=-1 offset=5982500 count=22500
    part[6] cum=99.7812% share=24.7188% device_global=6 rank=3 local_index=-1 offset=6005000 count=1977500
    part[7] cum=100% share=0.218749% device_global=7 rank=3 local_index=-1 offset=7982500 count=17500
    total=100%
[DCL][balance-metrics] iteration=3100
  policy=scheduled
  action=skip
  reason=static balance already attempted
  T_compute_interval_s=1.04921
  T_comm_interval_s=4.3292
  T_balance_total_s=0
  T_rebalance_apply_s=0
  T_compute_accum_s=9.09714
  T_comm_accum_s=18.2366
  T_balance_accum_s=0.285009
  T_rebalance_apply_accum_s=0.0669574
  device_times_s:
    part[0]=0.934344
    part[1]=0.929991
    part[2]=0.944923
    part[3]=0.962446
    part[4]=0.929184
    part[5]=0.877534
    part[6]=0.936848
    part[7]=1.04921
  OLD loads:
    part[0] cum=24.625% share=24.625% device_global=0 rank=0 local_index=0 offset=0 count=1970000
    part[1] cum=25.0312% share=0.40625% device_global=1 rank=0 local_index=1 offset=1970000 count=32500
    part[2] cum=49.9688% share=24.9375% device_global=2 rank=1 local_index=-1 offset=2002500 count=1995000
    part[3] cum=50.375% share=0.406253% device_global=3 rank=1 local_index=-1 offset=3997500 count=32500
    part[4] cum=74.7812% share=24.4062% device_global=4 rank=2 local_index=-1 offset=4030000 count=1952500
    part[5] cum=75.0625% share=0.28125% device_global=5 rank=2 local_index=-1 offset=5982500 count=22500
    part[6] cum=99.7812% share=24.7188% device_global=6 rank=3 local_index=-1 offset=6005000 count=1977500
    part[7] cum=100% share=0.218749% device_global=7 rank=3 local_index=-1 offset=7982500 count=17500
    total=100%
  CURRENT loads:
    part[0] cum=24.625% share=24.625% device_global=0 rank=0 local_index=0 offset=0 count=1970000
    part[1] cum=25.0312% share=0.40625% device_global=1 rank=0 local_index=1 offset=1970000 count=32500
    part[2] cum=49.9688% share=24.9375% device_global=2 rank=1 local_index=-1 offset=2002500 count=1995000
    part[3] cum=50.375% share=0.406253% device_global=3 rank=1 local_index=-1 offset=3997500 count=32500
    part[4] cum=74.7812% share=24.4062% device_global=4 rank=2 local_index=-1 offset=4030000 count=1952500
    part[5] cum=75.0625% share=0.28125% device_global=5 rank=2 local_index=-1 offset=5982500 count=22500
    part[6] cum=99.7812% share=24.7188% device_global=6 rank=3 local_index=-1 offset=6005000 count=1977500
    part[7] cum=100% share=0.218749% device_global=7 rank=3 local_index=-1 offset=7982500 count=17500
    total=100%
[DCL][balance-metrics] iteration=4100
  policy=scheduled
  action=skip
  reason=static balance already attempted
  T_compute_interval_s=0.956103
  T_comm_interval_s=4.40013
  T_balance_total_s=0
  T_rebalance_apply_s=0
  T_compute_accum_s=10.0532
  T_comm_accum_s=22.6368
  T_balance_accum_s=0.285009
  T_rebalance_apply_accum_s=0.0669574
  device_times_s:
    part[0]=0.934463
    part[1]=0.935921
    part[2]=0.945386
    part[3]=0.956103
    part[4]=0.927927
    part[5]=0.801592
    part[6]=0.93735
    part[7]=0.863254
  OLD loads:
    part[0] cum=24.625% share=24.625% device_global=0 rank=0 local_index=0 offset=0 count=1970000
    part[1] cum=25.0312% share=0.40625% device_global=1 rank=0 local_index=1 offset=1970000 count=32500
    part[2] cum=49.9688% share=24.9375% device_global=2 rank=1 local_index=-1 offset=2002500 count=1995000
    part[3] cum=50.375% share=0.406253% device_global=3 rank=1 local_index=-1 offset=3997500 count=32500
    part[4] cum=74.7812% share=24.4062% device_global=4 rank=2 local_index=-1 offset=4030000 count=1952500
    part[5] cum=75.0625% share=0.28125% device_global=5 rank=2 local_index=-1 offset=5982500 count=22500
    part[6] cum=99.7812% share=24.7188% device_global=6 rank=3 local_index=-1 offset=6005000 count=1977500
    part[7] cum=100% share=0.218749% device_global=7 rank=3 local_index=-1 offset=7982500 count=17500
    total=100%
  CURRENT loads:
    part[0] cum=24.625% share=24.625% device_global=0 rank=0 local_index=0 offset=0 count=1970000
    part[1] cum=25.0312% share=0.40625% device_global=1 rank=0 local_index=1 offset=1970000 count=32500
    part[2] cum=49.9688% share=24.9375% device_global=2 rank=1 local_index=-1 offset=2002500 count=1995000
    part[3] cum=50.375% share=0.406253% device_global=3 rank=1 local_index=-1 offset=3997500 count=32500
    part[4] cum=74.7812% share=24.4062% device_global=4 rank=2 local_index=-1 offset=4030000 count=1952500
    part[5] cum=75.0625% share=0.28125% device_global=5 rank=2 local_index=-1 offset=5982500 count=22500
    part[6] cum=99.7812% share=24.7188% device_global=6 rank=3 local_index=-1 offset=6005000 count=1977500
    part[7] cum=100% share=0.218749% device_global=7 rank=3 local_index=-1 offset=7982500 count=17500
    total=100%
[DCL][balance-metrics] iteration=5100
  policy=scheduled
  action=skip
  reason=static balance already attempted
  T_compute_interval_s=0.94509
  T_comm_interval_s=4.38435
  T_balance_total_s=0
  T_rebalance_apply_s=0
  T_compute_accum_s=10.9983
  T_comm_accum_s=27.0211
  T_balance_accum_s=0.285009
  T_rebalance_apply_accum_s=0.0669574
  device_times_s:
    part[0]=0.934395
    part[1]=0.932056
    part[2]=0.94509
    part[3]=0.94417
    part[4]=0.92826
    part[5]=0.768885
    part[6]=0.937007
    part[7]=0.772683
  OLD loads:
    part[0] cum=24.625% share=24.625% device_global=0 rank=0 local_index=0 offset=0 count=1970000
    part[1] cum=25.0312% share=0.40625% device_global=1 rank=0 local_index=1 offset=1970000 count=32500
    part[2] cum=49.9688% share=24.9375% device_global=2 rank=1 local_index=-1 offset=2002500 count=1995000
    part[3] cum=50.375% share=0.406253% device_global=3 rank=1 local_index=-1 offset=3997500 count=32500
    part[4] cum=74.7812% share=24.4062% device_global=4 rank=2 local_index=-1 offset=4030000 count=1952500
    part[5] cum=75.0625% share=0.28125% device_global=5 rank=2 local_index=-1 offset=5982500 count=22500
    part[6] cum=99.7812% share=24.7188% device_global=6 rank=3 local_index=-1 offset=6005000 count=1977500
    part[7] cum=100% share=0.218749% device_global=7 rank=3 local_index=-1 offset=7982500 count=17500
    total=100%
  CURRENT loads:
    part[0] cum=24.625% share=24.625% device_global=0 rank=0 local_index=0 offset=0 count=1970000
    part[1] cum=25.0312% share=0.40625% device_global=1 rank=0 local_index=1 offset=1970000 count=32500
    part[2] cum=49.9688% share=24.9375% device_global=2 rank=1 local_index=-1 offset=2002500 count=1995000
    part[3] cum=50.375% share=0.406253% device_global=3 rank=1 local_index=-1 offset=3997500 count=32500
    part[4] cum=74.7812% share=24.4062% device_global=4 rank=2 local_index=-1 offset=4030000 count=1952500
    part[5] cum=75.0625% share=0.28125% device_global=5 rank=2 local_index=-1 offset=5982500 count=22500
    part[6] cum=99.7812% share=24.7188% device_global=6 rank=3 local_index=-1 offset=6005000 count=1977500
    part[7] cum=100% share=0.218749% device_global=7 rank=3 local_index=-1 offset=7982500 count=17500
    total=100%
[DCL][balance-metrics] iteration=6100
  policy=scheduled
  action=skip
  reason=static balance already attempted
  T_compute_interval_s=0.948907
  T_comm_interval_s=4.41229
  T_balance_total_s=0
  T_rebalance_apply_s=0
  T_compute_accum_s=11.9472
  T_comm_accum_s=31.4334
  T_balance_accum_s=0.285009
  T_rebalance_apply_accum_s=0.0669574
  device_times_s:
    part[0]=0.934592
    part[1]=0.936142
    part[2]=0.945403
    part[3]=0.948907
    part[4]=0.929062
    part[5]=0.762215
    part[6]=0.937133
    part[7]=0.721887
  OLD loads:
    part[0] cum=24.625% share=24.625% device_global=0 rank=0 local_index=0 offset=0 count=1970000
    part[1] cum=25.0312% share=0.40625% device_global=1 rank=0 local_index=1 offset=1970000 count=32500
    part[2] cum=49.9688% share=24.9375% device_global=2 rank=1 local_index=-1 offset=2002500 count=1995000
    part[3] cum=50.375% share=0.406253% device_global=3 rank=1 local_index=-1 offset=3997500 count=32500
    part[4] cum=74.7812% share=24.4062% device_global=4 rank=2 local_index=-1 offset=4030000 count=1952500
    part[5] cum=75.0625% share=0.28125% device_global=5 rank=2 local_index=-1 offset=5982500 count=22500
    part[6] cum=99.7812% share=24.7188% device_global=6 rank=3 local_index=-1 offset=6005000 count=1977500
    part[7] cum=100% share=0.218749% device_global=7 rank=3 local_index=-1 offset=7982500 count=17500
    total=100%
  CURRENT loads:
    part[0] cum=24.625% share=24.625% device_global=0 rank=0 local_index=0 offset=0 count=1970000
    part[1] cum=25.0312% share=0.40625% device_global=1 rank=0 local_index=1 offset=1970000 count=32500
    part[2] cum=49.9688% share=24.9375% device_global=2 rank=1 local_index=-1 offset=2002500 count=1995000
    part[3] cum=50.375% share=0.406253% device_global=3 rank=1 local_index=-1 offset=3997500 count=32500
    part[4] cum=74.7812% share=24.4062% device_global=4 rank=2 local_index=-1 offset=4030000 count=1952500
    part[5] cum=75.0625% share=0.28125% device_global=5 rank=2 local_index=-1 offset=5982500 count=22500
    part[6] cum=99.7812% share=24.7188% device_global=6 rank=3 local_index=-1 offset=6005000 count=1977500
    part[7] cum=100% share=0.218749% device_global=7 rank=3 local_index=-1 offset=7982500 count=17500
    total=100%
[DCL][balance-metrics] iteration=7100
  policy=scheduled
  action=skip
  reason=static balance already attempted
  T_compute_interval_s=0.952123
  T_comm_interval_s=4.37093
  T_balance_total_s=0
  T_rebalance_apply_s=0
  T_compute_accum_s=12.8994
  T_comm_accum_s=35.8043
  T_balance_accum_s=0.285009
  T_rebalance_apply_accum_s=0.0669574
  device_times_s:
    part[0]=0.934267
    part[1]=0.930026
    part[2]=0.94534
    part[3]=0.952123
    part[4]=0.92893
    part[5]=0.74754
    part[6]=0.936467
    part[7]=0.678942
  OLD loads:
    part[0] cum=24.625% share=24.625% device_global=0 rank=0 local_index=0 offset=0 count=1970000
    part[1] cum=25.0312% share=0.40625% device_global=1 rank=0 local_index=1 offset=1970000 count=32500
    part[2] cum=49.9688% share=24.9375% device_global=2 rank=1 local_index=-1 offset=2002500 count=1995000
    part[3] cum=50.375% share=0.406253% device_global=3 rank=1 local_index=-1 offset=3997500 count=32500
    part[4] cum=74.7812% share=24.4062% device_global=4 rank=2 local_index=-1 offset=4030000 count=1952500
    part[5] cum=75.0625% share=0.28125% device_global=5 rank=2 local_index=-1 offset=5982500 count=22500
    part[6] cum=99.7812% share=24.7188% device_global=6 rank=3 local_index=-1 offset=6005000 count=1977500
    part[7] cum=100% share=0.218749% device_global=7 rank=3 local_index=-1 offset=7982500 count=17500
    total=100%
  CURRENT loads:
    part[0] cum=24.625% share=24.625% device_global=0 rank=0 local_index=0 offset=0 count=1970000
    part[1] cum=25.0312% share=0.40625% device_global=1 rank=0 local_index=1 offset=1970000 count=32500
    part[2] cum=49.9688% share=24.9375% device_global=2 rank=1 local_index=-1 offset=2002500 count=1995000
    part[3] cum=50.375% share=0.406253% device_global=3 rank=1 local_index=-1 offset=3997500 count=32500
    part[4] cum=74.7812% share=24.4062% device_global=4 rank=2 local_index=-1 offset=4030000 count=1952500
    part[5] cum=75.0625% share=0.28125% device_global=5 rank=2 local_index=-1 offset=5982500 count=22500
    part[6] cum=99.7812% share=24.7188% device_global=6 rank=3 local_index=-1 offset=6005000 count=1977500
    part[7] cum=100% share=0.218749% device_global=7 rank=3 local_index=-1 offset=7982500 count=17500
    total=100%
[DCL][balance-metrics] iteration=8100
  policy=scheduled
  action=skip
  reason=static balance already attempted
  T_compute_interval_s=0.944429
  T_comm_interval_s=4.3954
  T_balance_total_s=0
  T_rebalance_apply_s=0
  T_compute_accum_s=13.8438
  T_comm_accum_s=40.1997
  T_balance_accum_s=0.285009
  T_rebalance_apply_accum_s=0.0669574
  device_times_s:
    part[0]=0.934796
    part[1]=0.929416
    part[2]=0.944429
    part[3]=0.937916
    part[4]=0.928099
    part[5]=0.725145
    part[6]=0.937158
    part[7]=0.666652
  OLD loads:
    part[0] cum=24.625% share=24.625% device_global=0 rank=0 local_index=0 offset=0 count=1970000
    part[1] cum=25.0312% share=0.40625% device_global=1 rank=0 local_index=1 offset=1970000 count=32500
    part[2] cum=49.9688% share=24.9375% device_global=2 rank=1 local_index=-1 offset=2002500 count=1995000
    part[3] cum=50.375% share=0.406253% device_global=3 rank=1 local_index=-1 offset=3997500 count=32500
    part[4] cum=74.7812% share=24.4062% device_global=4 rank=2 local_index=-1 offset=4030000 count=1952500
    part[5] cum=75.0625% share=0.28125% device_global=5 rank=2 local_index=-1 offset=5982500 count=22500
    part[6] cum=99.7812% share=24.7188% device_global=6 rank=3 local_index=-1 offset=6005000 count=1977500
    part[7] cum=100% share=0.218749% device_global=7 rank=3 local_index=-1 offset=7982500 count=17500
    total=100%
  CURRENT loads:
    part[0] cum=24.625% share=24.625% device_global=0 rank=0 local_index=0 offset=0 count=1970000
    part[1] cum=25.0312% share=0.40625% device_global=1 rank=0 local_index=1 offset=1970000 count=32500
    part[2] cum=49.9688% share=24.9375% device_global=2 rank=1 local_index=-1 offset=2002500 count=1995000
    part[3] cum=50.375% share=0.406253% device_global=3 rank=1 local_index=-1 offset=3997500 count=32500
    part[4] cum=74.7812% share=24.4062% device_global=4 rank=2 local_index=-1 offset=4030000 count=1952500
    part[5] cum=75.0625% share=0.28125% device_global=5 rank=2 local_index=-1 offset=5982500 count=22500
    part[6] cum=99.7812% share=24.7188% device_global=6 rank=3 local_index=-1 offset=6005000 count=1977500
    part[7] cum=100% share=0.218749% device_global=7 rank=3 local_index=-1 offset=7982500 count=17500
    total=100%
[DCL][balance-metrics] iteration=9100
  policy=scheduled
  action=skip
  reason=static balance already attempted
  T_compute_interval_s=0.944856
  T_comm_interval_s=4.40992
  T_balance_total_s=0
  T_rebalance_apply_s=0
  T_compute_accum_s=14.7887
  T_comm_accum_s=44.6097
  T_balance_accum_s=0.285009
  T_rebalance_apply_accum_s=0.0669574
  device_times_s:
    part[0]=0.933999
    part[1]=0.929384
    part[2]=0.944856
    part[3]=0.93866
    part[4]=0.928025
    part[5]=0.715414
    part[6]=0.936931
    part[7]=0.646996
  OLD loads:
    part[0] cum=24.625% share=24.625% device_global=0 rank=0 local_index=0 offset=0 count=1970000
    part[1] cum=25.0312% share=0.40625% device_global=1 rank=0 local_index=1 offset=1970000 count=32500
    part[2] cum=49.9688% share=24.9375% device_global=2 rank=1 local_index=-1 offset=2002500 count=1995000
    part[3] cum=50.375% share=0.406253% device_global=3 rank=1 local_index=-1 offset=3997500 count=32500
    part[4] cum=74.7812% share=24.4062% device_global=4 rank=2 local_index=-1 offset=4030000 count=1952500
    part[5] cum=75.0625% share=0.28125% device_global=5 rank=2 local_index=-1 offset=5982500 count=22500
    part[6] cum=99.7812% share=24.7188% device_global=6 rank=3 local_index=-1 offset=6005000 count=1977500
    part[7] cum=100% share=0.218749% device_global=7 rank=3 local_index=-1 offset=7982500 count=17500
    total=100%
  CURRENT loads:
    part[0] cum=24.625% share=24.625% device_global=0 rank=0 local_index=0 offset=0 count=1970000
    part[1] cum=25.0312% share=0.40625% device_global=1 rank=0 local_index=1 offset=1970000 count=32500
    part[2] cum=49.9688% share=24.9375% device_global=2 rank=1 local_index=-1 offset=2002500 count=1995000
    part[3] cum=50.375% share=0.406253% device_global=3 rank=1 local_index=-1 offset=3997500 count=32500
    part[4] cum=74.7812% share=24.4062% device_global=4 rank=2 local_index=-1 offset=4030000 count=1952500
    part[5] cum=75.0625% share=0.28125% device_global=5 rank=2 local_index=-1 offset=5982500 count=22500
    part[6] cum=99.7812% share=24.7188% device_global=6 rank=3 local_index=-1 offset=6005000 count=1977500
    part[7] cum=100% share=0.218749% device_global=7 rank=3 local_index=-1 offset=7982500 count=17500
    total=100%

=== PARTICOES FINAIS ===
=== Particoes globais ===
part[0] device_global=0 rank=0 local_index=0 offset=0 count=1970000
part[1] device_global=1 rank=0 local_index=1 offset=1970000 count=32500
part[2] device_global=2 rank=1 local_index=-1 offset=2002500 count=1995000
part[3] device_global=3 rank=1 local_index=-1 offset=3997500 count=32500
part[4] device_global=4 rank=2 local_index=-1 offset=4030000 count=1952500
part[5] device_global=5 rank=2 local_index=-1 offset=5982500 count=22500
part[6] device_global=6 rank=3 local_index=-1 offset=6005000 count=1977500
part[7] device_global=7 rank=3 local_index=-1 offset=7982500 count=17500


============================
ITERACAO 10000
Tempo de execução: 56.7316s
