=== Dispositivos locais do rank 1 ===
global=2 local=0 nome="NVIDIA RTX 2000 Ada Generation" compute_units=22
global=3 local=1 nome="Intel(R) Xeon(R) CPU           E5620  @ 2.40GHz" compute_units=16

=== Dispositivos locais do rank 0 ===
global=0 local=0 nome="NVIDIA RTX 2000 Ada Generation" compute_units=22
global=1 local=1 nome="Intel(R) Xeon(R) CPU           E5620  @ 2.40GHz" compute_units=16

=== Dispositivos locais do rank 3 ===
global=6 local=0 nome="NVIDIA RTX 2000 Ada Generation" compute_units=22
global=7 local=1 nome="Intel(R) Xeon(R) CPU           E5620  @ 2.40GHz" compute_units=16

=== Dispositivos locais do rank 2 ===
global=4 local=0 nome="NVIDIA RTX 2000 Ada Generation" compute_units=22
global=5 local=1 nome="Intel(R) Xeon(R) CPU           E5620  @ 2.40GHz" compute_units=16

=== PARTICOES INICIAIS ===
=== Particoes globais ===
part[0] device_global=0 rank=0 local_index=0 offset=0 count=1000000
part[1] device_global=1 rank=0 local_index=1 offset=1000000 count=1000000
part[2] device_global=2 rank=1 local_index=-1 offset=2000000 count=1000000
part[3] device_global=3 rank=1 local_index=-1 offset=3000000 count=1000000
part[4] device_global=4 rank=2 local_index=-1 offset=4000000 count=1000000
part[5] device_global=5 rank=2 local_index=-1 offset=5000000 count=1000000
part[6] device_global=6 rank=3 local_index=-1 offset=6000000 count=1000000
part[7] device_global=7 rank=3 local_index=-1 offset=7000000 count=1000000

X = 50 Y = 50 Z = 3200 Iterations = 10000
[DCL][balance-metrics] iteration=100
  policy=threshold
  action=rebalance
  reason=accepted by fixed threshold; diff=0.248858, threshold=0.0003125
  T_compute_interval_s=5.40486
  T_comm_interval_s=5.10259
  T_balance_total_s=0.299488
  T_rebalance_apply_s=0.0813688
  T_compute_accum_s=5.40486
  T_comm_accum_s=5.10259
  T_balance_accum_s=0.299488
  T_rebalance_apply_accum_s=0.0813688
  device_times_s:
    part[0]=0.0484922
    part[1]=3.02291
    part[2]=0.0482444
    part[3]=3.05425
    part[4]=0.0492244
    part[5]=4.31767
    part[6]=0.049152
    part[7]=5.40486
  OLD loads:
    part[0] cum=12.5% share=12.5% device_global=0 rank=0 local_index=0 offset=0 count=1985000
    part[1] cum=25% share=12.5% device_global=1 rank=0 local_index=1 offset=1985000 count=32500
    part[2] cum=37.5% share=12.5% device_global=2 rank=1 local_index=-1 offset=2017500 count=1995000
    part[3] cum=50% share=12.5% device_global=3 rank=1 local_index=-1 offset=4012500 count=32500
    part[4] cum=62.5% share=12.5% device_global=4 rank=2 local_index=-1 offset=4045000 count=1955000
    part[5] cum=75% share=12.5% device_global=5 rank=2 local_index=-1 offset=6000000 count=22500
    part[6] cum=87.5% share=12.5% device_global=6 rank=3 local_index=-1 offset=6022500 count=1960000
    part[7] cum=100% share=12.5% device_global=7 rank=3 local_index=-1 offset=7982500 count=17500
    total=100%
  PROPOSED loads:
    part[0] cum=24.8125% share=24.8125% device_global=0 rank=0 local_index=0 offset=0 count=1985000
    part[1] cum=25.2188% share=0.406249% device_global=1 rank=0 local_index=1 offset=1985000 count=32500
    part[2] cum=50.1562% share=24.9375% device_global=2 rank=1 local_index=-1 offset=2017500 count=1995000
    part[3] cum=50.5625% share=0.406253% device_global=3 rank=1 local_index=-1 offset=4012500 count=32500
    part[4] cum=75% share=24.4375% device_global=4 rank=2 local_index=-1 offset=4045000 count=1955000
    part[5] cum=75.2812% share=0.28125% device_global=5 rank=2 local_index=-1 offset=6000000 count=22500
    part[6] cum=99.7812% share=24.5% device_global=6 rank=3 local_index=-1 offset=6022500 count=1960000
    part[7] cum=100% share=0.218749% device_global=7 rank=3 local_index=-1 offset=7982500 count=17500
    total=100%
  CURRENT loads:
    part[0] cum=24.8125% share=24.8125% device_global=0 rank=0 local_index=0 offset=0 count=1985000
    part[1] cum=25.2188% share=0.406249% device_global=1 rank=0 local_index=1 offset=1985000 count=32500
    part[2] cum=50.1562% share=24.9375% device_global=2 rank=1 local_index=-1 offset=2017500 count=1995000
    part[3] cum=50.5625% share=0.406253% device_global=3 rank=1 local_index=-1 offset=4012500 count=32500
    part[4] cum=75% share=24.4375% device_global=4 rank=2 local_index=-1 offset=4045000 count=1955000
    part[5] cum=75.2812% share=0.28125% device_global=5 rank=2 local_index=-1 offset=6000000 count=22500
    part[6] cum=99.7812% share=24.5% device_global=6 rank=3 local_index=-1 offset=6022500 count=1960000
    part[7] cum=100% share=0.218749% device_global=7 rank=3 local_index=-1 offset=7982500 count=17500
    total=100%
[DCL][balance-metrics] iteration=1100
  policy=scheduled
  action=skip
  reason=static balance already attempted
  T_compute_interval_s=1.45017
  T_comm_interval_s=4.21706
  T_balance_total_s=0
  T_rebalance_apply_s=0
  T_compute_accum_s=6.85503
  T_comm_accum_s=9.31965
  T_balance_accum_s=0.299488
  T_rebalance_apply_accum_s=0.0813688
  device_times_s:
    part[0]=0.940934
    part[1]=0.977663
    part[2]=0.946296
    part[3]=1.15834
    part[4]=0.929916
    part[5]=1.45017
    part[6]=0.930013
    part[7]=1.38173
  OLD loads:
    part[0] cum=24.8125% share=24.8125% device_global=0 rank=0 local_index=0 offset=0 count=1985000
    part[1] cum=25.2188% share=0.406249% device_global=1 rank=0 local_index=1 offset=1985000 count=32500
    part[2] cum=50.1562% share=24.9375% device_global=2 rank=1 local_index=-1 offset=2017500 count=1995000
    part[3] cum=50.5625% share=0.406253% device_global=3 rank=1 local_index=-1 offset=4012500 count=32500
    part[4] cum=75% share=24.4375% device_global=4 rank=2 local_index=-1 offset=4045000 count=1955000
    part[5] cum=75.2812% share=0.28125% device_global=5 rank=2 local_index=-1 offset=6000000 count=22500
    part[6] cum=99.7812% share=24.5% device_global=6 rank=3 local_index=-1 offset=6022500 count=1960000
    part[7] cum=100% share=0.218749% device_global=7 rank=3 local_index=-1 offset=7982500 count=17500
    total=100%
  CURRENT loads:
    part[0] cum=24.8125% share=24.8125% device_global=0 rank=0 local_index=0 offset=0 count=1985000
    part[1] cum=25.2188% share=0.406249% device_global=1 rank=0 local_index=1 offset=1985000 count=32500
    part[2] cum=50.1562% share=24.9375% device_global=2 rank=1 local_index=-1 offset=2017500 count=1995000
    part[3] cum=50.5625% share=0.406253% device_global=3 rank=1 local_index=-1 offset=4012500 count=32500
    part[4] cum=75% share=24.4375% device_global=4 rank=2 local_index=-1 offset=4045000 count=1955000
    part[5] cum=75.2812% share=0.28125% device_global=5 rank=2 local_index=-1 offset=6000000 count=22500
    part[6] cum=99.7812% share=24.5% device_global=6 rank=3 local_index=-1 offset=6022500 count=1960000
    part[7] cum=100% share=0.218749% device_global=7 rank=3 local_index=-1 offset=7982500 count=17500
    total=100%
[DCL][balance-metrics] iteration=2100
  policy=scheduled
  action=skip
  reason=static balance already attempted
  T_compute_interval_s=1.25362
  T_comm_interval_s=4.28613
  T_balance_total_s=0
  T_rebalance_apply_s=0
  T_compute_accum_s=8.10865
  T_comm_accum_s=13.6058
  T_balance_accum_s=0.299488
  T_rebalance_apply_accum_s=0.0813688
  device_times_s:
    part[0]=0.940814
    part[1]=0.950505
    part[2]=0.945706
    part[3]=0.989377
    part[4]=0.928247
    part[5]=1.05911
    part[6]=0.929132
    part[7]=1.25362
  OLD loads:
    part[0] cum=24.8125% share=24.8125% device_global=0 rank=0 local_index=0 offset=0 count=1985000
    part[1] cum=25.2188% share=0.406249% device_global=1 rank=0 local_index=1 offset=1985000 count=32500
    part[2] cum=50.1562% share=24.9375% device_global=2 rank=1 local_index=-1 offset=2017500 count=1995000
    part[3] cum=50.5625% share=0.406253% device_global=3 rank=1 local_index=-1 offset=4012500 count=32500
    part[4] cum=75% share=24.4375% device_global=4 rank=2 local_index=-1 offset=4045000 count=1955000
    part[5] cum=75.2812% share=0.28125% device_global=5 rank=2 local_index=-1 offset=6000000 count=22500
    part[6] cum=99.7812% share=24.5% device_global=6 rank=3 local_index=-1 offset=6022500 count=1960000
    part[7] cum=100% share=0.218749% device_global=7 rank=3 local_index=-1 offset=7982500 count=17500
    total=100%
  CURRENT loads:
    part[0] cum=24.8125% share=24.8125% device_global=0 rank=0 local_index=0 offset=0 count=1985000
    part[1] cum=25.2188% share=0.406249% device_global=1 rank=0 local_index=1 offset=1985000 count=32500
    part[2] cum=50.1562% share=24.9375% device_global=2 rank=1 local_index=-1 offset=2017500 count=1995000
    part[3] cum=50.5625% share=0.406253% device_global=3 rank=1 local_index=-1 offset=4012500 count=32500
    part[4] cum=75% share=24.4375% device_global=4 rank=2 local_index=-1 offset=4045000 count=1955000
    part[5] cum=75.2812% share=0.28125% device_global=5 rank=2 local_index=-1 offset=6000000 count=22500
    part[6] cum=99.7812% share=24.5% device_global=6 rank=3 local_index=-1 offset=6022500 count=1960000
    part[7] cum=100% share=0.218749% device_global=7 rank=3 local_index=-1 offset=7982500 count=17500
    total=100%
[DCL][balance-metrics] iteration=3100
  policy=scheduled
  action=skip
  reason=static balance already attempted
  T_compute_interval_s=1.05958
  T_comm_interval_s=4.27913
  T_balance_total_s=0
  T_rebalance_apply_s=0
  T_compute_accum_s=9.16822
  T_comm_accum_s=17.8849
  T_balance_accum_s=0.299488
  T_rebalance_apply_accum_s=0.0813688
  device_times_s:
    part[0]=0.940221
    part[1]=0.929724
    part[2]=0.944987
    part[3]=0.961763
    part[4]=0.928453
    part[5]=0.881823
    part[6]=0.929828
    part[7]=1.05958
  OLD loads:
    part[0] cum=24.8125% share=24.8125% device_global=0 rank=0 local_index=0 offset=0 count=1985000
    part[1] cum=25.2188% share=0.406249% device_global=1 rank=0 local_index=1 offset=1985000 count=32500
    part[2] cum=50.1562% share=24.9375% device_global=2 rank=1 local_index=-1 offset=2017500 count=1995000
    part[3] cum=50.5625% share=0.406253% device_global=3 rank=1 local_index=-1 offset=4012500 count=32500
    part[4] cum=75% share=24.4375% device_global=4 rank=2 local_index=-1 offset=4045000 count=1955000
    part[5] cum=75.2812% share=0.28125% device_global=5 rank=2 local_index=-1 offset=6000000 count=22500
    part[6] cum=99.7812% share=24.5% device_global=6 rank=3 local_index=-1 offset=6022500 count=1960000
    part[7] cum=100% share=0.218749% device_global=7 rank=3 local_index=-1 offset=7982500 count=17500
    total=100%
  CURRENT loads:
    part[0] cum=24.8125% share=24.8125% device_global=0 rank=0 local_index=0 offset=0 count=1985000
    part[1] cum=25.2188% share=0.406249% device_global=1 rank=0 local_index=1 offset=1985000 count=32500
    part[2] cum=50.1562% share=24.9375% device_global=2 rank=1 local_index=-1 offset=2017500 count=1995000
    part[3] cum=50.5625% share=0.406253% device_global=3 rank=1 local_index=-1 offset=4012500 count=32500
    part[4] cum=75% share=24.4375% device_global=4 rank=2 local_index=-1 offset=4045000 count=1955000
    part[5] cum=75.2812% share=0.28125% device_global=5 rank=2 local_index=-1 offset=6000000 count=22500
    part[6] cum=99.7812% share=24.5% device_global=6 rank=3 local_index=-1 offset=6022500 count=1960000
    part[7] cum=100% share=0.218749% device_global=7 rank=3 local_index=-1 offset=7982500 count=17500
    total=100%
[DCL][balance-metrics] iteration=4100
  policy=scheduled
  action=skip
  reason=static balance already attempted
  T_compute_interval_s=0.950255
  T_comm_interval_s=4.33068
  T_balance_total_s=0
  T_rebalance_apply_s=0
  T_compute_accum_s=10.1185
  T_comm_accum_s=22.2156
  T_balance_accum_s=0.299488
  T_rebalance_apply_accum_s=0.0813688
  device_times_s:
    part[0]=0.940393
    part[1]=0.937103
    part[2]=0.945048
    part[3]=0.950255
    part[4]=0.928662
    part[5]=0.818674
    part[6]=0.929396
    part[7]=0.860515
  OLD loads:
    part[0] cum=24.8125% share=24.8125% device_global=0 rank=0 local_index=0 offset=0 count=1985000
    part[1] cum=25.2188% share=0.406249% device_global=1 rank=0 local_index=1 offset=1985000 count=32500
    part[2] cum=50.1562% share=24.9375% device_global=2 rank=1 local_index=-1 offset=2017500 count=1995000
    part[3] cum=50.5625% share=0.406253% device_global=3 rank=1 local_index=-1 offset=4012500 count=32500
    part[4] cum=75% share=24.4375% device_global=4 rank=2 local_index=-1 offset=4045000 count=1955000
    part[5] cum=75.2812% share=0.28125% device_global=5 rank=2 local_index=-1 offset=6000000 count=22500
    part[6] cum=99.7812% share=24.5% device_global=6 rank=3 local_index=-1 offset=6022500 count=1960000
    part[7] cum=100% share=0.218749% device_global=7 rank=3 local_index=-1 offset=7982500 count=17500
    total=100%
  CURRENT loads:
    part[0] cum=24.8125% share=24.8125% device_global=0 rank=0 local_index=0 offset=0 count=1985000
    part[1] cum=25.2188% share=0.406249% device_global=1 rank=0 local_index=1 offset=1985000 count=32500
    part[2] cum=50.1562% share=24.9375% device_global=2 rank=1 local_index=-1 offset=2017500 count=1995000
    part[3] cum=50.5625% share=0.406253% device_global=3 rank=1 local_index=-1 offset=4012500 count=32500
    part[4] cum=75% share=24.4375% device_global=4 rank=2 local_index=-1 offset=4045000 count=1955000
    part[5] cum=75.2812% share=0.28125% device_global=5 rank=2 local_index=-1 offset=6000000 count=22500
    part[6] cum=99.7812% share=24.5% device_global=6 rank=3 local_index=-1 offset=6022500 count=1960000
    part[7] cum=100% share=0.218749% device_global=7 rank=3 local_index=-1 offset=7982500 count=17500
    total=100%
[DCL][balance-metrics] iteration=5100
  policy=scheduled
  action=skip
  reason=static balance already attempted
  T_compute_interval_s=0.948335
  T_comm_interval_s=4.32102
  T_balance_total_s=0
  T_rebalance_apply_s=0
  T_compute_accum_s=11.0668
  T_comm_accum_s=26.5366
  T_balance_accum_s=0.299488
  T_rebalance_apply_accum_s=0.0813688
  device_times_s:
    part[0]=0.939903
    part[1]=0.930258
    part[2]=0.945635
    part[3]=0.948335
    part[4]=0.929194
    part[5]=0.789566
    part[6]=0.929356
    part[7]=0.774212
  OLD loads:
    part[0] cum=24.8125% share=24.8125% device_global=0 rank=0 local_index=0 offset=0 count=1985000
    part[1] cum=25.2188% share=0.406249% device_global=1 rank=0 local_index=1 offset=1985000 count=32500
    part[2] cum=50.1562% share=24.9375% device_global=2 rank=1 local_index=-1 offset=2017500 count=1995000
    part[3] cum=50.5625% share=0.406253% device_global=3 rank=1 local_index=-1 offset=4012500 count=32500
    part[4] cum=75% share=24.4375% device_global=4 rank=2 local_index=-1 offset=4045000 count=1955000
    part[5] cum=75.2812% share=0.28125% device_global=5 rank=2 local_index=-1 offset=6000000 count=22500
    part[6] cum=99.7812% share=24.5% device_global=6 rank=3 local_index=-1 offset=6022500 count=1960000
    part[7] cum=100% share=0.218749% device_global=7 rank=3 local_index=-1 offset=7982500 count=17500
    total=100%
  CURRENT loads:
    part[0] cum=24.8125% share=24.8125% device_global=0 rank=0 local_index=0 offset=0 count=1985000
    part[1] cum=25.2188% share=0.406249% device_global=1 rank=0 local_index=1 offset=1985000 count=32500
    part[2] cum=50.1562% share=24.9375% device_global=2 rank=1 local_index=-1 offset=2017500 count=1995000
    part[3] cum=50.5625% share=0.406253% device_global=3 rank=1 local_index=-1 offset=4012500 count=32500
    part[4] cum=75% share=24.4375% device_global=4 rank=2 local_index=-1 offset=4045000 count=1955000
    part[5] cum=75.2812% share=0.28125% device_global=5 rank=2 local_index=-1 offset=6000000 count=22500
    part[6] cum=99.7812% share=24.5% device_global=6 rank=3 local_index=-1 offset=6022500 count=1960000
    part[7] cum=100% share=0.218749% device_global=7 rank=3 local_index=-1 offset=7982500 count=17500
    total=100%
[DCL][balance-metrics] iteration=6100
  policy=scheduled
  action=skip
  reason=static balance already attempted
  T_compute_interval_s=0.944901
  T_comm_interval_s=4.35416
  T_balance_total_s=0
  T_rebalance_apply_s=0
  T_compute_accum_s=12.0117
  T_comm_accum_s=30.8908
  T_balance_accum_s=0.299488
  T_rebalance_apply_accum_s=0.0813688
  device_times_s:
    part[0]=0.940396
    part[1]=0.939232
    part[2]=0.944901
    part[3]=0.930596
    part[4]=0.928857
    part[5]=0.775997
    part[6]=0.92944
    part[7]=0.727342
  OLD loads:
    part[0] cum=24.8125% share=24.8125% device_global=0 rank=0 local_index=0 offset=0 count=1985000
    part[1] cum=25.2188% share=0.406249% device_global=1 rank=0 local_index=1 offset=1985000 count=32500
    part[2] cum=50.1562% share=24.9375% device_global=2 rank=1 local_index=-1 offset=2017500 count=1995000
    part[3] cum=50.5625% share=0.406253% device_global=3 rank=1 local_index=-1 offset=4012500 count=32500
    part[4] cum=75% share=24.4375% device_global=4 rank=2 local_index=-1 offset=4045000 count=1955000
    part[5] cum=75.2812% share=0.28125% device_global=5 rank=2 local_index=-1 offset=6000000 count=22500
    part[6] cum=99.7812% share=24.5% device_global=6 rank=3 local_index=-1 offset=6022500 count=1960000
    part[7] cum=100% share=0.218749% device_global=7 rank=3 local_index=-1 offset=7982500 count=17500
    total=100%
  CURRENT loads:
    part[0] cum=24.8125% share=24.8125% device_global=0 rank=0 local_index=0 offset=0 count=1985000
    part[1] cum=25.2188% share=0.406249% device_global=1 rank=0 local_index=1 offset=1985000 count=32500
    part[2] cum=50.1562% share=24.9375% device_global=2 rank=1 local_index=-1 offset=2017500 count=1995000
    part[3] cum=50.5625% share=0.406253% device_global=3 rank=1 local_index=-1 offset=4012500 count=32500
    part[4] cum=75% share=24.4375% device_global=4 rank=2 local_index=-1 offset=4045000 count=1955000
    part[5] cum=75.2812% share=0.28125% device_global=5 rank=2 local_index=-1 offset=6000000 count=22500
    part[6] cum=99.7812% share=24.5% device_global=6 rank=3 local_index=-1 offset=6022500 count=1960000
    part[7] cum=100% share=0.218749% device_global=7 rank=3 local_index=-1 offset=7982500 count=17500
    total=100%
[DCL][balance-metrics] iteration=7100
  policy=scheduled
  action=skip
  reason=static balance already attempted
  T_compute_interval_s=0.944961
  T_comm_interval_s=4.35388
  T_balance_total_s=0
  T_rebalance_apply_s=0
  T_compute_accum_s=12.9567
  T_comm_accum_s=35.2447
  T_balance_accum_s=0.299488
  T_rebalance_apply_accum_s=0.0813688
  device_times_s:
    part[0]=0.939553
    part[1]=0.935543
    part[2]=0.944961
    part[3]=0.930182
    part[4]=0.930103
    part[5]=0.746491
    part[6]=0.929593
    part[7]=0.696501
  OLD loads:
    part[0] cum=24.8125% share=24.8125% device_global=0 rank=0 local_index=0 offset=0 count=1985000
    part[1] cum=25.2188% share=0.406249% device_global=1 rank=0 local_index=1 offset=1985000 count=32500
    part[2] cum=50.1562% share=24.9375% device_global=2 rank=1 local_index=-1 offset=2017500 count=1995000
    part[3] cum=50.5625% share=0.406253% device_global=3 rank=1 local_index=-1 offset=4012500 count=32500
    part[4] cum=75% share=24.4375% device_global=4 rank=2 local_index=-1 offset=4045000 count=1955000
    part[5] cum=75.2812% share=0.28125% device_global=5 rank=2 local_index=-1 offset=6000000 count=22500
    part[6] cum=99.7812% share=24.5% device_global=6 rank=3 local_index=-1 offset=6022500 count=1960000
    part[7] cum=100% share=0.218749% device_global=7 rank=3 local_index=-1 offset=7982500 count=17500
    total=100%
  CURRENT loads:
    part[0] cum=24.8125% share=24.8125% device_global=0 rank=0 local_index=0 offset=0 count=1985000
    part[1] cum=25.2188% share=0.406249% device_global=1 rank=0 local_index=1 offset=1985000 count=32500
    part[2] cum=50.1562% share=24.9375% device_global=2 rank=1 local_index=-1 offset=2017500 count=1995000
    part[3] cum=50.5625% share=0.406253% device_global=3 rank=1 local_index=-1 offset=4012500 count=32500
    part[4] cum=75% share=24.4375% device_global=4 rank=2 local_index=-1 offset=4045000 count=1955000
    part[5] cum=75.2812% share=0.28125% device_global=5 rank=2 local_index=-1 offset=6000000 count=22500
    part[6] cum=99.7812% share=24.5% device_global=6 rank=3 local_index=-1 offset=6022500 count=1960000
    part[7] cum=100% share=0.218749% device_global=7 rank=3 local_index=-1 offset=7982500 count=17500
    total=100%
[DCL][balance-metrics] iteration=8100
  policy=scheduled
  action=skip
  reason=static balance already attempted
  T_compute_interval_s=0.94529
  T_comm_interval_s=4.36002
  T_balance_total_s=0
  T_rebalance_apply_s=0
  T_compute_accum_s=13.902
  T_comm_accum_s=39.6047
  T_balance_accum_s=0.299488
  T_rebalance_apply_accum_s=0.0813688
  device_times_s:
    part[0]=0.939549
    part[1]=0.934281
    part[2]=0.94529
    part[3]=0.928995
    part[4]=0.928854
    part[5]=0.733676
    part[6]=0.930099
    part[7]=0.693292
  OLD loads:
    part[0] cum=24.8125% share=24.8125% device_global=0 rank=0 local_index=0 offset=0 count=1985000
    part[1] cum=25.2188% share=0.406249% device_global=1 rank=0 local_index=1 offset=1985000 count=32500
    part[2] cum=50.1562% share=24.9375% device_global=2 rank=1 local_index=-1 offset=2017500 count=1995000
    part[3] cum=50.5625% share=0.406253% device_global=3 rank=1 local_index=-1 offset=4012500 count=32500
    part[4] cum=75% share=24.4375% device_global=4 rank=2 local_index=-1 offset=4045000 count=1955000
    part[5] cum=75.2812% share=0.28125% device_global=5 rank=2 local_index=-1 offset=6000000 count=22500
    part[6] cum=99.7812% share=24.5% device_global=6 rank=3 local_index=-1 offset=6022500 count=1960000
    part[7] cum=100% share=0.218749% device_global=7 rank=3 local_index=-1 offset=7982500 count=17500
    total=100%
  CURRENT loads:
    part[0] cum=24.8125% share=24.8125% device_global=0 rank=0 local_index=0 offset=0 count=1985000
    part[1] cum=25.2188% share=0.406249% device_global=1 rank=0 local_index=1 offset=1985000 count=32500
    part[2] cum=50.1562% share=24.9375% device_global=2 rank=1 local_index=-1 offset=2017500 count=1995000
    part[3] cum=50.5625% share=0.406253% device_global=3 rank=1 local_index=-1 offset=4012500 count=32500
    part[4] cum=75% share=24.4375% device_global=4 rank=2 local_index=-1 offset=4045000 count=1955000
    part[5] cum=75.2812% share=0.28125% device_global=5 rank=2 local_index=-1 offset=6000000 count=22500
    part[6] cum=99.7812% share=24.5% device_global=6 rank=3 local_index=-1 offset=6022500 count=1960000
    part[7] cum=100% share=0.218749% device_global=7 rank=3 local_index=-1 offset=7982500 count=17500
    total=100%
[DCL][balance-metrics] iteration=9100
  policy=scheduled
  action=skip
  reason=static balance already attempted
  T_compute_interval_s=0.94474
  T_comm_interval_s=4.35122
  T_balance_total_s=0
  T_rebalance_apply_s=0
  T_compute_accum_s=14.8467
  T_comm_accum_s=43.9559
  T_balance_accum_s=0.299488
  T_rebalance_apply_accum_s=0.0813688
  device_times_s:
    part[0]=0.940272
    part[1]=0.933164
    part[2]=0.94474
    part[3]=0.927368
    part[4]=0.928431
    part[5]=0.714078
    part[6]=0.930031
    part[7]=0.675023
  OLD loads:
    part[0] cum=24.8125% share=24.8125% device_global=0 rank=0 local_index=0 offset=0 count=1985000
    part[1] cum=25.2188% share=0.406249% device_global=1 rank=0 local_index=1 offset=1985000 count=32500
    part[2] cum=50.1562% share=24.9375% device_global=2 rank=1 local_index=-1 offset=2017500 count=1995000
    part[3] cum=50.5625% share=0.406253% device_global=3 rank=1 local_index=-1 offset=4012500 count=32500
    part[4] cum=75% share=24.4375% device_global=4 rank=2 local_index=-1 offset=4045000 count=1955000
    part[5] cum=75.2812% share=0.28125% device_global=5 rank=2 local_index=-1 offset=6000000 count=22500
    part[6] cum=99.7812% share=24.5% device_global=6 rank=3 local_index=-1 offset=6022500 count=1960000
    part[7] cum=100% share=0.218749% device_global=7 rank=3 local_index=-1 offset=7982500 count=17500
    total=100%
  CURRENT loads:
    part[0] cum=24.8125% share=24.8125% device_global=0 rank=0 local_index=0 offset=0 count=1985000
    part[1] cum=25.2188% share=0.406249% device_global=1 rank=0 local_index=1 offset=1985000 count=32500
    part[2] cum=50.1562% share=24.9375% device_global=2 rank=1 local_index=-1 offset=2017500 count=1995000
    part[3] cum=50.5625% share=0.406253% device_global=3 rank=1 local_index=-1 offset=4012500 count=32500
    part[4] cum=75% share=24.4375% device_global=4 rank=2 local_index=-1 offset=4045000 count=1955000
    part[5] cum=75.2812% share=0.28125% device_global=5 rank=2 local_index=-1 offset=6000000 count=22500
    part[6] cum=99.7812% share=24.5% device_global=6 rank=3 local_index=-1 offset=6022500 count=1960000
    part[7] cum=100% share=0.218749% device_global=7 rank=3 local_index=-1 offset=7982500 count=17500
    total=100%

=== PARTICOES FINAIS ===
=== Particoes globais ===
part[0] device_global=0 rank=0 local_index=0 offset=0 count=1985000
part[1] device_global=1 rank=0 local_index=1 offset=1985000 count=32500
part[2] device_global=2 rank=1 local_index=-1 offset=2017500 count=1995000
part[3] device_global=3 rank=1 local_index=-1 offset=4012500 count=32500
part[4] device_global=4 rank=2 local_index=-1 offset=4045000 count=1955000
part[5] device_global=5 rank=2 local_index=-1 offset=6000000 count=22500
part[6] device_global=6 rank=3 local_index=-1 offset=6022500 count=1960000
part[7] device_global=7 rank=3 local_index=-1 offset=7982500 count=17500


============================
ITERACAO 10000
Tempo de execução: 56.1233s
