=== Dispositivos locais do rank 0 ===
global=0 local=0 nome="NVIDIA RTX 2000 Ada Generation" compute_units=22
global=1 local=1 nome="Intel(R) Xeon(R) CPU           E5620  @ 2.40GHz" compute_units=16

=== Dispositivos locais do rank 1 ===
global=2 local=0 nome="NVIDIA RTX 2000 Ada Generation" compute_units=22
global=3 local=1 nome="Intel(R) Xeon(R) CPU           E5620  @ 2.40GHz" compute_units=16

=== Dispositivos locais do rank 2 ===
global=4 local=0 nome="NVIDIA RTX 2000 Ada Generation" compute_units=22
global=5 local=1 nome="Intel(R) Xeon(R) CPU           E5620  @ 2.40GHz" compute_units=16

=== Dispositivos locais do rank 3 ===
global=6 local=0 nome="NVIDIA RTX 2000 Ada Generation" compute_units=22
global=7 local=1 nome="Intel(R) Xeon(R) CPU           E5620  @ 2.40GHz" compute_units=16

=== PARTICOES INICIAIS ===
=== Particoes globais ===
part[0] device_global=0 rank=0 local_index=0 offset=0 count=1000000
part[1] device_global=1 rank=0 local_index=1 offset=1000000 count=1000000
part[2] device_global=2 rank=1 local_index=-1 offset=2000000 count=1000000
part[3] device_global=3 rank=1 local_index=-1 offset=3000000 count=1000000
part[4] device_global=4 rank=2 local_index=-1 offset=4000000 count=1000000
part[5] device_global=5 rank=2 local_index=-1 offset=5000000 count=1000000
part[6] device_global=6 rank=3 local_index=-1 offset=6000000 count=1000000
part[7] device_global=7 rank=3 local_index=-1 offset=7000000 count=1000000

X = 50 Y = 50 Z = 3200 Iterations = 10000
[DCL][balance-metrics] iteration=100
  policy=threshold
  action=rebalance
  reason=accepted by fixed threshold; diff=0.247732, threshold=0.0003125
  T_compute_interval_s=5.4041
  T_comm_interval_s=5.28291
  T_balance_total_s=0.286904
  T_rebalance_apply_s=0.0692427
  T_compute_accum_s=5.4041
  T_comm_accum_s=5.28291
  T_balance_accum_s=0.286904
  T_rebalance_apply_accum_s=0.0692427
  device_times_s:
    part[0]=0.0488016
    part[1]=3.02064
    part[2]=0.0482564
    part[3]=3.07204
    part[4]=0.0490758
    part[5]=4.27151
    part[6]=0.049158
    part[7]=5.4041
  OLD loads:
    part[0] cum=12.5% share=12.5% device_global=0 rank=0 local_index=0 offset=0 count=1975000
    part[1] cum=25% share=12.5% device_global=1 rank=0 local_index=1 offset=1975000 count=32500
    part[2] cum=37.5% share=12.5% device_global=2 rank=1 local_index=-1 offset=2007500 count=1997500
    part[3] cum=50% share=12.5% device_global=3 rank=1 local_index=-1 offset=4005000 count=30000
    part[4] cum=62.5% share=12.5% device_global=4 rank=2 local_index=-1 offset=4035000 count=1965000
    part[5] cum=75% share=12.5% device_global=5 rank=2 local_index=-1 offset=6000000 count=22500
    part[6] cum=87.5% share=12.5% device_global=6 rank=3 local_index=-1 offset=6022500 count=1960000
    part[7] cum=100% share=12.5% device_global=7 rank=3 local_index=-1 offset=7982500 count=17500
    total=100%
  PROPOSED loads:
    part[0] cum=24.6875% share=24.6875% device_global=0 rank=0 local_index=0 offset=0 count=1975000
    part[1] cum=25.0938% share=0.406249% device_global=1 rank=0 local_index=1 offset=1975000 count=32500
    part[2] cum=50.0625% share=24.9688% device_global=2 rank=1 local_index=-1 offset=2007500 count=1997500
    part[3] cum=50.4375% share=0.374997% device_global=3 rank=1 local_index=-1 offset=4005000 count=30000
    part[4] cum=75% share=24.5625% device_global=4 rank=2 local_index=-1 offset=4035000 count=1965000
    part[5] cum=75.2812% share=0.28125% device_global=5 rank=2 local_index=-1 offset=6000000 count=22500
    part[6] cum=99.7812% share=24.5% device_global=6 rank=3 local_index=-1 offset=6022500 count=1960000
    part[7] cum=100% share=0.218749% device_global=7 rank=3 local_index=-1 offset=7982500 count=17500
    total=100%
  CURRENT loads:
    part[0] cum=24.6875% share=24.6875% device_global=0 rank=0 local_index=0 offset=0 count=1975000
    part[1] cum=25.0938% share=0.406249% device_global=1 rank=0 local_index=1 offset=1975000 count=32500
    part[2] cum=50.0625% share=24.9688% device_global=2 rank=1 local_index=-1 offset=2007500 count=1997500
    part[3] cum=50.4375% share=0.374997% device_global=3 rank=1 local_index=-1 offset=4005000 count=30000
    part[4] cum=75% share=24.5625% device_global=4 rank=2 local_index=-1 offset=4035000 count=1965000
    part[5] cum=75.2812% share=0.28125% device_global=5 rank=2 local_index=-1 offset=6000000 count=22500
    part[6] cum=99.7812% share=24.5% device_global=6 rank=3 local_index=-1 offset=6022500 count=1960000
    part[7] cum=100% share=0.218749% device_global=7 rank=3 local_index=-1 offset=7982500 count=17500
    total=100%
[DCL][balance-metrics] iteration=1100
  policy=threshold
  action=rebalance
  reason=accepted by fixed threshold; diff=0.00356304, threshold=0.0003125
  T_compute_interval_s=1.44341
  T_comm_interval_s=4.22006
  T_balance_total_s=0.0376892
  T_rebalance_apply_s=0.019561
  T_compute_accum_s=6.84751
  T_comm_accum_s=9.50298
  T_balance_accum_s=0.324593
  T_rebalance_apply_accum_s=0.0888037
  device_times_s:
    part[0]=0.937845
    part[1]=0.977102
    part[2]=0.946123
    part[3]=1.07749
    part[4]=0.933533
    part[5]=1.44341
    part[6]=0.929688
    part[7]=1.37742
  OLD loads:
    part[0] cum=24.6875% share=24.6875% device_global=0 rank=0 local_index=0 offset=0 count=1977500
    part[1] cum=25.0938% share=0.406249% device_global=1 rank=0 local_index=1 offset=1977500 count=30000
    part[2] cum=50.0625% share=24.9688% device_global=2 rank=1 local_index=-1 offset=2007500 count=1982500
    part[3] cum=50.4375% share=0.374997% device_global=3 rank=1 local_index=-1 offset=3990000 count=27500
    part[4] cum=75% share=24.5625% device_global=4 rank=2 local_index=-1 offset=4017500 count=1977500
    part[5] cum=75.2812% share=0.28125% device_global=5 rank=2 local_index=-1 offset=5995000 count=12500
    part[6] cum=99.7812% share=24.5% device_global=6 rank=3 local_index=-1 offset=6007500 count=1980000
    part[7] cum=100% share=0.218749% device_global=7 rank=3 local_index=-1 offset=7987500 count=12500
    total=100%
  PROPOSED loads:
    part[0] cum=24.7188% share=24.7188% device_global=0 rank=0 local_index=0 offset=0 count=1977500
    part[1] cum=25.0938% share=0.375% device_global=1 rank=0 local_index=1 offset=1977500 count=30000
    part[2] cum=49.875% share=24.7812% device_global=2 rank=1 local_index=-1 offset=2007500 count=1982500
    part[3] cum=50.2188% share=0.343749% device_global=3 rank=1 local_index=-1 offset=3990000 count=27500
    part[4] cum=74.9375% share=24.7188% device_global=4 rank=2 local_index=-1 offset=4017500 count=1977500
    part[5] cum=75.0938% share=0.156254% device_global=5 rank=2 local_index=-1 offset=5995000 count=12500
    part[6] cum=99.8438% share=24.75% device_global=6 rank=3 local_index=-1 offset=6007500 count=1980000
    part[7] cum=100% share=0.156248% device_global=7 rank=3 local_index=-1 offset=7987500 count=12500
    total=100%
  CURRENT loads:
    part[0] cum=24.7188% share=24.7188% device_global=0 rank=0 local_index=0 offset=0 count=1977500
    part[1] cum=25.0938% share=0.375% device_global=1 rank=0 local_index=1 offset=1977500 count=30000
    part[2] cum=49.875% share=24.7812% device_global=2 rank=1 local_index=-1 offset=2007500 count=1982500
    part[3] cum=50.2188% share=0.343749% device_global=3 rank=1 local_index=-1 offset=3990000 count=27500
    part[4] cum=74.9375% share=24.7188% device_global=4 rank=2 local_index=-1 offset=4017500 count=1977500
    part[5] cum=75.0938% share=0.156254% device_global=5 rank=2 local_index=-1 offset=5995000 count=12500
    part[6] cum=99.8438% share=24.75% device_global=6 rank=3 local_index=-1 offset=6007500 count=1980000
    part[7] cum=100% share=0.156248% device_global=7 rank=3 local_index=-1 offset=7987500 count=12500
    total=100%
[DCL][balance-metrics] iteration=2100
  policy=threshold
  action=rebalance
  reason=accepted by fixed threshold; diff=0.00098823, threshold=0.0003125
  T_compute_interval_s=0.939355
  T_comm_interval_s=4.27591
  T_balance_total_s=0.0180023
  T_rebalance_apply_s=0.00360416
  T_compute_accum_s=7.78686
  T_comm_accum_s=13.7789
  T_balance_accum_s=0.342596
  T_rebalance_apply_accum_s=0.0924079
  device_times_s:
    part[0]=0.938595
    part[1]=0.891912
    part[2]=0.939355
    part[3]=0.878714
    part[4]=0.938569
    part[5]=0.694179
    part[6]=0.938001
    part[7]=0.935293
  OLD loads:
    part[0] cum=24.7188% share=24.7188% device_global=0 rank=0 local_index=0 offset=0 count=1975000
    part[1] cum=25.0938% share=0.375% device_global=1 rank=0 local_index=1 offset=1975000 count=32500
    part[2] cum=49.875% share=24.7812% device_global=2 rank=1 local_index=-1 offset=2007500 count=1977500
    part[3] cum=50.2188% share=0.343749% device_global=3 rank=1 local_index=-1 offset=3985000 count=30000
    part[4] cum=74.9375% share=24.7188% device_global=4 rank=2 local_index=-1 offset=4015000 count=1975000
    part[5] cum=75.0938% share=0.156254% device_global=5 rank=2 local_index=-1 offset=5990000 count=17500
    part[6] cum=99.8438% share=24.75% device_global=6 rank=3 local_index=-1 offset=6007500 count=1980000
    part[7] cum=100% share=0.156248% device_global=7 rank=3 local_index=-1 offset=7987500 count=12500
    total=100%
  PROPOSED loads:
    part[0] cum=24.6875% share=24.6875% device_global=0 rank=0 local_index=0 offset=0 count=1975000
    part[1] cum=25.0938% share=0.406249% device_global=1 rank=0 local_index=1 offset=1975000 count=32500
    part[2] cum=49.8125% share=24.7188% device_global=2 rank=1 local_index=-1 offset=2007500 count=1977500
    part[3] cum=50.1875% share=0.375% device_global=3 rank=1 local_index=-1 offset=3985000 count=30000
    part[4] cum=74.875% share=24.6875% device_global=4 rank=2 local_index=-1 offset=4015000 count=1975000
    part[5] cum=75.0938% share=0.218755% device_global=5 rank=2 local_index=-1 offset=5990000 count=17500
    part[6] cum=99.8438% share=24.75% device_global=6 rank=3 local_index=-1 offset=6007500 count=1980000
    part[7] cum=100% share=0.156248% device_global=7 rank=3 local_index=-1 offset=7987500 count=12500
    total=100%
  CURRENT loads:
    part[0] cum=24.6875% share=24.6875% device_global=0 rank=0 local_index=0 offset=0 count=1975000
    part[1] cum=25.0938% share=0.406249% device_global=1 rank=0 local_index=1 offset=1975000 count=32500
    part[2] cum=49.8125% share=24.7188% device_global=2 rank=1 local_index=-1 offset=2007500 count=1977500
    part[3] cum=50.1875% share=0.375% device_global=3 rank=1 local_index=-1 offset=3985000 count=30000
    part[4] cum=74.875% share=24.6875% device_global=4 rank=2 local_index=-1 offset=4015000 count=1975000
    part[5] cum=75.0938% share=0.218755% device_global=5 rank=2 local_index=-1 offset=5990000 count=17500
    part[6] cum=99.8438% share=24.75% device_global=6 rank=3 local_index=-1 offset=6007500 count=1980000
    part[7] cum=100% share=0.156248% device_global=7 rank=3 local_index=-1 offset=7987500 count=12500
    total=100%
[DCL][balance-metrics] iteration=3100
  policy=threshold
  action=rebalance
  reason=accepted by fixed threshold; diff=0.000698734, threshold=0.0003125
  T_compute_interval_s=0.93802
  T_comm_interval_s=4.23219
  T_balance_total_s=0.0188391
  T_rebalance_apply_s=0.00333526
  T_compute_accum_s=8.72488
  T_comm_accum_s=18.0111
  T_balance_accum_s=0.361435
  T_rebalance_apply_accum_s=0.0957431
  device_times_s:
    part[0]=0.937706
    part[1]=0.929333
    part[2]=0.936043
    part[3]=0.905662
    part[4]=0.937461
    part[5]=0.738115
    part[6]=0.93802
    part[7]=0.774084
  OLD loads:
    part[0] cum=24.6875% share=24.6875% device_global=0 rank=0 local_index=0 offset=0 count=1972500
    part[1] cum=25.0938% share=0.406249% device_global=1 rank=0 local_index=1 offset=1972500 count=32500
    part[2] cum=49.8125% share=24.7188% device_global=2 rank=1 local_index=-1 offset=2005000 count=1977500
    part[3] cum=50.1875% share=0.375% device_global=3 rank=1 local_index=-1 offset=3982500 count=32500
    part[4] cum=74.875% share=24.6875% device_global=4 rank=2 local_index=-1 offset=4015000 count=1972500
    part[5] cum=75.0938% share=0.218755% device_global=5 rank=2 local_index=-1 offset=5987500 count=20000
    part[6] cum=99.8438% share=24.75% device_global=6 rank=3 local_index=-1 offset=6007500 count=1977500
    part[7] cum=100% share=0.156248% device_global=7 rank=3 local_index=-1 offset=7985000 count=15000
    total=100%
  PROPOSED loads:
    part[0] cum=24.6562% share=24.6562% device_global=0 rank=0 local_index=0 offset=0 count=1972500
    part[1] cum=25.0625% share=0.406252% device_global=1 rank=0 local_index=1 offset=1972500 count=32500
    part[2] cum=49.7812% share=24.7188% device_global=2 rank=1 local_index=-1 offset=2005000 count=1977500
    part[3] cum=50.1875% share=0.406247% device_global=3 rank=1 local_index=-1 offset=3982500 count=32500
    part[4] cum=74.8438% share=24.6563% device_global=4 rank=2 local_index=-1 offset=4015000 count=1972500
    part[5] cum=75.0938% share=0.25% device_global=5 rank=2 local_index=-1 offset=5987500 count=20000
    part[6] cum=99.8125% share=24.7188% device_global=6 rank=3 local_index=-1 offset=6007500 count=1977500
    part[7] cum=100% share=0.187498% device_global=7 rank=3 local_index=-1 offset=7985000 count=15000
    total=100%
  CURRENT loads:
    part[0] cum=24.6562% share=24.6562% device_global=0 rank=0 local_index=0 offset=0 count=1972500
    part[1] cum=25.0625% share=0.406252% device_global=1 rank=0 local_index=1 offset=1972500 count=32500
    part[2] cum=49.7812% share=24.7188% device_global=2 rank=1 local_index=-1 offset=2005000 count=1977500
    part[3] cum=50.1875% share=0.406247% device_global=3 rank=1 local_index=-1 offset=3982500 count=32500
    part[4] cum=74.8438% share=24.6563% device_global=4 rank=2 local_index=-1 offset=4015000 count=1972500
    part[5] cum=75.0938% share=0.25% device_global=5 rank=2 local_index=-1 offset=5987500 count=20000
    part[6] cum=99.8125% share=24.7188% device_global=6 rank=3 local_index=-1 offset=6007500 count=1977500
    part[7] cum=100% share=0.187498% device_global=7 rank=3 local_index=-1 offset=7985000 count=15000
    total=100%
[DCL][balance-metrics] iteration=4100
  policy=threshold
  action=rebalance
  reason=accepted by fixed threshold; diff=0.00125003, threshold=0.0003125
  T_compute_interval_s=0.959784
  T_comm_interval_s=4.27136
  T_balance_total_s=0.0207054
  T_rebalance_apply_s=0.00494461
  T_compute_accum_s=9.68467
  T_comm_accum_s=22.2824
  T_balance_accum_s=0.38214
  T_rebalance_apply_accum_s=0.100688
  device_times_s:
    part[0]=0.935681
    part[1]=0.929895
    part[2]=0.936662
    part[3]=0.959784
    part[4]=0.93742
    part[5]=0.746289
    part[6]=0.936885
    part[7]=0.728555
  OLD loads:
    part[0] cum=24.6562% share=24.6562% device_global=0 rank=0 local_index=0 offset=0 count=1972500
    part[1] cum=25.0625% share=0.406252% device_global=1 rank=0 local_index=1 offset=1972500 count=32500
    part[2] cum=49.7812% share=24.7188% device_global=2 rank=1 local_index=-1 offset=2005000 count=1975000
    part[3] cum=50.1875% share=0.406247% device_global=3 rank=1 local_index=-1 offset=3980000 count=32500
    part[4] cum=74.8438% share=24.6563% device_global=4 rank=2 local_index=-1 offset=4012500 count=1967500
    part[5] cum=75.0938% share=0.25% device_global=5 rank=2 local_index=-1 offset=5980000 count=25000
    part[6] cum=99.8125% share=24.7188% device_global=6 rank=3 local_index=-1 offset=6005000 count=1975000
    part[7] cum=100% share=0.187498% device_global=7 rank=3 local_index=-1 offset=7980000 count=20000
    total=100%
  PROPOSED loads:
    part[0] cum=24.6562% share=24.6562% device_global=0 rank=0 local_index=0 offset=0 count=1972500
    part[1] cum=25.0625% share=0.406252% device_global=1 rank=0 local_index=1 offset=1972500 count=32500
    part[2] cum=49.75% share=24.6875% device_global=2 rank=1 local_index=-1 offset=2005000 count=1975000
    part[3] cum=50.1562% share=0.406247% device_global=3 rank=1 local_index=-1 offset=3980000 count=32500
    part[4] cum=74.75% share=24.5938% device_global=4 rank=2 local_index=-1 offset=4012500 count=1967500
    part[5] cum=75.0625% share=0.312501% device_global=5 rank=2 local_index=-1 offset=5980000 count=25000
    part[6] cum=99.75% share=24.6875% device_global=6 rank=3 local_index=-1 offset=6005000 count=1975000
    part[7] cum=100% share=0.25% device_global=7 rank=3 local_index=-1 offset=7980000 count=20000
    total=100%
  CURRENT loads:
    part[0] cum=24.6562% share=24.6562% device_global=0 rank=0 local_index=0 offset=0 count=1972500
    part[1] cum=25.0625% share=0.406252% device_global=1 rank=0 local_index=1 offset=1972500 count=32500
    part[2] cum=49.75% share=24.6875% device_global=2 rank=1 local_index=-1 offset=2005000 count=1975000
    part[3] cum=50.1562% share=0.406247% device_global=3 rank=1 local_index=-1 offset=3980000 count=32500
    part[4] cum=74.75% share=24.5938% device_global=4 rank=2 local_index=-1 offset=4012500 count=1967500
    part[5] cum=75.0625% share=0.312501% device_global=5 rank=2 local_index=-1 offset=5980000 count=25000
    part[6] cum=99.75% share=24.6875% device_global=6 rank=3 local_index=-1 offset=6005000 count=1975000
    part[7] cum=100% share=0.25% device_global=7 rank=3 local_index=-1 offset=7980000 count=20000
    total=100%
[DCL][balance-metrics] iteration=5100
  policy=threshold
  action=rebalance
  reason=accepted by fixed threshold; diff=0.00108252, threshold=0.0003125
  T_compute_interval_s=0.938171
  T_comm_interval_s=4.27855
  T_balance_total_s=0.0228898
  T_rebalance_apply_s=0.00664419
  T_compute_accum_s=10.6228
  T_comm_accum_s=26.561
  T_balance_accum_s=0.40503
  T_rebalance_apply_accum_s=0.107332
  device_times_s:
    part[0]=0.936554
    part[1]=0.938171
    part[2]=0.935791
    part[3]=0.935953
    part[4]=0.933979
    part[5]=0.838646
    part[6]=0.936013
    part[7]=0.827295
  OLD loads:
    part[0] cum=24.6562% share=24.6562% device_global=0 rank=0 local_index=0 offset=0 count=1970000
    part[1] cum=25.0625% share=0.406252% device_global=1 rank=0 local_index=1 offset=1970000 count=32500
    part[2] cum=49.75% share=24.6875% device_global=2 rank=1 local_index=-1 offset=2002500 count=1972500
    part[3] cum=50.1562% share=0.406247% device_global=3 rank=1 local_index=-1 offset=3975000 count=32500
    part[4] cum=74.75% share=24.5938% device_global=4 rank=2 local_index=-1 offset=4007500 count=1970000
    part[5] cum=75.0625% share=0.312501% device_global=5 rank=2 local_index=-1 offset=5977500 count=27500
    part[6] cum=99.75% share=24.6875% device_global=6 rank=3 local_index=-1 offset=6005000 count=1972500
    part[7] cum=100% share=0.25% device_global=7 rank=3 local_index=-1 offset=7977500 count=22500
    total=100%
  PROPOSED loads:
    part[0] cum=24.625% share=24.625% device_global=0 rank=0 local_index=0 offset=0 count=1970000
    part[1] cum=25.0312% share=0.40625% device_global=1 rank=0 local_index=1 offset=1970000 count=32500
    part[2] cum=49.6875% share=24.6562% device_global=2 rank=1 local_index=-1 offset=2002500 count=1972500
    part[3] cum=50.0938% share=0.406253% device_global=3 rank=1 local_index=-1 offset=3975000 count=32500
    part[4] cum=74.7188% share=24.625% device_global=4 rank=2 local_index=-1 offset=4007500 count=1970000
    part[5] cum=75.0625% share=0.343752% device_global=5 rank=2 local_index=-1 offset=5977500 count=27500
    part[6] cum=99.7188% share=24.6562% device_global=6 rank=3 local_index=-1 offset=6005000 count=1972500
    part[7] cum=100% share=0.28125% device_global=7 rank=3 local_index=-1 offset=7977500 count=22500
    total=100%
  CURRENT loads:
    part[0] cum=24.625% share=24.625% device_global=0 rank=0 local_index=0 offset=0 count=1970000
    part[1] cum=25.0312% share=0.40625% device_global=1 rank=0 local_index=1 offset=1970000 count=32500
    part[2] cum=49.6875% share=24.6562% device_global=2 rank=1 local_index=-1 offset=2002500 count=1972500
    part[3] cum=50.0938% share=0.406253% device_global=3 rank=1 local_index=-1 offset=3975000 count=32500
    part[4] cum=74.7188% share=24.625% device_global=4 rank=2 local_index=-1 offset=4007500 count=1970000
    part[5] cum=75.0625% share=0.343752% device_global=5 rank=2 local_index=-1 offset=5977500 count=27500
    part[6] cum=99.7188% share=24.6562% device_global=6 rank=3 local_index=-1 offset=6005000 count=1972500
    part[7] cum=100% share=0.28125% device_global=7 rank=3 local_index=-1 offset=7977500 count=22500
    total=100%
[DCL][balance-metrics] iteration=6100
  policy=threshold
  action=rebalance
  reason=accepted by fixed threshold; diff=0.000826805, threshold=0.0003125
  T_compute_interval_s=0.942893
  T_comm_interval_s=4.30409
  T_balance_total_s=0.0213712
  T_rebalance_apply_s=0.0058689
  T_compute_accum_s=11.5657
  T_comm_accum_s=30.8651
  T_balance_accum_s=0.426401
  T_rebalance_apply_accum_s=0.113201
  device_times_s:
    part[0]=0.935382
    part[1]=0.942893
    part[2]=0.935174
    part[3]=0.938976
    part[4]=0.93508
    part[5]=0.884394
    part[6]=0.93452
    part[7]=0.873868
  OLD loads:
    part[0] cum=24.625% share=24.625% device_global=0 rank=0 local_index=0 offset=0 count=1967500
    part[1] cum=25.0312% share=0.40625% device_global=1 rank=0 local_index=1 offset=1967500 count=32500
    part[2] cum=49.6875% share=24.6562% device_global=2 rank=1 local_index=-1 offset=2000000 count=1972500
    part[3] cum=50.0938% share=0.406253% device_global=3 rank=1 local_index=-1 offset=3972500 count=32500
    part[4] cum=74.7188% share=24.625% device_global=4 rank=2 local_index=-1 offset=4005000 count=1970000
    part[5] cum=75.0625% share=0.343752% device_global=5 rank=2 local_index=-1 offset=5975000 count=27500
    part[6] cum=99.7188% share=24.6562% device_global=6 rank=3 local_index=-1 offset=6002500 count=1972500
    part[7] cum=100% share=0.28125% device_global=7 rank=3 local_index=-1 offset=7975000 count=25000
    total=100%
  PROPOSED loads:
    part[0] cum=24.5938% share=24.5938% device_global=0 rank=0 local_index=0 offset=0 count=1967500
    part[1] cum=25% share=0.40625% device_global=1 rank=0 local_index=1 offset=1967500 count=32500
    part[2] cum=49.6562% share=24.6563% device_global=2 rank=1 local_index=-1 offset=2000000 count=1972500
    part[3] cum=50.0625% share=0.40625% device_global=3 rank=1 local_index=-1 offset=3972500 count=32500
    part[4] cum=74.6875% share=24.625% device_global=4 rank=2 local_index=-1 offset=4005000 count=1970000
    part[5] cum=75.0312% share=0.343752% device_global=5 rank=2 local_index=-1 offset=5975000 count=27500
    part[6] cum=99.6875% share=24.6562% device_global=6 rank=3 local_index=-1 offset=6002500 count=1972500
    part[7] cum=100% share=0.312501% device_global=7 rank=3 local_index=-1 offset=7975000 count=25000
    total=100%
  CURRENT loads:
    part[0] cum=24.5938% share=24.5938% device_global=0 rank=0 local_index=0 offset=0 count=1967500
    part[1] cum=25% share=0.40625% device_global=1 rank=0 local_index=1 offset=1967500 count=32500
    part[2] cum=49.6562% share=24.6563% device_global=2 rank=1 local_index=-1 offset=2000000 count=1972500
    part[3] cum=50.0625% share=0.40625% device_global=3 rank=1 local_index=-1 offset=3972500 count=32500
    part[4] cum=74.6875% share=24.625% device_global=4 rank=2 local_index=-1 offset=4005000 count=1970000
    part[5] cum=75.0312% share=0.343752% device_global=5 rank=2 local_index=-1 offset=5975000 count=27500
    part[6] cum=99.6875% share=24.6562% device_global=6 rank=3 local_index=-1 offset=6002500 count=1972500
    part[7] cum=100% share=0.312501% device_global=7 rank=3 local_index=-1 offset=7975000 count=25000
    total=100%
[DCL][balance-metrics] iteration=7100
  policy=threshold
  action=rebalance
  reason=accepted by fixed threshold; diff=0.000625014, threshold=0.0003125
  T_compute_interval_s=0.934828
  T_comm_interval_s=4.22764
  T_balance_total_s=0.0196973
  T_rebalance_apply_s=0.00276611
  T_compute_accum_s=12.5006
  T_comm_accum_s=35.0927
  T_balance_accum_s=0.446098
  T_rebalance_apply_accum_s=0.115967
  device_times_s:
    part[0]=0.93424
    part[1]=0.933121
    part[2]=0.934487
    part[3]=0.924705
    part[4]=0.934141
    part[5]=0.862151
    part[6]=0.934828
    part[7]=0.886981
  OLD loads:
    part[0] cum=24.5938% share=24.5938% device_global=0 rank=0 local_index=0 offset=0 count=1967500
    part[1] cum=25% share=0.40625% device_global=1 rank=0 local_index=1 offset=1967500 count=32500
    part[2] cum=49.6562% share=24.6563% device_global=2 rank=1 local_index=-1 offset=2000000 count=1970000
    part[3] cum=50.0625% share=0.40625% device_global=3 rank=1 local_index=-1 offset=3970000 count=32500
    part[4] cum=74.6875% share=24.625% device_global=4 rank=2 local_index=-1 offset=4002500 count=1970000
    part[5] cum=75.0312% share=0.343752% device_global=5 rank=2 local_index=-1 offset=5972500 count=30000
    part[6] cum=99.6875% share=24.6562% device_global=6 rank=3 local_index=-1 offset=6002500 count=1970000
    part[7] cum=100% share=0.312501% device_global=7 rank=3 local_index=-1 offset=7972500 count=27500
    total=100%
  PROPOSED loads:
    part[0] cum=24.5938% share=24.5938% device_global=0 rank=0 local_index=0 offset=0 count=1967500
    part[1] cum=25% share=0.40625% device_global=1 rank=0 local_index=1 offset=1967500 count=32500
    part[2] cum=49.625% share=24.625% device_global=2 rank=1 local_index=-1 offset=2000000 count=1970000
    part[3] cum=50.0312% share=0.40625% device_global=3 rank=1 local_index=-1 offset=3970000 count=32500
    part[4] cum=74.6562% share=24.625% device_global=4 rank=2 local_index=-1 offset=4002500 count=1970000
    part[5] cum=75.0312% share=0.375003% device_global=5 rank=2 local_index=-1 offset=5972500 count=30000
    part[6] cum=99.6562% share=24.625% device_global=6 rank=3 local_index=-1 offset=6002500 count=1970000
    part[7] cum=100% share=0.343752% device_global=7 rank=3 local_index=-1 offset=7972500 count=27500
    total=100%
  CURRENT loads:
    part[0] cum=24.5938% share=24.5938% device_global=0 rank=0 local_index=0 offset=0 count=1967500
    part[1] cum=25% share=0.40625% device_global=1 rank=0 local_index=1 offset=1967500 count=32500
    part[2] cum=49.625% share=24.625% device_global=2 rank=1 local_index=-1 offset=2000000 count=1970000
    part[3] cum=50.0312% share=0.40625% device_global=3 rank=1 local_index=-1 offset=3970000 count=32500
    part[4] cum=74.6562% share=24.625% device_global=4 rank=2 local_index=-1 offset=4002500 count=1970000
    part[5] cum=75.0312% share=0.375003% device_global=5 rank=2 local_index=-1 offset=5972500 count=30000
    part[6] cum=99.6562% share=24.625% device_global=6 rank=3 local_index=-1 offset=6002500 count=1970000
    part[7] cum=100% share=0.343752% device_global=7 rank=3 local_index=-1 offset=7972500 count=27500
    total=100%
[DCL][balance-metrics] iteration=8100
  policy=threshold
  action=skip
  reason=new partition identical
  T_compute_interval_s=0.935778
  T_comm_interval_s=4.25469
  T_balance_total_s=0.0155256
  T_rebalance_apply_s=0
  T_compute_accum_s=13.4363
  T_comm_accum_s=39.3474
  T_balance_accum_s=0.461624
  T_rebalance_apply_accum_s=0.115967
  device_times_s:
    part[0]=0.933887
    part[1]=0.935778
    part[2]=0.933498
    part[3]=0.934779
    part[4]=0.934252
    part[5]=0.915464
    part[6]=0.933815
    part[7]=0.933802
  OLD loads:
    part[0] cum=24.5938% share=24.5938% device_global=0 rank=0 local_index=0 offset=0 count=1967500
    part[1] cum=25% share=0.40625% device_global=1 rank=0 local_index=1 offset=1967500 count=32500
    part[2] cum=49.625% share=24.625% device_global=2 rank=1 local_index=-1 offset=2000000 count=1970000
    part[3] cum=50.0312% share=0.40625% device_global=3 rank=1 local_index=-1 offset=3970000 count=32500
    part[4] cum=74.6562% share=24.625% device_global=4 rank=2 local_index=-1 offset=4002500 count=1970000
    part[5] cum=75.0312% share=0.375003% device_global=5 rank=2 local_index=-1 offset=5972500 count=30000
    part[6] cum=99.6562% share=24.625% device_global=6 rank=3 local_index=-1 offset=6002500 count=1970000
    part[7] cum=100% share=0.343752% device_global=7 rank=3 local_index=-1 offset=7972500 count=27500
    total=100%
  PROPOSED loads:
    part[0] cum=24.5938% share=24.5938% device_global=0 rank=0 local_index=0 offset=0 count=1967500
    part[1] cum=25% share=0.40625% device_global=1 rank=0 local_index=1 offset=1967500 count=32500
    part[2] cum=49.625% share=24.625% device_global=2 rank=1 local_index=-1 offset=2000000 count=1970000
    part[3] cum=50.0312% share=0.40625% device_global=3 rank=1 local_index=-1 offset=3970000 count=32500
    part[4] cum=74.6562% share=24.625% device_global=4 rank=2 local_index=-1 offset=4002500 count=1970000
    part[5] cum=75.0312% share=0.375003% device_global=5 rank=2 local_index=-1 offset=5972500 count=30000
    part[6] cum=99.6562% share=24.625% device_global=6 rank=3 local_index=-1 offset=6002500 count=1970000
    part[7] cum=100% share=0.343752% device_global=7 rank=3 local_index=-1 offset=7972500 count=27500
    total=100%
  CURRENT loads:
    part[0] cum=24.5938% share=24.5938% device_global=0 rank=0 local_index=0 offset=0 count=1967500
    part[1] cum=25% share=0.40625% device_global=1 rank=0 local_index=1 offset=1967500 count=32500
    part[2] cum=49.625% share=24.625% device_global=2 rank=1 local_index=-1 offset=2000000 count=1970000
    part[3] cum=50.0312% share=0.40625% device_global=3 rank=1 local_index=-1 offset=3970000 count=32500
    part[4] cum=74.6562% share=24.625% device_global=4 rank=2 local_index=-1 offset=4002500 count=1970000
    part[5] cum=75.0312% share=0.375003% device_global=5 rank=2 local_index=-1 offset=5972500 count=30000
    part[6] cum=99.6562% share=24.625% device_global=6 rank=3 local_index=-1 offset=6002500 count=1970000
    part[7] cum=100% share=0.343752% device_global=7 rank=3 local_index=-1 offset=7972500 count=27500
    total=100%
[DCL][balance-metrics] iteration=9100
  policy=threshold
  action=rebalance
  reason=accepted by fixed threshold; diff=0.000441952, threshold=0.0003125
  T_compute_interval_s=0.93789
  T_comm_interval_s=4.24068
  T_balance_total_s=0.0175465
  T_rebalance_apply_s=0.00280187
  T_compute_accum_s=14.3742
  T_comm_accum_s=43.5881
  T_balance_accum_s=0.47917
  T_rebalance_apply_accum_s=0.118769
  device_times_s:
    part[0]=0.934207
    part[1]=0.93789
    part[2]=0.93315
    part[3]=0.926943
    part[4]=0.935185
    part[5]=0.914205
    part[6]=0.934322
    part[7]=0.915583
  OLD loads:
    part[0] cum=24.5938% share=24.5938% device_global=0 rank=0 local_index=0 offset=0 count=1967500
    part[1] cum=25% share=0.40625% device_global=1 rank=0 local_index=1 offset=1967500 count=32500
    part[2] cum=49.625% share=24.625% device_global=2 rank=1 local_index=-1 offset=2000000 count=1972500
    part[3] cum=50.0312% share=0.40625% device_global=3 rank=1 local_index=-1 offset=3972500 count=32500
    part[4] cum=74.6562% share=24.625% device_global=4 rank=2 local_index=-1 offset=4005000 count=1967500
    part[5] cum=75.0312% share=0.375003% device_global=5 rank=2 local_index=-1 offset=5972500 count=30000
    part[6] cum=99.6562% share=24.625% device_global=6 rank=3 local_index=-1 offset=6002500 count=1970000
    part[7] cum=100% share=0.343752% device_global=7 rank=3 local_index=-1 offset=7972500 count=27500
    total=100%
  PROPOSED loads:
    part[0] cum=24.5938% share=24.5938% device_global=0 rank=0 local_index=0 offset=0 count=1967500
    part[1] cum=25% share=0.40625% device_global=1 rank=0 local_index=1 offset=1967500 count=32500
    part[2] cum=49.6562% share=24.6563% device_global=2 rank=1 local_index=-1 offset=2000000 count=1972500
    part[3] cum=50.0625% share=0.40625% device_global=3 rank=1 local_index=-1 offset=3972500 count=32500
    part[4] cum=74.6562% share=24.5937% device_global=4 rank=2 local_index=-1 offset=4005000 count=1967500
    part[5] cum=75.0312% share=0.375003% device_global=5 rank=2 local_index=-1 offset=5972500 count=30000
    part[6] cum=99.6562% share=24.625% device_global=6 rank=3 local_index=-1 offset=6002500 count=1970000
    part[7] cum=100% share=0.343752% device_global=7 rank=3 local_index=-1 offset=7972500 count=27500
    total=100%
  CURRENT loads:
    part[0] cum=24.5938% share=24.5938% device_global=0 rank=0 local_index=0 offset=0 count=1967500
    part[1] cum=25% share=0.40625% device_global=1 rank=0 local_index=1 offset=1967500 count=32500
    part[2] cum=49.6562% share=24.6563% device_global=2 rank=1 local_index=-1 offset=2000000 count=1972500
    part[3] cum=50.0625% share=0.40625% device_global=3 rank=1 local_index=-1 offset=3972500 count=32500
    part[4] cum=74.6562% share=24.5937% device_global=4 rank=2 local_index=-1 offset=4005000 count=1967500
    part[5] cum=75.0312% share=0.375003% device_global=5 rank=2 local_index=-1 offset=5972500 count=30000
    part[6] cum=99.6562% share=24.625% device_global=6 rank=3 local_index=-1 offset=6002500 count=1970000
    part[7] cum=100% share=0.343752% device_global=7 rank=3 local_index=-1 offset=7972500 count=27500
    total=100%

=== PARTICOES FINAIS ===
=== Particoes globais ===
part[0] device_global=0 rank=0 local_index=0 offset=0 count=1967500
part[1] device_global=1 rank=0 local_index=1 offset=1967500 count=32500
part[2] device_global=2 rank=1 local_index=-1 offset=2000000 count=1972500
part[3] device_global=3 rank=1 local_index=-1 offset=3972500 count=32500
part[4] device_global=4 rank=2 local_index=-1 offset=4005000 count=1967500
part[5] device_global=5 rank=2 local_index=-1 offset=5972500 count=30000
part[6] device_global=6 rank=3 local_index=-1 offset=6002500 count=1970000
part[7] device_global=7 rank=3 local_index=-1 offset=7972500 count=27500


============================
ITERACAO 10000
Tempo de execução: 55.6883s
