=== Dispositivos locais do rank 2 ===
global=4 local=0 nome="NVIDIA RTX 2000 Ada Generation" compute_units=22
global=5 local=1 nome="Intel(R) Xeon(R) CPU           E5620  @ 2.40GHz" compute_units=16

=== Dispositivos locais do rank 0 ===
global=0 local=0 nome="NVIDIA RTX 2000 Ada Generation" compute_units=22
global=1 local=1 nome="Intel(R) Xeon(R) CPU           E5620  @ 2.40GHz" compute_units=16

=== Dispositivos locais do rank 3 ===
global=6 local=0 nome="NVIDIA RTX 2000 Ada Generation" compute_units=22
global=7 local=1 nome="Intel(R) Xeon(R) CPU           E5620  @ 2.40GHz" compute_units=16

=== Dispositivos locais do rank 1 ===
global=2 local=0 nome="NVIDIA RTX 2000 Ada Generation" compute_units=22
global=3 local=1 nome="Intel(R) Xeon(R) CPU           E5620  @ 2.40GHz" compute_units=16

=== PARTICOES INICIAIS ===
=== Particoes globais ===
part[0] device_global=0 rank=0 local_index=0 offset=0 count=1000000
part[1] device_global=1 rank=0 local_index=1 offset=1000000 count=1000000
part[2] device_global=2 rank=1 local_index=-1 offset=2000000 count=1000000
part[3] device_global=3 rank=1 local_index=-1 offset=3000000 count=1000000
part[4] device_global=4 rank=2 local_index=-1 offset=4000000 count=1000000
part[5] device_global=5 rank=2 local_index=-1 offset=5000000 count=1000000
part[6] device_global=6 rank=3 local_index=-1 offset=6000000 count=1000000
part[7] device_global=7 rank=3 local_index=-1 offset=7000000 count=1000000

X = 50 Y = 50 Z = 3200 Iterations = 10000
[DCL][balance-metrics] iteration=100
  policy=threshold
  action=rebalance
  reason=accepted by fixed threshold; diff=0.245121, threshold=0.0003125
  T_compute_interval_s=5.39804
  T_comm_interval_s=5.17008
  T_balance_total_s=0.296652
  T_rebalance_apply_s=0.0789174
  T_compute_accum_s=5.39804
  T_comm_accum_s=5.17008
  T_balance_accum_s=0.296652
  T_rebalance_apply_accum_s=0.0789174
  device_times_s:
    part[0]=0.050138
    part[1]=3.01573
    part[2]=0.048198
    part[3]=3.05793
    part[4]=0.0493346
    part[5]=4.29022
    part[6]=0.0496805
    part[7]=5.39804
  OLD loads:
    part[0] cum=12.5% share=12.5% device_global=0 rank=0 local_index=0 offset=0 count=1942500
    part[1] cum=25% share=12.5% device_global=1 rank=0 local_index=1 offset=1942500 count=32500
    part[2] cum=37.5% share=12.5% device_global=2 rank=1 local_index=-1 offset=1975000 count=2020000
    part[3] cum=50% share=12.5% device_global=3 rank=1 local_index=-1 offset=3995000 count=30000
    part[4] cum=62.5% share=12.5% device_global=4 rank=2 local_index=-1 offset=4025000 count=1975000
    part[5] cum=75% share=12.5% device_global=5 rank=2 local_index=-1 offset=6000000 count=22500
    part[6] cum=87.5% share=12.5% device_global=6 rank=3 local_index=-1 offset=6022500 count=1960000
    part[7] cum=100% share=12.5% device_global=7 rank=3 local_index=-1 offset=7982500 count=17500
    total=100%
  PROPOSED loads:
    part[0] cum=24.2812% share=24.2812% device_global=0 rank=0 local_index=0 offset=0 count=1942500
    part[1] cum=24.6875% share=0.40625% device_global=1 rank=0 local_index=1 offset=1942500 count=32500
    part[2] cum=49.9375% share=25.25% device_global=2 rank=1 local_index=-1 offset=1975000 count=2020000
    part[3] cum=50.3125% share=0.375003% device_global=3 rank=1 local_index=-1 offset=3995000 count=30000
    part[4] cum=75% share=24.6875% device_global=4 rank=2 local_index=-1 offset=4025000 count=1975000
    part[5] cum=75.2812% share=0.28125% device_global=5 rank=2 local_index=-1 offset=6000000 count=22500
    part[6] cum=99.7812% share=24.5% device_global=6 rank=3 local_index=-1 offset=6022500 count=1960000
    part[7] cum=100% share=0.218749% device_global=7 rank=3 local_index=-1 offset=7982500 count=17500
    total=100%
  CURRENT loads:
    part[0] cum=24.2812% share=24.2812% device_global=0 rank=0 local_index=0 offset=0 count=1942500
    part[1] cum=24.6875% share=0.40625% device_global=1 rank=0 local_index=1 offset=1942500 count=32500
    part[2] cum=49.9375% share=25.25% device_global=2 rank=1 local_index=-1 offset=1975000 count=2020000
    part[3] cum=50.3125% share=0.375003% device_global=3 rank=1 local_index=-1 offset=3995000 count=30000
    part[4] cum=75% share=24.6875% device_global=4 rank=2 local_index=-1 offset=4025000 count=1975000
    part[5] cum=75.2812% share=0.28125% device_global=5 rank=2 local_index=-1 offset=6000000 count=22500
    part[6] cum=99.7812% share=24.5% device_global=6 rank=3 local_index=-1 offset=6022500 count=1960000
    part[7] cum=100% share=0.218749% device_global=7 rank=3 local_index=-1 offset=7982500 count=17500
    total=100%
[DCL][balance-metrics] iteration=1100
  policy=threshold
  action=rebalance
  reason=accepted by fixed threshold; diff=0.00605155, threshold=0.0003125
  T_compute_interval_s=1.4447
  T_comm_interval_s=4.3177
  T_balance_total_s=0.0488753
  T_rebalance_apply_s=0.0322132
  T_compute_accum_s=6.84274
  T_comm_accum_s=9.48778
  T_balance_accum_s=0.345527
  T_rebalance_apply_accum_s=0.111131
  device_times_s:
    part[0]=0.9237
    part[1]=0.981606
    part[2]=0.956014
    part[3]=1.07266
    part[4]=0.938451
    part[5]=1.4447
    part[6]=0.929542
    part[7]=1.37048
  OLD loads:
    part[0] cum=24.2812% share=24.2812% device_global=0 rank=0 local_index=0 offset=0 count=1975000
    part[1] cum=24.6875% share=0.40625% device_global=1 rank=0 local_index=1 offset=1975000 count=30000
    part[2] cum=49.9375% share=25.25% device_global=2 rank=1 local_index=-1 offset=2005000 count=1985000
    part[3] cum=50.3125% share=0.375003% device_global=3 rank=1 local_index=-1 offset=3990000 count=27500
    part[4] cum=75% share=24.6875% device_global=4 rank=2 local_index=-1 offset=4017500 count=1975000
    part[5] cum=75.2812% share=0.28125% device_global=5 rank=2 local_index=-1 offset=5992500 count=15000
    part[6] cum=99.7812% share=24.5% device_global=6 rank=3 local_index=-1 offset=6007500 count=1980000
    part[7] cum=100% share=0.218749% device_global=7 rank=3 local_index=-1 offset=7987500 count=12500
    total=100%
  PROPOSED loads:
    part[0] cum=24.6875% share=24.6875% device_global=0 rank=0 local_index=0 offset=0 count=1975000
    part[1] cum=25.0625% share=0.375001% device_global=1 rank=0 local_index=1 offset=1975000 count=30000
    part[2] cum=49.875% share=24.8125% device_global=2 rank=1 local_index=-1 offset=2005000 count=1985000
    part[3] cum=50.2188% share=0.343749% device_global=3 rank=1 local_index=-1 offset=3990000 count=27500
    part[4] cum=74.9062% share=24.6875% device_global=4 rank=2 local_index=-1 offset=4017500 count=1975000
    part[5] cum=75.0938% share=0.187504% device_global=5 rank=2 local_index=-1 offset=5992500 count=15000
    part[6] cum=99.8438% share=24.75% device_global=6 rank=3 local_index=-1 offset=6007500 count=1980000
    part[7] cum=100% share=0.156248% device_global=7 rank=3 local_index=-1 offset=7987500 count=12500
    total=100%
  CURRENT loads:
    part[0] cum=24.6875% share=24.6875% device_global=0 rank=0 local_index=0 offset=0 count=1975000
    part[1] cum=25.0625% share=0.375001% device_global=1 rank=0 local_index=1 offset=1975000 count=30000
    part[2] cum=49.875% share=24.8125% device_global=2 rank=1 local_index=-1 offset=2005000 count=1985000
    part[3] cum=50.2188% share=0.343749% device_global=3 rank=1 local_index=-1 offset=3990000 count=27500
    part[4] cum=74.9062% share=24.6875% device_global=4 rank=2 local_index=-1 offset=4017500 count=1975000
    part[5] cum=75.0938% share=0.187504% device_global=5 rank=2 local_index=-1 offset=5992500 count=15000
    part[6] cum=99.8438% share=24.75% device_global=6 rank=3 local_index=-1 offset=6007500 count=1980000
    part[7] cum=100% share=0.156248% device_global=7 rank=3 local_index=-1 offset=7987500 count=12500
    total=100%
[DCL][balance-metrics] iteration=2100
  policy=threshold
  action=rebalance
  reason=accepted by fixed threshold; diff=0.000765483, threshold=0.0003125
  T_compute_interval_s=0.944751
  T_comm_interval_s=4.37622
  T_balance_total_s=0.0197652
  T_rebalance_apply_s=0.00363348
  T_compute_accum_s=7.78749
  T_comm_accum_s=13.864
  T_balance_accum_s=0.365292
  T_rebalance_apply_accum_s=0.114764
  device_times_s:
    part[0]=0.938042
    part[1]=0.890938
    part[2]=0.94029
    part[3]=0.873038
    part[4]=0.937704
    part[5]=0.756587
    part[6]=0.937885
    part[7]=0.944751
  OLD loads:
    part[0] cum=24.6875% share=24.6875% device_global=0 rank=0 local_index=0 offset=0 count=1975000
    part[1] cum=25.0625% share=0.375001% device_global=1 rank=0 local_index=1 offset=1975000 count=30000
    part[2] cum=49.875% share=24.8125% device_global=2 rank=1 local_index=-1 offset=2005000 count=1980000
    part[3] cum=50.2188% share=0.343749% device_global=3 rank=1 local_index=-1 offset=3985000 count=30000
    part[4] cum=74.9062% share=24.6875% device_global=4 rank=2 local_index=-1 offset=4015000 count=1975000
    part[5] cum=75.0938% share=0.187504% device_global=5 rank=2 local_index=-1 offset=5990000 count=17500
    part[6] cum=99.8438% share=24.75% device_global=6 rank=3 local_index=-1 offset=6007500 count=1980000
    part[7] cum=100% share=0.156248% device_global=7 rank=3 local_index=-1 offset=7987500 count=12500
    total=100%
  PROPOSED loads:
    part[0] cum=24.6875% share=24.6875% device_global=0 rank=0 local_index=0 offset=0 count=1975000
    part[1] cum=25.0625% share=0.375001% device_global=1 rank=0 local_index=1 offset=1975000 count=30000
    part[2] cum=49.8125% share=24.75% device_global=2 rank=1 local_index=-1 offset=2005000 count=1980000
    part[3] cum=50.1875% share=0.375% device_global=3 rank=1 local_index=-1 offset=3985000 count=30000
    part[4] cum=74.875% share=24.6875% device_global=4 rank=2 local_index=-1 offset=4015000 count=1975000
    part[5] cum=75.0938% share=0.218755% device_global=5 rank=2 local_index=-1 offset=5990000 count=17500
    part[6] cum=99.8438% share=24.75% device_global=6 rank=3 local_index=-1 offset=6007500 count=1980000
    part[7] cum=100% share=0.156248% device_global=7 rank=3 local_index=-1 offset=7987500 count=12500
    total=100%
  CURRENT loads:
    part[0] cum=24.6875% share=24.6875% device_global=0 rank=0 local_index=0 offset=0 count=1975000
    part[1] cum=25.0625% share=0.375001% device_global=1 rank=0 local_index=1 offset=1975000 count=30000
    part[2] cum=49.8125% share=24.75% device_global=2 rank=1 local_index=-1 offset=2005000 count=1980000
    part[3] cum=50.1875% share=0.375% device_global=3 rank=1 local_index=-1 offset=3985000 count=30000
    part[4] cum=74.875% share=24.6875% device_global=4 rank=2 local_index=-1 offset=4015000 count=1975000
    part[5] cum=75.0938% share=0.218755% device_global=5 rank=2 local_index=-1 offset=5990000 count=17500
    part[6] cum=99.8438% share=24.75% device_global=6 rank=3 local_index=-1 offset=6007500 count=1980000
    part[7] cum=100% share=0.156248% device_global=7 rank=3 local_index=-1 offset=7987500 count=12500
    total=100%
[DCL][balance-metrics] iteration=3100
  policy=threshold
  action=rebalance
  reason=accepted by fixed threshold; diff=0.00082676, threshold=0.0003125
  T_compute_interval_s=0.938347
  T_comm_interval_s=4.39999
  T_balance_total_s=0.0163967
  T_rebalance_apply_s=0.00123947
  T_compute_accum_s=8.72584
  T_comm_accum_s=18.264
  T_balance_accum_s=0.381689
  T_rebalance_apply_accum_s=0.116004
  device_times_s:
    part[0]=0.937414
    part[1]=0.871107
    part[2]=0.937884
    part[3]=0.905831
    part[4]=0.938347
    part[5]=0.734231
    part[6]=0.938034
    part[7]=0.800491
  OLD loads:
    part[0] cum=24.6875% share=24.6875% device_global=0 rank=0 local_index=0 offset=0 count=1972500
    part[1] cum=25.0625% share=0.375001% device_global=1 rank=0 local_index=1 offset=1972500 count=32500
    part[2] cum=49.8125% share=24.75% device_global=2 rank=1 local_index=-1 offset=2005000 count=1977500
    part[3] cum=50.1875% share=0.375% device_global=3 rank=1 local_index=-1 offset=3982500 count=32500
    part[4] cum=74.875% share=24.6875% device_global=4 rank=2 local_index=-1 offset=4015000 count=1970000
    part[5] cum=75.0938% share=0.218755% device_global=5 rank=2 local_index=-1 offset=5985000 count=22500
    part[6] cum=99.8438% share=24.75% device_global=6 rank=3 local_index=-1 offset=6007500 count=1977500
    part[7] cum=100% share=0.156248% device_global=7 rank=3 local_index=-1 offset=7985000 count=15000
    total=100%
  PROPOSED loads:
    part[0] cum=24.6562% share=24.6562% device_global=0 rank=0 local_index=0 offset=0 count=1972500
    part[1] cum=25.0625% share=0.406252% device_global=1 rank=0 local_index=1 offset=1972500 count=32500
    part[2] cum=49.7812% share=24.7188% device_global=2 rank=1 local_index=-1 offset=2005000 count=1977500
    part[3] cum=50.1875% share=0.406247% device_global=3 rank=1 local_index=-1 offset=3982500 count=32500
    part[4] cum=74.8125% share=24.625% device_global=4 rank=2 local_index=-1 offset=4015000 count=1970000
    part[5] cum=75.0938% share=0.28125% device_global=5 rank=2 local_index=-1 offset=5985000 count=22500
    part[6] cum=99.8125% share=24.7188% device_global=6 rank=3 local_index=-1 offset=6007500 count=1977500
    part[7] cum=100% share=0.187498% device_global=7 rank=3 local_index=-1 offset=7985000 count=15000
    total=100%
  CURRENT loads:
    part[0] cum=24.6562% share=24.6562% device_global=0 rank=0 local_index=0 offset=0 count=1972500
    part[1] cum=25.0625% share=0.406252% device_global=1 rank=0 local_index=1 offset=1972500 count=32500
    part[2] cum=49.7812% share=24.7188% device_global=2 rank=1 local_index=-1 offset=2005000 count=1977500
    part[3] cum=50.1875% share=0.406247% device_global=3 rank=1 local_index=-1 offset=3982500 count=32500
    part[4] cum=74.8125% share=24.625% device_global=4 rank=2 local_index=-1 offset=4015000 count=1970000
    part[5] cum=75.0938% share=0.28125% device_global=5 rank=2 local_index=-1 offset=5985000 count=22500
    part[6] cum=99.8125% share=24.7188% device_global=6 rank=3 local_index=-1 offset=6007500 count=1977500
    part[7] cum=100% share=0.187498% device_global=7 rank=3 local_index=-1 offset=7985000 count=15000
    total=100%
[DCL][balance-metrics] iteration=4100
  policy=threshold
  action=rebalance
  reason=accepted by fixed threshold; diff=0.00136216, threshold=0.0003125
  T_compute_interval_s=0.945216
  T_comm_interval_s=4.37175
  T_balance_total_s=0.0212958
  T_rebalance_apply_s=0.00664517
  T_compute_accum_s=9.67105
  T_comm_accum_s=22.6357
  T_balance_accum_s=0.402985
  T_rebalance_apply_accum_s=0.122649
  device_times_s:
    part[0]=0.936828
    part[1]=0.927477
    part[2]=0.936717
    part[3]=0.945216
    part[4]=0.93642
    part[5]=0.817184
    part[6]=0.936885
    part[7]=0.721535
  OLD loads:
    part[0] cum=24.6562% share=24.6562% device_global=0 rank=0 local_index=0 offset=0 count=1970000
    part[1] cum=25.0625% share=0.406252% device_global=1 rank=0 local_index=1 offset=1970000 count=32500
    part[2] cum=49.7812% share=24.7188% device_global=2 rank=1 local_index=-1 offset=2002500 count=1975000
    part[3] cum=50.1875% share=0.406247% device_global=3 rank=1 local_index=-1 offset=3977500 count=32500
    part[4] cum=74.8125% share=24.625% device_global=4 rank=2 local_index=-1 offset=4010000 count=1970000
    part[5] cum=75.0938% share=0.28125% device_global=5 rank=2 local_index=-1 offset=5980000 count=25000
    part[6] cum=99.8125% share=24.7188% device_global=6 rank=3 local_index=-1 offset=6005000 count=1975000
    part[7] cum=100% share=0.187498% device_global=7 rank=3 local_index=-1 offset=7980000 count=20000
    total=100%
  PROPOSED loads:
    part[0] cum=24.625% share=24.625% device_global=0 rank=0 local_index=0 offset=0 count=1970000
    part[1] cum=25.0312% share=0.40625% device_global=1 rank=0 local_index=1 offset=1970000 count=32500
    part[2] cum=49.7188% share=24.6875% device_global=2 rank=1 local_index=-1 offset=2002500 count=1975000
    part[3] cum=50.125% share=0.406253% device_global=3 rank=1 local_index=-1 offset=3977500 count=32500
    part[4] cum=74.75% share=24.625% device_global=4 rank=2 local_index=-1 offset=4010000 count=1970000
    part[5] cum=75.0625% share=0.312501% device_global=5 rank=2 local_index=-1 offset=5980000 count=25000
    part[6] cum=99.75% share=24.6875% device_global=6 rank=3 local_index=-1 offset=6005000 count=1975000
    part[7] cum=100% share=0.25% device_global=7 rank=3 local_index=-1 offset=7980000 count=20000
    total=100%
  CURRENT loads:
    part[0] cum=24.625% share=24.625% device_global=0 rank=0 local_index=0 offset=0 count=1970000
    part[1] cum=25.0312% share=0.40625% device_global=1 rank=0 local_index=1 offset=1970000 count=32500
    part[2] cum=49.7188% share=24.6875% device_global=2 rank=1 local_index=-1 offset=2002500 count=1975000
    part[3] cum=50.125% share=0.406253% device_global=3 rank=1 local_index=-1 offset=3977500 count=32500
    part[4] cum=74.75% share=24.625% device_global=4 rank=2 local_index=-1 offset=4010000 count=1970000
    part[5] cum=75.0625% share=0.312501% device_global=5 rank=2 local_index=-1 offset=5980000 count=25000
    part[6] cum=99.75% share=24.6875% device_global=6 rank=3 local_index=-1 offset=6005000 count=1975000
    part[7] cum=100% share=0.25% device_global=7 rank=3 local_index=-1 offset=7980000 count=20000
    total=100%
[DCL][balance-metrics] iteration=5100
  policy=threshold
  action=rebalance
  reason=accepted by fixed threshold; diff=0.000937521, threshold=0.0003125
  T_compute_interval_s=0.947923
  T_comm_interval_s=4.36381
  T_balance_total_s=0.0206315
  T_rebalance_apply_s=0.00392926
  T_compute_accum_s=10.619
  T_comm_accum_s=26.9996
  T_balance_accum_s=0.423616
  T_rebalance_apply_accum_s=0.126578
  device_times_s:
    part[0]=0.93572
    part[1]=0.927188
    part[2]=0.935358
    part[3]=0.947923
    part[4]=0.93553
    part[5]=0.835593
    part[6]=0.935563
    part[7]=0.826618
  OLD loads:
    part[0] cum=24.625% share=24.625% device_global=0 rank=0 local_index=0 offset=0 count=1967500
    part[1] cum=25.0312% share=0.40625% device_global=1 rank=0 local_index=1 offset=1967500 count=32500
    part[2] cum=49.7188% share=24.6875% device_global=2 rank=1 local_index=-1 offset=2000000 count=1975000
    part[3] cum=50.125% share=0.406253% device_global=3 rank=1 local_index=-1 offset=3975000 count=32500
    part[4] cum=74.75% share=24.625% device_global=4 rank=2 local_index=-1 offset=4007500 count=1967500
    part[5] cum=75.0625% share=0.312501% device_global=5 rank=2 local_index=-1 offset=5975000 count=30000
    part[6] cum=99.75% share=24.6875% device_global=6 rank=3 local_index=-1 offset=6005000 count=1972500
    part[7] cum=100% share=0.25% device_global=7 rank=3 local_index=-1 offset=7977500 count=22500
    total=100%
  PROPOSED loads:
    part[0] cum=24.5938% share=24.5938% device_global=0 rank=0 local_index=0 offset=0 count=1967500
    part[1] cum=25% share=0.40625% device_global=1 rank=0 local_index=1 offset=1967500 count=32500
    part[2] cum=49.6875% share=24.6875% device_global=2 rank=1 local_index=-1 offset=2000000 count=1975000
    part[3] cum=50.0938% share=0.406253% device_global=3 rank=1 local_index=-1 offset=3975000 count=32500
    part[4] cum=74.6875% share=24.5937% device_global=4 rank=2 local_index=-1 offset=4007500 count=1967500
    part[5] cum=75.0625% share=0.375003% device_global=5 rank=2 local_index=-1 offset=5975000 count=30000
    part[6] cum=99.7188% share=24.6562% device_global=6 rank=3 local_index=-1 offset=6005000 count=1972500
    part[7] cum=100% share=0.28125% device_global=7 rank=3 local_index=-1 offset=7977500 count=22500
    total=100%
  CURRENT loads:
    part[0] cum=24.5938% share=24.5938% device_global=0 rank=0 local_index=0 offset=0 count=1967500
    part[1] cum=25% share=0.40625% device_global=1 rank=0 local_index=1 offset=1967500 count=32500
    part[2] cum=49.6875% share=24.6875% device_global=2 rank=1 local_index=-1 offset=2000000 count=1975000
    part[3] cum=50.0938% share=0.406253% device_global=3 rank=1 local_index=-1 offset=3975000 count=32500
    part[4] cum=74.6875% share=24.5937% device_global=4 rank=2 local_index=-1 offset=4007500 count=1967500
    part[5] cum=75.0625% share=0.375003% device_global=5 rank=2 local_index=-1 offset=5975000 count=30000
    part[6] cum=99.7188% share=24.6562% device_global=6 rank=3 local_index=-1 offset=6005000 count=1972500
    part[7] cum=100% share=0.28125% device_global=7 rank=3 local_index=-1 offset=7977500 count=22500
    total=100%
[DCL][balance-metrics] iteration=6100
  policy=threshold
  action=rebalance
  reason=accepted by fixed threshold; diff=0.000698774, threshold=0.0003125
  T_compute_interval_s=0.950396
  T_comm_interval_s=4.37711
  T_balance_total_s=0.0186591
  T_rebalance_apply_s=0.00422043
  T_compute_accum_s=11.5694
  T_comm_accum_s=31.3767
  T_balance_accum_s=0.442275
  T_rebalance_apply_accum_s=0.130798
  device_times_s:
    part[0]=0.934536
    part[1]=0.930143
    part[2]=0.935531
    part[3]=0.94366
    part[4]=0.933579
    part[5]=0.950396
    part[6]=0.934027
    part[7]=0.864495
  OLD loads:
    part[0] cum=24.5938% share=24.5938% device_global=0 rank=0 local_index=0 offset=0 count=1967500
    part[1] cum=25% share=0.40625% device_global=1 rank=0 local_index=1 offset=1967500 count=32500
    part[2] cum=49.6875% share=24.6875% device_global=2 rank=1 local_index=-1 offset=2000000 count=1972500
    part[3] cum=50.0938% share=0.406253% device_global=3 rank=1 local_index=-1 offset=3972500 count=32500
    part[4] cum=74.6875% share=24.5937% device_global=4 rank=2 local_index=-1 offset=4005000 count=1967500
    part[5] cum=75.0625% share=0.375003% device_global=5 rank=2 local_index=-1 offset=5972500 count=30000
    part[6] cum=99.7188% share=24.6562% device_global=6 rank=3 local_index=-1 offset=6002500 count=1972500
    part[7] cum=100% share=0.28125% device_global=7 rank=3 local_index=-1 offset=7975000 count=25000
    total=100%
  PROPOSED loads:
    part[0] cum=24.5938% share=24.5938% device_global=0 rank=0 local_index=0 offset=0 count=1967500
    part[1] cum=25% share=0.40625% device_global=1 rank=0 local_index=1 offset=1967500 count=32500
    part[2] cum=49.6562% share=24.6563% device_global=2 rank=1 local_index=-1 offset=2000000 count=1972500
    part[3] cum=50.0625% share=0.40625% device_global=3 rank=1 local_index=-1 offset=3972500 count=32500
    part[4] cum=74.6562% share=24.5937% device_global=4 rank=2 local_index=-1 offset=4005000 count=1967500
    part[5] cum=75.0312% share=0.375003% device_global=5 rank=2 local_index=-1 offset=5972500 count=30000
    part[6] cum=99.6875% share=24.6562% device_global=6 rank=3 local_index=-1 offset=6002500 count=1972500
    part[7] cum=100% share=0.312501% device_global=7 rank=3 local_index=-1 offset=7975000 count=25000
    total=100%
  CURRENT loads:
    part[0] cum=24.5938% share=24.5938% device_global=0 rank=0 local_index=0 offset=0 count=1967500
    part[1] cum=25% share=0.40625% device_global=1 rank=0 local_index=1 offset=1967500 count=32500
    part[2] cum=49.6562% share=24.6563% device_global=2 rank=1 local_index=-1 offset=2000000 count=1972500
    part[3] cum=50.0625% share=0.40625% device_global=3 rank=1 local_index=-1 offset=3972500 count=32500
    part[4] cum=74.6562% share=24.5937% device_global=4 rank=2 local_index=-1 offset=4005000 count=1967500
    part[5] cum=75.0312% share=0.375003% device_global=5 rank=2 local_index=-1 offset=5972500 count=30000
    part[6] cum=99.6875% share=24.6562% device_global=6 rank=3 local_index=-1 offset=6002500 count=1972500
    part[7] cum=100% share=0.312501% device_global=7 rank=3 local_index=-1 offset=7975000 count=25000
    total=100%
[DCL][balance-metrics] iteration=7100
  policy=threshold
  action=skip
  reason=new partition identical
  T_compute_interval_s=0.935859
  T_comm_interval_s=4.35737
  T_balance_total_s=0.0140163
  T_rebalance_apply_s=0
  T_compute_accum_s=12.5052
  T_comm_accum_s=35.734
  T_balance_accum_s=0.456292
  T_rebalance_apply_accum_s=0.130798
  device_times_s:
    part[0]=0.934775
    part[1]=0.929514
    part[2]=0.93406
    part[3]=0.927986
    part[4]=0.933692
    part[5]=0.935859
    part[6]=0.934957
    part[7]=0.897754
  OLD loads:
    part[0] cum=24.5938% share=24.5938% device_global=0 rank=0 local_index=0 offset=0 count=1967500
    part[1] cum=25% share=0.40625% device_global=1 rank=0 local_index=1 offset=1967500 count=32500
    part[2] cum=49.6562% share=24.6563% device_global=2 rank=1 local_index=-1 offset=2000000 count=1972500
    part[3] cum=50.0625% share=0.40625% device_global=3 rank=1 local_index=-1 offset=3972500 count=32500
    part[4] cum=74.6562% share=24.5937% device_global=4 rank=2 local_index=-1 offset=4005000 count=1967500
    part[5] cum=75.0312% share=0.375003% device_global=5 rank=2 local_index=-1 offset=5972500 count=30000
    part[6] cum=99.6875% share=24.6562% device_global=6 rank=3 local_index=-1 offset=6002500 count=1972500
    part[7] cum=100% share=0.312501% device_global=7 rank=3 local_index=-1 offset=7975000 count=25000
    total=100%
  PROPOSED loads:
    part[0] cum=24.5938% share=24.5938% device_global=0 rank=0 local_index=0 offset=0 count=1967500
    part[1] cum=25% share=0.40625% device_global=1 rank=0 local_index=1 offset=1967500 count=32500
    part[2] cum=49.6562% share=24.6563% device_global=2 rank=1 local_index=-1 offset=2000000 count=1972500
    part[3] cum=50.0625% share=0.40625% device_global=3 rank=1 local_index=-1 offset=3972500 count=32500
    part[4] cum=74.6562% share=24.5937% device_global=4 rank=2 local_index=-1 offset=4005000 count=1967500
    part[5] cum=75.0312% share=0.375003% device_global=5 rank=2 local_index=-1 offset=5972500 count=30000
    part[6] cum=99.6875% share=24.6562% device_global=6 rank=3 local_index=-1 offset=6002500 count=1972500
    part[7] cum=100% share=0.312501% device_global=7 rank=3 local_index=-1 offset=7975000 count=25000
    total=100%
  CURRENT loads:
    part[0] cum=24.5938% share=24.5938% device_global=0 rank=0 local_index=0 offset=0 count=1967500
    part[1] cum=25% share=0.40625% device_global=1 rank=0 local_index=1 offset=1967500 count=32500
    part[2] cum=49.6562% share=24.6563% device_global=2 rank=1 local_index=-1 offset=2000000 count=1972500
    part[3] cum=50.0625% share=0.40625% device_global=3 rank=1 local_index=-1 offset=3972500 count=32500
    part[4] cum=74.6562% share=24.5937% device_global=4 rank=2 local_index=-1 offset=4005000 count=1967500
    part[5] cum=75.0312% share=0.375003% device_global=5 rank=2 local_index=-1 offset=5972500 count=30000
    part[6] cum=99.6875% share=24.6562% device_global=6 rank=3 local_index=-1 offset=6002500 count=1972500
    part[7] cum=100% share=0.312501% device_global=7 rank=3 local_index=-1 offset=7975000 count=25000
    total=100%
[DCL][balance-metrics] iteration=8100
  policy=threshold
  action=rebalance
  reason=accepted by fixed threshold; diff=0.000625007, threshold=0.0003125
  T_compute_interval_s=0.934924
  T_comm_interval_s=4.35432
  T_balance_total_s=0.0179524
  T_rebalance_apply_s=0.00300994
  T_compute_accum_s=13.4402
  T_comm_accum_s=40.0884
  T_balance_accum_s=0.474244
  T_rebalance_apply_accum_s=0.133808
  device_times_s:
    part[0]=0.934824
    part[1]=0.933511
    part[2]=0.934149
    part[3]=0.925314
    part[4]=0.934085
    part[5]=0.919958
    part[6]=0.934924
    part[7]=0.859398
  OLD loads:
    part[0] cum=24.5938% share=24.5938% device_global=0 rank=0 local_index=0 offset=0 count=1965000
    part[1] cum=25% share=0.40625% device_global=1 rank=0 local_index=1 offset=1965000 count=32500
    part[2] cum=49.6562% share=24.6563% device_global=2 rank=1 local_index=-1 offset=1997500 count=1972500
    part[3] cum=50.0625% share=0.40625% device_global=3 rank=1 local_index=-1 offset=3970000 count=35000
    part[4] cum=74.6562% share=24.5937% device_global=4 rank=2 local_index=-1 offset=4005000 count=1967500
    part[5] cum=75.0312% share=0.375003% device_global=5 rank=2 local_index=-1 offset=5972500 count=30000
    part[6] cum=99.6875% share=24.6562% device_global=6 rank=3 local_index=-1 offset=6002500 count=1970000
    part[7] cum=100% share=0.312501% device_global=7 rank=3 local_index=-1 offset=7972500 count=27500
    total=100%
  PROPOSED loads:
    part[0] cum=24.5625% share=24.5625% device_global=0 rank=0 local_index=0 offset=0 count=1965000
    part[1] cum=24.9688% share=0.406249% device_global=1 rank=0 local_index=1 offset=1965000 count=32500
    part[2] cum=49.625% share=24.6563% device_global=2 rank=1 local_index=-1 offset=1997500 count=1972500
    part[3] cum=50.0625% share=0.437501% device_global=3 rank=1 local_index=-1 offset=3970000 count=35000
    part[4] cum=74.6562% share=24.5937% device_global=4 rank=2 local_index=-1 offset=4005000 count=1967500
    part[5] cum=75.0312% share=0.375003% device_global=5 rank=2 local_index=-1 offset=5972500 count=30000
    part[6] cum=99.6562% share=24.625% device_global=6 rank=3 local_index=-1 offset=6002500 count=1970000
    part[7] cum=100% share=0.343752% device_global=7 rank=3 local_index=-1 offset=7972500 count=27500
    total=100%
  CURRENT loads:
    part[0] cum=24.5625% share=24.5625% device_global=0 rank=0 local_index=0 offset=0 count=1965000
    part[1] cum=24.9688% share=0.406249% device_global=1 rank=0 local_index=1 offset=1965000 count=32500
    part[2] cum=49.625% share=24.6563% device_global=2 rank=1 local_index=-1 offset=1997500 count=1972500
    part[3] cum=50.0625% share=0.437501% device_global=3 rank=1 local_index=-1 offset=3970000 count=35000
    part[4] cum=74.6562% share=24.5937% device_global=4 rank=2 local_index=-1 offset=4005000 count=1967500
    part[5] cum=75.0312% share=0.375003% device_global=5 rank=2 local_index=-1 offset=5972500 count=30000
    part[6] cum=99.6562% share=24.625% device_global=6 rank=3 local_index=-1 offset=6002500 count=1970000
    part[7] cum=100% share=0.343752% device_global=7 rank=3 local_index=-1 offset=7972500 count=27500
    total=100%
[DCL][balance-metrics] iteration=9100
  policy=threshold
  action=rebalance
  reason=accepted by fixed threshold; diff=0.000441952, threshold=0.0003125
  T_compute_interval_s=0.982141
  T_comm_interval_s=4.33507
  T_balance_total_s=0.0167651
  T_rebalance_apply_s=0.00314093
  T_compute_accum_s=14.4223
  T_comm_accum_s=44.4234
  T_balance_accum_s=0.491009
  T_rebalance_apply_accum_s=0.136949
  device_times_s:
    part[0]=0.933729
    part[1]=0.931313
    part[2]=0.934581
    part[3]=0.982141
    part[4]=0.933489
    part[5]=0.895841
    part[6]=0.933844
    part[7]=0.903664
  OLD loads:
    part[0] cum=24.5625% share=24.5625% device_global=0 rank=0 local_index=0 offset=0 count=1965000
    part[1] cum=24.9688% share=0.406249% device_global=1 rank=0 local_index=1 offset=1965000 count=32500
    part[2] cum=49.625% share=24.6563% device_global=2 rank=1 local_index=-1 offset=1997500 count=1972500
    part[3] cum=50.0625% share=0.437501% device_global=3 rank=1 local_index=-1 offset=3970000 count=32500
    part[4] cum=74.6562% share=24.5937% device_global=4 rank=2 local_index=-1 offset=4002500 count=1967500
    part[5] cum=75.0312% share=0.375003% device_global=5 rank=2 local_index=-1 offset=5970000 count=32500
    part[6] cum=99.6562% share=24.625% device_global=6 rank=3 local_index=-1 offset=6002500 count=1970000
    part[7] cum=100% share=0.343752% device_global=7 rank=3 local_index=-1 offset=7972500 count=27500
    total=100%
  PROPOSED loads:
    part[0] cum=24.5625% share=24.5625% device_global=0 rank=0 local_index=0 offset=0 count=1965000
    part[1] cum=24.9688% share=0.406249% device_global=1 rank=0 local_index=1 offset=1965000 count=32500
    part[2] cum=49.625% share=24.6563% device_global=2 rank=1 local_index=-1 offset=1997500 count=1972500
    part[3] cum=50.0312% share=0.40625% device_global=3 rank=1 local_index=-1 offset=3970000 count=32500
    part[4] cum=74.625% share=24.5937% device_global=4 rank=2 local_index=-1 offset=4002500 count=1967500
    part[5] cum=75.0312% share=0.406253% device_global=5 rank=2 local_index=-1 offset=5970000 count=32500
    part[6] cum=99.6562% share=24.625% device_global=6 rank=3 local_index=-1 offset=6002500 count=1970000
    part[7] cum=100% share=0.343752% device_global=7 rank=3 local_index=-1 offset=7972500 count=27500
    total=100%
  CURRENT loads:
    part[0] cum=24.5625% share=24.5625% device_global=0 rank=0 local_index=0 offset=0 count=1965000
    part[1] cum=24.9688% share=0.406249% device_global=1 rank=0 local_index=1 offset=1965000 count=32500
    part[2] cum=49.625% share=24.6563% device_global=2 rank=1 local_index=-1 offset=1997500 count=1972500
    part[3] cum=50.0312% share=0.40625% device_global=3 rank=1 local_index=-1 offset=3970000 count=32500
    part[4] cum=74.625% share=24.5937% device_global=4 rank=2 local_index=-1 offset=4002500 count=1967500
    part[5] cum=75.0312% share=0.406253% device_global=5 rank=2 local_index=-1 offset=5970000 count=32500
    part[6] cum=99.6562% share=24.625% device_global=6 rank=3 local_index=-1 offset=6002500 count=1970000
    part[7] cum=100% share=0.343752% device_global=7 rank=3 local_index=-1 offset=7972500 count=27500
    total=100%

=== PARTICOES FINAIS ===
=== Particoes globais ===
part[0] device_global=0 rank=0 local_index=0 offset=0 count=1965000
part[1] device_global=1 rank=0 local_index=1 offset=1965000 count=32500
part[2] device_global=2 rank=1 local_index=-1 offset=1997500 count=1972500
part[3] device_global=3 rank=1 local_index=-1 offset=3970000 count=32500
part[4] device_global=4 rank=2 local_index=-1 offset=4002500 count=1967500
part[5] device_global=5 rank=2 local_index=-1 offset=5970000 count=32500
part[6] device_global=6 rank=3 local_index=-1 offset=6002500 count=1970000
part[7] device_global=7 rank=3 local_index=-1 offset=7972500 count=27500


============================
ITERACAO 10000
Tempo de execução: 56.9407s
