=== Dispositivos locais do rank 0 ===
global=0 local=0 nome="NVIDIA RTX 2000 Ada Generation" compute_units=22
global=1 local=1 nome="Intel(R) Xeon(R) CPU           E5620  @ 2.40GHz" compute_units=16

=== Dispositivos locais do rank 2 ===
global=4 local=0 nome="NVIDIA RTX 2000 Ada Generation" compute_units=22
global=5 local=1 nome="Intel(R) Xeon(R) CPU           E5620  @ 2.40GHz" compute_units=16

=== Dispositivos locais do rank 1 ===
global=2 local=0 nome="NVIDIA RTX 2000 Ada Generation" compute_units=22
global=3 local=1 nome="Intel(R) Xeon(R) CPU           E5620  @ 2.40GHz" compute_units=16

=== Dispositivos locais do rank 3 ===
global=6 local=0 nome="NVIDIA RTX 2000 Ada Generation" compute_units=22
global=7 local=1 nome="Intel(R) Xeon(R) CPU           E5620  @ 2.40GHz" compute_units=16

=== PARTICOES INICIAIS ===
=== Particoes globais ===
part[0] device_global=0 rank=0 local_index=0 offset=0 count=1000000
part[1] device_global=1 rank=0 local_index=1 offset=1000000 count=1000000
part[2] device_global=2 rank=1 local_index=-1 offset=2000000 count=1000000
part[3] device_global=3 rank=1 local_index=-1 offset=3000000 count=1000000
part[4] device_global=4 rank=2 local_index=-1 offset=4000000 count=1000000
part[5] device_global=5 rank=2 local_index=-1 offset=5000000 count=1000000
part[6] device_global=6 rank=3 local_index=-1 offset=6000000 count=1000000
part[7] device_global=7 rank=3 local_index=-1 offset=7000000 count=1000000

X = 50 Y = 50 Z = 3200 Iterations = 10000
[DCL][balance-metrics] iteration=100
  policy=threshold
  action=rebalance
  reason=accepted by fixed threshold; diff=0.245827, threshold=0.0003125
  T_compute_interval_s=5.45666
  T_comm_interval_s=5.39441
  T_balance_total_s=0.293532
  T_rebalance_apply_s=0.0675688
  T_compute_accum_s=5.45666
  T_comm_accum_s=5.39441
  T_balance_accum_s=0.293532
  T_rebalance_apply_accum_s=0.0675688
  device_times_s:
    part[0]=0.0490308
    part[1]=3.05232
    part[2]=0.0481523
    part[3]=3.0551
    part[4]=0.0490432
    part[5]=4.27672
    part[6]=0.0489011
    part[7]=5.45666
  OLD loads:
    part[0] cum=12.5% share=12.5% device_global=0 rank=0 local_index=0 offset=0 count=1965000
    part[1] cum=25% share=12.5% device_global=1 rank=0 local_index=1 offset=1965000 count=30000
    part[2] cum=37.5% share=12.5% device_global=2 rank=1 local_index=-1 offset=1995000 count=2000000
    part[3] cum=50% share=12.5% device_global=3 rank=1 local_index=-1 offset=3995000 count=32500
    part[4] cum=62.5% share=12.5% device_global=4 rank=2 local_index=-1 offset=4027500 count=1962500
    part[5] cum=75% share=12.5% device_global=5 rank=2 local_index=-1 offset=5990000 count=22500
    part[6] cum=87.5% share=12.5% device_global=6 rank=3 local_index=-1 offset=6012500 count=1970000
    part[7] cum=100% share=12.5% device_global=7 rank=3 local_index=-1 offset=7982500 count=17500
    total=100%
  PROPOSED loads:
    part[0] cum=24.5625% share=24.5625% device_global=0 rank=0 local_index=0 offset=0 count=1965000
    part[1] cum=24.9375% share=0.375% device_global=1 rank=0 local_index=1 offset=1965000 count=30000
    part[2] cum=49.9375% share=25% device_global=2 rank=1 local_index=-1 offset=1995000 count=2000000
    part[3] cum=50.3438% share=0.406253% device_global=3 rank=1 local_index=-1 offset=3995000 count=32500
    part[4] cum=74.875% share=24.5312% device_global=4 rank=2 local_index=-1 offset=4027500 count=1962500
    part[5] cum=75.1562% share=0.28125% device_global=5 rank=2 local_index=-1 offset=5990000 count=22500
    part[6] cum=99.7812% share=24.625% device_global=6 rank=3 local_index=-1 offset=6012500 count=1970000
    part[7] cum=100% share=0.218749% device_global=7 rank=3 local_index=-1 offset=7982500 count=17500
    total=100%
  CURRENT loads:
    part[0] cum=24.5625% share=24.5625% device_global=0 rank=0 local_index=0 offset=0 count=1965000
    part[1] cum=24.9375% share=0.375% device_global=1 rank=0 local_index=1 offset=1965000 count=30000
    part[2] cum=49.9375% share=25% device_global=2 rank=1 local_index=-1 offset=1995000 count=2000000
    part[3] cum=50.3438% share=0.406253% device_global=3 rank=1 local_index=-1 offset=3995000 count=32500
    part[4] cum=74.875% share=24.5312% device_global=4 rank=2 local_index=-1 offset=4027500 count=1962500
    part[5] cum=75.1562% share=0.28125% device_global=5 rank=2 local_index=-1 offset=5990000 count=22500
    part[6] cum=99.7812% share=24.625% device_global=6 rank=3 local_index=-1 offset=6012500 count=1970000
    part[7] cum=100% share=0.218749% device_global=7 rank=3 local_index=-1 offset=7982500 count=17500
    total=100%
[DCL][balance-metrics] iteration=1100
  policy=threshold
  action=rebalance
  reason=accepted by fixed threshold; diff=0.0027951, threshold=0.0003125
  T_compute_interval_s=1.42523
  T_comm_interval_s=4.2772
  T_balance_total_s=0.0371421
  T_rebalance_apply_s=0.0191445
  T_compute_accum_s=6.88189
  T_comm_accum_s=9.67162
  T_balance_accum_s=0.330674
  T_rebalance_apply_accum_s=0.0867133
  device_times_s:
    part[0]=0.93454
    part[1]=0.919818
    part[2]=0.946985
    part[3]=1.14465
    part[4]=0.932781
    part[5]=1.42523
    part[6]=0.933567
    part[7]=1.35757
  OLD loads:
    part[0] cum=24.5625% share=24.5625% device_global=0 rank=0 local_index=0 offset=0 count=1975000
    part[1] cum=24.9375% share=0.375% device_global=1 rank=0 local_index=1 offset=1975000 count=30000
    part[2] cum=49.9375% share=25% device_global=2 rank=1 local_index=-1 offset=2005000 count=1982500
    part[3] cum=50.3438% share=0.406253% device_global=3 rank=1 local_index=-1 offset=3987500 count=27500
    part[4] cum=74.875% share=24.5312% device_global=4 rank=2 local_index=-1 offset=4015000 count=1977500
    part[5] cum=75.1562% share=0.28125% device_global=5 rank=2 local_index=-1 offset=5992500 count=12500
    part[6] cum=99.7812% share=24.625% device_global=6 rank=3 local_index=-1 offset=6005000 count=1982500
    part[7] cum=100% share=0.218749% device_global=7 rank=3 local_index=-1 offset=7987500 count=12500
    total=100%
  PROPOSED loads:
    part[0] cum=24.6875% share=24.6875% device_global=0 rank=0 local_index=0 offset=0 count=1975000
    part[1] cum=25.0625% share=0.375001% device_global=1 rank=0 local_index=1 offset=1975000 count=30000
    part[2] cum=49.8438% share=24.7812% device_global=2 rank=1 local_index=-1 offset=2005000 count=1982500
    part[3] cum=50.1875% share=0.343749% device_global=3 rank=1 local_index=-1 offset=3987500 count=27500
    part[4] cum=74.9062% share=24.7188% device_global=4 rank=2 local_index=-1 offset=4015000 count=1977500
    part[5] cum=75.0625% share=0.156254% device_global=5 rank=2 local_index=-1 offset=5992500 count=12500
    part[6] cum=99.8438% share=24.7812% device_global=6 rank=3 local_index=-1 offset=6005000 count=1982500
    part[7] cum=100% share=0.156248% device_global=7 rank=3 local_index=-1 offset=7987500 count=12500
    total=100%
  CURRENT loads:
    part[0] cum=24.6875% share=24.6875% device_global=0 rank=0 local_index=0 offset=0 count=1975000
    part[1] cum=25.0625% share=0.375001% device_global=1 rank=0 local_index=1 offset=1975000 count=30000
    part[2] cum=49.8438% share=24.7812% device_global=2 rank=1 local_index=-1 offset=2005000 count=1982500
    part[3] cum=50.1875% share=0.343749% device_global=3 rank=1 local_index=-1 offset=3987500 count=27500
    part[4] cum=74.9062% share=24.7188% device_global=4 rank=2 local_index=-1 offset=4015000 count=1977500
    part[5] cum=75.0625% share=0.156254% device_global=5 rank=2 local_index=-1 offset=5992500 count=12500
    part[6] cum=99.8438% share=24.7812% device_global=6 rank=3 local_index=-1 offset=6005000 count=1982500
    part[7] cum=100% share=0.156248% device_global=7 rank=3 local_index=-1 offset=7987500 count=12500
    total=100%
[DCL][balance-metrics] iteration=2100
  policy=threshold
  action=rebalance
  reason=accepted by fixed threshold; diff=0.000765471, threshold=0.0003125
  T_compute_interval_s=0.952695
  T_comm_interval_s=4.42505
  T_balance_total_s=0.0222014
  T_rebalance_apply_s=0.00618926
  T_compute_accum_s=7.83458
  T_comm_accum_s=14.0967
  T_balance_accum_s=0.352876
  T_rebalance_apply_accum_s=0.0929025
  device_times_s:
    part[0]=0.937969
    part[1]=0.887921
    part[2]=0.939109
    part[3]=0.871614
    part[4]=0.939433
    part[5]=0.682916
    part[6]=0.94024
    part[7]=0.952695
  OLD loads:
    part[0] cum=24.6875% share=24.6875% device_global=0 rank=0 local_index=0 offset=0 count=1975000
    part[1] cum=25.0625% share=0.375001% device_global=1 rank=0 local_index=1 offset=1975000 count=32500
    part[2] cum=49.8438% share=24.7812% device_global=2 rank=1 local_index=-1 offset=2007500 count=1980000
    part[3] cum=50.1875% share=0.343749% device_global=3 rank=1 local_index=-1 offset=3987500 count=30000
    part[4] cum=74.9062% share=24.7188% device_global=4 rank=2 local_index=-1 offset=4017500 count=1975000
    part[5] cum=75.0625% share=0.156254% device_global=5 rank=2 local_index=-1 offset=5992500 count=17500
    part[6] cum=99.8438% share=24.7812% device_global=6 rank=3 local_index=-1 offset=6010000 count=1977500
    part[7] cum=100% share=0.156248% device_global=7 rank=3 local_index=-1 offset=7987500 count=12500
    total=100%
  PROPOSED loads:
    part[0] cum=24.6875% share=24.6875% device_global=0 rank=0 local_index=0 offset=0 count=1975000
    part[1] cum=25.0938% share=0.406249% device_global=1 rank=0 local_index=1 offset=1975000 count=32500
    part[2] cum=49.8438% share=24.75% device_global=2 rank=1 local_index=-1 offset=2007500 count=1980000
    part[3] cum=50.2188% share=0.375% device_global=3 rank=1 local_index=-1 offset=3987500 count=30000
    part[4] cum=74.9062% share=24.6875% device_global=4 rank=2 local_index=-1 offset=4017500 count=1975000
    part[5] cum=75.125% share=0.218755% device_global=5 rank=2 local_index=-1 offset=5992500 count=17500
    part[6] cum=99.8438% share=24.7188% device_global=6 rank=3 local_index=-1 offset=6010000 count=1977500
    part[7] cum=100% share=0.156248% device_global=7 rank=3 local_index=-1 offset=7987500 count=12500
    total=100%
  CURRENT loads:
    part[0] cum=24.6875% share=24.6875% device_global=0 rank=0 local_index=0 offset=0 count=1975000
    part[1] cum=25.0938% share=0.406249% device_global=1 rank=0 local_index=1 offset=1975000 count=32500
    part[2] cum=49.8438% share=24.75% device_global=2 rank=1 local_index=-1 offset=2007500 count=1980000
    part[3] cum=50.2188% share=0.375% device_global=3 rank=1 local_index=-1 offset=3987500 count=30000
    part[4] cum=74.9062% share=24.6875% device_global=4 rank=2 local_index=-1 offset=4017500 count=1975000
    part[5] cum=75.125% share=0.218755% device_global=5 rank=2 local_index=-1 offset=5992500 count=17500
    part[6] cum=99.8438% share=24.7188% device_global=6 rank=3 local_index=-1 offset=6010000 count=1977500
    part[7] cum=100% share=0.156248% device_global=7 rank=3 local_index=-1 offset=7987500 count=12500
    total=100%
[DCL][balance-metrics] iteration=3100
  policy=threshold
  action=rebalance
  reason=accepted by fixed threshold; diff=0.000988187, threshold=0.0003125
  T_compute_interval_s=0.938611
  T_comm_interval_s=4.32852
  T_balance_total_s=0.0207371
  T_rebalance_apply_s=0.0062355
  T_compute_accum_s=8.7732
  T_comm_accum_s=18.4252
  T_balance_accum_s=0.373613
  T_rebalance_apply_accum_s=0.099138
  device_times_s:
    part[0]=0.936906
    part[1]=0.938611
    part[2]=0.937204
    part[3]=0.913707
    part[4]=0.937711
    part[5]=0.736052
    part[6]=0.936702
    part[7]=0.786426
  OLD loads:
    part[0] cum=24.6875% share=24.6875% device_global=0 rank=0 local_index=0 offset=0 count=1972500
    part[1] cum=25.0938% share=0.406249% device_global=1 rank=0 local_index=1 offset=1972500 count=32500
    part[2] cum=49.8438% share=24.75% device_global=2 rank=1 local_index=-1 offset=2005000 count=1980000
    part[3] cum=50.2188% share=0.375% device_global=3 rank=1 local_index=-1 offset=3985000 count=30000
    part[4] cum=74.9062% share=24.6875% device_global=4 rank=2 local_index=-1 offset=4015000 count=1972500
    part[5] cum=75.125% share=0.218755% device_global=5 rank=2 local_index=-1 offset=5987500 count=20000
    part[6] cum=99.8438% share=24.7188% device_global=6 rank=3 local_index=-1 offset=6007500 count=1977500
    part[7] cum=100% share=0.156248% device_global=7 rank=3 local_index=-1 offset=7985000 count=15000
    total=100%
  PROPOSED loads:
    part[0] cum=24.6562% share=24.6562% device_global=0 rank=0 local_index=0 offset=0 count=1972500
    part[1] cum=25.0625% share=0.406252% device_global=1 rank=0 local_index=1 offset=1972500 count=32500
    part[2] cum=49.8125% share=24.75% device_global=2 rank=1 local_index=-1 offset=2005000 count=1980000
    part[3] cum=50.1875% share=0.375% device_global=3 rank=1 local_index=-1 offset=3985000 count=30000
    part[4] cum=74.8438% share=24.6563% device_global=4 rank=2 local_index=-1 offset=4015000 count=1972500
    part[5] cum=75.0938% share=0.25% device_global=5 rank=2 local_index=-1 offset=5987500 count=20000
    part[6] cum=99.8125% share=24.7188% device_global=6 rank=3 local_index=-1 offset=6007500 count=1977500
    part[7] cum=100% share=0.187498% device_global=7 rank=3 local_index=-1 offset=7985000 count=15000
    total=100%
  CURRENT loads:
    part[0] cum=24.6562% share=24.6562% device_global=0 rank=0 local_index=0 offset=0 count=1972500
    part[1] cum=25.0625% share=0.406252% device_global=1 rank=0 local_index=1 offset=1972500 count=32500
    part[2] cum=49.8125% share=24.75% device_global=2 rank=1 local_index=-1 offset=2005000 count=1980000
    part[3] cum=50.1875% share=0.375% device_global=3 rank=1 local_index=-1 offset=3985000 count=30000
    part[4] cum=74.8438% share=24.6563% device_global=4 rank=2 local_index=-1 offset=4015000 count=1972500
    part[5] cum=75.0938% share=0.25% device_global=5 rank=2 local_index=-1 offset=5987500 count=20000
    part[6] cum=99.8125% share=24.7188% device_global=6 rank=3 local_index=-1 offset=6007500 count=1977500
    part[7] cum=100% share=0.187498% device_global=7 rank=3 local_index=-1 offset=7985000 count=15000
    total=100%
[DCL][balance-metrics] iteration=4100
  policy=threshold
  action=rebalance
  reason=accepted by fixed threshold; diff=0.00168286, threshold=0.0003125
  T_compute_interval_s=0.937819
  T_comm_interval_s=4.33501
  T_balance_total_s=0.0235354
  T_rebalance_apply_s=0.00687279
  T_compute_accum_s=9.71102
  T_comm_accum_s=22.7602
  T_balance_accum_s=0.397148
  T_rebalance_apply_accum_s=0.106011
  device_times_s:
    part[0]=0.936637
    part[1]=0.934245
    part[2]=0.937819
    part[3]=0.892048
    part[4]=0.936989
    part[5]=0.72837
    part[6]=0.936479
    part[7]=0.711788
  OLD loads:
    part[0] cum=24.6562% share=24.6562% device_global=0 rank=0 local_index=0 offset=0 count=1970000
    part[1] cum=25.0625% share=0.406252% device_global=1 rank=0 local_index=1 offset=1970000 count=32500
    part[2] cum=49.8125% share=24.75% device_global=2 rank=1 local_index=-1 offset=2002500 count=1975000
    part[3] cum=50.1875% share=0.375% device_global=3 rank=1 local_index=-1 offset=3977500 count=32500
    part[4] cum=74.8438% share=24.6563% device_global=4 rank=2 local_index=-1 offset=4010000 count=1970000
    part[5] cum=75.0938% share=0.25% device_global=5 rank=2 local_index=-1 offset=5980000 count=25000
    part[6] cum=99.8125% share=24.7188% device_global=6 rank=3 local_index=-1 offset=6005000 count=1975000
    part[7] cum=100% share=0.187498% device_global=7 rank=3 local_index=-1 offset=7980000 count=20000
    total=100%
  PROPOSED loads:
    part[0] cum=24.625% share=24.625% device_global=0 rank=0 local_index=0 offset=0 count=1970000
    part[1] cum=25.0312% share=0.40625% device_global=1 rank=0 local_index=1 offset=1970000 count=32500
    part[2] cum=49.7188% share=24.6875% device_global=2 rank=1 local_index=-1 offset=2002500 count=1975000
    part[3] cum=50.125% share=0.406253% device_global=3 rank=1 local_index=-1 offset=3977500 count=32500
    part[4] cum=74.75% share=24.625% device_global=4 rank=2 local_index=-1 offset=4010000 count=1970000
    part[5] cum=75.0625% share=0.312501% device_global=5 rank=2 local_index=-1 offset=5980000 count=25000
    part[6] cum=99.75% share=24.6875% device_global=6 rank=3 local_index=-1 offset=6005000 count=1975000
    part[7] cum=100% share=0.25% device_global=7 rank=3 local_index=-1 offset=7980000 count=20000
    total=100%
  CURRENT loads:
    part[0] cum=24.625% share=24.625% device_global=0 rank=0 local_index=0 offset=0 count=1970000
    part[1] cum=25.0312% share=0.40625% device_global=1 rank=0 local_index=1 offset=1970000 count=32500
    part[2] cum=49.7188% share=24.6875% device_global=2 rank=1 local_index=-1 offset=2002500 count=1975000
    part[3] cum=50.125% share=0.406253% device_global=3 rank=1 local_index=-1 offset=3977500 count=32500
    part[4] cum=74.75% share=24.625% device_global=4 rank=2 local_index=-1 offset=4010000 count=1970000
    part[5] cum=75.0625% share=0.312501% device_global=5 rank=2 local_index=-1 offset=5980000 count=25000
    part[6] cum=99.75% share=24.6875% device_global=6 rank=3 local_index=-1 offset=6005000 count=1975000
    part[7] cum=100% share=0.25% device_global=7 rank=3 local_index=-1 offset=7980000 count=20000
    total=100%
[DCL][balance-metrics] iteration=5100
  policy=threshold
  action=rebalance
  reason=accepted by fixed threshold; diff=0.00108256, threshold=0.0003125
  T_compute_interval_s=0.937833
  T_comm_interval_s=4.34139
  T_balance_total_s=0.0201498
  T_rebalance_apply_s=0.00525379
  T_compute_accum_s=10.6488
  T_comm_accum_s=27.1016
  T_balance_accum_s=0.417298
  T_rebalance_apply_accum_s=0.111265
  device_times_s:
    part[0]=0.935587
    part[1]=0.928135
    part[2]=0.936157
    part[3]=0.937833
    part[4]=0.93563
    part[5]=0.837083
    part[6]=0.935159
    part[7]=0.822714
  OLD loads:
    part[0] cum=24.625% share=24.625% device_global=0 rank=0 local_index=0 offset=0 count=1967500
    part[1] cum=25.0312% share=0.40625% device_global=1 rank=0 local_index=1 offset=1967500 count=35000
    part[2] cum=49.7188% share=24.6875% device_global=2 rank=1 local_index=-1 offset=2002500 count=1972500
    part[3] cum=50.125% share=0.406253% device_global=3 rank=1 local_index=-1 offset=3975000 count=30000
    part[4] cum=74.75% share=24.625% device_global=4 rank=2 local_index=-1 offset=4005000 count=1970000
    part[5] cum=75.0625% share=0.312501% device_global=5 rank=2 local_index=-1 offset=5975000 count=27500
    part[6] cum=99.75% share=24.6875% device_global=6 rank=3 local_index=-1 offset=6002500 count=1975000
    part[7] cum=100% share=0.25% device_global=7 rank=3 local_index=-1 offset=7977500 count=22500
    total=100%
  PROPOSED loads:
    part[0] cum=24.5938% share=24.5938% device_global=0 rank=0 local_index=0 offset=0 count=1967500
    part[1] cum=25.0312% share=0.437501% device_global=1 rank=0 local_index=1 offset=1967500 count=35000
    part[2] cum=49.6875% share=24.6562% device_global=2 rank=1 local_index=-1 offset=2002500 count=1972500
    part[3] cum=50.0625% share=0.375003% device_global=3 rank=1 local_index=-1 offset=3975000 count=30000
    part[4] cum=74.6875% share=24.625% device_global=4 rank=2 local_index=-1 offset=4005000 count=1970000
    part[5] cum=75.0312% share=0.343752% device_global=5 rank=2 local_index=-1 offset=5975000 count=27500
    part[6] cum=99.7188% share=24.6875% device_global=6 rank=3 local_index=-1 offset=6002500 count=1975000
    part[7] cum=100% share=0.28125% device_global=7 rank=3 local_index=-1 offset=7977500 count=22500
    total=100%
  CURRENT loads:
    part[0] cum=24.5938% share=24.5938% device_global=0 rank=0 local_index=0 offset=0 count=1967500
    part[1] cum=25.0312% share=0.437501% device_global=1 rank=0 local_index=1 offset=1967500 count=35000
    part[2] cum=49.6875% share=24.6562% device_global=2 rank=1 local_index=-1 offset=2002500 count=1972500
    part[3] cum=50.0625% share=0.375003% device_global=3 rank=1 local_index=-1 offset=3975000 count=30000
    part[4] cum=74.6875% share=24.625% device_global=4 rank=2 local_index=-1 offset=4005000 count=1970000
    part[5] cum=75.0312% share=0.343752% device_global=5 rank=2 local_index=-1 offset=5975000 count=27500
    part[6] cum=99.7188% share=24.6875% device_global=6 rank=3 local_index=-1 offset=6002500 count=1975000
    part[7] cum=100% share=0.28125% device_global=7 rank=3 local_index=-1 offset=7977500 count=22500
    total=100%
[DCL][balance-metrics] iteration=6100
  policy=threshold
  action=rebalance
  reason=accepted by fixed threshold; diff=0.000541278, threshold=0.0003125
  T_compute_interval_s=0.997043
  T_comm_interval_s=4.34316
  T_balance_total_s=0.020014
  T_rebalance_apply_s=0.00350285
  T_compute_accum_s=11.6459
  T_comm_accum_s=31.4447
  T_balance_accum_s=0.437312
  T_rebalance_apply_accum_s=0.114767
  device_times_s:
    part[0]=0.934318
    part[1]=0.997043
    part[2]=0.933812
    part[3]=0.882437
    part[4]=0.934873
    part[5]=0.86564
    part[6]=0.935735
    part[7]=0.877876
  OLD loads:
    part[0] cum=24.5938% share=24.5938% device_global=0 rank=0 local_index=0 offset=0 count=1967500
    part[1] cum=25.0312% share=0.437501% device_global=1 rank=0 local_index=1 offset=1967500 count=32500
    part[2] cum=49.6875% share=24.6562% device_global=2 rank=1 local_index=-1 offset=2000000 count=1975000
    part[3] cum=50.0625% share=0.375003% device_global=3 rank=1 local_index=-1 offset=3975000 count=30000
    part[4] cum=74.6875% share=24.625% device_global=4 rank=2 local_index=-1 offset=4005000 count=1970000
    part[5] cum=75.0312% share=0.343752% device_global=5 rank=2 local_index=-1 offset=5975000 count=30000
    part[6] cum=99.7188% share=24.6875% device_global=6 rank=3 local_index=-1 offset=6005000 count=1970000
    part[7] cum=100% share=0.28125% device_global=7 rank=3 local_index=-1 offset=7975000 count=25000
    total=100%
  PROPOSED loads:
    part[0] cum=24.5938% share=24.5938% device_global=0 rank=0 local_index=0 offset=0 count=1967500
    part[1] cum=25% share=0.40625% device_global=1 rank=0 local_index=1 offset=1967500 count=32500
    part[2] cum=49.6875% share=24.6875% device_global=2 rank=1 local_index=-1 offset=2000000 count=1975000
    part[3] cum=50.0625% share=0.375003% device_global=3 rank=1 local_index=-1 offset=3975000 count=30000
    part[4] cum=74.6875% share=24.625% device_global=4 rank=2 local_index=-1 offset=4005000 count=1970000
    part[5] cum=75.0625% share=0.375003% device_global=5 rank=2 local_index=-1 offset=5975000 count=30000
    part[6] cum=99.6875% share=24.625% device_global=6 rank=3 local_index=-1 offset=6005000 count=1970000
    part[7] cum=100% share=0.312501% device_global=7 rank=3 local_index=-1 offset=7975000 count=25000
    total=100%
  CURRENT loads:
    part[0] cum=24.5938% share=24.5938% device_global=0 rank=0 local_index=0 offset=0 count=1967500
    part[1] cum=25% share=0.40625% device_global=1 rank=0 local_index=1 offset=1967500 count=32500
    part[2] cum=49.6875% share=24.6875% device_global=2 rank=1 local_index=-1 offset=2000000 count=1975000
    part[3] cum=50.0625% share=0.375003% device_global=3 rank=1 local_index=-1 offset=3975000 count=30000
    part[4] cum=74.6875% share=24.625% device_global=4 rank=2 local_index=-1 offset=4005000 count=1970000
    part[5] cum=75.0625% share=0.375003% device_global=5 rank=2 local_index=-1 offset=5975000 count=30000
    part[6] cum=99.6875% share=24.625% device_global=6 rank=3 local_index=-1 offset=6005000 count=1970000
    part[7] cum=100% share=0.312501% device_global=7 rank=3 local_index=-1 offset=7975000 count=25000
    total=100%
[DCL][balance-metrics] iteration=7100
  policy=threshold
  action=rebalance
  reason=accepted by fixed threshold; diff=0.000541261, threshold=0.0003125
  T_compute_interval_s=0.935028
  T_comm_interval_s=4.36497
  T_balance_total_s=0.0193924
  T_rebalance_apply_s=0.00337172
  T_compute_accum_s=12.5809
  T_comm_accum_s=35.8097
  T_balance_accum_s=0.456705
  T_rebalance_apply_accum_s=0.118139
  device_times_s:
    part[0]=0.933531
    part[1]=0.928786
    part[2]=0.935028
    part[3]=0.872134
    part[4]=0.934573
    part[5]=0.918298
    part[6]=0.933126
    part[7]=0.890189
  OLD loads:
    part[0] cum=24.5938% share=24.5938% device_global=0 rank=0 local_index=0 offset=0 count=1967500
    part[1] cum=25% share=0.40625% device_global=1 rank=0 local_index=1 offset=1967500 count=32500
    part[2] cum=49.6875% share=24.6875% device_global=2 rank=1 local_index=-1 offset=2000000 count=1972500
    part[3] cum=50.0625% share=0.375003% device_global=3 rank=1 local_index=-1 offset=3972500 count=32500
    part[4] cum=74.6875% share=24.625% device_global=4 rank=2 local_index=-1 offset=4005000 count=1967500
    part[5] cum=75.0625% share=0.375003% device_global=5 rank=2 local_index=-1 offset=5972500 count=30000
    part[6] cum=99.6875% share=24.625% device_global=6 rank=3 local_index=-1 offset=6002500 count=1972500
    part[7] cum=100% share=0.312501% device_global=7 rank=3 local_index=-1 offset=7975000 count=25000
    total=100%
  PROPOSED loads:
    part[0] cum=24.5938% share=24.5938% device_global=0 rank=0 local_index=0 offset=0 count=1967500
    part[1] cum=25% share=0.40625% device_global=1 rank=0 local_index=1 offset=1967500 count=32500
    part[2] cum=49.6562% share=24.6563% device_global=2 rank=1 local_index=-1 offset=2000000 count=1972500
    part[3] cum=50.0625% share=0.40625% device_global=3 rank=1 local_index=-1 offset=3972500 count=32500
    part[4] cum=74.6562% share=24.5937% device_global=4 rank=2 local_index=-1 offset=4005000 count=1967500
    part[5] cum=75.0312% share=0.375003% device_global=5 rank=2 local_index=-1 offset=5972500 count=30000
    part[6] cum=99.6875% share=24.6562% device_global=6 rank=3 local_index=-1 offset=6002500 count=1972500
    part[7] cum=100% share=0.312501% device_global=7 rank=3 local_index=-1 offset=7975000 count=25000
    total=100%
  CURRENT loads:
    part[0] cum=24.5938% share=24.5938% device_global=0 rank=0 local_index=0 offset=0 count=1967500
    part[1] cum=25% share=0.40625% device_global=1 rank=0 local_index=1 offset=1967500 count=32500
    part[2] cum=49.6562% share=24.6563% device_global=2 rank=1 local_index=-1 offset=2000000 count=1972500
    part[3] cum=50.0625% share=0.40625% device_global=3 rank=1 local_index=-1 offset=3972500 count=32500
    part[4] cum=74.6562% share=24.5937% device_global=4 rank=2 local_index=-1 offset=4005000 count=1967500
    part[5] cum=75.0312% share=0.375003% device_global=5 rank=2 local_index=-1 offset=5972500 count=30000
    part[6] cum=99.6875% share=24.6562% device_global=6 rank=3 local_index=-1 offset=6002500 count=1972500
    part[7] cum=100% share=0.312501% device_global=7 rank=3 local_index=-1 offset=7975000 count=25000
    total=100%
[DCL][balance-metrics] iteration=8100
  policy=threshold
  action=rebalance
  reason=accepted by fixed threshold; diff=0.000312507, threshold=0.0003125
  T_compute_interval_s=0.934685
  T_comm_interval_s=4.33513
  T_balance_total_s=0.0166234
  T_rebalance_apply_s=0.00170098
  T_compute_accum_s=13.5156
  T_comm_accum_s=40.1448
  T_balance_accum_s=0.473328
  T_rebalance_apply_accum_s=0.11984
  device_times_s:
    part[0]=0.934376
    part[1]=0.930421
    part[2]=0.933877
    part[3]=0.926228
    part[4]=0.933787
    part[5]=0.904736
    part[6]=0.934685
    part[7]=0.871002
  OLD loads:
    part[0] cum=24.5938% share=24.5938% device_global=0 rank=0 local_index=0 offset=0 count=1967500
    part[1] cum=25% share=0.40625% device_global=1 rank=0 local_index=1 offset=1967500 count=32500
    part[2] cum=49.6562% share=24.6563% device_global=2 rank=1 local_index=-1 offset=2000000 count=1972500
    part[3] cum=50.0625% share=0.40625% device_global=3 rank=1 local_index=-1 offset=3972500 count=32500
    part[4] cum=74.6562% share=24.5937% device_global=4 rank=2 local_index=-1 offset=4005000 count=1967500
    part[5] cum=75.0312% share=0.375003% device_global=5 rank=2 local_index=-1 offset=5972500 count=30000
    part[6] cum=99.6875% share=24.6562% device_global=6 rank=3 local_index=-1 offset=6002500 count=1970000
    part[7] cum=100% share=0.312501% device_global=7 rank=3 local_index=-1 offset=7972500 count=27500
    total=100%
  PROPOSED loads:
    part[0] cum=24.5938% share=24.5938% device_global=0 rank=0 local_index=0 offset=0 count=1967500
    part[1] cum=25% share=0.40625% device_global=1 rank=0 local_index=1 offset=1967500 count=32500
    part[2] cum=49.6562% share=24.6563% device_global=2 rank=1 local_index=-1 offset=2000000 count=1972500
    part[3] cum=50.0625% share=0.40625% device_global=3 rank=1 local_index=-1 offset=3972500 count=32500
    part[4] cum=74.6562% share=24.5937% device_global=4 rank=2 local_index=-1 offset=4005000 count=1967500
    part[5] cum=75.0312% share=0.375003% device_global=5 rank=2 local_index=-1 offset=5972500 count=30000
    part[6] cum=99.6562% share=24.625% device_global=6 rank=3 local_index=-1 offset=6002500 count=1970000
    part[7] cum=100% share=0.343752% device_global=7 rank=3 local_index=-1 offset=7972500 count=27500
    total=100%
  CURRENT loads:
    part[0] cum=24.5938% share=24.5938% device_global=0 rank=0 local_index=0 offset=0 count=1967500
    part[1] cum=25% share=0.40625% device_global=1 rank=0 local_index=1 offset=1967500 count=32500
    part[2] cum=49.6562% share=24.6563% device_global=2 rank=1 local_index=-1 offset=2000000 count=1972500
    part[3] cum=50.0625% share=0.40625% device_global=3 rank=1 local_index=-1 offset=3972500 count=32500
    part[4] cum=74.6562% share=24.5937% device_global=4 rank=2 local_index=-1 offset=4005000 count=1967500
    part[5] cum=75.0312% share=0.375003% device_global=5 rank=2 local_index=-1 offset=5972500 count=30000
    part[6] cum=99.6562% share=24.625% device_global=6 rank=3 local_index=-1 offset=6002500 count=1970000
    part[7] cum=100% share=0.343752% device_global=7 rank=3 local_index=-1 offset=7972500 count=27500
    total=100%
[DCL][balance-metrics] iteration=9100
  policy=threshold
  action=rebalance
  reason=accepted by fixed threshold; diff=0.000698781, threshold=0.0003125
  T_compute_interval_s=0.934312
  T_comm_interval_s=4.35619
  T_balance_total_s=0.0196578
  T_rebalance_apply_s=0.00438666
  T_compute_accum_s=14.4499
  T_comm_accum_s=44.501
  T_balance_accum_s=0.492986
  T_rebalance_apply_accum_s=0.124227
  device_times_s:
    part[0]=0.934312
    part[1]=0.929429
    part[2]=0.933766
    part[3]=0.92934
    part[4]=0.933322
    part[5]=0.895754
    part[6]=0.933825
    part[7]=0.912345
  OLD loads:
    part[0] cum=24.5938% share=24.5938% device_global=0 rank=0 local_index=0 offset=0 count=1965000
    part[1] cum=25% share=0.40625% device_global=1 rank=0 local_index=1 offset=1965000 count=32500
    part[2] cum=49.6562% share=24.6563% device_global=2 rank=1 local_index=-1 offset=1997500 count=1972500
    part[3] cum=50.0625% share=0.40625% device_global=3 rank=1 local_index=-1 offset=3970000 count=32500
    part[4] cum=74.6562% share=24.5937% device_global=4 rank=2 local_index=-1 offset=4002500 count=1967500
    part[5] cum=75.0312% share=0.375003% device_global=5 rank=2 local_index=-1 offset=5970000 count=32500
    part[6] cum=99.6562% share=24.625% device_global=6 rank=3 local_index=-1 offset=6002500 count=1970000
    part[7] cum=100% share=0.343752% device_global=7 rank=3 local_index=-1 offset=7972500 count=27500
    total=100%
  PROPOSED loads:
    part[0] cum=24.5625% share=24.5625% device_global=0 rank=0 local_index=0 offset=0 count=1965000
    part[1] cum=24.9688% share=0.406249% device_global=1 rank=0 local_index=1 offset=1965000 count=32500
    part[2] cum=49.625% share=24.6563% device_global=2 rank=1 local_index=-1 offset=1997500 count=1972500
    part[3] cum=50.0312% share=0.40625% device_global=3 rank=1 local_index=-1 offset=3970000 count=32500
    part[4] cum=74.625% share=24.5937% device_global=4 rank=2 local_index=-1 offset=4002500 count=1967500
    part[5] cum=75.0312% share=0.406253% device_global=5 rank=2 local_index=-1 offset=5970000 count=32500
    part[6] cum=99.6562% share=24.625% device_global=6 rank=3 local_index=-1 offset=6002500 count=1970000
    part[7] cum=100% share=0.343752% device_global=7 rank=3 local_index=-1 offset=7972500 count=27500
    total=100%
  CURRENT loads:
    part[0] cum=24.5625% share=24.5625% device_global=0 rank=0 local_index=0 offset=0 count=1965000
    part[1] cum=24.9688% share=0.406249% device_global=1 rank=0 local_index=1 offset=1965000 count=32500
    part[2] cum=49.625% share=24.6563% device_global=2 rank=1 local_index=-1 offset=1997500 count=1972500
    part[3] cum=50.0312% share=0.40625% device_global=3 rank=1 local_index=-1 offset=3970000 count=32500
    part[4] cum=74.625% share=24.5937% device_global=4 rank=2 local_index=-1 offset=4002500 count=1967500
    part[5] cum=75.0312% share=0.406253% device_global=5 rank=2 local_index=-1 offset=5970000 count=32500
    part[6] cum=99.6562% share=24.625% device_global=6 rank=3 local_index=-1 offset=6002500 count=1970000
    part[7] cum=100% share=0.343752% device_global=7 rank=3 local_index=-1 offset=7972500 count=27500
    total=100%

=== PARTICOES FINAIS ===
=== Particoes globais ===
part[0] device_global=0 rank=0 local_index=0 offset=0 count=1965000
part[1] device_global=1 rank=0 local_index=1 offset=1965000 count=32500
part[2] device_global=2 rank=1 local_index=-1 offset=1997500 count=1972500
part[3] device_global=3 rank=1 local_index=-1 offset=3970000 count=32500
part[4] device_global=4 rank=2 local_index=-1 offset=4002500 count=1967500
part[5] device_global=5 rank=2 local_index=-1 offset=5970000 count=32500
part[6] device_global=6 rank=3 local_index=-1 offset=6002500 count=1970000
part[7] device_global=7 rank=3 local_index=-1 offset=7972500 count=27500


============================
ITERACAO 10000
Tempo de execução: 56.6925s
