=== Dispositivos locais do rank 2 ===
global=4 local=0 nome="NVIDIA RTX 2000 Ada Generation" compute_units=22
global=5 local=1 nome="Intel(R) Xeon(R) CPU           E5620  @ 2.40GHz" compute_units=16

=== Dispositivos locais do rank 0 ===
global=0 local=0 nome="NVIDIA RTX 2000 Ada Generation" compute_units=22
global=1 local=1 nome="Intel(R) Xeon(R) CPU           E5620  @ 2.40GHz" compute_units=16

=== Dispositivos locais do rank 1 ===
global=2 local=0 nome="NVIDIA RTX 2000 Ada Generation" compute_units=22
global=3 local=1 nome="Intel(R) Xeon(R) CPU           E5620  @ 2.40GHz" compute_units=16

=== Dispositivos locais do rank 3 ===
global=6 local=0 nome="NVIDIA RTX 2000 Ada Generation" compute_units=22
global=7 local=1 nome="Intel(R) Xeon(R) CPU           E5620  @ 2.40GHz" compute_units=16

=== PARTICOES INICIAIS ===
=== Particoes globais ===
part[0] device_global=0 rank=0 local_index=0 offset=0 count=1000000
part[1] device_global=1 rank=0 local_index=1 offset=1000000 count=1000000
part[2] device_global=2 rank=1 local_index=-1 offset=2000000 count=1000000
part[3] device_global=3 rank=1 local_index=-1 offset=3000000 count=1000000
part[4] device_global=4 rank=2 local_index=-1 offset=4000000 count=1000000
part[5] device_global=5 rank=2 local_index=-1 offset=5000000 count=1000000
part[6] device_global=6 rank=3 local_index=-1 offset=6000000 count=1000000
part[7] device_global=7 rank=3 local_index=-1 offset=7000000 count=1000000

X = 50 Y = 50 Z = 3200 Iterations = 10000
[DCL][balance-metrics] iteration=100
  policy=threshold
  action=rebalance
  reason=accepted by fixed threshold; diff=0.247416, threshold=0.0003125
  T_compute_interval_s=5.41359
  T_comm_interval_s=5.15597
  T_balance_total_s=0.315169
  T_rebalance_apply_s=0.0969103
  T_compute_accum_s=5.41359
  T_comm_accum_s=5.15597
  T_balance_accum_s=0.315169
  T_rebalance_apply_accum_s=0.0969103
  device_times_s:
    part[0]=0.0486362
    part[1]=3.00317
    part[2]=0.0480744
    part[3]=3.05726
    part[4]=0.0491098
    part[5]=4.27561
    part[6]=0.0488722
    part[7]=5.41359
  OLD loads:
    part[0] cum=12.5% share=12.5% device_global=0 rank=0 local_index=0 offset=0 count=1975000
    part[1] cum=25% share=12.5% device_global=1 rank=0 local_index=1 offset=1975000 count=32500
    part[2] cum=37.5% share=12.5% device_global=2 rank=1 local_index=-1 offset=2007500 count=1997500
    part[3] cum=50% share=12.5% device_global=3 rank=1 local_index=-1 offset=4005000 count=32500
    part[4] cum=62.5% share=12.5% device_global=4 rank=2 local_index=-1 offset=4037500 count=1957500
    part[5] cum=75% share=12.5% device_global=5 rank=2 local_index=-1 offset=5995000 count=22500
    part[6] cum=87.5% share=12.5% device_global=6 rank=3 local_index=-1 offset=6017500 count=1965000
    part[7] cum=100% share=12.5% device_global=7 rank=3 local_index=-1 offset=7982500 count=17500
    total=100%
  PROPOSED loads:
    part[0] cum=24.6875% share=24.6875% device_global=0 rank=0 local_index=0 offset=0 count=1975000
    part[1] cum=25.0938% share=0.406249% device_global=1 rank=0 local_index=1 offset=1975000 count=32500
    part[2] cum=50.0625% share=24.9688% device_global=2 rank=1 local_index=-1 offset=2007500 count=1997500
    part[3] cum=50.4688% share=0.406247% device_global=3 rank=1 local_index=-1 offset=4005000 count=32500
    part[4] cum=74.9375% share=24.4688% device_global=4 rank=2 local_index=-1 offset=4037500 count=1957500
    part[5] cum=75.2188% share=0.28125% device_global=5 rank=2 local_index=-1 offset=5995000 count=22500
    part[6] cum=99.7812% share=24.5625% device_global=6 rank=3 local_index=-1 offset=6017500 count=1965000
    part[7] cum=100% share=0.218749% device_global=7 rank=3 local_index=-1 offset=7982500 count=17500
    total=100%
  CURRENT loads:
    part[0] cum=24.6875% share=24.6875% device_global=0 rank=0 local_index=0 offset=0 count=1975000
    part[1] cum=25.0938% share=0.406249% device_global=1 rank=0 local_index=1 offset=1975000 count=32500
    part[2] cum=50.0625% share=24.9688% device_global=2 rank=1 local_index=-1 offset=2007500 count=1997500
    part[3] cum=50.4688% share=0.406247% device_global=3 rank=1 local_index=-1 offset=4005000 count=32500
    part[4] cum=74.9375% share=24.4688% device_global=4 rank=2 local_index=-1 offset=4037500 count=1957500
    part[5] cum=75.2188% share=0.28125% device_global=5 rank=2 local_index=-1 offset=5995000 count=22500
    part[6] cum=99.7812% share=24.5625% device_global=6 rank=3 local_index=-1 offset=6017500 count=1965000
    part[7] cum=100% share=0.218749% device_global=7 rank=3 local_index=-1 offset=7982500 count=17500
    total=100%
[DCL][balance-metrics] iteration=1100
  policy=threshold
  action=rebalance
  reason=accepted by fixed threshold; diff=0.00382733, threshold=0.0003125
  T_compute_interval_s=1.44092
  T_comm_interval_s=4.23182
  T_balance_total_s=0.0384048
  T_rebalance_apply_s=0.0219101
  T_compute_accum_s=6.85451
  T_comm_accum_s=9.38779
  T_balance_accum_s=0.353574
  T_rebalance_apply_accum_s=0.11882
  device_times_s:
    part[0]=0.938786
    part[1]=0.979281
    part[2]=0.946238
    part[3]=1.16181
    part[4]=0.930509
    part[5]=1.44092
    part[6]=0.930917
    part[7]=1.35839
  OLD loads:
    part[0] cum=24.6875% share=24.6875% device_global=0 rank=0 local_index=0 offset=0 count=1975000
    part[1] cum=25.0938% share=0.406249% device_global=1 rank=0 local_index=1 offset=1975000 count=32500
    part[2] cum=50.0625% share=24.9688% device_global=2 rank=1 local_index=-1 offset=2007500 count=1982500
    part[3] cum=50.4688% share=0.406247% device_global=3 rank=1 local_index=-1 offset=3990000 count=25000
    part[4] cum=74.9375% share=24.4688% device_global=4 rank=2 local_index=-1 offset=4015000 count=1975000
    part[5] cum=75.2188% share=0.28125% device_global=5 rank=2 local_index=-1 offset=5990000 count=15000
    part[6] cum=99.7812% share=24.5625% device_global=6 rank=3 local_index=-1 offset=6005000 count=1982500
    part[7] cum=100% share=0.218749% device_global=7 rank=3 local_index=-1 offset=7987500 count=12500
    total=100%
  PROPOSED loads:
    part[0] cum=24.6875% share=24.6875% device_global=0 rank=0 local_index=0 offset=0 count=1975000
    part[1] cum=25.0938% share=0.406249% device_global=1 rank=0 local_index=1 offset=1975000 count=32500
    part[2] cum=49.875% share=24.7812% device_global=2 rank=1 local_index=-1 offset=2007500 count=1982500
    part[3] cum=50.1875% share=0.312498% device_global=3 rank=1 local_index=-1 offset=3990000 count=25000
    part[4] cum=74.875% share=24.6875% device_global=4 rank=2 local_index=-1 offset=4015000 count=1975000
    part[5] cum=75.0625% share=0.187504% device_global=5 rank=2 local_index=-1 offset=5990000 count=15000
    part[6] cum=99.8438% share=24.7812% device_global=6 rank=3 local_index=-1 offset=6005000 count=1982500
    part[7] cum=100% share=0.156248% device_global=7 rank=3 local_index=-1 offset=7987500 count=12500
    total=100%
  CURRENT loads:
    part[0] cum=24.6875% share=24.6875% device_global=0 rank=0 local_index=0 offset=0 count=1975000
    part[1] cum=25.0938% share=0.406249% device_global=1 rank=0 local_index=1 offset=1975000 count=32500
    part[2] cum=49.875% share=24.7812% device_global=2 rank=1 local_index=-1 offset=2007500 count=1982500
    part[3] cum=50.1875% share=0.312498% device_global=3 rank=1 local_index=-1 offset=3990000 count=25000
    part[4] cum=74.875% share=24.6875% device_global=4 rank=2 local_index=-1 offset=4015000 count=1975000
    part[5] cum=75.0625% share=0.187504% device_global=5 rank=2 local_index=-1 offset=5990000 count=15000
    part[6] cum=99.8438% share=24.7812% device_global=6 rank=3 local_index=-1 offset=6005000 count=1982500
    part[7] cum=100% share=0.156248% device_global=7 rank=3 local_index=-1 offset=7987500 count=12500
    total=100%
[DCL][balance-metrics] iteration=2100
  policy=threshold
  action=rebalance
  reason=accepted by fixed threshold; diff=0.000441952, threshold=0.0003125
  T_compute_interval_s=0.945111
  T_comm_interval_s=4.28352
  T_balance_total_s=0.0216435
  T_rebalance_apply_s=0.00246344
  T_compute_accum_s=7.79962
  T_comm_accum_s=13.6713
  T_balance_accum_s=0.375217
  T_rebalance_apply_accum_s=0.121284
  device_times_s:
    part[0]=0.937655
    part[1]=0.945111
    part[2]=0.938289
    part[3]=0.80603
    part[4]=0.937786
    part[5]=0.759383
    part[6]=0.938737
    part[7]=0.939884
  OLD loads:
    part[0] cum=24.6875% share=24.6875% device_global=0 rank=0 local_index=0 offset=0 count=1975000
    part[1] cum=25.0938% share=0.406249% device_global=1 rank=0 local_index=1 offset=1975000 count=32500
    part[2] cum=49.875% share=24.7812% device_global=2 rank=1 local_index=-1 offset=2007500 count=1980000
    part[3] cum=50.1875% share=0.312498% device_global=3 rank=1 local_index=-1 offset=3987500 count=27500
    part[4] cum=74.875% share=24.6875% device_global=4 rank=2 local_index=-1 offset=4015000 count=1975000
    part[5] cum=75.0625% share=0.187504% device_global=5 rank=2 local_index=-1 offset=5990000 count=17500
    part[6] cum=99.8438% share=24.7812% device_global=6 rank=3 local_index=-1 offset=6007500 count=1980000
    part[7] cum=100% share=0.156248% device_global=7 rank=3 local_index=-1 offset=7987500 count=12500
    total=100%
  PROPOSED loads:
    part[0] cum=24.6875% share=24.6875% device_global=0 rank=0 local_index=0 offset=0 count=1975000
    part[1] cum=25.0938% share=0.406249% device_global=1 rank=0 local_index=1 offset=1975000 count=32500
    part[2] cum=49.8438% share=24.75% device_global=2 rank=1 local_index=-1 offset=2007500 count=1980000
    part[3] cum=50.1875% share=0.343749% device_global=3 rank=1 local_index=-1 offset=3987500 count=27500
    part[4] cum=74.875% share=24.6875% device_global=4 rank=2 local_index=-1 offset=4015000 count=1975000
    part[5] cum=75.0938% share=0.218755% device_global=5 rank=2 local_index=-1 offset=5990000 count=17500
    part[6] cum=99.8438% share=24.75% device_global=6 rank=3 local_index=-1 offset=6007500 count=1980000
    part[7] cum=100% share=0.156248% device_global=7 rank=3 local_index=-1 offset=7987500 count=12500
    total=100%
  CURRENT loads:
    part[0] cum=24.6875% share=24.6875% device_global=0 rank=0 local_index=0 offset=0 count=1975000
    part[1] cum=25.0938% share=0.406249% device_global=1 rank=0 local_index=1 offset=1975000 count=32500
    part[2] cum=49.8438% share=24.75% device_global=2 rank=1 local_index=-1 offset=2007500 count=1980000
    part[3] cum=50.1875% share=0.343749% device_global=3 rank=1 local_index=-1 offset=3987500 count=27500
    part[4] cum=74.875% share=24.6875% device_global=4 rank=2 local_index=-1 offset=4015000 count=1975000
    part[5] cum=75.0938% share=0.218755% device_global=5 rank=2 local_index=-1 offset=5990000 count=17500
    part[6] cum=99.8438% share=24.75% device_global=6 rank=3 local_index=-1 offset=6007500 count=1980000
    part[7] cum=100% share=0.156248% device_global=7 rank=3 local_index=-1 offset=7987500 count=12500
    total=100%
[DCL][balance-metrics] iteration=3100
  policy=threshold
  action=rebalance
  reason=accepted by fixed threshold; diff=0.000698747, threshold=0.0003125
  T_compute_interval_s=0.938025
  T_comm_interval_s=4.32282
  T_balance_total_s=0.0194469
  T_rebalance_apply_s=0.00348757
  T_compute_accum_s=8.73765
  T_comm_accum_s=17.9941
  T_balance_accum_s=0.394664
  T_rebalance_apply_accum_s=0.124771
  device_times_s:
    part[0]=0.937752
    part[1]=0.932825
    part[2]=0.936867
    part[3]=0.846345
    part[4]=0.937912
    part[5]=0.743052
    part[6]=0.938025
    part[7]=0.797637
  OLD loads:
    part[0] cum=24.6875% share=24.6875% device_global=0 rank=0 local_index=0 offset=0 count=1972500
    part[1] cum=25.0938% share=0.406249% device_global=1 rank=0 local_index=1 offset=1972500 count=32500
    part[2] cum=49.8438% share=24.75% device_global=2 rank=1 local_index=-1 offset=2005000 count=1980000
    part[3] cum=50.1875% share=0.343749% device_global=3 rank=1 local_index=-1 offset=3985000 count=30000
    part[4] cum=74.875% share=24.6875% device_global=4 rank=2 local_index=-1 offset=4015000 count=1972500
    part[5] cum=75.0938% share=0.218755% device_global=5 rank=2 local_index=-1 offset=5987500 count=20000
    part[6] cum=99.8438% share=24.75% device_global=6 rank=3 local_index=-1 offset=6007500 count=1977500
    part[7] cum=100% share=0.156248% device_global=7 rank=3 local_index=-1 offset=7985000 count=15000
    total=100%
  PROPOSED loads:
    part[0] cum=24.6562% share=24.6562% device_global=0 rank=0 local_index=0 offset=0 count=1972500
    part[1] cum=25.0625% share=0.406252% device_global=1 rank=0 local_index=1 offset=1972500 count=32500
    part[2] cum=49.8125% share=24.75% device_global=2 rank=1 local_index=-1 offset=2005000 count=1980000
    part[3] cum=50.1875% share=0.375% device_global=3 rank=1 local_index=-1 offset=3985000 count=30000
    part[4] cum=74.8438% share=24.6563% device_global=4 rank=2 local_index=-1 offset=4015000 count=1972500
    part[5] cum=75.0938% share=0.25% device_global=5 rank=2 local_index=-1 offset=5987500 count=20000
    part[6] cum=99.8125% share=24.7188% device_global=6 rank=3 local_index=-1 offset=6007500 count=1977500
    part[7] cum=100% share=0.187498% device_global=7 rank=3 local_index=-1 offset=7985000 count=15000
    total=100%
  CURRENT loads:
    part[0] cum=24.6562% share=24.6562% device_global=0 rank=0 local_index=0 offset=0 count=1972500
    part[1] cum=25.0625% share=0.406252% device_global=1 rank=0 local_index=1 offset=1972500 count=32500
    part[2] cum=49.8125% share=24.75% device_global=2 rank=1 local_index=-1 offset=2005000 count=1980000
    part[3] cum=50.1875% share=0.375% device_global=3 rank=1 local_index=-1 offset=3985000 count=30000
    part[4] cum=74.8438% share=24.6563% device_global=4 rank=2 local_index=-1 offset=4015000 count=1972500
    part[5] cum=75.0938% share=0.25% device_global=5 rank=2 local_index=-1 offset=5987500 count=20000
    part[6] cum=99.8125% share=24.7188% device_global=6 rank=3 local_index=-1 offset=6007500 count=1977500
    part[7] cum=100% share=0.187498% device_global=7 rank=3 local_index=-1 offset=7985000 count=15000
    total=100%
[DCL][balance-metrics] iteration=4100
  policy=threshold
  action=rebalance
  reason=accepted by fixed threshold; diff=0.00168286, threshold=0.0003125
  T_compute_interval_s=0.938007
  T_comm_interval_s=4.2825
  T_balance_total_s=0.0226361
  T_rebalance_apply_s=0.00717966
  T_compute_accum_s=9.67566
  T_comm_accum_s=22.2766
  T_balance_accum_s=0.4173
  T_rebalance_apply_accum_s=0.131951
  device_times_s:
    part[0]=0.936899
    part[1]=0.925373
    part[2]=0.938007
    part[3]=0.892499
    part[4]=0.937296
    part[5]=0.742254
    part[6]=0.93638
    part[7]=0.716296
  OLD loads:
    part[0] cum=24.6562% share=24.6562% device_global=0 rank=0 local_index=0 offset=0 count=1970000
    part[1] cum=25.0625% share=0.406252% device_global=1 rank=0 local_index=1 offset=1970000 count=32500
    part[2] cum=49.8125% share=24.75% device_global=2 rank=1 local_index=-1 offset=2002500 count=1975000
    part[3] cum=50.1875% share=0.375% device_global=3 rank=1 local_index=-1 offset=3977500 count=32500
    part[4] cum=74.8438% share=24.6563% device_global=4 rank=2 local_index=-1 offset=4010000 count=1970000
    part[5] cum=75.0938% share=0.25% device_global=5 rank=2 local_index=-1 offset=5980000 count=25000
    part[6] cum=99.8125% share=24.7188% device_global=6 rank=3 local_index=-1 offset=6005000 count=1975000
    part[7] cum=100% share=0.187498% device_global=7 rank=3 local_index=-1 offset=7980000 count=20000
    total=100%
  PROPOSED loads:
    part[0] cum=24.625% share=24.625% device_global=0 rank=0 local_index=0 offset=0 count=1970000
    part[1] cum=25.0312% share=0.40625% device_global=1 rank=0 local_index=1 offset=1970000 count=32500
    part[2] cum=49.7188% share=24.6875% device_global=2 rank=1 local_index=-1 offset=2002500 count=1975000
    part[3] cum=50.125% share=0.406253% device_global=3 rank=1 local_index=-1 offset=3977500 count=32500
    part[4] cum=74.75% share=24.625% device_global=4 rank=2 local_index=-1 offset=4010000 count=1970000
    part[5] cum=75.0625% share=0.312501% device_global=5 rank=2 local_index=-1 offset=5980000 count=25000
    part[6] cum=99.75% share=24.6875% device_global=6 rank=3 local_index=-1 offset=6005000 count=1975000
    part[7] cum=100% share=0.25% device_global=7 rank=3 local_index=-1 offset=7980000 count=20000
    total=100%
  CURRENT loads:
    part[0] cum=24.625% share=24.625% device_global=0 rank=0 local_index=0 offset=0 count=1970000
    part[1] cum=25.0312% share=0.40625% device_global=1 rank=0 local_index=1 offset=1970000 count=32500
    part[2] cum=49.7188% share=24.6875% device_global=2 rank=1 local_index=-1 offset=2002500 count=1975000
    part[3] cum=50.125% share=0.406253% device_global=3 rank=1 local_index=-1 offset=3977500 count=32500
    part[4] cum=74.75% share=24.625% device_global=4 rank=2 local_index=-1 offset=4010000 count=1970000
    part[5] cum=75.0625% share=0.312501% device_global=5 rank=2 local_index=-1 offset=5980000 count=25000
    part[6] cum=99.75% share=24.6875% device_global=6 rank=3 local_index=-1 offset=6005000 count=1975000
    part[7] cum=100% share=0.25% device_global=7 rank=3 local_index=-1 offset=7980000 count=20000
    total=100%
[DCL][balance-metrics] iteration=5100
  policy=threshold
  action=rebalance
  reason=accepted by fixed threshold; diff=0.000937521, threshold=0.0003125
  T_compute_interval_s=0.951515
  T_comm_interval_s=4.3446
  T_balance_total_s=0.0191397
  T_rebalance_apply_s=0.00442006
  T_compute_accum_s=10.6272
  T_comm_accum_s=26.6212
  T_balance_accum_s=0.43644
  T_rebalance_apply_accum_s=0.136371
  device_times_s:
    part[0]=0.935672
    part[1]=0.929784
    part[2]=0.935516
    part[3]=0.951515
    part[4]=0.935811
    part[5]=0.842064
    part[6]=0.935396
    part[7]=0.831342
  OLD loads:
    part[0] cum=24.625% share=24.625% device_global=0 rank=0 local_index=0 offset=0 count=1967500
    part[1] cum=25.0312% share=0.40625% device_global=1 rank=0 local_index=1 offset=1967500 count=35000
    part[2] cum=49.7188% share=24.6875% device_global=2 rank=1 local_index=-1 offset=2002500 count=1972500
    part[3] cum=50.125% share=0.406253% device_global=3 rank=1 local_index=-1 offset=3975000 count=32500
    part[4] cum=74.75% share=24.625% device_global=4 rank=2 local_index=-1 offset=4007500 count=1967500
    part[5] cum=75.0625% share=0.312501% device_global=5 rank=2 local_index=-1 offset=5975000 count=27500
    part[6] cum=99.75% share=24.6875% device_global=6 rank=3 local_index=-1 offset=6002500 count=1975000
    part[7] cum=100% share=0.25% device_global=7 rank=3 local_index=-1 offset=7977500 count=22500
    total=100%
  PROPOSED loads:
    part[0] cum=24.5938% share=24.5938% device_global=0 rank=0 local_index=0 offset=0 count=1967500
    part[1] cum=25.0312% share=0.437501% device_global=1 rank=0 local_index=1 offset=1967500 count=35000
    part[2] cum=49.6875% share=24.6562% device_global=2 rank=1 local_index=-1 offset=2002500 count=1972500
    part[3] cum=50.0938% share=0.406253% device_global=3 rank=1 local_index=-1 offset=3975000 count=32500
    part[4] cum=74.6875% share=24.5937% device_global=4 rank=2 local_index=-1 offset=4007500 count=1967500
    part[5] cum=75.0312% share=0.343752% device_global=5 rank=2 local_index=-1 offset=5975000 count=27500
    part[6] cum=99.7188% share=24.6875% device_global=6 rank=3 local_index=-1 offset=6002500 count=1975000
    part[7] cum=100% share=0.28125% device_global=7 rank=3 local_index=-1 offset=7977500 count=22500
    total=100%
  CURRENT loads:
    part[0] cum=24.5938% share=24.5938% device_global=0 rank=0 local_index=0 offset=0 count=1967500
    part[1] cum=25.0312% share=0.437501% device_global=1 rank=0 local_index=1 offset=1967500 count=35000
    part[2] cum=49.6875% share=24.6562% device_global=2 rank=1 local_index=-1 offset=2002500 count=1972500
    part[3] cum=50.0938% share=0.406253% device_global=3 rank=1 local_index=-1 offset=3975000 count=32500
    part[4] cum=74.6875% share=24.5937% device_global=4 rank=2 local_index=-1 offset=4007500 count=1967500
    part[5] cum=75.0312% share=0.343752% device_global=5 rank=2 local_index=-1 offset=5975000 count=27500
    part[6] cum=99.7188% share=24.6875% device_global=6 rank=3 local_index=-1 offset=6002500 count=1975000
    part[7] cum=100% share=0.28125% device_global=7 rank=3 local_index=-1 offset=7977500 count=22500
    total=100%
[DCL][balance-metrics] iteration=6100
  policy=threshold
  action=rebalance
  reason=accepted by fixed threshold; diff=0.000541278, threshold=0.0003125
  T_compute_interval_s=0.981922
  T_comm_interval_s=4.31575
  T_balance_total_s=0.0192125
  T_rebalance_apply_s=0.0029408
  T_compute_accum_s=11.6091
  T_comm_accum_s=30.937
  T_balance_accum_s=0.455652
  T_rebalance_apply_accum_s=0.139312
  device_times_s:
    part[0]=0.934416
    part[1]=0.981922
    part[2]=0.933877
    part[3]=0.932395
    part[4]=0.933772
    part[5]=0.873718
    part[6]=0.936144
    part[7]=0.881294
  OLD loads:
    part[0] cum=24.5938% share=24.5938% device_global=0 rank=0 local_index=0 offset=0 count=1967500
    part[1] cum=25.0312% share=0.437501% device_global=1 rank=0 local_index=1 offset=1967500 count=32500
    part[2] cum=49.6875% share=24.6562% device_global=2 rank=1 local_index=-1 offset=2000000 count=1975000
    part[3] cum=50.0938% share=0.406253% device_global=3 rank=1 local_index=-1 offset=3975000 count=32500
    part[4] cum=74.6875% share=24.5937% device_global=4 rank=2 local_index=-1 offset=4007500 count=1967500
    part[5] cum=75.0312% share=0.343752% device_global=5 rank=2 local_index=-1 offset=5975000 count=30000
    part[6] cum=99.7188% share=24.6875% device_global=6 rank=3 local_index=-1 offset=6005000 count=1970000
    part[7] cum=100% share=0.28125% device_global=7 rank=3 local_index=-1 offset=7975000 count=25000
    total=100%
  PROPOSED loads:
    part[0] cum=24.5938% share=24.5938% device_global=0 rank=0 local_index=0 offset=0 count=1967500
    part[1] cum=25% share=0.40625% device_global=1 rank=0 local_index=1 offset=1967500 count=32500
    part[2] cum=49.6875% share=24.6875% device_global=2 rank=1 local_index=-1 offset=2000000 count=1975000
    part[3] cum=50.0938% share=0.406253% device_global=3 rank=1 local_index=-1 offset=3975000 count=32500
    part[4] cum=74.6875% share=24.5937% device_global=4 rank=2 local_index=-1 offset=4007500 count=1967500
    part[5] cum=75.0625% share=0.375003% device_global=5 rank=2 local_index=-1 offset=5975000 count=30000
    part[6] cum=99.6875% share=24.625% device_global=6 rank=3 local_index=-1 offset=6005000 count=1970000
    part[7] cum=100% share=0.312501% device_global=7 rank=3 local_index=-1 offset=7975000 count=25000
    total=100%
  CURRENT loads:
    part[0] cum=24.5938% share=24.5938% device_global=0 rank=0 local_index=0 offset=0 count=1967500
    part[1] cum=25% share=0.40625% device_global=1 rank=0 local_index=1 offset=1967500 count=32500
    part[2] cum=49.6875% share=24.6875% device_global=2 rank=1 local_index=-1 offset=2000000 count=1975000
    part[3] cum=50.0938% share=0.406253% device_global=3 rank=1 local_index=-1 offset=3975000 count=32500
    part[4] cum=74.6875% share=24.5937% device_global=4 rank=2 local_index=-1 offset=4007500 count=1967500
    part[5] cum=75.0625% share=0.375003% device_global=5 rank=2 local_index=-1 offset=5975000 count=30000
    part[6] cum=99.6875% share=24.625% device_global=6 rank=3 local_index=-1 offset=6005000 count=1970000
    part[7] cum=100% share=0.312501% device_global=7 rank=3 local_index=-1 offset=7975000 count=25000
    total=100%
[DCL][balance-metrics] iteration=7100
  policy=threshold
  action=rebalance
  reason=accepted by fixed threshold; diff=0.000624999, threshold=0.0003125
  T_compute_interval_s=0.938439
  T_comm_interval_s=4.32707
  T_balance_total_s=0.0198389
  T_rebalance_apply_s=0.00421955
  T_compute_accum_s=12.5475
  T_comm_accum_s=35.264
  T_balance_accum_s=0.475491
  T_rebalance_apply_accum_s=0.143531
  device_times_s:
    part[0]=0.934361
    part[1]=0.930201
    part[2]=0.93532
    part[3]=0.938439
    part[4]=0.93387
    part[5]=0.930004
    part[6]=0.933347
    part[7]=0.896966
  OLD loads:
    part[0] cum=24.5938% share=24.5938% device_global=0 rank=0 local_index=0 offset=0 count=1967500
    part[1] cum=25% share=0.40625% device_global=1 rank=0 local_index=1 offset=1967500 count=32500
    part[2] cum=49.6875% share=24.6875% device_global=2 rank=1 local_index=-1 offset=2000000 count=1972500
    part[3] cum=50.0938% share=0.406253% device_global=3 rank=1 local_index=-1 offset=3972500 count=32500
    part[4] cum=74.6875% share=24.5937% device_global=4 rank=2 local_index=-1 offset=4005000 count=1967500
    part[5] cum=75.0625% share=0.375003% device_global=5 rank=2 local_index=-1 offset=5972500 count=30000
    part[6] cum=99.6875% share=24.625% device_global=6 rank=3 local_index=-1 offset=6002500 count=1972500
    part[7] cum=100% share=0.312501% device_global=7 rank=3 local_index=-1 offset=7975000 count=25000
    total=100%
  PROPOSED loads:
    part[0] cum=24.5938% share=24.5938% device_global=0 rank=0 local_index=0 offset=0 count=1967500
    part[1] cum=25% share=0.40625% device_global=1 rank=0 local_index=1 offset=1967500 count=32500
    part[2] cum=49.6562% share=24.6563% device_global=2 rank=1 local_index=-1 offset=2000000 count=1972500
    part[3] cum=50.0625% share=0.40625% device_global=3 rank=1 local_index=-1 offset=3972500 count=32500
    part[4] cum=74.6562% share=24.5937% device_global=4 rank=2 local_index=-1 offset=4005000 count=1967500
    part[5] cum=75.0312% share=0.375003% device_global=5 rank=2 local_index=-1 offset=5972500 count=30000
    part[6] cum=99.6875% share=24.6562% device_global=6 rank=3 local_index=-1 offset=6002500 count=1972500
    part[7] cum=100% share=0.312501% device_global=7 rank=3 local_index=-1 offset=7975000 count=25000
    total=100%
  CURRENT loads:
    part[0] cum=24.5938% share=24.5938% device_global=0 rank=0 local_index=0 offset=0 count=1967500
    part[1] cum=25% share=0.40625% device_global=1 rank=0 local_index=1 offset=1967500 count=32500
    part[2] cum=49.6562% share=24.6563% device_global=2 rank=1 local_index=-1 offset=2000000 count=1972500
    part[3] cum=50.0625% share=0.40625% device_global=3 rank=1 local_index=-1 offset=3972500 count=32500
    part[4] cum=74.6562% share=24.5937% device_global=4 rank=2 local_index=-1 offset=4005000 count=1967500
    part[5] cum=75.0312% share=0.375003% device_global=5 rank=2 local_index=-1 offset=5972500 count=30000
    part[6] cum=99.6875% share=24.6562% device_global=6 rank=3 local_index=-1 offset=6002500 count=1972500
    part[7] cum=100% share=0.312501% device_global=7 rank=3 local_index=-1 offset=7975000 count=25000
    total=100%
[DCL][balance-metrics] iteration=8100
  policy=threshold
  action=rebalance
  reason=accepted by fixed threshold; diff=0.000625007, threshold=0.0003125
  T_compute_interval_s=0.934932
  T_comm_interval_s=4.26441
  T_balance_total_s=0.0211192
  T_rebalance_apply_s=0.00360205
  T_compute_accum_s=13.4825
  T_comm_accum_s=39.5285
  T_balance_accum_s=0.496611
  T_rebalance_apply_accum_s=0.147133
  device_times_s:
    part[0]=0.934838
    part[1]=0.932871
    part[2]=0.933966
    part[3]=0.92927
    part[4]=0.93399
    part[5]=0.91018
    part[6]=0.934932
    part[7]=0.864543
  OLD loads:
    part[0] cum=24.5938% share=24.5938% device_global=0 rank=0 local_index=0 offset=0 count=1965000
    part[1] cum=25% share=0.40625% device_global=1 rank=0 local_index=1 offset=1965000 count=32500
    part[2] cum=49.6562% share=24.6563% device_global=2 rank=1 local_index=-1 offset=1997500 count=1972500
    part[3] cum=50.0625% share=0.40625% device_global=3 rank=1 local_index=-1 offset=3970000 count=35000
    part[4] cum=74.6562% share=24.5937% device_global=4 rank=2 local_index=-1 offset=4005000 count=1967500
    part[5] cum=75.0312% share=0.375003% device_global=5 rank=2 local_index=-1 offset=5972500 count=30000
    part[6] cum=99.6875% share=24.6562% device_global=6 rank=3 local_index=-1 offset=6002500 count=1970000
    part[7] cum=100% share=0.312501% device_global=7 rank=3 local_index=-1 offset=7972500 count=27500
    total=100%
  PROPOSED loads:
    part[0] cum=24.5625% share=24.5625% device_global=0 rank=0 local_index=0 offset=0 count=1965000
    part[1] cum=24.9688% share=0.406249% device_global=1 rank=0 local_index=1 offset=1965000 count=32500
    part[2] cum=49.625% share=24.6563% device_global=2 rank=1 local_index=-1 offset=1997500 count=1972500
    part[3] cum=50.0625% share=0.437501% device_global=3 rank=1 local_index=-1 offset=3970000 count=35000
    part[4] cum=74.6562% share=24.5937% device_global=4 rank=2 local_index=-1 offset=4005000 count=1967500
    part[5] cum=75.0312% share=0.375003% device_global=5 rank=2 local_index=-1 offset=5972500 count=30000
    part[6] cum=99.6562% share=24.625% device_global=6 rank=3 local_index=-1 offset=6002500 count=1970000
    part[7] cum=100% share=0.343752% device_global=7 rank=3 local_index=-1 offset=7972500 count=27500
    total=100%
  CURRENT loads:
    part[0] cum=24.5625% share=24.5625% device_global=0 rank=0 local_index=0 offset=0 count=1965000
    part[1] cum=24.9688% share=0.406249% device_global=1 rank=0 local_index=1 offset=1965000 count=32500
    part[2] cum=49.625% share=24.6563% device_global=2 rank=1 local_index=-1 offset=1997500 count=1972500
    part[3] cum=50.0625% share=0.437501% device_global=3 rank=1 local_index=-1 offset=3970000 count=35000
    part[4] cum=74.6562% share=24.5937% device_global=4 rank=2 local_index=-1 offset=4005000 count=1967500
    part[5] cum=75.0312% share=0.375003% device_global=5 rank=2 local_index=-1 offset=5972500 count=30000
    part[6] cum=99.6562% share=24.625% device_global=6 rank=3 local_index=-1 offset=6002500 count=1970000
    part[7] cum=100% share=0.343752% device_global=7 rank=3 local_index=-1 offset=7972500 count=27500
    total=100%
[DCL][balance-metrics] iteration=9100
  policy=threshold
  action=rebalance
  reason=accepted by fixed threshold; diff=0.000541278, threshold=0.0003125
  T_compute_interval_s=0.983212
  T_comm_interval_s=4.25951
  T_balance_total_s=0.0203911
  T_rebalance_apply_s=0.00555971
  T_compute_accum_s=14.4657
  T_comm_accum_s=43.788
  T_balance_accum_s=0.517002
  T_rebalance_apply_accum_s=0.152693
  device_times_s:
    part[0]=0.933579
    part[1]=0.930754
    part[2]=0.934437
    part[3]=0.983212
    part[4]=0.934178
    part[5]=0.901374
    part[6]=0.933509
    part[7]=0.901409
  OLD loads:
    part[0] cum=24.5625% share=24.5625% device_global=0 rank=0 local_index=0 offset=0 count=1965000
    part[1] cum=24.9688% share=0.406249% device_global=1 rank=0 local_index=1 offset=1965000 count=32500
    part[2] cum=49.625% share=24.6563% device_global=2 rank=1 local_index=-1 offset=1997500 count=1972500
    part[3] cum=50.0625% share=0.437501% device_global=3 rank=1 local_index=-1 offset=3970000 count=32500
    part[4] cum=74.6562% share=24.5937% device_global=4 rank=2 local_index=-1 offset=4002500 count=1967500
    part[5] cum=75.0312% share=0.375003% device_global=5 rank=2 local_index=-1 offset=5970000 count=30000
    part[6] cum=99.6562% share=24.625% device_global=6 rank=3 local_index=-1 offset=6000000 count=1972500
    part[7] cum=100% share=0.343752% device_global=7 rank=3 local_index=-1 offset=7972500 count=27500
    total=100%
  PROPOSED loads:
    part[0] cum=24.5625% share=24.5625% device_global=0 rank=0 local_index=0 offset=0 count=1965000
    part[1] cum=24.9688% share=0.406249% device_global=1 rank=0 local_index=1 offset=1965000 count=32500
    part[2] cum=49.625% share=24.6563% device_global=2 rank=1 local_index=-1 offset=1997500 count=1972500
    part[3] cum=50.0312% share=0.40625% device_global=3 rank=1 local_index=-1 offset=3970000 count=32500
    part[4] cum=74.625% share=24.5937% device_global=4 rank=2 local_index=-1 offset=4002500 count=1967500
    part[5] cum=75% share=0.375003% device_global=5 rank=2 local_index=-1 offset=5970000 count=30000
    part[6] cum=99.6562% share=24.6562% device_global=6 rank=3 local_index=-1 offset=6000000 count=1972500
    part[7] cum=100% share=0.343752% device_global=7 rank=3 local_index=-1 offset=7972500 count=27500
    total=100%
  CURRENT loads:
    part[0] cum=24.5625% share=24.5625% device_global=0 rank=0 local_index=0 offset=0 count=1965000
    part[1] cum=24.9688% share=0.406249% device_global=1 rank=0 local_index=1 offset=1965000 count=32500
    part[2] cum=49.625% share=24.6563% device_global=2 rank=1 local_index=-1 offset=1997500 count=1972500
    part[3] cum=50.0312% share=0.40625% device_global=3 rank=1 local_index=-1 offset=3970000 count=32500
    part[4] cum=74.625% share=24.5937% device_global=4 rank=2 local_index=-1 offset=4002500 count=1967500
    part[5] cum=75% share=0.375003% device_global=5 rank=2 local_index=-1 offset=5970000 count=30000
    part[6] cum=99.6562% share=24.6562% device_global=6 rank=3 local_index=-1 offset=6000000 count=1972500
    part[7] cum=100% share=0.343752% device_global=7 rank=3 local_index=-1 offset=7972500 count=27500
    total=100%

=== PARTICOES FINAIS ===
=== Particoes globais ===
part[0] device_global=0 rank=0 local_index=0 offset=0 count=1965000
part[1] device_global=1 rank=0 local_index=1 offset=1965000 count=32500
part[2] device_global=2 rank=1 local_index=-1 offset=1997500 count=1972500
part[3] device_global=3 rank=1 local_index=-1 offset=3970000 count=32500
part[4] device_global=4 rank=2 local_index=-1 offset=4002500 count=1967500
part[5] device_global=5 rank=2 local_index=-1 offset=5970000 count=30000
part[6] device_global=6 rank=3 local_index=-1 offset=6000000 count=1972500
part[7] device_global=7 rank=3 local_index=-1 offset=7972500 count=27500


============================
ITERACAO 10000
Tempo de execução: 56.1017s
