=== Dispositivos locais do rank 1 ===
global=2 local=0 nome="NVIDIA RTX 2000 Ada Generation" compute_units=22
global=3 local=1 nome="Intel(R) Xeon(R) CPU           E5620  @ 2.40GHz" compute_units=16

=== Dispositivos locais do rank 3 ===
global=6 local=0 nome="NVIDIA RTX 2000 Ada Generation" compute_units=22
global=7 local=1 nome="Intel(R) Xeon(R) CPU           E5620  @ 2.40GHz" compute_units=16

=== Dispositivos locais do rank 0 ===
global=0 local=0 nome="NVIDIA RTX 2000 Ada Generation" compute_units=22
global=1 local=1 nome="Intel(R) Xeon(R) CPU           E5620  @ 2.40GHz" compute_units=16

=== Dispositivos locais do rank 2 ===
global=4 local=0 nome="NVIDIA RTX 2000 Ada Generation" compute_units=22
global=5 local=1 nome="Intel(R) Xeon(R) CPU           E5620  @ 2.40GHz" compute_units=16

=== PARTICOES INICIAIS ===
=== Particoes globais ===
part[0] device_global=0 rank=0 local_index=0 offset=0 count=1000000
part[1] device_global=1 rank=0 local_index=1 offset=1000000 count=1000000
part[2] device_global=2 rank=1 local_index=-1 offset=2000000 count=1000000
part[3] device_global=3 rank=1 local_index=-1 offset=3000000 count=1000000
part[4] device_global=4 rank=2 local_index=-1 offset=4000000 count=1000000
part[5] device_global=5 rank=2 local_index=-1 offset=5000000 count=1000000
part[6] device_global=6 rank=3 local_index=-1 offset=6000000 count=1000000
part[7] device_global=7 rank=3 local_index=-1 offset=7000000 count=1000000

X = 50 Y = 50 Z = 3200 Iterations = 10000
[DCL][balance-metrics] iteration=100
  policy=threshold
  action=rebalance
  reason=accepted by fixed threshold; diff=0.24806, threshold=0.0003125
  T_compute_interval_s=5.43147
  T_comm_interval_s=5.34172
  T_balance_total_s=0.343499
  T_rebalance_apply_s=0.125681
  T_compute_accum_s=5.43147
  T_comm_accum_s=5.34172
  T_balance_accum_s=0.343499
  T_rebalance_apply_accum_s=0.125681
  device_times_s:
    part[0]=0.0487165
    part[1]=3.02966
    part[2]=0.048071
    part[3]=3.05505
    part[4]=0.049327
    part[5]=4.27367
    part[6]=0.0490116
    part[7]=5.43147
  OLD loads:
    part[0] cum=12.5% share=12.5% device_global=0 rank=0 local_index=0 offset=0 count=1977500
    part[1] cum=25% share=12.5% device_global=1 rank=0 local_index=1 offset=1977500 count=30000
    part[2] cum=37.5% share=12.5% device_global=2 rank=1 local_index=-1 offset=2007500 count=2005000
    part[3] cum=50% share=12.5% device_global=3 rank=1 local_index=-1 offset=4012500 count=30000
    part[4] cum=62.5% share=12.5% device_global=4 rank=2 local_index=-1 offset=4042500 count=1952500
    part[5] cum=75% share=12.5% device_global=5 rank=2 local_index=-1 offset=5995000 count=22500
    part[6] cum=87.5% share=12.5% device_global=6 rank=3 local_index=-1 offset=6017500 count=1965000
    part[7] cum=100% share=12.5% device_global=7 rank=3 local_index=-1 offset=7982500 count=17500
    total=100%
  PROPOSED loads:
    part[0] cum=24.7188% share=24.7188% device_global=0 rank=0 local_index=0 offset=0 count=1977500
    part[1] cum=25.0938% share=0.375% device_global=1 rank=0 local_index=1 offset=1977500 count=30000
    part[2] cum=50.1562% share=25.0625% device_global=2 rank=1 local_index=-1 offset=2007500 count=2005000
    part[3] cum=50.5312% share=0.375003% device_global=3 rank=1 local_index=-1 offset=4012500 count=30000
    part[4] cum=74.9375% share=24.4062% device_global=4 rank=2 local_index=-1 offset=4042500 count=1952500
    part[5] cum=75.2188% share=0.28125% device_global=5 rank=2 local_index=-1 offset=5995000 count=22500
    part[6] cum=99.7812% share=24.5625% device_global=6 rank=3 local_index=-1 offset=6017500 count=1965000
    part[7] cum=100% share=0.218749% device_global=7 rank=3 local_index=-1 offset=7982500 count=17500
    total=100%
  CURRENT loads:
    part[0] cum=24.7188% share=24.7188% device_global=0 rank=0 local_index=0 offset=0 count=1977500
    part[1] cum=25.0938% share=0.375% device_global=1 rank=0 local_index=1 offset=1977500 count=30000
    part[2] cum=50.1562% share=25.0625% device_global=2 rank=1 local_index=-1 offset=2007500 count=2005000
    part[3] cum=50.5312% share=0.375003% device_global=3 rank=1 local_index=-1 offset=4012500 count=30000
    part[4] cum=74.9375% share=24.4062% device_global=4 rank=2 local_index=-1 offset=4042500 count=1952500
    part[5] cum=75.2188% share=0.28125% device_global=5 rank=2 local_index=-1 offset=5995000 count=22500
    part[6] cum=99.7812% share=24.5625% device_global=6 rank=3 local_index=-1 offset=6017500 count=1965000
    part[7] cum=100% share=0.218749% device_global=7 rank=3 local_index=-1 offset=7982500 count=17500
    total=100%
[DCL][balance-metrics] iteration=1100
  policy=threshold
  action=rebalance
  reason=accepted by fixed threshold; diff=0.00439725, threshold=0.0003125
  T_compute_interval_s=1.43826
  T_comm_interval_s=4.25266
  T_balance_total_s=0.0388571
  T_rebalance_apply_s=0.0226252
  T_compute_accum_s=6.86973
  T_comm_accum_s=9.59438
  T_balance_accum_s=0.382356
  T_rebalance_apply_accum_s=0.148307
  device_times_s:
    part[0]=0.939467
    part[1]=0.917109
    part[2]=0.950191
    part[3]=1.0859
    part[4]=0.930445
    part[5]=1.43826
    part[6]=0.93168
    part[7]=1.37345
  OLD loads:
    part[0] cum=24.7188% share=24.7188% device_global=0 rank=0 local_index=0 offset=0 count=1977500
    part[1] cum=25.0938% share=0.375% device_global=1 rank=0 local_index=1 offset=1977500 count=32500
    part[2] cum=50.1562% share=25.0625% device_global=2 rank=1 local_index=-1 offset=2010000 count=1982500
    part[3] cum=50.5312% share=0.375003% device_global=3 rank=1 local_index=-1 offset=3992500 count=25000
    part[4] cum=74.9375% share=24.4062% device_global=4 rank=2 local_index=-1 offset=4017500 count=1972500
    part[5] cum=75.2188% share=0.28125% device_global=5 rank=2 local_index=-1 offset=5990000 count=15000
    part[6] cum=99.7812% share=24.5625% device_global=6 rank=3 local_index=-1 offset=6005000 count=1982500
    part[7] cum=100% share=0.218749% device_global=7 rank=3 local_index=-1 offset=7987500 count=12500
    total=100%
  PROPOSED loads:
    part[0] cum=24.7188% share=24.7188% device_global=0 rank=0 local_index=0 offset=0 count=1977500
    part[1] cum=25.125% share=0.40625% device_global=1 rank=0 local_index=1 offset=1977500 count=32500
    part[2] cum=49.9062% share=24.7812% device_global=2 rank=1 local_index=-1 offset=2010000 count=1982500
    part[3] cum=50.2188% share=0.312498% device_global=3 rank=1 local_index=-1 offset=3992500 count=25000
    part[4] cum=74.875% share=24.6562% device_global=4 rank=2 local_index=-1 offset=4017500 count=1972500
    part[5] cum=75.0625% share=0.187504% device_global=5 rank=2 local_index=-1 offset=5990000 count=15000
    part[6] cum=99.8438% share=24.7812% device_global=6 rank=3 local_index=-1 offset=6005000 count=1982500
    part[7] cum=100% share=0.156248% device_global=7 rank=3 local_index=-1 offset=7987500 count=12500
    total=100%
  CURRENT loads:
    part[0] cum=24.7188% share=24.7188% device_global=0 rank=0 local_index=0 offset=0 count=1977500
    part[1] cum=25.125% share=0.40625% device_global=1 rank=0 local_index=1 offset=1977500 count=32500
    part[2] cum=49.9062% share=24.7812% device_global=2 rank=1 local_index=-1 offset=2010000 count=1982500
    part[3] cum=50.2188% share=0.312498% device_global=3 rank=1 local_index=-1 offset=3992500 count=25000
    part[4] cum=74.875% share=24.6562% device_global=4 rank=2 local_index=-1 offset=4017500 count=1972500
    part[5] cum=75.0625% share=0.187504% device_global=5 rank=2 local_index=-1 offset=5990000 count=15000
    part[6] cum=99.8438% share=24.7812% device_global=6 rank=3 local_index=-1 offset=6005000 count=1982500
    part[7] cum=100% share=0.156248% device_global=7 rank=3 local_index=-1 offset=7987500 count=12500
    total=100%
[DCL][balance-metrics] iteration=2100
  policy=threshold
  action=rebalance
  reason=accepted by fixed threshold; diff=0.000988234, threshold=0.0003125
  T_compute_interval_s=0.956596
  T_comm_interval_s=4.22837
  T_balance_total_s=0.02366
  T_rebalance_apply_s=0.00572815
  T_compute_accum_s=7.82632
  T_comm_accum_s=13.8227
  T_balance_accum_s=0.406016
  T_rebalance_apply_accum_s=0.154035
  device_times_s:
    part[0]=0.938312
    part[1]=0.946184
    part[2]=0.939905
    part[3]=0.800909
    part[4]=0.937013
    part[5]=0.760993
    part[6]=0.939586
    part[7]=0.956596
  OLD loads:
    part[0] cum=24.7188% share=24.7188% device_global=0 rank=0 local_index=0 offset=0 count=1977500
    part[1] cum=25.125% share=0.40625% device_global=1 rank=0 local_index=1 offset=1977500 count=30000
    part[2] cum=49.9062% share=24.7812% device_global=2 rank=1 local_index=-1 offset=2007500 count=1980000
    part[3] cum=50.2188% share=0.312498% device_global=3 rank=1 local_index=-1 offset=3987500 count=27500
    part[4] cum=74.875% share=24.6562% device_global=4 rank=2 local_index=-1 offset=4015000 count=1975000
    part[5] cum=75.0625% share=0.187504% device_global=5 rank=2 local_index=-1 offset=5990000 count=20000
    part[6] cum=99.8438% share=24.7812% device_global=6 rank=3 local_index=-1 offset=6010000 count=1977500
    part[7] cum=100% share=0.156248% device_global=7 rank=3 local_index=-1 offset=7987500 count=12500
    total=100%
  PROPOSED loads:
    part[0] cum=24.7188% share=24.7188% device_global=0 rank=0 local_index=0 offset=0 count=1977500
    part[1] cum=25.0938% share=0.375% device_global=1 rank=0 local_index=1 offset=1977500 count=30000
    part[2] cum=49.8438% share=24.75% device_global=2 rank=1 local_index=-1 offset=2007500 count=1980000
    part[3] cum=50.1875% share=0.343749% device_global=3 rank=1 local_index=-1 offset=3987500 count=27500
    part[4] cum=74.875% share=24.6875% device_global=4 rank=2 local_index=-1 offset=4015000 count=1975000
    part[5] cum=75.125% share=0.250006% device_global=5 rank=2 local_index=-1 offset=5990000 count=20000
    part[6] cum=99.8438% share=24.7188% device_global=6 rank=3 local_index=-1 offset=6010000 count=1977500
    part[7] cum=100% share=0.156248% device_global=7 rank=3 local_index=-1 offset=7987500 count=12500
    total=100%
  CURRENT loads:
    part[0] cum=24.7188% share=24.7188% device_global=0 rank=0 local_index=0 offset=0 count=1977500
    part[1] cum=25.0938% share=0.375% device_global=1 rank=0 local_index=1 offset=1977500 count=30000
    part[2] cum=49.8438% share=24.75% device_global=2 rank=1 local_index=-1 offset=2007500 count=1980000
    part[3] cum=50.1875% share=0.343749% device_global=3 rank=1 local_index=-1 offset=3987500 count=27500
    part[4] cum=74.875% share=24.6875% device_global=4 rank=2 local_index=-1 offset=4015000 count=1975000
    part[5] cum=75.125% share=0.250006% device_global=5 rank=2 local_index=-1 offset=5990000 count=20000
    part[6] cum=99.8438% share=24.7188% device_global=6 rank=3 local_index=-1 offset=6010000 count=1977500
    part[7] cum=100% share=0.156248% device_global=7 rank=3 local_index=-1 offset=7987500 count=12500
    total=100%
[DCL][balance-metrics] iteration=3100
  policy=threshold
  action=rebalance
  reason=accepted by fixed threshold; diff=0.00103642, threshold=0.0003125
  T_compute_interval_s=0.938642
  T_comm_interval_s=4.22806
  T_balance_total_s=0.018607
  T_rebalance_apply_s=0.00367579
  T_compute_accum_s=8.76497
  T_comm_accum_s=18.0508
  T_balance_accum_s=0.424623
  T_rebalance_apply_accum_s=0.15771
  device_times_s:
    part[0]=0.938642
    part[1]=0.873071
    part[2]=0.93799
    part[3]=0.845201
    part[4]=0.937969
    part[5]=0.802103
    part[6]=0.937627
    part[7]=0.802934
  OLD loads:
    part[0] cum=24.7188% share=24.7188% device_global=0 rank=0 local_index=0 offset=0 count=1972500
    part[1] cum=25.0938% share=0.375% device_global=1 rank=0 local_index=1 offset=1972500 count=32500
    part[2] cum=49.8438% share=24.75% device_global=2 rank=1 local_index=-1 offset=2005000 count=1977500
    part[3] cum=50.1875% share=0.343749% device_global=3 rank=1 local_index=-1 offset=3982500 count=32500
    part[4] cum=74.875% share=24.6875% device_global=4 rank=2 local_index=-1 offset=4015000 count=1972500
    part[5] cum=75.125% share=0.250006% device_global=5 rank=2 local_index=-1 offset=5987500 count=22500
    part[6] cum=99.8438% share=24.7188% device_global=6 rank=3 local_index=-1 offset=6010000 count=1975000
    part[7] cum=100% share=0.156248% device_global=7 rank=3 local_index=-1 offset=7985000 count=15000
    total=100%
  PROPOSED loads:
    part[0] cum=24.6562% share=24.6562% device_global=0 rank=0 local_index=0 offset=0 count=1972500
    part[1] cum=25.0625% share=0.406252% device_global=1 rank=0 local_index=1 offset=1972500 count=32500
    part[2] cum=49.7812% share=24.7188% device_global=2 rank=1 local_index=-1 offset=2005000 count=1977500
    part[3] cum=50.1875% share=0.406247% device_global=3 rank=1 local_index=-1 offset=3982500 count=32500
    part[4] cum=74.8438% share=24.6563% device_global=4 rank=2 local_index=-1 offset=4015000 count=1972500
    part[5] cum=75.125% share=0.28125% device_global=5 rank=2 local_index=-1 offset=5987500 count=22500
    part[6] cum=99.8125% share=24.6875% device_global=6 rank=3 local_index=-1 offset=6010000 count=1975000
    part[7] cum=100% share=0.187498% device_global=7 rank=3 local_index=-1 offset=7985000 count=15000
    total=100%
  CURRENT loads:
    part[0] cum=24.6562% share=24.6562% device_global=0 rank=0 local_index=0 offset=0 count=1972500
    part[1] cum=25.0625% share=0.406252% device_global=1 rank=0 local_index=1 offset=1972500 count=32500
    part[2] cum=49.7812% share=24.7188% device_global=2 rank=1 local_index=-1 offset=2005000 count=1977500
    part[3] cum=50.1875% share=0.406247% device_global=3 rank=1 local_index=-1 offset=3982500 count=32500
    part[4] cum=74.8438% share=24.6563% device_global=4 rank=2 local_index=-1 offset=4015000 count=1972500
    part[5] cum=75.125% share=0.28125% device_global=5 rank=2 local_index=-1 offset=5987500 count=22500
    part[6] cum=99.8125% share=24.6875% device_global=6 rank=3 local_index=-1 offset=6010000 count=1975000
    part[7] cum=100% share=0.187498% device_global=7 rank=3 local_index=-1 offset=7985000 count=15000
    total=100%
[DCL][balance-metrics] iteration=4100
  policy=threshold
  action=rebalance
  reason=accepted by fixed threshold; diff=0.00146576, threshold=0.0003125
  T_compute_interval_s=0.956832
  T_comm_interval_s=4.20038
  T_balance_total_s=0.023456
  T_rebalance_apply_s=0.0062125
  T_compute_accum_s=9.7218
  T_comm_accum_s=22.2512
  T_balance_accum_s=0.448079
  T_rebalance_apply_accum_s=0.163923
  device_times_s:
    part[0]=0.936124
    part[1]=0.937015
    part[2]=0.937419
    part[3]=0.956832
    part[4]=0.936666
    part[5]=0.813966
    part[6]=0.936243
    part[7]=0.713381
  OLD loads:
    part[0] cum=24.6562% share=24.6562% device_global=0 rank=0 local_index=0 offset=0 count=1972500
    part[1] cum=25.0625% share=0.406252% device_global=1 rank=0 local_index=1 offset=1972500 count=32500
    part[2] cum=49.7812% share=24.7188% device_global=2 rank=1 local_index=-1 offset=2005000 count=1972500
    part[3] cum=50.1875% share=0.406247% device_global=3 rank=1 local_index=-1 offset=3977500 count=32500
    part[4] cum=74.8438% share=24.6563% device_global=4 rank=2 local_index=-1 offset=4010000 count=1970000
    part[5] cum=75.125% share=0.28125% device_global=5 rank=2 local_index=-1 offset=5980000 count=27500
    part[6] cum=99.8125% share=24.6875% device_global=6 rank=3 local_index=-1 offset=6007500 count=1972500
    part[7] cum=100% share=0.187498% device_global=7 rank=3 local_index=-1 offset=7980000 count=20000
    total=100%
  PROPOSED loads:
    part[0] cum=24.6562% share=24.6562% device_global=0 rank=0 local_index=0 offset=0 count=1972500
    part[1] cum=25.0625% share=0.406252% device_global=1 rank=0 local_index=1 offset=1972500 count=32500
    part[2] cum=49.7188% share=24.6562% device_global=2 rank=1 local_index=-1 offset=2005000 count=1972500
    part[3] cum=50.125% share=0.406253% device_global=3 rank=1 local_index=-1 offset=3977500 count=32500
    part[4] cum=74.75% share=24.625% device_global=4 rank=2 local_index=-1 offset=4010000 count=1970000
    part[5] cum=75.0938% share=0.343752% device_global=5 rank=2 local_index=-1 offset=5980000 count=27500
    part[6] cum=99.75% share=24.6562% device_global=6 rank=3 local_index=-1 offset=6007500 count=1972500
    part[7] cum=100% share=0.25% device_global=7 rank=3 local_index=-1 offset=7980000 count=20000
    total=100%
  CURRENT loads:
    part[0] cum=24.6562% share=24.6562% device_global=0 rank=0 local_index=0 offset=0 count=1972500
    part[1] cum=25.0625% share=0.406252% device_global=1 rank=0 local_index=1 offset=1972500 count=32500
    part[2] cum=49.7188% share=24.6562% device_global=2 rank=1 local_index=-1 offset=2005000 count=1972500
    part[3] cum=50.125% share=0.406253% device_global=3 rank=1 local_index=-1 offset=3977500 count=32500
    part[4] cum=74.75% share=24.625% device_global=4 rank=2 local_index=-1 offset=4010000 count=1970000
    part[5] cum=75.0938% share=0.343752% device_global=5 rank=2 local_index=-1 offset=5980000 count=27500
    part[6] cum=99.75% share=24.6562% device_global=6 rank=3 local_index=-1 offset=6007500 count=1972500
    part[7] cum=100% share=0.25% device_global=7 rank=3 local_index=-1 offset=7980000 count=20000
    total=100%
[DCL][balance-metrics] iteration=5100
  policy=threshold
  action=rebalance
  reason=accepted by fixed threshold; diff=0.00098823, threshold=0.0003125
  T_compute_interval_s=0.946298
  T_comm_interval_s=4.26313
  T_balance_total_s=0.0242127
  T_rebalance_apply_s=0.0063783
  T_compute_accum_s=10.6681
  T_comm_accum_s=26.5143
  T_balance_accum_s=0.472292
  T_rebalance_apply_accum_s=0.170301
  device_times_s:
    part[0]=0.936345
    part[1]=0.930764
    part[2]=0.935205
    part[3]=0.946298
    part[4]=0.935704
    part[5]=0.907618
    part[6]=0.934925
    part[7]=0.827717
  OLD loads:
    part[0] cum=24.6562% share=24.6562% device_global=0 rank=0 local_index=0 offset=0 count=1970000
    part[1] cum=25.0625% share=0.406252% device_global=1 rank=0 local_index=1 offset=1970000 count=32500
    part[2] cum=49.7188% share=24.6562% device_global=2 rank=1 local_index=-1 offset=2002500 count=1972500
    part[3] cum=50.125% share=0.406253% device_global=3 rank=1 local_index=-1 offset=3975000 count=32500
    part[4] cum=74.75% share=24.625% device_global=4 rank=2 local_index=-1 offset=4007500 count=1967500
    part[5] cum=75.0938% share=0.343752% device_global=5 rank=2 local_index=-1 offset=5975000 count=30000
    part[6] cum=99.75% share=24.6562% device_global=6 rank=3 local_index=-1 offset=6005000 count=1972500
    part[7] cum=100% share=0.25% device_global=7 rank=3 local_index=-1 offset=7977500 count=22500
    total=100%
  PROPOSED loads:
    part[0] cum=24.625% share=24.625% device_global=0 rank=0 local_index=0 offset=0 count=1970000
    part[1] cum=25.0312% share=0.40625% device_global=1 rank=0 local_index=1 offset=1970000 count=32500
    part[2] cum=49.6875% share=24.6562% device_global=2 rank=1 local_index=-1 offset=2002500 count=1972500
    part[3] cum=50.0938% share=0.406253% device_global=3 rank=1 local_index=-1 offset=3975000 count=32500
    part[4] cum=74.6875% share=24.5937% device_global=4 rank=2 local_index=-1 offset=4007500 count=1967500
    part[5] cum=75.0625% share=0.375003% device_global=5 rank=2 local_index=-1 offset=5975000 count=30000
    part[6] cum=99.7188% share=24.6562% device_global=6 rank=3 local_index=-1 offset=6005000 count=1972500
    part[7] cum=100% share=0.28125% device_global=7 rank=3 local_index=-1 offset=7977500 count=22500
    total=100%
  CURRENT loads:
    part[0] cum=24.625% share=24.625% device_global=0 rank=0 local_index=0 offset=0 count=1970000
    part[1] cum=25.0312% share=0.40625% device_global=1 rank=0 local_index=1 offset=1970000 count=32500
    part[2] cum=49.6875% share=24.6562% device_global=2 rank=1 local_index=-1 offset=2002500 count=1972500
    part[3] cum=50.0938% share=0.406253% device_global=3 rank=1 local_index=-1 offset=3975000 count=32500
    part[4] cum=74.6875% share=24.5937% device_global=4 rank=2 local_index=-1 offset=4007500 count=1967500
    part[5] cum=75.0625% share=0.375003% device_global=5 rank=2 local_index=-1 offset=5975000 count=30000
    part[6] cum=99.7188% share=24.6562% device_global=6 rank=3 local_index=-1 offset=6005000 count=1972500
    part[7] cum=100% share=0.28125% device_global=7 rank=3 local_index=-1 offset=7977500 count=22500
    total=100%
[DCL][balance-metrics] iteration=6100
  policy=threshold
  action=rebalance
  reason=accepted by fixed threshold; diff=0.000624999, threshold=0.0003125
  T_compute_interval_s=0.948896
  T_comm_interval_s=4.21985
  T_balance_total_s=0.0187084
  T_rebalance_apply_s=0.00370219
  T_compute_accum_s=11.617
  T_comm_accum_s=30.7342
  T_balance_accum_s=0.491
  T_rebalance_apply_accum_s=0.174003
  device_times_s:
    part[0]=0.935962
    part[1]=0.929607
    part[2]=0.934516
    part[3]=0.931091
    part[4]=0.93435
    part[5]=0.948896
    part[6]=0.935235
    part[7]=0.882498
  OLD loads:
    part[0] cum=24.625% share=24.625% device_global=0 rank=0 local_index=0 offset=0 count=1967500
    part[1] cum=25.0312% share=0.40625% device_global=1 rank=0 local_index=1 offset=1967500 count=32500
    part[2] cum=49.6875% share=24.6562% device_global=2 rank=1 local_index=-1 offset=2000000 count=1972500
    part[3] cum=50.0938% share=0.406253% device_global=3 rank=1 local_index=-1 offset=3972500 count=35000
    part[4] cum=74.6875% share=24.5937% device_global=4 rank=2 local_index=-1 offset=4007500 count=1967500
    part[5] cum=75.0625% share=0.375003% device_global=5 rank=2 local_index=-1 offset=5975000 count=30000
    part[6] cum=99.7188% share=24.6562% device_global=6 rank=3 local_index=-1 offset=6005000 count=1970000
    part[7] cum=100% share=0.28125% device_global=7 rank=3 local_index=-1 offset=7975000 count=25000
    total=100%
  PROPOSED loads:
    part[0] cum=24.5938% share=24.5938% device_global=0 rank=0 local_index=0 offset=0 count=1967500
    part[1] cum=25% share=0.40625% device_global=1 rank=0 local_index=1 offset=1967500 count=32500
    part[2] cum=49.6562% share=24.6563% device_global=2 rank=1 local_index=-1 offset=2000000 count=1972500
    part[3] cum=50.0938% share=0.437501% device_global=3 rank=1 local_index=-1 offset=3972500 count=35000
    part[4] cum=74.6875% share=24.5937% device_global=4 rank=2 local_index=-1 offset=4007500 count=1967500
    part[5] cum=75.0625% share=0.375003% device_global=5 rank=2 local_index=-1 offset=5975000 count=30000
    part[6] cum=99.6875% share=24.625% device_global=6 rank=3 local_index=-1 offset=6005000 count=1970000
    part[7] cum=100% share=0.312501% device_global=7 rank=3 local_index=-1 offset=7975000 count=25000
    total=100%
  CURRENT loads:
    part[0] cum=24.5938% share=24.5938% device_global=0 rank=0 local_index=0 offset=0 count=1967500
    part[1] cum=25% share=0.40625% device_global=1 rank=0 local_index=1 offset=1967500 count=32500
    part[2] cum=49.6562% share=24.6563% device_global=2 rank=1 local_index=-1 offset=2000000 count=1972500
    part[3] cum=50.0938% share=0.437501% device_global=3 rank=1 local_index=-1 offset=3972500 count=35000
    part[4] cum=74.6875% share=24.5937% device_global=4 rank=2 local_index=-1 offset=4007500 count=1967500
    part[5] cum=75.0625% share=0.375003% device_global=5 rank=2 local_index=-1 offset=5975000 count=30000
    part[6] cum=99.6875% share=24.625% device_global=6 rank=3 local_index=-1 offset=6005000 count=1970000
    part[7] cum=100% share=0.312501% device_global=7 rank=3 local_index=-1 offset=7975000 count=25000
    total=100%
[DCL][balance-metrics] iteration=7100
  policy=threshold
  action=rebalance
  reason=accepted by fixed threshold; diff=0.000541278, threshold=0.0003125
  T_compute_interval_s=0.993599
  T_comm_interval_s=4.25211
  T_balance_total_s=0.0187777
  T_rebalance_apply_s=0.00389826
  T_compute_accum_s=12.6106
  T_comm_accum_s=34.9863
  T_balance_accum_s=0.509778
  T_rebalance_apply_accum_s=0.177902
  device_times_s:
    part[0]=0.934363
    part[1]=0.932143
    part[2]=0.934939
    part[3]=0.993599
    part[4]=0.934437
    part[5]=0.928687
    part[6]=0.933586
    part[7]=0.895124
  OLD loads:
    part[0] cum=24.5938% share=24.5938% device_global=0 rank=0 local_index=0 offset=0 count=1967500
    part[1] cum=25% share=0.40625% device_global=1 rank=0 local_index=1 offset=1967500 count=32500
    part[2] cum=49.6562% share=24.6563% device_global=2 rank=1 local_index=-1 offset=2000000 count=1972500
    part[3] cum=50.0938% share=0.437501% device_global=3 rank=1 local_index=-1 offset=3972500 count=32500
    part[4] cum=74.6875% share=24.5937% device_global=4 rank=2 local_index=-1 offset=4005000 count=1967500
    part[5] cum=75.0625% share=0.375003% device_global=5 rank=2 local_index=-1 offset=5972500 count=30000
    part[6] cum=99.6875% share=24.625% device_global=6 rank=3 local_index=-1 offset=6002500 count=1972500
    part[7] cum=100% share=0.312501% device_global=7 rank=3 local_index=-1 offset=7975000 count=25000
    total=100%
  PROPOSED loads:
    part[0] cum=24.5938% share=24.5938% device_global=0 rank=0 local_index=0 offset=0 count=1967500
    part[1] cum=25% share=0.40625% device_global=1 rank=0 local_index=1 offset=1967500 count=32500
    part[2] cum=49.6562% share=24.6563% device_global=2 rank=1 local_index=-1 offset=2000000 count=1972500
    part[3] cum=50.0625% share=0.40625% device_global=3 rank=1 local_index=-1 offset=3972500 count=32500
    part[4] cum=74.6562% share=24.5937% device_global=4 rank=2 local_index=-1 offset=4005000 count=1967500
    part[5] cum=75.0312% share=0.375003% device_global=5 rank=2 local_index=-1 offset=5972500 count=30000
    part[6] cum=99.6875% share=24.6562% device_global=6 rank=3 local_index=-1 offset=6002500 count=1972500
    part[7] cum=100% share=0.312501% device_global=7 rank=3 local_index=-1 offset=7975000 count=25000
    total=100%
  CURRENT loads:
    part[0] cum=24.5938% share=24.5938% device_global=0 rank=0 local_index=0 offset=0 count=1967500
    part[1] cum=25% share=0.40625% device_global=1 rank=0 local_index=1 offset=1967500 count=32500
    part[2] cum=49.6562% share=24.6563% device_global=2 rank=1 local_index=-1 offset=2000000 count=1972500
    part[3] cum=50.0625% share=0.40625% device_global=3 rank=1 local_index=-1 offset=3972500 count=32500
    part[4] cum=74.6562% share=24.5937% device_global=4 rank=2 local_index=-1 offset=4005000 count=1967500
    part[5] cum=75.0312% share=0.375003% device_global=5 rank=2 local_index=-1 offset=5972500 count=30000
    part[6] cum=99.6875% share=24.6562% device_global=6 rank=3 local_index=-1 offset=6002500 count=1972500
    part[7] cum=100% share=0.312501% device_global=7 rank=3 local_index=-1 offset=7975000 count=25000
    total=100%
[DCL][balance-metrics] iteration=8100
  policy=threshold
  action=rebalance
  reason=accepted by fixed threshold; diff=0.000698787, threshold=0.0003125
  T_compute_interval_s=0.935163
  T_comm_interval_s=4.24574
  T_balance_total_s=0.0183088
  T_rebalance_apply_s=0.0042625
  T_compute_accum_s=13.5458
  T_comm_accum_s=39.232
  T_balance_accum_s=0.528087
  T_rebalance_apply_accum_s=0.182164
  device_times_s:
    part[0]=0.934294
    part[1]=0.935163
    part[2]=0.934806
    part[3]=0.926736
    part[4]=0.934371
    part[5]=0.921941
    part[6]=0.934665
    part[7]=0.853511
  OLD loads:
    part[0] cum=24.5938% share=24.5938% device_global=0 rank=0 local_index=0 offset=0 count=1967500
    part[1] cum=25% share=0.40625% device_global=1 rank=0 local_index=1 offset=1967500 count=32500
    part[2] cum=49.6562% share=24.6563% device_global=2 rank=1 local_index=-1 offset=2000000 count=1970000
    part[3] cum=50.0625% share=0.40625% device_global=3 rank=1 local_index=-1 offset=3970000 count=32500
    part[4] cum=74.6562% share=24.5937% device_global=4 rank=2 local_index=-1 offset=4002500 count=1967500
    part[5] cum=75.0312% share=0.375003% device_global=5 rank=2 local_index=-1 offset=5970000 count=30000
    part[6] cum=99.6875% share=24.6562% device_global=6 rank=3 local_index=-1 offset=6000000 count=1972500
    part[7] cum=100% share=0.312501% device_global=7 rank=3 local_index=-1 offset=7972500 count=27500
    total=100%
  PROPOSED loads:
    part[0] cum=24.5938% share=24.5938% device_global=0 rank=0 local_index=0 offset=0 count=1967500
    part[1] cum=25% share=0.40625% device_global=1 rank=0 local_index=1 offset=1967500 count=32500
    part[2] cum=49.625% share=24.625% device_global=2 rank=1 local_index=-1 offset=2000000 count=1970000
    part[3] cum=50.0312% share=0.40625% device_global=3 rank=1 local_index=-1 offset=3970000 count=32500
    part[4] cum=74.625% share=24.5937% device_global=4 rank=2 local_index=-1 offset=4002500 count=1967500
    part[5] cum=75% share=0.375003% device_global=5 rank=2 local_index=-1 offset=5970000 count=30000
    part[6] cum=99.6562% share=24.6562% device_global=6 rank=3 local_index=-1 offset=6000000 count=1972500
    part[7] cum=100% share=0.343752% device_global=7 rank=3 local_index=-1 offset=7972500 count=27500
    total=100%
  CURRENT loads:
    part[0] cum=24.5938% share=24.5938% device_global=0 rank=0 local_index=0 offset=0 count=1967500
    part[1] cum=25% share=0.40625% device_global=1 rank=0 local_index=1 offset=1967500 count=32500
    part[2] cum=49.625% share=24.625% device_global=2 rank=1 local_index=-1 offset=2000000 count=1970000
    part[3] cum=50.0312% share=0.40625% device_global=3 rank=1 local_index=-1 offset=3970000 count=32500
    part[4] cum=74.625% share=24.5937% device_global=4 rank=2 local_index=-1 offset=4002500 count=1967500
    part[5] cum=75% share=0.375003% device_global=5 rank=2 local_index=-1 offset=5970000 count=30000
    part[6] cum=99.6562% share=24.6562% device_global=6 rank=3 local_index=-1 offset=6000000 count=1972500
    part[7] cum=100% share=0.343752% device_global=7 rank=3 local_index=-1 offset=7972500 count=27500
    total=100%
[DCL][balance-metrics] iteration=9100
  policy=threshold
  action=rebalance
  reason=accepted by fixed threshold; diff=0.000441952, threshold=0.0003125
  T_compute_interval_s=0.935094
  T_comm_interval_s=4.25775
  T_balance_total_s=0.0173896
  T_rebalance_apply_s=0.00248495
  T_compute_accum_s=14.4808
  T_comm_accum_s=43.4898
  T_balance_accum_s=0.545477
  T_rebalance_apply_accum_s=0.184649
  device_times_s:
    part[0]=0.934207
    part[1]=0.931952
    part[2]=0.933447
    part[3]=0.925247
    part[4]=0.934845
    part[5]=0.916229
    part[6]=0.935094
    part[7]=0.90068
  OLD loads:
    part[0] cum=24.5938% share=24.5938% device_global=0 rank=0 local_index=0 offset=0 count=1967500
    part[1] cum=25% share=0.40625% device_global=1 rank=0 local_index=1 offset=1967500 count=32500
    part[2] cum=49.625% share=24.625% device_global=2 rank=1 local_index=-1 offset=2000000 count=1972500
    part[3] cum=50.0312% share=0.40625% device_global=3 rank=1 local_index=-1 offset=3972500 count=32500
    part[4] cum=74.625% share=24.5937% device_global=4 rank=2 local_index=-1 offset=4005000 count=1965000
    part[5] cum=75% share=0.375003% device_global=5 rank=2 local_index=-1 offset=5970000 count=30000
    part[6] cum=99.6562% share=24.6562% device_global=6 rank=3 local_index=-1 offset=6000000 count=1972500
    part[7] cum=100% share=0.343752% device_global=7 rank=3 local_index=-1 offset=7972500 count=27500
    total=100%
  PROPOSED loads:
    part[0] cum=24.5938% share=24.5938% device_global=0 rank=0 local_index=0 offset=0 count=1967500
    part[1] cum=25% share=0.40625% device_global=1 rank=0 local_index=1 offset=1967500 count=32500
    part[2] cum=49.6562% share=24.6563% device_global=2 rank=1 local_index=-1 offset=2000000 count=1972500
    part[3] cum=50.0625% share=0.40625% device_global=3 rank=1 local_index=-1 offset=3972500 count=32500
    part[4] cum=74.625% share=24.5625% device_global=4 rank=2 local_index=-1 offset=4005000 count=1965000
    part[5] cum=75% share=0.375003% device_global=5 rank=2 local_index=-1 offset=5970000 count=30000
    part[6] cum=99.6562% share=24.6562% device_global=6 rank=3 local_index=-1 offset=6000000 count=1972500
    part[7] cum=100% share=0.343752% device_global=7 rank=3 local_index=-1 offset=7972500 count=27500
    total=100%
  CURRENT loads:
    part[0] cum=24.5938% share=24.5938% device_global=0 rank=0 local_index=0 offset=0 count=1967500
    part[1] cum=25% share=0.40625% device_global=1 rank=0 local_index=1 offset=1967500 count=32500
    part[2] cum=49.6562% share=24.6563% device_global=2 rank=1 local_index=-1 offset=2000000 count=1972500
    part[3] cum=50.0625% share=0.40625% device_global=3 rank=1 local_index=-1 offset=3972500 count=32500
    part[4] cum=74.625% share=24.5625% device_global=4 rank=2 local_index=-1 offset=4005000 count=1965000
    part[5] cum=75% share=0.375003% device_global=5 rank=2 local_index=-1 offset=5970000 count=30000
    part[6] cum=99.6562% share=24.6562% device_global=6 rank=3 local_index=-1 offset=6000000 count=1972500
    part[7] cum=100% share=0.343752% device_global=7 rank=3 local_index=-1 offset=7972500 count=27500
    total=100%

=== PARTICOES FINAIS ===
=== Particoes globais ===
part[0] device_global=0 rank=0 local_index=0 offset=0 count=1967500
part[1] device_global=1 rank=0 local_index=1 offset=1967500 count=32500
part[2] device_global=2 rank=1 local_index=-1 offset=2000000 count=1972500
part[3] device_global=3 rank=1 local_index=-1 offset=3972500 count=32500
part[4] device_global=4 rank=2 local_index=-1 offset=4005000 count=1965000
part[5] device_global=5 rank=2 local_index=-1 offset=5970000 count=30000
part[6] device_global=6 rank=3 local_index=-1 offset=6000000 count=1972500
part[7] device_global=7 rank=3 local_index=-1 offset=7972500 count=27500


============================
ITERACAO 10000
Tempo de execução: 55.7186s
