=== Dispositivos locais do rank 1 ===
global=2 local=0 nome="NVIDIA RTX 2000 Ada Generation" compute_units=22
global=3 local=1 nome="Intel(R) Xeon(R) CPU           E5620  @ 2.40GHz" compute_units=16

=== Dispositivos locais do rank 0 ===
global=0 local=0 nome="NVIDIA RTX 2000 Ada Generation" compute_units=22
global=1 local=1 nome="Intel(R) Xeon(R) CPU           E5620  @ 2.40GHz" compute_units=16

=== PARTICOES INICIAIS ===
=== Particoes globais ===
part[0] device_global=0 rank=0 local_index=0 offset=0 count=2000000
part[1] device_global=1 rank=0 local_index=1 offset=2000000 count=2000000
part[2] device_global=2 rank=1 local_index=-1 offset=4000000 count=2000000
part[3] device_global=3 rank=1 local_index=-1 offset=6000000 count=2000000

X = 50 Y = 50 Z = 3200 Iterations = 10000
[DCL][balance-metrics] iteration=100
  policy=threshold
  action=rebalance
  reason=accepted by fixed threshold; diff=0.348279, threshold=0.01
  T_compute_interval_s=10.4039
  T_comm_interval_s=9.29277
  T_balance_total_s=0.36409
  T_rebalance_apply_s=0.149326
  T_compute_accum_s=10.4039
  T_comm_accum_s=9.29277
  T_balance_accum_s=0.36409
  T_rebalance_apply_accum_s=0.149326
  device_times_s:
    part[0]=0.0928497
    part[1]=6.11373
    part[2]=0.0939007
    part[3]=10.4039
  OLD loads:
    part[0] cum=25% share=25% device_global=0 rank=0 local_index=0 offset=0 count=3975000
    part[1] cum=50% share=25% device_global=1 rank=0 local_index=1 offset=3975000 count=60000
    part[2] cum=75% share=25% device_global=2 rank=1 local_index=-1 offset=4035000 count=3930000
    part[3] cum=100% share=25% device_global=3 rank=1 local_index=-1 offset=7965000 count=35000
    total=100%
  PROPOSED loads:
    part[0] cum=49.6875% share=49.6875% device_global=0 rank=0 local_index=0 offset=0 count=3975000
    part[1] cum=50.4375% share=0.749999% device_global=1 rank=0 local_index=1 offset=3975000 count=60000
    part[2] cum=99.5625% share=49.125% device_global=2 rank=1 local_index=-1 offset=4035000 count=3930000
    part[3] cum=100% share=0.437498% device_global=3 rank=1 local_index=-1 offset=7965000 count=35000
    total=100%
  CURRENT loads:
    part[0] cum=49.6875% share=49.6875% device_global=0 rank=0 local_index=0 offset=0 count=3975000
    part[1] cum=50.4375% share=0.749999% device_global=1 rank=0 local_index=1 offset=3975000 count=60000
    part[2] cum=99.5625% share=49.125% device_global=2 rank=1 local_index=-1 offset=4035000 count=3930000
    part[3] cum=100% share=0.437498% device_global=3 rank=1 local_index=-1 offset=7965000 count=35000
    total=100%
[DCL][balance-metrics] iteration=1100
  policy=threshold
  action=skip
  reason=load difference below fixed threshold; diff=0.00357671, threshold=0.01
  T_compute_interval_s=2.45492
  T_comm_interval_s=1.84847
  T_balance_total_s=0.00959989
  T_rebalance_apply_s=0
  T_compute_accum_s=12.8588
  T_comm_accum_s=11.1412
  T_balance_accum_s=0.37369
  T_rebalance_apply_accum_s=0.149326
  device_times_s:
    part[0]=1.59572
    part[1]=1.89902
    part[2]=1.57588
    part[3]=2.45492
  OLD loads:
    part[0] cum=49.6875% share=49.6875% device_global=0 rank=0 local_index=0 offset=0 count=3975000
    part[1] cum=50.4375% share=0.749999% device_global=1 rank=0 local_index=1 offset=3975000 count=60000
    part[2] cum=99.5625% share=49.125% device_global=2 rank=1 local_index=-1 offset=4035000 count=3930000
    part[3] cum=100% share=0.437498% device_global=3 rank=1 local_index=-1 offset=7965000 count=35000
    total=100%
  PROPOSED loads:
    part[0] cum=49.5312% share=49.5312% device_global=0 rank=0 local_index=0 offset=0 count=3975000
    part[1] cum=50.1562% share=0.624996% device_global=1 rank=0 local_index=1 offset=3975000 count=60000
    part[2] cum=99.7188% share=49.5625% device_global=2 rank=1 local_index=-1 offset=4035000 count=3930000
    part[3] cum=100% share=0.28125% device_global=3 rank=1 local_index=-1 offset=7965000 count=35000
    total=100%
  CURRENT loads:
    part[0] cum=49.6875% share=49.6875% device_global=0 rank=0 local_index=0 offset=0 count=3975000
    part[1] cum=50.4375% share=0.749999% device_global=1 rank=0 local_index=1 offset=3975000 count=60000
    part[2] cum=99.5625% share=49.125% device_global=2 rank=1 local_index=-1 offset=4035000 count=3930000
    part[3] cum=100% share=0.437498% device_global=3 rank=1 local_index=-1 offset=7965000 count=35000
    total=100%
[DCL][balance-metrics] iteration=2100
  policy=threshold
  action=skip
  reason=load difference below fixed threshold; diff=0.00481083, threshold=0.01
  T_compute_interval_s=2.1994
  T_comm_interval_s=1.82815
  T_balance_total_s=0.00929483
  T_rebalance_apply_s=0
  T_compute_accum_s=15.0582
  T_comm_accum_s=12.9694
  T_balance_accum_s=0.382985
  T_rebalance_apply_accum_s=0.149326
  device_times_s:
    part[0]=1.57741
    part[1]=1.61916
    part[2]=1.55197
    part[3]=2.1994
  OLD loads:
    part[0] cum=49.6875% share=49.6875% device_global=0 rank=0 local_index=0 offset=0 count=3975000
    part[1] cum=50.4375% share=0.749999% device_global=1 rank=0 local_index=1 offset=3975000 count=60000
    part[2] cum=99.5625% share=49.125% device_global=2 rank=1 local_index=-1 offset=4035000 count=3930000
    part[3] cum=100% share=0.437498% device_global=3 rank=1 local_index=-1 offset=7965000 count=35000
    total=100%
  PROPOSED loads:
    part[0] cum=49.375% share=49.375% device_global=0 rank=0 local_index=0 offset=0 count=3975000
    part[1] cum=50.0938% share=0.718752% device_global=1 rank=0 local_index=1 offset=3975000 count=60000
    part[2] cum=99.6875% share=49.5937% device_global=2 rank=1 local_index=-1 offset=4035000 count=3930000
    part[3] cum=100% share=0.312501% device_global=3 rank=1 local_index=-1 offset=7965000 count=35000
    total=100%
  CURRENT loads:
    part[0] cum=49.6875% share=49.6875% device_global=0 rank=0 local_index=0 offset=0 count=3975000
    part[1] cum=50.4375% share=0.749999% device_global=1 rank=0 local_index=1 offset=3975000 count=60000
    part[2] cum=99.5625% share=49.125% device_global=2 rank=1 local_index=-1 offset=4035000 count=3930000
    part[3] cum=100% share=0.437498% device_global=3 rank=1 local_index=-1 offset=7965000 count=35000
    total=100%
[DCL][balance-metrics] iteration=3100
  policy=threshold
  action=skip
  reason=load difference below fixed threshold; diff=0.00533997, threshold=0.01
  T_compute_interval_s=1.79582
  T_comm_interval_s=1.83245
  T_balance_total_s=0.00944051
  T_rebalance_apply_s=0
  T_compute_accum_s=16.854
  T_comm_accum_s=14.8018
  T_balance_accum_s=0.392426
  T_rebalance_apply_accum_s=0.149326
  device_times_s:
    part[0]=1.57732
    part[1]=1.56419
    part[2]=1.55179
    part[3]=1.79582
  OLD loads:
    part[0] cum=49.6875% share=49.6875% device_global=0 rank=0 local_index=0 offset=0 count=3975000
    part[1] cum=50.4375% share=0.749999% device_global=1 rank=0 local_index=1 offset=3975000 count=60000
    part[2] cum=99.5625% share=49.125% device_global=2 rank=1 local_index=-1 offset=4035000 count=3930000
    part[3] cum=100% share=0.437498% device_global=3 rank=1 local_index=-1 offset=7965000 count=35000
    total=100%
  PROPOSED loads:
    part[0] cum=49.3125% share=49.3125% device_global=0 rank=0 local_index=0 offset=0 count=3975000
    part[1] cum=50.0625% share=0.750002% device_global=1 rank=0 local_index=1 offset=3975000 count=60000
    part[2] cum=99.625% share=49.5625% device_global=2 rank=1 local_index=-1 offset=4035000 count=3930000
    part[3] cum=100% share=0.375003% device_global=3 rank=1 local_index=-1 offset=7965000 count=35000
    total=100%
  CURRENT loads:
    part[0] cum=49.6875% share=49.6875% device_global=0 rank=0 local_index=0 offset=0 count=3975000
    part[1] cum=50.4375% share=0.749999% device_global=1 rank=0 local_index=1 offset=3975000 count=60000
    part[2] cum=99.5625% share=49.125% device_global=2 rank=1 local_index=-1 offset=4035000 count=3930000
    part[3] cum=100% share=0.437498% device_global=3 rank=1 local_index=-1 offset=7965000 count=35000
    total=100%
[DCL][balance-metrics] iteration=4100
  policy=threshold
  action=skip
  reason=load difference below fixed threshold; diff=0.0057537, threshold=0.01
  T_compute_interval_s=1.57733
  T_comm_interval_s=1.81429
  T_balance_total_s=0.012642
  T_rebalance_apply_s=0
  T_compute_accum_s=18.4314
  T_comm_accum_s=16.6161
  T_balance_accum_s=0.405068
  T_rebalance_apply_accum_s=0.149326
  device_times_s:
    part[0]=1.57733
    part[1]=1.5411
    part[2]=1.55173
    part[3]=1.5095
  OLD loads:
    part[0] cum=49.6875% share=49.6875% device_global=0 rank=0 local_index=0 offset=0 count=3975000
    part[1] cum=50.4375% share=0.749999% device_global=1 rank=0 local_index=1 offset=3975000 count=60000
    part[2] cum=99.5625% share=49.125% device_global=2 rank=1 local_index=-1 offset=4035000 count=3930000
    part[3] cum=100% share=0.437498% device_global=3 rank=1 local_index=-1 offset=7965000 count=35000
    total=100%
  PROPOSED loads:
    part[0] cum=49.2812% share=49.2812% device_global=0 rank=0 local_index=0 offset=0 count=3975000
    part[1] cum=50.0312% share=0.749999% device_global=1 rank=0 local_index=1 offset=3975000 count=60000
    part[2] cum=99.5312% share=49.5% device_global=2 rank=1 local_index=-1 offset=4035000 count=3930000
    part[3] cum=100% share=0.468749% device_global=3 rank=1 local_index=-1 offset=7965000 count=35000
    total=100%
  CURRENT loads:
    part[0] cum=49.6875% share=49.6875% device_global=0 rank=0 local_index=0 offset=0 count=3975000
    part[1] cum=50.4375% share=0.749999% device_global=1 rank=0 local_index=1 offset=3975000 count=60000
    part[2] cum=99.5625% share=49.125% device_global=2 rank=1 local_index=-1 offset=4035000 count=3930000
    part[3] cum=100% share=0.437498% device_global=3 rank=1 local_index=-1 offset=7965000 count=35000
    total=100%
[DCL][balance-metrics] iteration=5100
  policy=threshold
  action=skip
  reason=load difference below fixed threshold; diff=0.00644233, threshold=0.01
  T_compute_interval_s=1.57747
  T_comm_interval_s=1.81697
  T_balance_total_s=0.00934755
  T_rebalance_apply_s=0
  T_compute_accum_s=20.0088
  T_comm_accum_s=18.4331
  T_balance_accum_s=0.414415
  T_rebalance_apply_accum_s=0.149326
  device_times_s:
    part[0]=1.57747
    part[1]=1.52026
    part[2]=1.55108
    part[3]=1.37239
  OLD loads:
    part[0] cum=49.6875% share=49.6875% device_global=0 rank=0 local_index=0 offset=0 count=3975000
    part[1] cum=50.4375% share=0.749999% device_global=1 rank=0 local_index=1 offset=3975000 count=60000
    part[2] cum=99.5625% share=49.125% device_global=2 rank=1 local_index=-1 offset=4035000 count=3930000
    part[3] cum=100% share=0.437498% device_global=3 rank=1 local_index=-1 offset=7965000 count=35000
    total=100%
  PROPOSED loads:
    part[0] cum=49.2188% share=49.2188% device_global=0 rank=0 local_index=0 offset=0 count=3975000
    part[1] cum=50% share=0.78125% device_global=1 rank=0 local_index=1 offset=3975000 count=60000
    part[2] cum=99.5% share=49.5% device_global=2 rank=1 local_index=-1 offset=4035000 count=3930000
    part[3] cum=100% share=0.5% device_global=3 rank=1 local_index=-1 offset=7965000 count=35000
    total=100%
  CURRENT loads:
    part[0] cum=49.6875% share=49.6875% device_global=0 rank=0 local_index=0 offset=0 count=3975000
    part[1] cum=50.4375% share=0.749999% device_global=1 rank=0 local_index=1 offset=3975000 count=60000
    part[2] cum=99.5625% share=49.125% device_global=2 rank=1 local_index=-1 offset=4035000 count=3930000
    part[3] cum=100% share=0.437498% device_global=3 rank=1 local_index=-1 offset=7965000 count=35000
    total=100%
[DCL][balance-metrics] iteration=6100
  policy=threshold
  action=skip
  reason=load difference below fixed threshold; diff=0.00648012, threshold=0.01
  T_compute_interval_s=1.57737
  T_comm_interval_s=1.82619
  T_balance_total_s=0.00957894
  T_rebalance_apply_s=0
  T_compute_accum_s=21.5862
  T_comm_accum_s=20.2593
  T_balance_accum_s=0.423994
  T_rebalance_apply_accum_s=0.149326
  device_times_s:
    part[0]=1.57737
    part[1]=1.50943
    part[2]=1.55204
    part[3]=1.27567
  OLD loads:
    part[0] cum=49.6875% share=49.6875% device_global=0 rank=0 local_index=0 offset=0 count=3975000
    part[1] cum=50.4375% share=0.749999% device_global=1 rank=0 local_index=1 offset=3975000 count=60000
    part[2] cum=99.5625% share=49.125% device_global=2 rank=1 local_index=-1 offset=4035000 count=3930000
    part[3] cum=100% share=0.437498% device_global=3 rank=1 local_index=-1 offset=7965000 count=35000
    total=100%
  PROPOSED loads:
    part[0] cum=49.2188% share=49.2188% device_global=0 rank=0 local_index=0 offset=0 count=3975000
    part[1] cum=50% share=0.78125% device_global=1 rank=0 local_index=1 offset=3975000 count=60000
    part[2] cum=99.4688% share=49.4688% device_global=2 rank=1 local_index=-1 offset=4035000 count=3930000
    part[3] cum=100% share=0.53125% device_global=3 rank=1 local_index=-1 offset=7965000 count=35000
    total=100%
  CURRENT loads:
    part[0] cum=49.6875% share=49.6875% device_global=0 rank=0 local_index=0 offset=0 count=3975000
    part[1] cum=50.4375% share=0.749999% device_global=1 rank=0 local_index=1 offset=3975000 count=60000
    part[2] cum=99.5625% share=49.125% device_global=2 rank=1 local_index=-1 offset=4035000 count=3930000
    part[3] cum=100% share=0.437498% device_global=3 rank=1 local_index=-1 offset=7965000 count=35000
    total=100%
[DCL][balance-metrics] iteration=7100
  policy=threshold
  action=skip
  reason=load difference below fixed threshold; diff=0.00653265, threshold=0.01
  T_compute_interval_s=1.57745
  T_comm_interval_s=1.81845
  T_balance_total_s=0.0094241
  T_rebalance_apply_s=0
  T_compute_accum_s=23.1636
  T_comm_accum_s=22.0778
  T_balance_accum_s=0.433418
  T_rebalance_apply_accum_s=0.149326
  device_times_s:
    part[0]=1.57745
    part[1]=1.49711
    part[2]=1.55338
    part[3]=1.21496
  OLD loads:
    part[0] cum=49.6875% share=49.6875% device_global=0 rank=0 local_index=0 offset=0 count=3975000
    part[1] cum=50.4375% share=0.749999% device_global=1 rank=0 local_index=1 offset=3975000 count=60000
    part[2] cum=99.5625% share=49.125% device_global=2 rank=1 local_index=-1 offset=4035000 count=3930000
    part[3] cum=100% share=0.437498% device_global=3 rank=1 local_index=-1 offset=7965000 count=35000
    total=100%
  PROPOSED loads:
    part[0] cum=49.2188% share=49.2188% device_global=0 rank=0 local_index=0 offset=0 count=3975000
    part[1] cum=50% share=0.78125% device_global=1 rank=0 local_index=1 offset=3975000 count=60000
    part[2] cum=99.4375% share=49.4375% device_global=2 rank=1 local_index=-1 offset=4035000 count=3930000
    part[3] cum=100% share=0.562501% device_global=3 rank=1 local_index=-1 offset=7965000 count=35000
    total=100%
  CURRENT loads:
    part[0] cum=49.6875% share=49.6875% device_global=0 rank=0 local_index=0 offset=0 count=3975000
    part[1] cum=50.4375% share=0.749999% device_global=1 rank=0 local_index=1 offset=3975000 count=60000
    part[2] cum=99.5625% share=49.125% device_global=2 rank=1 local_index=-1 offset=4035000 count=3930000
    part[3] cum=100% share=0.437498% device_global=3 rank=1 local_index=-1 offset=7965000 count=35000
    total=100%
[DCL][balance-metrics] iteration=8100
  policy=threshold
  action=skip
  reason=load difference below fixed threshold; diff=0.00659959, threshold=0.01
  T_compute_interval_s=1.57764
  T_comm_interval_s=1.8675
  T_balance_total_s=0.00928945
  T_rebalance_apply_s=0
  T_compute_accum_s=24.7413
  T_comm_accum_s=23.9453
  T_balance_accum_s=0.442708
  T_rebalance_apply_accum_s=0.149326
  device_times_s:
    part[0]=1.57764
    part[1]=1.505
    part[2]=1.55355
    part[3]=1.17773
  OLD loads:
    part[0] cum=49.6875% share=49.6875% device_global=0 rank=0 local_index=0 offset=0 count=3975000
    part[1] cum=50.4375% share=0.749999% device_global=1 rank=0 local_index=1 offset=3975000 count=60000
    part[2] cum=99.5625% share=49.125% device_global=2 rank=1 local_index=-1 offset=4035000 count=3930000
    part[3] cum=100% share=0.437498% device_global=3 rank=1 local_index=-1 offset=7965000 count=35000
    total=100%
  PROPOSED loads:
    part[0] cum=49.2188% share=49.2188% device_global=0 rank=0 local_index=0 offset=0 count=3975000
    part[1] cum=50% share=0.78125% device_global=1 rank=0 local_index=1 offset=3975000 count=60000
    part[2] cum=99.4062% share=49.4062% device_global=2 rank=1 local_index=-1 offset=4035000 count=3930000
    part[3] cum=100% share=0.593752% device_global=3 rank=1 local_index=-1 offset=7965000 count=35000
    total=100%
  CURRENT loads:
    part[0] cum=49.6875% share=49.6875% device_global=0 rank=0 local_index=0 offset=0 count=3975000
    part[1] cum=50.4375% share=0.749999% device_global=1 rank=0 local_index=1 offset=3975000 count=60000
    part[2] cum=99.5625% share=49.125% device_global=2 rank=1 local_index=-1 offset=4035000 count=3930000
    part[3] cum=100% share=0.437498% device_global=3 rank=1 local_index=-1 offset=7965000 count=35000
    total=100%
[DCL][balance-metrics] iteration=9100
  policy=threshold
  action=skip
  reason=load difference below fixed threshold; diff=0.00659959, threshold=0.01
  T_compute_interval_s=1.57747
  T_comm_interval_s=1.83515
  T_balance_total_s=0.0097879
  T_rebalance_apply_s=0
  T_compute_accum_s=26.3188
  T_comm_accum_s=25.7804
  T_balance_accum_s=0.452495
  T_rebalance_apply_accum_s=0.149326
  device_times_s:
    part[0]=1.57747
    part[1]=1.49961
    part[2]=1.55393
    part[3]=1.16098
  OLD loads:
    part[0] cum=49.6875% share=49.6875% device_global=0 rank=0 local_index=0 offset=0 count=3975000
    part[1] cum=50.4375% share=0.749999% device_global=1 rank=0 local_index=1 offset=3975000 count=60000
    part[2] cum=99.5625% share=49.125% device_global=2 rank=1 local_index=-1 offset=4035000 count=3930000
    part[3] cum=100% share=0.437498% device_global=3 rank=1 local_index=-1 offset=7965000 count=35000
    total=100%
  PROPOSED loads:
    part[0] cum=49.2188% share=49.2188% device_global=0 rank=0 local_index=0 offset=0 count=3975000
    part[1] cum=50% share=0.78125% device_global=1 rank=0 local_index=1 offset=3975000 count=60000
    part[2] cum=99.4062% share=49.4062% device_global=2 rank=1 local_index=-1 offset=4035000 count=3930000
    part[3] cum=100% share=0.593752% device_global=3 rank=1 local_index=-1 offset=7965000 count=35000
    total=100%
  CURRENT loads:
    part[0] cum=49.6875% share=49.6875% device_global=0 rank=0 local_index=0 offset=0 count=3975000
    part[1] cum=50.4375% share=0.749999% device_global=1 rank=0 local_index=1 offset=3975000 count=60000
    part[2] cum=99.5625% share=49.125% device_global=2 rank=1 local_index=-1 offset=4035000 count=3930000
    part[3] cum=100% share=0.437498% device_global=3 rank=1 local_index=-1 offset=7965000 count=35000
    total=100%

=== PARTICOES FINAIS ===
=== Particoes globais ===
part[0] device_global=0 rank=0 local_index=0 offset=0 count=3975000
part[1] device_global=1 rank=0 local_index=1 offset=3975000 count=60000
part[2] device_global=2 rank=1 local_index=-1 offset=4035000 count=3930000
part[3] device_global=3 rank=1 local_index=-1 offset=7965000 count=35000


============================
ITERACAO 10000
Tempo de execução: 35.6917s
