=== Dispositivos locais do rank 1 ===
global=2 local=0 nome="NVIDIA RTX 2000 Ada Generation" compute_units=22
global=3 local=1 nome="Intel(R) Xeon(R) CPU           E5620  @ 2.40GHz" compute_units=16

=== Dispositivos locais do rank 0 ===
global=0 local=0 nome="NVIDIA RTX 2000 Ada Generation" compute_units=22
global=1 local=1 nome="Intel(R) Xeon(R) CPU           E5620  @ 2.40GHz" compute_units=16

=== PARTICOES INICIAIS ===
=== Particoes globais ===
part[0] device_global=0 rank=0 local_index=0 offset=0 count=2000000
part[1] device_global=1 rank=0 local_index=1 offset=2000000 count=2000000
part[2] device_global=2 rank=1 local_index=-1 offset=4000000 count=2000000
part[3] device_global=3 rank=1 local_index=-1 offset=6000000 count=2000000

X = 50 Y = 50 Z = 3200 Iterations = 10000
[DCL][balance-metrics] iteration=100
  policy=threshold
  action=rebalance
  reason=accepted by fixed threshold; diff=0.348279, threshold=0.01
  T_compute_interval_s=10.4331
  T_comm_interval_s=9.27828
  T_balance_total_s=0.358554
  T_rebalance_apply_s=0.143124
  T_compute_accum_s=10.4331
  T_comm_accum_s=9.27828
  T_balance_accum_s=0.358554
  T_rebalance_apply_accum_s=0.143124
  device_times_s:
    part[0]=0.0928242
    part[1]=6.09857
    part[2]=0.0938938
    part[3]=10.4331
  OLD loads:
    part[0] cum=25% share=25% device_global=0 rank=0 local_index=0 offset=0 count=3975000
    part[1] cum=50% share=25% device_global=1 rank=0 local_index=1 offset=3975000 count=60000
    part[2] cum=75% share=25% device_global=2 rank=1 local_index=-1 offset=4035000 count=3930000
    part[3] cum=100% share=25% device_global=3 rank=1 local_index=-1 offset=7965000 count=35000
    total=100%
  PROPOSED loads:
    part[0] cum=49.6875% share=49.6875% device_global=0 rank=0 local_index=0 offset=0 count=3975000
    part[1] cum=50.4375% share=0.749999% device_global=1 rank=0 local_index=1 offset=3975000 count=60000
    part[2] cum=99.5625% share=49.125% device_global=2 rank=1 local_index=-1 offset=4035000 count=3930000
    part[3] cum=100% share=0.437498% device_global=3 rank=1 local_index=-1 offset=7965000 count=35000
    total=100%
  CURRENT loads:
    part[0] cum=49.6875% share=49.6875% device_global=0 rank=0 local_index=0 offset=0 count=3975000
    part[1] cum=50.4375% share=0.749999% device_global=1 rank=0 local_index=1 offset=3975000 count=60000
    part[2] cum=99.5625% share=49.125% device_global=2 rank=1 local_index=-1 offset=4035000 count=3930000
    part[3] cum=100% share=0.437498% device_global=3 rank=1 local_index=-1 offset=7965000 count=35000
    total=100%
[DCL][balance-metrics] iteration=1100
  policy=threshold
  action=skip
  reason=load difference below fixed threshold; diff=0.00644234, threshold=0.01
  T_compute_interval_s=2.42117
  T_comm_interval_s=1.8936
  T_balance_total_s=0.00937242
  T_rebalance_apply_s=0
  T_compute_accum_s=12.8543
  T_comm_accum_s=11.1719
  T_balance_accum_s=0.367926
  T_rebalance_apply_accum_s=0.143124
  device_times_s:
    part[0]=1.60242
    part[1]=1.90137
    part[2]=1.56924
    part[3]=2.42117
  OLD loads:
    part[0] cum=49.6875% share=49.6875% device_global=0 rank=0 local_index=0 offset=0 count=3975000
    part[1] cum=50.4375% share=0.749999% device_global=1 rank=0 local_index=1 offset=3975000 count=60000
    part[2] cum=99.5625% share=49.125% device_global=2 rank=1 local_index=-1 offset=4035000 count=3930000
    part[3] cum=100% share=0.437498% device_global=3 rank=1 local_index=-1 offset=7965000 count=35000
    total=100%
  PROPOSED loads:
    part[0] cum=49.3125% share=49.3125% device_global=0 rank=0 local_index=0 offset=0 count=3975000
    part[1] cum=49.9375% share=0.624999% device_global=1 rank=0 local_index=1 offset=3975000 count=60000
    part[2] cum=99.7188% share=49.7812% device_global=2 rank=1 local_index=-1 offset=4035000 count=3930000
    part[3] cum=100% share=0.28125% device_global=3 rank=1 local_index=-1 offset=7965000 count=35000
    total=100%
  CURRENT loads:
    part[0] cum=49.6875% share=49.6875% device_global=0 rank=0 local_index=0 offset=0 count=3975000
    part[1] cum=50.4375% share=0.749999% device_global=1 rank=0 local_index=1 offset=3975000 count=60000
    part[2] cum=99.5625% share=49.125% device_global=2 rank=1 local_index=-1 offset=4035000 count=3930000
    part[3] cum=100% share=0.437498% device_global=3 rank=1 local_index=-1 offset=7965000 count=35000
    total=100%
[DCL][balance-metrics] iteration=2100
  policy=threshold
  action=skip
  reason=load difference below fixed threshold; diff=0.00501945, threshold=0.01
  T_compute_interval_s=2.17624
  T_comm_interval_s=1.8361
  T_balance_total_s=0.0105646
  T_rebalance_apply_s=0
  T_compute_accum_s=15.0306
  T_comm_accum_s=13.008
  T_balance_accum_s=0.378491
  T_rebalance_apply_accum_s=0.143124
  device_times_s:
    part[0]=1.5779
    part[1]=1.62649
    part[2]=1.55216
    part[3]=2.17624
  OLD loads:
    part[0] cum=49.6875% share=49.6875% device_global=0 rank=0 local_index=0 offset=0 count=3975000
    part[1] cum=50.4375% share=0.749999% device_global=1 rank=0 local_index=1 offset=3975000 count=60000
    part[2] cum=99.5625% share=49.125% device_global=2 rank=1 local_index=-1 offset=4035000 count=3930000
    part[3] cum=100% share=0.437498% device_global=3 rank=1 local_index=-1 offset=7965000 count=35000
    total=100%
  PROPOSED loads:
    part[0] cum=49.3438% share=49.3438% device_global=0 rank=0 local_index=0 offset=0 count=3975000
    part[1] cum=50.0938% share=0.750002% device_global=1 rank=0 local_index=1 offset=3975000 count=60000
    part[2] cum=99.6875% share=49.5937% device_global=2 rank=1 local_index=-1 offset=4035000 count=3930000
    part[3] cum=100% share=0.312501% device_global=3 rank=1 local_index=-1 offset=7965000 count=35000
    total=100%
  CURRENT loads:
    part[0] cum=49.6875% share=49.6875% device_global=0 rank=0 local_index=0 offset=0 count=3975000
    part[1] cum=50.4375% share=0.749999% device_global=1 rank=0 local_index=1 offset=3975000 count=60000
    part[2] cum=99.5625% share=49.125% device_global=2 rank=1 local_index=-1 offset=4035000 count=3930000
    part[3] cum=100% share=0.437498% device_global=3 rank=1 local_index=-1 offset=7965000 count=35000
    total=100%
[DCL][balance-metrics] iteration=3100
  policy=threshold
  action=skip
  reason=load difference below fixed threshold; diff=0.00533997, threshold=0.01
  T_compute_interval_s=1.79694
  T_comm_interval_s=1.87614
  T_balance_total_s=0.0093611
  T_rebalance_apply_s=0
  T_compute_accum_s=16.8275
  T_comm_accum_s=14.8841
  T_balance_accum_s=0.387852
  T_rebalance_apply_accum_s=0.143124
  device_times_s:
    part[0]=1.57774
    part[1]=1.57078
    part[2]=1.55195
    part[3]=1.79694
  OLD loads:
    part[0] cum=49.6875% share=49.6875% device_global=0 rank=0 local_index=0 offset=0 count=3975000
    part[1] cum=50.4375% share=0.749999% device_global=1 rank=0 local_index=1 offset=3975000 count=60000
    part[2] cum=99.5625% share=49.125% device_global=2 rank=1 local_index=-1 offset=4035000 count=3930000
    part[3] cum=100% share=0.437498% device_global=3 rank=1 local_index=-1 offset=7965000 count=35000
    total=100%
  PROPOSED loads:
    part[0] cum=49.3125% share=49.3125% device_global=0 rank=0 local_index=0 offset=0 count=3975000
    part[1] cum=50.0625% share=0.750002% device_global=1 rank=0 local_index=1 offset=3975000 count=60000
    part[2] cum=99.625% share=49.5625% device_global=2 rank=1 local_index=-1 offset=4035000 count=3930000
    part[3] cum=100% share=0.375003% device_global=3 rank=1 local_index=-1 offset=7965000 count=35000
    total=100%
  CURRENT loads:
    part[0] cum=49.6875% share=49.6875% device_global=0 rank=0 local_index=0 offset=0 count=3975000
    part[1] cum=50.4375% share=0.749999% device_global=1 rank=0 local_index=1 offset=3975000 count=60000
    part[2] cum=99.5625% share=49.125% device_global=2 rank=1 local_index=-1 offset=4035000 count=3930000
    part[3] cum=100% share=0.437498% device_global=3 rank=1 local_index=-1 offset=7965000 count=35000
    total=100%
[DCL][balance-metrics] iteration=4100
  policy=threshold
  action=skip
  reason=load difference below fixed threshold; diff=0.00574521, threshold=0.01
  T_compute_interval_s=1.57747
  T_comm_interval_s=1.85787
  T_balance_total_s=0.0092305
  T_rebalance_apply_s=0
  T_compute_accum_s=18.405
  T_comm_accum_s=16.742
  T_balance_accum_s=0.397082
  T_rebalance_apply_accum_s=0.143124
  device_times_s:
    part[0]=1.57747
    part[1]=1.54397
    part[2]=1.55174
    part[3]=1.51639
  OLD loads:
    part[0] cum=49.6875% share=49.6875% device_global=0 rank=0 local_index=0 offset=0 count=3975000
    part[1] cum=50.4375% share=0.749999% device_global=1 rank=0 local_index=1 offset=3975000 count=60000
    part[2] cum=99.5625% share=49.125% device_global=2 rank=1 local_index=-1 offset=4035000 count=3930000
    part[3] cum=100% share=0.437498% device_global=3 rank=1 local_index=-1 offset=7965000 count=35000
    total=100%
  PROPOSED loads:
    part[0] cum=49.2812% share=49.2812% device_global=0 rank=0 local_index=0 offset=0 count=3975000
    part[1] cum=50.0312% share=0.749999% device_global=1 rank=0 local_index=1 offset=3975000 count=60000
    part[2] cum=99.5625% share=49.5312% device_global=2 rank=1 local_index=-1 offset=4035000 count=3930000
    part[3] cum=100% share=0.437498% device_global=3 rank=1 local_index=-1 offset=7965000 count=35000
    total=100%
  CURRENT loads:
    part[0] cum=49.6875% share=49.6875% device_global=0 rank=0 local_index=0 offset=0 count=3975000
    part[1] cum=50.4375% share=0.749999% device_global=1 rank=0 local_index=1 offset=3975000 count=60000
    part[2] cum=99.5625% share=49.125% device_global=2 rank=1 local_index=-1 offset=4035000 count=3930000
    part[3] cum=100% share=0.437498% device_global=3 rank=1 local_index=-1 offset=7965000 count=35000
    total=100%
[DCL][balance-metrics] iteration=5100
  policy=threshold
  action=skip
  reason=load difference below fixed threshold; diff=0.00621865, threshold=0.01
  T_compute_interval_s=1.57759
  T_comm_interval_s=1.88313
  T_balance_total_s=0.00946091
  T_rebalance_apply_s=0
  T_compute_accum_s=19.9826
  T_comm_accum_s=18.6251
  T_balance_accum_s=0.406543
  T_rebalance_apply_accum_s=0.143124
  device_times_s:
    part[0]=1.57759
    part[1]=1.52576
    part[2]=1.55184
    part[3]=1.36509
  OLD loads:
    part[0] cum=49.6875% share=49.6875% device_global=0 rank=0 local_index=0 offset=0 count=3975000
    part[1] cum=50.4375% share=0.749999% device_global=1 rank=0 local_index=1 offset=3975000 count=60000
    part[2] cum=99.5625% share=49.125% device_global=2 rank=1 local_index=-1 offset=4035000 count=3930000
    part[3] cum=100% share=0.437498% device_global=3 rank=1 local_index=-1 offset=7965000 count=35000
    total=100%
  PROPOSED loads:
    part[0] cum=49.25% share=49.25% device_global=0 rank=0 local_index=0 offset=0 count=3975000
    part[1] cum=50% share=0.749999% device_global=1 rank=0 local_index=1 offset=3975000 count=60000
    part[2] cum=99.5% share=49.5% device_global=2 rank=1 local_index=-1 offset=4035000 count=3930000
    part[3] cum=100% share=0.5% device_global=3 rank=1 local_index=-1 offset=7965000 count=35000
    total=100%
  CURRENT loads:
    part[0] cum=49.6875% share=49.6875% device_global=0 rank=0 local_index=0 offset=0 count=3975000
    part[1] cum=50.4375% share=0.749999% device_global=1 rank=0 local_index=1 offset=3975000 count=60000
    part[2] cum=99.5625% share=49.125% device_global=2 rank=1 local_index=-1 offset=4035000 count=3930000
    part[3] cum=100% share=0.437498% device_global=3 rank=1 local_index=-1 offset=7965000 count=35000
    total=100%
[DCL][balance-metrics] iteration=6100
  policy=threshold
  action=skip
  reason=load difference below fixed threshold; diff=0.00648012, threshold=0.01
  T_compute_interval_s=1.57773
  T_comm_interval_s=1.8552
  T_balance_total_s=0.00913629
  T_rebalance_apply_s=0
  T_compute_accum_s=21.5603
  T_comm_accum_s=20.4803
  T_balance_accum_s=0.41568
  T_rebalance_apply_accum_s=0.143124
  device_times_s:
    part[0]=1.57773
    part[1]=1.50943
    part[2]=1.55169
    part[3]=1.281
  OLD loads:
    part[0] cum=49.6875% share=49.6875% device_global=0 rank=0 local_index=0 offset=0 count=3975000
    part[1] cum=50.4375% share=0.749999% device_global=1 rank=0 local_index=1 offset=3975000 count=60000
    part[2] cum=99.5625% share=49.125% device_global=2 rank=1 local_index=-1 offset=4035000 count=3930000
    part[3] cum=100% share=0.437498% device_global=3 rank=1 local_index=-1 offset=7965000 count=35000
    total=100%
  PROPOSED loads:
    part[0] cum=49.2188% share=49.2188% device_global=0 rank=0 local_index=0 offset=0 count=3975000
    part[1] cum=50% share=0.78125% device_global=1 rank=0 local_index=1 offset=3975000 count=60000
    part[2] cum=99.4688% share=49.4688% device_global=2 rank=1 local_index=-1 offset=4035000 count=3930000
    part[3] cum=100% share=0.53125% device_global=3 rank=1 local_index=-1 offset=7965000 count=35000
    total=100%
  CURRENT loads:
    part[0] cum=49.6875% share=49.6875% device_global=0 rank=0 local_index=0 offset=0 count=3975000
    part[1] cum=50.4375% share=0.749999% device_global=1 rank=0 local_index=1 offset=3975000 count=60000
    part[2] cum=99.5625% share=49.125% device_global=2 rank=1 local_index=-1 offset=4035000 count=3930000
    part[3] cum=100% share=0.437498% device_global=3 rank=1 local_index=-1 offset=7965000 count=35000
    total=100%
[DCL][balance-metrics] iteration=7100
  policy=threshold
  action=skip
  reason=load difference below fixed threshold; diff=0.00653265, threshold=0.01
  T_compute_interval_s=1.57758
  T_comm_interval_s=1.86806
  T_balance_total_s=0.0090714
  T_rebalance_apply_s=0
  T_compute_accum_s=23.1379
  T_comm_accum_s=22.3484
  T_balance_accum_s=0.424751
  T_rebalance_apply_accum_s=0.143124
  device_times_s:
    part[0]=1.57758
    part[1]=1.5058
    part[2]=1.55258
    part[3]=1.22111
  OLD loads:
    part[0] cum=49.6875% share=49.6875% device_global=0 rank=0 local_index=0 offset=0 count=3975000
    part[1] cum=50.4375% share=0.749999% device_global=1 rank=0 local_index=1 offset=3975000 count=60000
    part[2] cum=99.5625% share=49.125% device_global=2 rank=1 local_index=-1 offset=4035000 count=3930000
    part[3] cum=100% share=0.437498% device_global=3 rank=1 local_index=-1 offset=7965000 count=35000
    total=100%
  PROPOSED loads:
    part[0] cum=49.2188% share=49.2188% device_global=0 rank=0 local_index=0 offset=0 count=3975000
    part[1] cum=50% share=0.78125% device_global=1 rank=0 local_index=1 offset=3975000 count=60000
    part[2] cum=99.4375% share=49.4375% device_global=2 rank=1 local_index=-1 offset=4035000 count=3930000
    part[3] cum=100% share=0.562501% device_global=3 rank=1 local_index=-1 offset=7965000 count=35000
    total=100%
  CURRENT loads:
    part[0] cum=49.6875% share=49.6875% device_global=0 rank=0 local_index=0 offset=0 count=3975000
    part[1] cum=50.4375% share=0.749999% device_global=1 rank=0 local_index=1 offset=3975000 count=60000
    part[2] cum=99.5625% share=49.125% device_global=2 rank=1 local_index=-1 offset=4035000 count=3930000
    part[3] cum=100% share=0.437498% device_global=3 rank=1 local_index=-1 offset=7965000 count=35000
    total=100%
[DCL][balance-metrics] iteration=8100
  policy=threshold
  action=skip
  reason=load difference below fixed threshold; diff=0.00653265, threshold=0.01
  T_compute_interval_s=1.57797
  T_comm_interval_s=1.8818
  T_balance_total_s=0.0119223
  T_rebalance_apply_s=0
  T_compute_accum_s=24.7158
  T_comm_accum_s=24.2302
  T_balance_accum_s=0.436673
  T_rebalance_apply_accum_s=0.143124
  device_times_s:
    part[0]=1.57797
    part[1]=1.50988
    part[2]=1.55282
    part[3]=1.18984
  OLD loads:
    part[0] cum=49.6875% share=49.6875% device_global=0 rank=0 local_index=0 offset=0 count=3975000
    part[1] cum=50.4375% share=0.749999% device_global=1 rank=0 local_index=1 offset=3975000 count=60000
    part[2] cum=99.5625% share=49.125% device_global=2 rank=1 local_index=-1 offset=4035000 count=3930000
    part[3] cum=100% share=0.437498% device_global=3 rank=1 local_index=-1 offset=7965000 count=35000
    total=100%
  PROPOSED loads:
    part[0] cum=49.2188% share=49.2188% device_global=0 rank=0 local_index=0 offset=0 count=3975000
    part[1] cum=50% share=0.78125% device_global=1 rank=0 local_index=1 offset=3975000 count=60000
    part[2] cum=99.4375% share=49.4375% device_global=2 rank=1 local_index=-1 offset=4035000 count=3930000
    part[3] cum=100% share=0.562501% device_global=3 rank=1 local_index=-1 offset=7965000 count=35000
    total=100%
  CURRENT loads:
    part[0] cum=49.6875% share=49.6875% device_global=0 rank=0 local_index=0 offset=0 count=3975000
    part[1] cum=50.4375% share=0.749999% device_global=1 rank=0 local_index=1 offset=3975000 count=60000
    part[2] cum=99.5625% share=49.125% device_global=2 rank=1 local_index=-1 offset=4035000 count=3930000
    part[3] cum=100% share=0.437498% device_global=3 rank=1 local_index=-1 offset=7965000 count=35000
    total=100%
[DCL][balance-metrics] iteration=9100
  policy=threshold
  action=skip
  reason=load difference below fixed threshold; diff=0.00702951, threshold=0.01
  T_compute_interval_s=1.57789
  T_comm_interval_s=1.88753
  T_balance_total_s=0.00941376
  T_rebalance_apply_s=0
  T_compute_accum_s=26.2937
  T_comm_accum_s=26.1177
  T_balance_accum_s=0.446087
  T_rebalance_apply_accum_s=0.143124
  device_times_s:
    part[0]=1.57789
    part[1]=1.50927
    part[2]=1.55284
    part[3]=1.15371
  OLD loads:
    part[0] cum=49.6875% share=49.6875% device_global=0 rank=0 local_index=0 offset=0 count=3975000
    part[1] cum=50.4375% share=0.749999% device_global=1 rank=0 local_index=1 offset=3975000 count=60000
    part[2] cum=99.5625% share=49.125% device_global=2 rank=1 local_index=-1 offset=4035000 count=3930000
    part[3] cum=100% share=0.437498% device_global=3 rank=1 local_index=-1 offset=7965000 count=35000
    total=100%
  PROPOSED loads:
    part[0] cum=49.1875% share=49.1875% device_global=0 rank=0 local_index=0 offset=0 count=3975000
    part[1] cum=49.9688% share=0.78125% device_global=1 rank=0 local_index=1 offset=3975000 count=60000
    part[2] cum=99.4062% share=49.4375% device_global=2 rank=1 local_index=-1 offset=4035000 count=3930000
    part[3] cum=100% share=0.593752% device_global=3 rank=1 local_index=-1 offset=7965000 count=35000
    total=100%
  CURRENT loads:
    part[0] cum=49.6875% share=49.6875% device_global=0 rank=0 local_index=0 offset=0 count=3975000
    part[1] cum=50.4375% share=0.749999% device_global=1 rank=0 local_index=1 offset=3975000 count=60000
    part[2] cum=99.5625% share=49.125% device_global=2 rank=1 local_index=-1 offset=4035000 count=3930000
    part[3] cum=100% share=0.437498% device_global=3 rank=1 local_index=-1 offset=7965000 count=35000
    total=100%

=== PARTICOES FINAIS ===
=== Particoes globais ===
part[0] device_global=0 rank=0 local_index=0 offset=0 count=3975000
part[1] device_global=1 rank=0 local_index=1 offset=3975000 count=60000
part[2] device_global=2 rank=1 local_index=-1 offset=4035000 count=3930000
part[3] device_global=3 rank=1 local_index=-1 offset=7965000 count=35000


============================
ITERACAO 10000
Tempo de execução: 35.9972s
