=== Dispositivos locais do rank 0 ===
global=0 local=0 nome="NVIDIA RTX 2000 Ada Generation" compute_units=22
global=1 local=1 nome="Intel(R) Xeon(R) CPU           E5620  @ 2.40GHz" compute_units=16

=== PARTICOES INICIAIS ===
=== Particoes globais ===
part[0] device_global=0 rank=0 local_index=0 offset=0 count=4000000
part[1] device_global=1 rank=0 local_index=1 offset=4000000 count=4000000

X = 50 Y = 50 Z = 3200 Iterations = 10000
[DCL][balance-metrics] iteration=100
  policy=threshold
  action=rebalance
  reason=accepted by fixed threshold; diff=0.489375, threshold=0.0003125
  T_compute_interval_s=17.2279
  T_comm_interval_s=0
  T_balance_total_s=0.255456
  T_rebalance_apply_s=0.0891376
  T_compute_accum_s=17.2279
  T_comm_accum_s=0
  T_balance_accum_s=0.255456
  T_rebalance_apply_accum_s=0.0891376
  device_times_s:
    part[0]=0.183225
    part[1]=17.2279
  OLD loads:
    part[0] cum=50% share=50% device_global=0 rank=0 local_index=0 offset=0 count=7915000
    part[1] cum=100% share=50% device_global=1 rank=0 local_index=1 offset=7915000 count=85000
    total=100%
  PROPOSED loads:
    part[0] cum=98.9375% share=98.9375% device_global=0 rank=0 local_index=0 offset=0 count=7915000
    part[1] cum=100% share=1.0625% device_global=1 rank=0 local_index=1 offset=7915000 count=85000
    total=100%
  CURRENT loads:
    part[0] cum=98.9375% share=98.9375% device_global=0 rank=0 local_index=0 offset=0 count=7915000
    part[1] cum=100% share=1.0625% device_global=1 rank=0 local_index=1 offset=7915000 count=85000
    total=100%
[DCL][balance-metrics] iteration=1100
  policy=threshold
  action=rebalance
  reason=accepted by fixed threshold; diff=0.00468749, threshold=0.0003125
  T_compute_interval_s=5.43196
  T_comm_interval_s=0
  T_balance_total_s=0.0117074
  T_rebalance_apply_s=0.00176216
  T_compute_accum_s=22.6599
  T_comm_accum_s=0
  T_balance_accum_s=0.267163
  T_rebalance_apply_accum_s=0.0908997
  device_times_s:
    part[0]=3.05373
    part[1]=5.43196
  OLD loads:
    part[0] cum=98.9375% share=98.9375% device_global=0 rank=0 local_index=0 offset=0 count=7952500
    part[1] cum=100% share=1.0625% device_global=1 rank=0 local_index=1 offset=7952500 count=47500
    total=100%
  PROPOSED loads:
    part[0] cum=99.4062% share=99.4062% device_global=0 rank=0 local_index=0 offset=0 count=7952500
    part[1] cum=100% share=0.593752% device_global=1 rank=0 local_index=1 offset=7952500 count=47500
    total=100%
  CURRENT loads:
    part[0] cum=99.4062% share=99.4062% device_global=0 rank=0 local_index=0 offset=0 count=7952500
    part[1] cum=100% share=0.593752% device_global=1 rank=0 local_index=1 offset=7952500 count=47500
    total=100%
[DCL][balance-metrics] iteration=2100
  policy=threshold
  action=rebalance
  reason=accepted by fixed threshold; diff=0.00124997, threshold=0.0003125
  T_compute_interval_s=3.40312
  T_comm_interval_s=0
  T_balance_total_s=0.00897829
  T_rebalance_apply_s=0.000610971
  T_compute_accum_s=26.063
  T_comm_accum_s=0
  T_balance_accum_s=0.276142
  T_rebalance_apply_accum_s=0.0915107
  device_times_s:
    part[0]=3.40312
    part[1]=2.85938
  OLD loads:
    part[0] cum=99.4062% share=99.4062% device_global=0 rank=0 local_index=0 offset=0 count=7942500
    part[1] cum=100% share=0.593752% device_global=1 rank=0 local_index=1 offset=7942500 count=57500
    total=100%
  PROPOSED loads:
    part[0] cum=99.2812% share=99.2812% device_global=0 rank=0 local_index=0 offset=0 count=7942500
    part[1] cum=100% share=0.718749% device_global=1 rank=0 local_index=1 offset=7942500 count=57500
    total=100%
  CURRENT loads:
    part[0] cum=99.2812% share=99.2812% device_global=0 rank=0 local_index=0 offset=0 count=7942500
    part[1] cum=100% share=0.718749% device_global=1 rank=0 local_index=1 offset=7942500 count=57500
    total=100%
[DCL][balance-metrics] iteration=3100
  policy=threshold
  action=rebalance
  reason=accepted by fixed threshold; diff=0.00156254, threshold=0.0003125
  T_compute_interval_s=3.40412
  T_comm_interval_s=0
  T_balance_total_s=0.00905672
  T_rebalance_apply_s=0.000730957
  T_compute_accum_s=29.4671
  T_comm_accum_s=0
  T_balance_accum_s=0.285198
  T_rebalance_apply_accum_s=0.0922417
  device_times_s:
    part[0]=3.40412
    part[1]=2.82363
  OLD loads:
    part[0] cum=99.2812% share=99.2812% device_global=0 rank=0 local_index=0 offset=0 count=7930000
    part[1] cum=100% share=0.718749% device_global=1 rank=0 local_index=1 offset=7930000 count=70000
    total=100%
  PROPOSED loads:
    part[0] cum=99.125% share=99.125% device_global=0 rank=0 local_index=0 offset=0 count=7930000
    part[1] cum=100% share=0.875002% device_global=1 rank=0 local_index=1 offset=7930000 count=70000
    total=100%
  CURRENT loads:
    part[0] cum=99.125% share=99.125% device_global=0 rank=0 local_index=0 offset=0 count=7930000
    part[1] cum=100% share=0.875002% device_global=1 rank=0 local_index=1 offset=7930000 count=70000
    total=100%
[DCL][balance-metrics] iteration=4100
  policy=threshold
  action=rebalance
  reason=accepted by fixed threshold; diff=0.00156248, threshold=0.0003125
  T_compute_interval_s=3.41046
  T_comm_interval_s=0
  T_balance_total_s=0.00913732
  T_rebalance_apply_s=0.000723555
  T_compute_accum_s=32.8776
  T_comm_accum_s=0
  T_balance_accum_s=0.294336
  T_rebalance_apply_accum_s=0.0929652
  device_times_s:
    part[0]=3.41046
    part[1]=2.87661
  OLD loads:
    part[0] cum=99.125% share=99.125% device_global=0 rank=0 local_index=0 offset=0 count=7917500
    part[1] cum=100% share=0.875002% device_global=1 rank=0 local_index=1 offset=7917500 count=82500
    total=100%
  PROPOSED loads:
    part[0] cum=98.9688% share=98.9688% device_global=0 rank=0 local_index=0 offset=0 count=7917500
    part[1] cum=100% share=1.03125% device_global=1 rank=0 local_index=1 offset=7917500 count=82500
    total=100%
  CURRENT loads:
    part[0] cum=98.9688% share=98.9688% device_global=0 rank=0 local_index=0 offset=0 count=7917500
    part[1] cum=100% share=1.03125% device_global=1 rank=0 local_index=1 offset=7917500 count=82500
    total=100%
[DCL][balance-metrics] iteration=5100
  policy=threshold
  action=rebalance
  reason=accepted by fixed threshold; diff=0.000937521, threshold=0.0003125
  T_compute_interval_s=3.41526
  T_comm_interval_s=0
  T_balance_total_s=0.00951069
  T_rebalance_apply_s=0.000683675
  T_compute_accum_s=36.2928
  T_comm_accum_s=0
  T_balance_accum_s=0.303846
  T_rebalance_apply_accum_s=0.0936489
  device_times_s:
    part[0]=3.41526
    part[1]=3.11922
  OLD loads:
    part[0] cum=98.9688% share=98.9688% device_global=0 rank=0 local_index=0 offset=0 count=7910000
    part[1] cum=100% share=1.03125% device_global=1 rank=0 local_index=1 offset=7910000 count=90000
    total=100%
  PROPOSED loads:
    part[0] cum=98.875% share=98.875% device_global=0 rank=0 local_index=0 offset=0 count=7910000
    part[1] cum=100% share=1.125% device_global=1 rank=0 local_index=1 offset=7910000 count=90000
    total=100%
  CURRENT loads:
    part[0] cum=98.875% share=98.875% device_global=0 rank=0 local_index=0 offset=0 count=7910000
    part[1] cum=100% share=1.125% device_global=1 rank=0 local_index=1 offset=7910000 count=90000
    total=100%
[DCL][balance-metrics] iteration=6100
  policy=threshold
  action=rebalance
  reason=accepted by fixed threshold; diff=0.00124997, threshold=0.0003125
  T_compute_interval_s=3.45107
  T_comm_interval_s=0
  T_balance_total_s=0.00894037
  T_rebalance_apply_s=0.000701904
  T_compute_accum_s=39.7439
  T_comm_accum_s=0
  T_balance_accum_s=0.312787
  T_rebalance_apply_accum_s=0.0943508
  device_times_s:
    part[0]=3.45107
    part[1]=3.07741
  OLD loads:
    part[0] cum=98.875% share=98.875% device_global=0 rank=0 local_index=0 offset=0 count=7900000
    part[1] cum=100% share=1.125% device_global=1 rank=0 local_index=1 offset=7900000 count=100000
    total=100%
  PROPOSED loads:
    part[0] cum=98.75% share=98.75% device_global=0 rank=0 local_index=0 offset=0 count=7900000
    part[1] cum=100% share=1.25% device_global=1 rank=0 local_index=1 offset=7900000 count=100000
    total=100%
  CURRENT loads:
    part[0] cum=98.75% share=98.75% device_global=0 rank=0 local_index=0 offset=0 count=7900000
    part[1] cum=100% share=1.25% device_global=1 rank=0 local_index=1 offset=7900000 count=100000
    total=100%
[DCL][balance-metrics] iteration=7100
  policy=threshold
  action=rebalance
  reason=accepted by fixed threshold; diff=0.000625014, threshold=0.0003125
  T_compute_interval_s=3.42806
  T_comm_interval_s=0
  T_balance_total_s=0.0086617
  T_rebalance_apply_s=0.000495313
  T_compute_accum_s=43.172
  T_comm_accum_s=0
  T_balance_accum_s=0.321448
  T_rebalance_apply_accum_s=0.0948461
  device_times_s:
    part[0]=3.42806
    part[1]=3.22666
  OLD loads:
    part[0] cum=98.75% share=98.75% device_global=0 rank=0 local_index=0 offset=0 count=7895000
    part[1] cum=100% share=1.25% device_global=1 rank=0 local_index=1 offset=7895000 count=105000
    total=100%
  PROPOSED loads:
    part[0] cum=98.6875% share=98.6875% device_global=0 rank=0 local_index=0 offset=0 count=7895000
    part[1] cum=100% share=1.3125% device_global=1 rank=0 local_index=1 offset=7895000 count=105000
    total=100%
  CURRENT loads:
    part[0] cum=98.6875% share=98.6875% device_global=0 rank=0 local_index=0 offset=0 count=7895000
    part[1] cum=100% share=1.3125% device_global=1 rank=0 local_index=1 offset=7895000 count=105000
    total=100%
[DCL][balance-metrics] iteration=8100
  policy=threshold
  action=rebalance
  reason=accepted by fixed threshold; diff=0.000625014, threshold=0.0003125
  T_compute_interval_s=3.43828
  T_comm_interval_s=0
  T_balance_total_s=0.00873992
  T_rebalance_apply_s=0.000489656
  T_compute_accum_s=46.6103
  T_comm_accum_s=0
  T_balance_accum_s=0.330188
  T_rebalance_apply_accum_s=0.0953358
  device_times_s:
    part[0]=3.43828
    part[1]=3.26242
  OLD loads:
    part[0] cum=98.6875% share=98.6875% device_global=0 rank=0 local_index=0 offset=0 count=7890000
    part[1] cum=100% share=1.3125% device_global=1 rank=0 local_index=1 offset=7890000 count=110000
    total=100%
  PROPOSED loads:
    part[0] cum=98.625% share=98.625% device_global=0 rank=0 local_index=0 offset=0 count=7890000
    part[1] cum=100% share=1.375% device_global=1 rank=0 local_index=1 offset=7890000 count=110000
    total=100%
  CURRENT loads:
    part[0] cum=98.625% share=98.625% device_global=0 rank=0 local_index=0 offset=0 count=7890000
    part[1] cum=100% share=1.375% device_global=1 rank=0 local_index=1 offset=7890000 count=110000
    total=100%
[DCL][balance-metrics] iteration=9100
  policy=threshold
  action=rebalance
  reason=accepted by fixed threshold; diff=0.000624955, threshold=0.0003125
  T_compute_interval_s=3.44091
  T_comm_interval_s=0
  T_balance_total_s=0.00870744
  T_rebalance_apply_s=0.000484418
  T_compute_accum_s=50.0512
  T_comm_accum_s=0
  T_balance_accum_s=0.338896
  T_rebalance_apply_accum_s=0.0958202
  device_times_s:
    part[0]=3.44091
    part[1]=3.26999
  OLD loads:
    part[0] cum=98.625% share=98.625% device_global=0 rank=0 local_index=0 offset=0 count=7885000
    part[1] cum=100% share=1.375% device_global=1 rank=0 local_index=1 offset=7885000 count=115000
    total=100%
  PROPOSED loads:
    part[0] cum=98.5625% share=98.5625% device_global=0 rank=0 local_index=0 offset=0 count=7885000
    part[1] cum=100% share=1.4375% device_global=1 rank=0 local_index=1 offset=7885000 count=115000
    total=100%
  CURRENT loads:
    part[0] cum=98.5625% share=98.5625% device_global=0 rank=0 local_index=0 offset=0 count=7885000
    part[1] cum=100% share=1.4375% device_global=1 rank=0 local_index=1 offset=7885000 count=115000
    total=100%

=== PARTICOES FINAIS ===
=== Particoes globais ===
part[0] device_global=0 rank=0 local_index=0 offset=0 count=7885000
part[1] device_global=1 rank=0 local_index=1 offset=7885000 count=115000


============================
ITERACAO 10000
Tempo de execução: 53.681s
