=== Dispositivos locais do rank 0 ===
global=0 local=0 nome="NVIDIA RTX 2000 Ada Generation" compute_units=22
global=1 local=1 nome="Intel(R) Xeon(R) CPU           E5620  @ 2.40GHz" compute_units=16

=== PARTICOES INICIAIS ===
=== Particoes globais ===
part[0] device_global=0 rank=0 local_index=0 offset=0 count=4000000
part[1] device_global=1 rank=0 local_index=1 offset=4000000 count=4000000

X = 50 Y = 50 Z = 3200 Iterations = 10000
[DCL][balance-metrics] iteration=100
  policy=threshold
  action=rebalance
  reason=accepted by fixed threshold; diff=0.489375, threshold=0.0003125
  T_compute_interval_s=17.1674
  T_comm_interval_s=0
  T_balance_total_s=0.25642
  T_rebalance_apply_s=0.0893911
  T_compute_accum_s=17.1674
  T_comm_accum_s=0
  T_balance_accum_s=0.25642
  T_rebalance_apply_accum_s=0.0893911
  device_times_s:
    part[0]=0.181902
    part[1]=17.1674
  OLD loads:
    part[0] cum=50% share=50% device_global=0 rank=0 local_index=0 offset=0 count=7915000
    part[1] cum=100% share=50% device_global=1 rank=0 local_index=1 offset=7915000 count=85000
    total=100%
  PROPOSED loads:
    part[0] cum=98.9375% share=98.9375% device_global=0 rank=0 local_index=0 offset=0 count=7915000
    part[1] cum=100% share=1.0625% device_global=1 rank=0 local_index=1 offset=7915000 count=85000
    total=100%
  CURRENT loads:
    part[0] cum=98.9375% share=98.9375% device_global=0 rank=0 local_index=0 offset=0 count=7915000
    part[1] cum=100% share=1.0625% device_global=1 rank=0 local_index=1 offset=7915000 count=85000
    total=100%
[DCL][balance-metrics] iteration=1100
  policy=threshold
  action=rebalance
  reason=accepted by fixed threshold; diff=0.00468749, threshold=0.0003125
  T_compute_interval_s=5.4258
  T_comm_interval_s=0
  T_balance_total_s=0.0117241
  T_rebalance_apply_s=0.00176558
  T_compute_accum_s=22.5932
  T_comm_accum_s=0
  T_balance_accum_s=0.268144
  T_rebalance_apply_accum_s=0.0911567
  device_times_s:
    part[0]=3.06604
    part[1]=5.4258
  OLD loads:
    part[0] cum=98.9375% share=98.9375% device_global=0 rank=0 local_index=0 offset=0 count=7952500
    part[1] cum=100% share=1.0625% device_global=1 rank=0 local_index=1 offset=7952500 count=47500
    total=100%
  PROPOSED loads:
    part[0] cum=99.4062% share=99.4062% device_global=0 rank=0 local_index=0 offset=0 count=7952500
    part[1] cum=100% share=0.593752% device_global=1 rank=0 local_index=1 offset=7952500 count=47500
    total=100%
  CURRENT loads:
    part[0] cum=99.4062% share=99.4062% device_global=0 rank=0 local_index=0 offset=0 count=7952500
    part[1] cum=100% share=0.593752% device_global=1 rank=0 local_index=1 offset=7952500 count=47500
    total=100%
[DCL][balance-metrics] iteration=2100
  policy=threshold
  action=rebalance
  reason=accepted by fixed threshold; diff=0.000937462, threshold=0.0003125
  T_compute_interval_s=3.41219
  T_comm_interval_s=0
  T_balance_total_s=0.00988783
  T_rebalance_apply_s=0.000668729
  T_compute_accum_s=26.0054
  T_comm_accum_s=0
  T_balance_accum_s=0.278031
  T_rebalance_apply_accum_s=0.0918255
  device_times_s:
    part[0]=3.41219
    part[1]=2.88338
  OLD loads:
    part[0] cum=99.4062% share=99.4062% device_global=0 rank=0 local_index=0 offset=0 count=7945000
    part[1] cum=100% share=0.593752% device_global=1 rank=0 local_index=1 offset=7945000 count=55000
    total=100%
  PROPOSED loads:
    part[0] cum=99.3125% share=99.3125% device_global=0 rank=0 local_index=0 offset=0 count=7945000
    part[1] cum=100% share=0.687498% device_global=1 rank=0 local_index=1 offset=7945000 count=55000
    total=100%
  CURRENT loads:
    part[0] cum=99.3125% share=99.3125% device_global=0 rank=0 local_index=0 offset=0 count=7945000
    part[1] cum=100% share=0.687498% device_global=1 rank=0 local_index=1 offset=7945000 count=55000
    total=100%
[DCL][balance-metrics] iteration=3100
  policy=threshold
  action=rebalance
  reason=accepted by fixed threshold; diff=0.00187504, threshold=0.0003125
  T_compute_interval_s=3.40457
  T_comm_interval_s=0
  T_balance_total_s=0.00935215
  T_rebalance_apply_s=0.000956335
  T_compute_accum_s=29.41
  T_comm_accum_s=0
  T_balance_accum_s=0.287384
  T_rebalance_apply_accum_s=0.0927818
  device_times_s:
    part[0]=3.40457
    part[1]=2.70565
  OLD loads:
    part[0] cum=99.3125% share=99.3125% device_global=0 rank=0 local_index=0 offset=0 count=7930000
    part[1] cum=100% share=0.687498% device_global=1 rank=0 local_index=1 offset=7930000 count=70000
    total=100%
  PROPOSED loads:
    part[0] cum=99.125% share=99.125% device_global=0 rank=0 local_index=0 offset=0 count=7930000
    part[1] cum=100% share=0.875002% device_global=1 rank=0 local_index=1 offset=7930000 count=70000
    total=100%
  CURRENT loads:
    part[0] cum=99.125% share=99.125% device_global=0 rank=0 local_index=0 offset=0 count=7930000
    part[1] cum=100% share=0.875002% device_global=1 rank=0 local_index=1 offset=7930000 count=70000
    total=100%
[DCL][balance-metrics] iteration=4100
  policy=threshold
  action=rebalance
  reason=accepted by fixed threshold; diff=0.00156248, threshold=0.0003125
  T_compute_interval_s=3.41115
  T_comm_interval_s=0
  T_balance_total_s=0.00889455
  T_rebalance_apply_s=0.000733402
  T_compute_accum_s=32.8211
  T_comm_accum_s=0
  T_balance_accum_s=0.296278
  T_rebalance_apply_accum_s=0.0935152
  device_times_s:
    part[0]=3.41115
    part[1]=2.89966
  OLD loads:
    part[0] cum=99.125% share=99.125% device_global=0 rank=0 local_index=0 offset=0 count=7917500
    part[1] cum=100% share=0.875002% device_global=1 rank=0 local_index=1 offset=7917500 count=82500
    total=100%
  PROPOSED loads:
    part[0] cum=98.9688% share=98.9688% device_global=0 rank=0 local_index=0 offset=0 count=7917500
    part[1] cum=100% share=1.03125% device_global=1 rank=0 local_index=1 offset=7917500 count=82500
    total=100%
  CURRENT loads:
    part[0] cum=98.9688% share=98.9688% device_global=0 rank=0 local_index=0 offset=0 count=7917500
    part[1] cum=100% share=1.03125% device_global=1 rank=0 local_index=1 offset=7917500 count=82500
    total=100%
[DCL][balance-metrics] iteration=5100
  policy=threshold
  action=rebalance
  reason=accepted by fixed threshold; diff=0.00125003, threshold=0.0003125
  T_compute_interval_s=3.42458
  T_comm_interval_s=0
  T_balance_total_s=0.00879991
  T_rebalance_apply_s=0.000633948
  T_compute_accum_s=36.2457
  T_comm_accum_s=0
  T_balance_accum_s=0.305078
  T_rebalance_apply_accum_s=0.0941491
  device_times_s:
    part[0]=3.42458
    part[1]=3.04101
  OLD loads:
    part[0] cum=98.9688% share=98.9688% device_global=0 rank=0 local_index=0 offset=0 count=7907500
    part[1] cum=100% share=1.03125% device_global=1 rank=0 local_index=1 offset=7907500 count=92500
    total=100%
  PROPOSED loads:
    part[0] cum=98.8438% share=98.8438% device_global=0 rank=0 local_index=0 offset=0 count=7907500
    part[1] cum=100% share=1.15625% device_global=1 rank=0 local_index=1 offset=7907500 count=92500
    total=100%
  CURRENT loads:
    part[0] cum=98.8438% share=98.8438% device_global=0 rank=0 local_index=0 offset=0 count=7907500
    part[1] cum=100% share=1.15625% device_global=1 rank=0 local_index=1 offset=7907500 count=92500
    total=100%
[DCL][balance-metrics] iteration=6100
  policy=threshold
  action=rebalance
  reason=accepted by fixed threshold; diff=0.000937462, threshold=0.0003125
  T_compute_interval_s=3.43164
  T_comm_interval_s=0
  T_balance_total_s=0.00873231
  T_rebalance_apply_s=0.000556634
  T_compute_accum_s=39.6773
  T_comm_accum_s=0
  T_balance_accum_s=0.31381
  T_rebalance_apply_accum_s=0.0947058
  device_times_s:
    part[0]=3.43164
    part[1]=3.16143
  OLD loads:
    part[0] cum=98.8438% share=98.8438% device_global=0 rank=0 local_index=0 offset=0 count=7900000
    part[1] cum=100% share=1.15625% device_global=1 rank=0 local_index=1 offset=7900000 count=100000
    total=100%
  PROPOSED loads:
    part[0] cum=98.75% share=98.75% device_global=0 rank=0 local_index=0 offset=0 count=7900000
    part[1] cum=100% share=1.25% device_global=1 rank=0 local_index=1 offset=7900000 count=100000
    total=100%
  CURRENT loads:
    part[0] cum=98.75% share=98.75% device_global=0 rank=0 local_index=0 offset=0 count=7900000
    part[1] cum=100% share=1.25% device_global=1 rank=0 local_index=1 offset=7900000 count=100000
    total=100%
[DCL][balance-metrics] iteration=7100
  policy=threshold
  action=rebalance
  reason=accepted by fixed threshold; diff=0.000937521, threshold=0.0003125
  T_compute_interval_s=3.43758
  T_comm_interval_s=0
  T_balance_total_s=0.0086654
  T_rebalance_apply_s=0.0005581
  T_compute_accum_s=43.1149
  T_comm_accum_s=0
  T_balance_accum_s=0.322476
  T_rebalance_apply_accum_s=0.0952639
  device_times_s:
    part[0]=3.43758
    part[1]=3.22012
  OLD loads:
    part[0] cum=98.75% share=98.75% device_global=0 rank=0 local_index=0 offset=0 count=7892500
    part[1] cum=100% share=1.25% device_global=1 rank=0 local_index=1 offset=7892500 count=107500
    total=100%
  PROPOSED loads:
    part[0] cum=98.6562% share=98.6562% device_global=0 rank=0 local_index=0 offset=0 count=7892500
    part[1] cum=100% share=1.34375% device_global=1 rank=0 local_index=1 offset=7892500 count=107500
    total=100%
  CURRENT loads:
    part[0] cum=98.6562% share=98.6562% device_global=0 rank=0 local_index=0 offset=0 count=7892500
    part[1] cum=100% share=1.34375% device_global=1 rank=0 local_index=1 offset=7892500 count=107500
    total=100%
[DCL][balance-metrics] iteration=8100
  policy=threshold
  action=rebalance
  reason=accepted by fixed threshold; diff=0.000625014, threshold=0.0003125
  T_compute_interval_s=3.4381
  T_comm_interval_s=0
  T_balance_total_s=0.00861155
  T_rebalance_apply_s=0.000488748
  T_compute_accum_s=46.553
  T_comm_accum_s=0
  T_balance_accum_s=0.331087
  T_rebalance_apply_accum_s=0.0957526
  device_times_s:
    part[0]=3.4381
    part[1]=3.31494
  OLD loads:
    part[0] cum=98.6562% share=98.6562% device_global=0 rank=0 local_index=0 offset=0 count=7887500
    part[1] cum=100% share=1.34375% device_global=1 rank=0 local_index=1 offset=7887500 count=112500
    total=100%
  PROPOSED loads:
    part[0] cum=98.5938% share=98.5938% device_global=0 rank=0 local_index=0 offset=0 count=7887500
    part[1] cum=100% share=1.40625% device_global=1 rank=0 local_index=1 offset=7887500 count=112500
    total=100%
  CURRENT loads:
    part[0] cum=98.5938% share=98.5938% device_global=0 rank=0 local_index=0 offset=0 count=7887500
    part[1] cum=100% share=1.40625% device_global=1 rank=0 local_index=1 offset=7887500 count=112500
    total=100%
[DCL][balance-metrics] iteration=9100
  policy=threshold
  action=skip
  reason=load difference below fixed threshold; diff=0.000312448, threshold=0.0003125
  T_compute_interval_s=3.43426
  T_comm_interval_s=0
  T_balance_total_s=0.00808069
  T_rebalance_apply_s=0
  T_compute_accum_s=49.9873
  T_comm_accum_s=0
  T_balance_accum_s=0.339168
  T_rebalance_apply_accum_s=0.0957526
  device_times_s:
    part[0]=3.43426
    part[1]=3.33192
  OLD loads:
    part[0] cum=98.5938% share=98.5938% device_global=0 rank=0 local_index=0 offset=0 count=7887500
    part[1] cum=100% share=1.40625% device_global=1 rank=0 local_index=1 offset=7887500 count=112500
    total=100%
  PROPOSED loads:
    part[0] cum=98.5625% share=98.5625% device_global=0 rank=0 local_index=0 offset=0 count=7887500
    part[1] cum=100% share=1.4375% device_global=1 rank=0 local_index=1 offset=7887500 count=112500
    total=100%
  CURRENT loads:
    part[0] cum=98.5938% share=98.5938% device_global=0 rank=0 local_index=0 offset=0 count=7887500
    part[1] cum=100% share=1.40625% device_global=1 rank=0 local_index=1 offset=7887500 count=112500
    total=100%

=== PARTICOES FINAIS ===
=== Particoes globais ===
part[0] device_global=0 rank=0 local_index=0 offset=0 count=7887500
part[1] device_global=1 rank=0 local_index=1 offset=7887500 count=112500


============================
ITERACAO 10000
Tempo de execução: 53.645s
