=== Dispositivos locais do rank 0 ===
global=0 local=0 nome="NVIDIA RTX 2000 Ada Generation" compute_units=22
global=1 local=1 nome="Intel(R) Xeon(R) CPU           E5620  @ 2.40GHz" compute_units=16

=== PARTICOES INICIAIS ===
=== Particoes globais ===
part[0] device_global=0 rank=0 local_index=0 offset=0 count=4000000
part[1] device_global=1 rank=0 local_index=1 offset=4000000 count=4000000

X = 50 Y = 50 Z = 3200 Iterations = 10000
[DCL][balance-metrics] iteration=100
  policy=threshold
  action=rebalance
  reason=accepted by fixed threshold; diff=0.489375, threshold=0.0003125
  T_compute_interval_s=17.1638
  T_comm_interval_s=0
  T_balance_total_s=0.256115
  T_rebalance_apply_s=0.0897448
  T_compute_accum_s=17.1638
  T_comm_accum_s=0
  T_balance_accum_s=0.256115
  T_rebalance_apply_accum_s=0.0897448
  device_times_s:
    part[0]=0.182404
    part[1]=17.1638
  OLD loads:
    part[0] cum=50% share=50% device_global=0 rank=0 local_index=0 offset=0 count=7915000
    part[1] cum=100% share=50% device_global=1 rank=0 local_index=1 offset=7915000 count=85000
    total=100%
  PROPOSED loads:
    part[0] cum=98.9375% share=98.9375% device_global=0 rank=0 local_index=0 offset=0 count=7915000
    part[1] cum=100% share=1.0625% device_global=1 rank=0 local_index=1 offset=7915000 count=85000
    total=100%
  CURRENT loads:
    part[0] cum=98.9375% share=98.9375% device_global=0 rank=0 local_index=0 offset=0 count=7915000
    part[1] cum=100% share=1.0625% device_global=1 rank=0 local_index=1 offset=7915000 count=85000
    total=100%
[DCL][balance-metrics] iteration=1100
  policy=threshold
  action=rebalance
  reason=accepted by fixed threshold; diff=0.00468749, threshold=0.0003125
  T_compute_interval_s=5.47126
  T_comm_interval_s=0
  T_balance_total_s=0.0120709
  T_rebalance_apply_s=0.00173611
  T_compute_accum_s=22.6351
  T_comm_accum_s=0
  T_balance_accum_s=0.268186
  T_rebalance_apply_accum_s=0.0914809
  device_times_s:
    part[0]=3.05866
    part[1]=5.47126
  OLD loads:
    part[0] cum=98.9375% share=98.9375% device_global=0 rank=0 local_index=0 offset=0 count=7952500
    part[1] cum=100% share=1.0625% device_global=1 rank=0 local_index=1 offset=7952500 count=47500
    total=100%
  PROPOSED loads:
    part[0] cum=99.4062% share=99.4062% device_global=0 rank=0 local_index=0 offset=0 count=7952500
    part[1] cum=100% share=0.593752% device_global=1 rank=0 local_index=1 offset=7952500 count=47500
    total=100%
  CURRENT loads:
    part[0] cum=99.4062% share=99.4062% device_global=0 rank=0 local_index=0 offset=0 count=7952500
    part[1] cum=100% share=0.593752% device_global=1 rank=0 local_index=1 offset=7952500 count=47500
    total=100%
[DCL][balance-metrics] iteration=2100
  policy=threshold
  action=rebalance
  reason=accepted by fixed threshold; diff=0.00124997, threshold=0.0003125
  T_compute_interval_s=3.40427
  T_comm_interval_s=0
  T_balance_total_s=0.00907334
  T_rebalance_apply_s=0.000660418
  T_compute_accum_s=26.0394
  T_comm_accum_s=0
  T_balance_accum_s=0.277259
  T_rebalance_apply_accum_s=0.0921413
  device_times_s:
    part[0]=3.40427
    part[1]=2.85403
  OLD loads:
    part[0] cum=99.4062% share=99.4062% device_global=0 rank=0 local_index=0 offset=0 count=7942500
    part[1] cum=100% share=0.593752% device_global=1 rank=0 local_index=1 offset=7942500 count=57500
    total=100%
  PROPOSED loads:
    part[0] cum=99.2812% share=99.2812% device_global=0 rank=0 local_index=0 offset=0 count=7942500
    part[1] cum=100% share=0.718749% device_global=1 rank=0 local_index=1 offset=7942500 count=57500
    total=100%
  CURRENT loads:
    part[0] cum=99.2812% share=99.2812% device_global=0 rank=0 local_index=0 offset=0 count=7942500
    part[1] cum=100% share=0.718749% device_global=1 rank=0 local_index=1 offset=7942500 count=57500
    total=100%
[DCL][balance-metrics] iteration=3100
  policy=threshold
  action=rebalance
  reason=accepted by fixed threshold; diff=0.00156254, threshold=0.0003125
  T_compute_interval_s=3.40392
  T_comm_interval_s=0
  T_balance_total_s=0.00923523
  T_rebalance_apply_s=0.000766786
  T_compute_accum_s=29.4433
  T_comm_accum_s=0
  T_balance_accum_s=0.286495
  T_rebalance_apply_accum_s=0.0929081
  device_times_s:
    part[0]=3.40392
    part[1]=2.81897
  OLD loads:
    part[0] cum=99.2812% share=99.2812% device_global=0 rank=0 local_index=0 offset=0 count=7930000
    part[1] cum=100% share=0.718749% device_global=1 rank=0 local_index=1 offset=7930000 count=70000
    total=100%
  PROPOSED loads:
    part[0] cum=99.125% share=99.125% device_global=0 rank=0 local_index=0 offset=0 count=7930000
    part[1] cum=100% share=0.875002% device_global=1 rank=0 local_index=1 offset=7930000 count=70000
    total=100%
  CURRENT loads:
    part[0] cum=99.125% share=99.125% device_global=0 rank=0 local_index=0 offset=0 count=7930000
    part[1] cum=100% share=0.875002% device_global=1 rank=0 local_index=1 offset=7930000 count=70000
    total=100%
[DCL][balance-metrics] iteration=4100
  policy=threshold
  action=rebalance
  reason=accepted by fixed threshold; diff=0.00156248, threshold=0.0003125
  T_compute_interval_s=3.40846
  T_comm_interval_s=0
  T_balance_total_s=0.00887779
  T_rebalance_apply_s=0.000709446
  T_compute_accum_s=32.8517
  T_comm_accum_s=0
  T_balance_accum_s=0.295372
  T_rebalance_apply_accum_s=0.0936175
  device_times_s:
    part[0]=3.40846
    part[1]=2.89556
  OLD loads:
    part[0] cum=99.125% share=99.125% device_global=0 rank=0 local_index=0 offset=0 count=7917500
    part[1] cum=100% share=0.875002% device_global=1 rank=0 local_index=1 offset=7917500 count=82500
    total=100%
  PROPOSED loads:
    part[0] cum=98.9688% share=98.9688% device_global=0 rank=0 local_index=0 offset=0 count=7917500
    part[1] cum=100% share=1.03125% device_global=1 rank=0 local_index=1 offset=7917500 count=82500
    total=100%
  CURRENT loads:
    part[0] cum=98.9688% share=98.9688% device_global=0 rank=0 local_index=0 offset=0 count=7917500
    part[1] cum=100% share=1.03125% device_global=1 rank=0 local_index=1 offset=7917500 count=82500
    total=100%
[DCL][balance-metrics] iteration=5100
  policy=threshold
  action=rebalance
  reason=accepted by fixed threshold; diff=0.00125003, threshold=0.0003125
  T_compute_interval_s=3.40866
  T_comm_interval_s=0
  T_balance_total_s=0.00886941
  T_rebalance_apply_s=0.000643237
  T_compute_accum_s=36.2604
  T_comm_accum_s=0
  T_balance_accum_s=0.304242
  T_rebalance_apply_accum_s=0.0942608
  device_times_s:
    part[0]=3.40866
    part[1]=3.04064
  OLD loads:
    part[0] cum=98.9688% share=98.9688% device_global=0 rank=0 local_index=0 offset=0 count=7907500
    part[1] cum=100% share=1.03125% device_global=1 rank=0 local_index=1 offset=7907500 count=92500
    total=100%
  PROPOSED loads:
    part[0] cum=98.8438% share=98.8438% device_global=0 rank=0 local_index=0 offset=0 count=7907500
    part[1] cum=100% share=1.15625% device_global=1 rank=0 local_index=1 offset=7907500 count=92500
    total=100%
  CURRENT loads:
    part[0] cum=98.8438% share=98.8438% device_global=0 rank=0 local_index=0 offset=0 count=7907500
    part[1] cum=100% share=1.15625% device_global=1 rank=0 local_index=1 offset=7907500 count=92500
    total=100%
[DCL][balance-metrics] iteration=6100
  policy=threshold
  action=rebalance
  reason=accepted by fixed threshold; diff=0.000937462, threshold=0.0003125
  T_compute_interval_s=3.41882
  T_comm_interval_s=0
  T_balance_total_s=0.0087291
  T_rebalance_apply_s=0.000548602
  T_compute_accum_s=39.6792
  T_comm_accum_s=0
  T_balance_accum_s=0.312971
  T_rebalance_apply_accum_s=0.0948094
  device_times_s:
    part[0]=3.41882
    part[1]=3.16275
  OLD loads:
    part[0] cum=98.8438% share=98.8438% device_global=0 rank=0 local_index=0 offset=0 count=7900000
    part[1] cum=100% share=1.15625% device_global=1 rank=0 local_index=1 offset=7900000 count=100000
    total=100%
  PROPOSED loads:
    part[0] cum=98.75% share=98.75% device_global=0 rank=0 local_index=0 offset=0 count=7900000
    part[1] cum=100% share=1.25% device_global=1 rank=0 local_index=1 offset=7900000 count=100000
    total=100%
  CURRENT loads:
    part[0] cum=98.75% share=98.75% device_global=0 rank=0 local_index=0 offset=0 count=7900000
    part[1] cum=100% share=1.25% device_global=1 rank=0 local_index=1 offset=7900000 count=100000
    total=100%
[DCL][balance-metrics] iteration=7100
  policy=threshold
  action=rebalance
  reason=accepted by fixed threshold; diff=0.000625014, threshold=0.0003125
  T_compute_interval_s=3.40332
  T_comm_interval_s=0
  T_balance_total_s=0.00859486
  T_rebalance_apply_s=0.000470101
  T_compute_accum_s=43.0825
  T_comm_accum_s=0
  T_balance_accum_s=0.321566
  T_rebalance_apply_accum_s=0.0952795
  device_times_s:
    part[0]=3.40332
    part[1]=3.21917
  OLD loads:
    part[0] cum=98.75% share=98.75% device_global=0 rank=0 local_index=0 offset=0 count=7895000
    part[1] cum=100% share=1.25% device_global=1 rank=0 local_index=1 offset=7895000 count=105000
    total=100%
  PROPOSED loads:
    part[0] cum=98.6875% share=98.6875% device_global=0 rank=0 local_index=0 offset=0 count=7895000
    part[1] cum=100% share=1.3125% device_global=1 rank=0 local_index=1 offset=7895000 count=105000
    total=100%
  CURRENT loads:
    part[0] cum=98.6875% share=98.6875% device_global=0 rank=0 local_index=0 offset=0 count=7895000
    part[1] cum=100% share=1.3125% device_global=1 rank=0 local_index=1 offset=7895000 count=105000
    total=100%
[DCL][balance-metrics] iteration=8100
  policy=threshold
  action=rebalance
  reason=accepted by fixed threshold; diff=0.000625014, threshold=0.0003125
  T_compute_interval_s=3.42949
  T_comm_interval_s=0
  T_balance_total_s=0.00864319
  T_rebalance_apply_s=0.000453828
  T_compute_accum_s=46.512
  T_comm_accum_s=0
  T_balance_accum_s=0.330209
  T_rebalance_apply_accum_s=0.0957333
  device_times_s:
    part[0]=3.42949
    part[1]=3.25379
  OLD loads:
    part[0] cum=98.6875% share=98.6875% device_global=0 rank=0 local_index=0 offset=0 count=7890000
    part[1] cum=100% share=1.3125% device_global=1 rank=0 local_index=1 offset=7890000 count=110000
    total=100%
  PROPOSED loads:
    part[0] cum=98.625% share=98.625% device_global=0 rank=0 local_index=0 offset=0 count=7890000
    part[1] cum=100% share=1.375% device_global=1 rank=0 local_index=1 offset=7890000 count=110000
    total=100%
  CURRENT loads:
    part[0] cum=98.625% share=98.625% device_global=0 rank=0 local_index=0 offset=0 count=7890000
    part[1] cum=100% share=1.375% device_global=1 rank=0 local_index=1 offset=7890000 count=110000
    total=100%
[DCL][balance-metrics] iteration=9100
  policy=threshold
  action=rebalance
  reason=accepted by fixed threshold; diff=0.000624955, threshold=0.0003125
  T_compute_interval_s=3.43858
  T_comm_interval_s=0
  T_balance_total_s=0.00857216
  T_rebalance_apply_s=0.000453898
  T_compute_accum_s=49.9506
  T_comm_accum_s=0
  T_balance_accum_s=0.338781
  T_rebalance_apply_accum_s=0.0961872
  device_times_s:
    part[0]=3.43858
    part[1]=3.26134
  OLD loads:
    part[0] cum=98.625% share=98.625% device_global=0 rank=0 local_index=0 offset=0 count=7885000
    part[1] cum=100% share=1.375% device_global=1 rank=0 local_index=1 offset=7885000 count=115000
    total=100%
  PROPOSED loads:
    part[0] cum=98.5625% share=98.5625% device_global=0 rank=0 local_index=0 offset=0 count=7885000
    part[1] cum=100% share=1.4375% device_global=1 rank=0 local_index=1 offset=7885000 count=115000
    total=100%
  CURRENT loads:
    part[0] cum=98.5625% share=98.5625% device_global=0 rank=0 local_index=0 offset=0 count=7885000
    part[1] cum=100% share=1.4375% device_global=1 rank=0 local_index=1 offset=7885000 count=115000
    total=100%

=== PARTICOES FINAIS ===
=== Particoes globais ===
part[0] device_global=0 rank=0 local_index=0 offset=0 count=7885000
part[1] device_global=1 rank=0 local_index=1 offset=7885000 count=115000


============================
ITERACAO 10000
Tempo de execução: 53.6039s
