=== Dispositivos locais do rank 0 ===
global=0 local=0 nome="NVIDIA RTX 2000 Ada Generation" compute_units=22
global=1 local=1 nome="Intel(R) Xeon(R) CPU           E5620  @ 2.40GHz" compute_units=16

=== PARTICOES INICIAIS ===
=== Particoes globais ===
part[0] device_global=0 rank=0 local_index=0 offset=0 count=4000000
part[1] device_global=1 rank=0 local_index=1 offset=4000000 count=4000000

X = 50 Y = 50 Z = 3200 Iterations = 10000
[DCL][balance-metrics] iteration=100
  policy=threshold
  action=rebalance
  reason=accepted by fixed threshold; diff=0.489375, threshold=0.0003125
  T_compute_interval_s=17.2266
  T_comm_interval_s=0
  T_balance_total_s=0.255344
  T_rebalance_apply_s=0.0889784
  T_compute_accum_s=17.2266
  T_comm_accum_s=0
  T_balance_accum_s=0.255344
  T_rebalance_apply_accum_s=0.0889784
  device_times_s:
    part[0]=0.182481
    part[1]=17.2266
  OLD loads:
    part[0] cum=50% share=50% device_global=0 rank=0 local_index=0 offset=0 count=7915000
    part[1] cum=100% share=50% device_global=1 rank=0 local_index=1 offset=7915000 count=85000
    total=100%
  PROPOSED loads:
    part[0] cum=98.9375% share=98.9375% device_global=0 rank=0 local_index=0 offset=0 count=7915000
    part[1] cum=100% share=1.0625% device_global=1 rank=0 local_index=1 offset=7915000 count=85000
    total=100%
  CURRENT loads:
    part[0] cum=98.9375% share=98.9375% device_global=0 rank=0 local_index=0 offset=0 count=7915000
    part[1] cum=100% share=1.0625% device_global=1 rank=0 local_index=1 offset=7915000 count=85000
    total=100%
[DCL][balance-metrics] iteration=1100
  policy=threshold
  action=rebalance
  reason=accepted by fixed threshold; diff=0.00468749, threshold=0.0003125
  T_compute_interval_s=5.42251
  T_comm_interval_s=0
  T_balance_total_s=0.0117805
  T_rebalance_apply_s=0.00175958
  T_compute_accum_s=22.6491
  T_comm_accum_s=0
  T_balance_accum_s=0.267124
  T_rebalance_apply_accum_s=0.090738
  device_times_s:
    part[0]=3.06786
    part[1]=5.42251
  OLD loads:
    part[0] cum=98.9375% share=98.9375% device_global=0 rank=0 local_index=0 offset=0 count=7952500
    part[1] cum=100% share=1.0625% device_global=1 rank=0 local_index=1 offset=7952500 count=47500
    total=100%
  PROPOSED loads:
    part[0] cum=99.4062% share=99.4062% device_global=0 rank=0 local_index=0 offset=0 count=7952500
    part[1] cum=100% share=0.593752% device_global=1 rank=0 local_index=1 offset=7952500 count=47500
    total=100%
  CURRENT loads:
    part[0] cum=99.4062% share=99.4062% device_global=0 rank=0 local_index=0 offset=0 count=7952500
    part[1] cum=100% share=0.593752% device_global=1 rank=0 local_index=1 offset=7952500 count=47500
    total=100%
[DCL][balance-metrics] iteration=2100
  policy=threshold
  action=rebalance
  reason=accepted by fixed threshold; diff=0.00124997, threshold=0.0003125
  T_compute_interval_s=3.40009
  T_comm_interval_s=0
  T_balance_total_s=0.00905505
  T_rebalance_apply_s=0.000649941
  T_compute_accum_s=26.0492
  T_comm_accum_s=0
  T_balance_accum_s=0.276179
  T_rebalance_apply_accum_s=0.0913879
  device_times_s:
    part[0]=3.40009
    part[1]=2.86125
  OLD loads:
    part[0] cum=99.4062% share=99.4062% device_global=0 rank=0 local_index=0 offset=0 count=7942500
    part[1] cum=100% share=0.593752% device_global=1 rank=0 local_index=1 offset=7942500 count=57500
    total=100%
  PROPOSED loads:
    part[0] cum=99.2812% share=99.2812% device_global=0 rank=0 local_index=0 offset=0 count=7942500
    part[1] cum=100% share=0.718749% device_global=1 rank=0 local_index=1 offset=7942500 count=57500
    total=100%
  CURRENT loads:
    part[0] cum=99.2812% share=99.2812% device_global=0 rank=0 local_index=0 offset=0 count=7942500
    part[1] cum=100% share=0.718749% device_global=1 rank=0 local_index=1 offset=7942500 count=57500
    total=100%
[DCL][balance-metrics] iteration=3100
  policy=threshold
  action=rebalance
  reason=accepted by fixed threshold; diff=0.00156254, threshold=0.0003125
  T_compute_interval_s=3.41325
  T_comm_interval_s=0
  T_balance_total_s=0.00914095
  T_rebalance_apply_s=0.000719294
  T_compute_accum_s=29.4625
  T_comm_accum_s=0
  T_balance_accum_s=0.28532
  T_rebalance_apply_accum_s=0.0921072
  device_times_s:
    part[0]=3.41325
    part[1]=2.81896
  OLD loads:
    part[0] cum=99.2812% share=99.2812% device_global=0 rank=0 local_index=0 offset=0 count=7930000
    part[1] cum=100% share=0.718749% device_global=1 rank=0 local_index=1 offset=7930000 count=70000
    total=100%
  PROPOSED loads:
    part[0] cum=99.125% share=99.125% device_global=0 rank=0 local_index=0 offset=0 count=7930000
    part[1] cum=100% share=0.875002% device_global=1 rank=0 local_index=1 offset=7930000 count=70000
    total=100%
  CURRENT loads:
    part[0] cum=99.125% share=99.125% device_global=0 rank=0 local_index=0 offset=0 count=7930000
    part[1] cum=100% share=0.875002% device_global=1 rank=0 local_index=1 offset=7930000 count=70000
    total=100%
[DCL][balance-metrics] iteration=4100
  policy=threshold
  action=rebalance
  reason=accepted by fixed threshold; diff=0.00156248, threshold=0.0003125
  T_compute_interval_s=3.40887
  T_comm_interval_s=0
  T_balance_total_s=0.00958591
  T_rebalance_apply_s=0.000725021
  T_compute_accum_s=32.8713
  T_comm_accum_s=0
  T_balance_accum_s=0.294906
  T_rebalance_apply_accum_s=0.0928322
  device_times_s:
    part[0]=3.40887
    part[1]=2.8938
  OLD loads:
    part[0] cum=99.125% share=99.125% device_global=0 rank=0 local_index=0 offset=0 count=7917500
    part[1] cum=100% share=0.875002% device_global=1 rank=0 local_index=1 offset=7917500 count=82500
    total=100%
  PROPOSED loads:
    part[0] cum=98.9688% share=98.9688% device_global=0 rank=0 local_index=0 offset=0 count=7917500
    part[1] cum=100% share=1.03125% device_global=1 rank=0 local_index=1 offset=7917500 count=82500
    total=100%
  CURRENT loads:
    part[0] cum=98.9688% share=98.9688% device_global=0 rank=0 local_index=0 offset=0 count=7917500
    part[1] cum=100% share=1.03125% device_global=1 rank=0 local_index=1 offset=7917500 count=82500
    total=100%
[DCL][balance-metrics] iteration=5100
  policy=threshold
  action=rebalance
  reason=accepted by fixed threshold; diff=0.00125003, threshold=0.0003125
  T_compute_interval_s=3.40647
  T_comm_interval_s=0
  T_balance_total_s=0.0089491
  T_rebalance_apply_s=0.000643726
  T_compute_accum_s=36.2778
  T_comm_accum_s=0
  T_balance_accum_s=0.303855
  T_rebalance_apply_accum_s=0.093476
  device_times_s:
    part[0]=3.40647
    part[1]=3.04292
  OLD loads:
    part[0] cum=98.9688% share=98.9688% device_global=0 rank=0 local_index=0 offset=0 count=7907500
    part[1] cum=100% share=1.03125% device_global=1 rank=0 local_index=1 offset=7907500 count=92500
    total=100%
  PROPOSED loads:
    part[0] cum=98.8438% share=98.8438% device_global=0 rank=0 local_index=0 offset=0 count=7907500
    part[1] cum=100% share=1.15625% device_global=1 rank=0 local_index=1 offset=7907500 count=92500
    total=100%
  CURRENT loads:
    part[0] cum=98.8438% share=98.8438% device_global=0 rank=0 local_index=0 offset=0 count=7907500
    part[1] cum=100% share=1.15625% device_global=1 rank=0 local_index=1 offset=7907500 count=92500
    total=100%
[DCL][balance-metrics] iteration=6100
  policy=threshold
  action=rebalance
  reason=accepted by fixed threshold; diff=0.000937462, threshold=0.0003125
  T_compute_interval_s=3.42185
  T_comm_interval_s=0
  T_balance_total_s=0.00883393
  T_rebalance_apply_s=0.000557752
  T_compute_accum_s=39.6997
  T_comm_accum_s=0
  T_balance_accum_s=0.312689
  T_rebalance_apply_accum_s=0.0940337
  device_times_s:
    part[0]=3.42185
    part[1]=3.16091
  OLD loads:
    part[0] cum=98.8438% share=98.8438% device_global=0 rank=0 local_index=0 offset=0 count=7900000
    part[1] cum=100% share=1.15625% device_global=1 rank=0 local_index=1 offset=7900000 count=100000
    total=100%
  PROPOSED loads:
    part[0] cum=98.75% share=98.75% device_global=0 rank=0 local_index=0 offset=0 count=7900000
    part[1] cum=100% share=1.25% device_global=1 rank=0 local_index=1 offset=7900000 count=100000
    total=100%
  CURRENT loads:
    part[0] cum=98.75% share=98.75% device_global=0 rank=0 local_index=0 offset=0 count=7900000
    part[1] cum=100% share=1.25% device_global=1 rank=0 local_index=1 offset=7900000 count=100000
    total=100%
[DCL][balance-metrics] iteration=7100
  policy=threshold
  action=rebalance
  reason=accepted by fixed threshold; diff=0.000625014, threshold=0.0003125
  T_compute_interval_s=3.41084
  T_comm_interval_s=0
  T_balance_total_s=0.00864675
  T_rebalance_apply_s=0.000453618
  T_compute_accum_s=43.1105
  T_comm_accum_s=0
  T_balance_accum_s=0.321336
  T_rebalance_apply_accum_s=0.0944873
  device_times_s:
    part[0]=3.41084
    part[1]=3.22011
  OLD loads:
    part[0] cum=98.75% share=98.75% device_global=0 rank=0 local_index=0 offset=0 count=7895000
    part[1] cum=100% share=1.25% device_global=1 rank=0 local_index=1 offset=7895000 count=105000
    total=100%
  PROPOSED loads:
    part[0] cum=98.6875% share=98.6875% device_global=0 rank=0 local_index=0 offset=0 count=7895000
    part[1] cum=100% share=1.3125% device_global=1 rank=0 local_index=1 offset=7895000 count=105000
    total=100%
  CURRENT loads:
    part[0] cum=98.6875% share=98.6875% device_global=0 rank=0 local_index=0 offset=0 count=7895000
    part[1] cum=100% share=1.3125% device_global=1 rank=0 local_index=1 offset=7895000 count=105000
    total=100%
[DCL][balance-metrics] iteration=8100
  policy=threshold
  action=rebalance
  reason=accepted by fixed threshold; diff=0.000625014, threshold=0.0003125
  T_compute_interval_s=3.43903
  T_comm_interval_s=0
  T_balance_total_s=0.00866778
  T_rebalance_apply_s=0.000477993
  T_compute_accum_s=46.5495
  T_comm_accum_s=0
  T_balance_accum_s=0.330004
  T_rebalance_apply_accum_s=0.0949653
  device_times_s:
    part[0]=3.43903
    part[1]=3.25242
  OLD loads:
    part[0] cum=98.6875% share=98.6875% device_global=0 rank=0 local_index=0 offset=0 count=7890000
    part[1] cum=100% share=1.3125% device_global=1 rank=0 local_index=1 offset=7890000 count=110000
    total=100%
  PROPOSED loads:
    part[0] cum=98.625% share=98.625% device_global=0 rank=0 local_index=0 offset=0 count=7890000
    part[1] cum=100% share=1.375% device_global=1 rank=0 local_index=1 offset=7890000 count=110000
    total=100%
  CURRENT loads:
    part[0] cum=98.625% share=98.625% device_global=0 rank=0 local_index=0 offset=0 count=7890000
    part[1] cum=100% share=1.375% device_global=1 rank=0 local_index=1 offset=7890000 count=110000
    total=100%
[DCL][balance-metrics] iteration=9100
  policy=threshold
  action=rebalance
  reason=accepted by fixed threshold; diff=0.000624955, threshold=0.0003125
  T_compute_interval_s=3.4409
  T_comm_interval_s=0
  T_balance_total_s=0.00870612
  T_rebalance_apply_s=0.000472545
  T_compute_accum_s=49.9904
  T_comm_accum_s=0
  T_balance_accum_s=0.33871
  T_rebalance_apply_accum_s=0.0954379
  device_times_s:
    part[0]=3.4409
    part[1]=3.26258
  OLD loads:
    part[0] cum=98.625% share=98.625% device_global=0 rank=0 local_index=0 offset=0 count=7885000
    part[1] cum=100% share=1.375% device_global=1 rank=0 local_index=1 offset=7885000 count=115000
    total=100%
  PROPOSED loads:
    part[0] cum=98.5625% share=98.5625% device_global=0 rank=0 local_index=0 offset=0 count=7885000
    part[1] cum=100% share=1.4375% device_global=1 rank=0 local_index=1 offset=7885000 count=115000
    total=100%
  CURRENT loads:
    part[0] cum=98.5625% share=98.5625% device_global=0 rank=0 local_index=0 offset=0 count=7885000
    part[1] cum=100% share=1.4375% device_global=1 rank=0 local_index=1 offset=7885000 count=115000
    total=100%

=== PARTICOES FINAIS ===
=== Particoes globais ===
part[0] device_global=0 rank=0 local_index=0 offset=0 count=7885000
part[1] device_global=1 rank=0 local_index=1 offset=7885000 count=115000


============================
ITERACAO 10000
Tempo de execução: 53.6344s
