=== Dispositivos locais do rank 0 ===
global=0 local=0 nome="NVIDIA RTX 2000 Ada Generation" compute_units=22
global=1 local=1 nome="Intel(R) Xeon(R) CPU           E5620  @ 2.40GHz" compute_units=16

=== PARTICOES INICIAIS ===
=== Particoes globais ===
part[0] device_global=0 rank=0 local_index=0 offset=0 count=4000000
part[1] device_global=1 rank=0 local_index=1 offset=4000000 count=4000000

X = 50 Y = 50 Z = 3200 Iterations = 10000
[DCL][balance-metrics] iteration=100
  policy=threshold
  action=rebalance
  reason=accepted by fixed threshold; diff=0.489375, threshold=0.0003125
  T_compute_interval_s=17.2294
  T_comm_interval_s=0
  T_balance_total_s=0.255874
  T_rebalance_apply_s=0.089427
  T_compute_accum_s=17.2294
  T_comm_accum_s=0
  T_balance_accum_s=0.255874
  T_rebalance_apply_accum_s=0.089427
  device_times_s:
    part[0]=0.182312
    part[1]=17.2294
  OLD loads:
    part[0] cum=50% share=50% device_global=0 rank=0 local_index=0 offset=0 count=7915000
    part[1] cum=100% share=50% device_global=1 rank=0 local_index=1 offset=7915000 count=85000
    total=100%
  PROPOSED loads:
    part[0] cum=98.9375% share=98.9375% device_global=0 rank=0 local_index=0 offset=0 count=7915000
    part[1] cum=100% share=1.0625% device_global=1 rank=0 local_index=1 offset=7915000 count=85000
    total=100%
  CURRENT loads:
    part[0] cum=98.9375% share=98.9375% device_global=0 rank=0 local_index=0 offset=0 count=7915000
    part[1] cum=100% share=1.0625% device_global=1 rank=0 local_index=1 offset=7915000 count=85000
    total=100%
[DCL][balance-metrics] iteration=1100
  policy=threshold
  action=rebalance
  reason=accepted by fixed threshold; diff=0.00468749, threshold=0.0003125
  T_compute_interval_s=5.41773
  T_comm_interval_s=0
  T_balance_total_s=0.0119547
  T_rebalance_apply_s=0.00176447
  T_compute_accum_s=22.6471
  T_comm_accum_s=0
  T_balance_accum_s=0.267829
  T_rebalance_apply_accum_s=0.0911914
  device_times_s:
    part[0]=3.05635
    part[1]=5.41773
  OLD loads:
    part[0] cum=98.9375% share=98.9375% device_global=0 rank=0 local_index=0 offset=0 count=7952500
    part[1] cum=100% share=1.0625% device_global=1 rank=0 local_index=1 offset=7952500 count=47500
    total=100%
  PROPOSED loads:
    part[0] cum=99.4062% share=99.4062% device_global=0 rank=0 local_index=0 offset=0 count=7952500
    part[1] cum=100% share=0.593752% device_global=1 rank=0 local_index=1 offset=7952500 count=47500
    total=100%
  CURRENT loads:
    part[0] cum=99.4062% share=99.4062% device_global=0 rank=0 local_index=0 offset=0 count=7952500
    part[1] cum=100% share=0.593752% device_global=1 rank=0 local_index=1 offset=7952500 count=47500
    total=100%
[DCL][balance-metrics] iteration=2100
  policy=threshold
  action=rebalance
  reason=accepted by fixed threshold; diff=0.00124997, threshold=0.0003125
  T_compute_interval_s=3.41245
  T_comm_interval_s=0
  T_balance_total_s=0.00892961
  T_rebalance_apply_s=0.000579891
  T_compute_accum_s=26.0595
  T_comm_accum_s=0
  T_balance_accum_s=0.276758
  T_rebalance_apply_accum_s=0.0917713
  device_times_s:
    part[0]=3.41245
    part[1]=2.85755
  OLD loads:
    part[0] cum=99.4062% share=99.4062% device_global=0 rank=0 local_index=0 offset=0 count=7942500
    part[1] cum=100% share=0.593752% device_global=1 rank=0 local_index=1 offset=7942500 count=57500
    total=100%
  PROPOSED loads:
    part[0] cum=99.2812% share=99.2812% device_global=0 rank=0 local_index=0 offset=0 count=7942500
    part[1] cum=100% share=0.718749% device_global=1 rank=0 local_index=1 offset=7942500 count=57500
    total=100%
  CURRENT loads:
    part[0] cum=99.2812% share=99.2812% device_global=0 rank=0 local_index=0 offset=0 count=7942500
    part[1] cum=100% share=0.718749% device_global=1 rank=0 local_index=1 offset=7942500 count=57500
    total=100%
[DCL][balance-metrics] iteration=3100
  policy=threshold
  action=rebalance
  reason=accepted by fixed threshold; diff=0.00156254, threshold=0.0003125
  T_compute_interval_s=3.42585
  T_comm_interval_s=0
  T_balance_total_s=0.00919137
  T_rebalance_apply_s=0.000714475
  T_compute_accum_s=29.4854
  T_comm_accum_s=0
  T_balance_accum_s=0.28595
  T_rebalance_apply_accum_s=0.0924858
  device_times_s:
    part[0]=3.42585
    part[1]=2.82002
  OLD loads:
    part[0] cum=99.2812% share=99.2812% device_global=0 rank=0 local_index=0 offset=0 count=7930000
    part[1] cum=100% share=0.718749% device_global=1 rank=0 local_index=1 offset=7930000 count=70000
    total=100%
  PROPOSED loads:
    part[0] cum=99.125% share=99.125% device_global=0 rank=0 local_index=0 offset=0 count=7930000
    part[1] cum=100% share=0.875002% device_global=1 rank=0 local_index=1 offset=7930000 count=70000
    total=100%
  CURRENT loads:
    part[0] cum=99.125% share=99.125% device_global=0 rank=0 local_index=0 offset=0 count=7930000
    part[1] cum=100% share=0.875002% device_global=1 rank=0 local_index=1 offset=7930000 count=70000
    total=100%
[DCL][balance-metrics] iteration=4100
  policy=threshold
  action=rebalance
  reason=accepted by fixed threshold; diff=0.00156248, threshold=0.0003125
  T_compute_interval_s=3.41795
  T_comm_interval_s=0
  T_balance_total_s=0.00919522
  T_rebalance_apply_s=0.000745554
  T_compute_accum_s=32.9033
  T_comm_accum_s=0
  T_balance_accum_s=0.295145
  T_rebalance_apply_accum_s=0.0932314
  device_times_s:
    part[0]=3.41795
    part[1]=2.87541
  OLD loads:
    part[0] cum=99.125% share=99.125% device_global=0 rank=0 local_index=0 offset=0 count=7917500
    part[1] cum=100% share=0.875002% device_global=1 rank=0 local_index=1 offset=7917500 count=82500
    total=100%
  PROPOSED loads:
    part[0] cum=98.9688% share=98.9688% device_global=0 rank=0 local_index=0 offset=0 count=7917500
    part[1] cum=100% share=1.03125% device_global=1 rank=0 local_index=1 offset=7917500 count=82500
    total=100%
  CURRENT loads:
    part[0] cum=98.9688% share=98.9688% device_global=0 rank=0 local_index=0 offset=0 count=7917500
    part[1] cum=100% share=1.03125% device_global=1 rank=0 local_index=1 offset=7917500 count=82500
    total=100%
[DCL][balance-metrics] iteration=5100
  policy=threshold
  action=rebalance
  reason=accepted by fixed threshold; diff=0.000937521, threshold=0.0003125
  T_compute_interval_s=3.41805
  T_comm_interval_s=0
  T_balance_total_s=0.00876164
  T_rebalance_apply_s=0.000550278
  T_compute_accum_s=36.3214
  T_comm_accum_s=0
  T_balance_accum_s=0.303907
  T_rebalance_apply_accum_s=0.0937816
  device_times_s:
    part[0]=3.41805
    part[1]=3.09081
  OLD loads:
    part[0] cum=98.9688% share=98.9688% device_global=0 rank=0 local_index=0 offset=0 count=7910000
    part[1] cum=100% share=1.03125% device_global=1 rank=0 local_index=1 offset=7910000 count=90000
    total=100%
  PROPOSED loads:
    part[0] cum=98.875% share=98.875% device_global=0 rank=0 local_index=0 offset=0 count=7910000
    part[1] cum=100% share=1.125% device_global=1 rank=0 local_index=1 offset=7910000 count=90000
    total=100%
  CURRENT loads:
    part[0] cum=98.875% share=98.875% device_global=0 rank=0 local_index=0 offset=0 count=7910000
    part[1] cum=100% share=1.125% device_global=1 rank=0 local_index=1 offset=7910000 count=90000
    total=100%
[DCL][balance-metrics] iteration=6100
  policy=threshold
  action=rebalance
  reason=accepted by fixed threshold; diff=0.00156248, threshold=0.0003125
  T_compute_interval_s=3.46879
  T_comm_interval_s=0
  T_balance_total_s=0.00896411
  T_rebalance_apply_s=0.00076944
  T_compute_accum_s=39.7902
  T_comm_accum_s=0
  T_balance_accum_s=0.312871
  T_rebalance_apply_accum_s=0.0945511
  device_times_s:
    part[0]=3.46879
    part[1]=3.07364
  OLD loads:
    part[0] cum=98.875% share=98.875% device_global=0 rank=0 local_index=0 offset=0 count=7897500
    part[1] cum=100% share=1.125% device_global=1 rank=0 local_index=1 offset=7897500 count=102500
    total=100%
  PROPOSED loads:
    part[0] cum=98.7188% share=98.7188% device_global=0 rank=0 local_index=0 offset=0 count=7897500
    part[1] cum=100% share=1.28125% device_global=1 rank=0 local_index=1 offset=7897500 count=102500
    total=100%
  CURRENT loads:
    part[0] cum=98.7188% share=98.7188% device_global=0 rank=0 local_index=0 offset=0 count=7897500
    part[1] cum=100% share=1.28125% device_global=1 rank=0 local_index=1 offset=7897500 count=102500
    total=100%
[DCL][balance-metrics] iteration=7100
  policy=threshold
  action=rebalance
  reason=accepted by fixed threshold; diff=0.000625014, threshold=0.0003125
  T_compute_interval_s=3.43213
  T_comm_interval_s=0
  T_balance_total_s=0.00868384
  T_rebalance_apply_s=0.000470799
  T_compute_accum_s=43.2223
  T_comm_accum_s=0
  T_balance_accum_s=0.321555
  T_rebalance_apply_accum_s=0.0950219
  device_times_s:
    part[0]=3.43213
    part[1]=3.30754
  OLD loads:
    part[0] cum=98.7188% share=98.7188% device_global=0 rank=0 local_index=0 offset=0 count=7892500
    part[1] cum=100% share=1.28125% device_global=1 rank=0 local_index=1 offset=7892500 count=107500
    total=100%
  PROPOSED loads:
    part[0] cum=98.6562% share=98.6562% device_global=0 rank=0 local_index=0 offset=0 count=7892500
    part[1] cum=100% share=1.34375% device_global=1 rank=0 local_index=1 offset=7892500 count=107500
    total=100%
  CURRENT loads:
    part[0] cum=98.6562% share=98.6562% device_global=0 rank=0 local_index=0 offset=0 count=7892500
    part[1] cum=100% share=1.34375% device_global=1 rank=0 local_index=1 offset=7892500 count=107500
    total=100%
[DCL][balance-metrics] iteration=8100
  policy=threshold
  action=rebalance
  reason=accepted by fixed threshold; diff=0.000625014, threshold=0.0003125
  T_compute_interval_s=3.44045
  T_comm_interval_s=0
  T_balance_total_s=0.00868475
  T_rebalance_apply_s=0.000480088
  T_compute_accum_s=46.6628
  T_comm_accum_s=0
  T_balance_accum_s=0.330239
  T_rebalance_apply_accum_s=0.095502
  device_times_s:
    part[0]=3.44045
    part[1]=3.3136
  OLD loads:
    part[0] cum=98.6562% share=98.6562% device_global=0 rank=0 local_index=0 offset=0 count=7887500
    part[1] cum=100% share=1.34375% device_global=1 rank=0 local_index=1 offset=7887500 count=112500
    total=100%
  PROPOSED loads:
    part[0] cum=98.5938% share=98.5938% device_global=0 rank=0 local_index=0 offset=0 count=7887500
    part[1] cum=100% share=1.40625% device_global=1 rank=0 local_index=1 offset=7887500 count=112500
    total=100%
  CURRENT loads:
    part[0] cum=98.5938% share=98.5938% device_global=0 rank=0 local_index=0 offset=0 count=7887500
    part[1] cum=100% share=1.40625% device_global=1 rank=0 local_index=1 offset=7887500 count=112500
    total=100%
[DCL][balance-metrics] iteration=9100
  policy=threshold
  action=skip
  reason=load difference below fixed threshold; diff=0.000312448, threshold=0.0003125
  T_compute_interval_s=3.44157
  T_comm_interval_s=0
  T_balance_total_s=0.0081696
  T_rebalance_apply_s=0
  T_compute_accum_s=50.1043
  T_comm_accum_s=0
  T_balance_accum_s=0.338409
  T_rebalance_apply_accum_s=0.095502
  device_times_s:
    part[0]=3.44157
    part[1]=3.33628
  OLD loads:
    part[0] cum=98.5938% share=98.5938% device_global=0 rank=0 local_index=0 offset=0 count=7887500
    part[1] cum=100% share=1.40625% device_global=1 rank=0 local_index=1 offset=7887500 count=112500
    total=100%
  PROPOSED loads:
    part[0] cum=98.5625% share=98.5625% device_global=0 rank=0 local_index=0 offset=0 count=7887500
    part[1] cum=100% share=1.4375% device_global=1 rank=0 local_index=1 offset=7887500 count=112500
    total=100%
  CURRENT loads:
    part[0] cum=98.5938% share=98.5938% device_global=0 rank=0 local_index=0 offset=0 count=7887500
    part[1] cum=100% share=1.40625% device_global=1 rank=0 local_index=1 offset=7887500 count=112500
    total=100%

=== PARTICOES FINAIS ===
=== Particoes globais ===
part[0] device_global=0 rank=0 local_index=0 offset=0 count=7887500
part[1] device_global=1 rank=0 local_index=1 offset=7887500 count=112500


============================
ITERACAO 10000
Tempo de execução: 53.8371s
