=== Dispositivos locais do rank 0 ===
global=0 local=0 nome="NVIDIA RTX 2000 Ada Generation" compute_units=22
global=1 local=1 nome="Intel(R) Xeon(R) CPU           E5620  @ 2.40GHz" compute_units=16

=== PARTICOES INICIAIS ===
=== Particoes globais ===
part[0] device_global=0 rank=0 local_index=0 offset=0 count=4000000
part[1] device_global=1 rank=0 local_index=1 offset=4000000 count=4000000

X = 50 Y = 50 Z = 3200 Iterations = 10000
[DCL][balance-metrics] iteration=100
  policy=threshold
  action=rebalance
  reason=accepted by fixed threshold; diff=0.489375, threshold=0.1
  T_compute_interval_s=17.1727
  T_comm_interval_s=0
  T_balance_total_s=0.256001
  T_rebalance_apply_s=0.0891294
  T_compute_accum_s=17.1727
  T_comm_accum_s=0
  T_balance_accum_s=0.256001
  T_rebalance_apply_accum_s=0.0891294
  device_times_s:
    part[0]=0.182295
    part[1]=17.1727
  OLD loads:
    part[0] cum=50% share=50% device_global=0 rank=0 local_index=0 offset=0 count=7915000
    part[1] cum=100% share=50% device_global=1 rank=0 local_index=1 offset=7915000 count=85000
    total=100%
  PROPOSED loads:
    part[0] cum=98.9375% share=98.9375% device_global=0 rank=0 local_index=0 offset=0 count=7915000
    part[1] cum=100% share=1.0625% device_global=1 rank=0 local_index=1 offset=7915000 count=85000
    total=100%
  CURRENT loads:
    part[0] cum=98.9375% share=98.9375% device_global=0 rank=0 local_index=0 offset=0 count=7915000
    part[1] cum=100% share=1.0625% device_global=1 rank=0 local_index=1 offset=7915000 count=85000
    total=100%
[DCL][balance-metrics] iteration=1100
  policy=scheduled
  action=skip
  reason=static balance already attempted
  T_compute_interval_s=5.4248
  T_comm_interval_s=0
  T_balance_total_s=0
  T_rebalance_apply_s=0
  T_compute_accum_s=22.5975
  T_comm_accum_s=0
  T_balance_accum_s=0.256001
  T_rebalance_apply_accum_s=0.0891294
  device_times_s:
    part[0]=3.05702
    part[1]=5.4248
  OLD loads:
    part[0] cum=98.9375% share=98.9375% device_global=0 rank=0 local_index=0 offset=0 count=7915000
    part[1] cum=100% share=1.0625% device_global=1 rank=0 local_index=1 offset=7915000 count=85000
    total=100%
  CURRENT loads:
    part[0] cum=98.9375% share=98.9375% device_global=0 rank=0 local_index=0 offset=0 count=7915000
    part[1] cum=100% share=1.0625% device_global=1 rank=0 local_index=1 offset=7915000 count=85000
    total=100%
[DCL][balance-metrics] iteration=2100
  policy=scheduled
  action=skip
  reason=static balance already attempted
  T_compute_interval_s=4.87215
  T_comm_interval_s=0
  T_balance_total_s=0
  T_rebalance_apply_s=0
  T_compute_accum_s=27.4696
  T_comm_accum_s=0
  T_balance_accum_s=0.256001
  T_rebalance_apply_accum_s=0.0891294
  device_times_s:
    part[0]=3.04328
    part[1]=4.87215
  OLD loads:
    part[0] cum=98.9375% share=98.9375% device_global=0 rank=0 local_index=0 offset=0 count=7915000
    part[1] cum=100% share=1.0625% device_global=1 rank=0 local_index=1 offset=7915000 count=85000
    total=100%
  CURRENT loads:
    part[0] cum=98.9375% share=98.9375% device_global=0 rank=0 local_index=0 offset=0 count=7915000
    part[1] cum=100% share=1.0625% device_global=1 rank=0 local_index=1 offset=7915000 count=85000
    total=100%
[DCL][balance-metrics] iteration=3100
  policy=scheduled
  action=skip
  reason=static balance already attempted
  T_compute_interval_s=4.0796
  T_comm_interval_s=0
  T_balance_total_s=0
  T_rebalance_apply_s=0
  T_compute_accum_s=31.5492
  T_comm_accum_s=0
  T_balance_accum_s=0.256001
  T_rebalance_apply_accum_s=0.0891294
  device_times_s:
    part[0]=3.10512
    part[1]=4.0796
  OLD loads:
    part[0] cum=98.9375% share=98.9375% device_global=0 rank=0 local_index=0 offset=0 count=7915000
    part[1] cum=100% share=1.0625% device_global=1 rank=0 local_index=1 offset=7915000 count=85000
    total=100%
  CURRENT loads:
    part[0] cum=98.9375% share=98.9375% device_global=0 rank=0 local_index=0 offset=0 count=7915000
    part[1] cum=100% share=1.0625% device_global=1 rank=0 local_index=1 offset=7915000 count=85000
    total=100%
[DCL][balance-metrics] iteration=4100
  policy=scheduled
  action=skip
  reason=static balance already attempted
  T_compute_interval_s=3.53289
  T_comm_interval_s=0
  T_balance_total_s=0
  T_rebalance_apply_s=0
  T_compute_accum_s=35.0821
  T_comm_accum_s=0
  T_balance_accum_s=0.256001
  T_rebalance_apply_accum_s=0.0891294
  device_times_s:
    part[0]=3.32658
    part[1]=3.53289
  OLD loads:
    part[0] cum=98.9375% share=98.9375% device_global=0 rank=0 local_index=0 offset=0 count=7915000
    part[1] cum=100% share=1.0625% device_global=1 rank=0 local_index=1 offset=7915000 count=85000
    total=100%
  CURRENT loads:
    part[0] cum=98.9375% share=98.9375% device_global=0 rank=0 local_index=0 offset=0 count=7915000
    part[1] cum=100% share=1.0625% device_global=1 rank=0 local_index=1 offset=7915000 count=85000
    total=100%
[DCL][balance-metrics] iteration=5100
  policy=scheduled
  action=skip
  reason=static balance already attempted
  T_compute_interval_s=3.40502
  T_comm_interval_s=0
  T_balance_total_s=0
  T_rebalance_apply_s=0
  T_compute_accum_s=38.4871
  T_comm_accum_s=0
  T_balance_accum_s=0.256001
  T_rebalance_apply_accum_s=0.0891294
  device_times_s:
    part[0]=3.40502
    part[1]=3.15072
  OLD loads:
    part[0] cum=98.9375% share=98.9375% device_global=0 rank=0 local_index=0 offset=0 count=7915000
    part[1] cum=100% share=1.0625% device_global=1 rank=0 local_index=1 offset=7915000 count=85000
    total=100%
  CURRENT loads:
    part[0] cum=98.9375% share=98.9375% device_global=0 rank=0 local_index=0 offset=0 count=7915000
    part[1] cum=100% share=1.0625% device_global=1 rank=0 local_index=1 offset=7915000 count=85000
    total=100%
[DCL][balance-metrics] iteration=6100
  policy=scheduled
  action=skip
  reason=static balance already attempted
  T_compute_interval_s=3.4397
  T_comm_interval_s=0
  T_balance_total_s=0
  T_rebalance_apply_s=0
  T_compute_accum_s=41.9268
  T_comm_accum_s=0
  T_balance_accum_s=0.256001
  T_rebalance_apply_accum_s=0.0891294
  device_times_s:
    part[0]=3.4397
    part[1]=2.91392
  OLD loads:
    part[0] cum=98.9375% share=98.9375% device_global=0 rank=0 local_index=0 offset=0 count=7915000
    part[1] cum=100% share=1.0625% device_global=1 rank=0 local_index=1 offset=7915000 count=85000
    total=100%
  CURRENT loads:
    part[0] cum=98.9375% share=98.9375% device_global=0 rank=0 local_index=0 offset=0 count=7915000
    part[1] cum=100% share=1.0625% device_global=1 rank=0 local_index=1 offset=7915000 count=85000
    total=100%
[DCL][balance-metrics] iteration=7100
  policy=scheduled
  action=skip
  reason=static balance already attempted
  T_compute_interval_s=3.44649
  T_comm_interval_s=0
  T_balance_total_s=0
  T_rebalance_apply_s=0
  T_compute_accum_s=45.3733
  T_comm_accum_s=0
  T_balance_accum_s=0.256001
  T_rebalance_apply_accum_s=0.0891294
  device_times_s:
    part[0]=3.44649
    part[1]=2.7451
  OLD loads:
    part[0] cum=98.9375% share=98.9375% device_global=0 rank=0 local_index=0 offset=0 count=7915000
    part[1] cum=100% share=1.0625% device_global=1 rank=0 local_index=1 offset=7915000 count=85000
    total=100%
  CURRENT loads:
    part[0] cum=98.9375% share=98.9375% device_global=0 rank=0 local_index=0 offset=0 count=7915000
    part[1] cum=100% share=1.0625% device_global=1 rank=0 local_index=1 offset=7915000 count=85000
    total=100%
[DCL][balance-metrics] iteration=8100
  policy=scheduled
  action=skip
  reason=static balance already attempted
  T_compute_interval_s=3.44996
  T_comm_interval_s=0
  T_balance_total_s=0
  T_rebalance_apply_s=0
  T_compute_accum_s=48.8233
  T_comm_accum_s=0
  T_balance_accum_s=0.256001
  T_rebalance_apply_accum_s=0.0891294
  device_times_s:
    part[0]=3.44996
    part[1]=2.6194
  OLD loads:
    part[0] cum=98.9375% share=98.9375% device_global=0 rank=0 local_index=0 offset=0 count=7915000
    part[1] cum=100% share=1.0625% device_global=1 rank=0 local_index=1 offset=7915000 count=85000
    total=100%
  CURRENT loads:
    part[0] cum=98.9375% share=98.9375% device_global=0 rank=0 local_index=0 offset=0 count=7915000
    part[1] cum=100% share=1.0625% device_global=1 rank=0 local_index=1 offset=7915000 count=85000
    total=100%
[DCL][balance-metrics] iteration=9100
  policy=scheduled
  action=skip
  reason=static balance already attempted
  T_compute_interval_s=3.46359
  T_comm_interval_s=0
  T_balance_total_s=0
  T_rebalance_apply_s=0
  T_compute_accum_s=52.2869
  T_comm_accum_s=0
  T_balance_accum_s=0.256001
  T_rebalance_apply_accum_s=0.0891294
  device_times_s:
    part[0]=3.46359
    part[1]=2.51711
  OLD loads:
    part[0] cum=98.9375% share=98.9375% device_global=0 rank=0 local_index=0 offset=0 count=7915000
    part[1] cum=100% share=1.0625% device_global=1 rank=0 local_index=1 offset=7915000 count=85000
    total=100%
  CURRENT loads:
    part[0] cum=98.9375% share=98.9375% device_global=0 rank=0 local_index=0 offset=0 count=7915000
    part[1] cum=100% share=1.0625% device_global=1 rank=0 local_index=1 offset=7915000 count=85000
    total=100%

=== PARTICOES FINAIS ===
=== Particoes globais ===
part[0] device_global=0 rank=0 local_index=0 offset=0 count=7915000
part[1] device_global=1 rank=0 local_index=1 offset=7915000 count=85000


============================
ITERACAO 10000
Tempo de execução: 55.9713s
