=== Dispositivos locais do rank 1 ===
global=2 local=0 nome="NVIDIA RTX 2000 Ada Generation" compute_units=22
global=3 local=1 nome="Intel(R) Xeon(R) CPU           E5620  @ 2.40GHz" compute_units=16

=== Dispositivos locais do rank 0 ===
global=0 local=0 nome="NVIDIA RTX 2000 Ada Generation" compute_units=22
global=1 local=1 nome="Intel(R) Xeon(R) CPU           E5620  @ 2.40GHz" compute_units=16

=== Dispositivos locais do rank 3 ===
global=6 local=0 nome="NVIDIA RTX 2000 Ada Generation" compute_units=22
global=7 local=1 nome="Intel(R) Xeon(R) CPU           E5620  @ 2.40GHz" compute_units=16

=== Dispositivos locais do rank 2 ===
global=4 local=0 nome="NVIDIA RTX 2000 Ada Generation" compute_units=22
global=5 local=1 nome="Intel(R) Xeon(R) CPU           E5620  @ 2.40GHz" compute_units=16

=== PARTICOES INICIAIS ===
=== Particoes globais ===
part[0] device_global=0 rank=0 local_index=0 offset=0 count=1000000
part[1] device_global=1 rank=0 local_index=1 offset=1000000 count=1000000
part[2] device_global=2 rank=1 local_index=-1 offset=2000000 count=1000000
part[3] device_global=3 rank=1 local_index=-1 offset=3000000 count=1000000
part[4] device_global=4 rank=2 local_index=-1 offset=4000000 count=1000000
part[5] device_global=5 rank=2 local_index=-1 offset=5000000 count=1000000
part[6] device_global=6 rank=3 local_index=-1 offset=6000000 count=1000000
part[7] device_global=7 rank=3 local_index=-1 offset=7000000 count=1000000

X = 50 Y = 50 Z = 3200 Iterations = 10000
[DCL][balance-metrics] iteration=100
  policy=threshold
  action=rebalance
  reason=accepted by fixed threshold; diff=0.250697, threshold=0.1
  T_compute_interval_s=5.40413
  T_comm_interval_s=5.28212
  T_balance_total_s=0.355446
  T_rebalance_apply_s=0.136206
  T_compute_accum_s=5.40413
  T_comm_accum_s=5.28212
  T_balance_accum_s=0.355446
  T_rebalance_apply_accum_s=0.136206
  device_times_s:
    part[0]=0.0489309
    part[1]=3.04675
    part[2]=0.0479319
    part[3]=3.05156
    part[4]=0.0492063
    part[5]=4.27704
    part[6]=0.0499288
    part[7]=5.40413
  OLD loads:
    part[0] cum=12.5% share=12.5% device_global=0 rank=0 local_index=0 offset=0 count=1977500
    part[1] cum=25% share=12.5% device_global=1 rank=0 local_index=1 offset=1977500 count=30000
    part[2] cum=37.5% share=12.5% device_global=2 rank=1 local_index=-1 offset=2007500 count=2017500
    part[3] cum=50% share=12.5% device_global=3 rank=1 local_index=-1 offset=4025000 count=32500
    part[4] cum=62.5% share=12.5% device_global=4 rank=2 local_index=-1 offset=4057500 count=1965000
    part[5] cum=75% share=12.5% device_global=5 rank=2 local_index=-1 offset=6022500 count=22500
    part[6] cum=87.5% share=12.5% device_global=6 rank=3 local_index=-1 offset=6045000 count=1937500
    part[7] cum=100% share=12.5% device_global=7 rank=3 local_index=-1 offset=7982500 count=17500
    total=100%
  PROPOSED loads:
    part[0] cum=24.7188% share=24.7188% device_global=0 rank=0 local_index=0 offset=0 count=1977500
    part[1] cum=25.0938% share=0.375% device_global=1 rank=0 local_index=1 offset=1977500 count=30000
    part[2] cum=50.3125% share=25.2188% device_global=2 rank=1 local_index=-1 offset=2007500 count=2017500
    part[3] cum=50.7188% share=0.406247% device_global=3 rank=1 local_index=-1 offset=4025000 count=32500
    part[4] cum=75.2812% share=24.5625% device_global=4 rank=2 local_index=-1 offset=4057500 count=1965000
    part[5] cum=75.5625% share=0.28125% device_global=5 rank=2 local_index=-1 offset=6022500 count=22500
    part[6] cum=99.7812% share=24.2188% device_global=6 rank=3 local_index=-1 offset=6045000 count=1937500
    part[7] cum=100% share=0.218749% device_global=7 rank=3 local_index=-1 offset=7982500 count=17500
    total=100%
  CURRENT loads:
    part[0] cum=24.7188% share=24.7188% device_global=0 rank=0 local_index=0 offset=0 count=1977500
    part[1] cum=25.0938% share=0.375% device_global=1 rank=0 local_index=1 offset=1977500 count=30000
    part[2] cum=50.3125% share=25.2188% device_global=2 rank=1 local_index=-1 offset=2007500 count=2017500
    part[3] cum=50.7188% share=0.406247% device_global=3 rank=1 local_index=-1 offset=4025000 count=32500
    part[4] cum=75.2812% share=24.5625% device_global=4 rank=2 local_index=-1 offset=4057500 count=1965000
    part[5] cum=75.5625% share=0.28125% device_global=5 rank=2 local_index=-1 offset=6022500 count=22500
    part[6] cum=99.7812% share=24.2188% device_global=6 rank=3 local_index=-1 offset=6045000 count=1937500
    part[7] cum=100% share=0.218749% device_global=7 rank=3 local_index=-1 offset=7982500 count=17500
    total=100%
[DCL][balance-metrics] iteration=1100
  policy=threshold
  action=skip
  reason=load difference below fixed threshold; diff=0.00884988, threshold=0.1
  T_compute_interval_s=1.46458
  T_comm_interval_s=4.22887
  T_balance_total_s=0.0166855
  T_rebalance_apply_s=0
  T_compute_accum_s=6.8687
  T_comm_accum_s=9.51099
  T_balance_accum_s=0.372131
  T_rebalance_apply_accum_s=0.136206
  device_times_s:
    part[0]=0.93946
    part[1]=0.925001
    part[2]=0.955318
    part[3]=1.14978
    part[4]=0.933643
    part[5]=1.46458
    part[6]=0.919398
    part[7]=1.37086
  OLD loads:
    part[0] cum=24.7188% share=24.7188% device_global=0 rank=0 local_index=0 offset=0 count=1977500
    part[1] cum=25.0938% share=0.375% device_global=1 rank=0 local_index=1 offset=1977500 count=30000
    part[2] cum=50.3125% share=25.2188% device_global=2 rank=1 local_index=-1 offset=2007500 count=2017500
    part[3] cum=50.7188% share=0.406247% device_global=3 rank=1 local_index=-1 offset=4025000 count=32500
    part[4] cum=75.2812% share=24.5625% device_global=4 rank=2 local_index=-1 offset=4057500 count=1965000
    part[5] cum=75.5625% share=0.28125% device_global=5 rank=2 local_index=-1 offset=6022500 count=22500
    part[6] cum=99.7812% share=24.2188% device_global=6 rank=3 local_index=-1 offset=6045000 count=1937500
    part[7] cum=100% share=0.218749% device_global=7 rank=3 local_index=-1 offset=7982500 count=17500
    total=100%
  PROPOSED loads:
    part[0] cum=24.7188% share=24.7188% device_global=0 rank=0 local_index=0 offset=0 count=1977500
    part[1] cum=25.0938% share=0.375% device_global=1 rank=0 local_index=1 offset=1977500 count=30000
    part[2] cum=49.875% share=24.7812% device_global=2 rank=1 local_index=-1 offset=2007500 count=2017500
    part[3] cum=50.2188% share=0.343749% device_global=3 rank=1 local_index=-1 offset=4025000 count=32500
    part[4] cum=74.9375% share=24.7188% device_global=4 rank=2 local_index=-1 offset=4057500 count=1965000
    part[5] cum=75.0938% share=0.156254% device_global=5 rank=2 local_index=-1 offset=6022500 count=22500
    part[6] cum=99.8438% share=24.75% device_global=6 rank=3 local_index=-1 offset=6045000 count=1937500
    part[7] cum=100% share=0.156248% device_global=7 rank=3 local_index=-1 offset=7982500 count=17500
    total=100%
  CURRENT loads:
    part[0] cum=24.7188% share=24.7188% device_global=0 rank=0 local_index=0 offset=0 count=1977500
    part[1] cum=25.0938% share=0.375% device_global=1 rank=0 local_index=1 offset=1977500 count=30000
    part[2] cum=50.3125% share=25.2188% device_global=2 rank=1 local_index=-1 offset=2007500 count=2017500
    part[3] cum=50.7188% share=0.406247% device_global=3 rank=1 local_index=-1 offset=4025000 count=32500
    part[4] cum=75.2812% share=24.5625% device_global=4 rank=2 local_index=-1 offset=4057500 count=1965000
    part[5] cum=75.5625% share=0.28125% device_global=5 rank=2 local_index=-1 offset=6022500 count=22500
    part[6] cum=99.7812% share=24.2188% device_global=6 rank=3 local_index=-1 offset=6045000 count=1937500
    part[7] cum=100% share=0.218749% device_global=7 rank=3 local_index=-1 offset=7982500 count=17500
    total=100%
[DCL][balance-metrics] iteration=2100
  policy=threshold
  action=skip
  reason=load difference below fixed threshold; diff=0.00947346, threshold=0.1
  T_compute_interval_s=1.24994
  T_comm_interval_s=4.20958
  T_balance_total_s=0.0165801
  T_rebalance_apply_s=0
  T_compute_accum_s=8.11864
  T_comm_accum_s=13.7206
  T_balance_accum_s=0.388711
  T_rebalance_apply_accum_s=0.136206
  device_times_s:
    part[0]=0.939732
    part[1]=0.894733
    part[2]=0.954831
    part[3]=0.990598
    part[4]=0.932671
    part[5]=1.06919
    part[6]=0.918838
    part[7]=1.24994
  OLD loads:
    part[0] cum=24.7188% share=24.7188% device_global=0 rank=0 local_index=0 offset=0 count=1977500
    part[1] cum=25.0938% share=0.375% device_global=1 rank=0 local_index=1 offset=1977500 count=30000
    part[2] cum=50.3125% share=25.2188% device_global=2 rank=1 local_index=-1 offset=2007500 count=2017500
    part[3] cum=50.7188% share=0.406247% device_global=3 rank=1 local_index=-1 offset=4025000 count=32500
    part[4] cum=75.2812% share=24.5625% device_global=4 rank=2 local_index=-1 offset=4057500 count=1965000
    part[5] cum=75.5625% share=0.28125% device_global=5 rank=2 local_index=-1 offset=6022500 count=22500
    part[6] cum=99.7812% share=24.2188% device_global=6 rank=3 local_index=-1 offset=6045000 count=1937500
    part[7] cum=100% share=0.218749% device_global=7 rank=3 local_index=-1 offset=7982500 count=17500
    total=100%
  PROPOSED loads:
    part[0] cum=24.6562% share=24.6562% device_global=0 rank=0 local_index=0 offset=0 count=1977500
    part[1] cum=25.0625% share=0.406252% device_global=1 rank=0 local_index=1 offset=1977500 count=30000
    part[2] cum=49.8125% share=24.75% device_global=2 rank=1 local_index=-1 offset=2007500 count=2017500
    part[3] cum=50.1875% share=0.375% device_global=3 rank=1 local_index=-1 offset=4025000 count=32500
    part[4] cum=74.875% share=24.6875% device_global=4 rank=2 local_index=-1 offset=4057500 count=1965000
    part[5] cum=75.125% share=0.250006% device_global=5 rank=2 local_index=-1 offset=6022500 count=22500
    part[6] cum=99.8438% share=24.7188% device_global=6 rank=3 local_index=-1 offset=6045000 count=1937500
    part[7] cum=100% share=0.156248% device_global=7 rank=3 local_index=-1 offset=7982500 count=17500
    total=100%
  CURRENT loads:
    part[0] cum=24.7188% share=24.7188% device_global=0 rank=0 local_index=0 offset=0 count=1977500
    part[1] cum=25.0938% share=0.375% device_global=1 rank=0 local_index=1 offset=1977500 count=30000
    part[2] cum=50.3125% share=25.2188% device_global=2 rank=1 local_index=-1 offset=2007500 count=2017500
    part[3] cum=50.7188% share=0.406247% device_global=3 rank=1 local_index=-1 offset=4025000 count=32500
    part[4] cum=75.2812% share=24.5625% device_global=4 rank=2 local_index=-1 offset=4057500 count=1965000
    part[5] cum=75.5625% share=0.28125% device_global=5 rank=2 local_index=-1 offset=6022500 count=22500
    part[6] cum=99.7812% share=24.2188% device_global=6 rank=3 local_index=-1 offset=6045000 count=1937500
    part[7] cum=100% share=0.218749% device_global=7 rank=3 local_index=-1 offset=7982500 count=17500
    total=100%
[DCL][balance-metrics] iteration=3100
  policy=threshold
  action=skip
  reason=load difference below fixed threshold; diff=0.0097628, threshold=0.1
  T_compute_interval_s=1.06149
  T_comm_interval_s=4.29902
  T_balance_total_s=0.016242
  T_rebalance_apply_s=0
  T_compute_accum_s=9.18013
  T_comm_accum_s=18.0196
  T_balance_accum_s=0.404953
  T_rebalance_apply_accum_s=0.136206
  device_times_s:
    part[0]=0.939108
    part[1]=0.875652
    part[2]=0.954602
    part[3]=0.965283
    part[4]=0.933148
    part[5]=0.883904
    part[6]=0.919309
    part[7]=1.06149
  OLD loads:
    part[0] cum=24.7188% share=24.7188% device_global=0 rank=0 local_index=0 offset=0 count=1977500
    part[1] cum=25.0938% share=0.375% device_global=1 rank=0 local_index=1 offset=1977500 count=30000
    part[2] cum=50.3125% share=25.2188% device_global=2 rank=1 local_index=-1 offset=2007500 count=2017500
    part[3] cum=50.7188% share=0.406247% device_global=3 rank=1 local_index=-1 offset=4025000 count=32500
    part[4] cum=75.2812% share=24.5625% device_global=4 rank=2 local_index=-1 offset=4057500 count=1965000
    part[5] cum=75.5625% share=0.28125% device_global=5 rank=2 local_index=-1 offset=6022500 count=22500
    part[6] cum=99.7812% share=24.2188% device_global=6 rank=3 local_index=-1 offset=6045000 count=1937500
    part[7] cum=100% share=0.218749% device_global=7 rank=3 local_index=-1 offset=7982500 count=17500
    total=100%
  PROPOSED loads:
    part[0] cum=24.6562% share=24.6562% device_global=0 rank=0 local_index=0 offset=0 count=1977500
    part[1] cum=25.0625% share=0.406252% device_global=1 rank=0 local_index=1 offset=1977500 count=30000
    part[2] cum=49.7812% share=24.7188% device_global=2 rank=1 local_index=-1 offset=2007500 count=2017500
    part[3] cum=50.1875% share=0.406247% device_global=3 rank=1 local_index=-1 offset=4025000 count=32500
    part[4] cum=74.8438% share=24.6563% device_global=4 rank=2 local_index=-1 offset=4057500 count=1965000
    part[5] cum=75.125% share=0.28125% device_global=5 rank=2 local_index=-1 offset=6022500 count=22500
    part[6] cum=99.8125% share=24.6875% device_global=6 rank=3 local_index=-1 offset=6045000 count=1937500
    part[7] cum=100% share=0.187498% device_global=7 rank=3 local_index=-1 offset=7982500 count=17500
    total=100%
  CURRENT loads:
    part[0] cum=24.7188% share=24.7188% device_global=0 rank=0 local_index=0 offset=0 count=1977500
    part[1] cum=25.0938% share=0.375% device_global=1 rank=0 local_index=1 offset=1977500 count=30000
    part[2] cum=50.3125% share=25.2188% device_global=2 rank=1 local_index=-1 offset=2007500 count=2017500
    part[3] cum=50.7188% share=0.406247% device_global=3 rank=1 local_index=-1 offset=4025000 count=32500
    part[4] cum=75.2812% share=24.5625% device_global=4 rank=2 local_index=-1 offset=4057500 count=1965000
    part[5] cum=75.5625% share=0.28125% device_global=5 rank=2 local_index=-1 offset=6022500 count=22500
    part[6] cum=99.7812% share=24.2188% device_global=6 rank=3 local_index=-1 offset=6045000 count=1937500
    part[7] cum=100% share=0.218749% device_global=7 rank=3 local_index=-1 offset=7982500 count=17500
    total=100%
[DCL][balance-metrics] iteration=4100
  policy=threshold
  action=skip
  reason=load difference below fixed threshold; diff=0.010542, threshold=0.1
  T_compute_interval_s=0.954844
  T_comm_interval_s=4.35667
  T_balance_total_s=0.0175175
  T_rebalance_apply_s=0
  T_compute_accum_s=10.135
  T_comm_accum_s=22.3763
  T_balance_accum_s=0.422471
  T_rebalance_apply_accum_s=0.136206
  device_times_s:
    part[0]=0.938633
    part[1]=0.876198
    part[2]=0.954844
    part[3]=0.948411
    part[4]=0.93369
    part[5]=0.831765
    part[6]=0.919023
    part[7]=0.85355
  OLD loads:
    part[0] cum=24.7188% share=24.7188% device_global=0 rank=0 local_index=0 offset=0 count=1977500
    part[1] cum=25.0938% share=0.375% device_global=1 rank=0 local_index=1 offset=1977500 count=30000
    part[2] cum=50.3125% share=25.2188% device_global=2 rank=1 local_index=-1 offset=2007500 count=2017500
    part[3] cum=50.7188% share=0.406247% device_global=3 rank=1 local_index=-1 offset=4025000 count=32500
    part[4] cum=75.2812% share=24.5625% device_global=4 rank=2 local_index=-1 offset=4057500 count=1965000
    part[5] cum=75.5625% share=0.28125% device_global=5 rank=2 local_index=-1 offset=6022500 count=22500
    part[6] cum=99.7812% share=24.2188% device_global=6 rank=3 local_index=-1 offset=6045000 count=1937500
    part[7] cum=100% share=0.218749% device_global=7 rank=3 local_index=-1 offset=7982500 count=17500
    total=100%
  PROPOSED loads:
    part[0] cum=24.6562% share=24.6562% device_global=0 rank=0 local_index=0 offset=0 count=1977500
    part[1] cum=25.0312% share=0.375001% device_global=1 rank=0 local_index=1 offset=1977500 count=30000
    part[2] cum=49.75% share=24.7188% device_global=2 rank=1 local_index=-1 offset=2007500 count=2017500
    part[3] cum=50.1562% share=0.406247% device_global=3 rank=1 local_index=-1 offset=4025000 count=32500
    part[4] cum=74.7812% share=24.625% device_global=4 rank=2 local_index=-1 offset=4057500 count=1965000
    part[5] cum=75.0938% share=0.312501% device_global=5 rank=2 local_index=-1 offset=6022500 count=22500
    part[6] cum=99.75% share=24.6562% device_global=6 rank=3 local_index=-1 offset=6045000 count=1937500
    part[7] cum=100% share=0.25% device_global=7 rank=3 local_index=-1 offset=7982500 count=17500
    total=100%
  CURRENT loads:
    part[0] cum=24.7188% share=24.7188% device_global=0 rank=0 local_index=0 offset=0 count=1977500
    part[1] cum=25.0938% share=0.375% device_global=1 rank=0 local_index=1 offset=1977500 count=30000
    part[2] cum=50.3125% share=25.2188% device_global=2 rank=1 local_index=-1 offset=2007500 count=2017500
    part[3] cum=50.7188% share=0.406247% device_global=3 rank=1 local_index=-1 offset=4025000 count=32500
    part[4] cum=75.2812% share=24.5625% device_global=4 rank=2 local_index=-1 offset=4057500 count=1965000
    part[5] cum=75.5625% share=0.28125% device_global=5 rank=2 local_index=-1 offset=6022500 count=22500
    part[6] cum=99.7812% share=24.2188% device_global=6 rank=3 local_index=-1 offset=6045000 count=1937500
    part[7] cum=100% share=0.218749% device_global=7 rank=3 local_index=-1 offset=7982500 count=17500
    total=100%
[DCL][balance-metrics] iteration=5100
  policy=threshold
  action=skip
  reason=load difference below fixed threshold; diff=0.0107302, threshold=0.1
  T_compute_interval_s=0.95455
  T_comm_interval_s=4.31843
  T_balance_total_s=0.0146155
  T_rebalance_apply_s=0
  T_compute_accum_s=11.0895
  T_comm_accum_s=26.6947
  T_balance_accum_s=0.437086
  T_rebalance_apply_accum_s=0.136206
  device_times_s:
    part[0]=0.938481
    part[1]=0.87227
    part[2]=0.95455
    part[3]=0.940403
    part[4]=0.933157
    part[5]=0.788608
    part[6]=0.919044
    part[7]=0.764937
  OLD loads:
    part[0] cum=24.7188% share=24.7188% device_global=0 rank=0 local_index=0 offset=0 count=1977500
    part[1] cum=25.0938% share=0.375% device_global=1 rank=0 local_index=1 offset=1977500 count=30000
    part[2] cum=50.3125% share=25.2188% device_global=2 rank=1 local_index=-1 offset=2007500 count=2017500
    part[3] cum=50.7188% share=0.406247% device_global=3 rank=1 local_index=-1 offset=4025000 count=32500
    part[4] cum=75.2812% share=24.5625% device_global=4 rank=2 local_index=-1 offset=4057500 count=1965000
    part[5] cum=75.5625% share=0.28125% device_global=5 rank=2 local_index=-1 offset=6022500 count=22500
    part[6] cum=99.7812% share=24.2188% device_global=6 rank=3 local_index=-1 offset=6045000 count=1937500
    part[7] cum=100% share=0.218749% device_global=7 rank=3 local_index=-1 offset=7982500 count=17500
    total=100%
  PROPOSED loads:
    part[0] cum=24.625% share=24.625% device_global=0 rank=0 local_index=0 offset=0 count=1977500
    part[1] cum=25.0312% share=0.40625% device_global=1 rank=0 local_index=1 offset=1977500 count=30000
    part[2] cum=49.75% share=24.7188% device_global=2 rank=1 local_index=-1 offset=2007500 count=2017500
    part[3] cum=50.1562% share=0.406247% device_global=3 rank=1 local_index=-1 offset=4025000 count=32500
    part[4] cum=74.75% share=24.5938% device_global=4 rank=2 local_index=-1 offset=4057500 count=1965000
    part[5] cum=75.0938% share=0.343752% device_global=5 rank=2 local_index=-1 offset=6022500 count=22500
    part[6] cum=99.7188% share=24.625% device_global=6 rank=3 local_index=-1 offset=6045000 count=1937500
    part[7] cum=100% share=0.28125% device_global=7 rank=3 local_index=-1 offset=7982500 count=17500
    total=100%
  CURRENT loads:
    part[0] cum=24.7188% share=24.7188% device_global=0 rank=0 local_index=0 offset=0 count=1977500
    part[1] cum=25.0938% share=0.375% device_global=1 rank=0 local_index=1 offset=1977500 count=30000
    part[2] cum=50.3125% share=25.2188% device_global=2 rank=1 local_index=-1 offset=2007500 count=2017500
    part[3] cum=50.7188% share=0.406247% device_global=3 rank=1 local_index=-1 offset=4025000 count=32500
    part[4] cum=75.2812% share=24.5625% device_global=4 rank=2 local_index=-1 offset=4057500 count=1965000
    part[5] cum=75.5625% share=0.28125% device_global=5 rank=2 local_index=-1 offset=6022500 count=22500
    part[6] cum=99.7812% share=24.2188% device_global=6 rank=3 local_index=-1 offset=6045000 count=1937500
    part[7] cum=100% share=0.218749% device_global=7 rank=3 local_index=-1 offset=7982500 count=17500
    total=100%
[DCL][balance-metrics] iteration=6100
  policy=threshold
  action=skip
  reason=load difference below fixed threshold; diff=0.0110838, threshold=0.1
  T_compute_interval_s=0.95484
  T_comm_interval_s=4.36723
  T_balance_total_s=0.01674
  T_rebalance_apply_s=0
  T_compute_accum_s=12.0444
  T_comm_accum_s=31.0619
  T_balance_accum_s=0.453826
  T_rebalance_apply_accum_s=0.136206
  device_times_s:
    part[0]=0.939263
    part[1]=0.877787
    part[2]=0.95484
    part[3]=0.933105
    part[4]=0.932668
    part[5]=0.773347
    part[6]=0.919263
    part[7]=0.732068
  OLD loads:
    part[0] cum=24.7188% share=24.7188% device_global=0 rank=0 local_index=0 offset=0 count=1977500
    part[1] cum=25.0938% share=0.375% device_global=1 rank=0 local_index=1 offset=1977500 count=30000
    part[2] cum=50.3125% share=25.2188% device_global=2 rank=1 local_index=-1 offset=2007500 count=2017500
    part[3] cum=50.7188% share=0.406247% device_global=3 rank=1 local_index=-1 offset=4025000 count=32500
    part[4] cum=75.2812% share=24.5625% device_global=4 rank=2 local_index=-1 offset=4057500 count=1965000
    part[5] cum=75.5625% share=0.28125% device_global=5 rank=2 local_index=-1 offset=6022500 count=22500
    part[6] cum=99.7812% share=24.2188% device_global=6 rank=3 local_index=-1 offset=6045000 count=1937500
    part[7] cum=100% share=0.218749% device_global=7 rank=3 local_index=-1 offset=7982500 count=17500
    total=100%
  PROPOSED loads:
    part[0] cum=24.625% share=24.625% device_global=0 rank=0 local_index=0 offset=0 count=1977500
    part[1] cum=25% share=0.375% device_global=1 rank=0 local_index=1 offset=1977500 count=30000
    part[2] cum=49.7188% share=24.7188% device_global=2 rank=1 local_index=-1 offset=2007500 count=2017500
    part[3] cum=50.125% share=0.406253% device_global=3 rank=1 local_index=-1 offset=4025000 count=32500
    part[4] cum=74.75% share=24.625% device_global=4 rank=2 local_index=-1 offset=4057500 count=1965000
    part[5] cum=75.0938% share=0.343752% device_global=5 rank=2 local_index=-1 offset=6022500 count=22500
    part[6] cum=99.7188% share=24.625% device_global=6 rank=3 local_index=-1 offset=6045000 count=1937500
    part[7] cum=100% share=0.28125% device_global=7 rank=3 local_index=-1 offset=7982500 count=17500
    total=100%
  CURRENT loads:
    part[0] cum=24.7188% share=24.7188% device_global=0 rank=0 local_index=0 offset=0 count=1977500
    part[1] cum=25.0938% share=0.375% device_global=1 rank=0 local_index=1 offset=1977500 count=30000
    part[2] cum=50.3125% share=25.2188% device_global=2 rank=1 local_index=-1 offset=2007500 count=2017500
    part[3] cum=50.7188% share=0.406247% device_global=3 rank=1 local_index=-1 offset=4025000 count=32500
    part[4] cum=75.2812% share=24.5625% device_global=4 rank=2 local_index=-1 offset=4057500 count=1965000
    part[5] cum=75.5625% share=0.28125% device_global=5 rank=2 local_index=-1 offset=6022500 count=22500
    part[6] cum=99.7812% share=24.2188% device_global=6 rank=3 local_index=-1 offset=6045000 count=1937500
    part[7] cum=100% share=0.218749% device_global=7 rank=3 local_index=-1 offset=7982500 count=17500
    total=100%
[DCL][balance-metrics] iteration=7100
  policy=threshold
  action=skip
  reason=load difference below fixed threshold; diff=0.0113709, threshold=0.1
  T_compute_interval_s=0.954763
  T_comm_interval_s=4.35812
  T_balance_total_s=0.0169747
  T_rebalance_apply_s=0
  T_compute_accum_s=12.9991
  T_comm_accum_s=35.42
  T_balance_accum_s=0.470801
  T_rebalance_apply_accum_s=0.136206
  device_times_s:
    part[0]=0.938144
    part[1]=0.874315
    part[2]=0.954763
    part[3]=0.929029
    part[4]=0.933099
    part[5]=0.759135
    part[6]=0.919109
    part[7]=0.687214
  OLD loads:
    part[0] cum=24.7188% share=24.7188% device_global=0 rank=0 local_index=0 offset=0 count=1977500
    part[1] cum=25.0938% share=0.375% device_global=1 rank=0 local_index=1 offset=1977500 count=30000
    part[2] cum=50.3125% share=25.2188% device_global=2 rank=1 local_index=-1 offset=2007500 count=2017500
    part[3] cum=50.7188% share=0.406247% device_global=3 rank=1 local_index=-1 offset=4025000 count=32500
    part[4] cum=75.2812% share=24.5625% device_global=4 rank=2 local_index=-1 offset=4057500 count=1965000
    part[5] cum=75.5625% share=0.28125% device_global=5 rank=2 local_index=-1 offset=6022500 count=22500
    part[6] cum=99.7812% share=24.2188% device_global=6 rank=3 local_index=-1 offset=6045000 count=1937500
    part[7] cum=100% share=0.218749% device_global=7 rank=3 local_index=-1 offset=7982500 count=17500
    total=100%
  PROPOSED loads:
    part[0] cum=24.625% share=24.625% device_global=0 rank=0 local_index=0 offset=0 count=1977500
    part[1] cum=25.0312% share=0.40625% device_global=1 rank=0 local_index=1 offset=1977500 count=30000
    part[2] cum=49.7188% share=24.6875% device_global=2 rank=1 local_index=-1 offset=2007500 count=2017500
    part[3] cum=50.125% share=0.406253% device_global=3 rank=1 local_index=-1 offset=4025000 count=32500
    part[4] cum=74.7188% share=24.5937% device_global=4 rank=2 local_index=-1 offset=4057500 count=1965000
    part[5] cum=75.0625% share=0.343752% device_global=5 rank=2 local_index=-1 offset=6022500 count=22500
    part[6] cum=99.6875% share=24.625% device_global=6 rank=3 local_index=-1 offset=6045000 count=1937500
    part[7] cum=100% share=0.312501% device_global=7 rank=3 local_index=-1 offset=7982500 count=17500
    total=100%
  CURRENT loads:
    part[0] cum=24.7188% share=24.7188% device_global=0 rank=0 local_index=0 offset=0 count=1977500
    part[1] cum=25.0938% share=0.375% device_global=1 rank=0 local_index=1 offset=1977500 count=30000
    part[2] cum=50.3125% share=25.2188% device_global=2 rank=1 local_index=-1 offset=2007500 count=2017500
    part[3] cum=50.7188% share=0.406247% device_global=3 rank=1 local_index=-1 offset=4025000 count=32500
    part[4] cum=75.2812% share=24.5625% device_global=4 rank=2 local_index=-1 offset=4057500 count=1965000
    part[5] cum=75.5625% share=0.28125% device_global=5 rank=2 local_index=-1 offset=6022500 count=22500
    part[6] cum=99.7812% share=24.2188% device_global=6 rank=3 local_index=-1 offset=6045000 count=1937500
    part[7] cum=100% share=0.218749% device_global=7 rank=3 local_index=-1 offset=7982500 count=17500
    total=100%
[DCL][balance-metrics] iteration=8100
  policy=threshold
  action=skip
  reason=load difference below fixed threshold; diff=0.0115583, threshold=0.1
  T_compute_interval_s=0.954836
  T_comm_interval_s=4.3492
  T_balance_total_s=0.0156908
  T_rebalance_apply_s=0
  T_compute_accum_s=13.954
  T_comm_accum_s=39.7692
  T_balance_accum_s=0.486492
  T_rebalance_apply_accum_s=0.136206
  device_times_s:
    part[0]=0.938505
    part[1]=0.87949
    part[2]=0.954836
    part[3]=0.928206
    part[4]=0.933062
    part[5]=0.74164
    part[6]=0.919154
    part[7]=0.66854
  OLD loads:
    part[0] cum=24.7188% share=24.7188% device_global=0 rank=0 local_index=0 offset=0 count=1977500
    part[1] cum=25.0938% share=0.375% device_global=1 rank=0 local_index=1 offset=1977500 count=30000
    part[2] cum=50.3125% share=25.2188% device_global=2 rank=1 local_index=-1 offset=2007500 count=2017500
    part[3] cum=50.7188% share=0.406247% device_global=3 rank=1 local_index=-1 offset=4025000 count=32500
    part[4] cum=75.2812% share=24.5625% device_global=4 rank=2 local_index=-1 offset=4057500 count=1965000
    part[5] cum=75.5625% share=0.28125% device_global=5 rank=2 local_index=-1 offset=6022500 count=22500
    part[6] cum=99.7812% share=24.2188% device_global=6 rank=3 local_index=-1 offset=6045000 count=1937500
    part[7] cum=100% share=0.218749% device_global=7 rank=3 local_index=-1 offset=7982500 count=17500
    total=100%
  PROPOSED loads:
    part[0] cum=24.625% share=24.625% device_global=0 rank=0 local_index=0 offset=0 count=1977500
    part[1] cum=25% share=0.375% device_global=1 rank=0 local_index=1 offset=1977500 count=30000
    part[2] cum=49.6875% share=24.6875% device_global=2 rank=1 local_index=-1 offset=2007500 count=2017500
    part[3] cum=50.125% share=0.437504% device_global=3 rank=1 local_index=-1 offset=4025000 count=32500
    part[4] cum=74.7188% share=24.5937% device_global=4 rank=2 local_index=-1 offset=4057500 count=1965000
    part[5] cum=75.0625% share=0.343752% device_global=5 rank=2 local_index=-1 offset=6022500 count=22500
    part[6] cum=99.6875% share=24.625% device_global=6 rank=3 local_index=-1 offset=6045000 count=1937500
    part[7] cum=100% share=0.312501% device_global=7 rank=3 local_index=-1 offset=7982500 count=17500
    total=100%
  CURRENT loads:
    part[0] cum=24.7188% share=24.7188% device_global=0 rank=0 local_index=0 offset=0 count=1977500
    part[1] cum=25.0938% share=0.375% device_global=1 rank=0 local_index=1 offset=1977500 count=30000
    part[2] cum=50.3125% share=25.2188% device_global=2 rank=1 local_index=-1 offset=2007500 count=2017500
    part[3] cum=50.7188% share=0.406247% device_global=3 rank=1 local_index=-1 offset=4025000 count=32500
    part[4] cum=75.2812% share=24.5625% device_global=4 rank=2 local_index=-1 offset=4057500 count=1965000
    part[5] cum=75.5625% share=0.28125% device_global=5 rank=2 local_index=-1 offset=6022500 count=22500
    part[6] cum=99.7812% share=24.2188% device_global=6 rank=3 local_index=-1 offset=6045000 count=1937500
    part[7] cum=100% share=0.218749% device_global=7 rank=3 local_index=-1 offset=7982500 count=17500
    total=100%
[DCL][balance-metrics] iteration=9100
  policy=threshold
  action=skip
  reason=load difference below fixed threshold; diff=0.0117219, threshold=0.1
  T_compute_interval_s=0.954706
  T_comm_interval_s=4.35762
  T_balance_total_s=0.0152909
  T_rebalance_apply_s=0
  T_compute_accum_s=14.9087
  T_comm_accum_s=44.1269
  T_balance_accum_s=0.501782
  T_rebalance_apply_accum_s=0.136206
  device_times_s:
    part[0]=0.938097
    part[1]=0.87694
    part[2]=0.954706
    part[3]=0.928189
    part[4]=0.932567
    part[5]=0.725431
    part[6]=0.919121
    part[7]=0.646355
  OLD loads:
    part[0] cum=24.7188% share=24.7188% device_global=0 rank=0 local_index=0 offset=0 count=1977500
    part[1] cum=25.0938% share=0.375% device_global=1 rank=0 local_index=1 offset=1977500 count=30000
    part[2] cum=50.3125% share=25.2188% device_global=2 rank=1 local_index=-1 offset=2007500 count=2017500
    part[3] cum=50.7188% share=0.406247% device_global=3 rank=1 local_index=-1 offset=4025000 count=32500
    part[4] cum=75.2812% share=24.5625% device_global=4 rank=2 local_index=-1 offset=4057500 count=1965000
    part[5] cum=75.5625% share=0.28125% device_global=5 rank=2 local_index=-1 offset=6022500 count=22500
    part[6] cum=99.7812% share=24.2188% device_global=6 rank=3 local_index=-1 offset=6045000 count=1937500
    part[7] cum=100% share=0.218749% device_global=7 rank=3 local_index=-1 offset=7982500 count=17500
    total=100%
  PROPOSED loads:
    part[0] cum=24.625% share=24.625% device_global=0 rank=0 local_index=0 offset=0 count=1977500
    part[1] cum=25% share=0.375% device_global=1 rank=0 local_index=1 offset=1977500 count=30000
    part[2] cum=49.6875% share=24.6875% device_global=2 rank=1 local_index=-1 offset=2007500 count=2017500
    part[3] cum=50.0938% share=0.406253% device_global=3 rank=1 local_index=-1 offset=4025000 count=32500
    part[4] cum=74.7188% share=24.625% device_global=4 rank=2 local_index=-1 offset=4057500 count=1965000
    part[5] cum=75.0625% share=0.343752% device_global=5 rank=2 local_index=-1 offset=6022500 count=22500
    part[6] cum=99.6875% share=24.625% device_global=6 rank=3 local_index=-1 offset=6045000 count=1937500
    part[7] cum=100% share=0.312501% device_global=7 rank=3 local_index=-1 offset=7982500 count=17500
    total=100%
  CURRENT loads:
    part[0] cum=24.7188% share=24.7188% device_global=0 rank=0 local_index=0 offset=0 count=1977500
    part[1] cum=25.0938% share=0.375% device_global=1 rank=0 local_index=1 offset=1977500 count=30000
    part[2] cum=50.3125% share=25.2188% device_global=2 rank=1 local_index=-1 offset=2007500 count=2017500
    part[3] cum=50.7188% share=0.406247% device_global=3 rank=1 local_index=-1 offset=4025000 count=32500
    part[4] cum=75.2812% share=24.5625% device_global=4 rank=2 local_index=-1 offset=4057500 count=1965000
    part[5] cum=75.5625% share=0.28125% device_global=5 rank=2 local_index=-1 offset=6022500 count=22500
    part[6] cum=99.7812% share=24.2188% device_global=6 rank=3 local_index=-1 offset=6045000 count=1937500
    part[7] cum=100% share=0.218749% device_global=7 rank=3 local_index=-1 offset=7982500 count=17500
    total=100%

=== PARTICOES FINAIS ===
=== Particoes globais ===
part[0] device_global=0 rank=0 local_index=0 offset=0 count=1977500
part[1] device_global=1 rank=0 local_index=1 offset=1977500 count=30000
part[2] device_global=2 rank=1 local_index=-1 offset=2007500 count=2017500
part[3] device_global=3 rank=1 local_index=-1 offset=4025000 count=32500
part[4] device_global=4 rank=2 local_index=-1 offset=4057500 count=1965000
part[5] device_global=5 rank=2 local_index=-1 offset=6022500 count=22500
part[6] device_global=6 rank=3 local_index=-1 offset=6045000 count=1937500
part[7] device_global=7 rank=3 local_index=-1 offset=7982500 count=17500


============================
ITERACAO 10000
Tempo de execução: 56.208s
