=== Dispositivos locais do rank 1 ===
global=2 local=0 nome="NVIDIA RTX 2000 Ada Generation" compute_units=22=== Dispositivos locais do rank 3 ===
global=6 local=0 nome="NVIDIA RTX 2000 Ada Generation" compute_units=22
global=7 local=1 nome="Intel(R) Xeon(R) CPU           E5620  @ 2.40GHz" compute_units=16

=== Dispositivos locais do rank 2 ===
global=4 local=0 nome="NVIDIA RTX 2000 Ada Generation" compute_units=22
global=5 local=1 nome="Intel(R) Xeon(R) CPU           E5620  @ 2.40GHz" compute_units=16

=== Dispositivos locais do rank 0 ===
global=0 local=0 nome="NVIDIA RTX 2000 Ada Generation" compute_units=22
global=1 local=1 nome="Intel(R) Xeon(R) CPU           E5620  @ 2.40GHz" compute_units=16


global=3 local=1 nome="Intel(R) Xeon(R) CPU           E5620  @ 2.40GHz" compute_units=16

=== PARTICOES INICIAIS ===
=== Particoes globais ===
part[0] device_global=0 rank=0 local_index=0 offset=0 count=1000000
part[1] device_global=1 rank=0 local_index=1 offset=1000000 count=1000000
part[2] device_global=2 rank=1 local_index=-1 offset=2000000 count=1000000
part[3] device_global=3 rank=1 local_index=-1 offset=3000000 count=1000000
part[4] device_global=4 rank=2 local_index=-1 offset=4000000 count=1000000
part[5] device_global=5 rank=2 local_index=-1 offset=5000000 count=1000000
part[6] device_global=6 rank=3 local_index=-1 offset=6000000 count=1000000
part[7] device_global=7 rank=3 local_index=-1 offset=7000000 count=1000000

X = 50 Y = 50 Z = 3200 Iterations = 10000
[DCL][balance-metrics] iteration=100
  policy=threshold
  action=rebalance
  reason=accepted by fixed threshold; diff=0.245506, threshold=0.1
  T_compute_interval_s=5.40771
  T_comm_interval_s=5.16727
  T_balance_total_s=0.298083
  T_rebalance_apply_s=0.078871
  T_compute_accum_s=5.40771
  T_comm_accum_s=5.16727
  T_balance_accum_s=0.298083
  T_rebalance_apply_accum_s=0.078871
  device_times_s:
    part[0]=0.0489612
    part[1]=3.02209
    part[2]=0.048235
    part[3]=3.08619
    part[4]=0.0492577
    part[5]=4.27683
    part[6]=0.0487046
    part[7]=5.40771
  OLD loads:
    part[0] cum=12.5% share=12.5% device_global=0 rank=0 local_index=0 offset=0 count=1967500
    part[1] cum=25% share=12.5% device_global=1 rank=0 local_index=1 offset=1967500 count=32500
    part[2] cum=37.5% share=12.5% device_global=2 rank=1 local_index=-1 offset=2000000 count=1995000
    part[3] cum=50% share=12.5% device_global=3 rank=1 local_index=-1 offset=3995000 count=32500
    part[4] cum=62.5% share=12.5% device_global=4 rank=2 local_index=-1 offset=4027500 count=1955000
    part[5] cum=75% share=12.5% device_global=5 rank=2 local_index=-1 offset=5982500 count=22500
    part[6] cum=87.5% share=12.5% device_global=6 rank=3 local_index=-1 offset=6005000 count=1977500
    part[7] cum=100% share=12.5% device_global=7 rank=3 local_index=-1 offset=7982500 count=17500
    total=100%
  PROPOSED loads:
    part[0] cum=24.5938% share=24.5938% device_global=0 rank=0 local_index=0 offset=0 count=1967500
    part[1] cum=25% share=0.40625% device_global=1 rank=0 local_index=1 offset=1967500 count=32500
    part[2] cum=49.9375% share=24.9375% device_global=2 rank=1 local_index=-1 offset=2000000 count=1995000
    part[3] cum=50.3438% share=0.406253% device_global=3 rank=1 local_index=-1 offset=3995000 count=32500
    part[4] cum=74.7812% share=24.4375% device_global=4 rank=2 local_index=-1 offset=4027500 count=1955000
    part[5] cum=75.0625% share=0.28125% device_global=5 rank=2 local_index=-1 offset=5982500 count=22500
    part[6] cum=99.7812% share=24.7188% device_global=6 rank=3 local_index=-1 offset=6005000 count=1977500
    part[7] cum=100% share=0.218749% device_global=7 rank=3 local_index=-1 offset=7982500 count=17500
    total=100%
  CURRENT loads:
    part[0] cum=24.5938% share=24.5938% device_global=0 rank=0 local_index=0 offset=0 count=1967500
    part[1] cum=25% share=0.40625% device_global=1 rank=0 local_index=1 offset=1967500 count=32500
    part[2] cum=49.9375% share=24.9375% device_global=2 rank=1 local_index=-1 offset=2000000 count=1995000
    part[3] cum=50.3438% share=0.406253% device_global=3 rank=1 local_index=-1 offset=3995000 count=32500
    part[4] cum=74.7812% share=24.4375% device_global=4 rank=2 local_index=-1 offset=4027500 count=1955000
    part[5] cum=75.0625% share=0.28125% device_global=5 rank=2 local_index=-1 offset=5982500 count=22500
    part[6] cum=99.7812% share=24.7188% device_global=6 rank=3 local_index=-1 offset=6005000 count=1977500
    part[7] cum=100% share=0.218749% device_global=7 rank=3 local_index=-1 offset=7982500 count=17500
    total=100%
[DCL][balance-metrics] iteration=1100
  policy=threshold
  action=skip
  reason=load difference below fixed threshold; diff=0.00257695, threshold=0.1
  T_compute_interval_s=1.39686
  T_comm_interval_s=4.29739
  T_balance_total_s=0.0180525
  T_rebalance_apply_s=0
  T_compute_accum_s=6.80457
  T_comm_accum_s=9.46466
  T_balance_accum_s=0.316135
  T_rebalance_apply_accum_s=0.078871
  device_times_s:
    part[0]=0.935673
    part[1]=0.974708
    part[2]=0.945416
    part[3]=1.14653
    part[4]=0.929636
    part[5]=1.39686
    part[6]=0.937708
    part[7]=1.38126
  OLD loads:
    part[0] cum=24.5938% share=24.5938% device_global=0 rank=0 local_index=0 offset=0 count=1967500
    part[1] cum=25% share=0.40625% device_global=1 rank=0 local_index=1 offset=1967500 count=32500
    part[2] cum=49.9375% share=24.9375% device_global=2 rank=1 local_index=-1 offset=2000000 count=1995000
    part[3] cum=50.3438% share=0.406253% device_global=3 rank=1 local_index=-1 offset=3995000 count=32500
    part[4] cum=74.7812% share=24.4375% device_global=4 rank=2 local_index=-1 offset=4027500 count=1955000
    part[5] cum=75.0625% share=0.28125% device_global=5 rank=2 local_index=-1 offset=5982500 count=22500
    part[6] cum=99.7812% share=24.7188% device_global=6 rank=3 local_index=-1 offset=6005000 count=1977500
    part[7] cum=100% share=0.218749% device_global=7 rank=3 local_index=-1 offset=7982500 count=17500
    total=100%
  PROPOSED loads:
    part[0] cum=24.6875% share=24.6875% device_global=0 rank=0 local_index=0 offset=0 count=1967500
    part[1] cum=25.0938% share=0.406249% device_global=1 rank=0 local_index=1 offset=1967500 count=32500
    part[2] cum=49.875% share=24.7812% device_global=2 rank=1 local_index=-1 offset=2000000 count=1995000
    part[3] cum=50.1875% share=0.312498% device_global=3 rank=1 local_index=-1 offset=3995000 count=32500
    part[4] cum=74.9062% share=24.7188% device_global=4 rank=2 local_index=-1 offset=4027500 count=1955000
    part[5] cum=75.0938% share=0.187504% device_global=5 rank=2 local_index=-1 offset=5982500 count=22500
    part[6] cum=99.8438% share=24.75% device_global=6 rank=3 local_index=-1 offset=6005000 count=1977500
    part[7] cum=100% share=0.156248% device_global=7 rank=3 local_index=-1 offset=7982500 count=17500
    total=100%
  CURRENT loads:
    part[0] cum=24.5938% share=24.5938% device_global=0 rank=0 local_index=0 offset=0 count=1967500
    part[1] cum=25% share=0.40625% device_global=1 rank=0 local_index=1 offset=1967500 count=32500
    part[2] cum=49.9375% share=24.9375% device_global=2 rank=1 local_index=-1 offset=2000000 count=1995000
    part[3] cum=50.3438% share=0.406253% device_global=3 rank=1 local_index=-1 offset=3995000 count=32500
    part[4] cum=74.7812% share=24.4375% device_global=4 rank=2 local_index=-1 offset=4027500 count=1955000
    part[5] cum=75.0625% share=0.28125% device_global=5 rank=2 local_index=-1 offset=5982500 count=22500
    part[6] cum=99.7812% share=24.7188% device_global=6 rank=3 local_index=-1 offset=6005000 count=1977500
    part[7] cum=100% share=0.218749% device_global=7 rank=3 local_index=-1 offset=7982500 count=17500
    total=100%
[DCL][balance-metrics] iteration=2100
  policy=threshold
  action=skip
  reason=load difference below fixed threshold; diff=0.00255793, threshold=0.1
  T_compute_interval_s=1.27278
  T_comm_interval_s=4.38181
  T_balance_total_s=0.0185168
  T_rebalance_apply_s=0
  T_compute_accum_s=8.07735
  T_comm_accum_s=13.8465
  T_balance_accum_s=0.334652
  T_rebalance_apply_accum_s=0.078871
  device_times_s:
    part[0]=0.934815
    part[1]=0.946462
    part[2]=0.945223
    part[3]=1.00229
    part[4]=0.929576
    part[5]=1.0633
    part[6]=0.937674
    part[7]=1.27278
  OLD loads:
    part[0] cum=24.5938% share=24.5938% device_global=0 rank=0 local_index=0 offset=0 count=1967500
    part[1] cum=25% share=0.40625% device_global=1 rank=0 local_index=1 offset=1967500 count=32500
    part[2] cum=49.9375% share=24.9375% device_global=2 rank=1 local_index=-1 offset=2000000 count=1995000
    part[3] cum=50.3438% share=0.406253% device_global=3 rank=1 local_index=-1 offset=3995000 count=32500
    part[4] cum=74.7812% share=24.4375% device_global=4 rank=2 local_index=-1 offset=4027500 count=1955000
    part[5] cum=75.0625% share=0.28125% device_global=5 rank=2 local_index=-1 offset=5982500 count=22500
    part[6] cum=99.7812% share=24.7188% device_global=6 rank=3 local_index=-1 offset=6005000 count=1977500
    part[7] cum=100% share=0.218749% device_global=7 rank=3 local_index=-1 offset=7982500 count=17500
    total=100%
  PROPOSED loads:
    part[0] cum=24.6875% share=24.6875% device_global=0 rank=0 local_index=0 offset=0 count=1967500
    part[1] cum=25.0938% share=0.406249% device_global=1 rank=0 local_index=1 offset=1967500 count=32500
    part[2] cum=49.8125% share=24.7188% device_global=2 rank=1 local_index=-1 offset=2000000 count=1995000
    part[3] cum=50.2188% share=0.40625% device_global=3 rank=1 local_index=-1 offset=3995000 count=32500
    part[4] cum=74.875% share=24.6562% device_global=4 rank=2 local_index=-1 offset=4027500 count=1955000
    part[5] cum=75.125% share=0.250006% device_global=5 rank=2 local_index=-1 offset=5982500 count=22500
    part[6] cum=99.8438% share=24.7188% device_global=6 rank=3 local_index=-1 offset=6005000 count=1977500
    part[7] cum=100% share=0.156248% device_global=7 rank=3 local_index=-1 offset=7982500 count=17500
    total=100%
  CURRENT loads:
    part[0] cum=24.5938% share=24.5938% device_global=0 rank=0 local_index=0 offset=0 count=1967500
    part[1] cum=25% share=0.40625% device_global=1 rank=0 local_index=1 offset=1967500 count=32500
    part[2] cum=49.9375% share=24.9375% device_global=2 rank=1 local_index=-1 offset=2000000 count=1995000
    part[3] cum=50.3438% share=0.406253% device_global=3 rank=1 local_index=-1 offset=3995000 count=32500
    part[4] cum=74.7812% share=24.4375% device_global=4 rank=2 local_index=-1 offset=4027500 count=1955000
    part[5] cum=75.0625% share=0.28125% device_global=5 rank=2 local_index=-1 offset=5982500 count=22500
    part[6] cum=99.7812% share=24.7188% device_global=6 rank=3 local_index=-1 offset=6005000 count=1977500
    part[7] cum=100% share=0.218749% device_global=7 rank=3 local_index=-1 offset=7982500 count=17500
    total=100%
[DCL][balance-metrics] iteration=3100
  policy=threshold
  action=skip
  reason=load difference below fixed threshold; diff=0.00250002, threshold=0.1
  T_compute_interval_s=1.05259
  T_comm_interval_s=4.39763
  T_balance_total_s=0.0162662
  T_rebalance_apply_s=0
  T_compute_accum_s=9.12994
  T_comm_accum_s=18.2441
  T_balance_accum_s=0.350918
  T_rebalance_apply_accum_s=0.078871
  device_times_s:
    part[0]=0.934355
    part[1]=0.930772
    part[2]=0.944705
    part[3]=0.963111
    part[4]=0.929169
    part[5]=0.873375
    part[6]=0.937577
    part[7]=1.05259
  OLD loads:
    part[0] cum=24.5938% share=24.5938% device_global=0 rank=0 local_index=0 offset=0 count=1967500
    part[1] cum=25% share=0.40625% device_global=1 rank=0 local_index=1 offset=1967500 count=32500
    part[2] cum=49.9375% share=24.9375% device_global=2 rank=1 local_index=-1 offset=2000000 count=1995000
    part[3] cum=50.3438% share=0.406253% device_global=3 rank=1 local_index=-1 offset=3995000 count=32500
    part[4] cum=74.7812% share=24.4375% device_global=4 rank=2 local_index=-1 offset=4027500 count=1955000
    part[5] cum=75.0625% share=0.28125% device_global=5 rank=2 local_index=-1 offset=5982500 count=22500
    part[6] cum=99.7812% share=24.7188% device_global=6 rank=3 local_index=-1 offset=6005000 count=1977500
    part[7] cum=100% share=0.218749% device_global=7 rank=3 local_index=-1 offset=7982500 count=17500
    total=100%
  PROPOSED loads:
    part[0] cum=24.6562% share=24.6562% device_global=0 rank=0 local_index=0 offset=0 count=1967500
    part[1] cum=25.0625% share=0.406252% device_global=1 rank=0 local_index=1 offset=1967500 count=32500
    part[2] cum=49.7812% share=24.7188% device_global=2 rank=1 local_index=-1 offset=2000000 count=1995000
    part[3] cum=50.1875% share=0.406247% device_global=3 rank=1 local_index=-1 offset=3995000 count=32500
    part[4] cum=74.8125% share=24.625% device_global=4 rank=2 local_index=-1 offset=4027500 count=1955000
    part[5] cum=75.125% share=0.312501% device_global=5 rank=2 local_index=-1 offset=5982500 count=22500
    part[6] cum=99.8125% share=24.6875% device_global=6 rank=3 local_index=-1 offset=6005000 count=1977500
    part[7] cum=100% share=0.187498% device_global=7 rank=3 local_index=-1 offset=7982500 count=17500
    total=100%
  CURRENT loads:
    part[0] cum=24.5938% share=24.5938% device_global=0 rank=0 local_index=0 offset=0 count=1967500
    part[1] cum=25% share=0.40625% device_global=1 rank=0 local_index=1 offset=1967500 count=32500
    part[2] cum=49.9375% share=24.9375% device_global=2 rank=1 local_index=-1 offset=2000000 count=1995000
    part[3] cum=50.3438% share=0.406253% device_global=3 rank=1 local_index=-1 offset=3995000 count=32500
    part[4] cum=74.7812% share=24.4375% device_global=4 rank=2 local_index=-1 offset=4027500 count=1955000
    part[5] cum=75.0625% share=0.28125% device_global=5 rank=2 local_index=-1 offset=5982500 count=22500
    part[6] cum=99.7812% share=24.7188% device_global=6 rank=3 local_index=-1 offset=6005000 count=1977500
    part[7] cum=100% share=0.218749% device_global=7 rank=3 local_index=-1 offset=7982500 count=17500
    total=100%
[DCL][balance-metrics] iteration=4100
  policy=threshold
  action=skip
  reason=load difference below fixed threshold; diff=0.0027422, threshold=0.1
  T_compute_interval_s=0.949157
  T_comm_interval_s=4.43453
  T_balance_total_s=0.0186814
  T_rebalance_apply_s=0
  T_compute_accum_s=10.0791
  T_comm_accum_s=22.6786
  T_balance_accum_s=0.3696
  T_rebalance_apply_accum_s=0.078871
  device_times_s:
    part[0]=0.93466
    part[1]=0.930345
    part[2]=0.944742
    part[3]=0.949157
    part[4]=0.929991
    part[5]=0.803571
    part[6]=0.937759
    part[7]=0.865341
  OLD loads:
    part[0] cum=24.5938% share=24.5938% device_global=0 rank=0 local_index=0 offset=0 count=1967500
    part[1] cum=25% share=0.40625% device_global=1 rank=0 local_index=1 offset=1967500 count=32500
    part[2] cum=49.9375% share=24.9375% device_global=2 rank=1 local_index=-1 offset=2000000 count=1995000
    part[3] cum=50.3438% share=0.406253% device_global=3 rank=1 local_index=-1 offset=3995000 count=32500
    part[4] cum=74.7812% share=24.4375% device_global=4 rank=2 local_index=-1 offset=4027500 count=1955000
    part[5] cum=75.0625% share=0.28125% device_global=5 rank=2 local_index=-1 offset=5982500 count=22500
    part[6] cum=99.7812% share=24.7188% device_global=6 rank=3 local_index=-1 offset=6005000 count=1977500
    part[7] cum=100% share=0.218749% device_global=7 rank=3 local_index=-1 offset=7982500 count=17500
    total=100%
  PROPOSED loads:
    part[0] cum=24.625% share=24.625% device_global=0 rank=0 local_index=0 offset=0 count=1967500
    part[1] cum=25.0312% share=0.40625% device_global=1 rank=0 local_index=1 offset=1967500 count=32500
    part[2] cum=49.75% share=24.7188% device_global=2 rank=1 local_index=-1 offset=2000000 count=1995000
    part[3] cum=50.1562% share=0.406247% device_global=3 rank=1 local_index=-1 offset=3995000 count=32500
    part[4] cum=74.75% share=24.5938% device_global=4 rank=2 local_index=-1 offset=4027500 count=1955000
    part[5] cum=75.0938% share=0.343752% device_global=5 rank=2 local_index=-1 offset=5982500 count=22500
    part[6] cum=99.75% share=24.6562% device_global=6 rank=3 local_index=-1 offset=6005000 count=1977500
    part[7] cum=100% share=0.25% device_global=7 rank=3 local_index=-1 offset=7982500 count=17500
    total=100%
  CURRENT loads:
    part[0] cum=24.5938% share=24.5938% device_global=0 rank=0 local_index=0 offset=0 count=1967500
    part[1] cum=25% share=0.40625% device_global=1 rank=0 local_index=1 offset=1967500 count=32500
    part[2] cum=49.9375% share=24.9375% device_global=2 rank=1 local_index=-1 offset=2000000 count=1995000
    part[3] cum=50.3438% share=0.406253% device_global=3 rank=1 local_index=-1 offset=3995000 count=32500
    part[4] cum=74.7812% share=24.4375% device_global=4 rank=2 local_index=-1 offset=4027500 count=1955000
    part[5] cum=75.0625% share=0.28125% device_global=5 rank=2 local_index=-1 offset=5982500 count=22500
    part[6] cum=99.7812% share=24.7188% device_global=6 rank=3 local_index=-1 offset=6005000 count=1977500
    part[7] cum=100% share=0.218749% device_global=7 rank=3 local_index=-1 offset=7982500 count=17500
    total=100%
[DCL][balance-metrics] iteration=5100
  policy=threshold
  action=skip
  reason=load difference below fixed threshold; diff=0.00320216, threshold=0.1
  T_compute_interval_s=0.944451
  T_comm_interval_s=4.3958
  T_balance_total_s=0.0146425
  T_rebalance_apply_s=0
  T_compute_accum_s=11.0235
  T_comm_accum_s=27.0744
  T_balance_accum_s=0.384242
  T_rebalance_apply_accum_s=0.078871
  device_times_s:
    part[0]=0.934381
    part[1]=0.929642
    part[2]=0.944451
    part[3]=0.939338
    part[4]=0.929205
    part[5]=0.767706
    part[6]=0.937322
    part[7]=0.773439
  OLD loads:
    part[0] cum=24.5938% share=24.5938% device_global=0 rank=0 local_index=0 offset=0 count=1967500
    part[1] cum=25% share=0.40625% device_global=1 rank=0 local_index=1 offset=1967500 count=32500
    part[2] cum=49.9375% share=24.9375% device_global=2 rank=1 local_index=-1 offset=2000000 count=1995000
    part[3] cum=50.3438% share=0.406253% device_global=3 rank=1 local_index=-1 offset=3995000 count=32500
    part[4] cum=74.7812% share=24.4375% device_global=4 rank=2 local_index=-1 offset=4027500 count=1955000
    part[5] cum=75.0625% share=0.28125% device_global=5 rank=2 local_index=-1 offset=5982500 count=22500
    part[6] cum=99.7812% share=24.7188% device_global=6 rank=3 local_index=-1 offset=6005000 count=1977500
    part[7] cum=100% share=0.218749% device_global=7 rank=3 local_index=-1 offset=7982500 count=17500
    total=100%
  PROPOSED loads:
    part[0] cum=24.625% share=24.625% device_global=0 rank=0 local_index=0 offset=0 count=1967500
    part[1] cum=25.0312% share=0.40625% device_global=1 rank=0 local_index=1 offset=1967500 count=32500
    part[2] cum=49.7188% share=24.6875% device_global=2 rank=1 local_index=-1 offset=2000000 count=1995000
    part[3] cum=50.125% share=0.406253% device_global=3 rank=1 local_index=-1 offset=3995000 count=32500
    part[4] cum=74.7188% share=24.5937% device_global=4 rank=2 local_index=-1 offset=4027500 count=1955000
    part[5] cum=75.0625% share=0.343752% device_global=5 rank=2 local_index=-1 offset=5982500 count=22500
    part[6] cum=99.75% share=24.6875% device_global=6 rank=3 local_index=-1 offset=6005000 count=1977500
    part[7] cum=100% share=0.25% device_global=7 rank=3 local_index=-1 offset=7982500 count=17500
    total=100%
  CURRENT loads:
    part[0] cum=24.5938% share=24.5938% device_global=0 rank=0 local_index=0 offset=0 count=1967500
    part[1] cum=25% share=0.40625% device_global=1 rank=0 local_index=1 offset=1967500 count=32500
    part[2] cum=49.9375% share=24.9375% device_global=2 rank=1 local_index=-1 offset=2000000 count=1995000
    part[3] cum=50.3438% share=0.406253% device_global=3 rank=1 local_index=-1 offset=3995000 count=32500
    part[4] cum=74.7812% share=24.4375% device_global=4 rank=2 local_index=-1 offset=4027500 count=1955000
    part[5] cum=75.0625% share=0.28125% device_global=5 rank=2 local_index=-1 offset=5982500 count=22500
    part[6] cum=99.7812% share=24.7188% device_global=6 rank=3 local_index=-1 offset=6005000 count=1977500
    part[7] cum=100% share=0.218749% device_global=7 rank=3 local_index=-1 offset=7982500 count=17500
    total=100%
[DCL][balance-metrics] iteration=6100
  policy=threshold
  action=skip
  reason=load difference below fixed threshold; diff=0.00324759, threshold=0.1
  T_compute_interval_s=0.946116
  T_comm_interval_s=4.37077
  T_balance_total_s=0.016818
  T_rebalance_apply_s=0
  T_compute_accum_s=11.9697
  T_comm_accum_s=31.4452
  T_balance_accum_s=0.40106
  T_rebalance_apply_accum_s=0.078871
  device_times_s:
    part[0]=0.934539
    part[1]=0.931621
    part[2]=0.944669
    part[3]=0.946116
    part[4]=0.929377
    part[5]=0.752576
    part[6]=0.93759
    part[7]=0.727198
  OLD loads:
    part[0] cum=24.5938% share=24.5938% device_global=0 rank=0 local_index=0 offset=0 count=1967500
    part[1] cum=25% share=0.40625% device_global=1 rank=0 local_index=1 offset=1967500 count=32500
    part[2] cum=49.9375% share=24.9375% device_global=2 rank=1 local_index=-1 offset=2000000 count=1995000
    part[3] cum=50.3438% share=0.406253% device_global=3 rank=1 local_index=-1 offset=3995000 count=32500
    part[4] cum=74.7812% share=24.4375% device_global=4 rank=2 local_index=-1 offset=4027500 count=1955000
    part[5] cum=75.0625% share=0.28125% device_global=5 rank=2 local_index=-1 offset=5982500 count=22500
    part[6] cum=99.7812% share=24.7188% device_global=6 rank=3 local_index=-1 offset=6005000 count=1977500
    part[7] cum=100% share=0.218749% device_global=7 rank=3 local_index=-1 offset=7982500 count=17500
    total=100%
  PROPOSED loads:
    part[0] cum=24.625% share=24.625% device_global=0 rank=0 local_index=0 offset=0 count=1967500
    part[1] cum=25.0312% share=0.40625% device_global=1 rank=0 local_index=1 offset=1967500 count=32500
    part[2] cum=49.7188% share=24.6875% device_global=2 rank=1 local_index=-1 offset=2000000 count=1995000
    part[3] cum=50.125% share=0.406253% device_global=3 rank=1 local_index=-1 offset=3995000 count=32500
    part[4] cum=74.7188% share=24.5937% device_global=4 rank=2 local_index=-1 offset=4027500 count=1955000
    part[5] cum=75.0625% share=0.343752% device_global=5 rank=2 local_index=-1 offset=5982500 count=22500
    part[6] cum=99.7188% share=24.6562% device_global=6 rank=3 local_index=-1 offset=6005000 count=1977500
    part[7] cum=100% share=0.28125% device_global=7 rank=3 local_index=-1 offset=7982500 count=17500
    total=100%
  CURRENT loads:
    part[0] cum=24.5938% share=24.5938% device_global=0 rank=0 local_index=0 offset=0 count=1967500
    part[1] cum=25% share=0.40625% device_global=1 rank=0 local_index=1 offset=1967500 count=32500
    part[2] cum=49.9375% share=24.9375% device_global=2 rank=1 local_index=-1 offset=2000000 count=1995000
    part[3] cum=50.3438% share=0.406253% device_global=3 rank=1 local_index=-1 offset=3995000 count=32500
    part[4] cum=74.7812% share=24.4375% device_global=4 rank=2 local_index=-1 offset=4027500 count=1955000
    part[5] cum=75.0625% share=0.28125% device_global=5 rank=2 local_index=-1 offset=5982500 count=22500
    part[6] cum=99.7812% share=24.7188% device_global=6 rank=3 local_index=-1 offset=6005000 count=1977500
    part[7] cum=100% share=0.218749% device_global=7 rank=3 local_index=-1 offset=7982500 count=17500
    total=100%
[DCL][balance-metrics] iteration=7100
  policy=threshold
  action=skip
  reason=load difference below fixed threshold; diff=0.00371074, threshold=0.1
  T_compute_interval_s=0.944213
  T_comm_interval_s=4.34298
  T_balance_total_s=0.0158792
  T_rebalance_apply_s=0
  T_compute_accum_s=12.9139
  T_comm_accum_s=35.7882
  T_balance_accum_s=0.416939
  T_rebalance_apply_accum_s=0.078871
  device_times_s:
    part[0]=0.934669
    part[1]=0.931855
    part[2]=0.944213
    part[3]=0.934141
    part[4]=0.929294
    part[5]=0.739749
    part[6]=0.937272
    part[7]=0.691247
  OLD loads:
    part[0] cum=24.5938% share=24.5938% device_global=0 rank=0 local_index=0 offset=0 count=1967500
    part[1] cum=25% share=0.40625% device_global=1 rank=0 local_index=1 offset=1967500 count=32500
    part[2] cum=49.9375% share=24.9375% device_global=2 rank=1 local_index=-1 offset=2000000 count=1995000
    part[3] cum=50.3438% share=0.406253% device_global=3 rank=1 local_index=-1 offset=3995000 count=32500
    part[4] cum=74.7812% share=24.4375% device_global=4 rank=2 local_index=-1 offset=4027500 count=1955000
    part[5] cum=75.0625% share=0.28125% device_global=5 rank=2 local_index=-1 offset=5982500 count=22500
    part[6] cum=99.7812% share=24.7188% device_global=6 rank=3 local_index=-1 offset=6005000 count=1977500
    part[7] cum=100% share=0.218749% device_global=7 rank=3 local_index=-1 offset=7982500 count=17500
    total=100%
  PROPOSED loads:
    part[0] cum=24.5938% share=24.5938% device_global=0 rank=0 local_index=0 offset=0 count=1967500
    part[1] cum=25% share=0.40625% device_global=1 rank=0 local_index=1 offset=1967500 count=32500
    part[2] cum=49.6875% share=24.6875% device_global=2 rank=1 local_index=-1 offset=2000000 count=1995000
    part[3] cum=50.0938% share=0.406253% device_global=3 rank=1 local_index=-1 offset=3995000 count=32500
    part[4] cum=74.6875% share=24.5937% device_global=4 rank=2 local_index=-1 offset=4027500 count=1955000
    part[5] cum=75.0625% share=0.375003% device_global=5 rank=2 local_index=-1 offset=5982500 count=22500
    part[6] cum=99.7188% share=24.6562% device_global=6 rank=3 local_index=-1 offset=6005000 count=1977500
    part[7] cum=100% share=0.28125% device_global=7 rank=3 local_index=-1 offset=7982500 count=17500
    total=100%
  CURRENT loads:
    part[0] cum=24.5938% share=24.5938% device_global=0 rank=0 local_index=0 offset=0 count=1967500
    part[1] cum=25% share=0.40625% device_global=1 rank=0 local_index=1 offset=1967500 count=32500
    part[2] cum=49.9375% share=24.9375% device_global=2 rank=1 local_index=-1 offset=2000000 count=1995000
    part[3] cum=50.3438% share=0.406253% device_global=3 rank=1 local_index=-1 offset=3995000 count=32500
    part[4] cum=74.7812% share=24.4375% device_global=4 rank=2 local_index=-1 offset=4027500 count=1955000
    part[5] cum=75.0625% share=0.28125% device_global=5 rank=2 local_index=-1 offset=5982500 count=22500
    part[6] cum=99.7812% share=24.7188% device_global=6 rank=3 local_index=-1 offset=6005000 count=1977500
    part[7] cum=100% share=0.218749% device_global=7 rank=3 local_index=-1 offset=7982500 count=17500
    total=100%
[DCL][balance-metrics] iteration=8100
  policy=threshold
  action=skip
  reason=load difference below fixed threshold; diff=0.00378887, threshold=0.1
  T_compute_interval_s=0.944178
  T_comm_interval_s=4.33246
  T_balance_total_s=0.0157295
  T_rebalance_apply_s=0
  T_compute_accum_s=13.8581
  T_comm_accum_s=40.1206
  T_balance_accum_s=0.432669
  T_rebalance_apply_accum_s=0.078871
  device_times_s:
    part[0]=0.934322
    part[1]=0.933266
    part[2]=0.944178
    part[3]=0.931719
    part[4]=0.929241
    part[5]=0.721657
    part[6]=0.937142
    part[7]=0.667419
  OLD loads:
    part[0] cum=24.5938% share=24.5938% device_global=0 rank=0 local_index=0 offset=0 count=1967500
    part[1] cum=25% share=0.40625% device_global=1 rank=0 local_index=1 offset=1967500 count=32500
    part[2] cum=49.9375% share=24.9375% device_global=2 rank=1 local_index=-1 offset=2000000 count=1995000
    part[3] cum=50.3438% share=0.406253% device_global=3 rank=1 local_index=-1 offset=3995000 count=32500
    part[4] cum=74.7812% share=24.4375% device_global=4 rank=2 local_index=-1 offset=4027500 count=1955000
    part[5] cum=75.0625% share=0.28125% device_global=5 rank=2 local_index=-1 offset=5982500 count=22500
    part[6] cum=99.7812% share=24.7188% device_global=6 rank=3 local_index=-1 offset=6005000 count=1977500
    part[7] cum=100% share=0.218749% device_global=7 rank=3 local_index=-1 offset=7982500 count=17500
    total=100%
  PROPOSED loads:
    part[0] cum=24.5938% share=24.5938% device_global=0 rank=0 local_index=0 offset=0 count=1967500
    part[1] cum=25% share=0.40625% device_global=1 rank=0 local_index=1 offset=1967500 count=32500
    part[2] cum=49.6875% share=24.6875% device_global=2 rank=1 local_index=-1 offset=2000000 count=1995000
    part[3] cum=50.0938% share=0.406253% device_global=3 rank=1 local_index=-1 offset=3995000 count=32500
    part[4] cum=74.6875% share=24.5937% device_global=4 rank=2 local_index=-1 offset=4027500 count=1955000
    part[5] cum=75.0312% share=0.343752% device_global=5 rank=2 local_index=-1 offset=5982500 count=22500
    part[6] cum=99.6875% share=24.6562% device_global=6 rank=3 local_index=-1 offset=6005000 count=1977500
    part[7] cum=100% share=0.312501% device_global=7 rank=3 local_index=-1 offset=7982500 count=17500
    total=100%
  CURRENT loads:
    part[0] cum=24.5938% share=24.5938% device_global=0 rank=0 local_index=0 offset=0 count=1967500
    part[1] cum=25% share=0.40625% device_global=1 rank=0 local_index=1 offset=1967500 count=32500
    part[2] cum=49.9375% share=24.9375% device_global=2 rank=1 local_index=-1 offset=2000000 count=1995000
    part[3] cum=50.3438% share=0.406253% device_global=3 rank=1 local_index=-1 offset=3995000 count=32500
    part[4] cum=74.7812% share=24.4375% device_global=4 rank=2 local_index=-1 offset=4027500 count=1955000
    part[5] cum=75.0625% share=0.28125% device_global=5 rank=2 local_index=-1 offset=5982500 count=22500
    part[6] cum=99.7812% share=24.7188% device_global=6 rank=3 local_index=-1 offset=6005000 count=1977500
    part[7] cum=100% share=0.218749% device_global=7 rank=3 local_index=-1 offset=7982500 count=17500
    total=100%
[DCL][balance-metrics] iteration=9100
  policy=threshold
  action=skip
  reason=load difference below fixed threshold; diff=0.00387803, threshold=0.1
  T_compute_interval_s=0.944118
  T_comm_interval_s=4.3495
  T_balance_total_s=0.014991
  T_rebalance_apply_s=0
  T_compute_accum_s=14.8022
  T_comm_accum_s=44.4701
  T_balance_accum_s=0.44766
  T_rebalance_apply_accum_s=0.078871
  device_times_s:
    part[0]=0.93461
    part[1]=0.935951
    part[2]=0.944118
    part[3]=0.934426
    part[4]=0.929077
    part[5]=0.717413
    part[6]=0.936931
    part[7]=0.64842
  OLD loads:
    part[0] cum=24.5938% share=24.5938% device_global=0 rank=0 local_index=0 offset=0 count=1967500
    part[1] cum=25% share=0.40625% device_global=1 rank=0 local_index=1 offset=1967500 count=32500
    part[2] cum=49.9375% share=24.9375% device_global=2 rank=1 local_index=-1 offset=2000000 count=1995000
    part[3] cum=50.3438% share=0.406253% device_global=3 rank=1 local_index=-1 offset=3995000 count=32500
    part[4] cum=74.7812% share=24.4375% device_global=4 rank=2 local_index=-1 offset=4027500 count=1955000
    part[5] cum=75.0625% share=0.28125% device_global=5 rank=2 local_index=-1 offset=5982500 count=22500
    part[6] cum=99.7812% share=24.7188% device_global=6 rank=3 local_index=-1 offset=6005000 count=1977500
    part[7] cum=100% share=0.218749% device_global=7 rank=3 local_index=-1 offset=7982500 count=17500
    total=100%
  PROPOSED loads:
    part[0] cum=24.5938% share=24.5938% device_global=0 rank=0 local_index=0 offset=0 count=1967500
    part[1] cum=25% share=0.40625% device_global=1 rank=0 local_index=1 offset=1967500 count=32500
    part[2] cum=49.6875% share=24.6875% device_global=2 rank=1 local_index=-1 offset=2000000 count=1995000
    part[3] cum=50.0938% share=0.406253% device_global=3 rank=1 local_index=-1 offset=3995000 count=32500
    part[4] cum=74.6562% share=24.5625% device_global=4 rank=2 local_index=-1 offset=4027500 count=1955000
    part[5] cum=75.0312% share=0.375003% device_global=5 rank=2 local_index=-1 offset=5982500 count=22500
    part[6] cum=99.6875% share=24.6562% device_global=6 rank=3 local_index=-1 offset=6005000 count=1977500
    part[7] cum=100% share=0.312501% device_global=7 rank=3 local_index=-1 offset=7982500 count=17500
    total=100%
  CURRENT loads:
    part[0] cum=24.5938% share=24.5938% device_global=0 rank=0 local_index=0 offset=0 count=1967500
    part[1] cum=25% share=0.40625% device_global=1 rank=0 local_index=1 offset=1967500 count=32500
    part[2] cum=49.9375% share=24.9375% device_global=2 rank=1 local_index=-1 offset=2000000 count=1995000
    part[3] cum=50.3438% share=0.406253% device_global=3 rank=1 local_index=-1 offset=3995000 count=32500
    part[4] cum=74.7812% share=24.4375% device_global=4 rank=2 local_index=-1 offset=4027500 count=1955000
    part[5] cum=75.0625% share=0.28125% device_global=5 rank=2 local_index=-1 offset=5982500 count=22500
    part[6] cum=99.7812% share=24.7188% device_global=6 rank=3 local_index=-1 offset=6005000 count=1977500
    part[7] cum=100% share=0.218749% device_global=7 rank=3 local_index=-1 offset=7982500 count=17500
    total=100%

=== PARTICOES FINAIS ===
=== Particoes globais ===
part[0] device_global=0 rank=0 local_index=0 offset=0 count=1967500
part[1] device_global=1 rank=0 local_index=1 offset=1967500 count=32500
part[2] device_global=2 rank=1 local_index=-1 offset=2000000 count=1995000
part[3] device_global=3 rank=1 local_index=-1 offset=3995000 count=32500
part[4] device_global=4 rank=2 local_index=-1 offset=4027500 count=1955000
part[5] device_global=5 rank=2 local_index=-1 offset=5982500 count=22500
part[6] device_global=6 rank=3 local_index=-1 offset=6005000 count=1977500
part[7] device_global=7 rank=3 local_index=-1 offset=7982500 count=17500


============================
ITERACAO 10000
Tempo de execução: 56.7342s
