=== Dispositivos locais do rank 2 ===
global=4 local=0 nome="NVIDIA RTX 2000 Ada Generation" compute_units=22
global=5 local=1 nome="Intel(R) Xeon(R) CPU           E5620  @ 2.40GHz" compute_units=16

=== Dispositivos locais do rank 3 ===
global=6 local=0 nome="NVIDIA RTX 2000 Ada Generation" compute_units=22
global=7 local=1 nome="Intel(R) Xeon(R) CPU           E5620  @ 2.40GHz" compute_units=16

=== Dispositivos locais do rank 0 ===
global=0 local=0 nome="NVIDIA RTX 2000 Ada Generation" compute_units=22
global=1 local=1 nome="Intel(R) Xeon(R) CPU           E5620  @ 2.40GHz" compute_units=16

=== Dispositivos locais do rank 1 ===
global=2 local=0 nome="NVIDIA RTX 2000 Ada Generation" compute_units=22
global=3 local=1 nome="Intel(R) Xeon(R) CPU           E5620  @ 2.40GHz" compute_units=16

=== PARTICOES INICIAIS ===
=== Particoes globais ===
part[0] device_global=0 rank=0 local_index=0 offset=0 count=1000000
part[1] device_global=1 rank=0 local_index=1 offset=1000000 count=1000000
part[2] device_global=2 rank=1 local_index=-1 offset=2000000 count=1000000
part[3] device_global=3 rank=1 local_index=-1 offset=3000000 count=1000000
part[4] device_global=4 rank=2 local_index=-1 offset=4000000 count=1000000
part[5] device_global=5 rank=2 local_index=-1 offset=5000000 count=1000000
part[6] device_global=6 rank=3 local_index=-1 offset=6000000 count=1000000
part[7] device_global=7 rank=3 local_index=-1 offset=7000000 count=1000000

X = 50 Y = 50 Z = 3200 Iterations = 10000
[DCL][balance-metrics] iteration=100
  policy=threshold
  action=rebalance
  reason=accepted by fixed threshold; diff=0.248883, threshold=0.1
  T_compute_interval_s=5.40116
  T_comm_interval_s=5.27969
  T_balance_total_s=0.299124
  T_rebalance_apply_s=0.0814877
  T_compute_accum_s=5.40116
  T_comm_accum_s=5.27969
  T_balance_accum_s=0.299124
  T_rebalance_apply_accum_s=0.0814877
  device_times_s:
    part[0]=0.0485854
    part[1]=3.0183
    part[2]=0.0480108
    part[3]=3.05659
    part[4]=0.0495965
    part[5]=4.27718
    part[6]=0.0490068
    part[7]=5.40116
  OLD loads:
    part[0] cum=12.5% share=12.5% device_global=0 rank=0 local_index=0 offset=0 count=1982500
    part[1] cum=25% share=12.5% device_global=1 rank=0 local_index=1 offset=1982500 count=32500
    part[2] cum=37.5% share=12.5% device_global=2 rank=1 local_index=-1 offset=2015000 count=2005000
    part[3] cum=50% share=12.5% device_global=3 rank=1 local_index=-1 offset=4020000 count=32500
    part[4] cum=62.5% share=12.5% device_global=4 rank=2 local_index=-1 offset=4052500 count=1942500
    part[5] cum=75% share=12.5% device_global=5 rank=2 local_index=-1 offset=5995000 count=22500
    part[6] cum=87.5% share=12.5% device_global=6 rank=3 local_index=-1 offset=6017500 count=1965000
    part[7] cum=100% share=12.5% device_global=7 rank=3 local_index=-1 offset=7982500 count=17500
    total=100%
  PROPOSED loads:
    part[0] cum=24.7812% share=24.7812% device_global=0 rank=0 local_index=0 offset=0 count=1982500
    part[1] cum=25.1875% share=0.406252% device_global=1 rank=0 local_index=1 offset=1982500 count=32500
    part[2] cum=50.25% share=25.0625% device_global=2 rank=1 local_index=-1 offset=2015000 count=2005000
    part[3] cum=50.6562% share=0.406247% device_global=3 rank=1 local_index=-1 offset=4020000 count=32500
    part[4] cum=74.9375% share=24.2813% device_global=4 rank=2 local_index=-1 offset=4052500 count=1942500
    part[5] cum=75.2188% share=0.28125% device_global=5 rank=2 local_index=-1 offset=5995000 count=22500
    part[6] cum=99.7812% share=24.5625% device_global=6 rank=3 local_index=-1 offset=6017500 count=1965000
    part[7] cum=100% share=0.218749% device_global=7 rank=3 local_index=-1 offset=7982500 count=17500
    total=100%
  CURRENT loads:
    part[0] cum=24.7812% share=24.7812% device_global=0 rank=0 local_index=0 offset=0 count=1982500
    part[1] cum=25.1875% share=0.406252% device_global=1 rank=0 local_index=1 offset=1982500 count=32500
    part[2] cum=50.25% share=25.0625% device_global=2 rank=1 local_index=-1 offset=2015000 count=2005000
    part[3] cum=50.6562% share=0.406247% device_global=3 rank=1 local_index=-1 offset=4020000 count=32500
    part[4] cum=74.9375% share=24.2813% device_global=4 rank=2 local_index=-1 offset=4052500 count=1942500
    part[5] cum=75.2188% share=0.28125% device_global=5 rank=2 local_index=-1 offset=5995000 count=22500
    part[6] cum=99.7812% share=24.5625% device_global=6 rank=3 local_index=-1 offset=6017500 count=1965000
    part[7] cum=100% share=0.218749% device_global=7 rank=3 local_index=-1 offset=7982500 count=17500
    total=100%
[DCL][balance-metrics] iteration=1100
  policy=threshold
  action=skip
  reason=load difference below fixed threshold; diff=0.00649518, threshold=0.1
  T_compute_interval_s=1.42439
  T_comm_interval_s=4.1636
  T_balance_total_s=0.0178064
  T_rebalance_apply_s=0
  T_compute_accum_s=6.82555
  T_comm_accum_s=9.44329
  T_balance_accum_s=0.316931
  T_rebalance_apply_accum_s=0.0814877
  device_times_s:
    part[0]=0.941572
    part[1]=0.97893
    part[2]=0.952859
    part[3]=1.16365
    part[4]=0.923619
    part[5]=1.42439
    part[6]=0.931797
    part[7]=1.35954
  OLD loads:
    part[0] cum=24.7812% share=24.7812% device_global=0 rank=0 local_index=0 offset=0 count=1982500
    part[1] cum=25.1875% share=0.406252% device_global=1 rank=0 local_index=1 offset=1982500 count=32500
    part[2] cum=50.25% share=25.0625% device_global=2 rank=1 local_index=-1 offset=2015000 count=2005000
    part[3] cum=50.6562% share=0.406247% device_global=3 rank=1 local_index=-1 offset=4020000 count=32500
    part[4] cum=74.9375% share=24.2813% device_global=4 rank=2 local_index=-1 offset=4052500 count=1942500
    part[5] cum=75.2188% share=0.28125% device_global=5 rank=2 local_index=-1 offset=5995000 count=22500
    part[6] cum=99.7812% share=24.5625% device_global=6 rank=3 local_index=-1 offset=6017500 count=1965000
    part[7] cum=100% share=0.218749% device_global=7 rank=3 local_index=-1 offset=7982500 count=17500
    total=100%
  PROPOSED loads:
    part[0] cum=24.75% share=24.75% device_global=0 rank=0 local_index=0 offset=0 count=1982500
    part[1] cum=25.125% share=0.375% device_global=1 rank=0 local_index=1 offset=1982500 count=32500
    part[2] cum=49.8438% share=24.7188% device_global=2 rank=1 local_index=-1 offset=2015000 count=2005000
    part[3] cum=50.1875% share=0.343749% device_global=3 rank=1 local_index=-1 offset=4020000 count=32500
    part[4] cum=74.875% share=24.6875% device_global=4 rank=2 local_index=-1 offset=4052500 count=1942500
    part[5] cum=75.0625% share=0.187504% device_global=5 rank=2 local_index=-1 offset=5995000 count=22500
    part[6] cum=99.8438% share=24.7812% device_global=6 rank=3 local_index=-1 offset=6017500 count=1965000
    part[7] cum=100% share=0.156248% device_global=7 rank=3 local_index=-1 offset=7982500 count=17500
    total=100%
  CURRENT loads:
    part[0] cum=24.7812% share=24.7812% device_global=0 rank=0 local_index=0 offset=0 count=1982500
    part[1] cum=25.1875% share=0.406252% device_global=1 rank=0 local_index=1 offset=1982500 count=32500
    part[2] cum=50.25% share=25.0625% device_global=2 rank=1 local_index=-1 offset=2015000 count=2005000
    part[3] cum=50.6562% share=0.406247% device_global=3 rank=1 local_index=-1 offset=4020000 count=32500
    part[4] cum=74.9375% share=24.2813% device_global=4 rank=2 local_index=-1 offset=4052500 count=1942500
    part[5] cum=75.2188% share=0.28125% device_global=5 rank=2 local_index=-1 offset=5995000 count=22500
    part[6] cum=99.7812% share=24.5625% device_global=6 rank=3 local_index=-1 offset=6017500 count=1965000
    part[7] cum=100% share=0.218749% device_global=7 rank=3 local_index=-1 offset=7982500 count=17500
    total=100%
[DCL][balance-metrics] iteration=2100
  policy=threshold
  action=skip
  reason=load difference below fixed threshold; diff=0.0062108, threshold=0.1
  T_compute_interval_s=1.25804
  T_comm_interval_s=4.26476
  T_balance_total_s=0.0165689
  T_rebalance_apply_s=0
  T_compute_accum_s=8.08359
  T_comm_accum_s=13.7081
  T_balance_accum_s=0.3335
  T_rebalance_apply_accum_s=0.0814877
  device_times_s:
    part[0]=0.940421
    part[1]=0.949317
    part[2]=0.950005
    part[3]=0.988688
    part[4]=0.924186
    part[5]=1.05333
    part[6]=0.931551
    part[7]=1.25804
  OLD loads:
    part[0] cum=24.7812% share=24.7812% device_global=0 rank=0 local_index=0 offset=0 count=1982500
    part[1] cum=25.1875% share=0.406252% device_global=1 rank=0 local_index=1 offset=1982500 count=32500
    part[2] cum=50.25% share=25.0625% device_global=2 rank=1 local_index=-1 offset=2015000 count=2005000
    part[3] cum=50.6562% share=0.406247% device_global=3 rank=1 local_index=-1 offset=4020000 count=32500
    part[4] cum=74.9375% share=24.2813% device_global=4 rank=2 local_index=-1 offset=4052500 count=1942500
    part[5] cum=75.2188% share=0.28125% device_global=5 rank=2 local_index=-1 offset=5995000 count=22500
    part[6] cum=99.7812% share=24.5625% device_global=6 rank=3 local_index=-1 offset=6017500 count=1965000
    part[7] cum=100% share=0.218749% device_global=7 rank=3 local_index=-1 offset=7982500 count=17500
    total=100%
  PROPOSED loads:
    part[0] cum=24.7188% share=24.7188% device_global=0 rank=0 local_index=0 offset=0 count=1982500
    part[1] cum=25.0938% share=0.375% device_global=1 rank=0 local_index=1 offset=1982500 count=32500
    part[2] cum=49.8438% share=24.75% device_global=2 rank=1 local_index=-1 offset=2015000 count=2005000
    part[3] cum=50.2188% share=0.375% device_global=3 rank=1 local_index=-1 offset=4020000 count=32500
    part[4] cum=74.875% share=24.6562% device_global=4 rank=2 local_index=-1 offset=4052500 count=1942500
    part[5] cum=75.125% share=0.250006% device_global=5 rank=2 local_index=-1 offset=5995000 count=22500
    part[6] cum=99.8438% share=24.7188% device_global=6 rank=3 local_index=-1 offset=6017500 count=1965000
    part[7] cum=100% share=0.156248% device_global=7 rank=3 local_index=-1 offset=7982500 count=17500
    total=100%
  CURRENT loads:
    part[0] cum=24.7812% share=24.7812% device_global=0 rank=0 local_index=0 offset=0 count=1982500
    part[1] cum=25.1875% share=0.406252% device_global=1 rank=0 local_index=1 offset=1982500 count=32500
    part[2] cum=50.25% share=25.0625% device_global=2 rank=1 local_index=-1 offset=2015000 count=2005000
    part[3] cum=50.6562% share=0.406247% device_global=3 rank=1 local_index=-1 offset=4020000 count=32500
    part[4] cum=74.9375% share=24.2813% device_global=4 rank=2 local_index=-1 offset=4052500 count=1942500
    part[5] cum=75.2188% share=0.28125% device_global=5 rank=2 local_index=-1 offset=5995000 count=22500
    part[6] cum=99.7812% share=24.5625% device_global=6 rank=3 local_index=-1 offset=6017500 count=1965000
    part[7] cum=100% share=0.218749% device_global=7 rank=3 local_index=-1 offset=7982500 count=17500
    total=100%
[DCL][balance-metrics] iteration=3100
  policy=threshold
  action=skip
  reason=load difference below fixed threshold; diff=0.00652518, threshold=0.1
  T_compute_interval_s=1.04901
  T_comm_interval_s=4.33841
  T_balance_total_s=0.0159374
  T_rebalance_apply_s=0
  T_compute_accum_s=9.1326
  T_comm_accum_s=18.0465
  T_balance_accum_s=0.349437
  T_rebalance_apply_accum_s=0.0814877
  device_times_s:
    part[0]=0.939687
    part[1]=0.932532
    part[2]=0.949966
    part[3]=0.962997
    part[4]=0.924514
    part[5]=0.883628
    part[6]=0.931598
    part[7]=1.04901
  OLD loads:
    part[0] cum=24.7812% share=24.7812% device_global=0 rank=0 local_index=0 offset=0 count=1982500
    part[1] cum=25.1875% share=0.406252% device_global=1 rank=0 local_index=1 offset=1982500 count=32500
    part[2] cum=50.25% share=25.0625% device_global=2 rank=1 local_index=-1 offset=2015000 count=2005000
    part[3] cum=50.6562% share=0.406247% device_global=3 rank=1 local_index=-1 offset=4020000 count=32500
    part[4] cum=74.9375% share=24.2813% device_global=4 rank=2 local_index=-1 offset=4052500 count=1942500
    part[5] cum=75.2188% share=0.28125% device_global=5 rank=2 local_index=-1 offset=5995000 count=22500
    part[6] cum=99.7812% share=24.5625% device_global=6 rank=3 local_index=-1 offset=6017500 count=1965000
    part[7] cum=100% share=0.218749% device_global=7 rank=3 local_index=-1 offset=7982500 count=17500
    total=100%
  PROPOSED loads:
    part[0] cum=24.6875% share=24.6875% device_global=0 rank=0 local_index=0 offset=0 count=1982500
    part[1] cum=25.0938% share=0.406249% device_global=1 rank=0 local_index=1 offset=1982500 count=32500
    part[2] cum=49.8125% share=24.7188% device_global=2 rank=1 local_index=-1 offset=2015000 count=2005000
    part[3] cum=50.2188% share=0.40625% device_global=3 rank=1 local_index=-1 offset=4020000 count=32500
    part[4] cum=74.8125% share=24.5938% device_global=4 rank=2 local_index=-1 offset=4052500 count=1942500
    part[5] cum=75.125% share=0.312501% device_global=5 rank=2 local_index=-1 offset=5995000 count=22500
    part[6] cum=99.8125% share=24.6875% device_global=6 rank=3 local_index=-1 offset=6017500 count=1965000
    part[7] cum=100% share=0.187498% device_global=7 rank=3 local_index=-1 offset=7982500 count=17500
    total=100%
  CURRENT loads:
    part[0] cum=24.7812% share=24.7812% device_global=0 rank=0 local_index=0 offset=0 count=1982500
    part[1] cum=25.1875% share=0.406252% device_global=1 rank=0 local_index=1 offset=1982500 count=32500
    part[2] cum=50.25% share=25.0625% device_global=2 rank=1 local_index=-1 offset=2015000 count=2005000
    part[3] cum=50.6562% share=0.406247% device_global=3 rank=1 local_index=-1 offset=4020000 count=32500
    part[4] cum=74.9375% share=24.2813% device_global=4 rank=2 local_index=-1 offset=4052500 count=1942500
    part[5] cum=75.2188% share=0.28125% device_global=5 rank=2 local_index=-1 offset=5995000 count=22500
    part[6] cum=99.7812% share=24.5625% device_global=6 rank=3 local_index=-1 offset=6017500 count=1965000
    part[7] cum=100% share=0.218749% device_global=7 rank=3 local_index=-1 offset=7982500 count=17500
    total=100%
[DCL][balance-metrics] iteration=4100
  policy=threshold
  action=skip
  reason=load difference below fixed threshold; diff=0.00722812, threshold=0.1
  T_compute_interval_s=0.949475
  T_comm_interval_s=4.34873
  T_balance_total_s=0.0176895
  T_rebalance_apply_s=0
  T_compute_accum_s=10.0821
  T_comm_accum_s=22.3952
  T_balance_accum_s=0.367126
  T_rebalance_apply_accum_s=0.0814877
  device_times_s:
    part[0]=0.940155
    part[1]=0.932472
    part[2]=0.949475
    part[3]=0.948709
    part[4]=0.924193
    part[5]=0.817407
    part[6]=0.931363
    part[7]=0.850982
  OLD loads:
    part[0] cum=24.7812% share=24.7812% device_global=0 rank=0 local_index=0 offset=0 count=1982500
    part[1] cum=25.1875% share=0.406252% device_global=1 rank=0 local_index=1 offset=1982500 count=32500
    part[2] cum=50.25% share=25.0625% device_global=2 rank=1 local_index=-1 offset=2015000 count=2005000
    part[3] cum=50.6562% share=0.406247% device_global=3 rank=1 local_index=-1 offset=4020000 count=32500
    part[4] cum=74.9375% share=24.2813% device_global=4 rank=2 local_index=-1 offset=4052500 count=1942500
    part[5] cum=75.2188% share=0.28125% device_global=5 rank=2 local_index=-1 offset=5995000 count=22500
    part[6] cum=99.7812% share=24.5625% device_global=6 rank=3 local_index=-1 offset=6017500 count=1965000
    part[7] cum=100% share=0.218749% device_global=7 rank=3 local_index=-1 offset=7982500 count=17500
    total=100%
  PROPOSED loads:
    part[0] cum=24.6562% share=24.6562% device_global=0 rank=0 local_index=0 offset=0 count=1982500
    part[1] cum=25.0625% share=0.406252% device_global=1 rank=0 local_index=1 offset=1982500 count=32500
    part[2] cum=49.7812% share=24.7188% device_global=2 rank=1 local_index=-1 offset=2015000 count=2005000
    part[3] cum=50.1875% share=0.406247% device_global=3 rank=1 local_index=-1 offset=4020000 count=32500
    part[4] cum=74.75% share=24.5625% device_global=4 rank=2 local_index=-1 offset=4052500 count=1942500
    part[5] cum=75.0938% share=0.343752% device_global=5 rank=2 local_index=-1 offset=5995000 count=22500
    part[6] cum=99.75% share=24.6562% device_global=6 rank=3 local_index=-1 offset=6017500 count=1965000
    part[7] cum=100% share=0.25% device_global=7 rank=3 local_index=-1 offset=7982500 count=17500
    total=100%
  CURRENT loads:
    part[0] cum=24.7812% share=24.7812% device_global=0 rank=0 local_index=0 offset=0 count=1982500
    part[1] cum=25.1875% share=0.406252% device_global=1 rank=0 local_index=1 offset=1982500 count=32500
    part[2] cum=50.25% share=25.0625% device_global=2 rank=1 local_index=-1 offset=2015000 count=2005000
    part[3] cum=50.6562% share=0.406247% device_global=3 rank=1 local_index=-1 offset=4020000 count=32500
    part[4] cum=74.9375% share=24.2813% device_global=4 rank=2 local_index=-1 offset=4052500 count=1942500
    part[5] cum=75.2188% share=0.28125% device_global=5 rank=2 local_index=-1 offset=5995000 count=22500
    part[6] cum=99.7812% share=24.5625% device_global=6 rank=3 local_index=-1 offset=6017500 count=1965000
    part[7] cum=100% share=0.218749% device_global=7 rank=3 local_index=-1 offset=7982500 count=17500
    total=100%
[DCL][balance-metrics] iteration=5100
  policy=threshold
  action=skip
  reason=load difference below fixed threshold; diff=0.00830329, threshold=0.1
  T_compute_interval_s=0.949811
  T_comm_interval_s=4.38135
  T_balance_total_s=0.0151997
  T_rebalance_apply_s=0
  T_compute_accum_s=11.0319
  T_comm_accum_s=26.7765
  T_balance_accum_s=0.382326
  T_rebalance_apply_accum_s=0.0814877
  device_times_s:
    part[0]=0.94101
    part[1]=0.935874
    part[2]=0.949811
    part[3]=0.944419
    part[4]=0.924086
    part[5]=0.773085
    part[6]=0.931514
    part[7]=0.766437
  OLD loads:
    part[0] cum=24.7812% share=24.7812% device_global=0 rank=0 local_index=0 offset=0 count=1982500
    part[1] cum=25.1875% share=0.406252% device_global=1 rank=0 local_index=1 offset=1982500 count=32500
    part[2] cum=50.25% share=25.0625% device_global=2 rank=1 local_index=-1 offset=2015000 count=2005000
    part[3] cum=50.6562% share=0.406247% device_global=3 rank=1 local_index=-1 offset=4020000 count=32500
    part[4] cum=74.9375% share=24.2813% device_global=4 rank=2 local_index=-1 offset=4052500 count=1942500
    part[5] cum=75.2188% share=0.28125% device_global=5 rank=2 local_index=-1 offset=5995000 count=22500
    part[6] cum=99.7812% share=24.5625% device_global=6 rank=3 local_index=-1 offset=6017500 count=1965000
    part[7] cum=100% share=0.218749% device_global=7 rank=3 local_index=-1 offset=7982500 count=17500
    total=100%
  PROPOSED loads:
    part[0] cum=24.625% share=24.625% device_global=0 rank=0 local_index=0 offset=0 count=1982500
    part[1] cum=25.0312% share=0.40625% device_global=1 rank=0 local_index=1 offset=1982500 count=32500
    part[2] cum=49.7188% share=24.6875% device_global=2 rank=1 local_index=-1 offset=2015000 count=2005000
    part[3] cum=50.125% share=0.406253% device_global=3 rank=1 local_index=-1 offset=4020000 count=32500
    part[4] cum=74.7188% share=24.5937% device_global=4 rank=2 local_index=-1 offset=4052500 count=1942500
    part[5] cum=75.0625% share=0.343752% device_global=5 rank=2 local_index=-1 offset=5995000 count=22500
    part[6] cum=99.7188% share=24.6562% device_global=6 rank=3 local_index=-1 offset=6017500 count=1965000
    part[7] cum=100% share=0.28125% device_global=7 rank=3 local_index=-1 offset=7982500 count=17500
    total=100%
  CURRENT loads:
    part[0] cum=24.7812% share=24.7812% device_global=0 rank=0 local_index=0 offset=0 count=1982500
    part[1] cum=25.1875% share=0.406252% device_global=1 rank=0 local_index=1 offset=1982500 count=32500
    part[2] cum=50.25% share=25.0625% device_global=2 rank=1 local_index=-1 offset=2015000 count=2005000
    part[3] cum=50.6562% share=0.406247% device_global=3 rank=1 local_index=-1 offset=4020000 count=32500
    part[4] cum=74.9375% share=24.2813% device_global=4 rank=2 local_index=-1 offset=4052500 count=1942500
    part[5] cum=75.2188% share=0.28125% device_global=5 rank=2 local_index=-1 offset=5995000 count=22500
    part[6] cum=99.7812% share=24.5625% device_global=6 rank=3 local_index=-1 offset=6017500 count=1965000
    part[7] cum=100% share=0.218749% device_global=7 rank=3 local_index=-1 offset=7982500 count=17500
    total=100%
[DCL][balance-metrics] iteration=6100
  policy=threshold
  action=skip
  reason=load difference below fixed threshold; diff=0.00779371, threshold=0.1
  T_compute_interval_s=0.94955
  T_comm_interval_s=4.36858
  T_balance_total_s=0.0148224
  T_rebalance_apply_s=0
  T_compute_accum_s=11.9814
  T_comm_accum_s=31.1451
  T_balance_accum_s=0.397149
  T_rebalance_apply_accum_s=0.0814877
  device_times_s:
    part[0]=0.939773
    part[1]=0.937938
    part[2]=0.94955
    part[3]=0.931861
    part[4]=0.924539
    part[5]=0.763713
    part[6]=0.931699
    part[7]=0.726743
  OLD loads:
    part[0] cum=24.7812% share=24.7812% device_global=0 rank=0 local_index=0 offset=0 count=1982500
    part[1] cum=25.1875% share=0.406252% device_global=1 rank=0 local_index=1 offset=1982500 count=32500
    part[2] cum=50.25% share=25.0625% device_global=2 rank=1 local_index=-1 offset=2015000 count=2005000
    part[3] cum=50.6562% share=0.406247% device_global=3 rank=1 local_index=-1 offset=4020000 count=32500
    part[4] cum=74.9375% share=24.2813% device_global=4 rank=2 local_index=-1 offset=4052500 count=1942500
    part[5] cum=75.2188% share=0.28125% device_global=5 rank=2 local_index=-1 offset=5995000 count=22500
    part[6] cum=99.7812% share=24.5625% device_global=6 rank=3 local_index=-1 offset=6017500 count=1965000
    part[7] cum=100% share=0.218749% device_global=7 rank=3 local_index=-1 offset=7982500 count=17500
    total=100%
  PROPOSED loads:
    part[0] cum=24.6562% share=24.6562% device_global=0 rank=0 local_index=0 offset=0 count=1982500
    part[1] cum=25.0625% share=0.406252% device_global=1 rank=0 local_index=1 offset=1982500 count=32500
    part[2] cum=49.75% share=24.6875% device_global=2 rank=1 local_index=-1 offset=2015000 count=2005000
    part[3] cum=50.1562% share=0.406247% device_global=3 rank=1 local_index=-1 offset=4020000 count=32500
    part[4] cum=74.7188% share=24.5625% device_global=4 rank=2 local_index=-1 offset=4052500 count=1942500
    part[5] cum=75.0625% share=0.343752% device_global=5 rank=2 local_index=-1 offset=5995000 count=22500
    part[6] cum=99.7188% share=24.6562% device_global=6 rank=3 local_index=-1 offset=6017500 count=1965000
    part[7] cum=100% share=0.28125% device_global=7 rank=3 local_index=-1 offset=7982500 count=17500
    total=100%
  CURRENT loads:
    part[0] cum=24.7812% share=24.7812% device_global=0 rank=0 local_index=0 offset=0 count=1982500
    part[1] cum=25.1875% share=0.406252% device_global=1 rank=0 local_index=1 offset=1982500 count=32500
    part[2] cum=50.25% share=25.0625% device_global=2 rank=1 local_index=-1 offset=2015000 count=2005000
    part[3] cum=50.6562% share=0.406247% device_global=3 rank=1 local_index=-1 offset=4020000 count=32500
    part[4] cum=74.9375% share=24.2813% device_global=4 rank=2 local_index=-1 offset=4052500 count=1942500
    part[5] cum=75.2188% share=0.28125% device_global=5 rank=2 local_index=-1 offset=5995000 count=22500
    part[6] cum=99.7812% share=24.5625% device_global=6 rank=3 local_index=-1 offset=6017500 count=1965000
    part[7] cum=100% share=0.218749% device_global=7 rank=3 local_index=-1 offset=7982500 count=17500
    total=100%
[DCL][balance-metrics] iteration=7100
  policy=threshold
  action=skip
  reason=load difference below fixed threshold; diff=0.00845481, threshold=0.1
  T_compute_interval_s=0.949784
  T_comm_interval_s=4.3792
  T_balance_total_s=0.0166241
  T_rebalance_apply_s=0
  T_compute_accum_s=12.9312
  T_comm_accum_s=35.5243
  T_balance_accum_s=0.413773
  T_rebalance_apply_accum_s=0.0814877
  device_times_s:
    part[0]=0.940666
    part[1]=0.932865
    part[2]=0.949784
    part[3]=0.933411
    part[4]=0.924553
    part[5]=0.742791
    part[6]=0.931517
    part[7]=0.692799
  OLD loads:
    part[0] cum=24.7812% share=24.7812% device_global=0 rank=0 local_index=0 offset=0 count=1982500
    part[1] cum=25.1875% share=0.406252% device_global=1 rank=0 local_index=1 offset=1982500 count=32500
    part[2] cum=50.25% share=25.0625% device_global=2 rank=1 local_index=-1 offset=2015000 count=2005000
    part[3] cum=50.6562% share=0.406247% device_global=3 rank=1 local_index=-1 offset=4020000 count=32500
    part[4] cum=74.9375% share=24.2813% device_global=4 rank=2 local_index=-1 offset=4052500 count=1942500
    part[5] cum=75.2188% share=0.28125% device_global=5 rank=2 local_index=-1 offset=5995000 count=22500
    part[6] cum=99.7812% share=24.5625% device_global=6 rank=3 local_index=-1 offset=6017500 count=1965000
    part[7] cum=100% share=0.218749% device_global=7 rank=3 local_index=-1 offset=7982500 count=17500
    total=100%
  PROPOSED loads:
    part[0] cum=24.625% share=24.625% device_global=0 rank=0 local_index=0 offset=0 count=1982500
    part[1] cum=25.0312% share=0.40625% device_global=1 rank=0 local_index=1 offset=1982500 count=32500
    part[2] cum=49.7188% share=24.6875% device_global=2 rank=1 local_index=-1 offset=2015000 count=2005000
    part[3] cum=50.125% share=0.406253% device_global=3 rank=1 local_index=-1 offset=4020000 count=32500
    part[4] cum=74.6875% share=24.5625% device_global=4 rank=2 local_index=-1 offset=4052500 count=1942500
    part[5] cum=75.0312% share=0.343752% device_global=5 rank=2 local_index=-1 offset=5995000 count=22500
    part[6] cum=99.7188% share=24.6875% device_global=6 rank=3 local_index=-1 offset=6017500 count=1965000
    part[7] cum=100% share=0.28125% device_global=7 rank=3 local_index=-1 offset=7982500 count=17500
    total=100%
  CURRENT loads:
    part[0] cum=24.7812% share=24.7812% device_global=0 rank=0 local_index=0 offset=0 count=1982500
    part[1] cum=25.1875% share=0.406252% device_global=1 rank=0 local_index=1 offset=1982500 count=32500
    part[2] cum=50.25% share=25.0625% device_global=2 rank=1 local_index=-1 offset=2015000 count=2005000
    part[3] cum=50.6562% share=0.406247% device_global=3 rank=1 local_index=-1 offset=4020000 count=32500
    part[4] cum=74.9375% share=24.2813% device_global=4 rank=2 local_index=-1 offset=4052500 count=1942500
    part[5] cum=75.2188% share=0.28125% device_global=5 rank=2 local_index=-1 offset=5995000 count=22500
    part[6] cum=99.7812% share=24.5625% device_global=6 rank=3 local_index=-1 offset=6017500 count=1965000
    part[7] cum=100% share=0.218749% device_global=7 rank=3 local_index=-1 offset=7982500 count=17500
    total=100%
[DCL][balance-metrics] iteration=8100
  policy=threshold
  action=skip
  reason=load difference below fixed threshold; diff=0.00848363, threshold=0.1
  T_compute_interval_s=0.949697
  T_comm_interval_s=4.36767
  T_balance_total_s=0.0151015
  T_rebalance_apply_s=0
  T_compute_accum_s=13.8809
  T_comm_accum_s=39.892
  T_balance_accum_s=0.428874
  T_rebalance_apply_accum_s=0.0814877
  device_times_s:
    part[0]=0.940227
    part[1]=0.936473
    part[2]=0.949697
    part[3]=0.926353
    part[4]=0.924261
    part[5]=0.730293
    part[6]=0.931248
    part[7]=0.6615
  OLD loads:
    part[0] cum=24.7812% share=24.7812% device_global=0 rank=0 local_index=0 offset=0 count=1982500
    part[1] cum=25.1875% share=0.406252% device_global=1 rank=0 local_index=1 offset=1982500 count=32500
    part[2] cum=50.25% share=25.0625% device_global=2 rank=1 local_index=-1 offset=2015000 count=2005000
    part[3] cum=50.6562% share=0.406247% device_global=3 rank=1 local_index=-1 offset=4020000 count=32500
    part[4] cum=74.9375% share=24.2813% device_global=4 rank=2 local_index=-1 offset=4052500 count=1942500
    part[5] cum=75.2188% share=0.28125% device_global=5 rank=2 local_index=-1 offset=5995000 count=22500
    part[6] cum=99.7812% share=24.5625% device_global=6 rank=3 local_index=-1 offset=6017500 count=1965000
    part[7] cum=100% share=0.218749% device_global=7 rank=3 local_index=-1 offset=7982500 count=17500
    total=100%
  PROPOSED loads:
    part[0] cum=24.625% share=24.625% device_global=0 rank=0 local_index=0 offset=0 count=1982500
    part[1] cum=25.0312% share=0.40625% device_global=1 rank=0 local_index=1 offset=1982500 count=32500
    part[2] cum=49.7188% share=24.6875% device_global=2 rank=1 local_index=-1 offset=2015000 count=2005000
    part[3] cum=50.125% share=0.406253% device_global=3 rank=1 local_index=-1 offset=4020000 count=32500
    part[4] cum=74.6875% share=24.5625% device_global=4 rank=2 local_index=-1 offset=4052500 count=1942500
    part[5] cum=75.0312% share=0.343752% device_global=5 rank=2 local_index=-1 offset=5995000 count=22500
    part[6] cum=99.6875% share=24.6562% device_global=6 rank=3 local_index=-1 offset=6017500 count=1965000
    part[7] cum=100% share=0.312501% device_global=7 rank=3 local_index=-1 offset=7982500 count=17500
    total=100%
  CURRENT loads:
    part[0] cum=24.7812% share=24.7812% device_global=0 rank=0 local_index=0 offset=0 count=1982500
    part[1] cum=25.1875% share=0.406252% device_global=1 rank=0 local_index=1 offset=1982500 count=32500
    part[2] cum=50.25% share=25.0625% device_global=2 rank=1 local_index=-1 offset=2015000 count=2005000
    part[3] cum=50.6562% share=0.406247% device_global=3 rank=1 local_index=-1 offset=4020000 count=32500
    part[4] cum=74.9375% share=24.2813% device_global=4 rank=2 local_index=-1 offset=4052500 count=1942500
    part[5] cum=75.2188% share=0.28125% device_global=5 rank=2 local_index=-1 offset=5995000 count=22500
    part[6] cum=99.7812% share=24.5625% device_global=6 rank=3 local_index=-1 offset=6017500 count=1965000
    part[7] cum=100% share=0.218749% device_global=7 rank=3 local_index=-1 offset=7982500 count=17500
    total=100%
[DCL][balance-metrics] iteration=9100
  policy=threshold
  action=skip
  reason=load difference below fixed threshold; diff=0.00858092, threshold=0.1
  T_compute_interval_s=0.949642
  T_comm_interval_s=4.27931
  T_balance_total_s=0.0153598
  T_rebalance_apply_s=0
  T_compute_accum_s=14.8306
  T_comm_accum_s=44.1713
  T_balance_accum_s=0.444234
  T_rebalance_apply_accum_s=0.0814877
  device_times_s:
    part[0]=0.940044
    part[1]=0.938377
    part[2]=0.949642
    part[3]=0.925153
    part[4]=0.924232
    part[5]=0.718794
    part[6]=0.931378
    part[7]=0.641192
  OLD loads:
    part[0] cum=24.7812% share=24.7812% device_global=0 rank=0 local_index=0 offset=0 count=1982500
    part[1] cum=25.1875% share=0.406252% device_global=1 rank=0 local_index=1 offset=1982500 count=32500
    part[2] cum=50.25% share=25.0625% device_global=2 rank=1 local_index=-1 offset=2015000 count=2005000
    part[3] cum=50.6562% share=0.406247% device_global=3 rank=1 local_index=-1 offset=4020000 count=32500
    part[4] cum=74.9375% share=24.2813% device_global=4 rank=2 local_index=-1 offset=4052500 count=1942500
    part[5] cum=75.2188% share=0.28125% device_global=5 rank=2 local_index=-1 offset=5995000 count=22500
    part[6] cum=99.7812% share=24.5625% device_global=6 rank=3 local_index=-1 offset=6017500 count=1965000
    part[7] cum=100% share=0.218749% device_global=7 rank=3 local_index=-1 offset=7982500 count=17500
    total=100%
  PROPOSED loads:
    part[0] cum=24.625% share=24.625% device_global=0 rank=0 local_index=0 offset=0 count=1982500
    part[1] cum=25.0312% share=0.40625% device_global=1 rank=0 local_index=1 offset=1982500 count=32500
    part[2] cum=49.7188% share=24.6875% device_global=2 rank=1 local_index=-1 offset=2015000 count=2005000
    part[3] cum=50.125% share=0.406253% device_global=3 rank=1 local_index=-1 offset=4020000 count=32500
    part[4] cum=74.6562% share=24.5312% device_global=4 rank=2 local_index=-1 offset=4052500 count=1942500
    part[5] cum=75.0312% share=0.375003% device_global=5 rank=2 local_index=-1 offset=5995000 count=22500
    part[6] cum=99.6875% share=24.6562% device_global=6 rank=3 local_index=-1 offset=6017500 count=1965000
    part[7] cum=100% share=0.312501% device_global=7 rank=3 local_index=-1 offset=7982500 count=17500
    total=100%
  CURRENT loads:
    part[0] cum=24.7812% share=24.7812% device_global=0 rank=0 local_index=0 offset=0 count=1982500
    part[1] cum=25.1875% share=0.406252% device_global=1 rank=0 local_index=1 offset=1982500 count=32500
    part[2] cum=50.25% share=25.0625% device_global=2 rank=1 local_index=-1 offset=2015000 count=2005000
    part[3] cum=50.6562% share=0.406247% device_global=3 rank=1 local_index=-1 offset=4020000 count=32500
    part[4] cum=74.9375% share=24.2813% device_global=4 rank=2 local_index=-1 offset=4052500 count=1942500
    part[5] cum=75.2188% share=0.28125% device_global=5 rank=2 local_index=-1 offset=5995000 count=22500
    part[6] cum=99.7812% share=24.5625% device_global=6 rank=3 local_index=-1 offset=6017500 count=1965000
    part[7] cum=100% share=0.218749% device_global=7 rank=3 local_index=-1 offset=7982500 count=17500
    total=100%

=== PARTICOES FINAIS ===
=== Particoes globais ===
part[0] device_global=0 rank=0 local_index=0 offset=0 count=1982500
part[1] device_global=1 rank=0 local_index=1 offset=1982500 count=32500
part[2] device_global=2 rank=1 local_index=-1 offset=2015000 count=2005000
part[3] device_global=3 rank=1 local_index=-1 offset=4020000 count=32500
part[4] device_global=4 rank=2 local_index=-1 offset=4052500 count=1942500
part[5] device_global=5 rank=2 local_index=-1 offset=5995000 count=22500
part[6] device_global=6 rank=3 local_index=-1 offset=6017500 count=1965000
part[7] device_global=7 rank=3 local_index=-1 offset=7982500 count=17500


============================
ITERACAO 10000
Tempo de execução: 56.3274s
