=== Dispositivos locais do rank 0 ===
global=0 local=0 nome="NVIDIA RTX 2000 Ada Generation" compute_units=22
global=1 local=1 nome="Intel(R) Xeon(R) CPU           E5620  @ 2.40GHz" compute_units=16

=== Dispositivos locais do rank 1 ===
global=2 local=0 nome="NVIDIA RTX 2000 Ada Generation" compute_units=22
global=3 local=1 nome="Intel(R) Xeon(R) CPU           E5620  @ 2.40GHz" compute_units=16

=== Dispositivos locais do rank 3 ===
global=6 local=0 nome="NVIDIA RTX 2000 Ada Generation" compute_units=22
global=7 local=1 nome="Intel(R) Xeon(R) CPU           E5620  @ 2.40GHz" compute_units=16

=== Dispositivos locais do rank 2 ===
global=4 local=0 nome="NVIDIA RTX 2000 Ada Generation" compute_units=22
global=5 local=1 nome="Intel(R) Xeon(R) CPU           E5620  @ 2.40GHz" compute_units=16

=== PARTICOES INICIAIS ===
=== Particoes globais ===
part[0] device_global=0 rank=0 local_index=0 offset=0 count=1000000
part[1] device_global=1 rank=0 local_index=1 offset=1000000 count=1000000
part[2] device_global=2 rank=1 local_index=-1 offset=2000000 count=1000000
part[3] device_global=3 rank=1 local_index=-1 offset=3000000 count=1000000
part[4] device_global=4 rank=2 local_index=-1 offset=4000000 count=1000000
part[5] device_global=5 rank=2 local_index=-1 offset=5000000 count=1000000
part[6] device_global=6 rank=3 local_index=-1 offset=6000000 count=1000000
part[7] device_global=7 rank=3 local_index=-1 offset=7000000 count=1000000

X = 50 Y = 50 Z = 3200 Iterations = 10000
[DCL][balance-metrics] iteration=100
  policy=threshold
  action=rebalance
  reason=accepted by fixed threshold; diff=0.247576, threshold=0.1
  T_compute_interval_s=5.41417
  T_comm_interval_s=5.15202
  T_balance_total_s=0.289877
  T_rebalance_apply_s=0.0711759
  T_compute_accum_s=5.41417
  T_comm_accum_s=5.15202
  T_balance_accum_s=0.289877
  T_rebalance_apply_accum_s=0.0711759
  device_times_s:
    part[0]=0.0486373
    part[1]=3.02064
    part[2]=0.0480887
    part[3]=3.05606
    part[4]=0.0492416
    part[5]=4.27681
    part[6]=0.0488717
    part[7]=5.41417
  OLD loads:
    part[0] cum=12.5% share=12.5% device_global=0 rank=0 local_index=0 offset=0 count=1977500
    part[1] cum=25% share=12.5% device_global=1 rank=0 local_index=1 offset=1977500 count=30000
    part[2] cum=37.5% share=12.5% device_global=2 rank=1 local_index=-1 offset=2007500 count=2000000
    part[3] cum=50% share=12.5% device_global=3 rank=1 local_index=-1 offset=4007500 count=32500
    part[4] cum=62.5% share=12.5% device_global=4 rank=2 local_index=-1 offset=4040000 count=1952500
    part[5] cum=75% share=12.5% device_global=5 rank=2 local_index=-1 offset=5992500 count=22500
    part[6] cum=87.5% share=12.5% device_global=6 rank=3 local_index=-1 offset=6015000 count=1967500
    part[7] cum=100% share=12.5% device_global=7 rank=3 local_index=-1 offset=7982500 count=17500
    total=100%
  PROPOSED loads:
    part[0] cum=24.7188% share=24.7188% device_global=0 rank=0 local_index=0 offset=0 count=1977500
    part[1] cum=25.0938% share=0.375% device_global=1 rank=0 local_index=1 offset=1977500 count=30000
    part[2] cum=50.0938% share=25% device_global=2 rank=1 local_index=-1 offset=2007500 count=2000000
    part[3] cum=50.5% share=0.406247% device_global=3 rank=1 local_index=-1 offset=4007500 count=32500
    part[4] cum=74.9062% share=24.4062% device_global=4 rank=2 local_index=-1 offset=4040000 count=1952500
    part[5] cum=75.1875% share=0.28125% device_global=5 rank=2 local_index=-1 offset=5992500 count=22500
    part[6] cum=99.7812% share=24.5938% device_global=6 rank=3 local_index=-1 offset=6015000 count=1967500
    part[7] cum=100% share=0.218749% device_global=7 rank=3 local_index=-1 offset=7982500 count=17500
    total=100%
  CURRENT loads:
    part[0] cum=24.7188% share=24.7188% device_global=0 rank=0 local_index=0 offset=0 count=1977500
    part[1] cum=25.0938% share=0.375% device_global=1 rank=0 local_index=1 offset=1977500 count=30000
    part[2] cum=50.0938% share=25% device_global=2 rank=1 local_index=-1 offset=2007500 count=2000000
    part[3] cum=50.5% share=0.406247% device_global=3 rank=1 local_index=-1 offset=4007500 count=32500
    part[4] cum=74.9062% share=24.4062% device_global=4 rank=2 local_index=-1 offset=4040000 count=1952500
    part[5] cum=75.1875% share=0.28125% device_global=5 rank=2 local_index=-1 offset=5992500 count=22500
    part[6] cum=99.7812% share=24.5938% device_global=6 rank=3 local_index=-1 offset=6015000 count=1967500
    part[7] cum=100% share=0.218749% device_global=7 rank=3 local_index=-1 offset=7982500 count=17500
    total=100%
[DCL][balance-metrics] iteration=1100
  policy=threshold
  action=skip
  reason=load difference below fixed threshold; diff=0.00398975, threshold=0.1
  T_compute_interval_s=1.43255
  T_comm_interval_s=4.14841
  T_balance_total_s=0.0196807
  T_rebalance_apply_s=0
  T_compute_accum_s=6.84672
  T_comm_accum_s=9.30043
  T_balance_accum_s=0.309557
  T_rebalance_apply_accum_s=0.0711759
  device_times_s:
    part[0]=0.939131
    part[1]=0.919578
    part[2]=0.949093
    part[3]=1.16178
    part[4]=0.928137
    part[5]=1.43255
    part[6]=0.933108
    part[7]=1.37735
  OLD loads:
    part[0] cum=24.7188% share=24.7188% device_global=0 rank=0 local_index=0 offset=0 count=1977500
    part[1] cum=25.0938% share=0.375% device_global=1 rank=0 local_index=1 offset=1977500 count=30000
    part[2] cum=50.0938% share=25% device_global=2 rank=1 local_index=-1 offset=2007500 count=2000000
    part[3] cum=50.5% share=0.406247% device_global=3 rank=1 local_index=-1 offset=4007500 count=32500
    part[4] cum=74.9062% share=24.4062% device_global=4 rank=2 local_index=-1 offset=4040000 count=1952500
    part[5] cum=75.1875% share=0.28125% device_global=5 rank=2 local_index=-1 offset=5992500 count=22500
    part[6] cum=99.7812% share=24.5938% device_global=6 rank=3 local_index=-1 offset=6015000 count=1967500
    part[7] cum=100% share=0.218749% device_global=7 rank=3 local_index=-1 offset=7982500 count=17500
    total=100%
  PROPOSED loads:
    part[0] cum=24.7188% share=24.7188% device_global=0 rank=0 local_index=0 offset=0 count=1977500
    part[1] cum=25.125% share=0.40625% device_global=1 rank=0 local_index=1 offset=1977500 count=30000
    part[2] cum=49.875% share=24.75% device_global=2 rank=1 local_index=-1 offset=2007500 count=2000000
    part[3] cum=50.1875% share=0.312498% device_global=3 rank=1 local_index=-1 offset=4007500 count=32500
    part[4] cum=74.9062% share=24.7188% device_global=4 rank=2 local_index=-1 offset=4040000 count=1952500
    part[5] cum=75.0938% share=0.187504% device_global=5 rank=2 local_index=-1 offset=5992500 count=22500
    part[6] cum=99.8438% share=24.75% device_global=6 rank=3 local_index=-1 offset=6015000 count=1967500
    part[7] cum=100% share=0.156248% device_global=7 rank=3 local_index=-1 offset=7982500 count=17500
    total=100%
  CURRENT loads:
    part[0] cum=24.7188% share=24.7188% device_global=0 rank=0 local_index=0 offset=0 count=1977500
    part[1] cum=25.0938% share=0.375% device_global=1 rank=0 local_index=1 offset=1977500 count=30000
    part[2] cum=50.0938% share=25% device_global=2 rank=1 local_index=-1 offset=2007500 count=2000000
    part[3] cum=50.5% share=0.406247% device_global=3 rank=1 local_index=-1 offset=4007500 count=32500
    part[4] cum=74.9062% share=24.4062% device_global=4 rank=2 local_index=-1 offset=4040000 count=1952500
    part[5] cum=75.1875% share=0.28125% device_global=5 rank=2 local_index=-1 offset=5992500 count=22500
    part[6] cum=99.7812% share=24.5938% device_global=6 rank=3 local_index=-1 offset=6015000 count=1967500
    part[7] cum=100% share=0.218749% device_global=7 rank=3 local_index=-1 offset=7982500 count=17500
    total=100%
[DCL][balance-metrics] iteration=2100
  policy=threshold
  action=skip
  reason=load difference below fixed threshold; diff=0.00411032, threshold=0.1
  T_compute_interval_s=1.26566
  T_comm_interval_s=4.23212
  T_balance_total_s=0.0165082
  T_rebalance_apply_s=0
  T_compute_accum_s=8.11238
  T_comm_accum_s=13.5326
  T_balance_accum_s=0.326065
  T_rebalance_apply_accum_s=0.0711759
  device_times_s:
    part[0]=0.938761
    part[1]=0.891013
    part[2]=0.946933
    part[3]=0.99102
    part[4]=0.927438
    part[5]=1.0662
    part[6]=0.932786
    part[7]=1.26566
  OLD loads:
    part[0] cum=24.7188% share=24.7188% device_global=0 rank=0 local_index=0 offset=0 count=1977500
    part[1] cum=25.0938% share=0.375% device_global=1 rank=0 local_index=1 offset=1977500 count=30000
    part[2] cum=50.0938% share=25% device_global=2 rank=1 local_index=-1 offset=2007500 count=2000000
    part[3] cum=50.5% share=0.406247% device_global=3 rank=1 local_index=-1 offset=4007500 count=32500
    part[4] cum=74.9062% share=24.4062% device_global=4 rank=2 local_index=-1 offset=4040000 count=1952500
    part[5] cum=75.1875% share=0.28125% device_global=5 rank=2 local_index=-1 offset=5992500 count=22500
    part[6] cum=99.7812% share=24.5938% device_global=6 rank=3 local_index=-1 offset=6015000 count=1967500
    part[7] cum=100% share=0.218749% device_global=7 rank=3 local_index=-1 offset=7982500 count=17500
    total=100%
  PROPOSED loads:
    part[0] cum=24.6875% share=24.6875% device_global=0 rank=0 local_index=0 offset=0 count=1977500
    part[1] cum=25.0625% share=0.375001% device_global=1 rank=0 local_index=1 offset=1977500 count=30000
    part[2] cum=49.8125% share=24.75% device_global=2 rank=1 local_index=-1 offset=2007500 count=2000000
    part[3] cum=50.2188% share=0.40625% device_global=3 rank=1 local_index=-1 offset=4007500 count=32500
    part[4] cum=74.875% share=24.6562% device_global=4 rank=2 local_index=-1 offset=4040000 count=1952500
    part[5] cum=75.125% share=0.250006% device_global=5 rank=2 local_index=-1 offset=5992500 count=22500
    part[6] cum=99.8438% share=24.7188% device_global=6 rank=3 local_index=-1 offset=6015000 count=1967500
    part[7] cum=100% share=0.156248% device_global=7 rank=3 local_index=-1 offset=7982500 count=17500
    total=100%
  CURRENT loads:
    part[0] cum=24.7188% share=24.7188% device_global=0 rank=0 local_index=0 offset=0 count=1977500
    part[1] cum=25.0938% share=0.375% device_global=1 rank=0 local_index=1 offset=1977500 count=30000
    part[2] cum=50.0938% share=25% device_global=2 rank=1 local_index=-1 offset=2007500 count=2000000
    part[3] cum=50.5% share=0.406247% device_global=3 rank=1 local_index=-1 offset=4007500 count=32500
    part[4] cum=74.9062% share=24.4062% device_global=4 rank=2 local_index=-1 offset=4040000 count=1952500
    part[5] cum=75.1875% share=0.28125% device_global=5 rank=2 local_index=-1 offset=5992500 count=22500
    part[6] cum=99.7812% share=24.5938% device_global=6 rank=3 local_index=-1 offset=6015000 count=1967500
    part[7] cum=100% share=0.218749% device_global=7 rank=3 local_index=-1 offset=7982500 count=17500
    total=100%
[DCL][balance-metrics] iteration=3100
  policy=threshold
  action=skip
  reason=load difference below fixed threshold; diff=0.00464565, threshold=0.1
  T_compute_interval_s=1.05055
  T_comm_interval_s=4.27238
  T_balance_total_s=0.0169803
  T_rebalance_apply_s=0
  T_compute_accum_s=9.16293
  T_comm_accum_s=17.8049
  T_balance_accum_s=0.343046
  T_rebalance_apply_accum_s=0.0711759
  device_times_s:
    part[0]=0.938066
    part[1]=0.88011
    part[2]=0.947193
    part[3]=0.970334
    part[4]=0.928103
    part[5]=0.886228
    part[6]=0.93254
    part[7]=1.05055
  OLD loads:
    part[0] cum=24.7188% share=24.7188% device_global=0 rank=0 local_index=0 offset=0 count=1977500
    part[1] cum=25.0938% share=0.375% device_global=1 rank=0 local_index=1 offset=1977500 count=30000
    part[2] cum=50.0938% share=25% device_global=2 rank=1 local_index=-1 offset=2007500 count=2000000
    part[3] cum=50.5% share=0.406247% device_global=3 rank=1 local_index=-1 offset=4007500 count=32500
    part[4] cum=74.9062% share=24.4062% device_global=4 rank=2 local_index=-1 offset=4040000 count=1952500
    part[5] cum=75.1875% share=0.28125% device_global=5 rank=2 local_index=-1 offset=5992500 count=22500
    part[6] cum=99.7812% share=24.5938% device_global=6 rank=3 local_index=-1 offset=6015000 count=1967500
    part[7] cum=100% share=0.218749% device_global=7 rank=3 local_index=-1 offset=7982500 count=17500
    total=100%
  PROPOSED loads:
    part[0] cum=24.6875% share=24.6875% device_global=0 rank=0 local_index=0 offset=0 count=1977500
    part[1] cum=25.0625% share=0.375001% device_global=1 rank=0 local_index=1 offset=1977500 count=30000
    part[2] cum=49.7812% share=24.7188% device_global=2 rank=1 local_index=-1 offset=2007500 count=2000000
    part[3] cum=50.1875% share=0.406247% device_global=3 rank=1 local_index=-1 offset=4007500 count=32500
    part[4] cum=74.8125% share=24.625% device_global=4 rank=2 local_index=-1 offset=4040000 count=1952500
    part[5] cum=75.0938% share=0.28125% device_global=5 rank=2 local_index=-1 offset=5992500 count=22500
    part[6] cum=99.8125% share=24.7188% device_global=6 rank=3 local_index=-1 offset=6015000 count=1967500
    part[7] cum=100% share=0.187498% device_global=7 rank=3 local_index=-1 offset=7982500 count=17500
    total=100%
  CURRENT loads:
    part[0] cum=24.7188% share=24.7188% device_global=0 rank=0 local_index=0 offset=0 count=1977500
    part[1] cum=25.0938% share=0.375% device_global=1 rank=0 local_index=1 offset=1977500 count=30000
    part[2] cum=50.0938% share=25% device_global=2 rank=1 local_index=-1 offset=2007500 count=2000000
    part[3] cum=50.5% share=0.406247% device_global=3 rank=1 local_index=-1 offset=4007500 count=32500
    part[4] cum=74.9062% share=24.4062% device_global=4 rank=2 local_index=-1 offset=4040000 count=1952500
    part[5] cum=75.1875% share=0.28125% device_global=5 rank=2 local_index=-1 offset=5992500 count=22500
    part[6] cum=99.7812% share=24.5938% device_global=6 rank=3 local_index=-1 offset=6015000 count=1967500
    part[7] cum=100% share=0.218749% device_global=7 rank=3 local_index=-1 offset=7982500 count=17500
    total=100%
[DCL][balance-metrics] iteration=4100
  policy=threshold
  action=skip
  reason=load difference below fixed threshold; diff=0.00527562, threshold=0.1
  T_compute_interval_s=0.94829
  T_comm_interval_s=4.26191
  T_balance_total_s=0.0161479
  T_rebalance_apply_s=0
  T_compute_accum_s=10.1112
  T_comm_accum_s=22.0668
  T_balance_accum_s=0.359194
  T_rebalance_apply_accum_s=0.0711759
  device_times_s:
    part[0]=0.938392
    part[1]=0.87706
    part[2]=0.94643
    part[3]=0.94829
    part[4]=0.927652
    part[5]=0.817151
    part[6]=0.93244
    part[7]=0.847052
  OLD loads:
    part[0] cum=24.7188% share=24.7188% device_global=0 rank=0 local_index=0 offset=0 count=1977500
    part[1] cum=25.0938% share=0.375% device_global=1 rank=0 local_index=1 offset=1977500 count=30000
    part[2] cum=50.0938% share=25% device_global=2 rank=1 local_index=-1 offset=2007500 count=2000000
    part[3] cum=50.5% share=0.406247% device_global=3 rank=1 local_index=-1 offset=4007500 count=32500
    part[4] cum=74.9062% share=24.4062% device_global=4 rank=2 local_index=-1 offset=4040000 count=1952500
    part[5] cum=75.1875% share=0.28125% device_global=5 rank=2 local_index=-1 offset=5992500 count=22500
    part[6] cum=99.7812% share=24.5938% device_global=6 rank=3 local_index=-1 offset=6015000 count=1967500
    part[7] cum=100% share=0.218749% device_global=7 rank=3 local_index=-1 offset=7982500 count=17500
    total=100%
  PROPOSED loads:
    part[0] cum=24.6562% share=24.6562% device_global=0 rank=0 local_index=0 offset=0 count=1977500
    part[1] cum=25.0312% share=0.375001% device_global=1 rank=0 local_index=1 offset=1977500 count=30000
    part[2] cum=49.75% share=24.7188% device_global=2 rank=1 local_index=-1 offset=2007500 count=2000000
    part[3] cum=50.1562% share=0.406247% device_global=3 rank=1 local_index=-1 offset=4007500 count=32500
    part[4] cum=74.75% share=24.5938% device_global=4 rank=2 local_index=-1 offset=4040000 count=1952500
    part[5] cum=75.0938% share=0.343752% device_global=5 rank=2 local_index=-1 offset=5992500 count=22500
    part[6] cum=99.75% share=24.6562% device_global=6 rank=3 local_index=-1 offset=6015000 count=1967500
    part[7] cum=100% share=0.25% device_global=7 rank=3 local_index=-1 offset=7982500 count=17500
    total=100%
  CURRENT loads:
    part[0] cum=24.7188% share=24.7188% device_global=0 rank=0 local_index=0 offset=0 count=1977500
    part[1] cum=25.0938% share=0.375% device_global=1 rank=0 local_index=1 offset=1977500 count=30000
    part[2] cum=50.0938% share=25% device_global=2 rank=1 local_index=-1 offset=2007500 count=2000000
    part[3] cum=50.5% share=0.406247% device_global=3 rank=1 local_index=-1 offset=4007500 count=32500
    part[4] cum=74.9062% share=24.4062% device_global=4 rank=2 local_index=-1 offset=4040000 count=1952500
    part[5] cum=75.1875% share=0.28125% device_global=5 rank=2 local_index=-1 offset=5992500 count=22500
    part[6] cum=99.7812% share=24.5938% device_global=6 rank=3 local_index=-1 offset=6015000 count=1967500
    part[7] cum=100% share=0.218749% device_global=7 rank=3 local_index=-1 offset=7982500 count=17500
    total=100%
[DCL][balance-metrics] iteration=5100
  policy=threshold
  action=skip
  reason=load difference below fixed threshold; diff=0.0055463, threshold=0.1
  T_compute_interval_s=0.950166
  T_comm_interval_s=4.30904
  T_balance_total_s=0.0160064
  T_rebalance_apply_s=0
  T_compute_accum_s=11.0614
  T_comm_accum_s=26.3759
  T_balance_accum_s=0.3752
  T_rebalance_apply_accum_s=0.0711759
  device_times_s:
    part[0]=0.937892
    part[1]=0.881481
    part[2]=0.94679
    part[3]=0.950166
    part[4]=0.927951
    part[5]=0.779805
    part[6]=0.932561
    part[7]=0.77272
  OLD loads:
    part[0] cum=24.7188% share=24.7188% device_global=0 rank=0 local_index=0 offset=0 count=1977500
    part[1] cum=25.0938% share=0.375% device_global=1 rank=0 local_index=1 offset=1977500 count=30000
    part[2] cum=50.0938% share=25% device_global=2 rank=1 local_index=-1 offset=2007500 count=2000000
    part[3] cum=50.5% share=0.406247% device_global=3 rank=1 local_index=-1 offset=4007500 count=32500
    part[4] cum=74.9062% share=24.4062% device_global=4 rank=2 local_index=-1 offset=4040000 count=1952500
    part[5] cum=75.1875% share=0.28125% device_global=5 rank=2 local_index=-1 offset=5992500 count=22500
    part[6] cum=99.7812% share=24.5938% device_global=6 rank=3 local_index=-1 offset=6015000 count=1967500
    part[7] cum=100% share=0.218749% device_global=7 rank=3 local_index=-1 offset=7982500 count=17500
    total=100%
  PROPOSED loads:
    part[0] cum=24.6562% share=24.6562% device_global=0 rank=0 local_index=0 offset=0 count=1977500
    part[1] cum=25.0312% share=0.375001% device_global=1 rank=0 local_index=1 offset=1977500 count=30000
    part[2] cum=49.75% share=24.7188% device_global=2 rank=1 local_index=-1 offset=2007500 count=2000000
    part[3] cum=50.125% share=0.375003% device_global=3 rank=1 local_index=-1 offset=4007500 count=32500
    part[4] cum=74.75% share=24.625% device_global=4 rank=2 local_index=-1 offset=4040000 count=1952500
    part[5] cum=75.0625% share=0.312501% device_global=5 rank=2 local_index=-1 offset=5992500 count=22500
    part[6] cum=99.75% share=24.6875% device_global=6 rank=3 local_index=-1 offset=6015000 count=1967500
    part[7] cum=100% share=0.25% device_global=7 rank=3 local_index=-1 offset=7982500 count=17500
    total=100%
  CURRENT loads:
    part[0] cum=24.7188% share=24.7188% device_global=0 rank=0 local_index=0 offset=0 count=1977500
    part[1] cum=25.0938% share=0.375% device_global=1 rank=0 local_index=1 offset=1977500 count=30000
    part[2] cum=50.0938% share=25% device_global=2 rank=1 local_index=-1 offset=2007500 count=2000000
    part[3] cum=50.5% share=0.406247% device_global=3 rank=1 local_index=-1 offset=4007500 count=32500
    part[4] cum=74.9062% share=24.4062% device_global=4 rank=2 local_index=-1 offset=4040000 count=1952500
    part[5] cum=75.1875% share=0.28125% device_global=5 rank=2 local_index=-1 offset=5992500 count=22500
    part[6] cum=99.7812% share=24.5938% device_global=6 rank=3 local_index=-1 offset=6015000 count=1967500
    part[7] cum=100% share=0.218749% device_global=7 rank=3 local_index=-1 offset=7982500 count=17500
    total=100%
[DCL][balance-metrics] iteration=6100
  policy=threshold
  action=skip
  reason=load difference below fixed threshold; diff=0.00546653, threshold=0.1
  T_compute_interval_s=0.946071
  T_comm_interval_s=4.32897
  T_balance_total_s=0.0143787
  T_rebalance_apply_s=0
  T_compute_accum_s=12.0075
  T_comm_accum_s=30.7049
  T_balance_accum_s=0.389579
  T_rebalance_apply_accum_s=0.0711759
  device_times_s:
    part[0]=0.937554
    part[1]=0.879899
    part[2]=0.946071
    part[3]=0.935876
    part[4]=0.928216
    part[5]=0.75709
    part[6]=0.932823
    part[7]=0.730115
  OLD loads:
    part[0] cum=24.7188% share=24.7188% device_global=0 rank=0 local_index=0 offset=0 count=1977500
    part[1] cum=25.0938% share=0.375% device_global=1 rank=0 local_index=1 offset=1977500 count=30000
    part[2] cum=50.0938% share=25% device_global=2 rank=1 local_index=-1 offset=2007500 count=2000000
    part[3] cum=50.5% share=0.406247% device_global=3 rank=1 local_index=-1 offset=4007500 count=32500
    part[4] cum=74.9062% share=24.4062% device_global=4 rank=2 local_index=-1 offset=4040000 count=1952500
    part[5] cum=75.1875% share=0.28125% device_global=5 rank=2 local_index=-1 offset=5992500 count=22500
    part[6] cum=99.7812% share=24.5938% device_global=6 rank=3 local_index=-1 offset=6015000 count=1967500
    part[7] cum=100% share=0.218749% device_global=7 rank=3 local_index=-1 offset=7982500 count=17500
    total=100%
  PROPOSED loads:
    part[0] cum=24.6562% share=24.6562% device_global=0 rank=0 local_index=0 offset=0 count=1977500
    part[1] cum=25.0312% share=0.375001% device_global=1 rank=0 local_index=1 offset=1977500 count=30000
    part[2] cum=49.75% share=24.7188% device_global=2 rank=1 local_index=-1 offset=2007500 count=2000000
    part[3] cum=50.1562% share=0.406247% device_global=3 rank=1 local_index=-1 offset=4007500 count=32500
    part[4] cum=74.7188% share=24.5625% device_global=4 rank=2 local_index=-1 offset=4040000 count=1952500
    part[5] cum=75.0625% share=0.343752% device_global=5 rank=2 local_index=-1 offset=5992500 count=22500
    part[6] cum=99.7188% share=24.6562% device_global=6 rank=3 local_index=-1 offset=6015000 count=1967500
    part[7] cum=100% share=0.28125% device_global=7 rank=3 local_index=-1 offset=7982500 count=17500
    total=100%
  CURRENT loads:
    part[0] cum=24.7188% share=24.7188% device_global=0 rank=0 local_index=0 offset=0 count=1977500
    part[1] cum=25.0938% share=0.375% device_global=1 rank=0 local_index=1 offset=1977500 count=30000
    part[2] cum=50.0938% share=25% device_global=2 rank=1 local_index=-1 offset=2007500 count=2000000
    part[3] cum=50.5% share=0.406247% device_global=3 rank=1 local_index=-1 offset=4007500 count=32500
    part[4] cum=74.9062% share=24.4062% device_global=4 rank=2 local_index=-1 offset=4040000 count=1952500
    part[5] cum=75.1875% share=0.28125% device_global=5 rank=2 local_index=-1 offset=5992500 count=22500
    part[6] cum=99.7812% share=24.5938% device_global=6 rank=3 local_index=-1 offset=6015000 count=1967500
    part[7] cum=100% share=0.218749% device_global=7 rank=3 local_index=-1 offset=7982500 count=17500
    total=100%
[DCL][balance-metrics] iteration=7100
  policy=threshold
  action=skip
  reason=load difference below fixed threshold; diff=0.00612371, threshold=0.1
  T_compute_interval_s=0.951122
  T_comm_interval_s=4.31607
  T_balance_total_s=0.0158047
  T_rebalance_apply_s=0
  T_compute_accum_s=12.9586
  T_comm_accum_s=35.0209
  T_balance_accum_s=0.405383
  T_rebalance_apply_accum_s=0.0711759
  device_times_s:
    part[0]=0.938027
    part[1]=0.877336
    part[2]=0.946716
    part[3]=0.951122
    part[4]=0.928912
    part[5]=0.744008
    part[6]=0.932408
    part[7]=0.685332
  OLD loads:
    part[0] cum=24.7188% share=24.7188% device_global=0 rank=0 local_index=0 offset=0 count=1977500
    part[1] cum=25.0938% share=0.375% device_global=1 rank=0 local_index=1 offset=1977500 count=30000
    part[2] cum=50.0938% share=25% device_global=2 rank=1 local_index=-1 offset=2007500 count=2000000
    part[3] cum=50.5% share=0.406247% device_global=3 rank=1 local_index=-1 offset=4007500 count=32500
    part[4] cum=74.9062% share=24.4062% device_global=4 rank=2 local_index=-1 offset=4040000 count=1952500
    part[5] cum=75.1875% share=0.28125% device_global=5 rank=2 local_index=-1 offset=5992500 count=22500
    part[6] cum=99.7812% share=24.5938% device_global=6 rank=3 local_index=-1 offset=6015000 count=1967500
    part[7] cum=100% share=0.218749% device_global=7 rank=3 local_index=-1 offset=7982500 count=17500
    total=100%
  PROPOSED loads:
    part[0] cum=24.625% share=24.625% device_global=0 rank=0 local_index=0 offset=0 count=1977500
    part[1] cum=25.0312% share=0.40625% device_global=1 rank=0 local_index=1 offset=1977500 count=30000
    part[2] cum=49.7188% share=24.6875% device_global=2 rank=1 local_index=-1 offset=2007500 count=2000000
    part[3] cum=50.125% share=0.406253% device_global=3 rank=1 local_index=-1 offset=4007500 count=32500
    part[4] cum=74.6875% share=24.5625% device_global=4 rank=2 local_index=-1 offset=4040000 count=1952500
    part[5] cum=75.0312% share=0.343752% device_global=5 rank=2 local_index=-1 offset=5992500 count=22500
    part[6] cum=99.6875% share=24.6562% device_global=6 rank=3 local_index=-1 offset=6015000 count=1967500
    part[7] cum=100% share=0.312501% device_global=7 rank=3 local_index=-1 offset=7982500 count=17500
    total=100%
  CURRENT loads:
    part[0] cum=24.7188% share=24.7188% device_global=0 rank=0 local_index=0 offset=0 count=1977500
    part[1] cum=25.0938% share=0.375% device_global=1 rank=0 local_index=1 offset=1977500 count=30000
    part[2] cum=50.0938% share=25% device_global=2 rank=1 local_index=-1 offset=2007500 count=2000000
    part[3] cum=50.5% share=0.406247% device_global=3 rank=1 local_index=-1 offset=4007500 count=32500
    part[4] cum=74.9062% share=24.4062% device_global=4 rank=2 local_index=-1 offset=4040000 count=1952500
    part[5] cum=75.1875% share=0.28125% device_global=5 rank=2 local_index=-1 offset=5992500 count=22500
    part[6] cum=99.7812% share=24.5938% device_global=6 rank=3 local_index=-1 offset=6015000 count=1967500
    part[7] cum=100% share=0.218749% device_global=7 rank=3 local_index=-1 offset=7982500 count=17500
    total=100%
[DCL][balance-metrics] iteration=8100
  policy=threshold
  action=skip
  reason=load difference below fixed threshold; diff=0.00612371, threshold=0.1
  T_compute_interval_s=0.946649
  T_comm_interval_s=4.35056
  T_balance_total_s=0.0193527
  T_rebalance_apply_s=0
  T_compute_accum_s=13.9052
  T_comm_accum_s=39.3715
  T_balance_accum_s=0.424736
  T_rebalance_apply_accum_s=0.0711759
  device_times_s:
    part[0]=0.937942
    part[1]=0.881911
    part[2]=0.946649
    part[3]=0.929098
    part[4]=0.928709
    part[5]=0.728616
    part[6]=0.932575
    part[7]=0.665173
  OLD loads:
    part[0] cum=24.7188% share=24.7188% device_global=0 rank=0 local_index=0 offset=0 count=1977500
    part[1] cum=25.0938% share=0.375% device_global=1 rank=0 local_index=1 offset=1977500 count=30000
    part[2] cum=50.0938% share=25% device_global=2 rank=1 local_index=-1 offset=2007500 count=2000000
    part[3] cum=50.5% share=0.406247% device_global=3 rank=1 local_index=-1 offset=4007500 count=32500
    part[4] cum=74.9062% share=24.4062% device_global=4 rank=2 local_index=-1 offset=4040000 count=1952500
    part[5] cum=75.1875% share=0.28125% device_global=5 rank=2 local_index=-1 offset=5992500 count=22500
    part[6] cum=99.7812% share=24.5938% device_global=6 rank=3 local_index=-1 offset=6015000 count=1967500
    part[7] cum=100% share=0.218749% device_global=7 rank=3 local_index=-1 offset=7982500 count=17500
    total=100%
  PROPOSED loads:
    part[0] cum=24.625% share=24.625% device_global=0 rank=0 local_index=0 offset=0 count=1977500
    part[1] cum=25.0312% share=0.40625% device_global=1 rank=0 local_index=1 offset=1977500 count=30000
    part[2] cum=49.7188% share=24.6875% device_global=2 rank=1 local_index=-1 offset=2007500 count=2000000
    part[3] cum=50.125% share=0.406253% device_global=3 rank=1 local_index=-1 offset=4007500 count=32500
    part[4] cum=74.6875% share=24.5625% device_global=4 rank=2 local_index=-1 offset=4040000 count=1952500
    part[5] cum=75.0312% share=0.343752% device_global=5 rank=2 local_index=-1 offset=5992500 count=22500
    part[6] cum=99.6875% share=24.6562% device_global=6 rank=3 local_index=-1 offset=6015000 count=1967500
    part[7] cum=100% share=0.312501% device_global=7 rank=3 local_index=-1 offset=7982500 count=17500
    total=100%
  CURRENT loads:
    part[0] cum=24.7188% share=24.7188% device_global=0 rank=0 local_index=0 offset=0 count=1977500
    part[1] cum=25.0938% share=0.375% device_global=1 rank=0 local_index=1 offset=1977500 count=30000
    part[2] cum=50.0938% share=25% device_global=2 rank=1 local_index=-1 offset=2007500 count=2000000
    part[3] cum=50.5% share=0.406247% device_global=3 rank=1 local_index=-1 offset=4007500 count=32500
    part[4] cum=74.9062% share=24.4062% device_global=4 rank=2 local_index=-1 offset=4040000 count=1952500
    part[5] cum=75.1875% share=0.28125% device_global=5 rank=2 local_index=-1 offset=5992500 count=22500
    part[6] cum=99.7812% share=24.5938% device_global=6 rank=3 local_index=-1 offset=6015000 count=1967500
    part[7] cum=100% share=0.218749% device_global=7 rank=3 local_index=-1 offset=7982500 count=17500
    total=100%
[DCL][balance-metrics] iteration=9100
  policy=threshold
  action=skip
  reason=load difference below fixed threshold; diff=0.00631991, threshold=0.1
  T_compute_interval_s=0.946566
  T_comm_interval_s=4.37522
  T_balance_total_s=0.0143146
  T_rebalance_apply_s=0
  T_compute_accum_s=14.8518
  T_comm_accum_s=43.7467
  T_balance_accum_s=0.439051
  T_rebalance_apply_accum_s=0.0711759
  device_times_s:
    part[0]=0.93791
    part[1]=0.884249
    part[2]=0.946566
    part[3]=0.927668
    part[4]=0.928123
    part[5]=0.725828
    part[6]=0.932619
    part[7]=0.648552
  OLD loads:
    part[0] cum=24.7188% share=24.7188% device_global=0 rank=0 local_index=0 offset=0 count=1977500
    part[1] cum=25.0938% share=0.375% device_global=1 rank=0 local_index=1 offset=1977500 count=30000
    part[2] cum=50.0938% share=25% device_global=2 rank=1 local_index=-1 offset=2007500 count=2000000
    part[3] cum=50.5% share=0.406247% device_global=3 rank=1 local_index=-1 offset=4007500 count=32500
    part[4] cum=74.9062% share=24.4062% device_global=4 rank=2 local_index=-1 offset=4040000 count=1952500
    part[5] cum=75.1875% share=0.28125% device_global=5 rank=2 local_index=-1 offset=5992500 count=22500
    part[6] cum=99.7812% share=24.5938% device_global=6 rank=3 local_index=-1 offset=6015000 count=1967500
    part[7] cum=100% share=0.218749% device_global=7 rank=3 local_index=-1 offset=7982500 count=17500
    total=100%
  PROPOSED loads:
    part[0] cum=24.625% share=24.625% device_global=0 rank=0 local_index=0 offset=0 count=1977500
    part[1] cum=25.0312% share=0.40625% device_global=1 rank=0 local_index=1 offset=1977500 count=30000
    part[2] cum=49.6875% share=24.6562% device_global=2 rank=1 local_index=-1 offset=2007500 count=2000000
    part[3] cum=50.125% share=0.437504% device_global=3 rank=1 local_index=-1 offset=4007500 count=32500
    part[4] cum=74.6875% share=24.5625% device_global=4 rank=2 local_index=-1 offset=4040000 count=1952500
    part[5] cum=75.0312% share=0.343752% device_global=5 rank=2 local_index=-1 offset=5992500 count=22500
    part[6] cum=99.6875% share=24.6562% device_global=6 rank=3 local_index=-1 offset=6015000 count=1967500
    part[7] cum=100% share=0.312501% device_global=7 rank=3 local_index=-1 offset=7982500 count=17500
    total=100%
  CURRENT loads:
    part[0] cum=24.7188% share=24.7188% device_global=0 rank=0 local_index=0 offset=0 count=1977500
    part[1] cum=25.0938% share=0.375% device_global=1 rank=0 local_index=1 offset=1977500 count=30000
    part[2] cum=50.0938% share=25% device_global=2 rank=1 local_index=-1 offset=2007500 count=2000000
    part[3] cum=50.5% share=0.406247% device_global=3 rank=1 local_index=-1 offset=4007500 count=32500
    part[4] cum=74.9062% share=24.4062% device_global=4 rank=2 local_index=-1 offset=4040000 count=1952500
    part[5] cum=75.1875% share=0.28125% device_global=5 rank=2 local_index=-1 offset=5992500 count=22500
    part[6] cum=99.7812% share=24.5938% device_global=6 rank=3 local_index=-1 offset=6015000 count=1967500
    part[7] cum=100% share=0.218749% device_global=7 rank=3 local_index=-1 offset=7982500 count=17500
    total=100%

=== PARTICOES FINAIS ===
=== Particoes globais ===
part[0] device_global=0 rank=0 local_index=0 offset=0 count=1977500
part[1] device_global=1 rank=0 local_index=1 offset=1977500 count=30000
part[2] device_global=2 rank=1 local_index=-1 offset=2007500 count=2000000
part[3] device_global=3 rank=1 local_index=-1 offset=4007500 count=32500
part[4] device_global=4 rank=2 local_index=-1 offset=4040000 count=1952500
part[5] device_global=5 rank=2 local_index=-1 offset=5992500 count=22500
part[6] device_global=6 rank=3 local_index=-1 offset=6015000 count=1967500
part[7] device_global=7 rank=3 local_index=-1 offset=7982500 count=17500


============================
ITERACAO 10000
Tempo de execução: 56.0255s
