=== Dispositivos locais do rank 0 ===
global=0 local=0 nome="NVIDIA RTX 2000 Ada Generation" compute_units=22
global=1 local=1 nome="Intel(R) Xeon(R) CPU           E5620  @ 2.40GHz" compute_units=16

=== Dispositivos locais do rank 2 ===
global=4 local=0 nome="NVIDIA RTX 2000 Ada Generation" compute_units=22
global=5 local=1 nome="Intel(R) Xeon(R) CPU           E5620  @ 2.40GHz" compute_units=16

=== Dispositivos locais do rank 1 ===
global=2 local=0 nome="NVIDIA RTX 2000 Ada Generation" compute_units=22
global=3 local=1 nome="Intel(R) Xeon(R) CPU           E5620  @ 2.40GHz" compute_units=16

=== Dispositivos locais do rank 3 ===
global=6 local=0 nome="NVIDIA RTX 2000 Ada Generation" compute_units=22
global=7 local=1 nome="Intel(R) Xeon(R) CPU           E5620  @ 2.40GHz" compute_units=16

=== PARTICOES INICIAIS ===
=== Particoes globais ===
part[0] device_global=0 rank=0 local_index=0 offset=0 count=1000000
part[1] device_global=1 rank=0 local_index=1 offset=1000000 count=1000000
part[2] device_global=2 rank=1 local_index=-1 offset=2000000 count=1000000
part[3] device_global=3 rank=1 local_index=-1 offset=3000000 count=1000000
part[4] device_global=4 rank=2 local_index=-1 offset=4000000 count=1000000
part[5] device_global=5 rank=2 local_index=-1 offset=5000000 count=1000000
part[6] device_global=6 rank=3 local_index=-1 offset=6000000 count=1000000
part[7] device_global=7 rank=3 local_index=-1 offset=7000000 count=1000000

X = 50 Y = 50 Z = 3200 Iterations = 10000
[DCL][balance-metrics] iteration=100
  policy=threshold
  action=rebalance
  reason=accepted by fixed threshold; diff=0.247267, threshold=0.1
  T_compute_interval_s=5.46026
  T_comm_interval_s=5.3725
  T_balance_total_s=0.31948
  T_rebalance_apply_s=0.10004
  T_compute_accum_s=5.46026
  T_comm_accum_s=5.3725
  T_balance_accum_s=0.31948
  T_rebalance_apply_accum_s=0.10004
  device_times_s:
    part[0]=0.0488249
    part[1]=3.02323
    part[2]=0.0480075
    part[3]=3.05629
    part[4]=0.0491856
    part[5]=4.29343
    part[6]=0.0489546
    part[7]=5.46026
  OLD loads:
    part[0] cum=12.5% share=12.5% device_global=0 rank=0 local_index=0 offset=0 count=1970000
    part[1] cum=25% share=12.5% device_global=1 rank=0 local_index=1 offset=1970000 count=32500
    part[2] cum=37.5% share=12.5% device_global=2 rank=1 local_index=-1 offset=2002500 count=2005000
    part[3] cum=50% share=12.5% device_global=3 rank=1 local_index=-1 offset=4007500 count=30000
    part[4] cum=62.5% share=12.5% device_global=4 rank=2 local_index=-1 offset=4037500 count=1957500
    part[5] cum=75% share=12.5% device_global=5 rank=2 local_index=-1 offset=5995000 count=22500
    part[6] cum=87.5% share=12.5% device_global=6 rank=3 local_index=-1 offset=6017500 count=1965000
    part[7] cum=100% share=12.5% device_global=7 rank=3 local_index=-1 offset=7982500 count=17500
    total=100%
  PROPOSED loads:
    part[0] cum=24.625% share=24.625% device_global=0 rank=0 local_index=0 offset=0 count=1970000
    part[1] cum=25.0312% share=0.40625% device_global=1 rank=0 local_index=1 offset=1970000 count=32500
    part[2] cum=50.0938% share=25.0625% device_global=2 rank=1 local_index=-1 offset=2002500 count=2005000
    part[3] cum=50.4688% share=0.374997% device_global=3 rank=1 local_index=-1 offset=4007500 count=30000
    part[4] cum=74.9375% share=24.4688% device_global=4 rank=2 local_index=-1 offset=4037500 count=1957500
    part[5] cum=75.2188% share=0.28125% device_global=5 rank=2 local_index=-1 offset=5995000 count=22500
    part[6] cum=99.7812% share=24.5625% device_global=6 rank=3 local_index=-1 offset=6017500 count=1965000
    part[7] cum=100% share=0.218749% device_global=7 rank=3 local_index=-1 offset=7982500 count=17500
    total=100%
  CURRENT loads:
    part[0] cum=24.625% share=24.625% device_global=0 rank=0 local_index=0 offset=0 count=1970000
    part[1] cum=25.0312% share=0.40625% device_global=1 rank=0 local_index=1 offset=1970000 count=32500
    part[2] cum=50.0938% share=25.0625% device_global=2 rank=1 local_index=-1 offset=2002500 count=2005000
    part[3] cum=50.4688% share=0.374997% device_global=3 rank=1 local_index=-1 offset=4007500 count=30000
    part[4] cum=74.9375% share=24.4688% device_global=4 rank=2 local_index=-1 offset=4037500 count=1957500
    part[5] cum=75.2188% share=0.28125% device_global=5 rank=2 local_index=-1 offset=5995000 count=22500
    part[6] cum=99.7812% share=24.5625% device_global=6 rank=3 local_index=-1 offset=6017500 count=1965000
    part[7] cum=100% share=0.218749% device_global=7 rank=3 local_index=-1 offset=7982500 count=17500
    total=100%
[DCL][balance-metrics] iteration=1100
  policy=threshold
  action=skip
  reason=load difference below fixed threshold; diff=0.00394048, threshold=0.1
  T_compute_interval_s=1.44417
  T_comm_interval_s=4.2632
  T_balance_total_s=0.0161689
  T_rebalance_apply_s=0
  T_compute_accum_s=6.90443
  T_comm_accum_s=9.6357
  T_balance_accum_s=0.335649
  T_rebalance_apply_accum_s=0.10004
  device_times_s:
    part[0]=0.936137
    part[1]=0.97903
    part[2]=0.949786
    part[3]=1.08776
    part[4]=0.929783
    part[5]=1.44417
    part[6]=0.931375
    part[7]=1.36232
  OLD loads:
    part[0] cum=24.625% share=24.625% device_global=0 rank=0 local_index=0 offset=0 count=1970000
    part[1] cum=25.0312% share=0.40625% device_global=1 rank=0 local_index=1 offset=1970000 count=32500
    part[2] cum=50.0938% share=25.0625% device_global=2 rank=1 local_index=-1 offset=2002500 count=2005000
    part[3] cum=50.4688% share=0.374997% device_global=3 rank=1 local_index=-1 offset=4007500 count=30000
    part[4] cum=74.9375% share=24.4688% device_global=4 rank=2 local_index=-1 offset=4037500 count=1957500
    part[5] cum=75.2188% share=0.28125% device_global=5 rank=2 local_index=-1 offset=5995000 count=22500
    part[6] cum=99.7812% share=24.5625% device_global=6 rank=3 local_index=-1 offset=6017500 count=1965000
    part[7] cum=100% share=0.218749% device_global=7 rank=3 local_index=-1 offset=7982500 count=17500
    total=100%
  PROPOSED loads:
    part[0] cum=24.6875% share=24.6875% device_global=0 rank=0 local_index=0 offset=0 count=1970000
    part[1] cum=25.0938% share=0.406249% device_global=1 rank=0 local_index=1 offset=1970000 count=32500
    part[2] cum=49.875% share=24.7812% device_global=2 rank=1 local_index=-1 offset=2002500 count=2005000
    part[3] cum=50.1875% share=0.312498% device_global=3 rank=1 local_index=-1 offset=4007500 count=30000
    part[4] cum=74.9062% share=24.7188% device_global=4 rank=2 local_index=-1 offset=4037500 count=1957500
    part[5] cum=75.0938% share=0.187504% device_global=5 rank=2 local_index=-1 offset=5995000 count=22500
    part[6] cum=99.8438% share=24.75% device_global=6 rank=3 local_index=-1 offset=6017500 count=1965000
    part[7] cum=100% share=0.156248% device_global=7 rank=3 local_index=-1 offset=7982500 count=17500
    total=100%
  CURRENT loads:
    part[0] cum=24.625% share=24.625% device_global=0 rank=0 local_index=0 offset=0 count=1970000
    part[1] cum=25.0312% share=0.40625% device_global=1 rank=0 local_index=1 offset=1970000 count=32500
    part[2] cum=50.0938% share=25.0625% device_global=2 rank=1 local_index=-1 offset=2002500 count=2005000
    part[3] cum=50.4688% share=0.374997% device_global=3 rank=1 local_index=-1 offset=4007500 count=30000
    part[4] cum=74.9375% share=24.4688% device_global=4 rank=2 local_index=-1 offset=4037500 count=1957500
    part[5] cum=75.2188% share=0.28125% device_global=5 rank=2 local_index=-1 offset=5995000 count=22500
    part[6] cum=99.7812% share=24.5625% device_global=6 rank=3 local_index=-1 offset=6017500 count=1965000
    part[7] cum=100% share=0.218749% device_global=7 rank=3 local_index=-1 offset=7982500 count=17500
    total=100%
[DCL][balance-metrics] iteration=2100
  policy=threshold
  action=skip
  reason=load difference below fixed threshold; diff=0.00400197, threshold=0.1
  T_compute_interval_s=1.26728
  T_comm_interval_s=4.29068
  T_balance_total_s=0.0170646
  T_rebalance_apply_s=0
  T_compute_accum_s=8.17171
  T_comm_accum_s=13.9264
  T_balance_accum_s=0.352713
  T_rebalance_apply_accum_s=0.10004
  device_times_s:
    part[0]=0.935696
    part[1]=0.95019
    part[2]=0.948952
    part[3]=0.931479
    part[4]=0.929765
    part[5]=1.06038
    part[6]=0.931491
    part[7]=1.26728
  OLD loads:
    part[0] cum=24.625% share=24.625% device_global=0 rank=0 local_index=0 offset=0 count=1970000
    part[1] cum=25.0312% share=0.40625% device_global=1 rank=0 local_index=1 offset=1970000 count=32500
    part[2] cum=50.0938% share=25.0625% device_global=2 rank=1 local_index=-1 offset=2002500 count=2005000
    part[3] cum=50.4688% share=0.374997% device_global=3 rank=1 local_index=-1 offset=4007500 count=30000
    part[4] cum=74.9375% share=24.4688% device_global=4 rank=2 local_index=-1 offset=4037500 count=1957500
    part[5] cum=75.2188% share=0.28125% device_global=5 rank=2 local_index=-1 offset=5995000 count=22500
    part[6] cum=99.7812% share=24.5625% device_global=6 rank=3 local_index=-1 offset=6017500 count=1965000
    part[7] cum=100% share=0.218749% device_global=7 rank=3 local_index=-1 offset=7982500 count=17500
    total=100%
  PROPOSED loads:
    part[0] cum=24.6562% share=24.6562% device_global=0 rank=0 local_index=0 offset=0 count=1970000
    part[1] cum=25.0625% share=0.406252% device_global=1 rank=0 local_index=1 offset=1970000 count=32500
    part[2] cum=49.8125% share=24.75% device_global=2 rank=1 local_index=-1 offset=2002500 count=2005000
    part[3] cum=50.2188% share=0.40625% device_global=3 rank=1 local_index=-1 offset=4007500 count=30000
    part[4] cum=74.875% share=24.6562% device_global=4 rank=2 local_index=-1 offset=4037500 count=1957500
    part[5] cum=75.125% share=0.250006% device_global=5 rank=2 local_index=-1 offset=5995000 count=22500
    part[6] cum=99.8438% share=24.7188% device_global=6 rank=3 local_index=-1 offset=6017500 count=1965000
    part[7] cum=100% share=0.156248% device_global=7 rank=3 local_index=-1 offset=7982500 count=17500
    total=100%
  CURRENT loads:
    part[0] cum=24.625% share=24.625% device_global=0 rank=0 local_index=0 offset=0 count=1970000
    part[1] cum=25.0312% share=0.40625% device_global=1 rank=0 local_index=1 offset=1970000 count=32500
    part[2] cum=50.0938% share=25.0625% device_global=2 rank=1 local_index=-1 offset=2002500 count=2005000
    part[3] cum=50.4688% share=0.374997% device_global=3 rank=1 local_index=-1 offset=4007500 count=30000
    part[4] cum=74.9375% share=24.4688% device_global=4 rank=2 local_index=-1 offset=4037500 count=1957500
    part[5] cum=75.2188% share=0.28125% device_global=5 rank=2 local_index=-1 offset=5995000 count=22500
    part[6] cum=99.7812% share=24.5625% device_global=6 rank=3 local_index=-1 offset=6017500 count=1965000
    part[7] cum=100% share=0.218749% device_global=7 rank=3 local_index=-1 offset=7982500 count=17500
    total=100%
[DCL][balance-metrics] iteration=3100
  policy=threshold
  action=skip
  reason=load difference below fixed threshold; diff=0.00479053, threshold=0.1
  T_compute_interval_s=1.03915
  T_comm_interval_s=4.34894
  T_balance_total_s=0.0170301
  T_rebalance_apply_s=0
  T_compute_accum_s=9.21086
  T_comm_accum_s=18.2753
  T_balance_accum_s=0.369743
  T_rebalance_apply_accum_s=0.10004
  device_times_s:
    part[0]=0.935017
    part[1]=0.934829
    part[2]=0.949061
    part[3]=0.907256
    part[4]=0.92957
    part[5]=0.891016
    part[6]=0.931157
    part[7]=1.03915
  OLD loads:
    part[0] cum=24.625% share=24.625% device_global=0 rank=0 local_index=0 offset=0 count=1970000
    part[1] cum=25.0312% share=0.40625% device_global=1 rank=0 local_index=1 offset=1970000 count=32500
    part[2] cum=50.0938% share=25.0625% device_global=2 rank=1 local_index=-1 offset=2002500 count=2005000
    part[3] cum=50.4688% share=0.374997% device_global=3 rank=1 local_index=-1 offset=4007500 count=30000
    part[4] cum=74.9375% share=24.4688% device_global=4 rank=2 local_index=-1 offset=4037500 count=1957500
    part[5] cum=75.2188% share=0.28125% device_global=5 rank=2 local_index=-1 offset=5995000 count=22500
    part[6] cum=99.7812% share=24.5625% device_global=6 rank=3 local_index=-1 offset=6017500 count=1965000
    part[7] cum=100% share=0.218749% device_global=7 rank=3 local_index=-1 offset=7982500 count=17500
    total=100%
  PROPOSED loads:
    part[0] cum=24.6562% share=24.6562% device_global=0 rank=0 local_index=0 offset=0 count=1970000
    part[1] cum=25.0625% share=0.406252% device_global=1 rank=0 local_index=1 offset=1970000 count=32500
    part[2] cum=49.7812% share=24.7188% device_global=2 rank=1 local_index=-1 offset=2002500 count=2005000
    part[3] cum=50.1562% share=0.374997% device_global=3 rank=1 local_index=-1 offset=4007500 count=30000
    part[4] cum=74.8125% share=24.6563% device_global=4 rank=2 local_index=-1 offset=4037500 count=1957500
    part[5] cum=75.0938% share=0.28125% device_global=5 rank=2 local_index=-1 offset=5995000 count=22500
    part[6] cum=99.8125% share=24.7188% device_global=6 rank=3 local_index=-1 offset=6017500 count=1965000
    part[7] cum=100% share=0.187498% device_global=7 rank=3 local_index=-1 offset=7982500 count=17500
    total=100%
  CURRENT loads:
    part[0] cum=24.625% share=24.625% device_global=0 rank=0 local_index=0 offset=0 count=1970000
    part[1] cum=25.0312% share=0.40625% device_global=1 rank=0 local_index=1 offset=1970000 count=32500
    part[2] cum=50.0938% share=25.0625% device_global=2 rank=1 local_index=-1 offset=2002500 count=2005000
    part[3] cum=50.4688% share=0.374997% device_global=3 rank=1 local_index=-1 offset=4007500 count=30000
    part[4] cum=74.9375% share=24.4688% device_global=4 rank=2 local_index=-1 offset=4037500 count=1957500
    part[5] cum=75.2188% share=0.28125% device_global=5 rank=2 local_index=-1 offset=5995000 count=22500
    part[6] cum=99.7812% share=24.5625% device_global=6 rank=3 local_index=-1 offset=6017500 count=1965000
    part[7] cum=100% share=0.218749% device_global=7 rank=3 local_index=-1 offset=7982500 count=17500
    total=100%
[DCL][balance-metrics] iteration=4100
  policy=threshold
  action=skip
  reason=load difference below fixed threshold; diff=0.00536734, threshold=0.1
  T_compute_interval_s=0.949119
  T_comm_interval_s=4.3728
  T_balance_total_s=0.0160199
  T_rebalance_apply_s=0
  T_compute_accum_s=10.16
  T_comm_accum_s=22.6481
  T_balance_accum_s=0.385763
  T_rebalance_apply_accum_s=0.10004
  device_times_s:
    part[0]=0.9354
    part[1]=0.936398
    part[2]=0.949119
    part[3]=0.894351
    part[4]=0.929722
    part[5]=0.816524
    part[6]=0.93133
    part[7]=0.855448
  OLD loads:
    part[0] cum=24.625% share=24.625% device_global=0 rank=0 local_index=0 offset=0 count=1970000
    part[1] cum=25.0312% share=0.40625% device_global=1 rank=0 local_index=1 offset=1970000 count=32500
    part[2] cum=50.0938% share=25.0625% device_global=2 rank=1 local_index=-1 offset=2002500 count=2005000
    part[3] cum=50.4688% share=0.374997% device_global=3 rank=1 local_index=-1 offset=4007500 count=30000
    part[4] cum=74.9375% share=24.4688% device_global=4 rank=2 local_index=-1 offset=4037500 count=1957500
    part[5] cum=75.2188% share=0.28125% device_global=5 rank=2 local_index=-1 offset=5995000 count=22500
    part[6] cum=99.7812% share=24.5625% device_global=6 rank=3 local_index=-1 offset=6017500 count=1965000
    part[7] cum=100% share=0.218749% device_global=7 rank=3 local_index=-1 offset=7982500 count=17500
    total=100%
  PROPOSED loads:
    part[0] cum=24.625% share=24.625% device_global=0 rank=0 local_index=0 offset=0 count=1970000
    part[1] cum=25.0312% share=0.40625% device_global=1 rank=0 local_index=1 offset=1970000 count=32500
    part[2] cum=49.75% share=24.7188% device_global=2 rank=1 local_index=-1 offset=2002500 count=2005000
    part[3] cum=50.125% share=0.375003% device_global=3 rank=1 local_index=-1 offset=4007500 count=30000
    part[4] cum=74.75% share=24.625% device_global=4 rank=2 local_index=-1 offset=4037500 count=1957500
    part[5] cum=75.0938% share=0.343752% device_global=5 rank=2 local_index=-1 offset=5995000 count=22500
    part[6] cum=99.75% share=24.6562% device_global=6 rank=3 local_index=-1 offset=6017500 count=1965000
    part[7] cum=100% share=0.25% device_global=7 rank=3 local_index=-1 offset=7982500 count=17500
    total=100%
  CURRENT loads:
    part[0] cum=24.625% share=24.625% device_global=0 rank=0 local_index=0 offset=0 count=1970000
    part[1] cum=25.0312% share=0.40625% device_global=1 rank=0 local_index=1 offset=1970000 count=32500
    part[2] cum=50.0938% share=25.0625% device_global=2 rank=1 local_index=-1 offset=2002500 count=2005000
    part[3] cum=50.4688% share=0.374997% device_global=3 rank=1 local_index=-1 offset=4007500 count=30000
    part[4] cum=74.9375% share=24.4688% device_global=4 rank=2 local_index=-1 offset=4037500 count=1957500
    part[5] cum=75.2188% share=0.28125% device_global=5 rank=2 local_index=-1 offset=5995000 count=22500
    part[6] cum=99.7812% share=24.5625% device_global=6 rank=3 local_index=-1 offset=6017500 count=1965000
    part[7] cum=100% share=0.218749% device_global=7 rank=3 local_index=-1 offset=7982500 count=17500
    total=100%
[DCL][balance-metrics] iteration=5100
  policy=threshold
  action=skip
  reason=load difference below fixed threshold; diff=0.00615553, threshold=0.1
  T_compute_interval_s=0.951304
  T_comm_interval_s=4.40767
  T_balance_total_s=0.0155887
  T_rebalance_apply_s=0
  T_compute_accum_s=11.1113
  T_comm_accum_s=27.0558
  T_balance_accum_s=0.401352
  T_rebalance_apply_accum_s=0.10004
  device_times_s:
    part[0]=0.935365
    part[1]=0.934421
    part[2]=0.951304
    part[3]=0.889658
    part[4]=0.929528
    part[5]=0.787443
    part[6]=0.931343
    part[7]=0.772519
  OLD loads:
    part[0] cum=24.625% share=24.625% device_global=0 rank=0 local_index=0 offset=0 count=1970000
    part[1] cum=25.0312% share=0.40625% device_global=1 rank=0 local_index=1 offset=1970000 count=32500
    part[2] cum=50.0938% share=25.0625% device_global=2 rank=1 local_index=-1 offset=2002500 count=2005000
    part[3] cum=50.4688% share=0.374997% device_global=3 rank=1 local_index=-1 offset=4007500 count=30000
    part[4] cum=74.9375% share=24.4688% device_global=4 rank=2 local_index=-1 offset=4037500 count=1957500
    part[5] cum=75.2188% share=0.28125% device_global=5 rank=2 local_index=-1 offset=5995000 count=22500
    part[6] cum=99.7812% share=24.5625% device_global=6 rank=3 local_index=-1 offset=6017500 count=1965000
    part[7] cum=100% share=0.218749% device_global=7 rank=3 local_index=-1 offset=7982500 count=17500
    total=100%
  PROPOSED loads:
    part[0] cum=24.625% share=24.625% device_global=0 rank=0 local_index=0 offset=0 count=1970000
    part[1] cum=25.0312% share=0.40625% device_global=1 rank=0 local_index=1 offset=1970000 count=32500
    part[2] cum=49.6875% share=24.6562% device_global=2 rank=1 local_index=-1 offset=2002500 count=2005000
    part[3] cum=50.0938% share=0.406253% device_global=3 rank=1 local_index=-1 offset=4007500 count=30000
    part[4] cum=74.7188% share=24.625% device_global=4 rank=2 local_index=-1 offset=4037500 count=1957500
    part[5] cum=75.0625% share=0.343752% device_global=5 rank=2 local_index=-1 offset=5995000 count=22500
    part[6] cum=99.75% share=24.6875% device_global=6 rank=3 local_index=-1 offset=6017500 count=1965000
    part[7] cum=100% share=0.25% device_global=7 rank=3 local_index=-1 offset=7982500 count=17500
    total=100%
  CURRENT loads:
    part[0] cum=24.625% share=24.625% device_global=0 rank=0 local_index=0 offset=0 count=1970000
    part[1] cum=25.0312% share=0.40625% device_global=1 rank=0 local_index=1 offset=1970000 count=32500
    part[2] cum=50.0938% share=25.0625% device_global=2 rank=1 local_index=-1 offset=2002500 count=2005000
    part[3] cum=50.4688% share=0.374997% device_global=3 rank=1 local_index=-1 offset=4007500 count=30000
    part[4] cum=74.9375% share=24.4688% device_global=4 rank=2 local_index=-1 offset=4037500 count=1957500
    part[5] cum=75.2188% share=0.28125% device_global=5 rank=2 local_index=-1 offset=5995000 count=22500
    part[6] cum=99.7812% share=24.5625% device_global=6 rank=3 local_index=-1 offset=6017500 count=1965000
    part[7] cum=100% share=0.218749% device_global=7 rank=3 local_index=-1 offset=7982500 count=17500
    total=100%
[DCL][balance-metrics] iteration=6100
  policy=threshold
  action=skip
  reason=load difference below fixed threshold; diff=0.00617928, threshold=0.1
  T_compute_interval_s=0.948929
  T_comm_interval_s=4.4293
  T_balance_total_s=0.0180763
  T_rebalance_apply_s=0
  T_compute_accum_s=12.0602
  T_comm_accum_s=31.4851
  T_balance_accum_s=0.419428
  T_rebalance_apply_accum_s=0.10004
  device_times_s:
    part[0]=0.935033
    part[1]=0.941957
    part[2]=0.948929
    part[3]=0.87787
    part[4]=0.928624
    part[5]=0.763038
    part[6]=0.931301
    part[7]=0.726882
  OLD loads:
    part[0] cum=24.625% share=24.625% device_global=0 rank=0 local_index=0 offset=0 count=1970000
    part[1] cum=25.0312% share=0.40625% device_global=1 rank=0 local_index=1 offset=1970000 count=32500
    part[2] cum=50.0938% share=25.0625% device_global=2 rank=1 local_index=-1 offset=2002500 count=2005000
    part[3] cum=50.4688% share=0.374997% device_global=3 rank=1 local_index=-1 offset=4007500 count=30000
    part[4] cum=74.9375% share=24.4688% device_global=4 rank=2 local_index=-1 offset=4037500 count=1957500
    part[5] cum=75.2188% share=0.28125% device_global=5 rank=2 local_index=-1 offset=5995000 count=22500
    part[6] cum=99.7812% share=24.5625% device_global=6 rank=3 local_index=-1 offset=6017500 count=1965000
    part[7] cum=100% share=0.218749% device_global=7 rank=3 local_index=-1 offset=7982500 count=17500
    total=100%
  PROPOSED loads:
    part[0] cum=24.625% share=24.625% device_global=0 rank=0 local_index=0 offset=0 count=1970000
    part[1] cum=25.0312% share=0.40625% device_global=1 rank=0 local_index=1 offset=1970000 count=32500
    part[2] cum=49.6875% share=24.6562% device_global=2 rank=1 local_index=-1 offset=2002500 count=2005000
    part[3] cum=50.0938% share=0.406253% device_global=3 rank=1 local_index=-1 offset=4007500 count=30000
    part[4] cum=74.7188% share=24.625% device_global=4 rank=2 local_index=-1 offset=4037500 count=1957500
    part[5] cum=75.0625% share=0.343752% device_global=5 rank=2 local_index=-1 offset=5995000 count=22500
    part[6] cum=99.7188% share=24.6562% device_global=6 rank=3 local_index=-1 offset=6017500 count=1965000
    part[7] cum=100% share=0.28125% device_global=7 rank=3 local_index=-1 offset=7982500 count=17500
    total=100%
  CURRENT loads:
    part[0] cum=24.625% share=24.625% device_global=0 rank=0 local_index=0 offset=0 count=1970000
    part[1] cum=25.0312% share=0.40625% device_global=1 rank=0 local_index=1 offset=1970000 count=32500
    part[2] cum=50.0938% share=25.0625% device_global=2 rank=1 local_index=-1 offset=2002500 count=2005000
    part[3] cum=50.4688% share=0.374997% device_global=3 rank=1 local_index=-1 offset=4007500 count=30000
    part[4] cum=74.9375% share=24.4688% device_global=4 rank=2 local_index=-1 offset=4037500 count=1957500
    part[5] cum=75.2188% share=0.28125% device_global=5 rank=2 local_index=-1 offset=5995000 count=22500
    part[6] cum=99.7812% share=24.5625% device_global=6 rank=3 local_index=-1 offset=6017500 count=1965000
    part[7] cum=100% share=0.218749% device_global=7 rank=3 local_index=-1 offset=7982500 count=17500
    total=100%
[DCL][balance-metrics] iteration=7100
  policy=threshold
  action=skip
  reason=load difference below fixed threshold; diff=0.00631219, threshold=0.1
  T_compute_interval_s=0.9489
  T_comm_interval_s=4.37831
  T_balance_total_s=0.0146204
  T_rebalance_apply_s=0
  T_compute_accum_s=13.0091
  T_comm_accum_s=35.8634
  T_balance_accum_s=0.434049
  T_rebalance_apply_accum_s=0.10004
  device_times_s:
    part[0]=0.935154
    part[1]=0.935127
    part[2]=0.9489
    part[3]=0.882465
    part[4]=0.929194
    part[5]=0.742805
    part[6]=0.931028
    part[7]=0.698373
  OLD loads:
    part[0] cum=24.625% share=24.625% device_global=0 rank=0 local_index=0 offset=0 count=1970000
    part[1] cum=25.0312% share=0.40625% device_global=1 rank=0 local_index=1 offset=1970000 count=32500
    part[2] cum=50.0938% share=25.0625% device_global=2 rank=1 local_index=-1 offset=2002500 count=2005000
    part[3] cum=50.4688% share=0.374997% device_global=3 rank=1 local_index=-1 offset=4007500 count=30000
    part[4] cum=74.9375% share=24.4688% device_global=4 rank=2 local_index=-1 offset=4037500 count=1957500
    part[5] cum=75.2188% share=0.28125% device_global=5 rank=2 local_index=-1 offset=5995000 count=22500
    part[6] cum=99.7812% share=24.5625% device_global=6 rank=3 local_index=-1 offset=6017500 count=1965000
    part[7] cum=100% share=0.218749% device_global=7 rank=3 local_index=-1 offset=7982500 count=17500
    total=100%
  PROPOSED loads:
    part[0] cum=24.5938% share=24.5938% device_global=0 rank=0 local_index=0 offset=0 count=1970000
    part[1] cum=25% share=0.40625% device_global=1 rank=0 local_index=1 offset=1970000 count=32500
    part[2] cum=49.6875% share=24.6875% device_global=2 rank=1 local_index=-1 offset=2002500 count=2005000
    part[3] cum=50.0938% share=0.406253% device_global=3 rank=1 local_index=-1 offset=4007500 count=30000
    part[4] cum=74.6875% share=24.5937% device_global=4 rank=2 local_index=-1 offset=4037500 count=1957500
    part[5] cum=75.0625% share=0.375003% device_global=5 rank=2 local_index=-1 offset=5995000 count=22500
    part[6] cum=99.7188% share=24.6562% device_global=6 rank=3 local_index=-1 offset=6017500 count=1965000
    part[7] cum=100% share=0.28125% device_global=7 rank=3 local_index=-1 offset=7982500 count=17500
    total=100%
  CURRENT loads:
    part[0] cum=24.625% share=24.625% device_global=0 rank=0 local_index=0 offset=0 count=1970000
    part[1] cum=25.0312% share=0.40625% device_global=1 rank=0 local_index=1 offset=1970000 count=32500
    part[2] cum=50.0938% share=25.0625% device_global=2 rank=1 local_index=-1 offset=2002500 count=2005000
    part[3] cum=50.4688% share=0.374997% device_global=3 rank=1 local_index=-1 offset=4007500 count=30000
    part[4] cum=74.9375% share=24.4688% device_global=4 rank=2 local_index=-1 offset=4037500 count=1957500
    part[5] cum=75.2188% share=0.28125% device_global=5 rank=2 local_index=-1 offset=5995000 count=22500
    part[6] cum=99.7812% share=24.5625% device_global=6 rank=3 local_index=-1 offset=6017500 count=1965000
    part[7] cum=100% share=0.218749% device_global=7 rank=3 local_index=-1 offset=7982500 count=17500
    total=100%
[DCL][balance-metrics] iteration=8100
  policy=threshold
  action=skip
  reason=load difference below fixed threshold; diff=0.00642718, threshold=0.1
  T_compute_interval_s=0.949038
  T_comm_interval_s=4.40881
  T_balance_total_s=0.0164443
  T_rebalance_apply_s=0
  T_compute_accum_s=13.9581
  T_comm_accum_s=40.2722
  T_balance_accum_s=0.450493
  T_rebalance_apply_accum_s=0.10004
  device_times_s:
    part[0]=0.934971
    part[1]=0.93733
    part[2]=0.949038
    part[3]=0.877351
    part[4]=0.929592
    part[5]=0.730332
    part[6]=0.931174
    part[7]=0.662529
  OLD loads:
    part[0] cum=24.625% share=24.625% device_global=0 rank=0 local_index=0 offset=0 count=1970000
    part[1] cum=25.0312% share=0.40625% device_global=1 rank=0 local_index=1 offset=1970000 count=32500
    part[2] cum=50.0938% share=25.0625% device_global=2 rank=1 local_index=-1 offset=2002500 count=2005000
    part[3] cum=50.4688% share=0.374997% device_global=3 rank=1 local_index=-1 offset=4007500 count=30000
    part[4] cum=74.9375% share=24.4688% device_global=4 rank=2 local_index=-1 offset=4037500 count=1957500
    part[5] cum=75.2188% share=0.28125% device_global=5 rank=2 local_index=-1 offset=5995000 count=22500
    part[6] cum=99.7812% share=24.5625% device_global=6 rank=3 local_index=-1 offset=6017500 count=1965000
    part[7] cum=100% share=0.218749% device_global=7 rank=3 local_index=-1 offset=7982500 count=17500
    total=100%
  PROPOSED loads:
    part[0] cum=24.625% share=24.625% device_global=0 rank=0 local_index=0 offset=0 count=1970000
    part[1] cum=25% share=0.375% device_global=1 rank=0 local_index=1 offset=1970000 count=32500
    part[2] cum=49.6875% share=24.6875% device_global=2 rank=1 local_index=-1 offset=2002500 count=2005000
    part[3] cum=50.0938% share=0.406253% device_global=3 rank=1 local_index=-1 offset=4007500 count=30000
    part[4] cum=74.6875% share=24.5937% device_global=4 rank=2 local_index=-1 offset=4037500 count=1957500
    part[5] cum=75.0312% share=0.343752% device_global=5 rank=2 local_index=-1 offset=5995000 count=22500
    part[6] cum=99.6875% share=24.6562% device_global=6 rank=3 local_index=-1 offset=6017500 count=1965000
    part[7] cum=100% share=0.312501% device_global=7 rank=3 local_index=-1 offset=7982500 count=17500
    total=100%
  CURRENT loads:
    part[0] cum=24.625% share=24.625% device_global=0 rank=0 local_index=0 offset=0 count=1970000
    part[1] cum=25.0312% share=0.40625% device_global=1 rank=0 local_index=1 offset=1970000 count=32500
    part[2] cum=50.0938% share=25.0625% device_global=2 rank=1 local_index=-1 offset=2002500 count=2005000
    part[3] cum=50.4688% share=0.374997% device_global=3 rank=1 local_index=-1 offset=4007500 count=30000
    part[4] cum=74.9375% share=24.4688% device_global=4 rank=2 local_index=-1 offset=4037500 count=1957500
    part[5] cum=75.2188% share=0.28125% device_global=5 rank=2 local_index=-1 offset=5995000 count=22500
    part[6] cum=99.7812% share=24.5625% device_global=6 rank=3 local_index=-1 offset=6017500 count=1965000
    part[7] cum=100% share=0.218749% device_global=7 rank=3 local_index=-1 offset=7982500 count=17500
    total=100%
[DCL][balance-metrics] iteration=9100
  policy=threshold
  action=skip
  reason=load difference below fixed threshold; diff=0.00674595, threshold=0.1
  T_compute_interval_s=0.94893
  T_comm_interval_s=4.32891
  T_balance_total_s=0.0155401
  T_rebalance_apply_s=0
  T_compute_accum_s=14.9071
  T_comm_accum_s=44.6011
  T_balance_accum_s=0.466033
  T_rebalance_apply_accum_s=0.10004
  device_times_s:
    part[0]=0.935155
    part[1]=0.938281
    part[2]=0.94893
    part[3]=0.871962
    part[4]=0.929529
    part[5]=0.717029
    part[6]=0.930891
    part[7]=0.6427
  OLD loads:
    part[0] cum=24.625% share=24.625% device_global=0 rank=0 local_index=0 offset=0 count=1970000
    part[1] cum=25.0312% share=0.40625% device_global=1 rank=0 local_index=1 offset=1970000 count=32500
    part[2] cum=50.0938% share=25.0625% device_global=2 rank=1 local_index=-1 offset=2002500 count=2005000
    part[3] cum=50.4688% share=0.374997% device_global=3 rank=1 local_index=-1 offset=4007500 count=30000
    part[4] cum=74.9375% share=24.4688% device_global=4 rank=2 local_index=-1 offset=4037500 count=1957500
    part[5] cum=75.2188% share=0.28125% device_global=5 rank=2 local_index=-1 offset=5995000 count=22500
    part[6] cum=99.7812% share=24.5625% device_global=6 rank=3 local_index=-1 offset=6017500 count=1965000
    part[7] cum=100% share=0.218749% device_global=7 rank=3 local_index=-1 offset=7982500 count=17500
    total=100%
  PROPOSED loads:
    part[0] cum=24.5938% share=24.5938% device_global=0 rank=0 local_index=0 offset=0 count=1970000
    part[1] cum=25% share=0.40625% device_global=1 rank=0 local_index=1 offset=1970000 count=32500
    part[2] cum=49.6875% share=24.6875% device_global=2 rank=1 local_index=-1 offset=2002500 count=2005000
    part[3] cum=50.0625% share=0.375003% device_global=3 rank=1 local_index=-1 offset=4007500 count=30000
    part[4] cum=74.6562% share=24.5937% device_global=4 rank=2 local_index=-1 offset=4037500 count=1957500
    part[5] cum=75.0312% share=0.375003% device_global=5 rank=2 local_index=-1 offset=5995000 count=22500
    part[6] cum=99.6875% share=24.6562% device_global=6 rank=3 local_index=-1 offset=6017500 count=1965000
    part[7] cum=100% share=0.312501% device_global=7 rank=3 local_index=-1 offset=7982500 count=17500
    total=100%
  CURRENT loads:
    part[0] cum=24.625% share=24.625% device_global=0 rank=0 local_index=0 offset=0 count=1970000
    part[1] cum=25.0312% share=0.40625% device_global=1 rank=0 local_index=1 offset=1970000 count=32500
    part[2] cum=50.0938% share=25.0625% device_global=2 rank=1 local_index=-1 offset=2002500 count=2005000
    part[3] cum=50.4688% share=0.374997% device_global=3 rank=1 local_index=-1 offset=4007500 count=30000
    part[4] cum=74.9375% share=24.4688% device_global=4 rank=2 local_index=-1 offset=4037500 count=1957500
    part[5] cum=75.2188% share=0.28125% device_global=5 rank=2 local_index=-1 offset=5995000 count=22500
    part[6] cum=99.7812% share=24.5625% device_global=6 rank=3 local_index=-1 offset=6017500 count=1965000
    part[7] cum=100% share=0.218749% device_global=7 rank=3 local_index=-1 offset=7982500 count=17500
    total=100%

=== PARTICOES FINAIS ===
=== Particoes globais ===
part[0] device_global=0 rank=0 local_index=0 offset=0 count=1970000
part[1] device_global=1 rank=0 local_index=1 offset=1970000 count=32500
part[2] device_global=2 rank=1 local_index=-1 offset=2002500 count=2005000
part[3] device_global=3 rank=1 local_index=-1 offset=4007500 count=30000
part[4] device_global=4 rank=2 local_index=-1 offset=4037500 count=1957500
part[5] device_global=5 rank=2 local_index=-1 offset=5995000 count=22500
part[6] device_global=6 rank=3 local_index=-1 offset=6017500 count=1965000
part[7] device_global=7 rank=3 local_index=-1 offset=7982500 count=17500


============================
ITERACAO 10000
Tempo de execução: 56.7957s
