=== Dispositivos locais do rank 0 ===
global=0 local=0 nome="NVIDIA RTX 2000 Ada Generation" compute_units=22
global=1 local=1 nome="Intel(R) Xeon(R) CPU           E5620  @ 2.40GHz" compute_units=16

=== Dispositivos locais do rank 1 ===
global=2 local=0 nome="NVIDIA RTX 2000 Ada Generation" compute_units=22
global=3 local=1 nome="Intel(R) Xeon(R) CPU           E5620  @ 2.40GHz" compute_units=16

=== Dispositivos locais do rank 3 ===
global=6 local=0 nome="NVIDIA RTX 2000 Ada Generation" compute_units=22
global=7 local=1 nome="Intel(R) Xeon(R) CPU           E5620  @ 2.40GHz" compute_units=16

=== Dispositivos locais do rank 2 ===
global=4 local=0 nome="NVIDIA RTX 2000 Ada Generation" compute_units=22
global=5 local=1 nome="Intel(R) Xeon(R) CPU           E5620  @ 2.40GHz" compute_units=16

=== PARTICOES INICIAIS ===
=== Particoes globais ===
part[0] device_global=0 rank=0 local_index=0 offset=0 count=1000000
part[1] device_global=1 rank=0 local_index=1 offset=1000000 count=1000000
part[2] device_global=2 rank=1 local_index=-1 offset=2000000 count=1000000
part[3] device_global=3 rank=1 local_index=-1 offset=3000000 count=1000000
part[4] device_global=4 rank=2 local_index=-1 offset=4000000 count=1000000
part[5] device_global=5 rank=2 local_index=-1 offset=5000000 count=1000000
part[6] device_global=6 rank=3 local_index=-1 offset=6000000 count=1000000
part[7] device_global=7 rank=3 local_index=-1 offset=7000000 count=1000000

X = 50 Y = 50 Z = 3200 Iterations = 10000
[DCL][balance-metrics] iteration=100
  policy=threshold
  action=rebalance
  reason=accepted by fixed threshold; diff=0.251677, threshold=0.1
  T_compute_interval_s=5.46062
  T_comm_interval_s=5.33223
  T_balance_total_s=0.33839
  T_rebalance_apply_s=0.120891
  T_compute_accum_s=5.46062
  T_comm_accum_s=5.33223
  T_balance_accum_s=0.33839
  T_rebalance_apply_accum_s=0.120891
  device_times_s:
    part[0]=0.0488479
    part[1]=3.02292
    part[2]=0.0480557
    part[3]=3.05737
    part[4]=0.0491197
    part[5]=4.28676
    part[6]=0.0501836
    part[7]=5.46062
  OLD loads:
    part[0] cum=12.5% share=12.5% device_global=0 rank=0 local_index=0 offset=0 count=1982500
    part[1] cum=25% share=12.5% device_global=1 rank=0 local_index=1 offset=1982500 count=32500
    part[2] cum=37.5% share=12.5% device_global=2 rank=1 local_index=-1 offset=2015000 count=2012500
    part[3] cum=50% share=12.5% device_global=3 rank=1 local_index=-1 offset=4027500 count=32500
    part[4] cum=62.5% share=12.5% device_global=4 rank=2 local_index=-1 offset=4060000 count=1970000
    part[5] cum=75% share=12.5% device_global=5 rank=2 local_index=-1 offset=6030000 count=22500
    part[6] cum=87.5% share=12.5% device_global=6 rank=3 local_index=-1 offset=6052500 count=1930000
    part[7] cum=100% share=12.5% device_global=7 rank=3 local_index=-1 offset=7982500 count=17500
    total=100%
  PROPOSED loads:
    part[0] cum=24.7812% share=24.7812% device_global=0 rank=0 local_index=0 offset=0 count=1982500
    part[1] cum=25.1875% share=0.406252% device_global=1 rank=0 local_index=1 offset=1982500 count=32500
    part[2] cum=50.3438% share=25.1562% device_global=2 rank=1 local_index=-1 offset=2015000 count=2012500
    part[3] cum=50.75% share=0.406247% device_global=3 rank=1 local_index=-1 offset=4027500 count=32500
    part[4] cum=75.375% share=24.625% device_global=4 rank=2 local_index=-1 offset=4060000 count=1970000
    part[5] cum=75.6562% share=0.281245% device_global=5 rank=2 local_index=-1 offset=6030000 count=22500
    part[6] cum=99.7812% share=24.125% device_global=6 rank=3 local_index=-1 offset=6052500 count=1930000
    part[7] cum=100% share=0.218749% device_global=7 rank=3 local_index=-1 offset=7982500 count=17500
    total=100%
  CURRENT loads:
    part[0] cum=24.7812% share=24.7812% device_global=0 rank=0 local_index=0 offset=0 count=1982500
    part[1] cum=25.1875% share=0.406252% device_global=1 rank=0 local_index=1 offset=1982500 count=32500
    part[2] cum=50.3438% share=25.1562% device_global=2 rank=1 local_index=-1 offset=2015000 count=2012500
    part[3] cum=50.75% share=0.406247% device_global=3 rank=1 local_index=-1 offset=4027500 count=32500
    part[4] cum=75.375% share=24.625% device_global=4 rank=2 local_index=-1 offset=4060000 count=1970000
    part[5] cum=75.6562% share=0.281245% device_global=5 rank=2 local_index=-1 offset=6030000 count=22500
    part[6] cum=99.7812% share=24.125% device_global=6 rank=3 local_index=-1 offset=6052500 count=1930000
    part[7] cum=100% share=0.218749% device_global=7 rank=3 local_index=-1 offset=7982500 count=17500
    total=100%
[DCL][balance-metrics] iteration=1100
  policy=threshold
  action=skip
  reason=load difference below fixed threshold; diff=0.0102317, threshold=0.1
  T_compute_interval_s=1.46445
  T_comm_interval_s=4.24625
  T_balance_total_s=0.016867
  T_rebalance_apply_s=0
  T_compute_accum_s=6.92507
  T_comm_accum_s=9.57848
  T_balance_accum_s=0.355257
  T_rebalance_apply_accum_s=0.120891
  device_times_s:
    part[0]=0.941072
    part[1]=0.982404
    part[2]=0.954405
    part[3]=1.15648
    part[4]=0.936255
    part[5]=1.46445
    part[6]=0.915499
    part[7]=1.37013
  OLD loads:
    part[0] cum=24.7812% share=24.7812% device_global=0 rank=0 local_index=0 offset=0 count=1982500
    part[1] cum=25.1875% share=0.406252% device_global=1 rank=0 local_index=1 offset=1982500 count=32500
    part[2] cum=50.3438% share=25.1562% device_global=2 rank=1 local_index=-1 offset=2015000 count=2012500
    part[3] cum=50.75% share=0.406247% device_global=3 rank=1 local_index=-1 offset=4027500 count=32500
    part[4] cum=75.375% share=24.625% device_global=4 rank=2 local_index=-1 offset=4060000 count=1970000
    part[5] cum=75.6562% share=0.281245% device_global=5 rank=2 local_index=-1 offset=6030000 count=22500
    part[6] cum=99.7812% share=24.125% device_global=6 rank=3 local_index=-1 offset=6052500 count=1930000
    part[7] cum=100% share=0.218749% device_global=7 rank=3 local_index=-1 offset=7982500 count=17500
    total=100%
  PROPOSED loads:
    part[0] cum=24.75% share=24.75% device_global=0 rank=0 local_index=0 offset=0 count=1982500
    part[1] cum=25.125% share=0.375% device_global=1 rank=0 local_index=1 offset=1982500 count=32500
    part[2] cum=49.875% share=24.75% device_global=2 rank=1 local_index=-1 offset=2015000 count=2012500
    part[3] cum=50.2188% share=0.343749% device_global=3 rank=1 local_index=-1 offset=4027500 count=32500
    part[4] cum=74.9062% share=24.6875% device_global=4 rank=2 local_index=-1 offset=4060000 count=1970000
    part[5] cum=75.0938% share=0.187504% device_global=5 rank=2 local_index=-1 offset=6030000 count=22500
    part[6] cum=99.8438% share=24.75% device_global=6 rank=3 local_index=-1 offset=6052500 count=1930000
    part[7] cum=100% share=0.156248% device_global=7 rank=3 local_index=-1 offset=7982500 count=17500
    total=100%
  CURRENT loads:
    part[0] cum=24.7812% share=24.7812% device_global=0 rank=0 local_index=0 offset=0 count=1982500
    part[1] cum=25.1875% share=0.406252% device_global=1 rank=0 local_index=1 offset=1982500 count=32500
    part[2] cum=50.3438% share=25.1562% device_global=2 rank=1 local_index=-1 offset=2015000 count=2012500
    part[3] cum=50.75% share=0.406247% device_global=3 rank=1 local_index=-1 offset=4027500 count=32500
    part[4] cum=75.375% share=24.625% device_global=4 rank=2 local_index=-1 offset=4060000 count=1970000
    part[5] cum=75.6562% share=0.281245% device_global=5 rank=2 local_index=-1 offset=6030000 count=22500
    part[6] cum=99.7812% share=24.125% device_global=6 rank=3 local_index=-1 offset=6052500 count=1930000
    part[7] cum=100% share=0.218749% device_global=7 rank=3 local_index=-1 offset=7982500 count=17500
    total=100%
[DCL][balance-metrics] iteration=2100
  policy=threshold
  action=skip
  reason=load difference below fixed threshold; diff=0.0107347, threshold=0.1
  T_compute_interval_s=1.24652
  T_comm_interval_s=4.28193
  T_balance_total_s=0.0157302
  T_rebalance_apply_s=0
  T_compute_accum_s=8.17159
  T_comm_accum_s=13.8604
  T_balance_accum_s=0.370988
  T_rebalance_apply_accum_s=0.120891
  device_times_s:
    part[0]=0.941081
    part[1]=0.954389
    part[2]=0.953322
    part[3]=0.997023
    part[4]=0.935387
    part[5]=1.05912
    part[6]=0.914856
    part[7]=1.24652
  OLD loads:
    part[0] cum=24.7812% share=24.7812% device_global=0 rank=0 local_index=0 offset=0 count=1982500
    part[1] cum=25.1875% share=0.406252% device_global=1 rank=0 local_index=1 offset=1982500 count=32500
    part[2] cum=50.3438% share=25.1562% device_global=2 rank=1 local_index=-1 offset=2015000 count=2012500
    part[3] cum=50.75% share=0.406247% device_global=3 rank=1 local_index=-1 offset=4027500 count=32500
    part[4] cum=75.375% share=24.625% device_global=4 rank=2 local_index=-1 offset=4060000 count=1970000
    part[5] cum=75.6562% share=0.281245% device_global=5 rank=2 local_index=-1 offset=6030000 count=22500
    part[6] cum=99.7812% share=24.125% device_global=6 rank=3 local_index=-1 offset=6052500 count=1930000
    part[7] cum=100% share=0.218749% device_global=7 rank=3 local_index=-1 offset=7982500 count=17500
    total=100%
  PROPOSED loads:
    part[0] cum=24.6875% share=24.6875% device_global=0 rank=0 local_index=0 offset=0 count=1982500
    part[1] cum=25.0938% share=0.406249% device_global=1 rank=0 local_index=1 offset=1982500 count=32500
    part[2] cum=49.8125% share=24.7188% device_global=2 rank=1 local_index=-1 offset=2015000 count=2012500
    part[3] cum=50.1875% share=0.375% device_global=3 rank=1 local_index=-1 offset=4027500 count=32500
    part[4] cum=74.875% share=24.6875% device_global=4 rank=2 local_index=-1 offset=4060000 count=1970000
    part[5] cum=75.125% share=0.250006% device_global=5 rank=2 local_index=-1 offset=6030000 count=22500
    part[6] cum=99.8438% share=24.7188% device_global=6 rank=3 local_index=-1 offset=6052500 count=1930000
    part[7] cum=100% share=0.156248% device_global=7 rank=3 local_index=-1 offset=7982500 count=17500
    total=100%
  CURRENT loads:
    part[0] cum=24.7812% share=24.7812% device_global=0 rank=0 local_index=0 offset=0 count=1982500
    part[1] cum=25.1875% share=0.406252% device_global=1 rank=0 local_index=1 offset=1982500 count=32500
    part[2] cum=50.3438% share=25.1562% device_global=2 rank=1 local_index=-1 offset=2015000 count=2012500
    part[3] cum=50.75% share=0.406247% device_global=3 rank=1 local_index=-1 offset=4027500 count=32500
    part[4] cum=75.375% share=24.625% device_global=4 rank=2 local_index=-1 offset=4060000 count=1970000
    part[5] cum=75.6562% share=0.281245% device_global=5 rank=2 local_index=-1 offset=6030000 count=22500
    part[6] cum=99.7812% share=24.125% device_global=6 rank=3 local_index=-1 offset=6052500 count=1930000
    part[7] cum=100% share=0.218749% device_global=7 rank=3 local_index=-1 offset=7982500 count=17500
    total=100%
[DCL][balance-metrics] iteration=3100
  policy=threshold
  action=skip
  reason=load difference below fixed threshold; diff=0.0111803, threshold=0.1
  T_compute_interval_s=1.04121
  T_comm_interval_s=4.29584
  T_balance_total_s=0.0170502
  T_rebalance_apply_s=0
  T_compute_accum_s=9.2128
  T_comm_accum_s=18.1562
  T_balance_accum_s=0.388038
  T_rebalance_apply_accum_s=0.120891
  device_times_s:
    part[0]=0.940289
    part[1]=0.93167
    part[2]=0.953303
    part[3]=0.962869
    part[4]=0.935581
    part[5]=0.86708
    part[6]=0.915106
    part[7]=1.04121
  OLD loads:
    part[0] cum=24.7812% share=24.7812% device_global=0 rank=0 local_index=0 offset=0 count=1982500
    part[1] cum=25.1875% share=0.406252% device_global=1 rank=0 local_index=1 offset=1982500 count=32500
    part[2] cum=50.3438% share=25.1562% device_global=2 rank=1 local_index=-1 offset=2015000 count=2012500
    part[3] cum=50.75% share=0.406247% device_global=3 rank=1 local_index=-1 offset=4027500 count=32500
    part[4] cum=75.375% share=24.625% device_global=4 rank=2 local_index=-1 offset=4060000 count=1970000
    part[5] cum=75.6562% share=0.281245% device_global=5 rank=2 local_index=-1 offset=6030000 count=22500
    part[6] cum=99.7812% share=24.125% device_global=6 rank=3 local_index=-1 offset=6052500 count=1930000
    part[7] cum=100% share=0.218749% device_global=7 rank=3 local_index=-1 offset=7982500 count=17500
    total=100%
  PROPOSED loads:
    part[0] cum=24.6875% share=24.6875% device_global=0 rank=0 local_index=0 offset=0 count=1982500
    part[1] cum=25.0938% share=0.406249% device_global=1 rank=0 local_index=1 offset=1982500 count=32500
    part[2] cum=49.7812% share=24.6875% device_global=2 rank=1 local_index=-1 offset=2015000 count=2012500
    part[3] cum=50.1875% share=0.406247% device_global=3 rank=1 local_index=-1 offset=4027500 count=32500
    part[4] cum=74.8125% share=24.625% device_global=4 rank=2 local_index=-1 offset=4060000 count=1970000
    part[5] cum=75.125% share=0.312501% device_global=5 rank=2 local_index=-1 offset=6030000 count=22500
    part[6] cum=99.8125% share=24.6875% device_global=6 rank=3 local_index=-1 offset=6052500 count=1930000
    part[7] cum=100% share=0.187498% device_global=7 rank=3 local_index=-1 offset=7982500 count=17500
    total=100%
  CURRENT loads:
    part[0] cum=24.7812% share=24.7812% device_global=0 rank=0 local_index=0 offset=0 count=1982500
    part[1] cum=25.1875% share=0.406252% device_global=1 rank=0 local_index=1 offset=1982500 count=32500
    part[2] cum=50.3438% share=25.1562% device_global=2 rank=1 local_index=-1 offset=2015000 count=2012500
    part[3] cum=50.75% share=0.406247% device_global=3 rank=1 local_index=-1 offset=4027500 count=32500
    part[4] cum=75.375% share=24.625% device_global=4 rank=2 local_index=-1 offset=4060000 count=1970000
    part[5] cum=75.6562% share=0.281245% device_global=5 rank=2 local_index=-1 offset=6030000 count=22500
    part[6] cum=99.7812% share=24.125% device_global=6 rank=3 local_index=-1 offset=6052500 count=1930000
    part[7] cum=100% share=0.218749% device_global=7 rank=3 local_index=-1 offset=7982500 count=17500
    total=100%
[DCL][balance-metrics] iteration=4100
  policy=threshold
  action=skip
  reason=load difference below fixed threshold; diff=0.0118585, threshold=0.1
  T_compute_interval_s=0.953047
  T_comm_interval_s=4.3519
  T_balance_total_s=0.0150727
  T_rebalance_apply_s=0
  T_compute_accum_s=10.1659
  T_comm_accum_s=22.5081
  T_balance_accum_s=0.40311
  T_rebalance_apply_accum_s=0.120891
  device_times_s:
    part[0]=0.9408
    part[1]=0.932233
    part[2]=0.953047
    part[3]=0.95202
    part[4]=0.936141
    part[5]=0.815115
    part[6]=0.915219
    part[7]=0.856763
  OLD loads:
    part[0] cum=24.7812% share=24.7812% device_global=0 rank=0 local_index=0 offset=0 count=1982500
    part[1] cum=25.1875% share=0.406252% device_global=1 rank=0 local_index=1 offset=1982500 count=32500
    part[2] cum=50.3438% share=25.1562% device_global=2 rank=1 local_index=-1 offset=2015000 count=2012500
    part[3] cum=50.75% share=0.406247% device_global=3 rank=1 local_index=-1 offset=4027500 count=32500
    part[4] cum=75.375% share=24.625% device_global=4 rank=2 local_index=-1 offset=4060000 count=1970000
    part[5] cum=75.6562% share=0.281245% device_global=5 rank=2 local_index=-1 offset=6030000 count=22500
    part[6] cum=99.7812% share=24.125% device_global=6 rank=3 local_index=-1 offset=6052500 count=1930000
    part[7] cum=100% share=0.218749% device_global=7 rank=3 local_index=-1 offset=7982500 count=17500
    total=100%
  PROPOSED loads:
    part[0] cum=24.6562% share=24.6562% device_global=0 rank=0 local_index=0 offset=0 count=1982500
    part[1] cum=25.0625% share=0.406252% device_global=1 rank=0 local_index=1 offset=1982500 count=32500
    part[2] cum=49.75% share=24.6875% device_global=2 rank=1 local_index=-1 offset=2015000 count=2012500
    part[3] cum=50.1562% share=0.406247% device_global=3 rank=1 local_index=-1 offset=4027500 count=32500
    part[4] cum=74.7812% share=24.625% device_global=4 rank=2 local_index=-1 offset=4060000 count=1970000
    part[5] cum=75.0938% share=0.312501% device_global=5 rank=2 local_index=-1 offset=6030000 count=22500
    part[6] cum=99.75% share=24.6562% device_global=6 rank=3 local_index=-1 offset=6052500 count=1930000
    part[7] cum=100% share=0.25% device_global=7 rank=3 local_index=-1 offset=7982500 count=17500
    total=100%
  CURRENT loads:
    part[0] cum=24.7812% share=24.7812% device_global=0 rank=0 local_index=0 offset=0 count=1982500
    part[1] cum=25.1875% share=0.406252% device_global=1 rank=0 local_index=1 offset=1982500 count=32500
    part[2] cum=50.3438% share=25.1562% device_global=2 rank=1 local_index=-1 offset=2015000 count=2012500
    part[3] cum=50.75% share=0.406247% device_global=3 rank=1 local_index=-1 offset=4027500 count=32500
    part[4] cum=75.375% share=24.625% device_global=4 rank=2 local_index=-1 offset=4060000 count=1970000
    part[5] cum=75.6562% share=0.281245% device_global=5 rank=2 local_index=-1 offset=6030000 count=22500
    part[6] cum=99.7812% share=24.125% device_global=6 rank=3 local_index=-1 offset=6052500 count=1930000
    part[7] cum=100% share=0.218749% device_global=7 rank=3 local_index=-1 offset=7982500 count=17500
    total=100%
[DCL][balance-metrics] iteration=5100
  policy=threshold
  action=skip
  reason=load difference below fixed threshold; diff=0.0121755, threshold=0.1
  T_compute_interval_s=0.953083
  T_comm_interval_s=4.37543
  T_balance_total_s=0.0161019
  T_rebalance_apply_s=0
  T_compute_accum_s=11.1189
  T_comm_accum_s=26.8836
  T_balance_accum_s=0.419212
  T_rebalance_apply_accum_s=0.120891
  device_times_s:
    part[0]=0.940611
    part[1]=0.926863
    part[2]=0.953083
    part[3]=0.945509
    part[4]=0.935764
    part[5]=0.793864
    part[6]=0.915253
    part[7]=0.775275
  OLD loads:
    part[0] cum=24.7812% share=24.7812% device_global=0 rank=0 local_index=0 offset=0 count=1982500
    part[1] cum=25.1875% share=0.406252% device_global=1 rank=0 local_index=1 offset=1982500 count=32500
    part[2] cum=50.3438% share=25.1562% device_global=2 rank=1 local_index=-1 offset=2015000 count=2012500
    part[3] cum=50.75% share=0.406247% device_global=3 rank=1 local_index=-1 offset=4027500 count=32500
    part[4] cum=75.375% share=24.625% device_global=4 rank=2 local_index=-1 offset=4060000 count=1970000
    part[5] cum=75.6562% share=0.281245% device_global=5 rank=2 local_index=-1 offset=6030000 count=22500
    part[6] cum=99.7812% share=24.125% device_global=6 rank=3 local_index=-1 offset=6052500 count=1930000
    part[7] cum=100% share=0.218749% device_global=7 rank=3 local_index=-1 offset=7982500 count=17500
    total=100%
  PROPOSED loads:
    part[0] cum=24.6562% share=24.6562% device_global=0 rank=0 local_index=0 offset=0 count=1982500
    part[1] cum=25.0625% share=0.406252% device_global=1 rank=0 local_index=1 offset=1982500 count=32500
    part[2] cum=49.75% share=24.6875% device_global=2 rank=1 local_index=-1 offset=2015000 count=2012500
    part[3] cum=50.125% share=0.375003% device_global=3 rank=1 local_index=-1 offset=4027500 count=32500
    part[4] cum=74.75% share=24.625% device_global=4 rank=2 local_index=-1 offset=4060000 count=1970000
    part[5] cum=75.0938% share=0.343752% device_global=5 rank=2 local_index=-1 offset=6030000 count=22500
    part[6] cum=99.75% share=24.6562% device_global=6 rank=3 local_index=-1 offset=6052500 count=1930000
    part[7] cum=100% share=0.25% device_global=7 rank=3 local_index=-1 offset=7982500 count=17500
    total=100%
  CURRENT loads:
    part[0] cum=24.7812% share=24.7812% device_global=0 rank=0 local_index=0 offset=0 count=1982500
    part[1] cum=25.1875% share=0.406252% device_global=1 rank=0 local_index=1 offset=1982500 count=32500
    part[2] cum=50.3438% share=25.1562% device_global=2 rank=1 local_index=-1 offset=2015000 count=2012500
    part[3] cum=50.75% share=0.406247% device_global=3 rank=1 local_index=-1 offset=4027500 count=32500
    part[4] cum=75.375% share=24.625% device_global=4 rank=2 local_index=-1 offset=4060000 count=1970000
    part[5] cum=75.6562% share=0.281245% device_global=5 rank=2 local_index=-1 offset=6030000 count=22500
    part[6] cum=99.7812% share=24.125% device_global=6 rank=3 local_index=-1 offset=6052500 count=1930000
    part[7] cum=100% share=0.218749% device_global=7 rank=3 local_index=-1 offset=7982500 count=17500
    total=100%
[DCL][balance-metrics] iteration=6100
  policy=threshold
  action=skip
  reason=load difference below fixed threshold; diff=0.0127169, threshold=0.1
  T_compute_interval_s=0.953091
  T_comm_interval_s=4.29585
  T_balance_total_s=0.0146225
  T_rebalance_apply_s=0
  T_compute_accum_s=12.072
  T_comm_accum_s=31.1794
  T_balance_accum_s=0.433835
  T_rebalance_apply_accum_s=0.120891
  device_times_s:
    part[0]=0.940813
    part[1]=0.941836
    part[2]=0.953091
    part[3]=0.939545
    part[4]=0.935482
    part[5]=0.765774
    part[6]=0.915135
    part[7]=0.719642
  OLD loads:
    part[0] cum=24.7812% share=24.7812% device_global=0 rank=0 local_index=0 offset=0 count=1982500
    part[1] cum=25.1875% share=0.406252% device_global=1 rank=0 local_index=1 offset=1982500 count=32500
    part[2] cum=50.3438% share=25.1562% device_global=2 rank=1 local_index=-1 offset=2015000 count=2012500
    part[3] cum=50.75% share=0.406247% device_global=3 rank=1 local_index=-1 offset=4027500 count=32500
    part[4] cum=75.375% share=24.625% device_global=4 rank=2 local_index=-1 offset=4060000 count=1970000
    part[5] cum=75.6562% share=0.281245% device_global=5 rank=2 local_index=-1 offset=6030000 count=22500
    part[6] cum=99.7812% share=24.125% device_global=6 rank=3 local_index=-1 offset=6052500 count=1930000
    part[7] cum=100% share=0.218749% device_global=7 rank=3 local_index=-1 offset=7982500 count=17500
    total=100%
  PROPOSED loads:
    part[0] cum=24.625% share=24.625% device_global=0 rank=0 local_index=0 offset=0 count=1982500
    part[1] cum=25.0312% share=0.40625% device_global=1 rank=0 local_index=1 offset=1982500 count=32500
    part[2] cum=49.7188% share=24.6875% device_global=2 rank=1 local_index=-1 offset=2015000 count=2012500
    part[3] cum=50.125% share=0.406253% device_global=3 rank=1 local_index=-1 offset=4027500 count=32500
    part[4] cum=74.7188% share=24.5937% device_global=4 rank=2 local_index=-1 offset=4060000 count=1970000
    part[5] cum=75.0625% share=0.343752% device_global=5 rank=2 local_index=-1 offset=6030000 count=22500
    part[6] cum=99.7188% share=24.6562% device_global=6 rank=3 local_index=-1 offset=6052500 count=1930000
    part[7] cum=100% share=0.28125% device_global=7 rank=3 local_index=-1 offset=7982500 count=17500
    total=100%
  CURRENT loads:
    part[0] cum=24.7812% share=24.7812% device_global=0 rank=0 local_index=0 offset=0 count=1982500
    part[1] cum=25.1875% share=0.406252% device_global=1 rank=0 local_index=1 offset=1982500 count=32500
    part[2] cum=50.3438% share=25.1562% device_global=2 rank=1 local_index=-1 offset=2015000 count=2012500
    part[3] cum=50.75% share=0.406247% device_global=3 rank=1 local_index=-1 offset=4027500 count=32500
    part[4] cum=75.375% share=24.625% device_global=4 rank=2 local_index=-1 offset=4060000 count=1970000
    part[5] cum=75.6562% share=0.281245% device_global=5 rank=2 local_index=-1 offset=6030000 count=22500
    part[6] cum=99.7812% share=24.125% device_global=6 rank=3 local_index=-1 offset=6052500 count=1930000
    part[7] cum=100% share=0.218749% device_global=7 rank=3 local_index=-1 offset=7982500 count=17500
    total=100%
[DCL][balance-metrics] iteration=7100
  policy=threshold
  action=skip
  reason=load difference below fixed threshold; diff=0.0127169, threshold=0.1
  T_compute_interval_s=0.952728
  T_comm_interval_s=4.32769
  T_balance_total_s=0.0150371
  T_rebalance_apply_s=0
  T_compute_accum_s=13.0248
  T_comm_accum_s=35.5071
  T_balance_accum_s=0.448872
  T_rebalance_apply_accum_s=0.120891
  device_times_s:
    part[0]=0.940305
    part[1]=0.938134
    part[2]=0.952728
    part[3]=0.933181
    part[4]=0.935946
    part[5]=0.754209
    part[6]=0.915193
    part[7]=0.69729
  OLD loads:
    part[0] cum=24.7812% share=24.7812% device_global=0 rank=0 local_index=0 offset=0 count=1982500
    part[1] cum=25.1875% share=0.406252% device_global=1 rank=0 local_index=1 offset=1982500 count=32500
    part[2] cum=50.3438% share=25.1562% device_global=2 rank=1 local_index=-1 offset=2015000 count=2012500
    part[3] cum=50.75% share=0.406247% device_global=3 rank=1 local_index=-1 offset=4027500 count=32500
    part[4] cum=75.375% share=24.625% device_global=4 rank=2 local_index=-1 offset=4060000 count=1970000
    part[5] cum=75.6562% share=0.281245% device_global=5 rank=2 local_index=-1 offset=6030000 count=22500
    part[6] cum=99.7812% share=24.125% device_global=6 rank=3 local_index=-1 offset=6052500 count=1930000
    part[7] cum=100% share=0.218749% device_global=7 rank=3 local_index=-1 offset=7982500 count=17500
    total=100%
  PROPOSED loads:
    part[0] cum=24.625% share=24.625% device_global=0 rank=0 local_index=0 offset=0 count=1982500
    part[1] cum=25.0312% share=0.40625% device_global=1 rank=0 local_index=1 offset=1982500 count=32500
    part[2] cum=49.7188% share=24.6875% device_global=2 rank=1 local_index=-1 offset=2015000 count=2012500
    part[3] cum=50.125% share=0.406253% device_global=3 rank=1 local_index=-1 offset=4027500 count=32500
    part[4] cum=74.7188% share=24.5937% device_global=4 rank=2 local_index=-1 offset=4060000 count=1970000
    part[5] cum=75.0625% share=0.343752% device_global=5 rank=2 local_index=-1 offset=6030000 count=22500
    part[6] cum=99.7188% share=24.6562% device_global=6 rank=3 local_index=-1 offset=6052500 count=1930000
    part[7] cum=100% share=0.28125% device_global=7 rank=3 local_index=-1 offset=7982500 count=17500
    total=100%
  CURRENT loads:
    part[0] cum=24.7812% share=24.7812% device_global=0 rank=0 local_index=0 offset=0 count=1982500
    part[1] cum=25.1875% share=0.406252% device_global=1 rank=0 local_index=1 offset=1982500 count=32500
    part[2] cum=50.3438% share=25.1562% device_global=2 rank=1 local_index=-1 offset=2015000 count=2012500
    part[3] cum=50.75% share=0.406247% device_global=3 rank=1 local_index=-1 offset=4027500 count=32500
    part[4] cum=75.375% share=24.625% device_global=4 rank=2 local_index=-1 offset=4060000 count=1970000
    part[5] cum=75.6562% share=0.281245% device_global=5 rank=2 local_index=-1 offset=6030000 count=22500
    part[6] cum=99.7812% share=24.125% device_global=6 rank=3 local_index=-1 offset=6052500 count=1930000
    part[7] cum=100% share=0.218749% device_global=7 rank=3 local_index=-1 offset=7982500 count=17500
    total=100%
[DCL][balance-metrics] iteration=8100
  policy=threshold
  action=skip
  reason=load difference below fixed threshold; diff=0.012736, threshold=0.1
  T_compute_interval_s=0.953379
  T_comm_interval_s=4.32784
  T_balance_total_s=0.015678
  T_rebalance_apply_s=0
  T_compute_accum_s=13.9781
  T_comm_accum_s=39.835
  T_balance_accum_s=0.46455
  T_rebalance_apply_accum_s=0.120891
  device_times_s:
    part[0]=0.94032
    part[1]=0.940503
    part[2]=0.953379
    part[3]=0.933841
    part[4]=0.935895
    part[5]=0.733201
    part[6]=0.915626
    part[7]=0.68553
  OLD loads:
    part[0] cum=24.7812% share=24.7812% device_global=0 rank=0 local_index=0 offset=0 count=1982500
    part[1] cum=25.1875% share=0.406252% device_global=1 rank=0 local_index=1 offset=1982500 count=32500
    part[2] cum=50.3438% share=25.1562% device_global=2 rank=1 local_index=-1 offset=2015000 count=2012500
    part[3] cum=50.75% share=0.406247% device_global=3 rank=1 local_index=-1 offset=4027500 count=32500
    part[4] cum=75.375% share=24.625% device_global=4 rank=2 local_index=-1 offset=4060000 count=1970000
    part[5] cum=75.6562% share=0.281245% device_global=5 rank=2 local_index=-1 offset=6030000 count=22500
    part[6] cum=99.7812% share=24.125% device_global=6 rank=3 local_index=-1 offset=6052500 count=1930000
    part[7] cum=100% share=0.218749% device_global=7 rank=3 local_index=-1 offset=7982500 count=17500
    total=100%
  PROPOSED loads:
    part[0] cum=24.625% share=24.625% device_global=0 rank=0 local_index=0 offset=0 count=1982500
    part[1] cum=25.0312% share=0.40625% device_global=1 rank=0 local_index=1 offset=1982500 count=32500
    part[2] cum=49.7188% share=24.6875% device_global=2 rank=1 local_index=-1 offset=2015000 count=2012500
    part[3] cum=50.125% share=0.406253% device_global=3 rank=1 local_index=-1 offset=4027500 count=32500
    part[4] cum=74.7188% share=24.5937% device_global=4 rank=2 local_index=-1 offset=4060000 count=1970000
    part[5] cum=75.0625% share=0.343752% device_global=5 rank=2 local_index=-1 offset=6030000 count=22500
    part[6] cum=99.6875% share=24.625% device_global=6 rank=3 local_index=-1 offset=6052500 count=1930000
    part[7] cum=100% share=0.312501% device_global=7 rank=3 local_index=-1 offset=7982500 count=17500
    total=100%
  CURRENT loads:
    part[0] cum=24.7812% share=24.7812% device_global=0 rank=0 local_index=0 offset=0 count=1982500
    part[1] cum=25.1875% share=0.406252% device_global=1 rank=0 local_index=1 offset=1982500 count=32500
    part[2] cum=50.3438% share=25.1562% device_global=2 rank=1 local_index=-1 offset=2015000 count=2012500
    part[3] cum=50.75% share=0.406247% device_global=3 rank=1 local_index=-1 offset=4027500 count=32500
    part[4] cum=75.375% share=24.625% device_global=4 rank=2 local_index=-1 offset=4060000 count=1970000
    part[5] cum=75.6562% share=0.281245% device_global=5 rank=2 local_index=-1 offset=6030000 count=22500
    part[6] cum=99.7812% share=24.125% device_global=6 rank=3 local_index=-1 offset=6052500 count=1930000
    part[7] cum=100% share=0.218749% device_global=7 rank=3 local_index=-1 offset=7982500 count=17500
    total=100%
[DCL][balance-metrics] iteration=9100
  policy=threshold
  action=skip
  reason=load difference below fixed threshold; diff=0.0132066, threshold=0.1
  T_compute_interval_s=0.95309
  T_comm_interval_s=4.34187
  T_balance_total_s=0.0165838
  T_rebalance_apply_s=0
  T_compute_accum_s=14.9312
  T_comm_accum_s=44.1768
  T_balance_accum_s=0.481134
  T_rebalance_apply_accum_s=0.120891
  device_times_s:
    part[0]=0.940471
    part[1]=0.938041
    part[2]=0.95309
    part[3]=0.939059
    part[4]=0.935859
    part[5]=0.725299
    part[6]=0.915228
    part[7]=0.645642
  OLD loads:
    part[0] cum=24.7812% share=24.7812% device_global=0 rank=0 local_index=0 offset=0 count=1982500
    part[1] cum=25.1875% share=0.406252% device_global=1 rank=0 local_index=1 offset=1982500 count=32500
    part[2] cum=50.3438% share=25.1562% device_global=2 rank=1 local_index=-1 offset=2015000 count=2012500
    part[3] cum=50.75% share=0.406247% device_global=3 rank=1 local_index=-1 offset=4027500 count=32500
    part[4] cum=75.375% share=24.625% device_global=4 rank=2 local_index=-1 offset=4060000 count=1970000
    part[5] cum=75.6562% share=0.281245% device_global=5 rank=2 local_index=-1 offset=6030000 count=22500
    part[6] cum=99.7812% share=24.125% device_global=6 rank=3 local_index=-1 offset=6052500 count=1930000
    part[7] cum=100% share=0.218749% device_global=7 rank=3 local_index=-1 offset=7982500 count=17500
    total=100%
  PROPOSED loads:
    part[0] cum=24.625% share=24.625% device_global=0 rank=0 local_index=0 offset=0 count=1982500
    part[1] cum=25.0312% share=0.40625% device_global=1 rank=0 local_index=1 offset=1982500 count=32500
    part[2] cum=49.6875% share=24.6562% device_global=2 rank=1 local_index=-1 offset=2015000 count=2012500
    part[3] cum=50.0938% share=0.406253% device_global=3 rank=1 local_index=-1 offset=4027500 count=32500
    part[4] cum=74.6875% share=24.5937% device_global=4 rank=2 local_index=-1 offset=4060000 count=1970000
    part[5] cum=75.0625% share=0.375003% device_global=5 rank=2 local_index=-1 offset=6030000 count=22500
    part[6] cum=99.6875% share=24.625% device_global=6 rank=3 local_index=-1 offset=6052500 count=1930000
    part[7] cum=100% share=0.312501% device_global=7 rank=3 local_index=-1 offset=7982500 count=17500
    total=100%
  CURRENT loads:
    part[0] cum=24.7812% share=24.7812% device_global=0 rank=0 local_index=0 offset=0 count=1982500
    part[1] cum=25.1875% share=0.406252% device_global=1 rank=0 local_index=1 offset=1982500 count=32500
    part[2] cum=50.3438% share=25.1562% device_global=2 rank=1 local_index=-1 offset=2015000 count=2012500
    part[3] cum=50.75% share=0.406247% device_global=3 rank=1 local_index=-1 offset=4027500 count=32500
    part[4] cum=75.375% share=24.625% device_global=4 rank=2 local_index=-1 offset=4060000 count=1970000
    part[5] cum=75.6562% share=0.281245% device_global=5 rank=2 local_index=-1 offset=6030000 count=22500
    part[6] cum=99.7812% share=24.125% device_global=6 rank=3 local_index=-1 offset=6052500 count=1930000
    part[7] cum=100% share=0.218749% device_global=7 rank=3 local_index=-1 offset=7982500 count=17500
    total=100%

=== PARTICOES FINAIS ===
=== Particoes globais ===
part[0] device_global=0 rank=0 local_index=0 offset=0 count=1982500
part[1] device_global=1 rank=0 local_index=1 offset=1982500 count=32500
part[2] device_global=2 rank=1 local_index=-1 offset=2015000 count=2012500
part[3] device_global=3 rank=1 local_index=-1 offset=4027500 count=32500
part[4] device_global=4 rank=2 local_index=-1 offset=4060000 count=1970000
part[5] device_global=5 rank=2 local_index=-1 offset=6030000 count=22500
part[6] device_global=6 rank=3 local_index=-1 offset=6052500 count=1930000
part[7] device_global=7 rank=3 local_index=-1 offset=7982500 count=17500


============================
ITERACAO 10000
Tempo de execução: 56.3638s
