=== Dispositivos locais do rank 2 ===
global=4 local=0 nome="NVIDIA RTX 2000 Ada Generation" compute_units=22
global=5 local=1 nome="Intel(R) Xeon(R) CPU           E5620  @ 2.40GHz" compute_units=16

=== Dispositivos locais do rank 1 ===
global=2 local=0 nome="NVIDIA RTX 2000 Ada Generation" compute_units=22
global=3 local=1 nome="Intel(R) Xeon(R) CPU           E5620  @ 2.40GHz" compute_units=16

=== Dispositivos locais do rank 3 ===
global=6 local=0 nome="NVIDIA RTX 2000 Ada Generation" compute_units=22
global=7 local=1 nome="Intel(R) Xeon(R) CPU           E5620  @ 2.40GHz" compute_units=16

=== Dispositivos locais do rank 0 ===
global=0 local=0 nome="NVIDIA RTX 2000 Ada Generation" compute_units=22
global=1 local=1 nome="Intel(R) Xeon(R) CPU           E5620  @ 2.40GHz" compute_units=16

=== PARTICOES INICIAIS ===
=== Particoes globais ===
part[0] device_global=0 rank=0 local_index=0 offset=0 count=1000000
part[1] device_global=1 rank=0 local_index=1 offset=1000000 count=1000000
part[2] device_global=2 rank=1 local_index=-1 offset=2000000 count=1000000
part[3] device_global=3 rank=1 local_index=-1 offset=3000000 count=1000000
part[4] device_global=4 rank=2 local_index=-1 offset=4000000 count=1000000
part[5] device_global=5 rank=2 local_index=-1 offset=5000000 count=1000000
part[6] device_global=6 rank=3 local_index=-1 offset=6000000 count=1000000
part[7] device_global=7 rank=3 local_index=-1 offset=7000000 count=1000000

X = 50 Y = 50 Z = 3200 Iterations = 10000
[DCL][balance-metrics] iteration=100
  policy=threshold
  action=rebalance
  reason=accepted by fixed threshold; diff=0.248727, threshold=0.1
  T_compute_interval_s=5.40343
  T_comm_interval_s=5.22427
  T_balance_total_s=0.311962
  T_rebalance_apply_s=0.0942696
  T_compute_accum_s=5.40343
  T_comm_accum_s=5.22427
  T_balance_accum_s=0.311962
  T_rebalance_apply_accum_s=0.0942696
  device_times_s:
    part[0]=0.0488156
    part[1]=3.01424
    part[2]=0.0478613
    part[3]=3.05188
    part[4]=0.0494231
    part[5]=4.30885
    part[6]=0.0491638
    part[7]=5.40343
  OLD loads:
    part[0] cum=12.5% share=12.5% device_global=0 rank=0 local_index=0 offset=0 count=1975000
    part[1] cum=25% share=12.5% device_global=1 rank=0 local_index=1 offset=1975000 count=30000
    part[2] cum=37.5% share=12.5% device_global=2 rank=1 local_index=-1 offset=2005000 count=2015000
    part[3] cum=50% share=12.5% device_global=3 rank=1 local_index=-1 offset=4020000 count=30000
    part[4] cum=62.5% share=12.5% device_global=4 rank=2 local_index=-1 offset=4050000 count=1950000
    part[5] cum=75% share=12.5% device_global=5 rank=2 local_index=-1 offset=6000000 count=22500
    part[6] cum=87.5% share=12.5% device_global=6 rank=3 local_index=-1 offset=6022500 count=1960000
    part[7] cum=100% share=12.5% device_global=7 rank=3 local_index=-1 offset=7982500 count=17500
    total=100%
  PROPOSED loads:
    part[0] cum=24.6875% share=24.6875% device_global=0 rank=0 local_index=0 offset=0 count=1975000
    part[1] cum=25.0625% share=0.375001% device_global=1 rank=0 local_index=1 offset=1975000 count=30000
    part[2] cum=50.25% share=25.1875% device_global=2 rank=1 local_index=-1 offset=2005000 count=2015000
    part[3] cum=50.625% share=0.375003% device_global=3 rank=1 local_index=-1 offset=4020000 count=30000
    part[4] cum=75% share=24.375% device_global=4 rank=2 local_index=-1 offset=4050000 count=1950000
    part[5] cum=75.2812% share=0.28125% device_global=5 rank=2 local_index=-1 offset=6000000 count=22500
    part[6] cum=99.7812% share=24.5% device_global=6 rank=3 local_index=-1 offset=6022500 count=1960000
    part[7] cum=100% share=0.218749% device_global=7 rank=3 local_index=-1 offset=7982500 count=17500
    total=100%
  CURRENT loads:
    part[0] cum=24.6875% share=24.6875% device_global=0 rank=0 local_index=0 offset=0 count=1975000
    part[1] cum=25.0625% share=0.375001% device_global=1 rank=0 local_index=1 offset=1975000 count=30000
    part[2] cum=50.25% share=25.1875% device_global=2 rank=1 local_index=-1 offset=2005000 count=2015000
    part[3] cum=50.625% share=0.375003% device_global=3 rank=1 local_index=-1 offset=4020000 count=30000
    part[4] cum=75% share=24.375% device_global=4 rank=2 local_index=-1 offset=4050000 count=1950000
    part[5] cum=75.2812% share=0.28125% device_global=5 rank=2 local_index=-1 offset=6000000 count=22500
    part[6] cum=99.7812% share=24.5% device_global=6 rank=3 local_index=-1 offset=6022500 count=1960000
    part[7] cum=100% share=0.218749% device_global=7 rank=3 local_index=-1 offset=7982500 count=17500
    total=100%
[DCL][balance-metrics] iteration=1100
  policy=threshold
  action=skip
  reason=load difference below fixed threshold; diff=0.00596214, threshold=0.1
  T_compute_interval_s=1.43151
  T_comm_interval_s=4.18411
  T_balance_total_s=0.0164891
  T_rebalance_apply_s=0
  T_compute_accum_s=6.83495
  T_comm_accum_s=9.40838
  T_balance_accum_s=0.328451
  T_rebalance_apply_accum_s=0.0942696
  device_times_s:
    part[0]=0.938491
    part[1]=0.930784
    part[2]=0.953916
    part[3]=1.0889
    part[4]=0.926817
    part[5]=1.43151
    part[6]=0.929448
    part[7]=1.35974
  OLD loads:
    part[0] cum=24.6875% share=24.6875% device_global=0 rank=0 local_index=0 offset=0 count=1975000
    part[1] cum=25.0625% share=0.375001% device_global=1 rank=0 local_index=1 offset=1975000 count=30000
    part[2] cum=50.25% share=25.1875% device_global=2 rank=1 local_index=-1 offset=2005000 count=2015000
    part[3] cum=50.625% share=0.375003% device_global=3 rank=1 local_index=-1 offset=4020000 count=30000
    part[4] cum=75% share=24.375% device_global=4 rank=2 local_index=-1 offset=4050000 count=1950000
    part[5] cum=75.2812% share=0.28125% device_global=5 rank=2 local_index=-1 offset=6000000 count=22500
    part[6] cum=99.7812% share=24.5% device_global=6 rank=3 local_index=-1 offset=6022500 count=1960000
    part[7] cum=100% share=0.218749% device_global=7 rank=3 local_index=-1 offset=7982500 count=17500
    total=100%
  PROPOSED loads:
    part[0] cum=24.7188% share=24.7188% device_global=0 rank=0 local_index=0 offset=0 count=1975000
    part[1] cum=25.0938% share=0.375% device_global=1 rank=0 local_index=1 offset=1975000 count=30000
    part[2] cum=49.875% share=24.7812% device_global=2 rank=1 local_index=-1 offset=2005000 count=2015000
    part[3] cum=50.2188% share=0.343749% device_global=3 rank=1 local_index=-1 offset=4020000 count=30000
    part[4] cum=74.9062% share=24.6875% device_global=4 rank=2 local_index=-1 offset=4050000 count=1950000
    part[5] cum=75.0938% share=0.187504% device_global=5 rank=2 local_index=-1 offset=6000000 count=22500
    part[6] cum=99.8438% share=24.75% device_global=6 rank=3 local_index=-1 offset=6022500 count=1960000
    part[7] cum=100% share=0.156248% device_global=7 rank=3 local_index=-1 offset=7982500 count=17500
    total=100%
  CURRENT loads:
    part[0] cum=24.6875% share=24.6875% device_global=0 rank=0 local_index=0 offset=0 count=1975000
    part[1] cum=25.0625% share=0.375001% device_global=1 rank=0 local_index=1 offset=1975000 count=30000
    part[2] cum=50.25% share=25.1875% device_global=2 rank=1 local_index=-1 offset=2005000 count=2015000
    part[3] cum=50.625% share=0.375003% device_global=3 rank=1 local_index=-1 offset=4020000 count=30000
    part[4] cum=75% share=24.375% device_global=4 rank=2 local_index=-1 offset=4050000 count=1950000
    part[5] cum=75.2812% share=0.28125% device_global=5 rank=2 local_index=-1 offset=6000000 count=22500
    part[6] cum=99.7812% share=24.5% device_global=6 rank=3 local_index=-1 offset=6022500 count=1960000
    part[7] cum=100% share=0.218749% device_global=7 rank=3 local_index=-1 offset=7982500 count=17500
    total=100%
[DCL][balance-metrics] iteration=2100
  policy=threshold
  action=skip
  reason=load difference below fixed threshold; diff=0.00611577, threshold=0.1
  T_compute_interval_s=1.25182
  T_comm_interval_s=4.21096
  T_balance_total_s=0.0159328
  T_rebalance_apply_s=0
  T_compute_accum_s=8.08677
  T_comm_accum_s=13.6193
  T_balance_accum_s=0.344384
  T_rebalance_apply_accum_s=0.0942696
  device_times_s:
    part[0]=0.937714
    part[1]=0.89085
    part[2]=0.953337
    part[3]=0.935519
    part[4]=0.926802
    part[5]=1.05505
    part[6]=0.929343
    part[7]=1.25182
  OLD loads:
    part[0] cum=24.6875% share=24.6875% device_global=0 rank=0 local_index=0 offset=0 count=1975000
    part[1] cum=25.0625% share=0.375001% device_global=1 rank=0 local_index=1 offset=1975000 count=30000
    part[2] cum=50.25% share=25.1875% device_global=2 rank=1 local_index=-1 offset=2005000 count=2015000
    part[3] cum=50.625% share=0.375003% device_global=3 rank=1 local_index=-1 offset=4020000 count=30000
    part[4] cum=75% share=24.375% device_global=4 rank=2 local_index=-1 offset=4050000 count=1950000
    part[5] cum=75.2812% share=0.28125% device_global=5 rank=2 local_index=-1 offset=6000000 count=22500
    part[6] cum=99.7812% share=24.5% device_global=6 rank=3 local_index=-1 offset=6022500 count=1960000
    part[7] cum=100% share=0.218749% device_global=7 rank=3 local_index=-1 offset=7982500 count=17500
    total=100%
  PROPOSED loads:
    part[0] cum=24.6875% share=24.6875% device_global=0 rank=0 local_index=0 offset=0 count=1975000
    part[1] cum=25.0625% share=0.375001% device_global=1 rank=0 local_index=1 offset=1975000 count=30000
    part[2] cum=49.8438% share=24.7812% device_global=2 rank=1 local_index=-1 offset=2005000 count=2015000
    part[3] cum=50.2188% share=0.375% device_global=3 rank=1 local_index=-1 offset=4020000 count=30000
    part[4] cum=74.875% share=24.6562% device_global=4 rank=2 local_index=-1 offset=4050000 count=1950000
    part[5] cum=75.125% share=0.250006% device_global=5 rank=2 local_index=-1 offset=6000000 count=22500
    part[6] cum=99.8438% share=24.7188% device_global=6 rank=3 local_index=-1 offset=6022500 count=1960000
    part[7] cum=100% share=0.156248% device_global=7 rank=3 local_index=-1 offset=7982500 count=17500
    total=100%
  CURRENT loads:
    part[0] cum=24.6875% share=24.6875% device_global=0 rank=0 local_index=0 offset=0 count=1975000
    part[1] cum=25.0625% share=0.375001% device_global=1 rank=0 local_index=1 offset=1975000 count=30000
    part[2] cum=50.25% share=25.1875% device_global=2 rank=1 local_index=-1 offset=2005000 count=2015000
    part[3] cum=50.625% share=0.375003% device_global=3 rank=1 local_index=-1 offset=4020000 count=30000
    part[4] cum=75% share=24.375% device_global=4 rank=2 local_index=-1 offset=4050000 count=1950000
    part[5] cum=75.2812% share=0.28125% device_global=5 rank=2 local_index=-1 offset=6000000 count=22500
    part[6] cum=99.7812% share=24.5% device_global=6 rank=3 local_index=-1 offset=6022500 count=1960000
    part[7] cum=100% share=0.218749% device_global=7 rank=3 local_index=-1 offset=7982500 count=17500
    total=100%
[DCL][balance-metrics] iteration=3100
  policy=threshold
  action=skip
  reason=load difference below fixed threshold; diff=0.00687501, threshold=0.1
  T_compute_interval_s=1.03766
  T_comm_interval_s=4.27841
  T_balance_total_s=0.0151881
  T_rebalance_apply_s=0
  T_compute_accum_s=9.12443
  T_comm_accum_s=17.8977
  T_balance_accum_s=0.359572
  T_rebalance_apply_accum_s=0.0942696
  device_times_s:
    part[0]=0.93786
    part[1]=0.877957
    part[2]=0.953238
    part[3]=0.907088
    part[4]=0.926426
    part[5]=0.877998
    part[6]=0.929071
    part[7]=1.03766
  OLD loads:
    part[0] cum=24.6875% share=24.6875% device_global=0 rank=0 local_index=0 offset=0 count=1975000
    part[1] cum=25.0625% share=0.375001% device_global=1 rank=0 local_index=1 offset=1975000 count=30000
    part[2] cum=50.25% share=25.1875% device_global=2 rank=1 local_index=-1 offset=2005000 count=2015000
    part[3] cum=50.625% share=0.375003% device_global=3 rank=1 local_index=-1 offset=4020000 count=30000
    part[4] cum=75% share=24.375% device_global=4 rank=2 local_index=-1 offset=4050000 count=1950000
    part[5] cum=75.2812% share=0.28125% device_global=5 rank=2 local_index=-1 offset=6000000 count=22500
    part[6] cum=99.7812% share=24.5% device_global=6 rank=3 local_index=-1 offset=6022500 count=1960000
    part[7] cum=100% share=0.218749% device_global=7 rank=3 local_index=-1 offset=7982500 count=17500
    total=100%
  PROPOSED loads:
    part[0] cum=24.6562% share=24.6562% device_global=0 rank=0 local_index=0 offset=0 count=1975000
    part[1] cum=25.0625% share=0.406252% device_global=1 rank=0 local_index=1 offset=1975000 count=30000
    part[2] cum=49.7812% share=24.7188% device_global=2 rank=1 local_index=-1 offset=2005000 count=2015000
    part[3] cum=50.1875% share=0.406247% device_global=3 rank=1 local_index=-1 offset=4020000 count=30000
    part[4] cum=74.8125% share=24.625% device_global=4 rank=2 local_index=-1 offset=4050000 count=1950000
    part[5] cum=75.125% share=0.312501% device_global=5 rank=2 local_index=-1 offset=6000000 count=22500
    part[6] cum=99.8125% share=24.6875% device_global=6 rank=3 local_index=-1 offset=6022500 count=1960000
    part[7] cum=100% share=0.187498% device_global=7 rank=3 local_index=-1 offset=7982500 count=17500
    total=100%
  CURRENT loads:
    part[0] cum=24.6875% share=24.6875% device_global=0 rank=0 local_index=0 offset=0 count=1975000
    part[1] cum=25.0625% share=0.375001% device_global=1 rank=0 local_index=1 offset=1975000 count=30000
    part[2] cum=50.25% share=25.1875% device_global=2 rank=1 local_index=-1 offset=2005000 count=2015000
    part[3] cum=50.625% share=0.375003% device_global=3 rank=1 local_index=-1 offset=4020000 count=30000
    part[4] cum=75% share=24.375% device_global=4 rank=2 local_index=-1 offset=4050000 count=1950000
    part[5] cum=75.2812% share=0.28125% device_global=5 rank=2 local_index=-1 offset=6000000 count=22500
    part[6] cum=99.7812% share=24.5% device_global=6 rank=3 local_index=-1 offset=6022500 count=1960000
    part[7] cum=100% share=0.218749% device_global=7 rank=3 local_index=-1 offset=7982500 count=17500
    total=100%
[DCL][balance-metrics] iteration=4100
  policy=threshold
  action=skip
  reason=load difference below fixed threshold; diff=0.00724166, threshold=0.1
  T_compute_interval_s=0.953259
  T_comm_interval_s=4.30586
  T_balance_total_s=0.014691
  T_rebalance_apply_s=0
  T_compute_accum_s=10.0777
  T_comm_accum_s=22.2036
  T_balance_accum_s=0.374263
  T_rebalance_apply_accum_s=0.0942696
  device_times_s:
    part[0]=0.937537
    part[1]=0.87221
    part[2]=0.953259
    part[3]=0.89609
    part[4]=0.927235
    part[5]=0.822403
    part[6]=0.92955
    part[7]=0.853932
  OLD loads:
    part[0] cum=24.6875% share=24.6875% device_global=0 rank=0 local_index=0 offset=0 count=1975000
    part[1] cum=25.0625% share=0.375001% device_global=1 rank=0 local_index=1 offset=1975000 count=30000
    part[2] cum=50.25% share=25.1875% device_global=2 rank=1 local_index=-1 offset=2005000 count=2015000
    part[3] cum=50.625% share=0.375003% device_global=3 rank=1 local_index=-1 offset=4020000 count=30000
    part[4] cum=75% share=24.375% device_global=4 rank=2 local_index=-1 offset=4050000 count=1950000
    part[5] cum=75.2812% share=0.28125% device_global=5 rank=2 local_index=-1 offset=6000000 count=22500
    part[6] cum=99.7812% share=24.5% device_global=6 rank=3 local_index=-1 offset=6022500 count=1960000
    part[7] cum=100% share=0.218749% device_global=7 rank=3 local_index=-1 offset=7982500 count=17500
    total=100%
  PROPOSED loads:
    part[0] cum=24.6562% share=24.6562% device_global=0 rank=0 local_index=0 offset=0 count=1975000
    part[1] cum=25.0625% share=0.406252% device_global=1 rank=0 local_index=1 offset=1975000 count=30000
    part[2] cum=49.7812% share=24.7188% device_global=2 rank=1 local_index=-1 offset=2005000 count=2015000
    part[3] cum=50.1562% share=0.374997% device_global=3 rank=1 local_index=-1 offset=4020000 count=30000
    part[4] cum=74.7812% share=24.625% device_global=4 rank=2 local_index=-1 offset=4050000 count=1950000
    part[5] cum=75.0938% share=0.312501% device_global=5 rank=2 local_index=-1 offset=6000000 count=22500
    part[6] cum=99.75% share=24.6562% device_global=6 rank=3 local_index=-1 offset=6022500 count=1960000
    part[7] cum=100% share=0.25% device_global=7 rank=3 local_index=-1 offset=7982500 count=17500
    total=100%
  CURRENT loads:
    part[0] cum=24.6875% share=24.6875% device_global=0 rank=0 local_index=0 offset=0 count=1975000
    part[1] cum=25.0625% share=0.375001% device_global=1 rank=0 local_index=1 offset=1975000 count=30000
    part[2] cum=50.25% share=25.1875% device_global=2 rank=1 local_index=-1 offset=2005000 count=2015000
    part[3] cum=50.625% share=0.375003% device_global=3 rank=1 local_index=-1 offset=4020000 count=30000
    part[4] cum=75% share=24.375% device_global=4 rank=2 local_index=-1 offset=4050000 count=1950000
    part[5] cum=75.2812% share=0.28125% device_global=5 rank=2 local_index=-1 offset=6000000 count=22500
    part[6] cum=99.7812% share=24.5% device_global=6 rank=3 local_index=-1 offset=6022500 count=1960000
    part[7] cum=100% share=0.218749% device_global=7 rank=3 local_index=-1 offset=7982500 count=17500
    total=100%
[DCL][balance-metrics] iteration=5100
  policy=threshold
  action=skip
  reason=load difference below fixed threshold; diff=0.00786854, threshold=0.1
  T_compute_interval_s=0.953226
  T_comm_interval_s=4.36489
  T_balance_total_s=0.0169315
  T_rebalance_apply_s=0
  T_compute_accum_s=11.0309
  T_comm_accum_s=26.5685
  T_balance_accum_s=0.391195
  T_rebalance_apply_accum_s=0.0942696
  device_times_s:
    part[0]=0.937554
    part[1]=0.874523
    part[2]=0.953226
    part[3]=0.88984
    part[4]=0.926865
    part[5]=0.784633
    part[6]=0.929297
    part[7]=0.767326
  OLD loads:
    part[0] cum=24.6875% share=24.6875% device_global=0 rank=0 local_index=0 offset=0 count=1975000
    part[1] cum=25.0625% share=0.375001% device_global=1 rank=0 local_index=1 offset=1975000 count=30000
    part[2] cum=50.25% share=25.1875% device_global=2 rank=1 local_index=-1 offset=2005000 count=2015000
    part[3] cum=50.625% share=0.375003% device_global=3 rank=1 local_index=-1 offset=4020000 count=30000
    part[4] cum=75% share=24.375% device_global=4 rank=2 local_index=-1 offset=4050000 count=1950000
    part[5] cum=75.2812% share=0.28125% device_global=5 rank=2 local_index=-1 offset=6000000 count=22500
    part[6] cum=99.7812% share=24.5% device_global=6 rank=3 local_index=-1 offset=6022500 count=1960000
    part[7] cum=100% share=0.218749% device_global=7 rank=3 local_index=-1 offset=7982500 count=17500
    total=100%
  PROPOSED loads:
    part[0] cum=24.625% share=24.625% device_global=0 rank=0 local_index=0 offset=0 count=1975000
    part[1] cum=25.0312% share=0.40625% device_global=1 rank=0 local_index=1 offset=1975000 count=30000
    part[2] cum=49.75% share=24.7188% device_global=2 rank=1 local_index=-1 offset=2005000 count=2015000
    part[3] cum=50.125% share=0.375003% device_global=3 rank=1 local_index=-1 offset=4020000 count=30000
    part[4] cum=74.75% share=24.625% device_global=4 rank=2 local_index=-1 offset=4050000 count=1950000
    part[5] cum=75.0625% share=0.312501% device_global=5 rank=2 local_index=-1 offset=6000000 count=22500
    part[6] cum=99.7188% share=24.6562% device_global=6 rank=3 local_index=-1 offset=6022500 count=1960000
    part[7] cum=100% share=0.28125% device_global=7 rank=3 local_index=-1 offset=7982500 count=17500
    total=100%
  CURRENT loads:
    part[0] cum=24.6875% share=24.6875% device_global=0 rank=0 local_index=0 offset=0 count=1975000
    part[1] cum=25.0625% share=0.375001% device_global=1 rank=0 local_index=1 offset=1975000 count=30000
    part[2] cum=50.25% share=25.1875% device_global=2 rank=1 local_index=-1 offset=2005000 count=2015000
    part[3] cum=50.625% share=0.375003% device_global=3 rank=1 local_index=-1 offset=4020000 count=30000
    part[4] cum=75% share=24.375% device_global=4 rank=2 local_index=-1 offset=4050000 count=1950000
    part[5] cum=75.2812% share=0.28125% device_global=5 rank=2 local_index=-1 offset=6000000 count=22500
    part[6] cum=99.7812% share=24.5% device_global=6 rank=3 local_index=-1 offset=6022500 count=1960000
    part[7] cum=100% share=0.218749% device_global=7 rank=3 local_index=-1 offset=7982500 count=17500
    total=100%
[DCL][balance-metrics] iteration=6100
  policy=threshold
  action=skip
  reason=load difference below fixed threshold; diff=0.00778121, threshold=0.1
  T_compute_interval_s=0.953193
  T_comm_interval_s=4.31403
  T_balance_total_s=0.0156583
  T_rebalance_apply_s=0
  T_compute_accum_s=11.9841
  T_comm_accum_s=30.8825
  T_balance_accum_s=0.406853
  T_rebalance_apply_accum_s=0.0942696
  device_times_s:
    part[0]=0.936885
    part[1]=0.875614
    part[2]=0.953193
    part[3]=0.877262
    part[4]=0.926878
    part[5]=0.763047
    part[6]=0.929401
    part[7]=0.729036
  OLD loads:
    part[0] cum=24.6875% share=24.6875% device_global=0 rank=0 local_index=0 offset=0 count=1975000
    part[1] cum=25.0625% share=0.375001% device_global=1 rank=0 local_index=1 offset=1975000 count=30000
    part[2] cum=50.25% share=25.1875% device_global=2 rank=1 local_index=-1 offset=2005000 count=2015000
    part[3] cum=50.625% share=0.375003% device_global=3 rank=1 local_index=-1 offset=4020000 count=30000
    part[4] cum=75% share=24.375% device_global=4 rank=2 local_index=-1 offset=4050000 count=1950000
    part[5] cum=75.2812% share=0.28125% device_global=5 rank=2 local_index=-1 offset=6000000 count=22500
    part[6] cum=99.7812% share=24.5% device_global=6 rank=3 local_index=-1 offset=6022500 count=1960000
    part[7] cum=100% share=0.218749% device_global=7 rank=3 local_index=-1 offset=7982500 count=17500
    total=100%
  PROPOSED loads:
    part[0] cum=24.625% share=24.625% device_global=0 rank=0 local_index=0 offset=0 count=1975000
    part[1] cum=25.0312% share=0.40625% device_global=1 rank=0 local_index=1 offset=1975000 count=30000
    part[2] cum=49.75% share=24.7188% device_global=2 rank=1 local_index=-1 offset=2005000 count=2015000
    part[3] cum=50.1562% share=0.406247% device_global=3 rank=1 local_index=-1 offset=4020000 count=30000
    part[4] cum=74.7188% share=24.5625% device_global=4 rank=2 local_index=-1 offset=4050000 count=1950000
    part[5] cum=75.0625% share=0.343752% device_global=5 rank=2 local_index=-1 offset=6000000 count=22500
    part[6] cum=99.7188% share=24.6562% device_global=6 rank=3 local_index=-1 offset=6022500 count=1960000
    part[7] cum=100% share=0.28125% device_global=7 rank=3 local_index=-1 offset=7982500 count=17500
    total=100%
  CURRENT loads:
    part[0] cum=24.6875% share=24.6875% device_global=0 rank=0 local_index=0 offset=0 count=1975000
    part[1] cum=25.0625% share=0.375001% device_global=1 rank=0 local_index=1 offset=1975000 count=30000
    part[2] cum=50.25% share=25.1875% device_global=2 rank=1 local_index=-1 offset=2005000 count=2015000
    part[3] cum=50.625% share=0.375003% device_global=3 rank=1 local_index=-1 offset=4020000 count=30000
    part[4] cum=75% share=24.375% device_global=4 rank=2 local_index=-1 offset=4050000 count=1950000
    part[5] cum=75.2812% share=0.28125% device_global=5 rank=2 local_index=-1 offset=6000000 count=22500
    part[6] cum=99.7812% share=24.5% device_global=6 rank=3 local_index=-1 offset=6022500 count=1960000
    part[7] cum=100% share=0.218749% device_global=7 rank=3 local_index=-1 offset=7982500 count=17500
    total=100%
[DCL][balance-metrics] iteration=7100
  policy=threshold
  action=skip
  reason=load difference below fixed threshold; diff=0.00850667, threshold=0.1
  T_compute_interval_s=0.953464
  T_comm_interval_s=4.32384
  T_balance_total_s=0.0171921
  T_rebalance_apply_s=0
  T_compute_accum_s=12.9376
  T_comm_accum_s=35.2064
  T_balance_accum_s=0.424045
  T_rebalance_apply_accum_s=0.0942696
  device_times_s:
    part[0]=0.937291
    part[1]=0.882389
    part[2]=0.953464
    part[3]=0.885581
    part[4]=0.92655
    part[5]=0.743903
    part[6]=0.929212
    part[7]=0.68233
  OLD loads:
    part[0] cum=24.6875% share=24.6875% device_global=0 rank=0 local_index=0 offset=0 count=1975000
    part[1] cum=25.0625% share=0.375001% device_global=1 rank=0 local_index=1 offset=1975000 count=30000
    part[2] cum=50.25% share=25.1875% device_global=2 rank=1 local_index=-1 offset=2005000 count=2015000
    part[3] cum=50.625% share=0.375003% device_global=3 rank=1 local_index=-1 offset=4020000 count=30000
    part[4] cum=75% share=24.375% device_global=4 rank=2 local_index=-1 offset=4050000 count=1950000
    part[5] cum=75.2812% share=0.28125% device_global=5 rank=2 local_index=-1 offset=6000000 count=22500
    part[6] cum=99.7812% share=24.5% device_global=6 rank=3 local_index=-1 offset=6022500 count=1960000
    part[7] cum=100% share=0.218749% device_global=7 rank=3 local_index=-1 offset=7982500 count=17500
    total=100%
  PROPOSED loads:
    part[0] cum=24.625% share=24.625% device_global=0 rank=0 local_index=0 offset=0 count=1975000
    part[1] cum=25.0312% share=0.40625% device_global=1 rank=0 local_index=1 offset=1975000 count=30000
    part[2] cum=49.7188% share=24.6875% device_global=2 rank=1 local_index=-1 offset=2005000 count=2015000
    part[3] cum=50.0938% share=0.375003% device_global=3 rank=1 local_index=-1 offset=4020000 count=30000
    part[4] cum=74.6875% share=24.5937% device_global=4 rank=2 local_index=-1 offset=4050000 count=1950000
    part[5] cum=75.0625% share=0.375003% device_global=5 rank=2 local_index=-1 offset=6000000 count=22500
    part[6] cum=99.6875% share=24.625% device_global=6 rank=3 local_index=-1 offset=6022500 count=1960000
    part[7] cum=100% share=0.312501% device_global=7 rank=3 local_index=-1 offset=7982500 count=17500
    total=100%
  CURRENT loads:
    part[0] cum=24.6875% share=24.6875% device_global=0 rank=0 local_index=0 offset=0 count=1975000
    part[1] cum=25.0625% share=0.375001% device_global=1 rank=0 local_index=1 offset=1975000 count=30000
    part[2] cum=50.25% share=25.1875% device_global=2 rank=1 local_index=-1 offset=2005000 count=2015000
    part[3] cum=50.625% share=0.375003% device_global=3 rank=1 local_index=-1 offset=4020000 count=30000
    part[4] cum=75% share=24.375% device_global=4 rank=2 local_index=-1 offset=4050000 count=1950000
    part[5] cum=75.2812% share=0.28125% device_global=5 rank=2 local_index=-1 offset=6000000 count=22500
    part[6] cum=99.7812% share=24.5% device_global=6 rank=3 local_index=-1 offset=6022500 count=1960000
    part[7] cum=100% share=0.218749% device_global=7 rank=3 local_index=-1 offset=7982500 count=17500
    total=100%
[DCL][balance-metrics] iteration=8100
  policy=threshold
  action=skip
  reason=load difference below fixed threshold; diff=0.00831509, threshold=0.1
  T_compute_interval_s=0.953236
  T_comm_interval_s=4.35481
  T_balance_total_s=0.0157851
  T_rebalance_apply_s=0
  T_compute_accum_s=13.8908
  T_comm_accum_s=39.5612
  T_balance_accum_s=0.43983
  T_rebalance_apply_accum_s=0.0942696
  device_times_s:
    part[0]=0.937143
    part[1]=0.879587
    part[2]=0.953236
    part[3]=0.875688
    part[4]=0.927326
    part[5]=0.734736
    part[6]=0.929351
    part[7]=0.664437
  OLD loads:
    part[0] cum=24.6875% share=24.6875% device_global=0 rank=0 local_index=0 offset=0 count=1975000
    part[1] cum=25.0625% share=0.375001% device_global=1 rank=0 local_index=1 offset=1975000 count=30000
    part[2] cum=50.25% share=25.1875% device_global=2 rank=1 local_index=-1 offset=2005000 count=2015000
    part[3] cum=50.625% share=0.375003% device_global=3 rank=1 local_index=-1 offset=4020000 count=30000
    part[4] cum=75% share=24.375% device_global=4 rank=2 local_index=-1 offset=4050000 count=1950000
    part[5] cum=75.2812% share=0.28125% device_global=5 rank=2 local_index=-1 offset=6000000 count=22500
    part[6] cum=99.7812% share=24.5% device_global=6 rank=3 local_index=-1 offset=6022500 count=1960000
    part[7] cum=100% share=0.218749% device_global=7 rank=3 local_index=-1 offset=7982500 count=17500
    total=100%
  PROPOSED loads:
    part[0] cum=24.625% share=24.625% device_global=0 rank=0 local_index=0 offset=0 count=1975000
    part[1] cum=25.0312% share=0.40625% device_global=1 rank=0 local_index=1 offset=1975000 count=30000
    part[2] cum=49.7188% share=24.6875% device_global=2 rank=1 local_index=-1 offset=2005000 count=2015000
    part[3] cum=50.125% share=0.406253% device_global=3 rank=1 local_index=-1 offset=4020000 count=30000
    part[4] cum=74.6875% share=24.5625% device_global=4 rank=2 local_index=-1 offset=4050000 count=1950000
    part[5] cum=75.0625% share=0.375003% device_global=5 rank=2 local_index=-1 offset=6000000 count=22500
    part[6] cum=99.6875% share=24.625% device_global=6 rank=3 local_index=-1 offset=6022500 count=1960000
    part[7] cum=100% share=0.312501% device_global=7 rank=3 local_index=-1 offset=7982500 count=17500
    total=100%
  CURRENT loads:
    part[0] cum=24.6875% share=24.6875% device_global=0 rank=0 local_index=0 offset=0 count=1975000
    part[1] cum=25.0625% share=0.375001% device_global=1 rank=0 local_index=1 offset=1975000 count=30000
    part[2] cum=50.25% share=25.1875% device_global=2 rank=1 local_index=-1 offset=2005000 count=2015000
    part[3] cum=50.625% share=0.375003% device_global=3 rank=1 local_index=-1 offset=4020000 count=30000
    part[4] cum=75% share=24.375% device_global=4 rank=2 local_index=-1 offset=4050000 count=1950000
    part[5] cum=75.2812% share=0.28125% device_global=5 rank=2 local_index=-1 offset=6000000 count=22500
    part[6] cum=99.7812% share=24.5% device_global=6 rank=3 local_index=-1 offset=6022500 count=1960000
    part[7] cum=100% share=0.218749% device_global=7 rank=3 local_index=-1 offset=7982500 count=17500
    total=100%
[DCL][balance-metrics] iteration=9100
  policy=threshold
  action=skip
  reason=load difference below fixed threshold; diff=0.00875001, threshold=0.1
  T_compute_interval_s=0.952899
  T_comm_interval_s=4.35913
  T_balance_total_s=0.014817
  T_rebalance_apply_s=0
  T_compute_accum_s=14.8437
  T_comm_accum_s=43.9203
  T_balance_accum_s=0.454647
  T_rebalance_apply_accum_s=0.0942696
  device_times_s:
    part[0]=0.937308
    part[1]=0.877436
    part[2]=0.952899
    part[3]=0.873236
    part[4]=0.926282
    part[5]=0.715506
    part[6]=0.92925
    part[7]=0.644087
  OLD loads:
    part[0] cum=24.6875% share=24.6875% device_global=0 rank=0 local_index=0 offset=0 count=1975000
    part[1] cum=25.0625% share=0.375001% device_global=1 rank=0 local_index=1 offset=1975000 count=30000
    part[2] cum=50.25% share=25.1875% device_global=2 rank=1 local_index=-1 offset=2005000 count=2015000
    part[3] cum=50.625% share=0.375003% device_global=3 rank=1 local_index=-1 offset=4020000 count=30000
    part[4] cum=75% share=24.375% device_global=4 rank=2 local_index=-1 offset=4050000 count=1950000
    part[5] cum=75.2812% share=0.28125% device_global=5 rank=2 local_index=-1 offset=6000000 count=22500
    part[6] cum=99.7812% share=24.5% device_global=6 rank=3 local_index=-1 offset=6022500 count=1960000
    part[7] cum=100% share=0.218749% device_global=7 rank=3 local_index=-1 offset=7982500 count=17500
    total=100%
  PROPOSED loads:
    part[0] cum=24.5938% share=24.5938% device_global=0 rank=0 local_index=0 offset=0 count=1975000
    part[1] cum=25% share=0.40625% device_global=1 rank=0 local_index=1 offset=1975000 count=30000
    part[2] cum=49.6875% share=24.6875% device_global=2 rank=1 local_index=-1 offset=2005000 count=2015000
    part[3] cum=50.0938% share=0.406253% device_global=3 rank=1 local_index=-1 offset=4020000 count=30000
    part[4] cum=74.6875% share=24.5937% device_global=4 rank=2 local_index=-1 offset=4050000 count=1950000
    part[5] cum=75.0625% share=0.375003% device_global=5 rank=2 local_index=-1 offset=6000000 count=22500
    part[6] cum=99.6875% share=24.625% device_global=6 rank=3 local_index=-1 offset=6022500 count=1960000
    part[7] cum=100% share=0.312501% device_global=7 rank=3 local_index=-1 offset=7982500 count=17500
    total=100%
  CURRENT loads:
    part[0] cum=24.6875% share=24.6875% device_global=0 rank=0 local_index=0 offset=0 count=1975000
    part[1] cum=25.0625% share=0.375001% device_global=1 rank=0 local_index=1 offset=1975000 count=30000
    part[2] cum=50.25% share=25.1875% device_global=2 rank=1 local_index=-1 offset=2005000 count=2015000
    part[3] cum=50.625% share=0.375003% device_global=3 rank=1 local_index=-1 offset=4020000 count=30000
    part[4] cum=75% share=24.375% device_global=4 rank=2 local_index=-1 offset=4050000 count=1950000
    part[5] cum=75.2812% share=0.28125% device_global=5 rank=2 local_index=-1 offset=6000000 count=22500
    part[6] cum=99.7812% share=24.5% device_global=6 rank=3 local_index=-1 offset=6022500 count=1960000
    part[7] cum=100% share=0.218749% device_global=7 rank=3 local_index=-1 offset=7982500 count=17500
    total=100%

=== PARTICOES FINAIS ===
=== Particoes globais ===
part[0] device_global=0 rank=0 local_index=0 offset=0 count=1975000
part[1] device_global=1 rank=0 local_index=1 offset=1975000 count=30000
part[2] device_global=2 rank=1 local_index=-1 offset=2005000 count=2015000
part[3] device_global=3 rank=1 local_index=-1 offset=4020000 count=30000
part[4] device_global=4 rank=2 local_index=-1 offset=4050000 count=1950000
part[5] device_global=5 rank=2 local_index=-1 offset=6000000 count=22500
part[6] device_global=6 rank=3 local_index=-1 offset=6022500 count=1960000
part[7] device_global=7 rank=3 local_index=-1 offset=7982500 count=17500


============================
ITERACAO 10000
Tempo de execução: 56.2242s
