=== Dispositivos locais do rank 1 ===
global=2 local=0 nome="NVIDIA RTX 2000 Ada Generation" compute_units=22
global=3 local=1 nome="Intel(R) Xeon(R) CPU           E5620  @ 2.40GHz" compute_units=16

=== Dispositivos locais do rank 0 ===
global=0 local=0 nome="NVIDIA RTX 2000 Ada Generation" compute_units=22
global=1 local=1 nome="Intel(R) Xeon(R) CPU           E5620  @ 2.40GHz" compute_units=16

=== PARTICOES INICIAIS ===
=== Particoes globais ===
part[0] device_global=0 rank=0 local_index=0 offset=0 count=2000000
part[1] device_global=1 rank=0 local_index=1 offset=2000000 count=2000000
part[2] device_global=2 rank=1 local_index=-1 offset=4000000 count=2000000
part[3] device_global=3 rank=1 local_index=-1 offset=6000000 count=2000000

X = 50 Y = 50 Z = 3200 Iterations = 10000
[DCL][balance-metrics] iteration=100
  policy=threshold
  action=rebalance
  reason=accepted by fixed threshold; diff=0.350554, threshold=0.0003125
  T_compute_interval_s=10.427
  T_comm_interval_s=9.3695
  T_balance_total_s=0.380789
  T_rebalance_apply_s=0.165631
  T_compute_accum_s=10.427
  T_comm_accum_s=9.3695
  T_balance_accum_s=0.380789
  T_rebalance_apply_accum_s=0.165631
  device_times_s:
    part[0]=0.0928652
    part[1]=6.09792
    part[2]=0.0951349
    part[3]=10.427
  OLD loads:
    part[0] cum=25% share=25% device_global=0 rank=0 local_index=0 offset=0 count=4000000
    part[1] cum=50% share=25% device_global=1 rank=0 local_index=1 offset=4000000 count=60000
    part[2] cum=75% share=25% device_global=2 rank=1 local_index=-1 offset=4060000 count=3905000
    part[3] cum=100% share=25% device_global=3 rank=1 local_index=-1 offset=7965000 count=35000
    total=100%
  PROPOSED loads:
    part[0] cum=50% share=50% device_global=0 rank=0 local_index=0 offset=0 count=4000000
    part[1] cum=50.75% share=0.749999% device_global=1 rank=0 local_index=1 offset=4000000 count=60000
    part[2] cum=99.5625% share=48.8125% device_global=2 rank=1 local_index=-1 offset=4060000 count=3905000
    part[3] cum=100% share=0.437498% device_global=3 rank=1 local_index=-1 offset=7965000 count=35000
    total=100%
  CURRENT loads:
    part[0] cum=50% share=50% device_global=0 rank=0 local_index=0 offset=0 count=4000000
    part[1] cum=50.75% share=0.749999% device_global=1 rank=0 local_index=1 offset=4000000 count=60000
    part[2] cum=99.5625% share=48.8125% device_global=2 rank=1 local_index=-1 offset=4060000 count=3905000
    part[3] cum=100% share=0.437498% device_global=3 rank=1 local_index=-1 offset=7965000 count=35000
    total=100%
[DCL][balance-metrics] iteration=1100
  policy=threshold
  action=rebalance
  reason=accepted by fixed threshold; diff=0.0107575, threshold=0.0003125
  T_compute_interval_s=2.41795
  T_comm_interval_s=1.98125
  T_balance_total_s=0.054108
  T_rebalance_apply_s=0.0446802
  T_compute_accum_s=12.8449
  T_comm_accum_s=11.3508
  T_balance_accum_s=0.434897
  T_rebalance_apply_accum_s=0.210311
  device_times_s:
    part[0]=1.6179
    part[1]=1.90889
    part[2]=1.56546
    part[3]=2.41795
  OLD loads:
    part[0] cum=50% share=50% device_global=0 rank=0 local_index=0 offset=0 count=3945000
    part[1] cum=50.75% share=0.749999% device_global=1 rank=0 local_index=1 offset=3945000 count=50000
    part[2] cum=99.5625% share=48.8125% device_global=2 rank=1 local_index=-1 offset=3995000 count=3982500
    part[3] cum=100% share=0.437498% device_global=3 rank=1 local_index=-1 offset=7977500 count=22500
    total=100%
  PROPOSED loads:
    part[0] cum=49.3125% share=49.3125% device_global=0 rank=0 local_index=0 offset=0 count=3945000
    part[1] cum=49.9375% share=0.624999% device_global=1 rank=0 local_index=1 offset=3945000 count=50000
    part[2] cum=99.7188% share=49.7812% device_global=2 rank=1 local_index=-1 offset=3995000 count=3982500
    part[3] cum=100% share=0.28125% device_global=3 rank=1 local_index=-1 offset=7977500 count=22500
    total=100%
  CURRENT loads:
    part[0] cum=49.3125% share=49.3125% device_global=0 rank=0 local_index=0 offset=0 count=3945000
    part[1] cum=49.9375% share=0.624999% device_global=1 rank=0 local_index=1 offset=3945000 count=50000
    part[2] cum=99.7188% share=49.7812% device_global=2 rank=1 local_index=-1 offset=3995000 count=3982500
    part[3] cum=100% share=0.28125% device_global=3 rank=1 local_index=-1 offset=7977500 count=22500
    total=100%
[DCL][balance-metrics] iteration=2100
  policy=threshold
  action=rebalance
  reason=accepted by fixed threshold; diff=0.00139757, threshold=0.0003125
  T_compute_interval_s=1.57216
  T_comm_interval_s=1.93678
  T_balance_total_s=0.0146241
  T_rebalance_apply_s=0.00528049
  T_compute_accum_s=14.4171
  T_comm_accum_s=13.2875
  T_balance_accum_s=0.449521
  T_rebalance_apply_accum_s=0.215592
  device_times_s:
    part[0]=1.56592
    part[1]=1.3767
    part[2]=1.57216
    part[3]=1.52399
  OLD loads:
    part[0] cum=49.3125% share=49.3125% device_global=0 rank=0 local_index=0 offset=0 count=3950000
    part[1] cum=49.9375% share=0.624999% device_global=1 rank=0 local_index=1 offset=3950000 count=55000
    part[2] cum=99.7188% share=49.7812% device_global=2 rank=1 local_index=-1 offset=4005000 count=3972500
    part[3] cum=100% share=0.28125% device_global=3 rank=1 local_index=-1 offset=7977500 count=22500
    total=100%
  PROPOSED loads:
    part[0] cum=49.375% share=49.375% device_global=0 rank=0 local_index=0 offset=0 count=3950000
    part[1] cum=50.0625% share=0.687501% device_global=1 rank=0 local_index=1 offset=3950000 count=55000
    part[2] cum=99.7188% share=49.6562% device_global=2 rank=1 local_index=-1 offset=4005000 count=3972500
    part[3] cum=100% share=0.28125% device_global=3 rank=1 local_index=-1 offset=7977500 count=22500
    total=100%
  CURRENT loads:
    part[0] cum=49.375% share=49.375% device_global=0 rank=0 local_index=0 offset=0 count=3950000
    part[1] cum=50.0625% share=0.687501% device_global=1 rank=0 local_index=1 offset=3950000 count=55000
    part[2] cum=99.7188% share=49.6562% device_global=2 rank=1 local_index=-1 offset=4005000 count=3972500
    part[3] cum=100% share=0.28125% device_global=3 rank=1 local_index=-1 offset=7977500 count=22500
    total=100%
[DCL][balance-metrics] iteration=3100
  policy=threshold
  action=rebalance
  reason=accepted by fixed threshold; diff=0.000765483, threshold=0.0003125
  T_compute_interval_s=1.56866
  T_comm_interval_s=1.91362
  T_balance_total_s=0.0117234
  T_rebalance_apply_s=0.00222274
  T_compute_accum_s=15.9858
  T_comm_accum_s=15.2012
  T_balance_accum_s=0.461245
  T_rebalance_apply_accum_s=0.217815
  device_times_s:
    part[0]=1.56745
    part[1]=1.44426
    part[2]=1.56866
    part[3]=1.30124
  OLD loads:
    part[0] cum=49.375% share=49.375% device_global=0 rank=0 local_index=0 offset=0 count=3947500
    part[1] cum=50.0625% share=0.687501% device_global=1 rank=0 local_index=1 offset=3947500 count=60000
    part[2] cum=99.7188% share=49.6562% device_global=2 rank=1 local_index=-1 offset=4007500 count=3965000
    part[3] cum=100% share=0.28125% device_global=3 rank=1 local_index=-1 offset=7972500 count=27500
    total=100%
  PROPOSED loads:
    part[0] cum=49.3438% share=49.3438% device_global=0 rank=0 local_index=0 offset=0 count=3947500
    part[1] cum=50.0938% share=0.750002% device_global=1 rank=0 local_index=1 offset=3947500 count=60000
    part[2] cum=99.6562% share=49.5625% device_global=2 rank=1 local_index=-1 offset=4007500 count=3965000
    part[3] cum=100% share=0.343752% device_global=3 rank=1 local_index=-1 offset=7972500 count=27500
    total=100%
  CURRENT loads:
    part[0] cum=49.3438% share=49.3438% device_global=0 rank=0 local_index=0 offset=0 count=3947500
    part[1] cum=50.0938% share=0.750002% device_global=1 rank=0 local_index=1 offset=3947500 count=60000
    part[2] cum=99.6562% share=49.5625% device_global=2 rank=1 local_index=-1 offset=4007500 count=3965000
    part[3] cum=100% share=0.343752% device_global=3 rank=1 local_index=-1 offset=7972500 count=27500
    total=100%
[DCL][balance-metrics] iteration=4100
  policy=threshold
  action=rebalance
  reason=accepted by fixed threshold; diff=0.00162378, threshold=0.0003125
  T_compute_interval_s=1.567
  T_comm_interval_s=1.87879
  T_balance_total_s=0.0156733
  T_rebalance_apply_s=0.00588608
  T_compute_accum_s=17.5528
  T_comm_accum_s=17.0799
  T_balance_accum_s=0.476918
  T_rebalance_apply_accum_s=0.223701
  device_times_s:
    part[0]=1.567
    part[1]=1.56071
    part[2]=1.56486
    part[3]=1.2222
  OLD loads:
    part[0] cum=49.3438% share=49.3438% device_global=0 rank=0 local_index=0 offset=0 count=3940000
    part[1] cum=50.0938% share=0.750002% device_global=1 rank=0 local_index=1 offset=3940000 count=60000
    part[2] cum=99.6562% share=49.5625% device_global=2 rank=1 local_index=-1 offset=4000000 count=3965000
    part[3] cum=100% share=0.343752% device_global=3 rank=1 local_index=-1 offset=7965000 count=35000
    total=100%
  PROPOSED loads:
    part[0] cum=49.25% share=49.25% device_global=0 rank=0 local_index=0 offset=0 count=3940000
    part[1] cum=50% share=0.749999% device_global=1 rank=0 local_index=1 offset=3940000 count=60000
    part[2] cum=99.5625% share=49.5625% device_global=2 rank=1 local_index=-1 offset=4000000 count=3965000
    part[3] cum=100% share=0.437498% device_global=3 rank=1 local_index=-1 offset=7965000 count=35000
    total=100%
  CURRENT loads:
    part[0] cum=49.25% share=49.25% device_global=0 rank=0 local_index=0 offset=0 count=3940000
    part[1] cum=50% share=0.749999% device_global=1 rank=0 local_index=1 offset=3940000 count=60000
    part[2] cum=99.5625% share=49.5625% device_global=2 rank=1 local_index=-1 offset=4000000 count=3965000
    part[3] cum=100% share=0.437498% device_global=3 rank=1 local_index=-1 offset=7965000 count=35000
    total=100%
[DCL][balance-metrics] iteration=5100
  policy=threshold
  action=rebalance
  reason=accepted by fixed threshold; diff=0.000698787, threshold=0.0003125
  T_compute_interval_s=1.56536
  T_comm_interval_s=1.86403
  T_balance_total_s=0.0101667
  T_rebalance_apply_s=0.000810847
  T_compute_accum_s=19.1181
  T_comm_accum_s=18.944
  T_balance_accum_s=0.487085
  T_rebalance_apply_accum_s=0.224512
  device_times_s:
    part[0]=1.564
    part[1]=1.51484
    part[2]=1.56536
    part[3]=1.39569
  OLD loads:
    part[0] cum=49.25% share=49.25% device_global=0 rank=0 local_index=0 offset=0 count=3937500
    part[1] cum=50% share=0.749999% device_global=1 rank=0 local_index=1 offset=3937500 count=62500
    part[2] cum=99.5625% share=49.5625% device_global=2 rank=1 local_index=-1 offset=4000000 count=3960000
    part[3] cum=100% share=0.437498% device_global=3 rank=1 local_index=-1 offset=7960000 count=40000
    total=100%
  PROPOSED loads:
    part[0] cum=49.2188% share=49.2188% device_global=0 rank=0 local_index=0 offset=0 count=3937500
    part[1] cum=50% share=0.78125% device_global=1 rank=0 local_index=1 offset=3937500 count=62500
    part[2] cum=99.5% share=49.5% device_global=2 rank=1 local_index=-1 offset=4000000 count=3960000
    part[3] cum=100% share=0.5% device_global=3 rank=1 local_index=-1 offset=7960000 count=40000
    total=100%
  CURRENT loads:
    part[0] cum=49.2188% share=49.2188% device_global=0 rank=0 local_index=0 offset=0 count=3937500
    part[1] cum=50% share=0.78125% device_global=1 rank=0 local_index=1 offset=3937500 count=62500
    part[2] cum=99.5% share=49.5% device_global=2 rank=1 local_index=-1 offset=4000000 count=3960000
    part[3] cum=100% share=0.5% device_global=3 rank=1 local_index=-1 offset=7960000 count=40000
    total=100%
[DCL][balance-metrics] iteration=6100
  policy=threshold
  action=rebalance
  reason=accepted by fixed threshold; diff=0.000541278, threshold=0.0003125
  T_compute_interval_s=1.56609
  T_comm_interval_s=1.8602
  T_balance_total_s=0.011567
  T_rebalance_apply_s=0.00215877
  T_compute_accum_s=20.6842
  T_comm_accum_s=20.8042
  T_balance_accum_s=0.498652
  T_rebalance_apply_accum_s=0.22667
  device_times_s:
    part[0]=1.56336
    part[1]=1.56609
    part[2]=1.56266
    part[3]=1.45141
  OLD loads:
    part[0] cum=49.2188% share=49.2188% device_global=0 rank=0 local_index=0 offset=0 count=3935000
    part[1] cum=50% share=0.78125% device_global=1 rank=0 local_index=1 offset=3935000 count=62500
    part[2] cum=99.5% share=49.5% device_global=2 rank=1 local_index=-1 offset=3997500 count=3960000
    part[3] cum=100% share=0.5% device_global=3 rank=1 local_index=-1 offset=7957500 count=42500
    total=100%
  PROPOSED loads:
    part[0] cum=49.1875% share=49.1875% device_global=0 rank=0 local_index=0 offset=0 count=3935000
    part[1] cum=49.9688% share=0.78125% device_global=1 rank=0 local_index=1 offset=3935000 count=62500
    part[2] cum=99.4688% share=49.5% device_global=2 rank=1 local_index=-1 offset=3997500 count=3960000
    part[3] cum=100% share=0.53125% device_global=3 rank=1 local_index=-1 offset=7957500 count=42500
    total=100%
  CURRENT loads:
    part[0] cum=49.1875% share=49.1875% device_global=0 rank=0 local_index=0 offset=0 count=3935000
    part[1] cum=49.9688% share=0.78125% device_global=1 rank=0 local_index=1 offset=3935000 count=62500
    part[2] cum=99.4688% share=49.5% device_global=2 rank=1 local_index=-1 offset=3997500 count=3960000
    part[3] cum=100% share=0.53125% device_global=3 rank=1 local_index=-1 offset=7957500 count=42500
    total=100%
[DCL][balance-metrics] iteration=7100
  policy=threshold
  action=rebalance
  reason=accepted by fixed threshold; diff=0.000541278, threshold=0.0003125
  T_compute_interval_s=1.56524
  T_comm_interval_s=1.86474
  T_balance_total_s=0.0148153
  T_rebalance_apply_s=0.00236985
  T_compute_accum_s=22.2495
  T_comm_accum_s=22.6689
  T_balance_accum_s=0.513467
  T_rebalance_apply_accum_s=0.22904
  device_times_s:
    part[0]=1.56234
    part[1]=1.56122
    part[2]=1.56524
    part[3]=1.47277
  OLD loads:
    part[0] cum=49.1875% share=49.1875% device_global=0 rank=0 local_index=0 offset=0 count=3937500
    part[1] cum=49.9688% share=0.78125% device_global=1 rank=0 local_index=1 offset=3937500 count=62500
    part[2] cum=99.4688% share=49.5% device_global=2 rank=1 local_index=-1 offset=4000000 count=3955000
    part[3] cum=100% share=0.53125% device_global=3 rank=1 local_index=-1 offset=7955000 count=45000
    total=100%
  PROPOSED loads:
    part[0] cum=49.2188% share=49.2188% device_global=0 rank=0 local_index=0 offset=0 count=3937500
    part[1] cum=50% share=0.78125% device_global=1 rank=0 local_index=1 offset=3937500 count=62500
    part[2] cum=99.4375% share=49.4375% device_global=2 rank=1 local_index=-1 offset=4000000 count=3955000
    part[3] cum=100% share=0.562501% device_global=3 rank=1 local_index=-1 offset=7955000 count=45000
    total=100%
  CURRENT loads:
    part[0] cum=49.2188% share=49.2188% device_global=0 rank=0 local_index=0 offset=0 count=3937500
    part[1] cum=50% share=0.78125% device_global=1 rank=0 local_index=1 offset=3937500 count=62500
    part[2] cum=99.4375% share=49.4375% device_global=2 rank=1 local_index=-1 offset=4000000 count=3955000
    part[3] cum=100% share=0.562501% device_global=3 rank=1 local_index=-1 offset=7955000 count=45000
    total=100%
[DCL][balance-metrics] iteration=8100
  policy=threshold
  action=rebalance
  reason=accepted by fixed threshold; diff=0.000937521, threshold=0.0003125
  T_compute_interval_s=1.56968
  T_comm_interval_s=1.88843
  T_balance_total_s=0.0133114
  T_rebalance_apply_s=0.00417853
  T_compute_accum_s=23.8191
  T_comm_accum_s=24.5573
  T_balance_accum_s=0.526778
  T_rebalance_apply_accum_s=0.233219
  device_times_s:
    part[0]=1.56356
    part[1]=1.56968
    part[2]=1.56097
    part[3]=1.476
  OLD loads:
    part[0] cum=49.2188% share=49.2188% device_global=0 rank=0 local_index=0 offset=0 count=3932500
    part[1] cum=50% share=0.78125% device_global=1 rank=0 local_index=1 offset=3932500 count=62500
    part[2] cum=99.4375% share=49.4375% device_global=2 rank=1 local_index=-1 offset=3995000 count=3957500
    part[3] cum=100% share=0.562501% device_global=3 rank=1 local_index=-1 offset=7952500 count=47500
    total=100%
  PROPOSED loads:
    part[0] cum=49.1562% share=49.1562% device_global=0 rank=0 local_index=0 offset=0 count=3932500
    part[1] cum=49.9375% share=0.78125% device_global=1 rank=0 local_index=1 offset=3932500 count=62500
    part[2] cum=99.4062% share=49.4688% device_global=2 rank=1 local_index=-1 offset=3995000 count=3957500
    part[3] cum=100% share=0.593752% device_global=3 rank=1 local_index=-1 offset=7952500 count=47500
    total=100%
  CURRENT loads:
    part[0] cum=49.1562% share=49.1562% device_global=0 rank=0 local_index=0 offset=0 count=3932500
    part[1] cum=49.9375% share=0.78125% device_global=1 rank=0 local_index=1 offset=3932500 count=62500
    part[2] cum=99.4062% share=49.4688% device_global=2 rank=1 local_index=-1 offset=3995000 count=3957500
    part[3] cum=100% share=0.593752% device_global=3 rank=1 local_index=-1 offset=7952500 count=47500
    total=100%
[DCL][balance-metrics] iteration=9100
  policy=threshold
  action=rebalance
  reason=accepted by fixed threshold; diff=0.00443047, threshold=0.0003125
  T_compute_interval_s=1.58241
  T_comm_interval_s=1.92201
  T_balance_total_s=0.0255062
  T_rebalance_apply_s=0.0158479
  T_compute_accum_s=25.4016
  T_comm_accum_s=26.4794
  T_balance_accum_s=0.552285
  T_rebalance_apply_accum_s=0.249067
  device_times_s:
    part[0]=1.56167
    part[1]=1.57684
    part[2]=1.58241
    part[3]=1.50238
  OLD loads:
    part[0] cum=49.1562% share=49.1562% device_global=0 rank=0 local_index=0 offset=0 count=3957500
    part[1] cum=49.9375% share=0.78125% device_global=1 rank=0 local_index=1 offset=3957500 count=62500
    part[2] cum=99.4062% share=49.4688% device_global=2 rank=1 local_index=-1 offset=4020000 count=3930000
    part[3] cum=100% share=0.593752% device_global=3 rank=1 local_index=-1 offset=7950000 count=50000
    total=100%
  PROPOSED loads:
    part[0] cum=49.4688% share=49.4688% device_global=0 rank=0 local_index=0 offset=0 count=3957500
    part[1] cum=50.25% share=0.78125% device_global=1 rank=0 local_index=1 offset=3957500 count=62500
    part[2] cum=99.375% share=49.125% device_global=2 rank=1 local_index=-1 offset=4020000 count=3930000
    part[3] cum=100% share=0.625002% device_global=3 rank=1 local_index=-1 offset=7950000 count=50000
    total=100%
  CURRENT loads:
    part[0] cum=49.4688% share=49.4688% device_global=0 rank=0 local_index=0 offset=0 count=3957500
    part[1] cum=50.25% share=0.78125% device_global=1 rank=0 local_index=1 offset=3957500 count=62500
    part[2] cum=99.375% share=49.125% device_global=2 rank=1 local_index=-1 offset=4020000 count=3930000
    part[3] cum=100% share=0.625002% device_global=3 rank=1 local_index=-1 offset=7950000 count=50000
    total=100%

=== PARTICOES FINAIS ===
=== Particoes globais ===
part[0] device_global=0 rank=0 local_index=0 offset=0 count=3957500
part[1] device_global=1 rank=0 local_index=1 offset=3957500 count=62500
part[2] device_global=2 rank=1 local_index=-1 offset=4020000 count=3930000
part[3] device_global=3 rank=1 local_index=-1 offset=7950000 count=50000


============================
ITERACAO 10000
Tempo de execução: 36.4964s
