=== Dispositivos locais do rank 1 ===
global=2 local=0 nome="NVIDIA RTX 2000 Ada Generation" compute_units=22
global=3 local=1 nome="Intel(R) Xeon(R) CPU           E5620  @ 2.40GHz" compute_units=16

=== Dispositivos locais do rank 0 ===
global=0 local=0 nome="NVIDIA RTX 2000 Ada Generation" compute_units=22
global=1 local=1 nome="Intel(R) Xeon(R) CPU           E5620  @ 2.40GHz" compute_units=16

=== PARTICOES INICIAIS ===
=== Particoes globais ===
part[0] device_global=0 rank=0 local_index=0 offset=0 count=2000000
part[1] device_global=1 rank=0 local_index=1 offset=2000000 count=2000000
part[2] device_global=2 rank=1 local_index=-1 offset=4000000 count=2000000
part[3] device_global=3 rank=1 local_index=-1 offset=6000000 count=2000000

X = 50 Y = 50 Z = 3200 Iterations = 10000
[DCL][balance-metrics] iteration=100
  policy=threshold
  action=rebalance
  reason=accepted by fixed threshold; diff=0.348279, threshold=0.0003125
  T_compute_interval_s=10.506
  T_comm_interval_s=9.42408
  T_balance_total_s=0.366657
  T_rebalance_apply_s=0.150819
  T_compute_accum_s=10.506
  T_comm_accum_s=9.42408
  T_balance_accum_s=0.366657
  T_rebalance_apply_accum_s=0.150819
  device_times_s:
    part[0]=0.092822
    part[1]=6.10142
    part[2]=0.09391
    part[3]=10.506
  OLD loads:
    part[0] cum=25% share=25% device_global=0 rank=0 local_index=0 offset=0 count=3975000
    part[1] cum=50% share=25% device_global=1 rank=0 local_index=1 offset=3975000 count=60000
    part[2] cum=75% share=25% device_global=2 rank=1 local_index=-1 offset=4035000 count=3930000
    part[3] cum=100% share=25% device_global=3 rank=1 local_index=-1 offset=7965000 count=35000
    total=100%
  PROPOSED loads:
    part[0] cum=49.6875% share=49.6875% device_global=0 rank=0 local_index=0 offset=0 count=3975000
    part[1] cum=50.4375% share=0.749999% device_global=1 rank=0 local_index=1 offset=3975000 count=60000
    part[2] cum=99.5625% share=49.125% device_global=2 rank=1 local_index=-1 offset=4035000 count=3930000
    part[3] cum=100% share=0.437498% device_global=3 rank=1 local_index=-1 offset=7965000 count=35000
    total=100%
  CURRENT loads:
    part[0] cum=49.6875% share=49.6875% device_global=0 rank=0 local_index=0 offset=0 count=3975000
    part[1] cum=50.4375% share=0.749999% device_global=1 rank=0 local_index=1 offset=3975000 count=60000
    part[2] cum=99.5625% share=49.125% device_global=2 rank=1 local_index=-1 offset=4035000 count=3930000
    part[3] cum=100% share=0.437498% device_global=3 rank=1 local_index=-1 offset=7965000 count=35000
    total=100%
[DCL][balance-metrics] iteration=1100
  policy=threshold
  action=rebalance
  reason=accepted by fixed threshold; diff=0.00620293, threshold=0.0003125
  T_compute_interval_s=2.45542
  T_comm_interval_s=1.91703
  T_balance_total_s=0.0311184
  T_rebalance_apply_s=0.0215465
  T_compute_accum_s=12.9614
  T_comm_accum_s=11.3411
  T_balance_accum_s=0.397776
  T_rebalance_apply_accum_s=0.172366
  device_times_s:
    part[0]=1.60078
    part[1]=1.89528
    part[2]=1.56869
    part[3]=2.45542
  OLD loads:
    part[0] cum=49.6875% share=49.6875% device_global=0 rank=0 local_index=0 offset=0 count=3945000
    part[1] cum=50.4375% share=0.749999% device_global=1 rank=0 local_index=1 offset=3945000 count=52500
    part[2] cum=99.5625% share=49.125% device_global=2 rank=1 local_index=-1 offset=3997500 count=3980000
    part[3] cum=100% share=0.437498% device_global=3 rank=1 local_index=-1 offset=7977500 count=22500
    total=100%
  PROPOSED loads:
    part[0] cum=49.3125% share=49.3125% device_global=0 rank=0 local_index=0 offset=0 count=3945000
    part[1] cum=49.9688% share=0.65625% device_global=1 rank=0 local_index=1 offset=3945000 count=52500
    part[2] cum=99.7188% share=49.75% device_global=2 rank=1 local_index=-1 offset=3997500 count=3980000
    part[3] cum=100% share=0.28125% device_global=3 rank=1 local_index=-1 offset=7977500 count=22500
    total=100%
  CURRENT loads:
    part[0] cum=49.3125% share=49.3125% device_global=0 rank=0 local_index=0 offset=0 count=3945000
    part[1] cum=49.9688% share=0.65625% device_global=1 rank=0 local_index=1 offset=3945000 count=52500
    part[2] cum=99.7188% share=49.75% device_global=2 rank=1 local_index=-1 offset=3997500 count=3980000
    part[3] cum=100% share=0.28125% device_global=3 rank=1 local_index=-1 offset=7977500 count=22500
    total=100%
[DCL][balance-metrics] iteration=2100
  policy=threshold
  action=rebalance
  reason=accepted by fixed threshold; diff=0.00139757, threshold=0.0003125
  T_compute_interval_s=1.5714
  T_comm_interval_s=1.84445
  T_balance_total_s=0.0162637
  T_rebalance_apply_s=0.006436
  T_compute_accum_s=14.5328
  T_comm_accum_s=13.1856
  T_balance_accum_s=0.414039
  T_rebalance_apply_accum_s=0.178802
  device_times_s:
    part[0]=1.56536
    part[1]=1.426
    part[2]=1.5714
    part[3]=1.51547
  OLD loads:
    part[0] cum=49.3125% share=49.3125% device_global=0 rank=0 local_index=0 offset=0 count=3950000
    part[1] cum=49.9688% share=0.65625% device_global=1 rank=0 local_index=1 offset=3950000 count=57500
    part[2] cum=99.7188% share=49.75% device_global=2 rank=1 local_index=-1 offset=4007500 count=3970000
    part[3] cum=100% share=0.28125% device_global=3 rank=1 local_index=-1 offset=7977500 count=22500
    total=100%
  PROPOSED loads:
    part[0] cum=49.375% share=49.375% device_global=0 rank=0 local_index=0 offset=0 count=3950000
    part[1] cum=50.0938% share=0.718752% device_global=1 rank=0 local_index=1 offset=3950000 count=57500
    part[2] cum=99.7188% share=49.625% device_global=2 rank=1 local_index=-1 offset=4007500 count=3970000
    part[3] cum=100% share=0.28125% device_global=3 rank=1 local_index=-1 offset=7977500 count=22500
    total=100%
  CURRENT loads:
    part[0] cum=49.375% share=49.375% device_global=0 rank=0 local_index=0 offset=0 count=3950000
    part[1] cum=50.0938% share=0.718752% device_global=1 rank=0 local_index=1 offset=3950000 count=57500
    part[2] cum=99.7188% share=49.625% device_global=2 rank=1 local_index=-1 offset=4007500 count=3970000
    part[3] cum=100% share=0.28125% device_global=3 rank=1 local_index=-1 offset=7977500 count=22500
    total=100%
[DCL][balance-metrics] iteration=3100
  policy=threshold
  action=rebalance
  reason=accepted by fixed threshold; diff=0.000698787, threshold=0.0003125
  T_compute_interval_s=1.56769
  T_comm_interval_s=1.84401
  T_balance_total_s=0.0105196
  T_rebalance_apply_s=0.000924687
  T_compute_accum_s=16.1005
  T_comm_accum_s=15.0296
  T_balance_accum_s=0.424559
  T_rebalance_apply_accum_s=0.179726
  device_times_s:
    part[0]=1.56707
    part[1]=1.50095
    part[2]=1.56769
    part[3]=1.30153
  OLD loads:
    part[0] cum=49.375% share=49.375% device_global=0 rank=0 local_index=0 offset=0 count=3947500
    part[1] cum=50.0938% share=0.718752% device_global=1 rank=0 local_index=1 offset=3947500 count=60000
    part[2] cum=99.7188% share=49.625% device_global=2 rank=1 local_index=-1 offset=4007500 count=3965000
    part[3] cum=100% share=0.28125% device_global=3 rank=1 local_index=-1 offset=7972500 count=27500
    total=100%
  PROPOSED loads:
    part[0] cum=49.3438% share=49.3438% device_global=0 rank=0 local_index=0 offset=0 count=3947500
    part[1] cum=50.0938% share=0.750002% device_global=1 rank=0 local_index=1 offset=3947500 count=60000
    part[2] cum=99.6562% share=49.5625% device_global=2 rank=1 local_index=-1 offset=4007500 count=3965000
    part[3] cum=100% share=0.343752% device_global=3 rank=1 local_index=-1 offset=7972500 count=27500
    total=100%
  CURRENT loads:
    part[0] cum=49.3438% share=49.3438% device_global=0 rank=0 local_index=0 offset=0 count=3947500
    part[1] cum=50.0938% share=0.750002% device_global=1 rank=0 local_index=1 offset=3947500 count=60000
    part[2] cum=99.6562% share=49.5625% device_global=2 rank=1 local_index=-1 offset=4007500 count=3965000
    part[3] cum=100% share=0.343752% device_global=3 rank=1 local_index=-1 offset=7972500 count=27500
    total=100%
[DCL][balance-metrics] iteration=4100
  policy=threshold
  action=rebalance
  reason=accepted by fixed threshold; diff=0.00128844, threshold=0.0003125
  T_compute_interval_s=1.56615
  T_comm_interval_s=1.8454
  T_balance_total_s=0.0131161
  T_rebalance_apply_s=0.00386902
  T_compute_accum_s=17.6666
  T_comm_accum_s=16.875
  T_balance_accum_s=0.437675
  T_rebalance_apply_accum_s=0.183595
  device_times_s:
    part[0]=1.56615
    part[1]=1.53511
    part[2]=1.56565
    part[3]=1.23118
  OLD loads:
    part[0] cum=49.3438% share=49.3438% device_global=0 rank=0 local_index=0 offset=0 count=3942500
    part[1] cum=50.0938% share=0.750002% device_global=1 rank=0 local_index=1 offset=3942500 count=60000
    part[2] cum=99.6562% share=49.5625% device_global=2 rank=1 local_index=-1 offset=4002500 count=3962500
    part[3] cum=100% share=0.343752% device_global=3 rank=1 local_index=-1 offset=7965000 count=35000
    total=100%
  PROPOSED loads:
    part[0] cum=49.2812% share=49.2812% device_global=0 rank=0 local_index=0 offset=0 count=3942500
    part[1] cum=50.0312% share=0.749999% device_global=1 rank=0 local_index=1 offset=3942500 count=60000
    part[2] cum=99.5625% share=49.5312% device_global=2 rank=1 local_index=-1 offset=4002500 count=3962500
    part[3] cum=100% share=0.437498% device_global=3 rank=1 local_index=-1 offset=7965000 count=35000
    total=100%
  CURRENT loads:
    part[0] cum=49.2812% share=49.2812% device_global=0 rank=0 local_index=0 offset=0 count=3942500
    part[1] cum=50.0312% share=0.749999% device_global=1 rank=0 local_index=1 offset=3942500 count=60000
    part[2] cum=99.5625% share=49.5312% device_global=2 rank=1 local_index=-1 offset=4002500 count=3962500
    part[3] cum=100% share=0.437498% device_global=3 rank=1 local_index=-1 offset=7965000 count=35000
    total=100%
[DCL][balance-metrics] iteration=5100
  policy=threshold
  action=rebalance
  reason=accepted by fixed threshold; diff=0.0060029, threshold=0.0003125
  T_compute_interval_s=1.5648
  T_comm_interval_s=1.82863
  T_balance_total_s=0.0322294
  T_rebalance_apply_s=0.0224848
  T_compute_accum_s=19.2314
  T_comm_accum_s=18.7036
  T_balance_accum_s=0.469904
  T_rebalance_apply_accum_s=0.20608
  device_times_s:
    part[0]=1.53623
    part[1]=1.51726
    part[2]=1.5648
    part[3]=1.37279
  OLD loads:
    part[0] cum=49.2812% share=49.2812% device_global=0 rank=0 local_index=0 offset=0 count=3975000
    part[1] cum=50.0312% share=0.749999% device_global=1 rank=0 local_index=1 offset=3975000 count=62500
    part[2] cum=99.5625% share=49.5312% device_global=2 rank=1 local_index=-1 offset=4037500 count=3922500
    part[3] cum=100% share=0.437498% device_global=3 rank=1 local_index=-1 offset=7960000 count=40000
    total=100%
  PROPOSED loads:
    part[0] cum=49.6875% share=49.6875% device_global=0 rank=0 local_index=0 offset=0 count=3975000
    part[1] cum=50.4688% share=0.78125% device_global=1 rank=0 local_index=1 offset=3975000 count=62500
    part[2] cum=99.5% share=49.0312% device_global=2 rank=1 local_index=-1 offset=4037500 count=3922500
    part[3] cum=100% share=0.5% device_global=3 rank=1 local_index=-1 offset=7960000 count=40000
    total=100%
  CURRENT loads:
    part[0] cum=49.6875% share=49.6875% device_global=0 rank=0 local_index=0 offset=0 count=3975000
    part[1] cum=50.4688% share=0.78125% device_global=1 rank=0 local_index=1 offset=3975000 count=62500
    part[2] cum=99.5% share=49.0312% device_global=2 rank=1 local_index=-1 offset=4037500 count=3922500
    part[3] cum=100% share=0.5% device_global=3 rank=1 local_index=-1 offset=7960000 count=40000
    total=100%
[DCL][balance-metrics] iteration=6100
  policy=threshold
  action=rebalance
  reason=accepted by fixed threshold; diff=0.00663647, threshold=0.0003125
  T_compute_interval_s=1.57735
  T_comm_interval_s=1.83549
  T_balance_total_s=0.0311668
  T_rebalance_apply_s=0.0210012
  T_compute_accum_s=20.8088
  T_comm_accum_s=20.5391
  T_balance_accum_s=0.501071
  T_rebalance_apply_accum_s=0.227081
  device_times_s:
    part[0]=1.57735
    part[1]=1.56486
    part[2]=1.54886
    part[3]=1.4709
  OLD loads:
    part[0] cum=49.6875% share=49.6875% device_global=0 rank=0 local_index=0 offset=0 count=3937500
    part[1] cum=50.4688% share=0.78125% device_global=1 rank=0 local_index=1 offset=3937500 count=62500
    part[2] cum=99.5% share=49.0312% device_global=2 rank=1 local_index=-1 offset=4000000 count=3957500
    part[3] cum=100% share=0.5% device_global=3 rank=1 local_index=-1 offset=7957500 count=42500
    total=100%
  PROPOSED loads:
    part[0] cum=49.2188% share=49.2188% device_global=0 rank=0 local_index=0 offset=0 count=3937500
    part[1] cum=50% share=0.78125% device_global=1 rank=0 local_index=1 offset=3937500 count=62500
    part[2] cum=99.4688% share=49.4688% device_global=2 rank=1 local_index=-1 offset=4000000 count=3957500
    part[3] cum=100% share=0.53125% device_global=3 rank=1 local_index=-1 offset=7957500 count=42500
    total=100%
  CURRENT loads:
    part[0] cum=49.2188% share=49.2188% device_global=0 rank=0 local_index=0 offset=0 count=3937500
    part[1] cum=50% share=0.78125% device_global=1 rank=0 local_index=1 offset=3937500 count=62500
    part[2] cum=99.4688% share=49.4688% device_global=2 rank=1 local_index=-1 offset=4000000 count=3957500
    part[3] cum=100% share=0.53125% device_global=3 rank=1 local_index=-1 offset=7957500 count=42500
    total=100%
[DCL][balance-metrics] iteration=7100
  policy=threshold
  action=rebalance
  reason=accepted by fixed threshold; diff=0.00377595, threshold=0.0003125
  T_compute_interval_s=1.58254
  T_comm_interval_s=1.81293
  T_balance_total_s=0.0208129
  T_rebalance_apply_s=0.0114905
  T_compute_accum_s=22.3913
  T_comm_accum_s=22.352
  T_balance_accum_s=0.521884
  T_rebalance_apply_accum_s=0.238572
  device_times_s:
    part[0]=1.56443
    part[1]=1.56581
    part[2]=1.58254
    part[3]=1.47692
  OLD loads:
    part[0] cum=49.2188% share=49.2188% device_global=0 rank=0 local_index=0 offset=0 count=3957500
    part[1] cum=50% share=0.78125% device_global=1 rank=0 local_index=1 offset=3957500 count=65000
    part[2] cum=99.4688% share=49.4688% device_global=2 rank=1 local_index=-1 offset=4022500 count=3932500
    part[3] cum=100% share=0.53125% device_global=3 rank=1 local_index=-1 offset=7955000 count=45000
    total=100%
  PROPOSED loads:
    part[0] cum=49.4688% share=49.4688% device_global=0 rank=0 local_index=0 offset=0 count=3957500
    part[1] cum=50.2812% share=0.812501% device_global=1 rank=0 local_index=1 offset=3957500 count=65000
    part[2] cum=99.4375% share=49.1562% device_global=2 rank=1 local_index=-1 offset=4022500 count=3932500
    part[3] cum=100% share=0.562501% device_global=3 rank=1 local_index=-1 offset=7955000 count=45000
    total=100%
  CURRENT loads:
    part[0] cum=49.4688% share=49.4688% device_global=0 rank=0 local_index=0 offset=0 count=3957500
    part[1] cum=50.2812% share=0.812501% device_global=1 rank=0 local_index=1 offset=3957500 count=65000
    part[2] cum=99.4375% share=49.1562% device_global=2 rank=1 local_index=-1 offset=4022500 count=3932500
    part[3] cum=100% share=0.562501% device_global=3 rank=1 local_index=-1 offset=7955000 count=45000
    total=100%
[DCL][balance-metrics] iteration=8100
  policy=threshold
  action=rebalance
  reason=accepted by fixed threshold; diff=0.00797336, threshold=0.0003125
  T_compute_interval_s=1.65043
  T_comm_interval_s=1.86206
  T_balance_total_s=0.0335646
  T_rebalance_apply_s=0.0241204
  T_compute_accum_s=24.0418
  T_comm_accum_s=24.2141
  T_balance_accum_s=0.555449
  T_rebalance_apply_accum_s=0.262692
  device_times_s:
    part[0]=1.58946
    part[1]=1.65043
    part[2]=1.55475
    part[3]=1.47457
  OLD loads:
    part[0] cum=49.4688% share=49.4688% device_global=0 rank=0 local_index=0 offset=0 count=3915000
    part[1] cum=50.2812% share=0.812501% device_global=1 rank=0 local_index=1 offset=3915000 count=60000
    part[2] cum=99.4375% share=49.1562% device_global=2 rank=1 local_index=-1 offset=3975000 count=3977500
    part[3] cum=100% share=0.562501% device_global=3 rank=1 local_index=-1 offset=7952500 count=47500
    total=100%
  PROPOSED loads:
    part[0] cum=48.9375% share=48.9375% device_global=0 rank=0 local_index=0 offset=0 count=3915000
    part[1] cum=49.6875% share=0.749999% device_global=1 rank=0 local_index=1 offset=3915000 count=60000
    part[2] cum=99.4062% share=49.7188% device_global=2 rank=1 local_index=-1 offset=3975000 count=3977500
    part[3] cum=100% share=0.593752% device_global=3 rank=1 local_index=-1 offset=7952500 count=47500
    total=100%
  CURRENT loads:
    part[0] cum=48.9375% share=48.9375% device_global=0 rank=0 local_index=0 offset=0 count=3915000
    part[1] cum=49.6875% share=0.749999% device_global=1 rank=0 local_index=1 offset=3915000 count=60000
    part[2] cum=99.4062% share=49.7188% device_global=2 rank=1 local_index=-1 offset=3975000 count=3977500
    part[3] cum=100% share=0.593752% device_global=3 rank=1 local_index=-1 offset=7952500 count=47500
    total=100%
[DCL][balance-metrics] iteration=9100
  policy=threshold
  action=rebalance
  reason=accepted by fixed threshold; diff=0.00377595, threshold=0.0003125
  T_compute_interval_s=1.57149
  T_comm_interval_s=1.82877
  T_balance_total_s=0.020807
  T_rebalance_apply_s=0.0115298
  T_compute_accum_s=25.6132
  T_comm_accum_s=26.0429
  T_balance_accum_s=0.576256
  T_rebalance_apply_accum_s=0.274222
  device_times_s:
    part[0]=1.55438
    part[1]=1.49826
    part[2]=1.57149
    part[3]=1.51128
  OLD loads:
    part[0] cum=48.9375% share=48.9375% device_global=0 rank=0 local_index=0 offset=0 count=3935000
    part[1] cum=49.6875% share=0.749999% device_global=1 rank=0 local_index=1 offset=3935000 count=62500
    part[2] cum=99.4062% share=49.7188% device_global=2 rank=1 local_index=-1 offset=3997500 count=3952500
    part[3] cum=100% share=0.593752% device_global=3 rank=1 local_index=-1 offset=7950000 count=50000
    total=100%
  PROPOSED loads:
    part[0] cum=49.1875% share=49.1875% device_global=0 rank=0 local_index=0 offset=0 count=3935000
    part[1] cum=49.9688% share=0.78125% device_global=1 rank=0 local_index=1 offset=3935000 count=62500
    part[2] cum=99.375% share=49.4062% device_global=2 rank=1 local_index=-1 offset=3997500 count=3952500
    part[3] cum=100% share=0.625002% device_global=3 rank=1 local_index=-1 offset=7950000 count=50000
    total=100%
  CURRENT loads:
    part[0] cum=49.1875% share=49.1875% device_global=0 rank=0 local_index=0 offset=0 count=3935000
    part[1] cum=49.9688% share=0.78125% device_global=1 rank=0 local_index=1 offset=3935000 count=62500
    part[2] cum=99.375% share=49.4062% device_global=2 rank=1 local_index=-1 offset=3997500 count=3952500
    part[3] cum=100% share=0.625002% device_global=3 rank=1 local_index=-1 offset=7950000 count=50000
    total=100%

=== PARTICOES FINAIS ===
=== Particoes globais ===
part[0] device_global=0 rank=0 local_index=0 offset=0 count=3935000
part[1] device_global=1 rank=0 local_index=1 offset=3935000 count=62500
part[2] device_global=2 rank=1 local_index=-1 offset=3997500 count=3952500
part[3] device_global=3 rank=1 local_index=-1 offset=7950000 count=50000


============================
ITERACAO 10000
Tempo de execução: 36.0038s
