=== Dispositivos locais do rank 1 ===
global=2 local=0 nome="NVIDIA RTX 2000 Ada Generation" compute_units=22
global=3 local=1 nome="Intel(R) Xeon(R) CPU           E5620  @ 2.40GHz" compute_units=16

=== Dispositivos locais do rank 0 ===
global=0 local=0 nome="NVIDIA RTX 2000 Ada Generation" compute_units=22
global=1 local=1 nome="Intel(R) Xeon(R) CPU           E5620  @ 2.40GHz" compute_units=16

=== PARTICOES INICIAIS ===
=== Particoes globais ===
part[0] device_global=0 rank=0 local_index=0 offset=0 count=2000000
part[1] device_global=1 rank=0 local_index=1 offset=2000000 count=2000000
part[2] device_global=2 rank=1 local_index=-1 offset=4000000 count=2000000
part[3] device_global=3 rank=1 local_index=-1 offset=6000000 count=2000000

X = 50 Y = 50 Z = 3200 Iterations = 10000
[DCL][balance-metrics] iteration=100
  policy=threshold
  action=rebalance
  reason=accepted by fixed threshold; diff=0.348504, threshold=0.0003125
  T_compute_interval_s=10.4345
  T_comm_interval_s=9.32534
  T_balance_total_s=0.369204
  T_rebalance_apply_s=0.154267
  T_compute_accum_s=10.4345
  T_comm_accum_s=9.32534
  T_balance_accum_s=0.369204
  T_rebalance_apply_accum_s=0.154267
  device_times_s:
    part[0]=0.0928296
    part[1]=6.09024
    part[2]=0.0939994
    part[3]=10.4345
  OLD loads:
    part[0] cum=25% share=25% device_global=0 rank=0 local_index=0 offset=0 count=3977500
    part[1] cum=50% share=25% device_global=1 rank=0 local_index=1 offset=3977500 count=60000
    part[2] cum=75% share=25% device_global=2 rank=1 local_index=-1 offset=4037500 count=3927500
    part[3] cum=100% share=25% device_global=3 rank=1 local_index=-1 offset=7965000 count=35000
    total=100%
  PROPOSED loads:
    part[0] cum=49.7188% share=49.7188% device_global=0 rank=0 local_index=0 offset=0 count=3977500
    part[1] cum=50.4688% share=0.749999% device_global=1 rank=0 local_index=1 offset=3977500 count=60000
    part[2] cum=99.5625% share=49.0938% device_global=2 rank=1 local_index=-1 offset=4037500 count=3927500
    part[3] cum=100% share=0.437498% device_global=3 rank=1 local_index=-1 offset=7965000 count=35000
    total=100%
  CURRENT loads:
    part[0] cum=49.7188% share=49.7188% device_global=0 rank=0 local_index=0 offset=0 count=3977500
    part[1] cum=50.4688% share=0.749999% device_global=1 rank=0 local_index=1 offset=3977500 count=60000
    part[2] cum=99.5625% share=49.0938% device_global=2 rank=1 local_index=-1 offset=4037500 count=3927500
    part[3] cum=100% share=0.437498% device_global=3 rank=1 local_index=-1 offset=7965000 count=35000
    total=100%
[DCL][balance-metrics] iteration=1100
  policy=threshold
  action=rebalance
  reason=accepted by fixed threshold; diff=0.00686789, threshold=0.0003125
  T_compute_interval_s=2.40634
  T_comm_interval_s=1.89143
  T_balance_total_s=0.0394448
  T_rebalance_apply_s=0.0302844
  T_compute_accum_s=12.8408
  T_comm_accum_s=11.2168
  T_balance_accum_s=0.408648
  T_rebalance_apply_accum_s=0.184551
  device_times_s:
    part[0]=1.60301
    part[1]=1.90163
    part[2]=1.56789
    part[3]=2.40634
  OLD loads:
    part[0] cum=49.7188% share=49.7188% device_global=0 rank=0 local_index=0 offset=0 count=3945000
    part[1] cum=50.4688% share=0.749999% device_global=1 rank=0 local_index=1 offset=3945000 count=50000
    part[2] cum=99.5625% share=49.0938% device_global=2 rank=1 local_index=-1 offset=3995000 count=3982500
    part[3] cum=100% share=0.437498% device_global=3 rank=1 local_index=-1 offset=7977500 count=22500
    total=100%
  PROPOSED loads:
    part[0] cum=49.3125% share=49.3125% device_global=0 rank=0 local_index=0 offset=0 count=3945000
    part[1] cum=49.9375% share=0.624999% device_global=1 rank=0 local_index=1 offset=3945000 count=50000
    part[2] cum=99.7188% share=49.7812% device_global=2 rank=1 local_index=-1 offset=3995000 count=3982500
    part[3] cum=100% share=0.28125% device_global=3 rank=1 local_index=-1 offset=7977500 count=22500
    total=100%
  CURRENT loads:
    part[0] cum=49.3125% share=49.3125% device_global=0 rank=0 local_index=0 offset=0 count=3945000
    part[1] cum=49.9375% share=0.624999% device_global=1 rank=0 local_index=1 offset=3945000 count=50000
    part[2] cum=99.7188% share=49.7812% device_global=2 rank=1 local_index=-1 offset=3995000 count=3982500
    part[3] cum=100% share=0.28125% device_global=3 rank=1 local_index=-1 offset=7977500 count=22500
    total=100%
[DCL][balance-metrics] iteration=2100
  policy=threshold
  action=rebalance
  reason=accepted by fixed threshold; diff=0.0012885, threshold=0.0003125
  T_compute_interval_s=1.57215
  T_comm_interval_s=1.86366
  T_balance_total_s=0.0181895
  T_rebalance_apply_s=0.00664259
  T_compute_accum_s=14.413
  T_comm_accum_s=13.0804
  T_balance_accum_s=0.426838
  T_rebalance_apply_accum_s=0.191194
  device_times_s:
    part[0]=1.56615
    part[1]=1.37302
    part[2]=1.57215
    part[3]=1.49477
  OLD loads:
    part[0] cum=49.3125% share=49.3125% device_global=0 rank=0 local_index=0 offset=0 count=3947500
    part[1] cum=49.9375% share=0.624999% device_global=1 rank=0 local_index=1 offset=3947500 count=57500
    part[2] cum=99.7188% share=49.7812% device_global=2 rank=1 local_index=-1 offset=4005000 count=3972500
    part[3] cum=100% share=0.28125% device_global=3 rank=1 local_index=-1 offset=7977500 count=22500
    total=100%
  PROPOSED loads:
    part[0] cum=49.3438% share=49.3438% device_global=0 rank=0 local_index=0 offset=0 count=3947500
    part[1] cum=50.0625% share=0.718752% device_global=1 rank=0 local_index=1 offset=3947500 count=57500
    part[2] cum=99.7188% share=49.6562% device_global=2 rank=1 local_index=-1 offset=4005000 count=3972500
    part[3] cum=100% share=0.28125% device_global=3 rank=1 local_index=-1 offset=7977500 count=22500
    total=100%
  CURRENT loads:
    part[0] cum=49.3438% share=49.3438% device_global=0 rank=0 local_index=0 offset=0 count=3947500
    part[1] cum=50.0625% share=0.718752% device_global=1 rank=0 local_index=1 offset=3947500 count=57500
    part[2] cum=99.7188% share=49.6562% device_global=2 rank=1 local_index=-1 offset=4005000 count=3972500
    part[3] cum=100% share=0.28125% device_global=3 rank=1 local_index=-1 offset=7977500 count=22500
    total=100%
[DCL][balance-metrics] iteration=3100
  policy=threshold
  action=rebalance
  reason=accepted by fixed threshold; diff=0.000698787, threshold=0.0003125
  T_compute_interval_s=1.56851
  T_comm_interval_s=1.84079
  T_balance_total_s=0.0115376
  T_rebalance_apply_s=0.00239483
  T_compute_accum_s=15.9815
  T_comm_accum_s=14.9212
  T_balance_accum_s=0.438375
  T_rebalance_apply_accum_s=0.193589
  device_times_s:
    part[0]=1.56633
    part[1]=1.50069
    part[2]=1.56851
    part[3]=1.28772
  OLD loads:
    part[0] cum=49.3438% share=49.3438% device_global=0 rank=0 local_index=0 offset=0 count=3947500
    part[1] cum=50.0625% share=0.718752% device_global=1 rank=0 local_index=1 offset=3947500 count=60000
    part[2] cum=99.7188% share=49.6562% device_global=2 rank=1 local_index=-1 offset=4007500 count=3965000
    part[3] cum=100% share=0.28125% device_global=3 rank=1 local_index=-1 offset=7972500 count=27500
    total=100%
  PROPOSED loads:
    part[0] cum=49.3438% share=49.3438% device_global=0 rank=0 local_index=0 offset=0 count=3947500
    part[1] cum=50.0938% share=0.750002% device_global=1 rank=0 local_index=1 offset=3947500 count=60000
    part[2] cum=99.6562% share=49.5625% device_global=2 rank=1 local_index=-1 offset=4007500 count=3965000
    part[3] cum=100% share=0.343752% device_global=3 rank=1 local_index=-1 offset=7972500 count=27500
    total=100%
  CURRENT loads:
    part[0] cum=49.3438% share=49.3438% device_global=0 rank=0 local_index=0 offset=0 count=3947500
    part[1] cum=50.0938% share=0.750002% device_global=1 rank=0 local_index=1 offset=3947500 count=60000
    part[2] cum=99.6562% share=49.5625% device_global=2 rank=1 local_index=-1 offset=4007500 count=3965000
    part[3] cum=100% share=0.343752% device_global=3 rank=1 local_index=-1 offset=7972500 count=27500
    total=100%
[DCL][balance-metrics] iteration=4100
  policy=threshold
  action=rebalance
  reason=accepted by fixed threshold; diff=0.00128844, threshold=0.0003125
  T_compute_interval_s=1.56645
  T_comm_interval_s=1.85789
  T_balance_total_s=0.013264
  T_rebalance_apply_s=0.00406686
  T_compute_accum_s=17.5479
  T_comm_accum_s=16.7791
  T_balance_accum_s=0.45164
  T_rebalance_apply_accum_s=0.197656
  device_times_s:
    part[0]=1.56645
    part[1]=1.53595
    part[2]=1.56519
    part[3]=1.2158
  OLD loads:
    part[0] cum=49.3438% share=49.3438% device_global=0 rank=0 local_index=0 offset=0 count=3942500
    part[1] cum=50.0938% share=0.750002% device_global=1 rank=0 local_index=1 offset=3942500 count=60000
    part[2] cum=99.6562% share=49.5625% device_global=2 rank=1 local_index=-1 offset=4002500 count=3962500
    part[3] cum=100% share=0.343752% device_global=3 rank=1 local_index=-1 offset=7965000 count=35000
    total=100%
  PROPOSED loads:
    part[0] cum=49.2812% share=49.2812% device_global=0 rank=0 local_index=0 offset=0 count=3942500
    part[1] cum=50.0312% share=0.749999% device_global=1 rank=0 local_index=1 offset=3942500 count=60000
    part[2] cum=99.5625% share=49.5312% device_global=2 rank=1 local_index=-1 offset=4002500 count=3962500
    part[3] cum=100% share=0.437498% device_global=3 rank=1 local_index=-1 offset=7965000 count=35000
    total=100%
  CURRENT loads:
    part[0] cum=49.2812% share=49.2812% device_global=0 rank=0 local_index=0 offset=0 count=3942500
    part[1] cum=50.0312% share=0.749999% device_global=1 rank=0 local_index=1 offset=3942500 count=60000
    part[2] cum=99.5625% share=49.5312% device_global=2 rank=1 local_index=-1 offset=4002500 count=3962500
    part[3] cum=100% share=0.437498% device_global=3 rank=1 local_index=-1 offset=7965000 count=35000
    total=100%
[DCL][balance-metrics] iteration=5100
  policy=threshold
  action=rebalance
  reason=accepted by fixed threshold; diff=0.0060029, threshold=0.0003125
  T_compute_interval_s=1.56497
  T_comm_interval_s=1.8389
  T_balance_total_s=0.0316631
  T_rebalance_apply_s=0.0223778
  T_compute_accum_s=19.1129
  T_comm_accum_s=18.618
  T_balance_accum_s=0.483303
  T_rebalance_apply_accum_s=0.220034
  device_times_s:
    part[0]=1.53697
    part[1]=1.5167
    part[2]=1.56497
    part[3]=1.37157
  OLD loads:
    part[0] cum=49.2812% share=49.2812% device_global=0 rank=0 local_index=0 offset=0 count=3975000
    part[1] cum=50.0312% share=0.749999% device_global=1 rank=0 local_index=1 offset=3975000 count=62500
    part[2] cum=99.5625% share=49.5312% device_global=2 rank=1 local_index=-1 offset=4037500 count=3922500
    part[3] cum=100% share=0.437498% device_global=3 rank=1 local_index=-1 offset=7960000 count=40000
    total=100%
  PROPOSED loads:
    part[0] cum=49.6875% share=49.6875% device_global=0 rank=0 local_index=0 offset=0 count=3975000
    part[1] cum=50.4688% share=0.78125% device_global=1 rank=0 local_index=1 offset=3975000 count=62500
    part[2] cum=99.5% share=49.0312% device_global=2 rank=1 local_index=-1 offset=4037500 count=3922500
    part[3] cum=100% share=0.5% device_global=3 rank=1 local_index=-1 offset=7960000 count=40000
    total=100%
  CURRENT loads:
    part[0] cum=49.6875% share=49.6875% device_global=0 rank=0 local_index=0 offset=0 count=3975000
    part[1] cum=50.4688% share=0.78125% device_global=1 rank=0 local_index=1 offset=3975000 count=62500
    part[2] cum=99.5% share=49.0312% device_global=2 rank=1 local_index=-1 offset=4037500 count=3922500
    part[3] cum=100% share=0.5% device_global=3 rank=1 local_index=-1 offset=7960000 count=40000
    total=100%
[DCL][balance-metrics] iteration=6100
  policy=threshold
  action=rebalance
  reason=accepted by fixed threshold; diff=0.00663647, threshold=0.0003125
  T_compute_interval_s=1.57748
  T_comm_interval_s=1.82773
  T_balance_total_s=0.0353711
  T_rebalance_apply_s=0.0253396
  T_compute_accum_s=20.6904
  T_comm_accum_s=20.4457
  T_balance_accum_s=0.518674
  T_rebalance_apply_accum_s=0.245373
  device_times_s:
    part[0]=1.57748
    part[1]=1.5653
    part[2]=1.54876
    part[3]=1.46071
  OLD loads:
    part[0] cum=49.6875% share=49.6875% device_global=0 rank=0 local_index=0 offset=0 count=3937500
    part[1] cum=50.4688% share=0.78125% device_global=1 rank=0 local_index=1 offset=3937500 count=62500
    part[2] cum=99.5% share=49.0312% device_global=2 rank=1 local_index=-1 offset=4000000 count=3957500
    part[3] cum=100% share=0.5% device_global=3 rank=1 local_index=-1 offset=7957500 count=42500
    total=100%
  PROPOSED loads:
    part[0] cum=49.2188% share=49.2188% device_global=0 rank=0 local_index=0 offset=0 count=3937500
    part[1] cum=50% share=0.78125% device_global=1 rank=0 local_index=1 offset=3937500 count=62500
    part[2] cum=99.4688% share=49.4688% device_global=2 rank=1 local_index=-1 offset=4000000 count=3957500
    part[3] cum=100% share=0.53125% device_global=3 rank=1 local_index=-1 offset=7957500 count=42500
    total=100%
  CURRENT loads:
    part[0] cum=49.2188% share=49.2188% device_global=0 rank=0 local_index=0 offset=0 count=3937500
    part[1] cum=50% share=0.78125% device_global=1 rank=0 local_index=1 offset=3937500 count=62500
    part[2] cum=99.4688% share=49.4688% device_global=2 rank=1 local_index=-1 offset=4000000 count=3957500
    part[3] cum=100% share=0.53125% device_global=3 rank=1 local_index=-1 offset=7957500 count=42500
    total=100%
[DCL][balance-metrics] iteration=7100
  policy=threshold
  action=rebalance
  reason=accepted by fixed threshold; diff=0.00398974, threshold=0.0003125
  T_compute_interval_s=1.58291
  T_comm_interval_s=1.81871
  T_balance_total_s=0.0213774
  T_rebalance_apply_s=0.0116224
  T_compute_accum_s=22.2733
  T_comm_accum_s=22.2645
  T_balance_accum_s=0.540051
  T_rebalance_apply_accum_s=0.256996
  device_times_s:
    part[0]=1.56305
    part[1]=1.55792
    part[2]=1.58291
    part[3]=1.46419
  OLD loads:
    part[0] cum=49.2188% share=49.2188% device_global=0 rank=0 local_index=0 offset=0 count=3960000
    part[1] cum=50% share=0.78125% device_global=1 rank=0 local_index=1 offset=3960000 count=62500
    part[2] cum=99.4688% share=49.4688% device_global=2 rank=1 local_index=-1 offset=4022500 count=3932500
    part[3] cum=100% share=0.53125% device_global=3 rank=1 local_index=-1 offset=7955000 count=45000
    total=100%
  PROPOSED loads:
    part[0] cum=49.5% share=49.5% device_global=0 rank=0 local_index=0 offset=0 count=3960000
    part[1] cum=50.2812% share=0.78125% device_global=1 rank=0 local_index=1 offset=3960000 count=62500
    part[2] cum=99.4375% share=49.1562% device_global=2 rank=1 local_index=-1 offset=4022500 count=3932500
    part[3] cum=100% share=0.562501% device_global=3 rank=1 local_index=-1 offset=7955000 count=45000
    total=100%
  CURRENT loads:
    part[0] cum=49.5% share=49.5% device_global=0 rank=0 local_index=0 offset=0 count=3960000
    part[1] cum=50.2812% share=0.78125% device_global=1 rank=0 local_index=1 offset=3960000 count=62500
    part[2] cum=99.4375% share=49.1562% device_global=2 rank=1 local_index=-1 offset=4022500 count=3932500
    part[3] cum=100% share=0.562501% device_global=3 rank=1 local_index=-1 offset=7955000 count=45000
    total=100%
[DCL][balance-metrics] iteration=8100
  policy=threshold
  action=rebalance
  reason=accepted by fixed threshold; diff=0.00398974, threshold=0.0003125
  T_compute_interval_s=1.57138
  T_comm_interval_s=1.81486
  T_balance_total_s=0.0213832
  T_rebalance_apply_s=0.0122335
  T_compute_accum_s=23.8447
  T_comm_accum_s=24.0793
  T_balance_accum_s=0.561434
  T_rebalance_apply_accum_s=0.269229
  device_times_s:
    part[0]=1.57138
    part[1]=1.5566
    part[2]=1.55505
    part[3]=1.48145
  OLD loads:
    part[0] cum=49.5% share=49.5% device_global=0 rank=0 local_index=0 offset=0 count=3937500
    part[1] cum=50.2812% share=0.78125% device_global=1 rank=0 local_index=1 offset=3937500 count=62500
    part[2] cum=99.4375% share=49.1562% device_global=2 rank=1 local_index=-1 offset=4000000 count=3952500
    part[3] cum=100% share=0.562501% device_global=3 rank=1 local_index=-1 offset=7952500 count=47500
    total=100%
  PROPOSED loads:
    part[0] cum=49.2188% share=49.2188% device_global=0 rank=0 local_index=0 offset=0 count=3937500
    part[1] cum=50% share=0.78125% device_global=1 rank=0 local_index=1 offset=3937500 count=62500
    part[2] cum=99.4062% share=49.4062% device_global=2 rank=1 local_index=-1 offset=4000000 count=3952500
    part[3] cum=100% share=0.593752% device_global=3 rank=1 local_index=-1 offset=7952500 count=47500
    total=100%
  CURRENT loads:
    part[0] cum=49.2188% share=49.2188% device_global=0 rank=0 local_index=0 offset=0 count=3937500
    part[1] cum=50% share=0.78125% device_global=1 rank=0 local_index=1 offset=3937500 count=62500
    part[2] cum=99.4062% share=49.4062% device_global=2 rank=1 local_index=-1 offset=4000000 count=3952500
    part[3] cum=100% share=0.593752% device_global=3 rank=1 local_index=-1 offset=7952500 count=47500
    total=100%
[DCL][balance-metrics] iteration=9100
  policy=threshold
  action=rebalance
  reason=accepted by fixed threshold; diff=0.000541278, threshold=0.0003125
  T_compute_interval_s=1.56334
  T_comm_interval_s=1.82418
  T_balance_total_s=0.0119024
  T_rebalance_apply_s=0.00263445
  T_compute_accum_s=25.408
  T_comm_accum_s=25.9035
  T_balance_accum_s=0.573337
  T_rebalance_apply_accum_s=0.271864
  device_times_s:
    part[0]=1.56334
    part[1]=1.55826
    part[2]=1.56226
    part[3]=1.47369
  OLD loads:
    part[0] cum=49.2188% share=49.2188% device_global=0 rank=0 local_index=0 offset=0 count=3935000
    part[1] cum=50% share=0.78125% device_global=1 rank=0 local_index=1 offset=3935000 count=62500
    part[2] cum=99.4062% share=49.4062% device_global=2 rank=1 local_index=-1 offset=3997500 count=3952500
    part[3] cum=100% share=0.593752% device_global=3 rank=1 local_index=-1 offset=7950000 count=50000
    total=100%
  PROPOSED loads:
    part[0] cum=49.1875% share=49.1875% device_global=0 rank=0 local_index=0 offset=0 count=3935000
    part[1] cum=49.9688% share=0.78125% device_global=1 rank=0 local_index=1 offset=3935000 count=62500
    part[2] cum=99.375% share=49.4062% device_global=2 rank=1 local_index=-1 offset=3997500 count=3952500
    part[3] cum=100% share=0.625002% device_global=3 rank=1 local_index=-1 offset=7950000 count=50000
    total=100%
  CURRENT loads:
    part[0] cum=49.1875% share=49.1875% device_global=0 rank=0 local_index=0 offset=0 count=3935000
    part[1] cum=49.9688% share=0.78125% device_global=1 rank=0 local_index=1 offset=3935000 count=62500
    part[2] cum=99.375% share=49.4062% device_global=2 rank=1 local_index=-1 offset=3997500 count=3952500
    part[3] cum=100% share=0.625002% device_global=3 rank=1 local_index=-1 offset=7950000 count=50000
    total=100%

=== PARTICOES FINAIS ===
=== Particoes globais ===
part[0] device_global=0 rank=0 local_index=0 offset=0 count=3935000
part[1] device_global=1 rank=0 local_index=1 offset=3935000 count=62500
part[2] device_global=2 rank=1 local_index=-1 offset=3997500 count=3952500
part[3] device_global=3 rank=1 local_index=-1 offset=7950000 count=50000


============================
ITERACAO 10000
Tempo de execução: 35.8474s
