=== Dispositivos locais do rank 1 ===
global=2 local=0 nome="NVIDIA RTX 2000 Ada Generation" compute_units=22
global=3 local=1 nome="Intel(R) Xeon(R) CPU           E5620  @ 2.40GHz" compute_units=16

=== Dispositivos locais do rank 0 ===
global=0 local=0 nome="NVIDIA RTX 2000 Ada Generation" compute_units=22
global=1 local=1 nome="Intel(R) Xeon(R) CPU           E5620  @ 2.40GHz" compute_units=16

=== PARTICOES INICIAIS ===
=== Particoes globais ===
part[0] device_global=0 rank=0 local_index=0 offset=0 count=2000000
part[1] device_global=1 rank=0 local_index=1 offset=2000000 count=2000000
part[2] device_global=2 rank=1 local_index=-1 offset=4000000 count=2000000
part[3] device_global=3 rank=1 local_index=-1 offset=6000000 count=2000000

X = 50 Y = 50 Z = 3200 Iterations = 10000
[DCL][balance-metrics] iteration=100
  policy=threshold
  action=rebalance
  reason=accepted by fixed threshold; diff=0.347829, threshold=0.0003125
  T_compute_interval_s=10.3904
  T_comm_interval_s=9.28704
  T_balance_total_s=0.348083
  T_rebalance_apply_s=0.138321
  T_compute_accum_s=10.3904
  T_comm_accum_s=9.28704
  T_balance_accum_s=0.348083
  T_rebalance_apply_accum_s=0.138321
  device_times_s:
    part[0]=0.09302
    part[1]=6.12102
    part[2]=0.0938892
    part[3]=10.3904
  OLD loads:
    part[0] cum=25% share=25% device_global=0 rank=0 local_index=0 offset=0 count=3970000
    part[1] cum=50% share=25% device_global=1 rank=0 local_index=1 offset=3970000 count=60000
    part[2] cum=75% share=25% device_global=2 rank=1 local_index=-1 offset=4030000 count=3935000
    part[3] cum=100% share=25% device_global=3 rank=1 local_index=-1 offset=7965000 count=35000
    total=100%
  PROPOSED loads:
    part[0] cum=49.625% share=49.625% device_global=0 rank=0 local_index=0 offset=0 count=3970000
    part[1] cum=50.375% share=0.750002% device_global=1 rank=0 local_index=1 offset=3970000 count=60000
    part[2] cum=99.5625% share=49.1875% device_global=2 rank=1 local_index=-1 offset=4030000 count=3935000
    part[3] cum=100% share=0.437498% device_global=3 rank=1 local_index=-1 offset=7965000 count=35000
    total=100%
  CURRENT loads:
    part[0] cum=49.625% share=49.625% device_global=0 rank=0 local_index=0 offset=0 count=3970000
    part[1] cum=50.375% share=0.750002% device_global=1 rank=0 local_index=1 offset=3970000 count=60000
    part[2] cum=99.5625% share=49.1875% device_global=2 rank=1 local_index=-1 offset=4030000 count=3935000
    part[3] cum=100% share=0.437498% device_global=3 rank=1 local_index=-1 offset=7965000 count=35000
    total=100%
[DCL][balance-metrics] iteration=1100
  policy=threshold
  action=rebalance
  reason=accepted by fixed threshold; diff=0.00200098, threshold=0.0003125
  T_compute_interval_s=2.42119
  T_comm_interval_s=1.89757
  T_balance_total_s=0.0149275
  T_rebalance_apply_s=0.00514724
  T_compute_accum_s=12.8116
  T_comm_accum_s=11.1846
  T_balance_accum_s=0.36301
  T_rebalance_apply_accum_s=0.143468
  device_times_s:
    part[0]=1.5904
    part[1]=1.89437
    part[2]=1.58155
    part[3]=2.42119
  OLD loads:
    part[0] cum=49.625% share=49.625% device_global=0 rank=0 local_index=0 offset=0 count=3970000
    part[1] cum=50.375% share=0.750002% device_global=1 rank=0 local_index=1 offset=3970000 count=50000
    part[2] cum=99.5625% share=49.1875% device_global=2 rank=1 local_index=-1 offset=4020000 count=3957500
    part[3] cum=100% share=0.437498% device_global=3 rank=1 local_index=-1 offset=7977500 count=22500
    total=100%
  PROPOSED loads:
    part[0] cum=49.625% share=49.625% device_global=0 rank=0 local_index=0 offset=0 count=3970000
    part[1] cum=50.25% share=0.624999% device_global=1 rank=0 local_index=1 offset=3970000 count=50000
    part[2] cum=99.7188% share=49.4688% device_global=2 rank=1 local_index=-1 offset=4020000 count=3957500
    part[3] cum=100% share=0.28125% device_global=3 rank=1 local_index=-1 offset=7977500 count=22500
    total=100%
  CURRENT loads:
    part[0] cum=49.625% share=49.625% device_global=0 rank=0 local_index=0 offset=0 count=3970000
    part[1] cum=50.25% share=0.624999% device_global=1 rank=0 local_index=1 offset=3970000 count=50000
    part[2] cum=99.7188% share=49.4688% device_global=2 rank=1 local_index=-1 offset=4020000 count=3957500
    part[3] cum=100% share=0.28125% device_global=3 rank=1 local_index=-1 offset=7977500 count=22500
    total=100%
[DCL][balance-metrics] iteration=2100
  policy=threshold
  action=rebalance
  reason=accepted by fixed threshold; diff=0.0012885, threshold=0.0003125
  T_compute_interval_s=1.58016
  T_comm_interval_s=1.85008
  T_balance_total_s=0.0148742
  T_rebalance_apply_s=0.00551474
  T_compute_accum_s=14.3918
  T_comm_accum_s=13.0347
  T_balance_accum_s=0.377884
  T_rebalance_apply_accum_s=0.148983
  device_times_s:
    part[0]=1.57561
    part[1]=1.37586
    part[2]=1.58016
    part[3]=1.50335
  OLD loads:
    part[0] cum=49.625% share=49.625% device_global=0 rank=0 local_index=0 offset=0 count=3972500
    part[1] cum=50.25% share=0.624999% device_global=1 rank=0 local_index=1 offset=3972500 count=57500
    part[2] cum=99.7188% share=49.4688% device_global=2 rank=1 local_index=-1 offset=4030000 count=3947500
    part[3] cum=100% share=0.28125% device_global=3 rank=1 local_index=-1 offset=7977500 count=22500
    total=100%
  PROPOSED loads:
    part[0] cum=49.6562% share=49.6562% device_global=0 rank=0 local_index=0 offset=0 count=3972500
    part[1] cum=50.375% share=0.718752% device_global=1 rank=0 local_index=1 offset=3972500 count=57500
    part[2] cum=99.7188% share=49.3437% device_global=2 rank=1 local_index=-1 offset=4030000 count=3947500
    part[3] cum=100% share=0.28125% device_global=3 rank=1 local_index=-1 offset=7977500 count=22500
    total=100%
  CURRENT loads:
    part[0] cum=49.6562% share=49.6562% device_global=0 rank=0 local_index=0 offset=0 count=3972500
    part[1] cum=50.375% share=0.718752% device_global=1 rank=0 local_index=1 offset=3972500 count=57500
    part[2] cum=99.7188% share=49.3437% device_global=2 rank=1 local_index=-1 offset=4030000 count=3947500
    part[3] cum=100% share=0.28125% device_global=3 rank=1 local_index=-1 offset=7977500 count=22500
    total=100%
[DCL][balance-metrics] iteration=3100
  policy=threshold
  action=rebalance
  reason=accepted by fixed threshold; diff=0.00468752, threshold=0.0003125
  T_compute_interval_s=1.57664
  T_comm_interval_s=1.85207
  T_balance_total_s=0.0259333
  T_rebalance_apply_s=0.0155845
  T_compute_accum_s=15.9684
  T_comm_accum_s=14.8868
  T_balance_accum_s=0.403818
  T_rebalance_apply_accum_s=0.164567
  device_times_s:
    part[0]=1.57664
    part[1]=1.50273
    part[2]=1.55869
    part[3]=1.28497
  OLD loads:
    part[0] cum=49.6562% share=49.6562% device_global=0 rank=0 local_index=0 offset=0 count=3945000
    part[1] cum=50.375% share=0.718752% device_global=1 rank=0 local_index=1 offset=3945000 count=60000
    part[2] cum=99.7188% share=49.3437% device_global=2 rank=1 local_index=-1 offset=4005000 count=3967500
    part[3] cum=100% share=0.28125% device_global=3 rank=1 local_index=-1 offset=7972500 count=27500
    total=100%
  PROPOSED loads:
    part[0] cum=49.3125% share=49.3125% device_global=0 rank=0 local_index=0 offset=0 count=3945000
    part[1] cum=50.0625% share=0.750002% device_global=1 rank=0 local_index=1 offset=3945000 count=60000
    part[2] cum=99.6562% share=49.5937% device_global=2 rank=1 local_index=-1 offset=4005000 count=3967500
    part[3] cum=100% share=0.343752% device_global=3 rank=1 local_index=-1 offset=7972500 count=27500
    total=100%
  CURRENT loads:
    part[0] cum=49.3125% share=49.3125% device_global=0 rank=0 local_index=0 offset=0 count=3945000
    part[1] cum=50.0625% share=0.750002% device_global=1 rank=0 local_index=1 offset=3945000 count=60000
    part[2] cum=99.6562% share=49.5937% device_global=2 rank=1 local_index=-1 offset=4005000 count=3967500
    part[3] cum=100% share=0.343752% device_global=3 rank=1 local_index=-1 offset=7972500 count=27500
    total=100%
[DCL][balance-metrics] iteration=4100
  policy=threshold
  action=rebalance
  reason=accepted by fixed threshold; diff=0.00116923, threshold=0.0003125
  T_compute_interval_s=1.56621
  T_comm_interval_s=1.83295
  T_balance_total_s=0.0130839
  T_rebalance_apply_s=0.00260009
  T_compute_accum_s=17.5346
  T_comm_accum_s=16.7197
  T_balance_accum_s=0.416901
  T_rebalance_apply_accum_s=0.167167
  device_times_s:
    part[0]=1.5657
    part[1]=1.5347
    part[2]=1.56621
    part[3]=1.21974
  OLD loads:
    part[0] cum=49.3125% share=49.3125% device_global=0 rank=0 local_index=0 offset=0 count=3940000
    part[1] cum=50.0625% share=0.750002% device_global=1 rank=0 local_index=1 offset=3940000 count=62500
    part[2] cum=99.6562% share=49.5937% device_global=2 rank=1 local_index=-1 offset=4002500 count=3962500
    part[3] cum=100% share=0.343752% device_global=3 rank=1 local_index=-1 offset=7965000 count=35000
    total=100%
  PROPOSED loads:
    part[0] cum=49.25% share=49.25% device_global=0 rank=0 local_index=0 offset=0 count=3940000
    part[1] cum=50.0312% share=0.78125% device_global=1 rank=0 local_index=1 offset=3940000 count=62500
    part[2] cum=99.5625% share=49.5312% device_global=2 rank=1 local_index=-1 offset=4002500 count=3962500
    part[3] cum=100% share=0.437498% device_global=3 rank=1 local_index=-1 offset=7965000 count=35000
    total=100%
  CURRENT loads:
    part[0] cum=49.25% share=49.25% device_global=0 rank=0 local_index=0 offset=0 count=3940000
    part[1] cum=50.0312% share=0.78125% device_global=1 rank=0 local_index=1 offset=3940000 count=62500
    part[2] cum=99.5625% share=49.5312% device_global=2 rank=1 local_index=-1 offset=4002500 count=3962500
    part[3] cum=100% share=0.437498% device_global=3 rank=1 local_index=-1 offset=7965000 count=35000
    total=100%
[DCL][balance-metrics] iteration=5100
  policy=threshold
  action=rebalance
  reason=accepted by fixed threshold; diff=0.000765483, threshold=0.0003125
  T_compute_interval_s=1.57314
  T_comm_interval_s=1.799
  T_balance_total_s=0.0122875
  T_rebalance_apply_s=0.0027844
  T_compute_accum_s=19.1078
  T_comm_accum_s=18.5187
  T_balance_accum_s=0.429189
  T_rebalance_apply_accum_s=0.169952
  device_times_s:
    part[0]=1.56403
    part[1]=1.57314
    part[2]=1.56465
    part[3]=1.37209
  OLD loads:
    part[0] cum=49.25% share=49.25% device_global=0 rank=0 local_index=0 offset=0 count=3937500
    part[1] cum=50.0312% share=0.78125% device_global=1 rank=0 local_index=1 offset=3937500 count=62500
    part[2] cum=99.5625% share=49.5312% device_global=2 rank=1 local_index=-1 offset=4000000 count=3960000
    part[3] cum=100% share=0.437498% device_global=3 rank=1 local_index=-1 offset=7960000 count=40000
    total=100%
  PROPOSED loads:
    part[0] cum=49.2188% share=49.2188% device_global=0 rank=0 local_index=0 offset=0 count=3937500
    part[1] cum=50% share=0.78125% device_global=1 rank=0 local_index=1 offset=3937500 count=62500
    part[2] cum=99.5% share=49.5% device_global=2 rank=1 local_index=-1 offset=4000000 count=3960000
    part[3] cum=100% share=0.5% device_global=3 rank=1 local_index=-1 offset=7960000 count=40000
    total=100%
  CURRENT loads:
    part[0] cum=49.2188% share=49.2188% device_global=0 rank=0 local_index=0 offset=0 count=3937500
    part[1] cum=50% share=0.78125% device_global=1 rank=0 local_index=1 offset=3937500 count=62500
    part[2] cum=99.5% share=49.5% device_global=2 rank=1 local_index=-1 offset=4000000 count=3960000
    part[3] cum=100% share=0.5% device_global=3 rank=1 local_index=-1 offset=7960000 count=40000
    total=100%
[DCL][balance-metrics] iteration=6100
  policy=threshold
  action=rebalance
  reason=accepted by fixed threshold; diff=0.000541278, threshold=0.0003125
  T_compute_interval_s=1.56328
  T_comm_interval_s=1.80536
  T_balance_total_s=0.012161
  T_rebalance_apply_s=0.00270872
  T_compute_accum_s=20.6711
  T_comm_accum_s=20.3241
  T_balance_accum_s=0.44135
  T_rebalance_apply_accum_s=0.17266
  device_times_s:
    part[0]=1.56322
    part[1]=1.56076
    part[2]=1.56328
    part[3]=1.44775
  OLD loads:
    part[0] cum=49.2188% share=49.2188% device_global=0 rank=0 local_index=0 offset=0 count=3935000
    part[1] cum=50% share=0.78125% device_global=1 rank=0 local_index=1 offset=3935000 count=62500
    part[2] cum=99.5% share=49.5% device_global=2 rank=1 local_index=-1 offset=3997500 count=3960000
    part[3] cum=100% share=0.5% device_global=3 rank=1 local_index=-1 offset=7957500 count=42500
    total=100%
  PROPOSED loads:
    part[0] cum=49.1875% share=49.1875% device_global=0 rank=0 local_index=0 offset=0 count=3935000
    part[1] cum=49.9688% share=0.78125% device_global=1 rank=0 local_index=1 offset=3935000 count=62500
    part[2] cum=99.4688% share=49.5% device_global=2 rank=1 local_index=-1 offset=3997500 count=3960000
    part[3] cum=100% share=0.53125% device_global=3 rank=1 local_index=-1 offset=7957500 count=42500
    total=100%
  CURRENT loads:
    part[0] cum=49.1875% share=49.1875% device_global=0 rank=0 local_index=0 offset=0 count=3935000
    part[1] cum=49.9688% share=0.78125% device_global=1 rank=0 local_index=1 offset=3935000 count=62500
    part[2] cum=99.4688% share=49.5% device_global=2 rank=1 local_index=-1 offset=3997500 count=3960000
    part[3] cum=100% share=0.53125% device_global=3 rank=1 local_index=-1 offset=7957500 count=42500
    total=100%
[DCL][balance-metrics] iteration=7100
  policy=threshold
  action=rebalance
  reason=accepted by fixed threshold; diff=0.000312507, threshold=0.0003125
  T_compute_interval_s=1.56418
  T_comm_interval_s=1.79555
  T_balance_total_s=0.0102931
  T_rebalance_apply_s=0.000783758
  T_compute_accum_s=22.2352
  T_comm_accum_s=22.1196
  T_balance_accum_s=0.451643
  T_rebalance_apply_accum_s=0.173444
  device_times_s:
    part[0]=1.56296
    part[1]=1.55649
    part[2]=1.56418
    part[3]=1.44591
  OLD loads:
    part[0] cum=49.1875% share=49.1875% device_global=0 rank=0 local_index=0 offset=0 count=3935000
    part[1] cum=49.9688% share=0.78125% device_global=1 rank=0 local_index=1 offset=3935000 count=62500
    part[2] cum=99.4688% share=49.5% device_global=2 rank=1 local_index=-1 offset=3997500 count=3957500
    part[3] cum=100% share=0.53125% device_global=3 rank=1 local_index=-1 offset=7955000 count=45000
    total=100%
  PROPOSED loads:
    part[0] cum=49.1875% share=49.1875% device_global=0 rank=0 local_index=0 offset=0 count=3935000
    part[1] cum=49.9688% share=0.78125% device_global=1 rank=0 local_index=1 offset=3935000 count=62500
    part[2] cum=99.4375% share=49.4688% device_global=2 rank=1 local_index=-1 offset=3997500 count=3957500
    part[3] cum=100% share=0.562501% device_global=3 rank=1 local_index=-1 offset=7955000 count=45000
    total=100%
  CURRENT loads:
    part[0] cum=49.1875% share=49.1875% device_global=0 rank=0 local_index=0 offset=0 count=3935000
    part[1] cum=49.9688% share=0.78125% device_global=1 rank=0 local_index=1 offset=3935000 count=62500
    part[2] cum=99.4375% share=49.4688% device_global=2 rank=1 local_index=-1 offset=3997500 count=3957500
    part[3] cum=100% share=0.562501% device_global=3 rank=1 local_index=-1 offset=7955000 count=45000
    total=100%
[DCL][balance-metrics] iteration=8100
  policy=threshold
  action=rebalance
  reason=accepted by fixed threshold; diff=0.00443047, threshold=0.0003125
  T_compute_interval_s=1.58357
  T_comm_interval_s=1.81085
  T_balance_total_s=0.0265782
  T_rebalance_apply_s=0.0173029
  T_compute_accum_s=23.8188
  T_comm_accum_s=23.9305
  T_balance_accum_s=0.478221
  T_rebalance_apply_accum_s=0.190747
  device_times_s:
    part[0]=1.56225
    part[1]=1.55672
    part[2]=1.58357
    part[3]=1.45351
  OLD loads:
    part[0] cum=49.1875% share=49.1875% device_global=0 rank=0 local_index=0 offset=0 count=3960000
    part[1] cum=49.9688% share=0.78125% device_global=1 rank=0 local_index=1 offset=3960000 count=62500
    part[2] cum=99.4375% share=49.4688% device_global=2 rank=1 local_index=-1 offset=4022500 count=3930000
    part[3] cum=100% share=0.562501% device_global=3 rank=1 local_index=-1 offset=7952500 count=47500
    total=100%
  PROPOSED loads:
    part[0] cum=49.5% share=49.5% device_global=0 rank=0 local_index=0 offset=0 count=3960000
    part[1] cum=50.2812% share=0.78125% device_global=1 rank=0 local_index=1 offset=3960000 count=62500
    part[2] cum=99.4062% share=49.125% device_global=2 rank=1 local_index=-1 offset=4022500 count=3930000
    part[3] cum=100% share=0.593752% device_global=3 rank=1 local_index=-1 offset=7952500 count=47500
    total=100%
  CURRENT loads:
    part[0] cum=49.5% share=49.5% device_global=0 rank=0 local_index=0 offset=0 count=3960000
    part[1] cum=50.2812% share=0.78125% device_global=1 rank=0 local_index=1 offset=3960000 count=62500
    part[2] cum=99.4062% share=49.125% device_global=2 rank=1 local_index=-1 offset=4022500 count=3930000
    part[3] cum=100% share=0.593752% device_global=3 rank=1 local_index=-1 offset=7952500 count=47500
    total=100%
[DCL][balance-metrics] iteration=9100
  policy=threshold
  action=rebalance
  reason=accepted by fixed threshold; diff=0.00443047, threshold=0.0003125
  T_compute_interval_s=1.57149
  T_comm_interval_s=1.81549
  T_balance_total_s=0.0223862
  T_rebalance_apply_s=0.0128813
  T_compute_accum_s=25.3903
  T_comm_accum_s=25.746
  T_balance_accum_s=0.500607
  T_rebalance_apply_accum_s=0.203628
  device_times_s:
    part[0]=1.57149
    part[1]=1.55782
    part[2]=1.55327
    part[3]=1.48215
  OLD loads:
    part[0] cum=49.5% share=49.5% device_global=0 rank=0 local_index=0 offset=0 count=3935000
    part[1] cum=50.2812% share=0.78125% device_global=1 rank=0 local_index=1 offset=3935000 count=62500
    part[2] cum=99.4062% share=49.125% device_global=2 rank=1 local_index=-1 offset=3997500 count=3952500
    part[3] cum=100% share=0.593752% device_global=3 rank=1 local_index=-1 offset=7950000 count=50000
    total=100%
  PROPOSED loads:
    part[0] cum=49.1875% share=49.1875% device_global=0 rank=0 local_index=0 offset=0 count=3935000
    part[1] cum=49.9688% share=0.78125% device_global=1 rank=0 local_index=1 offset=3935000 count=62500
    part[2] cum=99.375% share=49.4062% device_global=2 rank=1 local_index=-1 offset=3997500 count=3952500
    part[3] cum=100% share=0.625002% device_global=3 rank=1 local_index=-1 offset=7950000 count=50000
    total=100%
  CURRENT loads:
    part[0] cum=49.1875% share=49.1875% device_global=0 rank=0 local_index=0 offset=0 count=3935000
    part[1] cum=49.9688% share=0.78125% device_global=1 rank=0 local_index=1 offset=3935000 count=62500
    part[2] cum=99.375% share=49.4062% device_global=2 rank=1 local_index=-1 offset=3997500 count=3952500
    part[3] cum=100% share=0.625002% device_global=3 rank=1 local_index=-1 offset=7950000 count=50000
    total=100%

=== PARTICOES FINAIS ===
=== Particoes globais ===
part[0] device_global=0 rank=0 local_index=0 offset=0 count=3935000
part[1] device_global=1 rank=0 local_index=1 offset=3935000 count=62500
part[2] device_global=2 rank=1 local_index=-1 offset=3997500 count=3952500
part[3] device_global=3 rank=1 local_index=-1 offset=7950000 count=50000


============================
ITERACAO 10000
Tempo de execução: 35.6496s
