=== Dispositivos locais do rank 1 ===
global=2 local=0 nome="NVIDIA RTX 2000 Ada Generation" compute_units=22
global=3 local=1 nome="Intel(R) Xeon(R) CPU           E5620  @ 2.40GHz" compute_units==== Dispositivos locais do rank 0 ===
global=0 local=0 nome="NVIDIA RTX 2000 Ada Generation" compute_units=22
global=1 local=1 nome="Intel(R) Xeon(R) CPU           E5620  @ 2.40GHz" compute_units=16

16

=== PARTICOES INICIAIS ===
=== Particoes globais ===
part[0] device_global=0 rank=0 local_index=0 offset=0 count=2000000
part[1] device_global=1 rank=0 local_index=1 offset=2000000 count=2000000
part[2] device_global=2 rank=1 local_index=-1 offset=4000000 count=2000000
part[3] device_global=3 rank=1 local_index=-1 offset=6000000 count=2000000

X = 50 Y = 50 Z = 3200 Iterations = 10000
[DCL][balance-metrics] iteration=100
  policy=threshold
  action=rebalance
  reason=accepted by fixed threshold; diff=0.349411, threshold=0.0003125
  T_compute_interval_s=10.4203
  T_comm_interval_s=9.30531
  T_balance_total_s=0.357066
  T_rebalance_apply_s=0.147858
  T_compute_accum_s=10.4203
  T_comm_accum_s=9.30531
  T_balance_accum_s=0.357066
  T_rebalance_apply_accum_s=0.147858
  device_times_s:
    part[0]=0.0927751
    part[1]=6.15313
    part[2]=0.0944981
    part[3]=10.4203
  OLD loads:
    part[0] cum=25% share=25% device_global=0 rank=0 local_index=0 offset=0 count=3987500
    part[1] cum=50% share=25% device_global=1 rank=0 local_index=1 offset=3987500 count=60000
    part[2] cum=75% share=25% device_global=2 rank=1 local_index=-1 offset=4047500 count=3917500
    part[3] cum=100% share=25% device_global=3 rank=1 local_index=-1 offset=7965000 count=35000
    total=100%
  PROPOSED loads:
    part[0] cum=49.8438% share=49.8438% device_global=0 rank=0 local_index=0 offset=0 count=3987500
    part[1] cum=50.5938% share=0.750002% device_global=1 rank=0 local_index=1 offset=3987500 count=60000
    part[2] cum=99.5625% share=48.9688% device_global=2 rank=1 local_index=-1 offset=4047500 count=3917500
    part[3] cum=100% share=0.437498% device_global=3 rank=1 local_index=-1 offset=7965000 count=35000
    total=100%
  CURRENT loads:
    part[0] cum=49.8438% share=49.8438% device_global=0 rank=0 local_index=0 offset=0 count=3987500
    part[1] cum=50.5938% share=0.750002% device_global=1 rank=0 local_index=1 offset=3987500 count=60000
    part[2] cum=99.5625% share=48.9688% device_global=2 rank=1 local_index=-1 offset=4047500 count=3917500
    part[3] cum=100% share=0.437498% device_global=3 rank=1 local_index=-1 offset=7965000 count=35000
    total=100%
[DCL][balance-metrics] iteration=1100
  policy=scheduled
  action=skip
  reason=static balance already attempted
  T_compute_interval_s=2.42646
  T_comm_interval_s=1.89013
  T_balance_total_s=0
  T_rebalance_apply_s=0
  T_compute_accum_s=12.8467
  T_comm_accum_s=11.1954
  T_balance_accum_s=0.357066
  T_rebalance_apply_accum_s=0.147858
  device_times_s:
    part[0]=1.60069
    part[1]=1.89945
    part[2]=1.56548
    part[3]=2.42646
  OLD loads:
    part[0] cum=49.8438% share=49.8438% device_global=0 rank=0 local_index=0 offset=0 count=3987500
    part[1] cum=50.5938% share=0.750002% device_global=1 rank=0 local_index=1 offset=3987500 count=60000
    part[2] cum=99.5625% share=48.9688% device_global=2 rank=1 local_index=-1 offset=4047500 count=3917500
    part[3] cum=100% share=0.437498% device_global=3 rank=1 local_index=-1 offset=7965000 count=35000
    total=100%
  CURRENT loads:
    part[0] cum=49.8438% share=49.8438% device_global=0 rank=0 local_index=0 offset=0 count=3987500
    part[1] cum=50.5938% share=0.750002% device_global=1 rank=0 local_index=1 offset=3987500 count=60000
    part[2] cum=99.5625% share=48.9688% device_global=2 rank=1 local_index=-1 offset=4047500 count=3917500
    part[3] cum=100% share=0.437498% device_global=3 rank=1 local_index=-1 offset=7965000 count=35000
    total=100%
[DCL][balance-metrics] iteration=2100
  policy=scheduled
  action=skip
  reason=static balance already attempted
  T_compute_interval_s=2.17599
  T_comm_interval_s=1.83795
  T_balance_total_s=0
  T_rebalance_apply_s=0
  T_compute_accum_s=15.0227
  T_comm_accum_s=13.0334
  T_balance_accum_s=0.357066
  T_rebalance_apply_accum_s=0.147858
  device_times_s:
    part[0]=1.58252
    part[1]=1.62169
    part[2]=1.54792
    part[3]=2.17599
  OLD loads:
    part[0] cum=49.8438% share=49.8438% device_global=0 rank=0 local_index=0 offset=0 count=3987500
    part[1] cum=50.5938% share=0.750002% device_global=1 rank=0 local_index=1 offset=3987500 count=60000
    part[2] cum=99.5625% share=48.9688% device_global=2 rank=1 local_index=-1 offset=4047500 count=3917500
    part[3] cum=100% share=0.437498% device_global=3 rank=1 local_index=-1 offset=7965000 count=35000
    total=100%
  CURRENT loads:
    part[0] cum=49.8438% share=49.8438% device_global=0 rank=0 local_index=0 offset=0 count=3987500
    part[1] cum=50.5938% share=0.750002% device_global=1 rank=0 local_index=1 offset=3987500 count=60000
    part[2] cum=99.5625% share=48.9688% device_global=2 rank=1 local_index=-1 offset=4047500 count=3917500
    part[3] cum=100% share=0.437498% device_global=3 rank=1 local_index=-1 offset=7965000 count=35000
    total=100%
[DCL][balance-metrics] iteration=3100
  policy=scheduled
  action=skip
  reason=static balance already attempted
  T_compute_interval_s=1.79407
  T_comm_interval_s=1.84101
  T_balance_total_s=0
  T_rebalance_apply_s=0
  T_compute_accum_s=16.8168
  T_comm_accum_s=14.8744
  T_balance_accum_s=0.357066
  T_rebalance_apply_accum_s=0.147858
  device_times_s:
    part[0]=1.58218
    part[1]=1.5645
    part[2]=1.54802
    part[3]=1.79407
  OLD loads:
    part[0] cum=49.8438% share=49.8438% device_global=0 rank=0 local_index=0 offset=0 count=3987500
    part[1] cum=50.5938% share=0.750002% device_global=1 rank=0 local_index=1 offset=3987500 count=60000
    part[2] cum=99.5625% share=48.9688% device_global=2 rank=1 local_index=-1 offset=4047500 count=3917500
    part[3] cum=100% share=0.437498% device_global=3 rank=1 local_index=-1 offset=7965000 count=35000
    total=100%
  CURRENT loads:
    part[0] cum=49.8438% share=49.8438% device_global=0 rank=0 local_index=0 offset=0 count=3987500
    part[1] cum=50.5938% share=0.750002% device_global=1 rank=0 local_index=1 offset=3987500 count=60000
    part[2] cum=99.5625% share=48.9688% device_global=2 rank=1 local_index=-1 offset=4047500 count=3917500
    part[3] cum=100% share=0.437498% device_global=3 rank=1 local_index=-1 offset=7965000 count=35000
    total=100%
[DCL][balance-metrics] iteration=4100
  policy=scheduled
  action=skip
  reason=static balance already attempted
  T_compute_interval_s=1.58209
  T_comm_interval_s=1.85713
  T_balance_total_s=0
  T_rebalance_apply_s=0
  T_compute_accum_s=18.3989
  T_comm_accum_s=16.7315
  T_balance_accum_s=0.357066
  T_rebalance_apply_accum_s=0.147858
  device_times_s:
    part[0]=1.58209
    part[1]=1.53812
    part[2]=1.54796
    part[3]=1.50747
  OLD loads:
    part[0] cum=49.8438% share=49.8438% device_global=0 rank=0 local_index=0 offset=0 count=3987500
    part[1] cum=50.5938% share=0.750002% device_global=1 rank=0 local_index=1 offset=3987500 count=60000
    part[2] cum=99.5625% share=48.9688% device_global=2 rank=1 local_index=-1 offset=4047500 count=3917500
    part[3] cum=100% share=0.437498% device_global=3 rank=1 local_index=-1 offset=7965000 count=35000
    total=100%
  CURRENT loads:
    part[0] cum=49.8438% share=49.8438% device_global=0 rank=0 local_index=0 offset=0 count=3987500
    part[1] cum=50.5938% share=0.750002% device_global=1 rank=0 local_index=1 offset=3987500 count=60000
    part[2] cum=99.5625% share=48.9688% device_global=2 rank=1 local_index=-1 offset=4047500 count=3917500
    part[3] cum=100% share=0.437498% device_global=3 rank=1 local_index=-1 offset=7965000 count=35000
    total=100%
[DCL][balance-metrics] iteration=5100
  policy=scheduled
  action=skip
  reason=static balance already attempted
  T_compute_interval_s=1.58222
  T_comm_interval_s=1.85559
  T_balance_total_s=0
  T_rebalance_apply_s=0
  T_compute_accum_s=19.9811
  T_comm_accum_s=18.5871
  T_balance_accum_s=0.357066
  T_rebalance_apply_accum_s=0.147858
  device_times_s:
    part[0]=1.58222
    part[1]=1.5187
    part[2]=1.54743
    part[3]=1.36999
  OLD loads:
    part[0] cum=49.8438% share=49.8438% device_global=0 rank=0 local_index=0 offset=0 count=3987500
    part[1] cum=50.5938% share=0.750002% device_global=1 rank=0 local_index=1 offset=3987500 count=60000
    part[2] cum=99.5625% share=48.9688% device_global=2 rank=1 local_index=-1 offset=4047500 count=3917500
    part[3] cum=100% share=0.437498% device_global=3 rank=1 local_index=-1 offset=7965000 count=35000
    total=100%
  CURRENT loads:
    part[0] cum=49.8438% share=49.8438% device_global=0 rank=0 local_index=0 offset=0 count=3987500
    part[1] cum=50.5938% share=0.750002% device_global=1 rank=0 local_index=1 offset=3987500 count=60000
    part[2] cum=99.5625% share=48.9688% device_global=2 rank=1 local_index=-1 offset=4047500 count=3917500
    part[3] cum=100% share=0.437498% device_global=3 rank=1 local_index=-1 offset=7965000 count=35000
    total=100%
[DCL][balance-metrics] iteration=6100
  policy=scheduled
  action=skip
  reason=static balance already attempted
  T_compute_interval_s=1.58207
  T_comm_interval_s=1.85706
  T_balance_total_s=0
  T_rebalance_apply_s=0
  T_compute_accum_s=21.5631
  T_comm_accum_s=20.4442
  T_balance_accum_s=0.357066
  T_rebalance_apply_accum_s=0.147858
  device_times_s:
    part[0]=1.58207
    part[1]=1.50522
    part[2]=1.548
    part[3]=1.2777
  OLD loads:
    part[0] cum=49.8438% share=49.8438% device_global=0 rank=0 local_index=0 offset=0 count=3987500
    part[1] cum=50.5938% share=0.750002% device_global=1 rank=0 local_index=1 offset=3987500 count=60000
    part[2] cum=99.5625% share=48.9688% device_global=2 rank=1 local_index=-1 offset=4047500 count=3917500
    part[3] cum=100% share=0.437498% device_global=3 rank=1 local_index=-1 offset=7965000 count=35000
    total=100%
  CURRENT loads:
    part[0] cum=49.8438% share=49.8438% device_global=0 rank=0 local_index=0 offset=0 count=3987500
    part[1] cum=50.5938% share=0.750002% device_global=1 rank=0 local_index=1 offset=3987500 count=60000
    part[2] cum=99.5625% share=48.9688% device_global=2 rank=1 local_index=-1 offset=4047500 count=3917500
    part[3] cum=100% share=0.437498% device_global=3 rank=1 local_index=-1 offset=7965000 count=35000
    total=100%
[DCL][balance-metrics] iteration=7100
  policy=scheduled
  action=skip
  reason=static balance already attempted
  T_compute_interval_s=1.58213
  T_comm_interval_s=1.88584
  T_balance_total_s=0
  T_rebalance_apply_s=0
  T_compute_accum_s=23.1453
  T_comm_accum_s=22.33
  T_balance_accum_s=0.357066
  T_rebalance_apply_accum_s=0.147858
  device_times_s:
    part[0]=1.58213
    part[1]=1.49683
    part[2]=1.5487
    part[3]=1.21982
  OLD loads:
    part[0] cum=49.8438% share=49.8438% device_global=0 rank=0 local_index=0 offset=0 count=3987500
    part[1] cum=50.5938% share=0.750002% device_global=1 rank=0 local_index=1 offset=3987500 count=60000
    part[2] cum=99.5625% share=48.9688% device_global=2 rank=1 local_index=-1 offset=4047500 count=3917500
    part[3] cum=100% share=0.437498% device_global=3 rank=1 local_index=-1 offset=7965000 count=35000
    total=100%
  CURRENT loads:
    part[0] cum=49.8438% share=49.8438% device_global=0 rank=0 local_index=0 offset=0 count=3987500
    part[1] cum=50.5938% share=0.750002% device_global=1 rank=0 local_index=1 offset=3987500 count=60000
    part[2] cum=99.5625% share=48.9688% device_global=2 rank=1 local_index=-1 offset=4047500 count=3917500
    part[3] cum=100% share=0.437498% device_global=3 rank=1 local_index=-1 offset=7965000 count=35000
    total=100%
[DCL][balance-metrics] iteration=8100
  policy=scheduled
  action=skip
  reason=static balance already attempted
  T_compute_interval_s=1.58207
  T_comm_interval_s=1.87857
  T_balance_total_s=0
  T_rebalance_apply_s=0
  T_compute_accum_s=24.7273
  T_comm_accum_s=24.2086
  T_balance_accum_s=0.357066
  T_rebalance_apply_accum_s=0.147858
  device_times_s:
    part[0]=1.58207
    part[1]=1.50009
    part[2]=1.54852
    part[3]=1.18211
  OLD loads:
    part[0] cum=49.8438% share=49.8438% device_global=0 rank=0 local_index=0 offset=0 count=3987500
    part[1] cum=50.5938% share=0.750002% device_global=1 rank=0 local_index=1 offset=3987500 count=60000
    part[2] cum=99.5625% share=48.9688% device_global=2 rank=1 local_index=-1 offset=4047500 count=3917500
    part[3] cum=100% share=0.437498% device_global=3 rank=1 local_index=-1 offset=7965000 count=35000
    total=100%
  CURRENT loads:
    part[0] cum=49.8438% share=49.8438% device_global=0 rank=0 local_index=0 offset=0 count=3987500
    part[1] cum=50.5938% share=0.750002% device_global=1 rank=0 local_index=1 offset=3987500 count=60000
    part[2] cum=99.5625% share=48.9688% device_global=2 rank=1 local_index=-1 offset=4047500 count=3917500
    part[3] cum=100% share=0.437498% device_global=3 rank=1 local_index=-1 offset=7965000 count=35000
    total=100%
[DCL][balance-metrics] iteration=9100
  policy=scheduled
  action=skip
  reason=static balance already attempted
  T_compute_interval_s=1.5821
  T_comm_interval_s=1.87471
  T_balance_total_s=0
  T_rebalance_apply_s=0
  T_compute_accum_s=26.3094
  T_comm_accum_s=26.0833
  T_balance_accum_s=0.357066
  T_rebalance_apply_accum_s=0.147858
  device_times_s:
    part[0]=1.5821
    part[1]=1.49803
    part[2]=1.54906
    part[3]=1.16204
  OLD loads:
    part[0] cum=49.8438% share=49.8438% device_global=0 rank=0 local_index=0 offset=0 count=3987500
    part[1] cum=50.5938% share=0.750002% device_global=1 rank=0 local_index=1 offset=3987500 count=60000
    part[2] cum=99.5625% share=48.9688% device_global=2 rank=1 local_index=-1 offset=4047500 count=3917500
    part[3] cum=100% share=0.437498% device_global=3 rank=1 local_index=-1 offset=7965000 count=35000
    total=100%
  CURRENT loads:
    part[0] cum=49.8438% share=49.8438% device_global=0 rank=0 local_index=0 offset=0 count=3987500
    part[1] cum=50.5938% share=0.750002% device_global=1 rank=0 local_index=1 offset=3987500 count=60000
    part[2] cum=99.5625% share=48.9688% device_global=2 rank=1 local_index=-1 offset=4047500 count=3917500
    part[3] cum=100% share=0.437498% device_global=3 rank=1 local_index=-1 offset=7965000 count=35000
    total=100%

=== PARTICOES FINAIS ===
=== Particoes globais ===
part[0] device_global=0 rank=0 local_index=0 offset=0 count=3987500
part[1] device_global=1 rank=0 local_index=1 offset=3987500 count=60000
part[2] device_global=2 rank=1 local_index=-1 offset=4047500 count=3917500
part[3] device_global=3 rank=1 local_index=-1 offset=7965000 count=35000


============================
ITERACAO 10000
Tempo de execução: 36.027s
