=== Dispositivos locais do rank 1 ===
global=2 local=0 nome="NVIDIA RTX 2000 Ada Generation" compute_units=22
global=3 local=1 nome="Intel(R) Xeon(R) CPU           E5620  @ 2.40GHz" compute_units=16

=== Dispositivos locais do rank 0 ===
global=0 local=0 nome="NVIDIA RTX 2000 Ada Generation" compute_units=22
global=1 local=1 nome="Intel(R) Xeon(R) CPU           E5620  @ 2.40GHz" compute_units=16

=== PARTICOES INICIAIS ===
=== Particoes globais ===
part[0] device_global=0 rank=0 local_index=0 offset=0 count=2000000
part[1] device_global=1 rank=0 local_index=1 offset=2000000 count=2000000
part[2] device_global=2 rank=1 local_index=-1 offset=4000000 count=2000000
part[3] device_global=3 rank=1 local_index=-1 offset=6000000 count=2000000

X = 50 Y = 50 Z = 3200 Iterations = 10000
[DCL][balance-metrics] iteration=100
  policy=threshold
  action=rebalance
  reason=accepted by fixed threshold; diff=0.350554, threshold=0.0003125
  T_compute_interval_s=10.3865
  T_comm_interval_s=9.29124
  T_balance_total_s=0.36815
  T_rebalance_apply_s=0.157749
  T_compute_accum_s=10.3865
  T_comm_accum_s=9.29124
  T_balance_accum_s=0.36815
  T_rebalance_apply_accum_s=0.157749
  device_times_s:
    part[0]=0.0929228
    part[1]=6.1214
    part[2]=0.0951943
    part[3]=10.3865
  OLD loads:
    part[0] cum=25% share=25% device_global=0 rank=0 local_index=0 offset=0 count=4000000
    part[1] cum=50% share=25% device_global=1 rank=0 local_index=1 offset=4000000 count=60000
    part[2] cum=75% share=25% device_global=2 rank=1 local_index=-1 offset=4060000 count=3905000
    part[3] cum=100% share=25% device_global=3 rank=1 local_index=-1 offset=7965000 count=35000
    total=100%
  PROPOSED loads:
    part[0] cum=50% share=50% device_global=0 rank=0 local_index=0 offset=0 count=4000000
    part[1] cum=50.75% share=0.749999% device_global=1 rank=0 local_index=1 offset=4000000 count=60000
    part[2] cum=99.5625% share=48.8125% device_global=2 rank=1 local_index=-1 offset=4060000 count=3905000
    part[3] cum=100% share=0.437498% device_global=3 rank=1 local_index=-1 offset=7965000 count=35000
    total=100%
  CURRENT loads:
    part[0] cum=50% share=50% device_global=0 rank=0 local_index=0 offset=0 count=4000000
    part[1] cum=50.75% share=0.749999% device_global=1 rank=0 local_index=1 offset=4000000 count=60000
    part[2] cum=99.5625% share=48.8125% device_global=2 rank=1 local_index=-1 offset=4060000 count=3905000
    part[3] cum=100% share=0.437498% device_global=3 rank=1 local_index=-1 offset=7965000 count=35000
    total=100%
[DCL][balance-metrics] iteration=1100
  policy=scheduled
  action=skip
  reason=static balance already attempted
  T_compute_interval_s=2.41082
  T_comm_interval_s=1.87059
  T_balance_total_s=0
  T_rebalance_apply_s=0
  T_compute_accum_s=12.7974
  T_comm_accum_s=11.1618
  T_balance_accum_s=0.36815
  T_rebalance_apply_accum_s=0.157749
  device_times_s:
    part[0]=1.59401
    part[1]=1.91905
    part[2]=1.56307
    part[3]=2.41082
  OLD loads:
    part[0] cum=50% share=50% device_global=0 rank=0 local_index=0 offset=0 count=4000000
    part[1] cum=50.75% share=0.749999% device_global=1 rank=0 local_index=1 offset=4000000 count=60000
    part[2] cum=99.5625% share=48.8125% device_global=2 rank=1 local_index=-1 offset=4060000 count=3905000
    part[3] cum=100% share=0.437498% device_global=3 rank=1 local_index=-1 offset=7965000 count=35000
    total=100%
  CURRENT loads:
    part[0] cum=50% share=50% device_global=0 rank=0 local_index=0 offset=0 count=4000000
    part[1] cum=50.75% share=0.749999% device_global=1 rank=0 local_index=1 offset=4000000 count=60000
    part[2] cum=99.5625% share=48.8125% device_global=2 rank=1 local_index=-1 offset=4060000 count=3905000
    part[3] cum=100% share=0.437498% device_global=3 rank=1 local_index=-1 offset=7965000 count=35000
    total=100%
[DCL][balance-metrics] iteration=2100
  policy=scheduled
  action=skip
  reason=static balance already attempted
  T_compute_interval_s=2.19401
  T_comm_interval_s=1.85542
  T_balance_total_s=0
  T_rebalance_apply_s=0
  T_compute_accum_s=14.9914
  T_comm_accum_s=13.0172
  T_balance_accum_s=0.36815
  T_rebalance_apply_accum_s=0.157749
  device_times_s:
    part[0]=1.5772
    part[1]=1.62391
    part[2]=1.53514
    part[3]=2.19401
  OLD loads:
    part[0] cum=50% share=50% device_global=0 rank=0 local_index=0 offset=0 count=4000000
    part[1] cum=50.75% share=0.749999% device_global=1 rank=0 local_index=1 offset=4000000 count=60000
    part[2] cum=99.5625% share=48.8125% device_global=2 rank=1 local_index=-1 offset=4060000 count=3905000
    part[3] cum=100% share=0.437498% device_global=3 rank=1 local_index=-1 offset=7965000 count=35000
    total=100%
  CURRENT loads:
    part[0] cum=50% share=50% device_global=0 rank=0 local_index=0 offset=0 count=4000000
    part[1] cum=50.75% share=0.749999% device_global=1 rank=0 local_index=1 offset=4000000 count=60000
    part[2] cum=99.5625% share=48.8125% device_global=2 rank=1 local_index=-1 offset=4060000 count=3905000
    part[3] cum=100% share=0.437498% device_global=3 rank=1 local_index=-1 offset=7965000 count=35000
    total=100%
[DCL][balance-metrics] iteration=3100
  policy=scheduled
  action=skip
  reason=static balance already attempted
  T_compute_interval_s=1.79017
  T_comm_interval_s=1.80319
  T_balance_total_s=0
  T_rebalance_apply_s=0
  T_compute_accum_s=16.7815
  T_comm_accum_s=14.8204
  T_balance_accum_s=0.36815
  T_rebalance_apply_accum_s=0.157749
  device_times_s:
    part[0]=1.57721
    part[1]=1.56826
    part[2]=1.53647
    part[3]=1.79017
  OLD loads:
    part[0] cum=50% share=50% device_global=0 rank=0 local_index=0 offset=0 count=4000000
    part[1] cum=50.75% share=0.749999% device_global=1 rank=0 local_index=1 offset=4000000 count=60000
    part[2] cum=99.5625% share=48.8125% device_global=2 rank=1 local_index=-1 offset=4060000 count=3905000
    part[3] cum=100% share=0.437498% device_global=3 rank=1 local_index=-1 offset=7965000 count=35000
    total=100%
  CURRENT loads:
    part[0] cum=50% share=50% device_global=0 rank=0 local_index=0 offset=0 count=4000000
    part[1] cum=50.75% share=0.749999% device_global=1 rank=0 local_index=1 offset=4000000 count=60000
    part[2] cum=99.5625% share=48.8125% device_global=2 rank=1 local_index=-1 offset=4060000 count=3905000
    part[3] cum=100% share=0.437498% device_global=3 rank=1 local_index=-1 offset=7965000 count=35000
    total=100%
[DCL][balance-metrics] iteration=4100
  policy=scheduled
  action=skip
  reason=static balance already attempted
  T_compute_interval_s=1.57719
  T_comm_interval_s=1.81106
  T_balance_total_s=0
  T_rebalance_apply_s=0
  T_compute_accum_s=18.3587
  T_comm_accum_s=16.6315
  T_balance_accum_s=0.36815
  T_rebalance_apply_accum_s=0.157749
  device_times_s:
    part[0]=1.57719
    part[1]=1.54203
    part[2]=1.53636
    part[3]=1.50674
  OLD loads:
    part[0] cum=50% share=50% device_global=0 rank=0 local_index=0 offset=0 count=4000000
    part[1] cum=50.75% share=0.749999% device_global=1 rank=0 local_index=1 offset=4000000 count=60000
    part[2] cum=99.5625% share=48.8125% device_global=2 rank=1 local_index=-1 offset=4060000 count=3905000
    part[3] cum=100% share=0.437498% device_global=3 rank=1 local_index=-1 offset=7965000 count=35000
    total=100%
  CURRENT loads:
    part[0] cum=50% share=50% device_global=0 rank=0 local_index=0 offset=0 count=4000000
    part[1] cum=50.75% share=0.749999% device_global=1 rank=0 local_index=1 offset=4000000 count=60000
    part[2] cum=99.5625% share=48.8125% device_global=2 rank=1 local_index=-1 offset=4060000 count=3905000
    part[3] cum=100% share=0.437498% device_global=3 rank=1 local_index=-1 offset=7965000 count=35000
    total=100%
[DCL][balance-metrics] iteration=5100
  policy=scheduled
  action=skip
  reason=static balance already attempted
  T_compute_interval_s=1.57719
  T_comm_interval_s=1.85439
  T_balance_total_s=0
  T_rebalance_apply_s=0
  T_compute_accum_s=19.9359
  T_comm_accum_s=18.4859
  T_balance_accum_s=0.36815
  T_rebalance_apply_accum_s=0.157749
  device_times_s:
    part[0]=1.57719
    part[1]=1.52428
    part[2]=1.53601
    part[3]=1.36883
  OLD loads:
    part[0] cum=50% share=50% device_global=0 rank=0 local_index=0 offset=0 count=4000000
    part[1] cum=50.75% share=0.749999% device_global=1 rank=0 local_index=1 offset=4000000 count=60000
    part[2] cum=99.5625% share=48.8125% device_global=2 rank=1 local_index=-1 offset=4060000 count=3905000
    part[3] cum=100% share=0.437498% device_global=3 rank=1 local_index=-1 offset=7965000 count=35000
    total=100%
  CURRENT loads:
    part[0] cum=50% share=50% device_global=0 rank=0 local_index=0 offset=0 count=4000000
    part[1] cum=50.75% share=0.749999% device_global=1 rank=0 local_index=1 offset=4000000 count=60000
    part[2] cum=99.5625% share=48.8125% device_global=2 rank=1 local_index=-1 offset=4060000 count=3905000
    part[3] cum=100% share=0.437498% device_global=3 rank=1 local_index=-1 offset=7965000 count=35000
    total=100%
[DCL][balance-metrics] iteration=6100
  policy=scheduled
  action=skip
  reason=static balance already attempted
  T_compute_interval_s=1.57703
  T_comm_interval_s=1.83676
  T_balance_total_s=0
  T_rebalance_apply_s=0
  T_compute_accum_s=21.5129
  T_comm_accum_s=20.3226
  T_balance_accum_s=0.36815
  T_rebalance_apply_accum_s=0.157749
  device_times_s:
    part[0]=1.57703
    part[1]=1.50824
    part[2]=1.53569
    part[3]=1.27982
  OLD loads:
    part[0] cum=50% share=50% device_global=0 rank=0 local_index=0 offset=0 count=4000000
    part[1] cum=50.75% share=0.749999% device_global=1 rank=0 local_index=1 offset=4000000 count=60000
    part[2] cum=99.5625% share=48.8125% device_global=2 rank=1 local_index=-1 offset=4060000 count=3905000
    part[3] cum=100% share=0.437498% device_global=3 rank=1 local_index=-1 offset=7965000 count=35000
    total=100%
  CURRENT loads:
    part[0] cum=50% share=50% device_global=0 rank=0 local_index=0 offset=0 count=4000000
    part[1] cum=50.75% share=0.749999% device_global=1 rank=0 local_index=1 offset=4000000 count=60000
    part[2] cum=99.5625% share=48.8125% device_global=2 rank=1 local_index=-1 offset=4060000 count=3905000
    part[3] cum=100% share=0.437498% device_global=3 rank=1 local_index=-1 offset=7965000 count=35000
    total=100%
[DCL][balance-metrics] iteration=7100
  policy=scheduled
  action=skip
  reason=static balance already attempted
  T_compute_interval_s=1.57713
  T_comm_interval_s=1.87496
  T_balance_total_s=0
  T_rebalance_apply_s=0
  T_compute_accum_s=23.0901
  T_comm_accum_s=22.1976
  T_balance_accum_s=0.36815
  T_rebalance_apply_accum_s=0.157749
  device_times_s:
    part[0]=1.57713
    part[1]=1.50184
    part[2]=1.53732
    part[3]=1.24155
  OLD loads:
    part[0] cum=50% share=50% device_global=0 rank=0 local_index=0 offset=0 count=4000000
    part[1] cum=50.75% share=0.749999% device_global=1 rank=0 local_index=1 offset=4000000 count=60000
    part[2] cum=99.5625% share=48.8125% device_global=2 rank=1 local_index=-1 offset=4060000 count=3905000
    part[3] cum=100% share=0.437498% device_global=3 rank=1 local_index=-1 offset=7965000 count=35000
    total=100%
  CURRENT loads:
    part[0] cum=50% share=50% device_global=0 rank=0 local_index=0 offset=0 count=4000000
    part[1] cum=50.75% share=0.749999% device_global=1 rank=0 local_index=1 offset=4000000 count=60000
    part[2] cum=99.5625% share=48.8125% device_global=2 rank=1 local_index=-1 offset=4060000 count=3905000
    part[3] cum=100% share=0.437498% device_global=3 rank=1 local_index=-1 offset=7965000 count=35000
    total=100%
[DCL][balance-metrics] iteration=8100
  policy=scheduled
  action=skip
  reason=static balance already attempted
  T_compute_interval_s=1.57716
  T_comm_interval_s=1.88125
  T_balance_total_s=0
  T_rebalance_apply_s=0
  T_compute_accum_s=24.6672
  T_comm_accum_s=24.0789
  T_balance_accum_s=0.36815
  T_rebalance_apply_accum_s=0.157749
  device_times_s:
    part[0]=1.57716
    part[1]=1.49813
    part[2]=1.53618
    part[3]=1.18002
  OLD loads:
    part[0] cum=50% share=50% device_global=0 rank=0 local_index=0 offset=0 count=4000000
    part[1] cum=50.75% share=0.749999% device_global=1 rank=0 local_index=1 offset=4000000 count=60000
    part[2] cum=99.5625% share=48.8125% device_global=2 rank=1 local_index=-1 offset=4060000 count=3905000
    part[3] cum=100% share=0.437498% device_global=3 rank=1 local_index=-1 offset=7965000 count=35000
    total=100%
  CURRENT loads:
    part[0] cum=50% share=50% device_global=0 rank=0 local_index=0 offset=0 count=4000000
    part[1] cum=50.75% share=0.749999% device_global=1 rank=0 local_index=1 offset=4000000 count=60000
    part[2] cum=99.5625% share=48.8125% device_global=2 rank=1 local_index=-1 offset=4060000 count=3905000
    part[3] cum=100% share=0.437498% device_global=3 rank=1 local_index=-1 offset=7965000 count=35000
    total=100%
[DCL][balance-metrics] iteration=9100
  policy=scheduled
  action=skip
  reason=static balance already attempted
  T_compute_interval_s=1.58003
  T_comm_interval_s=1.85081
  T_balance_total_s=0
  T_rebalance_apply_s=0
  T_compute_accum_s=26.2473
  T_comm_accum_s=25.9297
  T_balance_accum_s=0.36815
  T_rebalance_apply_accum_s=0.157749
  device_times_s:
    part[0]=1.58003
    part[1]=1.5011
    part[2]=1.53602
    part[3]=1.13962
  OLD loads:
    part[0] cum=50% share=50% device_global=0 rank=0 local_index=0 offset=0 count=4000000
    part[1] cum=50.75% share=0.749999% device_global=1 rank=0 local_index=1 offset=4000000 count=60000
    part[2] cum=99.5625% share=48.8125% device_global=2 rank=1 local_index=-1 offset=4060000 count=3905000
    part[3] cum=100% share=0.437498% device_global=3 rank=1 local_index=-1 offset=7965000 count=35000
    total=100%
  CURRENT loads:
    part[0] cum=50% share=50% device_global=0 rank=0 local_index=0 offset=0 count=4000000
    part[1] cum=50.75% share=0.749999% device_global=1 rank=0 local_index=1 offset=4000000 count=60000
    part[2] cum=99.5625% share=48.8125% device_global=2 rank=1 local_index=-1 offset=4060000 count=3905000
    part[3] cum=100% share=0.437498% device_global=3 rank=1 local_index=-1 offset=7965000 count=35000
    total=100%

=== PARTICOES FINAIS ===
=== Particoes globais ===
part[0] device_global=0 rank=0 local_index=0 offset=0 count=4000000
part[1] device_global=1 rank=0 local_index=1 offset=4000000 count=60000
part[2] device_global=2 rank=1 local_index=-1 offset=4060000 count=3905000
part[3] device_global=3 rank=1 local_index=-1 offset=7965000 count=35000


============================
ITERACAO 10000
Tempo de execução: 35.7791s
