=== Dispositivos locais do rank 2 ===
global=4 local=0 nome="NVIDIA RTX 2000 Ada Generation" compute_units=22
global=5 local=1 nome="Intel(R) Xeon(R) CPU           E5620  @ 2.40GHz" compute_units=16

=== Dispositivos locais do rank 1 ===
global=2 local=0 nome="NVIDIA RTX 2000 Ada Generation" compute_units=22
global=3 local=1 nome="Intel(R) Xeon(R) CPU           E5620  @ 2.40GHz" compute_units=16

=== Dispositivos locais do rank 3 ===
global=6 local=0 nome="NVIDIA RTX 2000 Ada Generation" compute_units=22
global=7 local=1 nome="Intel(R) Xeon(R) CPU           E5620  @ 2.40GHz" compute_units=16

=== Dispositivos locais do rank 0 ===
global=0 local=0 nome="NVIDIA RTX 2000 Ada Generation" compute_units=22
global=1 local=1 nome="Intel(R) Xeon(R) CPU           E5620  @ 2.40GHz" compute_units=16

=== PARTICOES INICIAIS ===
=== Particoes globais ===
part[0] device_global=0 rank=0 local_index=0 offset=0 count=1000000
part[1] device_global=1 rank=0 local_index=1 offset=1000000 count=1000000
part[2] device_global=2 rank=1 local_index=-1 offset=2000000 count=1000000
part[3] device_global=3 rank=1 local_index=-1 offset=3000000 count=1000000
part[4] device_global=4 rank=2 local_index=-1 offset=4000000 count=1000000
part[5] device_global=5 rank=2 local_index=-1 offset=5000000 count=1000000
part[6] device_global=6 rank=3 local_index=-1 offset=6000000 count=1000000
part[7] device_global=7 rank=3 local_index=-1 offset=7000000 count=1000000

X = 50 Y = 50 Z = 3200 Iterations = 10000
[DCL][balance-metrics] iteration=100
  policy=profiled
  action=rebalance
  reason=adaptive decision accepted; remaining_iterations=9900, gain_total=52.49, migration_cost=0.0313974, max_migrated_bytes=1760000, T_comp_int_per_iter=0.00540027, T_comp_bal_per_iter=9.82572e-05
  T_compute_interval_s=5.40027
  T_comm_interval_s=5.34458
  T_balance_total_s=0.330492
  T_rebalance_apply_s=0.111632
  T_compute_accum_s=5.40027
  T_comm_accum_s=5.34458
  T_balance_accum_s=0.330492
  T_rebalance_apply_accum_s=0.111632
  device_times_s:
    part[0]=0.0489351
    part[1]=3.0233
    part[2]=0.0482106
    part[3]=3.0547
    part[4]=0.0492015
    part[5]=4.27862
    part[6]=0.0501333
    part[7]=5.40027
  OLD loads:
    part[0] cum=12.5% share=12.5% device_global=0 rank=0 local_index=0 offset=0 count=1980000
    part[1] cum=25% share=12.5% device_global=1 rank=0 local_index=1 offset=1980000 count=32500
    part[2] cum=37.5% share=12.5% device_global=2 rank=1 local_index=-1 offset=2012500 count=2012500
    part[3] cum=50% share=12.5% device_global=3 rank=1 local_index=-1 offset=4025000 count=30000
    part[4] cum=62.5% share=12.5% device_global=4 rank=2 local_index=-1 offset=4055000 count=1970000
    part[5] cum=75% share=12.5% device_global=5 rank=2 local_index=-1 offset=6025000 count=22500
    part[6] cum=87.5% share=12.5% device_global=6 rank=3 local_index=-1 offset=6047500 count=1935000
    part[7] cum=100% share=12.5% device_global=7 rank=3 local_index=-1 offset=7982500 count=17500
    total=100%
  PROPOSED loads:
    part[0] cum=24.75% share=24.75% device_global=0 rank=0 local_index=0 offset=0 count=1980000
    part[1] cum=25.1562% share=0.40625% device_global=1 rank=0 local_index=1 offset=1980000 count=32500
    part[2] cum=50.3125% share=25.1562% device_global=2 rank=1 local_index=-1 offset=2012500 count=2012500
    part[3] cum=50.6875% share=0.374997% device_global=3 rank=1 local_index=-1 offset=4025000 count=30000
    part[4] cum=75.3125% share=24.625% device_global=4 rank=2 local_index=-1 offset=4055000 count=1970000
    part[5] cum=75.5938% share=0.28125% device_global=5 rank=2 local_index=-1 offset=6025000 count=22500
    part[6] cum=99.7812% share=24.1875% device_global=6 rank=3 local_index=-1 offset=6047500 count=1935000
    part[7] cum=100% share=0.218749% device_global=7 rank=3 local_index=-1 offset=7982500 count=17500
    total=100%
  CURRENT loads:
    part[0] cum=24.75% share=24.75% device_global=0 rank=0 local_index=0 offset=0 count=1980000
    part[1] cum=25.1562% share=0.40625% device_global=1 rank=0 local_index=1 offset=1980000 count=32500
    part[2] cum=50.3125% share=25.1562% device_global=2 rank=1 local_index=-1 offset=2012500 count=2012500
    part[3] cum=50.6875% share=0.374997% device_global=3 rank=1 local_index=-1 offset=4025000 count=30000
    part[4] cum=75.3125% share=24.625% device_global=4 rank=2 local_index=-1 offset=4055000 count=1970000
    part[5] cum=75.5938% share=0.28125% device_global=5 rank=2 local_index=-1 offset=6025000 count=22500
    part[6] cum=99.7812% share=24.1875% device_global=6 rank=3 local_index=-1 offset=6047500 count=1935000
    part[7] cum=100% share=0.218749% device_global=7 rank=3 local_index=-1 offset=7982500 count=17500
    total=100%
[DCL][balance-metrics] iteration=1100
  policy=profiled
  action=rebalance
  reason=adaptive decision accepted; remaining_iterations=8900, gain_total=4.19672, migration_cost=0.021835, max_migrated_bytes=1200000, T_comp_int_per_iter=0.00144246, T_comp_bal_per_iter=0.000970916
  T_compute_interval_s=1.44246
  T_comm_interval_s=4.12869
  T_balance_total_s=0.0614117
  T_rebalance_apply_s=0.0434065
  T_compute_accum_s=6.84273
  T_comm_accum_s=9.47327
  T_balance_accum_s=0.391904
  T_rebalance_apply_accum_s=0.155038
  device_times_s:
    part[0]=0.939578
    part[1]=0.97888
    part[2]=0.953303
    part[3]=1.08148
    part[4]=0.934896
    part[5]=1.44246
    part[6]=0.919515
    part[7]=1.35928
  OLD loads:
    part[0] cum=24.75% share=24.75% device_global=0 rank=0 local_index=0 offset=0 count=1980000
    part[1] cum=25.1562% share=0.40625% device_global=1 rank=0 local_index=1 offset=1980000 count=30000
    part[2] cum=50.3125% share=25.1562% device_global=2 rank=1 local_index=-1 offset=2010000 count=1982500
    part[3] cum=50.6875% share=0.374997% device_global=3 rank=1 local_index=-1 offset=3992500 count=25000
    part[4] cum=75.3125% share=24.625% device_global=4 rank=2 local_index=-1 offset=4017500 count=1980000
    part[5] cum=75.5938% share=0.28125% device_global=5 rank=2 local_index=-1 offset=5997500 count=15000
    part[6] cum=99.7812% share=24.1875% device_global=6 rank=3 local_index=-1 offset=6012500 count=1975000
    part[7] cum=100% share=0.218749% device_global=7 rank=3 local_index=-1 offset=7987500 count=12500
    total=100%
  PROPOSED loads:
    part[0] cum=24.75% share=24.75% device_global=0 rank=0 local_index=0 offset=0 count=1980000
    part[1] cum=25.125% share=0.375% device_global=1 rank=0 local_index=1 offset=1980000 count=30000
    part[2] cum=49.9062% share=24.7812% device_global=2 rank=1 local_index=-1 offset=2010000 count=1982500
    part[3] cum=50.2188% share=0.312498% device_global=3 rank=1 local_index=-1 offset=3992500 count=25000
    part[4] cum=74.9688% share=24.75% device_global=4 rank=2 local_index=-1 offset=4017500 count=1980000
    part[5] cum=75.1562% share=0.187498% device_global=5 rank=2 local_index=-1 offset=5997500 count=15000
    part[6] cum=99.8438% share=24.6875% device_global=6 rank=3 local_index=-1 offset=6012500 count=1975000
    part[7] cum=100% share=0.156248% device_global=7 rank=3 local_index=-1 offset=7987500 count=12500
    total=100%
  CURRENT loads:
    part[0] cum=24.75% share=24.75% device_global=0 rank=0 local_index=0 offset=0 count=1980000
    part[1] cum=25.125% share=0.375% device_global=1 rank=0 local_index=1 offset=1980000 count=30000
    part[2] cum=49.9062% share=24.7812% device_global=2 rank=1 local_index=-1 offset=2010000 count=1982500
    part[3] cum=50.2188% share=0.312498% device_global=3 rank=1 local_index=-1 offset=3992500 count=25000
    part[4] cum=74.9688% share=24.75% device_global=4 rank=2 local_index=-1 offset=4017500 count=1980000
    part[5] cum=75.1562% share=0.187498% device_global=5 rank=2 local_index=-1 offset=5997500 count=15000
    part[6] cum=99.8438% share=24.6875% device_global=6 rank=3 local_index=-1 offset=6012500 count=1975000
    part[7] cum=100% share=0.156248% device_global=7 rank=3 local_index=-1 offset=7987500 count=12500
    total=100%
[DCL][balance-metrics] iteration=2100
  policy=profiled
  action=skip
  reason=adaptive decision rejected; remaining_iterations=7900, gain_total=0, migration_cost=0.00147987, max_migrated_bytes=80000, T_comp_int_per_iter=0.00094104, T_comp_bal_per_iter=0.000969128
  T_compute_interval_s=0.94104
  T_comm_interval_s=4.25535
  T_balance_total_s=0.0176088
  T_rebalance_apply_s=0
  T_compute_accum_s=7.78377
  T_comm_accum_s=13.7286
  T_balance_accum_s=0.409513
  T_rebalance_apply_accum_s=0.155038
  device_times_s:
    part[0]=0.939919
    part[1]=0.893975
    part[2]=0.94104
    part[3]=0.807607
    part[4]=0.939967
    part[5]=0.760687
    part[6]=0.937511
    part[7]=0.937545
  OLD loads:
    part[0] cum=24.75% share=24.75% device_global=0 rank=0 local_index=0 offset=0 count=1980000
    part[1] cum=25.125% share=0.375% device_global=1 rank=0 local_index=1 offset=1980000 count=30000
    part[2] cum=49.9062% share=24.7812% device_global=2 rank=1 local_index=-1 offset=2010000 count=1982500
    part[3] cum=50.2188% share=0.312498% device_global=3 rank=1 local_index=-1 offset=3992500 count=25000
    part[4] cum=74.9688% share=24.75% device_global=4 rank=2 local_index=-1 offset=4017500 count=1980000
    part[5] cum=75.1562% share=0.187498% device_global=5 rank=2 local_index=-1 offset=5997500 count=15000
    part[6] cum=99.8438% share=24.6875% device_global=6 rank=3 local_index=-1 offset=6012500 count=1975000
    part[7] cum=100% share=0.156248% device_global=7 rank=3 local_index=-1 offset=7987500 count=12500
    total=100%
  PROPOSED loads:
    part[0] cum=24.7188% share=24.7188% device_global=0 rank=0 local_index=0 offset=0 count=1980000
    part[1] cum=25.0938% share=0.375% device_global=1 rank=0 local_index=1 offset=1980000 count=30000
    part[2] cum=49.8125% share=24.7188% device_global=2 rank=1 local_index=-1 offset=2010000 count=1982500
    part[3] cum=50.1875% share=0.375% device_global=3 rank=1 local_index=-1 offset=3992500 count=25000
    part[4] cum=74.9062% share=24.7188% device_global=4 rank=2 local_index=-1 offset=4017500 count=1980000
    part[5] cum=75.125% share=0.218755% device_global=5 rank=2 local_index=-1 offset=5997500 count=15000
    part[6] cum=99.8438% share=24.7188% device_global=6 rank=3 local_index=-1 offset=6012500 count=1975000
    part[7] cum=100% share=0.156248% device_global=7 rank=3 local_index=-1 offset=7987500 count=12500
    total=100%
  CURRENT loads:
    part[0] cum=24.75% share=24.75% device_global=0 rank=0 local_index=0 offset=0 count=1980000
    part[1] cum=25.125% share=0.375% device_global=1 rank=0 local_index=1 offset=1980000 count=30000
    part[2] cum=49.9062% share=24.7812% device_global=2 rank=1 local_index=-1 offset=2010000 count=1982500
    part[3] cum=50.2188% share=0.312498% device_global=3 rank=1 local_index=-1 offset=3992500 count=25000
    part[4] cum=74.9688% share=24.75% device_global=4 rank=2 local_index=-1 offset=4017500 count=1980000
    part[5] cum=75.1562% share=0.187498% device_global=5 rank=2 local_index=-1 offset=5997500 count=15000
    part[6] cum=99.8438% share=24.6875% device_global=6 rank=3 local_index=-1 offset=6012500 count=1975000
    part[7] cum=100% share=0.156248% device_global=7 rank=3 local_index=-1 offset=7987500 count=12500
    total=100%
[DCL][balance-metrics] iteration=3100
  policy=profiled
  action=skip
  reason=adaptive decision rejected; remaining_iterations=6900, gain_total=0, migration_cost=0.00147987, max_migrated_bytes=80000, T_comp_int_per_iter=0.000940056, T_comp_bal_per_iter=0.000947399
  T_compute_interval_s=0.940056
  T_comm_interval_s=4.29668
  T_balance_total_s=0.0156218
  T_rebalance_apply_s=0
  T_compute_accum_s=8.72383
  T_comm_accum_s=18.0253
  T_balance_accum_s=0.425134
  T_rebalance_apply_accum_s=0.155038
  device_times_s:
    part[0]=0.9392
    part[1]=0.874522
    part[2]=0.939268
    part[3]=0.780929
    part[4]=0.940056
    part[5]=0.645863
    part[6]=0.937276
    part[7]=0.786941
  OLD loads:
    part[0] cum=24.75% share=24.75% device_global=0 rank=0 local_index=0 offset=0 count=1980000
    part[1] cum=25.125% share=0.375% device_global=1 rank=0 local_index=1 offset=1980000 count=30000
    part[2] cum=49.9062% share=24.7812% device_global=2 rank=1 local_index=-1 offset=2010000 count=1982500
    part[3] cum=50.2188% share=0.312498% device_global=3 rank=1 local_index=-1 offset=3992500 count=25000
    part[4] cum=74.9688% share=24.75% device_global=4 rank=2 local_index=-1 offset=4017500 count=1980000
    part[5] cum=75.1562% share=0.187498% device_global=5 rank=2 local_index=-1 offset=5997500 count=15000
    part[6] cum=99.8438% share=24.6875% device_global=6 rank=3 local_index=-1 offset=6012500 count=1975000
    part[7] cum=100% share=0.156248% device_global=7 rank=3 local_index=-1 offset=7987500 count=12500
    total=100%
  PROPOSED loads:
    part[0] cum=24.6875% share=24.6875% device_global=0 rank=0 local_index=0 offset=0 count=1980000
    part[1] cum=25.0938% share=0.406249% device_global=1 rank=0 local_index=1 offset=1980000 count=30000
    part[2] cum=49.8125% share=24.7188% device_global=2 rank=1 local_index=-1 offset=2010000 count=1982500
    part[3] cum=50.1875% share=0.375% device_global=3 rank=1 local_index=-1 offset=3992500 count=25000
    part[4] cum=74.875% share=24.6875% device_global=4 rank=2 local_index=-1 offset=4017500 count=1980000
    part[5] cum=75.125% share=0.250006% device_global=5 rank=2 local_index=-1 offset=5997500 count=15000
    part[6] cum=99.8125% share=24.6875% device_global=6 rank=3 local_index=-1 offset=6012500 count=1975000
    part[7] cum=100% share=0.187498% device_global=7 rank=3 local_index=-1 offset=7987500 count=12500
    total=100%
  CURRENT loads:
    part[0] cum=24.75% share=24.75% device_global=0 rank=0 local_index=0 offset=0 count=1980000
    part[1] cum=25.125% share=0.375% device_global=1 rank=0 local_index=1 offset=1980000 count=30000
    part[2] cum=49.9062% share=24.7812% device_global=2 rank=1 local_index=-1 offset=2010000 count=1982500
    part[3] cum=50.2188% share=0.312498% device_global=3 rank=1 local_index=-1 offset=3992500 count=25000
    part[4] cum=74.9688% share=24.75% device_global=4 rank=2 local_index=-1 offset=4017500 count=1980000
    part[5] cum=75.1562% share=0.187498% device_global=5 rank=2 local_index=-1 offset=5997500 count=15000
    part[6] cum=99.8438% share=24.6875% device_global=6 rank=3 local_index=-1 offset=6012500 count=1975000
    part[7] cum=100% share=0.156248% device_global=7 rank=3 local_index=-1 offset=7987500 count=12500
    total=100%
[DCL][balance-metrics] iteration=4100
  policy=profiled
  action=skip
  reason=adaptive decision rejected; remaining_iterations=5900, gain_total=0, migration_cost=0.00259121, max_migrated_bytes=160000, T_comp_int_per_iter=0.000939447, T_comp_bal_per_iter=0.000989394
  T_compute_interval_s=0.939447
  T_comm_interval_s=4.2661
  T_balance_total_s=0.0171039
  T_rebalance_apply_s=0
  T_compute_accum_s=9.66327
  T_comm_accum_s=22.2914
  T_balance_accum_s=0.442238
  T_rebalance_apply_accum_s=0.155038
  device_times_s:
    part[0]=0.939036
    part[1]=0.87533
    part[2]=0.939267
    part[3]=0.776309
    part[4]=0.939447
    part[5]=0.593636
    part[6]=0.937462
    part[7]=0.633917
  OLD loads:
    part[0] cum=24.75% share=24.75% device_global=0 rank=0 local_index=0 offset=0 count=1980000
    part[1] cum=25.125% share=0.375% device_global=1 rank=0 local_index=1 offset=1980000 count=30000
    part[2] cum=49.9062% share=24.7812% device_global=2 rank=1 local_index=-1 offset=2010000 count=1982500
    part[3] cum=50.2188% share=0.312498% device_global=3 rank=1 local_index=-1 offset=3992500 count=25000
    part[4] cum=74.9688% share=24.75% device_global=4 rank=2 local_index=-1 offset=4017500 count=1980000
    part[5] cum=75.1562% share=0.187498% device_global=5 rank=2 local_index=-1 offset=5997500 count=15000
    part[6] cum=99.8438% share=24.6875% device_global=6 rank=3 local_index=-1 offset=6012500 count=1975000
    part[7] cum=100% share=0.156248% device_global=7 rank=3 local_index=-1 offset=7987500 count=12500
    total=100%
  PROPOSED loads:
    part[0] cum=24.6875% share=24.6875% device_global=0 rank=0 local_index=0 offset=0 count=1980000
    part[1] cum=25.0625% share=0.375001% device_global=1 rank=0 local_index=1 offset=1980000 count=30000
    part[2] cum=49.7812% share=24.7188% device_global=2 rank=1 local_index=-1 offset=2010000 count=1982500
    part[3] cum=50.1562% share=0.374997% device_global=3 rank=1 local_index=-1 offset=3992500 count=25000
    part[4] cum=74.8125% share=24.6563% device_global=4 rank=2 local_index=-1 offset=4017500 count=1980000
    part[5] cum=75.125% share=0.312501% device_global=5 rank=2 local_index=-1 offset=5997500 count=15000
    part[6] cum=99.7812% share=24.6562% device_global=6 rank=3 local_index=-1 offset=6012500 count=1975000
    part[7] cum=100% share=0.218749% device_global=7 rank=3 local_index=-1 offset=7987500 count=12500
    total=100%
  CURRENT loads:
    part[0] cum=24.75% share=24.75% device_global=0 rank=0 local_index=0 offset=0 count=1980000
    part[1] cum=25.125% share=0.375% device_global=1 rank=0 local_index=1 offset=1980000 count=30000
    part[2] cum=49.9062% share=24.7812% device_global=2 rank=1 local_index=-1 offset=2010000 count=1982500
    part[3] cum=50.2188% share=0.312498% device_global=3 rank=1 local_index=-1 offset=3992500 count=25000
    part[4] cum=74.9688% share=24.75% device_global=4 rank=2 local_index=-1 offset=4017500 count=1980000
    part[5] cum=75.1562% share=0.187498% device_global=5 rank=2 local_index=-1 offset=5997500 count=15000
    part[6] cum=99.8438% share=24.6875% device_global=6 rank=3 local_index=-1 offset=6012500 count=1975000
    part[7] cum=100% share=0.156248% device_global=7 rank=3 local_index=-1 offset=7987500 count=12500
    total=100%
[DCL][balance-metrics] iteration=5100
  policy=profiled
  action=skip
  reason=adaptive decision rejected; remaining_iterations=4900, gain_total=0, migration_cost=0.00259121, max_migrated_bytes=160000, T_comp_int_per_iter=0.000940466, T_comp_bal_per_iter=0.000955992
  T_compute_interval_s=0.940466
  T_comm_interval_s=4.30396
  T_balance_total_s=0.0173975
  T_rebalance_apply_s=0
  T_compute_accum_s=10.6037
  T_comm_accum_s=26.5954
  T_balance_accum_s=0.459636
  T_rebalance_apply_accum_s=0.155038
  device_times_s:
    part[0]=0.939192
    part[1]=0.875395
    part[2]=0.939418
    part[3]=0.771584
    part[4]=0.940466
    part[5]=0.573595
    part[6]=0.937413
    part[7]=0.577076
  OLD loads:
    part[0] cum=24.75% share=24.75% device_global=0 rank=0 local_index=0 offset=0 count=1980000
    part[1] cum=25.125% share=0.375% device_global=1 rank=0 local_index=1 offset=1980000 count=30000
    part[2] cum=49.9062% share=24.7812% device_global=2 rank=1 local_index=-1 offset=2010000 count=1982500
    part[3] cum=50.2188% share=0.312498% device_global=3 rank=1 local_index=-1 offset=3992500 count=25000
    part[4] cum=74.9688% share=24.75% device_global=4 rank=2 local_index=-1 offset=4017500 count=1980000
    part[5] cum=75.1562% share=0.187498% device_global=5 rank=2 local_index=-1 offset=5997500 count=15000
    part[6] cum=99.8438% share=24.6875% device_global=6 rank=3 local_index=-1 offset=6012500 count=1975000
    part[7] cum=100% share=0.156248% device_global=7 rank=3 local_index=-1 offset=7987500 count=12500
    total=100%
  PROPOSED loads:
    part[0] cum=24.6562% share=24.6562% device_global=0 rank=0 local_index=0 offset=0 count=1980000
    part[1] cum=25.0625% share=0.406252% device_global=1 rank=0 local_index=1 offset=1980000 count=30000
    part[2] cum=49.7812% share=24.7188% device_global=2 rank=1 local_index=-1 offset=2010000 count=1982500
    part[3] cum=50.1562% share=0.374997% device_global=3 rank=1 local_index=-1 offset=3992500 count=25000
    part[4] cum=74.7812% share=24.625% device_global=4 rank=2 local_index=-1 offset=4017500 count=1980000
    part[5] cum=75.0938% share=0.312501% device_global=5 rank=2 local_index=-1 offset=5997500 count=15000
    part[6] cum=99.75% share=24.6562% device_global=6 rank=3 local_index=-1 offset=6012500 count=1975000
    part[7] cum=100% share=0.25% device_global=7 rank=3 local_index=-1 offset=7987500 count=12500
    total=100%
  CURRENT loads:
    part[0] cum=24.75% share=24.75% device_global=0 rank=0 local_index=0 offset=0 count=1980000
    part[1] cum=25.125% share=0.375% device_global=1 rank=0 local_index=1 offset=1980000 count=30000
    part[2] cum=49.9062% share=24.7812% device_global=2 rank=1 local_index=-1 offset=2010000 count=1982500
    part[3] cum=50.2188% share=0.312498% device_global=3 rank=1 local_index=-1 offset=3992500 count=25000
    part[4] cum=74.9688% share=24.75% device_global=4 rank=2 local_index=-1 offset=4017500 count=1980000
    part[5] cum=75.1562% share=0.187498% device_global=5 rank=2 local_index=-1 offset=5997500 count=15000
    part[6] cum=99.8438% share=24.6875% device_global=6 rank=3 local_index=-1 offset=6012500 count=1975000
    part[7] cum=100% share=0.156248% device_global=7 rank=3 local_index=-1 offset=7987500 count=12500
    total=100%
[DCL][balance-metrics] iteration=6100
  policy=profiled
  action=skip
  reason=adaptive decision rejected; remaining_iterations=3900, gain_total=0, migration_cost=0.00359892, max_migrated_bytes=240000, T_comp_int_per_iter=0.00094044, T_comp_bal_per_iter=0.00099454
  T_compute_interval_s=0.94044
  T_comm_interval_s=4.32802
  T_balance_total_s=0.01588
  T_rebalance_apply_s=0
  T_compute_accum_s=11.5442
  T_comm_accum_s=30.9234
  T_balance_accum_s=0.475516
  T_rebalance_apply_accum_s=0.155038
  device_times_s:
    part[0]=0.94044
    part[1]=0.878274
    part[2]=0.939393
    part[3]=0.765031
    part[4]=0.939666
    part[5]=0.558897
    part[6]=0.937629
    part[7]=0.546635
  OLD loads:
    part[0] cum=24.75% share=24.75% device_global=0 rank=0 local_index=0 offset=0 count=1980000
    part[1] cum=25.125% share=0.375% device_global=1 rank=0 local_index=1 offset=1980000 count=30000
    part[2] cum=49.9062% share=24.7812% device_global=2 rank=1 local_index=-1 offset=2010000 count=1982500
    part[3] cum=50.2188% share=0.312498% device_global=3 rank=1 local_index=-1 offset=3992500 count=25000
    part[4] cum=74.9688% share=24.75% device_global=4 rank=2 local_index=-1 offset=4017500 count=1980000
    part[5] cum=75.1562% share=0.187498% device_global=5 rank=2 local_index=-1 offset=5997500 count=15000
    part[6] cum=99.8438% share=24.6875% device_global=6 rank=3 local_index=-1 offset=6012500 count=1975000
    part[7] cum=100% share=0.156248% device_global=7 rank=3 local_index=-1 offset=7987500 count=12500
    total=100%
  PROPOSED loads:
    part[0] cum=24.625% share=24.625% device_global=0 rank=0 local_index=0 offset=0 count=1980000
    part[1] cum=25.0312% share=0.40625% device_global=1 rank=0 local_index=1 offset=1980000 count=30000
    part[2] cum=49.7188% share=24.6875% device_global=2 rank=1 local_index=-1 offset=2010000 count=1982500
    part[3] cum=50.125% share=0.406253% device_global=3 rank=1 local_index=-1 offset=3992500 count=25000
    part[4] cum=74.7812% share=24.6562% device_global=4 rank=2 local_index=-1 offset=4017500 count=1980000
    part[5] cum=75.0938% share=0.312501% device_global=5 rank=2 local_index=-1 offset=5997500 count=15000
    part[6] cum=99.7188% share=24.625% device_global=6 rank=3 local_index=-1 offset=6012500 count=1975000
    part[7] cum=100% share=0.28125% device_global=7 rank=3 local_index=-1 offset=7987500 count=12500
    total=100%
  CURRENT loads:
    part[0] cum=24.75% share=24.75% device_global=0 rank=0 local_index=0 offset=0 count=1980000
    part[1] cum=25.125% share=0.375% device_global=1 rank=0 local_index=1 offset=1980000 count=30000
    part[2] cum=49.9062% share=24.7812% device_global=2 rank=1 local_index=-1 offset=2010000 count=1982500
    part[3] cum=50.2188% share=0.312498% device_global=3 rank=1 local_index=-1 offset=3992500 count=25000
    part[4] cum=74.9688% share=24.75% device_global=4 rank=2 local_index=-1 offset=4017500 count=1980000
    part[5] cum=75.1562% share=0.187498% device_global=5 rank=2 local_index=-1 offset=5997500 count=15000
    part[6] cum=99.8438% share=24.6875% device_global=6 rank=3 local_index=-1 offset=6012500 count=1975000
    part[7] cum=100% share=0.156248% device_global=7 rank=3 local_index=-1 offset=7987500 count=12500
    total=100%
[DCL][balance-metrics] iteration=7100
  policy=profiled
  action=skip
  reason=adaptive decision rejected; remaining_iterations=2900, gain_total=0, migration_cost=0.00359892, max_migrated_bytes=240000, T_comp_int_per_iter=0.000940017, T_comp_bal_per_iter=0.00101347
  T_compute_interval_s=0.940017
  T_comm_interval_s=4.30809
  T_balance_total_s=0.0160882
  T_rebalance_apply_s=0
  T_compute_accum_s=12.4842
  T_comm_accum_s=35.2315
  T_balance_accum_s=0.491604
  T_rebalance_apply_accum_s=0.155038
  device_times_s:
    part[0]=0.939321
    part[1]=0.878305
    part[2]=0.93894
    part[3]=0.758139
    part[4]=0.940017
    part[5]=0.552799
    part[6]=0.937394
    part[7]=0.520882
  OLD loads:
    part[0] cum=24.75% share=24.75% device_global=0 rank=0 local_index=0 offset=0 count=1980000
    part[1] cum=25.125% share=0.375% device_global=1 rank=0 local_index=1 offset=1980000 count=30000
    part[2] cum=49.9062% share=24.7812% device_global=2 rank=1 local_index=-1 offset=2010000 count=1982500
    part[3] cum=50.2188% share=0.312498% device_global=3 rank=1 local_index=-1 offset=3992500 count=25000
    part[4] cum=74.9688% share=24.75% device_global=4 rank=2 local_index=-1 offset=4017500 count=1980000
    part[5] cum=75.1562% share=0.187498% device_global=5 rank=2 local_index=-1 offset=5997500 count=15000
    part[6] cum=99.8438% share=24.6875% device_global=6 rank=3 local_index=-1 offset=6012500 count=1975000
    part[7] cum=100% share=0.156248% device_global=7 rank=3 local_index=-1 offset=7987500 count=12500
    total=100%
  PROPOSED loads:
    part[0] cum=24.6562% share=24.6562% device_global=0 rank=0 local_index=0 offset=0 count=1980000
    part[1] cum=25.0625% share=0.406252% device_global=1 rank=0 local_index=1 offset=1980000 count=30000
    part[2] cum=49.75% share=24.6875% device_global=2 rank=1 local_index=-1 offset=2010000 count=1982500
    part[3] cum=50.125% share=0.375003% device_global=3 rank=1 local_index=-1 offset=3992500 count=25000
    part[4] cum=74.75% share=24.625% device_global=4 rank=2 local_index=-1 offset=4017500 count=1980000
    part[5] cum=75.0938% share=0.343752% device_global=5 rank=2 local_index=-1 offset=5997500 count=15000
    part[6] cum=99.7188% share=24.625% device_global=6 rank=3 local_index=-1 offset=6012500 count=1975000
    part[7] cum=100% share=0.28125% device_global=7 rank=3 local_index=-1 offset=7987500 count=12500
    total=100%
  CURRENT loads:
    part[0] cum=24.75% share=24.75% device_global=0 rank=0 local_index=0 offset=0 count=1980000
    part[1] cum=25.125% share=0.375% device_global=1 rank=0 local_index=1 offset=1980000 count=30000
    part[2] cum=49.9062% share=24.7812% device_global=2 rank=1 local_index=-1 offset=2010000 count=1982500
    part[3] cum=50.2188% share=0.312498% device_global=3 rank=1 local_index=-1 offset=3992500 count=25000
    part[4] cum=74.9688% share=24.75% device_global=4 rank=2 local_index=-1 offset=4017500 count=1980000
    part[5] cum=75.1562% share=0.187498% device_global=5 rank=2 local_index=-1 offset=5997500 count=15000
    part[6] cum=99.8438% share=24.6875% device_global=6 rank=3 local_index=-1 offset=6012500 count=1975000
    part[7] cum=100% share=0.156248% device_global=7 rank=3 local_index=-1 offset=7987500 count=12500
    total=100%
[DCL][balance-metrics] iteration=8100
  policy=profiled
  action=skip
  reason=adaptive decision rejected; remaining_iterations=1900, gain_total=0, migration_cost=0.00616035, max_migrated_bytes=320000, T_comp_int_per_iter=0.000939688, T_comp_bal_per_iter=0.00095193
  T_compute_interval_s=0.939688
  T_comm_interval_s=4.33778
  T_balance_total_s=0.0174745
  T_rebalance_apply_s=0
  T_compute_accum_s=13.4239
  T_comm_accum_s=39.5693
  T_balance_accum_s=0.509079
  T_rebalance_apply_accum_s=0.155038
  device_times_s:
    part[0]=0.93945
    part[1]=0.878705
    part[2]=0.939371
    part[3]=0.767529
    part[4]=0.939688
    part[5]=0.540049
    part[6]=0.93746
    part[7]=0.51082
  OLD loads:
    part[0] cum=24.75% share=24.75% device_global=0 rank=0 local_index=0 offset=0 count=1980000
    part[1] cum=25.125% share=0.375% device_global=1 rank=0 local_index=1 offset=1980000 count=30000
    part[2] cum=49.9062% share=24.7812% device_global=2 rank=1 local_index=-1 offset=2010000 count=1982500
    part[3] cum=50.2188% share=0.312498% device_global=3 rank=1 local_index=-1 offset=3992500 count=25000
    part[4] cum=74.9688% share=24.75% device_global=4 rank=2 local_index=-1 offset=4017500 count=1980000
    part[5] cum=75.1562% share=0.187498% device_global=5 rank=2 local_index=-1 offset=5997500 count=15000
    part[6] cum=99.8438% share=24.6875% device_global=6 rank=3 local_index=-1 offset=6012500 count=1975000
    part[7] cum=100% share=0.156248% device_global=7 rank=3 local_index=-1 offset=7987500 count=12500
    total=100%
  PROPOSED loads:
    part[0] cum=24.6562% share=24.6562% device_global=0 rank=0 local_index=0 offset=0 count=1980000
    part[1] cum=25.0625% share=0.406252% device_global=1 rank=0 local_index=1 offset=1980000 count=30000
    part[2] cum=49.7188% share=24.6562% device_global=2 rank=1 local_index=-1 offset=2010000 count=1982500
    part[3] cum=50.0938% share=0.375003% device_global=3 rank=1 local_index=-1 offset=3992500 count=25000
    part[4] cum=74.75% share=24.6562% device_global=4 rank=2 local_index=-1 offset=4017500 count=1980000
    part[5] cum=75.0625% share=0.312501% device_global=5 rank=2 local_index=-1 offset=5997500 count=15000
    part[6] cum=99.7188% share=24.6562% device_global=6 rank=3 local_index=-1 offset=6012500 count=1975000
    part[7] cum=100% share=0.28125% device_global=7 rank=3 local_index=-1 offset=7987500 count=12500
    total=100%
  CURRENT loads:
    part[0] cum=24.75% share=24.75% device_global=0 rank=0 local_index=0 offset=0 count=1980000
    part[1] cum=25.125% share=0.375% device_global=1 rank=0 local_index=1 offset=1980000 count=30000
    part[2] cum=49.9062% share=24.7812% device_global=2 rank=1 local_index=-1 offset=2010000 count=1982500
    part[3] cum=50.2188% share=0.312498% device_global=3 rank=1 local_index=-1 offset=3992500 count=25000
    part[4] cum=74.9688% share=24.75% device_global=4 rank=2 local_index=-1 offset=4017500 count=1980000
    part[5] cum=75.1562% share=0.187498% device_global=5 rank=2 local_index=-1 offset=5997500 count=15000
    part[6] cum=99.8438% share=24.6875% device_global=6 rank=3 local_index=-1 offset=6012500 count=1975000
    part[7] cum=100% share=0.156248% device_global=7 rank=3 local_index=-1 offset=7987500 count=12500
    total=100%
[DCL][balance-metrics] iteration=9100
  policy=profiled
  action=skip
  reason=adaptive decision rejected; remaining_iterations=900, gain_total=0, migration_cost=0.00359892, max_migrated_bytes=240000, T_comp_int_per_iter=0.000939854, T_comp_bal_per_iter=0.000974634
  T_compute_interval_s=0.939854
  T_comm_interval_s=4.32978
  T_balance_total_s=0.0160745
  T_rebalance_apply_s=0
  T_compute_accum_s=14.3637
  T_comm_accum_s=43.899
  T_balance_accum_s=0.525153
  T_rebalance_apply_accum_s=0.155038
  device_times_s:
    part[0]=0.938742
    part[1]=0.879971
    part[2]=0.939222
    part[3]=0.758664
    part[4]=0.939854
    part[5]=0.531619
    part[6]=0.937757
    part[7]=0.50635
  OLD loads:
    part[0] cum=24.75% share=24.75% device_global=0 rank=0 local_index=0 offset=0 count=1980000
    part[1] cum=25.125% share=0.375% device_global=1 rank=0 local_index=1 offset=1980000 count=30000
    part[2] cum=49.9062% share=24.7812% device_global=2 rank=1 local_index=-1 offset=2010000 count=1982500
    part[3] cum=50.2188% share=0.312498% device_global=3 rank=1 local_index=-1 offset=3992500 count=25000
    part[4] cum=74.9688% share=24.75% device_global=4 rank=2 local_index=-1 offset=4017500 count=1980000
    part[5] cum=75.1562% share=0.187498% device_global=5 rank=2 local_index=-1 offset=5997500 count=15000
    part[6] cum=99.8438% share=24.6875% device_global=6 rank=3 local_index=-1 offset=6012500 count=1975000
    part[7] cum=100% share=0.156248% device_global=7 rank=3 local_index=-1 offset=7987500 count=12500
    total=100%
  PROPOSED loads:
    part[0] cum=24.6562% share=24.6562% device_global=0 rank=0 local_index=0 offset=0 count=1980000
    part[1] cum=25.0625% share=0.406252% device_global=1 rank=0 local_index=1 offset=1980000 count=30000
    part[2] cum=49.75% share=24.6875% device_global=2 rank=1 local_index=-1 offset=2010000 count=1982500
    part[3] cum=50.125% share=0.375003% device_global=3 rank=1 local_index=-1 offset=3992500 count=25000
    part[4] cum=74.75% share=24.625% device_global=4 rank=2 local_index=-1 offset=4017500 count=1980000
    part[5] cum=75.0938% share=0.343752% device_global=5 rank=2 local_index=-1 offset=5997500 count=15000
    part[6] cum=99.7188% share=24.625% device_global=6 rank=3 local_index=-1 offset=6012500 count=1975000
    part[7] cum=100% share=0.28125% device_global=7 rank=3 local_index=-1 offset=7987500 count=12500
    total=100%
  CURRENT loads:
    part[0] cum=24.75% share=24.75% device_global=0 rank=0 local_index=0 offset=0 count=1980000
    part[1] cum=25.125% share=0.375% device_global=1 rank=0 local_index=1 offset=1980000 count=30000
    part[2] cum=49.9062% share=24.7812% device_global=2 rank=1 local_index=-1 offset=2010000 count=1982500
    part[3] cum=50.2188% share=0.312498% device_global=3 rank=1 local_index=-1 offset=3992500 count=25000
    part[4] cum=74.9688% share=24.75% device_global=4 rank=2 local_index=-1 offset=4017500 count=1980000
    part[5] cum=75.1562% share=0.187498% device_global=5 rank=2 local_index=-1 offset=5997500 count=15000
    part[6] cum=99.8438% share=24.6875% device_global=6 rank=3 local_index=-1 offset=6012500 count=1975000
    part[7] cum=100% share=0.156248% device_global=7 rank=3 local_index=-1 offset=7987500 count=12500
    total=100%

=== PARTICOES FINAIS ===
=== Particoes globais ===
part[0] device_global=0 rank=0 local_index=0 offset=0 count=1980000
part[1] device_global=1 rank=0 local_index=1 offset=1980000 count=30000
part[2] device_global=2 rank=1 local_index=-1 offset=2010000 count=1982500
part[3] device_global=3 rank=1 local_index=-1 offset=3992500 count=25000
part[4] device_global=4 rank=2 local_index=-1 offset=4017500 count=1980000
part[5] device_global=5 rank=2 local_index=-1 offset=5997500 count=15000
part[6] device_global=6 rank=3 local_index=-1 offset=6012500 count=1975000
part[7] device_global=7 rank=3 local_index=-1 offset=7987500 count=12500


============================
ITERACAO 10000
Tempo de execução: 55.934s
