=== Dispositivos locais do rank 0 ===
global=0 local=0 nome="NVIDIA RTX 2000 Ada Generation" compute_units=22
global=1 local=1 nome="Intel(R) Xeon(R) CPU           E5620  @ 2.40GHz" compute_units=16

=== Dispositivos locais do rank 3 ===
global=6 local=0 nome="NVIDIA RTX 2000 Ada Generation" compute_units=22
global=7 local=1 nome="Intel(R) Xeon(R) CPU           E5620  @ 2.40GHz" compute_units=16

=== Dispositivos locais do rank 1 ===
global=2 local=0 nome="NVIDIA RTX 2000 Ada Generation" compute_units=22
global=3 local=1 nome="Intel(R) Xeon(R) CPU           E5620  @ 2.40GHz" compute_units=16

=== Dispositivos locais do rank 2 ===
global=4 local=0 nome="NVIDIA RTX 2000 Ada Generation" compute_units=22
global=5 local=1 nome="Intel(R) Xeon(R) CPU           E5620  @ 2.40GHz" compute_units=16

=== PARTICOES INICIAIS ===
=== Particoes globais ===
part[0] device_global=0 rank=0 local_index=0 offset=0 count=1000000
part[1] device_global=1 rank=0 local_index=1 offset=1000000 count=1000000
part[2] device_global=2 rank=1 local_index=-1 offset=2000000 count=1000000
part[3] device_global=3 rank=1 local_index=-1 offset=3000000 count=1000000
part[4] device_global=4 rank=2 local_index=-1 offset=4000000 count=1000000
part[5] device_global=5 rank=2 local_index=-1 offset=5000000 count=1000000
part[6] device_global=6 rank=3 local_index=-1 offset=6000000 count=1000000
part[7] device_global=7 rank=3 local_index=-1 offset=7000000 count=1000000

X = 50 Y = 50 Z = 3200 Iterations = 10000
[DCL][balance-metrics] iteration=100
  policy=profiled
  action=rebalance
  reason=adaptive decision accepted; remaining_iterations=9900, gain_total=52.4672, migration_cost=0.0204809, max_migrated_bytes=1040000, T_comp_int_per_iter=0.00539911, T_comp_bal_per_iter=9.93935e-05
  T_compute_interval_s=5.39911
  T_comm_interval_s=5.34933
  T_balance_total_s=0.290957
  T_rebalance_apply_s=0.0737075
  T_compute_accum_s=5.39911
  T_comm_accum_s=5.34933
  T_balance_accum_s=0.290957
  T_rebalance_apply_accum_s=0.0737075
  device_times_s:
    part[0]=0.0485161
    part[1]=3.02065
    part[2]=0.048524
    part[3]=3.05826
    part[4]=0.0492301
    part[5]=4.27619
    part[6]=0.0488455
    part[7]=5.39911
  OLD loads:
    part[0] cum=12.5% share=12.5% device_global=0 rank=0 local_index=0 offset=0 count=1985000
    part[1] cum=25% share=12.5% device_global=1 rank=0 local_index=1 offset=1985000 count=32500
    part[2] cum=37.5% share=12.5% device_global=2 rank=1 local_index=-1 offset=2017500 count=1982500
    part[3] cum=50% share=12.5% device_global=3 rank=1 local_index=-1 offset=4000000 count=32500
    part[4] cum=62.5% share=12.5% device_global=4 rank=2 local_index=-1 offset=4032500 count=1955000
    part[5] cum=75% share=12.5% device_global=5 rank=2 local_index=-1 offset=5987500 count=22500
    part[6] cum=87.5% share=12.5% device_global=6 rank=3 local_index=-1 offset=6010000 count=1972500
    part[7] cum=100% share=12.5% device_global=7 rank=3 local_index=-1 offset=7982500 count=17500
    total=100%
  PROPOSED loads:
    part[0] cum=24.8125% share=24.8125% device_global=0 rank=0 local_index=0 offset=0 count=1985000
    part[1] cum=25.2188% share=0.406249% device_global=1 rank=0 local_index=1 offset=1985000 count=32500
    part[2] cum=50% share=24.7812% device_global=2 rank=1 local_index=-1 offset=2017500 count=1982500
    part[3] cum=50.4062% share=0.406247% device_global=3 rank=1 local_index=-1 offset=4000000 count=32500
    part[4] cum=74.8438% share=24.4375% device_global=4 rank=2 local_index=-1 offset=4032500 count=1955000
    part[5] cum=75.125% share=0.28125% device_global=5 rank=2 local_index=-1 offset=5987500 count=22500
    part[6] cum=99.7812% share=24.6562% device_global=6 rank=3 local_index=-1 offset=6010000 count=1972500
    part[7] cum=100% share=0.218749% device_global=7 rank=3 local_index=-1 offset=7982500 count=17500
    total=100%
  CURRENT loads:
    part[0] cum=24.8125% share=24.8125% device_global=0 rank=0 local_index=0 offset=0 count=1985000
    part[1] cum=25.2188% share=0.406249% device_global=1 rank=0 local_index=1 offset=1985000 count=32500
    part[2] cum=50% share=24.7812% device_global=2 rank=1 local_index=-1 offset=2017500 count=1982500
    part[3] cum=50.4062% share=0.406247% device_global=3 rank=1 local_index=-1 offset=4000000 count=32500
    part[4] cum=74.8438% share=24.4375% device_global=4 rank=2 local_index=-1 offset=4032500 count=1955000
    part[5] cum=75.125% share=0.28125% device_global=5 rank=2 local_index=-1 offset=5987500 count=22500
    part[6] cum=99.7812% share=24.6562% device_global=6 rank=3 local_index=-1 offset=6010000 count=1972500
    part[7] cum=100% share=0.218749% device_global=7 rank=3 local_index=-1 offset=7982500 count=17500
    total=100%
[DCL][balance-metrics] iteration=1100
  policy=profiled
  action=rebalance
  reason=adaptive decision accepted; remaining_iterations=8900, gain_total=3.83348, migration_cost=0.00924053, max_migrated_bytes=480000, T_comp_int_per_iter=0.00141093, T_comp_bal_per_iter=0.000980205
  T_compute_interval_s=1.41093
  T_comm_interval_s=4.11169
  T_balance_total_s=0.0274801
  T_rebalance_apply_s=0.0122457
  T_compute_accum_s=6.81004
  T_comm_accum_s=9.46102
  T_balance_accum_s=0.318438
  T_rebalance_apply_accum_s=0.0859532
  device_times_s:
    part[0]=0.942281
    part[1]=0.982988
    part[2]=0.940983
    part[3]=1.15842
    part[4]=0.929747
    part[5]=1.41093
    part[6]=0.936757
    part[7]=1.37212
  OLD loads:
    part[0] cum=24.8125% share=24.8125% device_global=0 rank=0 local_index=0 offset=0 count=1980000
    part[1] cum=25.2188% share=0.406249% device_global=1 rank=0 local_index=1 offset=1980000 count=30000
    part[2] cum=50% share=24.7812% device_global=2 rank=1 local_index=-1 offset=2010000 count=1980000
    part[3] cum=50.4062% share=0.406247% device_global=3 rank=1 local_index=-1 offset=3990000 count=27500
    part[4] cum=74.8438% share=24.4375% device_global=4 rank=2 local_index=-1 offset=4017500 count=1977500
    part[5] cum=75.125% share=0.28125% device_global=5 rank=2 local_index=-1 offset=5995000 count=15000
    part[6] cum=99.7812% share=24.6562% device_global=6 rank=3 local_index=-1 offset=6010000 count=1977500
    part[7] cum=100% share=0.218749% device_global=7 rank=3 local_index=-1 offset=7987500 count=12500
    total=100%
  PROPOSED loads:
    part[0] cum=24.75% share=24.75% device_global=0 rank=0 local_index=0 offset=0 count=1980000
    part[1] cum=25.125% share=0.375% device_global=1 rank=0 local_index=1 offset=1980000 count=30000
    part[2] cum=49.875% share=24.75% device_global=2 rank=1 local_index=-1 offset=2010000 count=1980000
    part[3] cum=50.2188% share=0.343749% device_global=3 rank=1 local_index=-1 offset=3990000 count=27500
    part[4] cum=74.9375% share=24.7188% device_global=4 rank=2 local_index=-1 offset=4017500 count=1977500
    part[5] cum=75.125% share=0.187504% device_global=5 rank=2 local_index=-1 offset=5995000 count=15000
    part[6] cum=99.8438% share=24.7188% device_global=6 rank=3 local_index=-1 offset=6010000 count=1977500
    part[7] cum=100% share=0.156248% device_global=7 rank=3 local_index=-1 offset=7987500 count=12500
    total=100%
  CURRENT loads:
    part[0] cum=24.75% share=24.75% device_global=0 rank=0 local_index=0 offset=0 count=1980000
    part[1] cum=25.125% share=0.375% device_global=1 rank=0 local_index=1 offset=1980000 count=30000
    part[2] cum=49.875% share=24.75% device_global=2 rank=1 local_index=-1 offset=2010000 count=1980000
    part[3] cum=50.2188% share=0.343749% device_global=3 rank=1 local_index=-1 offset=3990000 count=27500
    part[4] cum=74.9375% share=24.7188% device_global=4 rank=2 local_index=-1 offset=4017500 count=1977500
    part[5] cum=75.125% share=0.187504% device_global=5 rank=2 local_index=-1 offset=5995000 count=15000
    part[6] cum=99.8438% share=24.7188% device_global=6 rank=3 local_index=-1 offset=6010000 count=1977500
    part[7] cum=100% share=0.156248% device_global=7 rank=3 local_index=-1 offset=7987500 count=12500
    total=100%
[DCL][balance-metrics] iteration=2100
  policy=profiled
  action=skip
  reason=adaptive decision rejected; remaining_iterations=7900, gain_total=0, migration_cost=0.00147987, max_migrated_bytes=80000, T_comp_int_per_iter=0.000939683, T_comp_bal_per_iter=0.00095686
  T_compute_interval_s=0.939683
  T_comm_interval_s=4.19858
  T_balance_total_s=0.0167071
  T_rebalance_apply_s=0
  T_compute_accum_s=7.74973
  T_comm_accum_s=13.6596
  T_balance_accum_s=0.335145
  T_rebalance_apply_accum_s=0.0859532
  device_times_s:
    part[0]=0.939592
    part[1]=0.88856
    part[2]=0.939683
    part[3]=0.877122
    part[4]=0.938582
    part[5]=0.765487
    part[6]=0.937309
    part[7]=0.935714
  OLD loads:
    part[0] cum=24.75% share=24.75% device_global=0 rank=0 local_index=0 offset=0 count=1980000
    part[1] cum=25.125% share=0.375% device_global=1 rank=0 local_index=1 offset=1980000 count=30000
    part[2] cum=49.875% share=24.75% device_global=2 rank=1 local_index=-1 offset=2010000 count=1980000
    part[3] cum=50.2188% share=0.343749% device_global=3 rank=1 local_index=-1 offset=3990000 count=27500
    part[4] cum=74.9375% share=24.7188% device_global=4 rank=2 local_index=-1 offset=4017500 count=1977500
    part[5] cum=75.125% share=0.187504% device_global=5 rank=2 local_index=-1 offset=5995000 count=15000
    part[6] cum=99.8438% share=24.7188% device_global=6 rank=3 local_index=-1 offset=6010000 count=1977500
    part[7] cum=100% share=0.156248% device_global=7 rank=3 local_index=-1 offset=7987500 count=12500
    total=100%
  PROPOSED loads:
    part[0] cum=24.7188% share=24.7188% device_global=0 rank=0 local_index=0 offset=0 count=1980000
    part[1] cum=25.0938% share=0.375% device_global=1 rank=0 local_index=1 offset=1980000 count=30000
    part[2] cum=49.8125% share=24.7188% device_global=2 rank=1 local_index=-1 offset=2010000 count=1980000
    part[3] cum=50.1875% share=0.375% device_global=3 rank=1 local_index=-1 offset=3990000 count=27500
    part[4] cum=74.875% share=24.6875% device_global=4 rank=2 local_index=-1 offset=4017500 count=1977500
    part[5] cum=75.0938% share=0.218755% device_global=5 rank=2 local_index=-1 offset=5995000 count=15000
    part[6] cum=99.8438% share=24.75% device_global=6 rank=3 local_index=-1 offset=6010000 count=1977500
    part[7] cum=100% share=0.156248% device_global=7 rank=3 local_index=-1 offset=7987500 count=12500
    total=100%
  CURRENT loads:
    part[0] cum=24.75% share=24.75% device_global=0 rank=0 local_index=0 offset=0 count=1980000
    part[1] cum=25.125% share=0.375% device_global=1 rank=0 local_index=1 offset=1980000 count=30000
    part[2] cum=49.875% share=24.75% device_global=2 rank=1 local_index=-1 offset=2010000 count=1980000
    part[3] cum=50.2188% share=0.343749% device_global=3 rank=1 local_index=-1 offset=3990000 count=27500
    part[4] cum=74.9375% share=24.7188% device_global=4 rank=2 local_index=-1 offset=4017500 count=1977500
    part[5] cum=75.125% share=0.187504% device_global=5 rank=2 local_index=-1 offset=5995000 count=15000
    part[6] cum=99.8438% share=24.7188% device_global=6 rank=3 local_index=-1 offset=6010000 count=1977500
    part[7] cum=100% share=0.156248% device_global=7 rank=3 local_index=-1 offset=7987500 count=12500
    total=100%
[DCL][balance-metrics] iteration=3100
  policy=profiled
  action=skip
  reason=adaptive decision rejected; remaining_iterations=6900, gain_total=0, migration_cost=0.00147987, max_migrated_bytes=80000, T_comp_int_per_iter=0.000939461, T_comp_bal_per_iter=0.000993511
  T_compute_interval_s=0.939461
  T_comm_interval_s=4.22156
  T_balance_total_s=0.0154535
  T_rebalance_apply_s=0
  T_compute_accum_s=8.68919
  T_comm_accum_s=17.8812
  T_balance_accum_s=0.350598
  T_rebalance_apply_accum_s=0.0859532
  device_times_s:
    part[0]=0.939461
    part[1]=0.881495
    part[2]=0.938597
    part[3]=0.840663
    part[4]=0.938958
    part[5]=0.649816
    part[6]=0.937723
    part[7]=0.791626
  OLD loads:
    part[0] cum=24.75% share=24.75% device_global=0 rank=0 local_index=0 offset=0 count=1980000
    part[1] cum=25.125% share=0.375% device_global=1 rank=0 local_index=1 offset=1980000 count=30000
    part[2] cum=49.875% share=24.75% device_global=2 rank=1 local_index=-1 offset=2010000 count=1980000
    part[3] cum=50.2188% share=0.343749% device_global=3 rank=1 local_index=-1 offset=3990000 count=27500
    part[4] cum=74.9375% share=24.7188% device_global=4 rank=2 local_index=-1 offset=4017500 count=1977500
    part[5] cum=75.125% share=0.187504% device_global=5 rank=2 local_index=-1 offset=5995000 count=15000
    part[6] cum=99.8438% share=24.7188% device_global=6 rank=3 local_index=-1 offset=6010000 count=1977500
    part[7] cum=100% share=0.156248% device_global=7 rank=3 local_index=-1 offset=7987500 count=12500
    total=100%
  PROPOSED loads:
    part[0] cum=24.6875% share=24.6875% device_global=0 rank=0 local_index=0 offset=0 count=1980000
    part[1] cum=25.0938% share=0.406249% device_global=1 rank=0 local_index=1 offset=1980000 count=30000
    part[2] cum=49.7812% share=24.6875% device_global=2 rank=1 local_index=-1 offset=2010000 count=1980000
    part[3] cum=50.1875% share=0.406247% device_global=3 rank=1 local_index=-1 offset=3990000 count=27500
    part[4] cum=74.8438% share=24.6563% device_global=4 rank=2 local_index=-1 offset=4017500 count=1977500
    part[5] cum=75.125% share=0.28125% device_global=5 rank=2 local_index=-1 offset=5995000 count=15000
    part[6] cum=99.8125% share=24.6875% device_global=6 rank=3 local_index=-1 offset=6010000 count=1977500
    part[7] cum=100% share=0.187498% device_global=7 rank=3 local_index=-1 offset=7987500 count=12500
    total=100%
  CURRENT loads:
    part[0] cum=24.75% share=24.75% device_global=0 rank=0 local_index=0 offset=0 count=1980000
    part[1] cum=25.125% share=0.375% device_global=1 rank=0 local_index=1 offset=1980000 count=30000
    part[2] cum=49.875% share=24.75% device_global=2 rank=1 local_index=-1 offset=2010000 count=1980000
    part[3] cum=50.2188% share=0.343749% device_global=3 rank=1 local_index=-1 offset=3990000 count=27500
    part[4] cum=74.9375% share=24.7188% device_global=4 rank=2 local_index=-1 offset=4017500 count=1977500
    part[5] cum=75.125% share=0.187504% device_global=5 rank=2 local_index=-1 offset=5995000 count=15000
    part[6] cum=99.8438% share=24.7188% device_global=6 rank=3 local_index=-1 offset=6010000 count=1977500
    part[7] cum=100% share=0.156248% device_global=7 rank=3 local_index=-1 offset=7987500 count=12500
    total=100%
[DCL][balance-metrics] iteration=4100
  policy=profiled
  action=skip
  reason=adaptive decision rejected; remaining_iterations=5900, gain_total=0, migration_cost=0.00259121, max_migrated_bytes=160000, T_comp_int_per_iter=0.000939617, T_comp_bal_per_iter=0.000979551
  T_compute_interval_s=0.939617
  T_comm_interval_s=4.25571
  T_balance_total_s=0.0151372
  T_rebalance_apply_s=0
  T_compute_accum_s=9.62881
  T_comm_accum_s=22.1369
  T_balance_accum_s=0.365735
  T_rebalance_apply_accum_s=0.0859532
  device_times_s:
    part[0]=0.939617
    part[1]=0.875845
    part[2]=0.938557
    part[3]=0.828851
    part[4]=0.939237
    part[5]=0.601916
    part[6]=0.937859
    part[7]=0.650031
  OLD loads:
    part[0] cum=24.75% share=24.75% device_global=0 rank=0 local_index=0 offset=0 count=1980000
    part[1] cum=25.125% share=0.375% device_global=1 rank=0 local_index=1 offset=1980000 count=30000
    part[2] cum=49.875% share=24.75% device_global=2 rank=1 local_index=-1 offset=2010000 count=1980000
    part[3] cum=50.2188% share=0.343749% device_global=3 rank=1 local_index=-1 offset=3990000 count=27500
    part[4] cum=74.9375% share=24.7188% device_global=4 rank=2 local_index=-1 offset=4017500 count=1977500
    part[5] cum=75.125% share=0.187504% device_global=5 rank=2 local_index=-1 offset=5995000 count=15000
    part[6] cum=99.8438% share=24.7188% device_global=6 rank=3 local_index=-1 offset=6010000 count=1977500
    part[7] cum=100% share=0.156248% device_global=7 rank=3 local_index=-1 offset=7987500 count=12500
    total=100%
  PROPOSED loads:
    part[0] cum=24.6562% share=24.6562% device_global=0 rank=0 local_index=0 offset=0 count=1980000
    part[1] cum=25.0625% share=0.406252% device_global=1 rank=0 local_index=1 offset=1980000 count=30000
    part[2] cum=49.75% share=24.6875% device_global=2 rank=1 local_index=-1 offset=2010000 count=1980000
    part[3] cum=50.1562% share=0.406247% device_global=3 rank=1 local_index=-1 offset=3990000 count=27500
    part[4] cum=74.8125% share=24.6563% device_global=4 rank=2 local_index=-1 offset=4017500 count=1977500
    part[5] cum=75.0938% share=0.28125% device_global=5 rank=2 local_index=-1 offset=5995000 count=15000
    part[6] cum=99.7812% share=24.6875% device_global=6 rank=3 local_index=-1 offset=6010000 count=1977500
    part[7] cum=100% share=0.218749% device_global=7 rank=3 local_index=-1 offset=7987500 count=12500
    total=100%
  CURRENT loads:
    part[0] cum=24.75% share=24.75% device_global=0 rank=0 local_index=0 offset=0 count=1980000
    part[1] cum=25.125% share=0.375% device_global=1 rank=0 local_index=1 offset=1980000 count=30000
    part[2] cum=49.875% share=24.75% device_global=2 rank=1 local_index=-1 offset=2010000 count=1980000
    part[3] cum=50.2188% share=0.343749% device_global=3 rank=1 local_index=-1 offset=3990000 count=27500
    part[4] cum=74.9375% share=24.7188% device_global=4 rank=2 local_index=-1 offset=4017500 count=1977500
    part[5] cum=75.125% share=0.187504% device_global=5 rank=2 local_index=-1 offset=5995000 count=15000
    part[6] cum=99.8438% share=24.7188% device_global=6 rank=3 local_index=-1 offset=6010000 count=1977500
    part[7] cum=100% share=0.156248% device_global=7 rank=3 local_index=-1 offset=7987500 count=12500
    total=100%
[DCL][balance-metrics] iteration=5100
  policy=profiled
  action=skip
  reason=adaptive decision rejected; remaining_iterations=4900, gain_total=0, migration_cost=0.00259121, max_migrated_bytes=160000, T_comp_int_per_iter=0.000939619, T_comp_bal_per_iter=0.000971941
  T_compute_interval_s=0.939619
  T_comm_interval_s=4.2821
  T_balance_total_s=0.0159806
  T_rebalance_apply_s=0
  T_compute_accum_s=10.5684
  T_comm_accum_s=26.419
  T_balance_accum_s=0.381716
  T_rebalance_apply_accum_s=0.0859532
  device_times_s:
    part[0]=0.939619
    part[1]=0.879689
    part[2]=0.938304
    part[3]=0.822411
    part[4]=0.938784
    part[5]=0.579166
    part[6]=0.939137
    part[7]=0.593188
  OLD loads:
    part[0] cum=24.75% share=24.75% device_global=0 rank=0 local_index=0 offset=0 count=1980000
    part[1] cum=25.125% share=0.375% device_global=1 rank=0 local_index=1 offset=1980000 count=30000
    part[2] cum=49.875% share=24.75% device_global=2 rank=1 local_index=-1 offset=2010000 count=1980000
    part[3] cum=50.2188% share=0.343749% device_global=3 rank=1 local_index=-1 offset=3990000 count=27500
    part[4] cum=74.9375% share=24.7188% device_global=4 rank=2 local_index=-1 offset=4017500 count=1977500
    part[5] cum=75.125% share=0.187504% device_global=5 rank=2 local_index=-1 offset=5995000 count=15000
    part[6] cum=99.8438% share=24.7188% device_global=6 rank=3 local_index=-1 offset=6010000 count=1977500
    part[7] cum=100% share=0.156248% device_global=7 rank=3 local_index=-1 offset=7987500 count=12500
    total=100%
  PROPOSED loads:
    part[0] cum=24.6562% share=24.6562% device_global=0 rank=0 local_index=0 offset=0 count=1980000
    part[1] cum=25.0625% share=0.406252% device_global=1 rank=0 local_index=1 offset=1980000 count=30000
    part[2] cum=49.75% share=24.6875% device_global=2 rank=1 local_index=-1 offset=2010000 count=1980000
    part[3] cum=50.1562% share=0.406247% device_global=3 rank=1 local_index=-1 offset=3990000 count=27500
    part[4] cum=74.8125% share=24.6563% device_global=4 rank=2 local_index=-1 offset=4017500 count=1977500
    part[5] cum=75.0938% share=0.28125% device_global=5 rank=2 local_index=-1 offset=5995000 count=15000
    part[6] cum=99.75% share=24.6562% device_global=6 rank=3 local_index=-1 offset=6010000 count=1977500
    part[7] cum=100% share=0.25% device_global=7 rank=3 local_index=-1 offset=7987500 count=12500
    total=100%
  CURRENT loads:
    part[0] cum=24.75% share=24.75% device_global=0 rank=0 local_index=0 offset=0 count=1980000
    part[1] cum=25.125% share=0.375% device_global=1 rank=0 local_index=1 offset=1980000 count=30000
    part[2] cum=49.875% share=24.75% device_global=2 rank=1 local_index=-1 offset=2010000 count=1980000
    part[3] cum=50.2188% share=0.343749% device_global=3 rank=1 local_index=-1 offset=3990000 count=27500
    part[4] cum=74.9375% share=24.7188% device_global=4 rank=2 local_index=-1 offset=4017500 count=1977500
    part[5] cum=75.125% share=0.187504% device_global=5 rank=2 local_index=-1 offset=5995000 count=15000
    part[6] cum=99.8438% share=24.7188% device_global=6 rank=3 local_index=-1 offset=6010000 count=1977500
    part[7] cum=100% share=0.156248% device_global=7 rank=3 local_index=-1 offset=7987500 count=12500
    total=100%
[DCL][balance-metrics] iteration=6100
  policy=profiled
  action=skip
  reason=adaptive decision rejected; remaining_iterations=3900, gain_total=0, migration_cost=0.00359892, max_migrated_bytes=240000, T_comp_int_per_iter=0.000939573, T_comp_bal_per_iter=0.000989578
  T_compute_interval_s=0.939573
  T_comm_interval_s=4.28803
  T_balance_total_s=0.0161611
  T_rebalance_apply_s=0
  T_compute_accum_s=11.508
  T_comm_accum_s=30.707
  T_balance_accum_s=0.397877
  T_rebalance_apply_accum_s=0.0859532
  device_times_s:
    part[0]=0.939573
    part[1]=0.89115
    part[2]=0.938372
    part[3]=0.82389
    part[4]=0.939071
    part[5]=0.565179
    part[6]=0.937659
    part[7]=0.549766
  OLD loads:
    part[0] cum=24.75% share=24.75% device_global=0 rank=0 local_index=0 offset=0 count=1980000
    part[1] cum=25.125% share=0.375% device_global=1 rank=0 local_index=1 offset=1980000 count=30000
    part[2] cum=49.875% share=24.75% device_global=2 rank=1 local_index=-1 offset=2010000 count=1980000
    part[3] cum=50.2188% share=0.343749% device_global=3 rank=1 local_index=-1 offset=3990000 count=27500
    part[4] cum=74.9375% share=24.7188% device_global=4 rank=2 local_index=-1 offset=4017500 count=1977500
    part[5] cum=75.125% share=0.187504% device_global=5 rank=2 local_index=-1 offset=5995000 count=15000
    part[6] cum=99.8438% share=24.7188% device_global=6 rank=3 local_index=-1 offset=6010000 count=1977500
    part[7] cum=100% share=0.156248% device_global=7 rank=3 local_index=-1 offset=7987500 count=12500
    total=100%
  PROPOSED loads:
    part[0] cum=24.6562% share=24.6562% device_global=0 rank=0 local_index=0 offset=0 count=1980000
    part[1] cum=25.0312% share=0.375001% device_global=1 rank=0 local_index=1 offset=1980000 count=30000
    part[2] cum=49.7188% share=24.6875% device_global=2 rank=1 local_index=-1 offset=2010000 count=1980000
    part[3] cum=50.125% share=0.406253% device_global=3 rank=1 local_index=-1 offset=3990000 count=27500
    part[4] cum=74.75% share=24.625% device_global=4 rank=2 local_index=-1 offset=4017500 count=1977500
    part[5] cum=75.0625% share=0.312501% device_global=5 rank=2 local_index=-1 offset=5995000 count=15000
    part[6] cum=99.7188% share=24.6562% device_global=6 rank=3 local_index=-1 offset=6010000 count=1977500
    part[7] cum=100% share=0.28125% device_global=7 rank=3 local_index=-1 offset=7987500 count=12500
    total=100%
  CURRENT loads:
    part[0] cum=24.75% share=24.75% device_global=0 rank=0 local_index=0 offset=0 count=1980000
    part[1] cum=25.125% share=0.375% device_global=1 rank=0 local_index=1 offset=1980000 count=30000
    part[2] cum=49.875% share=24.75% device_global=2 rank=1 local_index=-1 offset=2010000 count=1980000
    part[3] cum=50.2188% share=0.343749% device_global=3 rank=1 local_index=-1 offset=3990000 count=27500
    part[4] cum=74.9375% share=24.7188% device_global=4 rank=2 local_index=-1 offset=4017500 count=1977500
    part[5] cum=75.125% share=0.187504% device_global=5 rank=2 local_index=-1 offset=5995000 count=15000
    part[6] cum=99.8438% share=24.7188% device_global=6 rank=3 local_index=-1 offset=6010000 count=1977500
    part[7] cum=100% share=0.156248% device_global=7 rank=3 local_index=-1 offset=7987500 count=12500
    total=100%
[DCL][balance-metrics] iteration=7100
  policy=profiled
  action=skip
  reason=adaptive decision rejected; remaining_iterations=2900, gain_total=0, migration_cost=0.00359892, max_migrated_bytes=240000, T_comp_int_per_iter=0.000939231, T_comp_bal_per_iter=0.000957607
  T_compute_interval_s=0.939231
  T_comm_interval_s=4.2968
  T_balance_total_s=0.0165066
  T_rebalance_apply_s=0
  T_compute_accum_s=12.4472
  T_comm_accum_s=35.0038
  T_balance_accum_s=0.414384
  T_rebalance_apply_accum_s=0.0859532
  device_times_s:
    part[0]=0.939231
    part[1]=0.879702
    part[2]=0.938282
    part[3]=0.810283
    part[4]=0.938686
    part[5]=0.552306
    part[6]=0.937823
    part[7]=0.5306
  OLD loads:
    part[0] cum=24.75% share=24.75% device_global=0 rank=0 local_index=0 offset=0 count=1980000
    part[1] cum=25.125% share=0.375% device_global=1 rank=0 local_index=1 offset=1980000 count=30000
    part[2] cum=49.875% share=24.75% device_global=2 rank=1 local_index=-1 offset=2010000 count=1980000
    part[3] cum=50.2188% share=0.343749% device_global=3 rank=1 local_index=-1 offset=3990000 count=27500
    part[4] cum=74.9375% share=24.7188% device_global=4 rank=2 local_index=-1 offset=4017500 count=1977500
    part[5] cum=75.125% share=0.187504% device_global=5 rank=2 local_index=-1 offset=5995000 count=15000
    part[6] cum=99.8438% share=24.7188% device_global=6 rank=3 local_index=-1 offset=6010000 count=1977500
    part[7] cum=100% share=0.156248% device_global=7 rank=3 local_index=-1 offset=7987500 count=12500
    total=100%
  PROPOSED loads:
    part[0] cum=24.6562% share=24.6562% device_global=0 rank=0 local_index=0 offset=0 count=1980000
    part[1] cum=25.0625% share=0.406252% device_global=1 rank=0 local_index=1 offset=1980000 count=30000
    part[2] cum=49.7188% share=24.6562% device_global=2 rank=1 local_index=-1 offset=2010000 count=1980000
    part[3] cum=50.125% share=0.406253% device_global=3 rank=1 local_index=-1 offset=3990000 count=27500
    part[4] cum=74.75% share=24.625% device_global=4 rank=2 local_index=-1 offset=4017500 count=1977500
    part[5] cum=75.0625% share=0.312501% device_global=5 rank=2 local_index=-1 offset=5995000 count=15000
    part[6] cum=99.7188% share=24.6562% device_global=6 rank=3 local_index=-1 offset=6010000 count=1977500
    part[7] cum=100% share=0.28125% device_global=7 rank=3 local_index=-1 offset=7987500 count=12500
    total=100%
  CURRENT loads:
    part[0] cum=24.75% share=24.75% device_global=0 rank=0 local_index=0 offset=0 count=1980000
    part[1] cum=25.125% share=0.375% device_global=1 rank=0 local_index=1 offset=1980000 count=30000
    part[2] cum=49.875% share=24.75% device_global=2 rank=1 local_index=-1 offset=2010000 count=1980000
    part[3] cum=50.2188% share=0.343749% device_global=3 rank=1 local_index=-1 offset=3990000 count=27500
    part[4] cum=74.9375% share=24.7188% device_global=4 rank=2 local_index=-1 offset=4017500 count=1977500
    part[5] cum=75.125% share=0.187504% device_global=5 rank=2 local_index=-1 offset=5995000 count=15000
    part[6] cum=99.8438% share=24.7188% device_global=6 rank=3 local_index=-1 offset=6010000 count=1977500
    part[7] cum=100% share=0.156248% device_global=7 rank=3 local_index=-1 offset=7987500 count=12500
    total=100%
[DCL][balance-metrics] iteration=8100
  policy=profiled
  action=skip
  reason=adaptive decision rejected; remaining_iterations=1900, gain_total=0, migration_cost=0.00359892, max_migrated_bytes=240000, T_comp_int_per_iter=0.000939573, T_comp_bal_per_iter=0.000998948
  T_compute_interval_s=0.939573
  T_comm_interval_s=4.30477
  T_balance_total_s=0.0176447
  T_rebalance_apply_s=0
  T_compute_accum_s=13.3868
  T_comm_accum_s=39.3086
  T_balance_accum_s=0.432028
  T_rebalance_apply_accum_s=0.0859532
  device_times_s:
    part[0]=0.939573
    part[1]=0.877036
    part[2]=0.938272
    part[3]=0.816563
    part[4]=0.939358
    part[5]=0.544881
    part[6]=0.937809
    part[7]=0.508382
  OLD loads:
    part[0] cum=24.75% share=24.75% device_global=0 rank=0 local_index=0 offset=0 count=1980000
    part[1] cum=25.125% share=0.375% device_global=1 rank=0 local_index=1 offset=1980000 count=30000
    part[2] cum=49.875% share=24.75% device_global=2 rank=1 local_index=-1 offset=2010000 count=1980000
    part[3] cum=50.2188% share=0.343749% device_global=3 rank=1 local_index=-1 offset=3990000 count=27500
    part[4] cum=74.9375% share=24.7188% device_global=4 rank=2 local_index=-1 offset=4017500 count=1977500
    part[5] cum=75.125% share=0.187504% device_global=5 rank=2 local_index=-1 offset=5995000 count=15000
    part[6] cum=99.8438% share=24.7188% device_global=6 rank=3 local_index=-1 offset=6010000 count=1977500
    part[7] cum=100% share=0.156248% device_global=7 rank=3 local_index=-1 offset=7987500 count=12500
    total=100%
  PROPOSED loads:
    part[0] cum=24.6562% share=24.6562% device_global=0 rank=0 local_index=0 offset=0 count=1980000
    part[1] cum=25.0312% share=0.375001% device_global=1 rank=0 local_index=1 offset=1980000 count=30000
    part[2] cum=49.7188% share=24.6875% device_global=2 rank=1 local_index=-1 offset=2010000 count=1980000
    part[3] cum=50.125% share=0.406253% device_global=3 rank=1 local_index=-1 offset=3990000 count=27500
    part[4] cum=74.7188% share=24.5937% device_global=4 rank=2 local_index=-1 offset=4017500 count=1977500
    part[5] cum=75.0625% share=0.343752% device_global=5 rank=2 local_index=-1 offset=5995000 count=15000
    part[6] cum=99.7188% share=24.6562% device_global=6 rank=3 local_index=-1 offset=6010000 count=1977500
    part[7] cum=100% share=0.28125% device_global=7 rank=3 local_index=-1 offset=7987500 count=12500
    total=100%
  CURRENT loads:
    part[0] cum=24.75% share=24.75% device_global=0 rank=0 local_index=0 offset=0 count=1980000
    part[1] cum=25.125% share=0.375% device_global=1 rank=0 local_index=1 offset=1980000 count=30000
    part[2] cum=49.875% share=24.75% device_global=2 rank=1 local_index=-1 offset=2010000 count=1980000
    part[3] cum=50.2188% share=0.343749% device_global=3 rank=1 local_index=-1 offset=3990000 count=27500
    part[4] cum=74.9375% share=24.7188% device_global=4 rank=2 local_index=-1 offset=4017500 count=1977500
    part[5] cum=75.125% share=0.187504% device_global=5 rank=2 local_index=-1 offset=5995000 count=15000
    part[6] cum=99.8438% share=24.7188% device_global=6 rank=3 local_index=-1 offset=6010000 count=1977500
    part[7] cum=100% share=0.156248% device_global=7 rank=3 local_index=-1 offset=7987500 count=12500
    total=100%
[DCL][balance-metrics] iteration=9100
  policy=profiled
  action=skip
  reason=adaptive decision rejected; remaining_iterations=900, gain_total=0.00262722, migration_cost=0.00616035, max_migrated_bytes=320000, T_comp_int_per_iter=0.000939329, T_comp_bal_per_iter=0.00093641
  T_compute_interval_s=0.939329
  T_comm_interval_s=4.26658
  T_balance_total_s=0.0149185
  T_rebalance_apply_s=0
  T_compute_accum_s=14.3261
  T_comm_accum_s=43.5752
  T_balance_accum_s=0.446947
  T_rebalance_apply_accum_s=0.0859532
  device_times_s:
    part[0]=0.939329
    part[1]=0.882816
    part[2]=0.93844
    part[3]=0.814485
    part[4]=0.938784
    part[5]=0.53832
    part[6]=0.938012
    part[7]=0.503519
  OLD loads:
    part[0] cum=24.75% share=24.75% device_global=0 rank=0 local_index=0 offset=0 count=1980000
    part[1] cum=25.125% share=0.375% device_global=1 rank=0 local_index=1 offset=1980000 count=30000
    part[2] cum=49.875% share=24.75% device_global=2 rank=1 local_index=-1 offset=2010000 count=1980000
    part[3] cum=50.2188% share=0.343749% device_global=3 rank=1 local_index=-1 offset=3990000 count=27500
    part[4] cum=74.9375% share=24.7188% device_global=4 rank=2 local_index=-1 offset=4017500 count=1977500
    part[5] cum=75.125% share=0.187504% device_global=5 rank=2 local_index=-1 offset=5995000 count=15000
    part[6] cum=99.8438% share=24.7188% device_global=6 rank=3 local_index=-1 offset=6010000 count=1977500
    part[7] cum=100% share=0.156248% device_global=7 rank=3 local_index=-1 offset=7987500 count=12500
    total=100%
  PROPOSED loads:
    part[0] cum=24.6562% share=24.6562% device_global=0 rank=0 local_index=0 offset=0 count=1980000
    part[1] cum=25.0312% share=0.375001% device_global=1 rank=0 local_index=1 offset=1980000 count=30000
    part[2] cum=49.7188% share=24.6875% device_global=2 rank=1 local_index=-1 offset=2010000 count=1980000
    part[3] cum=50.0938% share=0.375003% device_global=3 rank=1 local_index=-1 offset=3990000 count=27500
    part[4] cum=74.75% share=24.6562% device_global=4 rank=2 local_index=-1 offset=4017500 count=1977500
    part[5] cum=75.0625% share=0.312501% device_global=5 rank=2 local_index=-1 offset=5995000 count=15000
    part[6] cum=99.7188% share=24.6562% device_global=6 rank=3 local_index=-1 offset=6010000 count=1977500
    part[7] cum=100% share=0.28125% device_global=7 rank=3 local_index=-1 offset=7987500 count=12500
    total=100%
  CURRENT loads:
    part[0] cum=24.75% share=24.75% device_global=0 rank=0 local_index=0 offset=0 count=1980000
    part[1] cum=25.125% share=0.375% device_global=1 rank=0 local_index=1 offset=1980000 count=30000
    part[2] cum=49.875% share=24.75% device_global=2 rank=1 local_index=-1 offset=2010000 count=1980000
    part[3] cum=50.2188% share=0.343749% device_global=3 rank=1 local_index=-1 offset=3990000 count=27500
    part[4] cum=74.9375% share=24.7188% device_global=4 rank=2 local_index=-1 offset=4017500 count=1977500
    part[5] cum=75.125% share=0.187504% device_global=5 rank=2 local_index=-1 offset=5995000 count=15000
    part[6] cum=99.8438% share=24.7188% device_global=6 rank=3 local_index=-1 offset=6010000 count=1977500
    part[7] cum=100% share=0.156248% device_global=7 rank=3 local_index=-1 offset=7987500 count=12500
    total=100%

=== PARTICOES FINAIS ===
=== Particoes globais ===
part[0] device_global=0 rank=0 local_index=0 offset=0 count=1980000
part[1] device_global=1 rank=0 local_index=1 offset=1980000 count=30000
part[2] device_global=2 rank=1 local_index=-1 offset=2010000 count=1980000
part[3] device_global=3 rank=1 local_index=-1 offset=3990000 count=27500
part[4] device_global=4 rank=2 local_index=-1 offset=4017500 count=1977500
part[5] device_global=5 rank=2 local_index=-1 offset=5995000 count=15000
part[6] device_global=6 rank=3 local_index=-1 offset=6010000 count=1977500
part[7] device_global=7 rank=3 local_index=-1 offset=7987500 count=12500


============================
ITERACAO 10000
Tempo de execução: 55.6983s
