=== Dispositivos locais do rank 2 ===
global=4 local=0 nome="NVIDIA RTX 2000 Ada Generation" compute_units=22
global==== Dispositivos locais do rank 1 ===
global=2 local=0 nome="NVIDIA RTX 2000 Ada Generation" compute_units=22
global=3 local=1 nome="Intel(R) Xeon(R) CPU           E5620  @ 2.40GHz" compute_units=16

=== Dispositivos locais do rank 0 ===
global=0 local=0 nome="NVIDIA RTX 2000 Ada Generation" compute_units=22
global=1 local=1 nome="Intel(R) Xeon(R) CPU           E5620  @ 2.40GHz" compute_units=16

=== Dispositivos locais do rank 3 ===
global=6 local=0 nome="NVIDIA RTX 2000 Ada Generation" compute_units=22
global=7 local=1 nome="Intel(R) Xeon(R) CPU           E5620  @ 2.40GHz" compute_units=16

5 local=1 nome="Intel(R) Xeon(R) CPU           E5620  @ 2.40GHz" compute_units=16

=== PARTICOES INICIAIS ===
=== Particoes globais ===
part[0] device_global=0 rank=0 local_index=0 offset=0 count=1000000
part[1] device_global=1 rank=0 local_index=1 offset=1000000 count=1000000
part[2] device_global=2 rank=1 local_index=-1 offset=2000000 count=1000000
part[3] device_global=3 rank=1 local_index=-1 offset=3000000 count=1000000
part[4] device_global=4 rank=2 local_index=-1 offset=4000000 count=1000000
part[5] device_global=5 rank=2 local_index=-1 offset=5000000 count=1000000
part[6] device_global=6 rank=3 local_index=-1 offset=6000000 count=1000000
part[7] device_global=7 rank=3 local_index=-1 offset=7000000 count=1000000

X = 50 Y = 50 Z = 3200 Iterations = 10000
[DCL][balance-metrics] iteration=100
  policy=profiled
  action=rebalance
  reason=adaptive decision accepted; remaining_iterations=9900, gain_total=52.4755, migration_cost=0.021835, max_migrated_bytes=1200000, T_comp_int_per_iter=0.00539969, T_comp_bal_per_iter=9.91398e-05
  T_compute_interval_s=5.39969
  T_comm_interval_s=5.28567
  T_balance_total_s=0.293842
  T_rebalance_apply_s=0.0734269
  T_compute_accum_s=5.39969
  T_comm_accum_s=5.28567
  T_balance_accum_s=0.293842
  T_rebalance_apply_accum_s=0.0734269
  device_times_s:
    part[0]=0.0485829
    part[1]=3.02945
    part[2]=0.0482792
    part[3]=3.05046
    part[4]=0.0492918
    part[5]=4.27828
    part[6]=0.0488539
    part[7]=5.39969
  OLD loads:
    part[0] cum=12.5% share=12.5% device_global=0 rank=0 local_index=0 offset=0 count=1980000
    part[1] cum=25% share=12.5% device_global=1 rank=0 local_index=1 offset=1980000 count=32500
    part[2] cum=37.5% share=12.5% device_global=2 rank=1 local_index=-1 offset=2012500 count=1992500
    part[3] cum=50% share=12.5% device_global=3 rank=1 local_index=-1 offset=4005000 count=32500
    part[4] cum=62.5% share=12.5% device_global=4 rank=2 local_index=-1 offset=4037500 count=1952500
    part[5] cum=75% share=12.5% device_global=5 rank=2 local_index=-1 offset=5990000 count=22500
    part[6] cum=87.5% share=12.5% device_global=6 rank=3 local_index=-1 offset=6012500 count=1970000
    part[7] cum=100% share=12.5% device_global=7 rank=3 local_index=-1 offset=7982500 count=17500
    total=100%
  PROPOSED loads:
    part[0] cum=24.75% share=24.75% device_global=0 rank=0 local_index=0 offset=0 count=1980000
    part[1] cum=25.1562% share=0.40625% device_global=1 rank=0 local_index=1 offset=1980000 count=32500
    part[2] cum=50.0625% share=24.9062% device_global=2 rank=1 local_index=-1 offset=2012500 count=1992500
    part[3] cum=50.4688% share=0.406247% device_global=3 rank=1 local_index=-1 offset=4005000 count=32500
    part[4] cum=74.875% share=24.4062% device_global=4 rank=2 local_index=-1 offset=4037500 count=1952500
    part[5] cum=75.1562% share=0.28125% device_global=5 rank=2 local_index=-1 offset=5990000 count=22500
    part[6] cum=99.7812% share=24.625% device_global=6 rank=3 local_index=-1 offset=6012500 count=1970000
    part[7] cum=100% share=0.218749% device_global=7 rank=3 local_index=-1 offset=7982500 count=17500
    total=100%
  CURRENT loads:
    part[0] cum=24.75% share=24.75% device_global=0 rank=0 local_index=0 offset=0 count=1980000
    part[1] cum=25.1562% share=0.40625% device_global=1 rank=0 local_index=1 offset=1980000 count=32500
    part[2] cum=50.0625% share=24.9062% device_global=2 rank=1 local_index=-1 offset=2012500 count=1992500
    part[3] cum=50.4688% share=0.406247% device_global=3 rank=1 local_index=-1 offset=4005000 count=32500
    part[4] cum=74.875% share=24.4062% device_global=4 rank=2 local_index=-1 offset=4037500 count=1952500
    part[5] cum=75.1562% share=0.28125% device_global=5 rank=2 local_index=-1 offset=5990000 count=22500
    part[6] cum=99.7812% share=24.625% device_global=6 rank=3 local_index=-1 offset=6012500 count=1970000
    part[7] cum=100% share=0.218749% device_global=7 rank=3 local_index=-1 offset=7982500 count=17500
    total=100%
[DCL][balance-metrics] iteration=1100
  policy=profiled
  action=rebalance
  reason=adaptive decision accepted; remaining_iterations=8900, gain_total=3.83608, migration_cost=0.0126036, max_migrated_bytes=640000, T_comp_int_per_iter=0.0014094, T_comp_bal_per_iter=0.000978378
  T_compute_interval_s=1.4094
  T_comm_interval_s=4.23681
  T_balance_total_s=0.0321777
  T_rebalance_apply_s=0.0138594
  T_compute_accum_s=6.80909
  T_comm_accum_s=9.52248
  T_balance_accum_s=0.32602
  T_rebalance_apply_accum_s=0.0872863
  device_times_s:
    part[0]=0.939942
    part[1]=0.992427
    part[2]=0.944404
    part[3]=1.15032
    part[4]=0.927662
    part[5]=1.4094
    part[6]=0.934058
    part[7]=1.36973
  OLD loads:
    part[0] cum=24.75% share=24.75% device_global=0 rank=0 local_index=0 offset=0 count=1977500
    part[1] cum=25.1562% share=0.40625% device_global=1 rank=0 local_index=1 offset=1977500 count=30000
    part[2] cum=50.0625% share=24.9062% device_global=2 rank=1 local_index=-1 offset=2007500 count=1982500
    part[3] cum=50.4688% share=0.406247% device_global=3 rank=1 local_index=-1 offset=3990000 count=27500
    part[4] cum=74.875% share=24.4062% device_global=4 rank=2 local_index=-1 offset=4017500 count=1975000
    part[5] cum=75.1562% share=0.28125% device_global=5 rank=2 local_index=-1 offset=5992500 count=15000
    part[6] cum=99.7812% share=24.625% device_global=6 rank=3 local_index=-1 offset=6007500 count=1980000
    part[7] cum=100% share=0.218749% device_global=7 rank=3 local_index=-1 offset=7987500 count=12500
    total=100%
  PROPOSED loads:
    part[0] cum=24.7188% share=24.7188% device_global=0 rank=0 local_index=0 offset=0 count=1977500
    part[1] cum=25.0938% share=0.375% device_global=1 rank=0 local_index=1 offset=1977500 count=30000
    part[2] cum=49.875% share=24.7812% device_global=2 rank=1 local_index=-1 offset=2007500 count=1982500
    part[3] cum=50.2188% share=0.343749% device_global=3 rank=1 local_index=-1 offset=3990000 count=27500
    part[4] cum=74.9062% share=24.6875% device_global=4 rank=2 local_index=-1 offset=4017500 count=1975000
    part[5] cum=75.0938% share=0.187504% device_global=5 rank=2 local_index=-1 offset=5992500 count=15000
    part[6] cum=99.8438% share=24.75% device_global=6 rank=3 local_index=-1 offset=6007500 count=1980000
    part[7] cum=100% share=0.156248% device_global=7 rank=3 local_index=-1 offset=7987500 count=12500
    total=100%
  CURRENT loads:
    part[0] cum=24.7188% share=24.7188% device_global=0 rank=0 local_index=0 offset=0 count=1977500
    part[1] cum=25.0938% share=0.375% device_global=1 rank=0 local_index=1 offset=1977500 count=30000
    part[2] cum=49.875% share=24.7812% device_global=2 rank=1 local_index=-1 offset=2007500 count=1982500
    part[3] cum=50.2188% share=0.343749% device_global=3 rank=1 local_index=-1 offset=3990000 count=27500
    part[4] cum=74.9062% share=24.6875% device_global=4 rank=2 local_index=-1 offset=4017500 count=1975000
    part[5] cum=75.0938% share=0.187504% device_global=5 rank=2 local_index=-1 offset=5992500 count=15000
    part[6] cum=99.8438% share=24.75% device_global=6 rank=3 local_index=-1 offset=6007500 count=1980000
    part[7] cum=100% share=0.156248% device_global=7 rank=3 local_index=-1 offset=7987500 count=12500
    total=100%
[DCL][balance-metrics] iteration=2100
  policy=profiled
  action=skip
  reason=adaptive decision rejected; remaining_iterations=7900, gain_total=0, migration_cost=0.00147987, max_migrated_bytes=80000, T_comp_int_per_iter=0.000944469, T_comp_bal_per_iter=0.000965321
  T_compute_interval_s=0.944469
  T_comm_interval_s=4.37142
  T_balance_total_s=0.0168089
  T_rebalance_apply_s=0
  T_compute_accum_s=7.75356
  T_comm_accum_s=13.8939
  T_balance_accum_s=0.342828
  T_rebalance_apply_accum_s=0.0872863
  device_times_s:
    part[0]=0.938272
    part[1]=0.891065
    part[2]=0.939385
    part[3]=0.868174
    part[4]=0.939957
    part[5]=0.765683
    part[6]=0.938343
    part[7]=0.944469
  OLD loads:
    part[0] cum=24.7188% share=24.7188% device_global=0 rank=0 local_index=0 offset=0 count=1977500
    part[1] cum=25.0938% share=0.375% device_global=1 rank=0 local_index=1 offset=1977500 count=30000
    part[2] cum=49.875% share=24.7812% device_global=2 rank=1 local_index=-1 offset=2007500 count=1982500
    part[3] cum=50.2188% share=0.343749% device_global=3 rank=1 local_index=-1 offset=3990000 count=27500
    part[4] cum=74.9062% share=24.6875% device_global=4 rank=2 local_index=-1 offset=4017500 count=1975000
    part[5] cum=75.0938% share=0.187504% device_global=5 rank=2 local_index=-1 offset=5992500 count=15000
    part[6] cum=99.8438% share=24.75% device_global=6 rank=3 local_index=-1 offset=6007500 count=1980000
    part[7] cum=100% share=0.156248% device_global=7 rank=3 local_index=-1 offset=7987500 count=12500
    total=100%
  PROPOSED loads:
    part[0] cum=24.7188% share=24.7188% device_global=0 rank=0 local_index=0 offset=0 count=1977500
    part[1] cum=25.125% share=0.40625% device_global=1 rank=0 local_index=1 offset=1977500 count=30000
    part[2] cum=49.8438% share=24.7188% device_global=2 rank=1 local_index=-1 offset=2007500 count=1982500
    part[3] cum=50.2188% share=0.375% device_global=3 rank=1 local_index=-1 offset=3990000 count=27500
    part[4] cum=74.875% share=24.6562% device_global=4 rank=2 local_index=-1 offset=4017500 count=1975000
    part[5] cum=75.0938% share=0.218755% device_global=5 rank=2 local_index=-1 offset=5992500 count=15000
    part[6] cum=99.8438% share=24.75% device_global=6 rank=3 local_index=-1 offset=6007500 count=1980000
    part[7] cum=100% share=0.156248% device_global=7 rank=3 local_index=-1 offset=7987500 count=12500
    total=100%
  CURRENT loads:
    part[0] cum=24.7188% share=24.7188% device_global=0 rank=0 local_index=0 offset=0 count=1977500
    part[1] cum=25.0938% share=0.375% device_global=1 rank=0 local_index=1 offset=1977500 count=30000
    part[2] cum=49.875% share=24.7812% device_global=2 rank=1 local_index=-1 offset=2007500 count=1982500
    part[3] cum=50.2188% share=0.343749% device_global=3 rank=1 local_index=-1 offset=3990000 count=27500
    part[4] cum=74.9062% share=24.6875% device_global=4 rank=2 local_index=-1 offset=4017500 count=1975000
    part[5] cum=75.0938% share=0.187504% device_global=5 rank=2 local_index=-1 offset=5992500 count=15000
    part[6] cum=99.8438% share=24.75% device_global=6 rank=3 local_index=-1 offset=6007500 count=1980000
    part[7] cum=100% share=0.156248% device_global=7 rank=3 local_index=-1 offset=7987500 count=12500
    total=100%
[DCL][balance-metrics] iteration=3100
  policy=profiled
  action=skip
  reason=adaptive decision rejected; remaining_iterations=6900, gain_total=0, migration_cost=0.00259121, max_migrated_bytes=160000, T_comp_int_per_iter=0.000939128, T_comp_bal_per_iter=0.000996605
  T_compute_interval_s=0.939128
  T_comm_interval_s=4.38997
  T_balance_total_s=0.0188817
  T_rebalance_apply_s=0
  T_compute_accum_s=8.69269
  T_comm_accum_s=18.2839
  T_balance_accum_s=0.36171
  T_rebalance_apply_accum_s=0.0872863
  device_times_s:
    part[0]=0.938039
    part[1]=0.878272
    part[2]=0.939128
    part[3]=0.843281
    part[4]=0.937569
    part[5]=0.643319
    part[6]=0.938354
    part[7]=0.78944
  OLD loads:
    part[0] cum=24.7188% share=24.7188% device_global=0 rank=0 local_index=0 offset=0 count=1977500
    part[1] cum=25.0938% share=0.375% device_global=1 rank=0 local_index=1 offset=1977500 count=30000
    part[2] cum=49.875% share=24.7812% device_global=2 rank=1 local_index=-1 offset=2007500 count=1982500
    part[3] cum=50.2188% share=0.343749% device_global=3 rank=1 local_index=-1 offset=3990000 count=27500
    part[4] cum=74.9062% share=24.6875% device_global=4 rank=2 local_index=-1 offset=4017500 count=1975000
    part[5] cum=75.0938% share=0.187504% device_global=5 rank=2 local_index=-1 offset=5992500 count=15000
    part[6] cum=99.8438% share=24.75% device_global=6 rank=3 local_index=-1 offset=6007500 count=1980000
    part[7] cum=100% share=0.156248% device_global=7 rank=3 local_index=-1 offset=7987500 count=12500
    total=100%
  PROPOSED loads:
    part[0] cum=24.6875% share=24.6875% device_global=0 rank=0 local_index=0 offset=0 count=1977500
    part[1] cum=25.0938% share=0.406249% device_global=1 rank=0 local_index=1 offset=1977500 count=30000
    part[2] cum=49.7812% share=24.6875% device_global=2 rank=1 local_index=-1 offset=2007500 count=1982500
    part[3] cum=50.1875% share=0.406247% device_global=3 rank=1 local_index=-1 offset=3990000 count=27500
    part[4] cum=74.8438% share=24.6563% device_global=4 rank=2 local_index=-1 offset=4017500 count=1975000
    part[5] cum=75.125% share=0.28125% device_global=5 rank=2 local_index=-1 offset=5992500 count=15000
    part[6] cum=99.8125% share=24.6875% device_global=6 rank=3 local_index=-1 offset=6007500 count=1980000
    part[7] cum=100% share=0.187498% device_global=7 rank=3 local_index=-1 offset=7987500 count=12500
    total=100%
  CURRENT loads:
    part[0] cum=24.7188% share=24.7188% device_global=0 rank=0 local_index=0 offset=0 count=1977500
    part[1] cum=25.0938% share=0.375% device_global=1 rank=0 local_index=1 offset=1977500 count=30000
    part[2] cum=49.875% share=24.7812% device_global=2 rank=1 local_index=-1 offset=2007500 count=1982500
    part[3] cum=50.2188% share=0.343749% device_global=3 rank=1 local_index=-1 offset=3990000 count=27500
    part[4] cum=74.9062% share=24.6875% device_global=4 rank=2 local_index=-1 offset=4017500 count=1975000
    part[5] cum=75.0938% share=0.187504% device_global=5 rank=2 local_index=-1 offset=5992500 count=15000
    part[6] cum=99.8438% share=24.75% device_global=6 rank=3 local_index=-1 offset=6007500 count=1980000
    part[7] cum=100% share=0.156248% device_global=7 rank=3 local_index=-1 offset=7987500 count=12500
    total=100%
[DCL][balance-metrics] iteration=4100
  policy=profiled
  action=skip
  reason=adaptive decision rejected; remaining_iterations=5900, gain_total=0, migration_cost=0.00259121, max_migrated_bytes=160000, T_comp_int_per_iter=0.000938892, T_comp_bal_per_iter=0.000948481
  T_compute_interval_s=0.938892
  T_comm_interval_s=4.50213
  T_balance_total_s=0.0189848
  T_rebalance_apply_s=0
  T_compute_accum_s=9.63158
  T_comm_accum_s=22.786
  T_balance_accum_s=0.380695
  T_rebalance_apply_accum_s=0.0872863
  device_times_s:
    part[0]=0.938005
    part[1]=0.875521
    part[2]=0.938892
    part[3]=0.832331
    part[4]=0.938183
    part[5]=0.605789
    part[6]=0.938646
    part[7]=0.645374
  OLD loads:
    part[0] cum=24.7188% share=24.7188% device_global=0 rank=0 local_index=0 offset=0 count=1977500
    part[1] cum=25.0938% share=0.375% device_global=1 rank=0 local_index=1 offset=1977500 count=30000
    part[2] cum=49.875% share=24.7812% device_global=2 rank=1 local_index=-1 offset=2007500 count=1982500
    part[3] cum=50.2188% share=0.343749% device_global=3 rank=1 local_index=-1 offset=3990000 count=27500
    part[4] cum=74.9062% share=24.6875% device_global=4 rank=2 local_index=-1 offset=4017500 count=1975000
    part[5] cum=75.0938% share=0.187504% device_global=5 rank=2 local_index=-1 offset=5992500 count=15000
    part[6] cum=99.8438% share=24.75% device_global=6 rank=3 local_index=-1 offset=6007500 count=1980000
    part[7] cum=100% share=0.156248% device_global=7 rank=3 local_index=-1 offset=7987500 count=12500
    total=100%
  PROPOSED loads:
    part[0] cum=24.6562% share=24.6562% device_global=0 rank=0 local_index=0 offset=0 count=1977500
    part[1] cum=25.0625% share=0.406252% device_global=1 rank=0 local_index=1 offset=1977500 count=30000
    part[2] cum=49.7812% share=24.7188% device_global=2 rank=1 local_index=-1 offset=2007500 count=1982500
    part[3] cum=50.1562% share=0.374997% device_global=3 rank=1 local_index=-1 offset=3990000 count=27500
    part[4] cum=74.8125% share=24.6563% device_global=4 rank=2 local_index=-1 offset=4017500 count=1975000
    part[5] cum=75.0938% share=0.28125% device_global=5 rank=2 local_index=-1 offset=5992500 count=15000
    part[6] cum=99.7812% share=24.6875% device_global=6 rank=3 local_index=-1 offset=6007500 count=1980000
    part[7] cum=100% share=0.218749% device_global=7 rank=3 local_index=-1 offset=7987500 count=12500
    total=100%
  CURRENT loads:
    part[0] cum=24.7188% share=24.7188% device_global=0 rank=0 local_index=0 offset=0 count=1977500
    part[1] cum=25.0938% share=0.375% device_global=1 rank=0 local_index=1 offset=1977500 count=30000
    part[2] cum=49.875% share=24.7812% device_global=2 rank=1 local_index=-1 offset=2007500 count=1982500
    part[3] cum=50.2188% share=0.343749% device_global=3 rank=1 local_index=-1 offset=3990000 count=27500
    part[4] cum=74.9062% share=24.6875% device_global=4 rank=2 local_index=-1 offset=4017500 count=1975000
    part[5] cum=75.0938% share=0.187504% device_global=5 rank=2 local_index=-1 offset=5992500 count=15000
    part[6] cum=99.8438% share=24.75% device_global=6 rank=3 local_index=-1 offset=6007500 count=1980000
    part[7] cum=100% share=0.156248% device_global=7 rank=3 local_index=-1 offset=7987500 count=12500
    total=100%
[DCL][balance-metrics] iteration=5100
  policy=profiled
  action=skip
  reason=adaptive decision rejected; remaining_iterations=4900, gain_total=0, migration_cost=0.00359892, max_migrated_bytes=240000, T_comp_int_per_iter=0.000939253, T_comp_bal_per_iter=0.000960175
  T_compute_interval_s=0.939253
  T_comm_interval_s=4.42236
  T_balance_total_s=0.0167505
  T_rebalance_apply_s=0
  T_compute_accum_s=10.5708
  T_comm_accum_s=27.2084
  T_balance_accum_s=0.397446
  T_rebalance_apply_accum_s=0.0872863
  device_times_s:
    part[0]=0.938434
    part[1]=0.886315
    part[2]=0.939253
    part[3]=0.82258
    part[4]=0.937801
    part[5]=0.57818
    part[6]=0.938629
    part[7]=0.581244
  OLD loads:
    part[0] cum=24.7188% share=24.7188% device_global=0 rank=0 local_index=0 offset=0 count=1977500
    part[1] cum=25.0938% share=0.375% device_global=1 rank=0 local_index=1 offset=1977500 count=30000
    part[2] cum=49.875% share=24.7812% device_global=2 rank=1 local_index=-1 offset=2007500 count=1982500
    part[3] cum=50.2188% share=0.343749% device_global=3 rank=1 local_index=-1 offset=3990000 count=27500
    part[4] cum=74.9062% share=24.6875% device_global=4 rank=2 local_index=-1 offset=4017500 count=1975000
    part[5] cum=75.0938% share=0.187504% device_global=5 rank=2 local_index=-1 offset=5992500 count=15000
    part[6] cum=99.8438% share=24.75% device_global=6 rank=3 local_index=-1 offset=6007500 count=1980000
    part[7] cum=100% share=0.156248% device_global=7 rank=3 local_index=-1 offset=7987500 count=12500
    total=100%
  PROPOSED loads:
    part[0] cum=24.6562% share=24.6562% device_global=0 rank=0 local_index=0 offset=0 count=1977500
    part[1] cum=25.0625% share=0.406252% device_global=1 rank=0 local_index=1 offset=1977500 count=30000
    part[2] cum=49.75% share=24.6875% device_global=2 rank=1 local_index=-1 offset=2007500 count=1982500
    part[3] cum=50.125% share=0.375003% device_global=3 rank=1 local_index=-1 offset=3990000 count=27500
    part[4] cum=74.7812% share=24.6562% device_global=4 rank=2 local_index=-1 offset=4017500 count=1975000
    part[5] cum=75.0625% share=0.28125% device_global=5 rank=2 local_index=-1 offset=5992500 count=15000
    part[6] cum=99.75% share=24.6875% device_global=6 rank=3 local_index=-1 offset=6007500 count=1980000
    part[7] cum=100% share=0.25% device_global=7 rank=3 local_index=-1 offset=7987500 count=12500
    total=100%
  CURRENT loads:
    part[0] cum=24.7188% share=24.7188% device_global=0 rank=0 local_index=0 offset=0 count=1977500
    part[1] cum=25.0938% share=0.375% device_global=1 rank=0 local_index=1 offset=1977500 count=30000
    part[2] cum=49.875% share=24.7812% device_global=2 rank=1 local_index=-1 offset=2007500 count=1982500
    part[3] cum=50.2188% share=0.343749% device_global=3 rank=1 local_index=-1 offset=3990000 count=27500
    part[4] cum=74.9062% share=24.6875% device_global=4 rank=2 local_index=-1 offset=4017500 count=1975000
    part[5] cum=75.0938% share=0.187504% device_global=5 rank=2 local_index=-1 offset=5992500 count=15000
    part[6] cum=99.8438% share=24.75% device_global=6 rank=3 local_index=-1 offset=6007500 count=1980000
    part[7] cum=100% share=0.156248% device_global=7 rank=3 local_index=-1 offset=7987500 count=12500
    total=100%
[DCL][balance-metrics] iteration=6100
  policy=profiled
  action=skip
  reason=adaptive decision rejected; remaining_iterations=3900, gain_total=0, migration_cost=0.00359892, max_migrated_bytes=240000, T_comp_int_per_iter=0.000939484, T_comp_bal_per_iter=0.000978219
  T_compute_interval_s=0.939484
  T_comm_interval_s=4.46167
  T_balance_total_s=0.0159298
  T_rebalance_apply_s=0
  T_compute_accum_s=11.5103
  T_comm_accum_s=31.67
  T_balance_accum_s=0.413375
  T_rebalance_apply_accum_s=0.0872863
  device_times_s:
    part[0]=0.93764
    part[1]=0.881447
    part[2]=0.939484
    part[3]=0.827724
    part[4]=0.93804
    part[5]=0.562918
    part[6]=0.938167
    part[7]=0.538192
  OLD loads:
    part[0] cum=24.7188% share=24.7188% device_global=0 rank=0 local_index=0 offset=0 count=1977500
    part[1] cum=25.0938% share=0.375% device_global=1 rank=0 local_index=1 offset=1977500 count=30000
    part[2] cum=49.875% share=24.7812% device_global=2 rank=1 local_index=-1 offset=2007500 count=1982500
    part[3] cum=50.2188% share=0.343749% device_global=3 rank=1 local_index=-1 offset=3990000 count=27500
    part[4] cum=74.9062% share=24.6875% device_global=4 rank=2 local_index=-1 offset=4017500 count=1975000
    part[5] cum=75.0938% share=0.187504% device_global=5 rank=2 local_index=-1 offset=5992500 count=15000
    part[6] cum=99.8438% share=24.75% device_global=6 rank=3 local_index=-1 offset=6007500 count=1980000
    part[7] cum=100% share=0.156248% device_global=7 rank=3 local_index=-1 offset=7987500 count=12500
    total=100%
  PROPOSED loads:
    part[0] cum=24.6562% share=24.6562% device_global=0 rank=0 local_index=0 offset=0 count=1977500
    part[1] cum=25.0625% share=0.406252% device_global=1 rank=0 local_index=1 offset=1977500 count=30000
    part[2] cum=49.7188% share=24.6562% device_global=2 rank=1 local_index=-1 offset=2007500 count=1982500
    part[3] cum=50.125% share=0.406253% device_global=3 rank=1 local_index=-1 offset=3990000 count=27500
    part[4] cum=74.75% share=24.625% device_global=4 rank=2 local_index=-1 offset=4017500 count=1975000
    part[5] cum=75.0625% share=0.312501% device_global=5 rank=2 local_index=-1 offset=5992500 count=15000
    part[6] cum=99.7188% share=24.6562% device_global=6 rank=3 local_index=-1 offset=6007500 count=1980000
    part[7] cum=100% share=0.28125% device_global=7 rank=3 local_index=-1 offset=7987500 count=12500
    total=100%
  CURRENT loads:
    part[0] cum=24.7188% share=24.7188% device_global=0 rank=0 local_index=0 offset=0 count=1977500
    part[1] cum=25.0938% share=0.375% device_global=1 rank=0 local_index=1 offset=1977500 count=30000
    part[2] cum=49.875% share=24.7812% device_global=2 rank=1 local_index=-1 offset=2007500 count=1982500
    part[3] cum=50.2188% share=0.343749% device_global=3 rank=1 local_index=-1 offset=3990000 count=27500
    part[4] cum=74.9062% share=24.6875% device_global=4 rank=2 local_index=-1 offset=4017500 count=1975000
    part[5] cum=75.0938% share=0.187504% device_global=5 rank=2 local_index=-1 offset=5992500 count=15000
    part[6] cum=99.8438% share=24.75% device_global=6 rank=3 local_index=-1 offset=6007500 count=1980000
    part[7] cum=100% share=0.156248% device_global=7 rank=3 local_index=-1 offset=7987500 count=12500
    total=100%
[DCL][balance-metrics] iteration=7100
  policy=profiled
  action=skip
  reason=adaptive decision rejected; remaining_iterations=2900, gain_total=0, migration_cost=0.00359892, max_migrated_bytes=240000, T_comp_int_per_iter=0.00093926, T_comp_bal_per_iter=0.000969023
  T_compute_interval_s=0.93926
  T_comm_interval_s=4.42561
  T_balance_total_s=0.0157668
  T_rebalance_apply_s=0
  T_compute_accum_s=12.4496
  T_comm_accum_s=36.0956
  T_balance_accum_s=0.429142
  T_rebalance_apply_accum_s=0.0872863
  device_times_s:
    part[0]=0.937142
    part[1]=0.884118
    part[2]=0.93926
    part[3]=0.819942
    part[4]=0.937339
    part[5]=0.549499
    part[6]=0.938751
    part[7]=0.525996
  OLD loads:
    part[0] cum=24.7188% share=24.7188% device_global=0 rank=0 local_index=0 offset=0 count=1977500
    part[1] cum=25.0938% share=0.375% device_global=1 rank=0 local_index=1 offset=1977500 count=30000
    part[2] cum=49.875% share=24.7812% device_global=2 rank=1 local_index=-1 offset=2007500 count=1982500
    part[3] cum=50.2188% share=0.343749% device_global=3 rank=1 local_index=-1 offset=3990000 count=27500
    part[4] cum=74.9062% share=24.6875% device_global=4 rank=2 local_index=-1 offset=4017500 count=1975000
    part[5] cum=75.0938% share=0.187504% device_global=5 rank=2 local_index=-1 offset=5992500 count=15000
    part[6] cum=99.8438% share=24.75% device_global=6 rank=3 local_index=-1 offset=6007500 count=1980000
    part[7] cum=100% share=0.156248% device_global=7 rank=3 local_index=-1 offset=7987500 count=12500
    total=100%
  PROPOSED loads:
    part[0] cum=24.6562% share=24.6562% device_global=0 rank=0 local_index=0 offset=0 count=1977500
    part[1] cum=25.0625% share=0.406252% device_global=1 rank=0 local_index=1 offset=1977500 count=30000
    part[2] cum=49.7188% share=24.6562% device_global=2 rank=1 local_index=-1 offset=2007500 count=1982500
    part[3] cum=50.125% share=0.406253% device_global=3 rank=1 local_index=-1 offset=3990000 count=27500
    part[4] cum=74.75% share=24.625% device_global=4 rank=2 local_index=-1 offset=4017500 count=1975000
    part[5] cum=75.0625% share=0.312501% device_global=5 rank=2 local_index=-1 offset=5992500 count=15000
    part[6] cum=99.7188% share=24.6562% device_global=6 rank=3 local_index=-1 offset=6007500 count=1980000
    part[7] cum=100% share=0.28125% device_global=7 rank=3 local_index=-1 offset=7987500 count=12500
    total=100%
  CURRENT loads:
    part[0] cum=24.7188% share=24.7188% device_global=0 rank=0 local_index=0 offset=0 count=1977500
    part[1] cum=25.0938% share=0.375% device_global=1 rank=0 local_index=1 offset=1977500 count=30000
    part[2] cum=49.875% share=24.7812% device_global=2 rank=1 local_index=-1 offset=2007500 count=1982500
    part[3] cum=50.2188% share=0.343749% device_global=3 rank=1 local_index=-1 offset=3990000 count=27500
    part[4] cum=74.9062% share=24.6875% device_global=4 rank=2 local_index=-1 offset=4017500 count=1975000
    part[5] cum=75.0938% share=0.187504% device_global=5 rank=2 local_index=-1 offset=5992500 count=15000
    part[6] cum=99.8438% share=24.75% device_global=6 rank=3 local_index=-1 offset=6007500 count=1980000
    part[7] cum=100% share=0.156248% device_global=7 rank=3 local_index=-1 offset=7987500 count=12500
    total=100%
[DCL][balance-metrics] iteration=8100
  policy=profiled
  action=skip
  reason=adaptive decision rejected; remaining_iterations=1900, gain_total=0, migration_cost=0.00359892, max_migrated_bytes=240000, T_comp_int_per_iter=0.000939234, T_comp_bal_per_iter=0.00100201
  T_compute_interval_s=0.939234
  T_comm_interval_s=4.45662
  T_balance_total_s=0.0168561
  T_rebalance_apply_s=0
  T_compute_accum_s=13.3888
  T_comm_accum_s=40.5523
  T_balance_accum_s=0.445998
  T_rebalance_apply_accum_s=0.0872863
  device_times_s:
    part[0]=0.937454
    part[1]=0.881577
    part[2]=0.939234
    part[3]=0.817516
    part[4]=0.937737
    part[5]=0.546551
    part[6]=0.938367
    part[7]=0.509148
  OLD loads:
    part[0] cum=24.7188% share=24.7188% device_global=0 rank=0 local_index=0 offset=0 count=1977500
    part[1] cum=25.0938% share=0.375% device_global=1 rank=0 local_index=1 offset=1977500 count=30000
    part[2] cum=49.875% share=24.7812% device_global=2 rank=1 local_index=-1 offset=2007500 count=1982500
    part[3] cum=50.2188% share=0.343749% device_global=3 rank=1 local_index=-1 offset=3990000 count=27500
    part[4] cum=74.9062% share=24.6875% device_global=4 rank=2 local_index=-1 offset=4017500 count=1975000
    part[5] cum=75.0938% share=0.187504% device_global=5 rank=2 local_index=-1 offset=5992500 count=15000
    part[6] cum=99.8438% share=24.75% device_global=6 rank=3 local_index=-1 offset=6007500 count=1980000
    part[7] cum=100% share=0.156248% device_global=7 rank=3 local_index=-1 offset=7987500 count=12500
    total=100%
  PROPOSED loads:
    part[0] cum=24.6562% share=24.6562% device_global=0 rank=0 local_index=0 offset=0 count=1977500
    part[1] cum=25.0625% share=0.406252% device_global=1 rank=0 local_index=1 offset=1977500 count=30000
    part[2] cum=49.7188% share=24.6562% device_global=2 rank=1 local_index=-1 offset=2007500 count=1982500
    part[3] cum=50.125% share=0.406253% device_global=3 rank=1 local_index=-1 offset=3990000 count=27500
    part[4] cum=74.7188% share=24.5937% device_global=4 rank=2 local_index=-1 offset=4017500 count=1975000
    part[5] cum=75.0625% share=0.343752% device_global=5 rank=2 local_index=-1 offset=5992500 count=15000
    part[6] cum=99.7188% share=24.6562% device_global=6 rank=3 local_index=-1 offset=6007500 count=1980000
    part[7] cum=100% share=0.28125% device_global=7 rank=3 local_index=-1 offset=7987500 count=12500
    total=100%
  CURRENT loads:
    part[0] cum=24.7188% share=24.7188% device_global=0 rank=0 local_index=0 offset=0 count=1977500
    part[1] cum=25.0938% share=0.375% device_global=1 rank=0 local_index=1 offset=1977500 count=30000
    part[2] cum=49.875% share=24.7812% device_global=2 rank=1 local_index=-1 offset=2007500 count=1982500
    part[3] cum=50.2188% share=0.343749% device_global=3 rank=1 local_index=-1 offset=3990000 count=27500
    part[4] cum=74.9062% share=24.6875% device_global=4 rank=2 local_index=-1 offset=4017500 count=1975000
    part[5] cum=75.0938% share=0.187504% device_global=5 rank=2 local_index=-1 offset=5992500 count=15000
    part[6] cum=99.8438% share=24.75% device_global=6 rank=3 local_index=-1 offset=6007500 count=1980000
    part[7] cum=100% share=0.156248% device_global=7 rank=3 local_index=-1 offset=7987500 count=12500
    total=100%
[DCL][balance-metrics] iteration=9100
  policy=profiled
  action=skip
  reason=adaptive decision rejected; remaining_iterations=900, gain_total=0.00294861, migration_cost=0.00616035, max_migrated_bytes=320000, T_comp_int_per_iter=0.000939185, T_comp_bal_per_iter=0.000935908
  T_compute_interval_s=0.939185
  T_comm_interval_s=4.45391
  T_balance_total_s=0.0168135
  T_rebalance_apply_s=0
  T_compute_accum_s=14.328
  T_comm_accum_s=45.0062
  T_balance_accum_s=0.462812
  T_rebalance_apply_accum_s=0.0872863
  device_times_s:
    part[0]=0.93764
    part[1]=0.88494
    part[2]=0.939185
    part[3]=0.819444
    part[4]=0.937768
    part[5]=0.53401
    part[6]=0.938278
    part[7]=0.497884
  OLD loads:
    part[0] cum=24.7188% share=24.7188% device_global=0 rank=0 local_index=0 offset=0 count=1977500
    part[1] cum=25.0938% share=0.375% device_global=1 rank=0 local_index=1 offset=1977500 count=30000
    part[2] cum=49.875% share=24.7812% device_global=2 rank=1 local_index=-1 offset=2007500 count=1982500
    part[3] cum=50.2188% share=0.343749% device_global=3 rank=1 local_index=-1 offset=3990000 count=27500
    part[4] cum=74.9062% share=24.6875% device_global=4 rank=2 local_index=-1 offset=4017500 count=1975000
    part[5] cum=75.0938% share=0.187504% device_global=5 rank=2 local_index=-1 offset=5992500 count=15000
    part[6] cum=99.8438% share=24.75% device_global=6 rank=3 local_index=-1 offset=6007500 count=1980000
    part[7] cum=100% share=0.156248% device_global=7 rank=3 local_index=-1 offset=7987500 count=12500
    total=100%
  PROPOSED loads:
    part[0] cum=24.6562% share=24.6562% device_global=0 rank=0 local_index=0 offset=0 count=1977500
    part[1] cum=25.0312% share=0.375001% device_global=1 rank=0 local_index=1 offset=1977500 count=30000
    part[2] cum=49.7188% share=24.6875% device_global=2 rank=1 local_index=-1 offset=2007500 count=1982500
    part[3] cum=50.0938% share=0.375003% device_global=3 rank=1 local_index=-1 offset=3990000 count=27500
    part[4] cum=74.7188% share=24.625% device_global=4 rank=2 local_index=-1 offset=4017500 count=1975000
    part[5] cum=75.0312% share=0.312501% device_global=5 rank=2 local_index=-1 offset=5992500 count=15000
    part[6] cum=99.7188% share=24.6875% device_global=6 rank=3 local_index=-1 offset=6007500 count=1980000
    part[7] cum=100% share=0.28125% device_global=7 rank=3 local_index=-1 offset=7987500 count=12500
    total=100%
  CURRENT loads:
    part[0] cum=24.7188% share=24.7188% device_global=0 rank=0 local_index=0 offset=0 count=1977500
    part[1] cum=25.0938% share=0.375% device_global=1 rank=0 local_index=1 offset=1977500 count=30000
    part[2] cum=49.875% share=24.7812% device_global=2 rank=1 local_index=-1 offset=2007500 count=1982500
    part[3] cum=50.2188% share=0.343749% device_global=3 rank=1 local_index=-1 offset=3990000 count=27500
    part[4] cum=74.9062% share=24.6875% device_global=4 rank=2 local_index=-1 offset=4017500 count=1975000
    part[5] cum=75.0938% share=0.187504% device_global=5 rank=2 local_index=-1 offset=5992500 count=15000
    part[6] cum=99.8438% share=24.75% device_global=6 rank=3 local_index=-1 offset=6007500 count=1980000
    part[7] cum=100% share=0.156248% device_global=7 rank=3 local_index=-1 offset=7987500 count=12500
    total=100%

=== PARTICOES FINAIS ===
=== Particoes globais ===
part[0] device_global=0 rank=0 local_index=0 offset=0 count=1977500
part[1] device_global=1 rank=0 local_index=1 offset=1977500 count=30000
part[2] device_global=2 rank=1 local_index=-1 offset=2007500 count=1982500
part[3] device_global=3 rank=1 local_index=-1 offset=3990000 count=27500
part[4] device_global=4 rank=2 local_index=-1 offset=4017500 count=1975000
part[5] device_global=5 rank=2 local_index=-1 offset=5992500 count=15000
part[6] device_global=6 rank=3 local_index=-1 offset=6007500 count=1980000
part[7] device_global=7 rank=3 local_index=-1 offset=7987500 count=12500


============================
ITERACAO 10000
Tempo de execução: 57.3089s
