=== Dispositivos locais do rank 0 ===
global=0 local=0 nome="NVIDIA RTX 2000 Ada Generation" compute_units=22
global=1 local=1 nome="Intel(R) Xeon(R) CPU           E5620  @ 2.40GHz" compute_units=16

=== Dispositivos locais do rank 1 ===
global=2 local=0 nome="NVIDIA RTX 2000 Ada Generation" compute_units=22
global=3 local=1 nome="Intel(R) Xeon(R) CPU           E5620  @ 2.40GHz=== Dispositivos locais do rank 2 ===
global=4 local=0 nome="NVIDIA RTX 2000 Ada Generation" compute_units=22
global=5 local=1 nome="Intel(R) Xeon(R) CPU           E5620  @ 2.40GHz" compute_units=16

=== Dispositivos locais do rank 3 ===
global=6 local=0 nome="NVIDIA RTX 2000 Ada Generation" compute_units=22
global=7 local=1 nome="Intel(R) Xeon(R) CPU           E5620  @ 2.40GHz" compute_units=16

" compute_units=16

=== PARTICOES INICIAIS ===
=== Particoes globais ===
part[0] device_global=0 rank=0 local_index=0 offset=0 count=1000000
part[1] device_global=1 rank=0 local_index=1 offset=1000000 count=1000000
part[2] device_global=2 rank=1 local_index=-1 offset=2000000 count=1000000
part[3] device_global=3 rank=1 local_index=-1 offset=3000000 count=1000000
part[4] device_global=4 rank=2 local_index=-1 offset=4000000 count=1000000
part[5] device_global=5 rank=2 local_index=-1 offset=5000000 count=1000000
part[6] device_global=6 rank=3 local_index=-1 offset=6000000 count=1000000
part[7] device_global=7 rank=3 local_index=-1 offset=7000000 count=1000000

X = 50 Y = 50 Z = 3200 Iterations = 10000
[DCL][balance-metrics] iteration=100
  policy=profiled
  action=rebalance
  reason=adaptive decision accepted; remaining_iterations=9900, gain_total=52.5208, migration_cost=0.0157546, max_migrated_bytes=800000, T_comp_int_per_iter=0.00540433, T_comp_bal_per_iter=9.91955e-05
  T_compute_interval_s=5.40433
  T_comm_interval_s=5.19256
  T_balance_total_s=0.298049
  T_rebalance_apply_s=0.0803073
  T_compute_accum_s=5.40433
  T_comm_accum_s=5.19256
  T_balance_accum_s=0.298049
  T_rebalance_apply_accum_s=0.0803073
  device_times_s:
    part[0]=0.0490464
    part[1]=3.01915
    part[2]=0.0483955
    part[3]=3.05217
    part[4]=0.0489072
    part[5]=4.27533
    part[6]=0.0491804
    part[7]=5.40433
  OLD loads:
    part[0] cum=12.5% share=12.5% device_global=0 rank=0 local_index=0 offset=0 count=1967500
    part[1] cum=25% share=12.5% device_global=1 rank=0 local_index=1 offset=1967500 count=32500
    part[2] cum=37.5% share=12.5% device_global=2 rank=1 local_index=-1 offset=2000000 count=1992500
    part[3] cum=50% share=12.5% device_global=3 rank=1 local_index=-1 offset=3992500 count=32500
    part[4] cum=62.5% share=12.5% device_global=4 rank=2 local_index=-1 offset=4025000 count=1972500
    part[5] cum=75% share=12.5% device_global=5 rank=2 local_index=-1 offset=5997500 count=22500
    part[6] cum=87.5% share=12.5% device_global=6 rank=3 local_index=-1 offset=6020000 count=1962500
    part[7] cum=100% share=12.5% device_global=7 rank=3 local_index=-1 offset=7982500 count=17500
    total=100%
  PROPOSED loads:
    part[0] cum=24.5938% share=24.5938% device_global=0 rank=0 local_index=0 offset=0 count=1967500
    part[1] cum=25% share=0.40625% device_global=1 rank=0 local_index=1 offset=1967500 count=32500
    part[2] cum=49.9062% share=24.9062% device_global=2 rank=1 local_index=-1 offset=2000000 count=1992500
    part[3] cum=50.3125% share=0.40625% device_global=3 rank=1 local_index=-1 offset=3992500 count=32500
    part[4] cum=74.9688% share=24.6562% device_global=4 rank=2 local_index=-1 offset=4025000 count=1972500
    part[5] cum=75.25% share=0.28125% device_global=5 rank=2 local_index=-1 offset=5997500 count=22500
    part[6] cum=99.7812% share=24.5313% device_global=6 rank=3 local_index=-1 offset=6020000 count=1962500
    part[7] cum=100% share=0.218749% device_global=7 rank=3 local_index=-1 offset=7982500 count=17500
    total=100%
  CURRENT loads:
    part[0] cum=24.5938% share=24.5938% device_global=0 rank=0 local_index=0 offset=0 count=1967500
    part[1] cum=25% share=0.40625% device_global=1 rank=0 local_index=1 offset=1967500 count=32500
    part[2] cum=49.9062% share=24.9062% device_global=2 rank=1 local_index=-1 offset=2000000 count=1992500
    part[3] cum=50.3125% share=0.40625% device_global=3 rank=1 local_index=-1 offset=3992500 count=32500
    part[4] cum=74.9688% share=24.6562% device_global=4 rank=2 local_index=-1 offset=4025000 count=1972500
    part[5] cum=75.25% share=0.28125% device_global=5 rank=2 local_index=-1 offset=5997500 count=22500
    part[6] cum=99.7812% share=24.5313% device_global=6 rank=3 local_index=-1 offset=6020000 count=1962500
    part[7] cum=100% share=0.218749% device_global=7 rank=3 local_index=-1 offset=7982500 count=17500
    total=100%
[DCL][balance-metrics] iteration=1100
  policy=profiled
  action=rebalance
  reason=adaptive decision accepted; remaining_iterations=8900, gain_total=4.13416, migration_cost=0.00770044, max_migrated_bytes=400000, T_comp_int_per_iter=0.0014487, T_comp_bal_per_iter=0.00098419
  T_compute_interval_s=1.4487
  T_comm_interval_s=4.24395
  T_balance_total_s=0.0366438
  T_rebalance_apply_s=0.0161583
  T_compute_accum_s=6.85303
  T_comm_accum_s=9.4365
  T_balance_accum_s=0.334693
  T_rebalance_apply_accum_s=0.0964656
  device_times_s:
    part[0]=0.935298
    part[1]=0.982755
    part[2]=0.944133
    part[3]=1.16313
    part[4]=0.937747
    part[5]=1.4487
    part[6]=0.930722
    part[7]=1.36342
  OLD loads:
    part[0] cum=24.5938% share=24.5938% device_global=0 rank=0 local_index=0 offset=0 count=1977500
    part[1] cum=25% share=0.40625% device_global=1 rank=0 local_index=1 offset=1977500 count=30000
    part[2] cum=49.9062% share=24.9062% device_global=2 rank=1 local_index=-1 offset=2007500 count=1982500
    part[3] cum=50.3125% share=0.40625% device_global=3 rank=1 local_index=-1 offset=3990000 count=27500
    part[4] cum=74.9688% share=24.6562% device_global=4 rank=2 local_index=-1 offset=4017500 count=1975000
    part[5] cum=75.25% share=0.28125% device_global=5 rank=2 local_index=-1 offset=5992500 count=15000
    part[6] cum=99.7812% share=24.5313% device_global=6 rank=3 local_index=-1 offset=6007500 count=1980000
    part[7] cum=100% share=0.218749% device_global=7 rank=3 local_index=-1 offset=7987500 count=12500
    total=100%
  PROPOSED loads:
    part[0] cum=24.7188% share=24.7188% device_global=0 rank=0 local_index=0 offset=0 count=1977500
    part[1] cum=25.0938% share=0.375% device_global=1 rank=0 local_index=1 offset=1977500 count=30000
    part[2] cum=49.875% share=24.7812% device_global=2 rank=1 local_index=-1 offset=2007500 count=1982500
    part[3] cum=50.2188% share=0.343749% device_global=3 rank=1 local_index=-1 offset=3990000 count=27500
    part[4] cum=74.9062% share=24.6875% device_global=4 rank=2 local_index=-1 offset=4017500 count=1975000
    part[5] cum=75.0938% share=0.187504% device_global=5 rank=2 local_index=-1 offset=5992500 count=15000
    part[6] cum=99.8438% share=24.75% device_global=6 rank=3 local_index=-1 offset=6007500 count=1980000
    part[7] cum=100% share=0.156248% device_global=7 rank=3 local_index=-1 offset=7987500 count=12500
    total=100%
  CURRENT loads:
    part[0] cum=24.7188% share=24.7188% device_global=0 rank=0 local_index=0 offset=0 count=1977500
    part[1] cum=25.0938% share=0.375% device_global=1 rank=0 local_index=1 offset=1977500 count=30000
    part[2] cum=49.875% share=24.7812% device_global=2 rank=1 local_index=-1 offset=2007500 count=1982500
    part[3] cum=50.2188% share=0.343749% device_global=3 rank=1 local_index=-1 offset=3990000 count=27500
    part[4] cum=74.9062% share=24.6875% device_global=4 rank=2 local_index=-1 offset=4017500 count=1975000
    part[5] cum=75.0938% share=0.187504% device_global=5 rank=2 local_index=-1 offset=5992500 count=15000
    part[6] cum=99.8438% share=24.75% device_global=6 rank=3 local_index=-1 offset=6007500 count=1980000
    part[7] cum=100% share=0.156248% device_global=7 rank=3 local_index=-1 offset=7987500 count=12500
    total=100%
[DCL][balance-metrics] iteration=2100
  policy=profiled
  action=skip
  reason=adaptive decision rejected; remaining_iterations=7900, gain_total=0, migration_cost=0.00259121, max_migrated_bytes=160000, T_comp_int_per_iter=0.000938898, T_comp_bal_per_iter=0.00100745
  T_compute_interval_s=0.938898
  T_comm_interval_s=4.28027
  T_balance_total_s=0.0176382
  T_rebalance_apply_s=0
  T_compute_accum_s=7.79193
  T_comm_accum_s=13.7168
  T_balance_accum_s=0.352331
  T_rebalance_apply_accum_s=0.0964656
  device_times_s:
    part[0]=0.938898
    part[1]=0.893267
    part[2]=0.938719
    part[3]=0.871902
    part[4]=0.937926
    part[5]=0.755585
    part[6]=0.938223
    part[7]=0.938895
  OLD loads:
    part[0] cum=24.7188% share=24.7188% device_global=0 rank=0 local_index=0 offset=0 count=1977500
    part[1] cum=25.0938% share=0.375% device_global=1 rank=0 local_index=1 offset=1977500 count=30000
    part[2] cum=49.875% share=24.7812% device_global=2 rank=1 local_index=-1 offset=2007500 count=1982500
    part[3] cum=50.2188% share=0.343749% device_global=3 rank=1 local_index=-1 offset=3990000 count=27500
    part[4] cum=74.9062% share=24.6875% device_global=4 rank=2 local_index=-1 offset=4017500 count=1975000
    part[5] cum=75.0938% share=0.187504% device_global=5 rank=2 local_index=-1 offset=5992500 count=15000
    part[6] cum=99.8438% share=24.75% device_global=6 rank=3 local_index=-1 offset=6007500 count=1980000
    part[7] cum=100% share=0.156248% device_global=7 rank=3 local_index=-1 offset=7987500 count=12500
    total=100%
  PROPOSED loads:
    part[0] cum=24.6875% share=24.6875% device_global=0 rank=0 local_index=0 offset=0 count=1977500
    part[1] cum=25.0625% share=0.375001% device_global=1 rank=0 local_index=1 offset=1977500 count=30000
    part[2] cum=49.8438% share=24.7812% device_global=2 rank=1 local_index=-1 offset=2007500 count=1982500
    part[3] cum=50.1875% share=0.343749% device_global=3 rank=1 local_index=-1 offset=3990000 count=27500
    part[4] cum=74.875% share=24.6875% device_global=4 rank=2 local_index=-1 offset=4017500 count=1975000
    part[5] cum=75.125% share=0.250006% device_global=5 rank=2 local_index=-1 offset=5992500 count=15000
    part[6] cum=99.8438% share=24.7188% device_global=6 rank=3 local_index=-1 offset=6007500 count=1980000
    part[7] cum=100% share=0.156248% device_global=7 rank=3 local_index=-1 offset=7987500 count=12500
    total=100%
  CURRENT loads:
    part[0] cum=24.7188% share=24.7188% device_global=0 rank=0 local_index=0 offset=0 count=1977500
    part[1] cum=25.0938% share=0.375% device_global=1 rank=0 local_index=1 offset=1977500 count=30000
    part[2] cum=49.875% share=24.7812% device_global=2 rank=1 local_index=-1 offset=2007500 count=1982500
    part[3] cum=50.2188% share=0.343749% device_global=3 rank=1 local_index=-1 offset=3990000 count=27500
    part[4] cum=74.9062% share=24.6875% device_global=4 rank=2 local_index=-1 offset=4017500 count=1975000
    part[5] cum=75.0938% share=0.187504% device_global=5 rank=2 local_index=-1 offset=5992500 count=15000
    part[6] cum=99.8438% share=24.75% device_global=6 rank=3 local_index=-1 offset=6007500 count=1980000
    part[7] cum=100% share=0.156248% device_global=7 rank=3 local_index=-1 offset=7987500 count=12500
    total=100%
[DCL][balance-metrics] iteration=3100
  policy=profiled
  action=skip
  reason=adaptive decision rejected; remaining_iterations=6900, gain_total=0, migration_cost=0.00147987, max_migrated_bytes=80000, T_comp_int_per_iter=0.000938672, T_comp_bal_per_iter=0.000999313
  T_compute_interval_s=0.938672
  T_comm_interval_s=4.34124
  T_balance_total_s=0.0178358
  T_rebalance_apply_s=0
  T_compute_accum_s=8.7306
  T_comm_accum_s=18.058
  T_balance_accum_s=0.370167
  T_rebalance_apply_accum_s=0.0964656
  device_times_s:
    part[0]=0.938672
    part[1]=0.883888
    part[2]=0.938502
    part[3]=0.845573
    part[4]=0.937868
    part[5]=0.637843
    part[6]=0.938228
    part[7]=0.786234
  OLD loads:
    part[0] cum=24.7188% share=24.7188% device_global=0 rank=0 local_index=0 offset=0 count=1977500
    part[1] cum=25.0938% share=0.375% device_global=1 rank=0 local_index=1 offset=1977500 count=30000
    part[2] cum=49.875% share=24.7812% device_global=2 rank=1 local_index=-1 offset=2007500 count=1982500
    part[3] cum=50.2188% share=0.343749% device_global=3 rank=1 local_index=-1 offset=3990000 count=27500
    part[4] cum=74.9062% share=24.6875% device_global=4 rank=2 local_index=-1 offset=4017500 count=1975000
    part[5] cum=75.0938% share=0.187504% device_global=5 rank=2 local_index=-1 offset=5992500 count=15000
    part[6] cum=99.8438% share=24.75% device_global=6 rank=3 local_index=-1 offset=6007500 count=1980000
    part[7] cum=100% share=0.156248% device_global=7 rank=3 local_index=-1 offset=7987500 count=12500
    total=100%
  PROPOSED loads:
    part[0] cum=24.6562% share=24.6562% device_global=0 rank=0 local_index=0 offset=0 count=1977500
    part[1] cum=25.0625% share=0.406252% device_global=1 rank=0 local_index=1 offset=1977500 count=30000
    part[2] cum=49.7812% share=24.7188% device_global=2 rank=1 local_index=-1 offset=2007500 count=1982500
    part[3] cum=50.1875% share=0.406247% device_global=3 rank=1 local_index=-1 offset=3990000 count=27500
    part[4] cum=74.8438% share=24.6563% device_global=4 rank=2 local_index=-1 offset=4017500 count=1975000
    part[5] cum=75.0938% share=0.25% device_global=5 rank=2 local_index=-1 offset=5992500 count=15000
    part[6] cum=99.8125% share=24.7188% device_global=6 rank=3 local_index=-1 offset=6007500 count=1980000
    part[7] cum=100% share=0.187498% device_global=7 rank=3 local_index=-1 offset=7987500 count=12500
    total=100%
  CURRENT loads:
    part[0] cum=24.7188% share=24.7188% device_global=0 rank=0 local_index=0 offset=0 count=1977500
    part[1] cum=25.0938% share=0.375% device_global=1 rank=0 local_index=1 offset=1977500 count=30000
    part[2] cum=49.875% share=24.7812% device_global=2 rank=1 local_index=-1 offset=2007500 count=1982500
    part[3] cum=50.2188% share=0.343749% device_global=3 rank=1 local_index=-1 offset=3990000 count=27500
    part[4] cum=74.9062% share=24.6875% device_global=4 rank=2 local_index=-1 offset=4017500 count=1975000
    part[5] cum=75.0938% share=0.187504% device_global=5 rank=2 local_index=-1 offset=5992500 count=15000
    part[6] cum=99.8438% share=24.75% device_global=6 rank=3 local_index=-1 offset=6007500 count=1980000
    part[7] cum=100% share=0.156248% device_global=7 rank=3 local_index=-1 offset=7987500 count=12500
    total=100%
[DCL][balance-metrics] iteration=4100
  policy=profiled
  action=skip
  reason=adaptive decision rejected; remaining_iterations=5900, gain_total=0, migration_cost=0.00259121, max_migrated_bytes=160000, T_comp_int_per_iter=0.000938833, T_comp_bal_per_iter=0.000987687
  T_compute_interval_s=0.938833
  T_comm_interval_s=4.34988
  T_balance_total_s=0.0166177
  T_rebalance_apply_s=0
  T_compute_accum_s=9.66943
  T_comm_accum_s=22.4079
  T_balance_accum_s=0.386785
  T_rebalance_apply_accum_s=0.0964656
  device_times_s:
    part[0]=0.938255
    part[1]=0.880162
    part[2]=0.938833
    part[3]=0.83496
    part[4]=0.937938
    part[5]=0.592612
    part[6]=0.938394
    part[7]=0.644533
  OLD loads:
    part[0] cum=24.7188% share=24.7188% device_global=0 rank=0 local_index=0 offset=0 count=1977500
    part[1] cum=25.0938% share=0.375% device_global=1 rank=0 local_index=1 offset=1977500 count=30000
    part[2] cum=49.875% share=24.7812% device_global=2 rank=1 local_index=-1 offset=2007500 count=1982500
    part[3] cum=50.2188% share=0.343749% device_global=3 rank=1 local_index=-1 offset=3990000 count=27500
    part[4] cum=74.9062% share=24.6875% device_global=4 rank=2 local_index=-1 offset=4017500 count=1975000
    part[5] cum=75.0938% share=0.187504% device_global=5 rank=2 local_index=-1 offset=5992500 count=15000
    part[6] cum=99.8438% share=24.75% device_global=6 rank=3 local_index=-1 offset=6007500 count=1980000
    part[7] cum=100% share=0.156248% device_global=7 rank=3 local_index=-1 offset=7987500 count=12500
    total=100%
  PROPOSED loads:
    part[0] cum=24.6562% share=24.6562% device_global=0 rank=0 local_index=0 offset=0 count=1977500
    part[1] cum=25.0625% share=0.406252% device_global=1 rank=0 local_index=1 offset=1977500 count=30000
    part[2] cum=49.7812% share=24.7188% device_global=2 rank=1 local_index=-1 offset=2007500 count=1982500
    part[3] cum=50.1562% share=0.374997% device_global=3 rank=1 local_index=-1 offset=3990000 count=27500
    part[4] cum=74.7812% share=24.625% device_global=4 rank=2 local_index=-1 offset=4017500 count=1975000
    part[5] cum=75.0938% share=0.312501% device_global=5 rank=2 local_index=-1 offset=5992500 count=15000
    part[6] cum=99.7812% share=24.6875% device_global=6 rank=3 local_index=-1 offset=6007500 count=1980000
    part[7] cum=100% share=0.218749% device_global=7 rank=3 local_index=-1 offset=7987500 count=12500
    total=100%
  CURRENT loads:
    part[0] cum=24.7188% share=24.7188% device_global=0 rank=0 local_index=0 offset=0 count=1977500
    part[1] cum=25.0938% share=0.375% device_global=1 rank=0 local_index=1 offset=1977500 count=30000
    part[2] cum=49.875% share=24.7812% device_global=2 rank=1 local_index=-1 offset=2007500 count=1982500
    part[3] cum=50.2188% share=0.343749% device_global=3 rank=1 local_index=-1 offset=3990000 count=27500
    part[4] cum=74.9062% share=24.6875% device_global=4 rank=2 local_index=-1 offset=4017500 count=1975000
    part[5] cum=75.0938% share=0.187504% device_global=5 rank=2 local_index=-1 offset=5992500 count=15000
    part[6] cum=99.8438% share=24.75% device_global=6 rank=3 local_index=-1 offset=6007500 count=1980000
    part[7] cum=100% share=0.156248% device_global=7 rank=3 local_index=-1 offset=7987500 count=12500
    total=100%
[DCL][balance-metrics] iteration=5100
  policy=profiled
  action=skip
  reason=adaptive decision rejected; remaining_iterations=4900, gain_total=0, migration_cost=0.00359892, max_migrated_bytes=240000, T_comp_int_per_iter=0.000939006, T_comp_bal_per_iter=0.000948424
  T_compute_interval_s=0.939006
  T_comm_interval_s=4.3497
  T_balance_total_s=0.0159541
  T_rebalance_apply_s=0
  T_compute_accum_s=10.6084
  T_comm_accum_s=26.7576
  T_balance_accum_s=0.402739
  T_rebalance_apply_accum_s=0.0964656
  device_times_s:
    part[0]=0.938676
    part[1]=0.881899
    part[2]=0.939006
    part[3]=0.832745
    part[4]=0.938261
    part[5]=0.569054
    part[6]=0.93816
    part[7]=0.57417
  OLD loads:
    part[0] cum=24.7188% share=24.7188% device_global=0 rank=0 local_index=0 offset=0 count=1977500
    part[1] cum=25.0938% share=0.375% device_global=1 rank=0 local_index=1 offset=1977500 count=30000
    part[2] cum=49.875% share=24.7812% device_global=2 rank=1 local_index=-1 offset=2007500 count=1982500
    part[3] cum=50.2188% share=0.343749% device_global=3 rank=1 local_index=-1 offset=3990000 count=27500
    part[4] cum=74.9062% share=24.6875% device_global=4 rank=2 local_index=-1 offset=4017500 count=1975000
    part[5] cum=75.0938% share=0.187504% device_global=5 rank=2 local_index=-1 offset=5992500 count=15000
    part[6] cum=99.8438% share=24.75% device_global=6 rank=3 local_index=-1 offset=6007500 count=1980000
    part[7] cum=100% share=0.156248% device_global=7 rank=3 local_index=-1 offset=7987500 count=12500
    total=100%
  PROPOSED loads:
    part[0] cum=24.6562% share=24.6562% device_global=0 rank=0 local_index=0 offset=0 count=1977500
    part[1] cum=25.0312% share=0.375001% device_global=1 rank=0 local_index=1 offset=1977500 count=30000
    part[2] cum=49.75% share=24.7188% device_global=2 rank=1 local_index=-1 offset=2007500 count=1982500
    part[3] cum=50.125% share=0.375003% device_global=3 rank=1 local_index=-1 offset=3990000 count=27500
    part[4] cum=74.75% share=24.625% device_global=4 rank=2 local_index=-1 offset=4017500 count=1975000
    part[5] cum=75.0625% share=0.312501% device_global=5 rank=2 local_index=-1 offset=5992500 count=15000
    part[6] cum=99.75% share=24.6875% device_global=6 rank=3 local_index=-1 offset=6007500 count=1980000
    part[7] cum=100% share=0.25% device_global=7 rank=3 local_index=-1 offset=7987500 count=12500
    total=100%
  CURRENT loads:
    part[0] cum=24.7188% share=24.7188% device_global=0 rank=0 local_index=0 offset=0 count=1977500
    part[1] cum=25.0938% share=0.375% device_global=1 rank=0 local_index=1 offset=1977500 count=30000
    part[2] cum=49.875% share=24.7812% device_global=2 rank=1 local_index=-1 offset=2007500 count=1982500
    part[3] cum=50.2188% share=0.343749% device_global=3 rank=1 local_index=-1 offset=3990000 count=27500
    part[4] cum=74.9062% share=24.6875% device_global=4 rank=2 local_index=-1 offset=4017500 count=1975000
    part[5] cum=75.0938% share=0.187504% device_global=5 rank=2 local_index=-1 offset=5992500 count=15000
    part[6] cum=99.8438% share=24.75% device_global=6 rank=3 local_index=-1 offset=6007500 count=1980000
    part[7] cum=100% share=0.156248% device_global=7 rank=3 local_index=-1 offset=7987500 count=12500
    total=100%
[DCL][balance-metrics] iteration=6100
  policy=profiled
  action=skip
  reason=adaptive decision rejected; remaining_iterations=3900, gain_total=0, migration_cost=0.00616035, max_migrated_bytes=320000, T_comp_int_per_iter=0.000939366, T_comp_bal_per_iter=0.000973413
  T_compute_interval_s=0.939366
  T_comm_interval_s=4.34784
  T_balance_total_s=0.0170057
  T_rebalance_apply_s=0
  T_compute_accum_s=11.5478
  T_comm_accum_s=31.1054
  T_balance_accum_s=0.419744
  T_rebalance_apply_accum_s=0.0964656
  device_times_s:
    part[0]=0.938822
    part[1]=0.882849
    part[2]=0.939366
    part[3]=0.827315
    part[4]=0.937869
    part[5]=0.555382
    part[6]=0.938368
    part[7]=0.540785
  OLD loads:
    part[0] cum=24.7188% share=24.7188% device_global=0 rank=0 local_index=0 offset=0 count=1977500
    part[1] cum=25.0938% share=0.375% device_global=1 rank=0 local_index=1 offset=1977500 count=30000
    part[2] cum=49.875% share=24.7812% device_global=2 rank=1 local_index=-1 offset=2007500 count=1982500
    part[3] cum=50.2188% share=0.343749% device_global=3 rank=1 local_index=-1 offset=3990000 count=27500
    part[4] cum=74.9062% share=24.6875% device_global=4 rank=2 local_index=-1 offset=4017500 count=1975000
    part[5] cum=75.0938% share=0.187504% device_global=5 rank=2 local_index=-1 offset=5992500 count=15000
    part[6] cum=99.8438% share=24.75% device_global=6 rank=3 local_index=-1 offset=6007500 count=1980000
    part[7] cum=100% share=0.156248% device_global=7 rank=3 local_index=-1 offset=7987500 count=12500
    total=100%
  PROPOSED loads:
    part[0] cum=24.625% share=24.625% device_global=0 rank=0 local_index=0 offset=0 count=1977500
    part[1] cum=25.0312% share=0.40625% device_global=1 rank=0 local_index=1 offset=1977500 count=30000
    part[2] cum=49.7188% share=24.6875% device_global=2 rank=1 local_index=-1 offset=2007500 count=1982500
    part[3] cum=50.0938% share=0.375003% device_global=3 rank=1 local_index=-1 offset=3990000 count=27500
    part[4] cum=74.75% share=24.6562% device_global=4 rank=2 local_index=-1 offset=4017500 count=1975000
    part[5] cum=75.0625% share=0.312501% device_global=5 rank=2 local_index=-1 offset=5992500 count=15000
    part[6] cum=99.7188% share=24.6562% device_global=6 rank=3 local_index=-1 offset=6007500 count=1980000
    part[7] cum=100% share=0.28125% device_global=7 rank=3 local_index=-1 offset=7987500 count=12500
    total=100%
  CURRENT loads:
    part[0] cum=24.7188% share=24.7188% device_global=0 rank=0 local_index=0 offset=0 count=1977500
    part[1] cum=25.0938% share=0.375% device_global=1 rank=0 local_index=1 offset=1977500 count=30000
    part[2] cum=49.875% share=24.7812% device_global=2 rank=1 local_index=-1 offset=2007500 count=1982500
    part[3] cum=50.2188% share=0.343749% device_global=3 rank=1 local_index=-1 offset=3990000 count=27500
    part[4] cum=74.9062% share=24.6875% device_global=4 rank=2 local_index=-1 offset=4017500 count=1975000
    part[5] cum=75.0938% share=0.187504% device_global=5 rank=2 local_index=-1 offset=5992500 count=15000
    part[6] cum=99.8438% share=24.75% device_global=6 rank=3 local_index=-1 offset=6007500 count=1980000
    part[7] cum=100% share=0.156248% device_global=7 rank=3 local_index=-1 offset=7987500 count=12500
    total=100%
[DCL][balance-metrics] iteration=7100
  policy=profiled
  action=skip
  reason=adaptive decision rejected; remaining_iterations=2900, gain_total=0, migration_cost=0.00359892, max_migrated_bytes=240000, T_comp_int_per_iter=0.000938459, T_comp_bal_per_iter=0.000960594
  T_compute_interval_s=0.938459
  T_comm_interval_s=4.39441
  T_balance_total_s=0.0182828
  T_rebalance_apply_s=0
  T_compute_accum_s=12.4863
  T_comm_accum_s=35.4998
  T_balance_accum_s=0.438027
  T_rebalance_apply_accum_s=0.0964656
  device_times_s:
    part[0]=0.938362
    part[1]=0.886702
    part[2]=0.938401
    part[3]=0.817702
    part[4]=0.938193
    part[5]=0.555098
    part[6]=0.938459
    part[7]=0.528102
  OLD loads:
    part[0] cum=24.7188% share=24.7188% device_global=0 rank=0 local_index=0 offset=0 count=1977500
    part[1] cum=25.0938% share=0.375% device_global=1 rank=0 local_index=1 offset=1977500 count=30000
    part[2] cum=49.875% share=24.7812% device_global=2 rank=1 local_index=-1 offset=2007500 count=1982500
    part[3] cum=50.2188% share=0.343749% device_global=3 rank=1 local_index=-1 offset=3990000 count=27500
    part[4] cum=74.9062% share=24.6875% device_global=4 rank=2 local_index=-1 offset=4017500 count=1975000
    part[5] cum=75.0938% share=0.187504% device_global=5 rank=2 local_index=-1 offset=5992500 count=15000
    part[6] cum=99.8438% share=24.75% device_global=6 rank=3 local_index=-1 offset=6007500 count=1980000
    part[7] cum=100% share=0.156248% device_global=7 rank=3 local_index=-1 offset=7987500 count=12500
    total=100%
  PROPOSED loads:
    part[0] cum=24.625% share=24.625% device_global=0 rank=0 local_index=0 offset=0 count=1977500
    part[1] cum=25.0312% share=0.40625% device_global=1 rank=0 local_index=1 offset=1977500 count=30000
    part[2] cum=49.75% share=24.7188% device_global=2 rank=1 local_index=-1 offset=2007500 count=1982500
    part[3] cum=50.125% share=0.375003% device_global=3 rank=1 local_index=-1 offset=3990000 count=27500
    part[4] cum=74.75% share=24.625% device_global=4 rank=2 local_index=-1 offset=4017500 count=1975000
    part[5] cum=75.0625% share=0.312501% device_global=5 rank=2 local_index=-1 offset=5992500 count=15000
    part[6] cum=99.7188% share=24.6562% device_global=6 rank=3 local_index=-1 offset=6007500 count=1980000
    part[7] cum=100% share=0.28125% device_global=7 rank=3 local_index=-1 offset=7987500 count=12500
    total=100%
  CURRENT loads:
    part[0] cum=24.7188% share=24.7188% device_global=0 rank=0 local_index=0 offset=0 count=1977500
    part[1] cum=25.0938% share=0.375% device_global=1 rank=0 local_index=1 offset=1977500 count=30000
    part[2] cum=49.875% share=24.7812% device_global=2 rank=1 local_index=-1 offset=2007500 count=1982500
    part[3] cum=50.2188% share=0.343749% device_global=3 rank=1 local_index=-1 offset=3990000 count=27500
    part[4] cum=74.9062% share=24.6875% device_global=4 rank=2 local_index=-1 offset=4017500 count=1975000
    part[5] cum=75.0938% share=0.187504% device_global=5 rank=2 local_index=-1 offset=5992500 count=15000
    part[6] cum=99.8438% share=24.75% device_global=6 rank=3 local_index=-1 offset=6007500 count=1980000
    part[7] cum=100% share=0.156248% device_global=7 rank=3 local_index=-1 offset=7987500 count=12500
    total=100%
[DCL][balance-metrics] iteration=8100
  policy=profiled
  action=skip
  reason=adaptive decision rejected; remaining_iterations=1900, gain_total=0, migration_cost=0.00359892, max_migrated_bytes=240000, T_comp_int_per_iter=0.000938657, T_comp_bal_per_iter=0.000992299
  T_compute_interval_s=0.938657
  T_comm_interval_s=4.37626
  T_balance_total_s=0.0169167
  T_rebalance_apply_s=0
  T_compute_accum_s=13.4249
  T_comm_accum_s=39.8761
  T_balance_accum_s=0.454944
  T_rebalance_apply_accum_s=0.0964656
  device_times_s:
    part[0]=0.938294
    part[1]=0.889552
    part[2]=0.938245
    part[3]=0.820029
    part[4]=0.938437
    part[5]=0.541254
    part[6]=0.938657
    part[7]=0.516195
  OLD loads:
    part[0] cum=24.7188% share=24.7188% device_global=0 rank=0 local_index=0 offset=0 count=1977500
    part[1] cum=25.0938% share=0.375% device_global=1 rank=0 local_index=1 offset=1977500 count=30000
    part[2] cum=49.875% share=24.7812% device_global=2 rank=1 local_index=-1 offset=2007500 count=1982500
    part[3] cum=50.2188% share=0.343749% device_global=3 rank=1 local_index=-1 offset=3990000 count=27500
    part[4] cum=74.9062% share=24.6875% device_global=4 rank=2 local_index=-1 offset=4017500 count=1975000
    part[5] cum=75.0938% share=0.187504% device_global=5 rank=2 local_index=-1 offset=5992500 count=15000
    part[6] cum=99.8438% share=24.75% device_global=6 rank=3 local_index=-1 offset=6007500 count=1980000
    part[7] cum=100% share=0.156248% device_global=7 rank=3 local_index=-1 offset=7987500 count=12500
    total=100%
  PROPOSED loads:
    part[0] cum=24.625% share=24.625% device_global=0 rank=0 local_index=0 offset=0 count=1977500
    part[1] cum=25.0312% share=0.40625% device_global=1 rank=0 local_index=1 offset=1977500 count=30000
    part[2] cum=49.75% share=24.7188% device_global=2 rank=1 local_index=-1 offset=2007500 count=1982500
    part[3] cum=50.125% share=0.375003% device_global=3 rank=1 local_index=-1 offset=3990000 count=27500
    part[4] cum=74.7188% share=24.5937% device_global=4 rank=2 local_index=-1 offset=4017500 count=1975000
    part[5] cum=75.0625% share=0.343752% device_global=5 rank=2 local_index=-1 offset=5992500 count=15000
    part[6] cum=99.7188% share=24.6562% device_global=6 rank=3 local_index=-1 offset=6007500 count=1980000
    part[7] cum=100% share=0.28125% device_global=7 rank=3 local_index=-1 offset=7987500 count=12500
    total=100%
  CURRENT loads:
    part[0] cum=24.7188% share=24.7188% device_global=0 rank=0 local_index=0 offset=0 count=1977500
    part[1] cum=25.0938% share=0.375% device_global=1 rank=0 local_index=1 offset=1977500 count=30000
    part[2] cum=49.875% share=24.7812% device_global=2 rank=1 local_index=-1 offset=2007500 count=1982500
    part[3] cum=50.2188% share=0.343749% device_global=3 rank=1 local_index=-1 offset=3990000 count=27500
    part[4] cum=74.9062% share=24.6875% device_global=4 rank=2 local_index=-1 offset=4017500 count=1975000
    part[5] cum=75.0938% share=0.187504% device_global=5 rank=2 local_index=-1 offset=5992500 count=15000
    part[6] cum=99.8438% share=24.75% device_global=6 rank=3 local_index=-1 offset=6007500 count=1980000
    part[7] cum=100% share=0.156248% device_global=7 rank=3 local_index=-1 offset=7987500 count=12500
    total=100%
[DCL][balance-metrics] iteration=9100
  policy=profiled
  action=skip
  reason=adaptive decision rejected; remaining_iterations=900, gain_total=0, migration_cost=0.00359892, max_migrated_bytes=240000, T_comp_int_per_iter=0.00093842, T_comp_bal_per_iter=0.00097225
  T_compute_interval_s=0.93842
  T_comm_interval_s=4.34377
  T_balance_total_s=0.0166271
  T_rebalance_apply_s=0
  T_compute_accum_s=14.3633
  T_comm_accum_s=44.2199
  T_balance_accum_s=0.471571
  T_rebalance_apply_accum_s=0.0964656
  device_times_s:
    part[0]=0.93842
    part[1]=0.886934
    part[2]=0.938116
    part[3]=0.816316
    part[4]=0.937839
    part[5]=0.530318
    part[6]=0.938372
    part[7]=0.502748
  OLD loads:
    part[0] cum=24.7188% share=24.7188% device_global=0 rank=0 local_index=0 offset=0 count=1977500
    part[1] cum=25.0938% share=0.375% device_global=1 rank=0 local_index=1 offset=1977500 count=30000
    part[2] cum=49.875% share=24.7812% device_global=2 rank=1 local_index=-1 offset=2007500 count=1982500
    part[3] cum=50.2188% share=0.343749% device_global=3 rank=1 local_index=-1 offset=3990000 count=27500
    part[4] cum=74.9062% share=24.6875% device_global=4 rank=2 local_index=-1 offset=4017500 count=1975000
    part[5] cum=75.0938% share=0.187504% device_global=5 rank=2 local_index=-1 offset=5992500 count=15000
    part[6] cum=99.8438% share=24.75% device_global=6 rank=3 local_index=-1 offset=6007500 count=1980000
    part[7] cum=100% share=0.156248% device_global=7 rank=3 local_index=-1 offset=7987500 count=12500
    total=100%
  PROPOSED loads:
    part[0] cum=24.625% share=24.625% device_global=0 rank=0 local_index=0 offset=0 count=1977500
    part[1] cum=25.0312% share=0.40625% device_global=1 rank=0 local_index=1 offset=1977500 count=30000
    part[2] cum=49.7188% share=24.6875% device_global=2 rank=1 local_index=-1 offset=2007500 count=1982500
    part[3] cum=50.125% share=0.406253% device_global=3 rank=1 local_index=-1 offset=3990000 count=27500
    part[4] cum=74.7188% share=24.5937% device_global=4 rank=2 local_index=-1 offset=4017500 count=1975000
    part[5] cum=75.0625% share=0.343752% device_global=5 rank=2 local_index=-1 offset=5992500 count=15000
    part[6] cum=99.7188% share=24.6562% device_global=6 rank=3 local_index=-1 offset=6007500 count=1980000
    part[7] cum=100% share=0.28125% device_global=7 rank=3 local_index=-1 offset=7987500 count=12500
    total=100%
  CURRENT loads:
    part[0] cum=24.7188% share=24.7188% device_global=0 rank=0 local_index=0 offset=0 count=1977500
    part[1] cum=25.0938% share=0.375% device_global=1 rank=0 local_index=1 offset=1977500 count=30000
    part[2] cum=49.875% share=24.7812% device_global=2 rank=1 local_index=-1 offset=2007500 count=1982500
    part[3] cum=50.2188% share=0.343749% device_global=3 rank=1 local_index=-1 offset=3990000 count=27500
    part[4] cum=74.9062% share=24.6875% device_global=4 rank=2 local_index=-1 offset=4017500 count=1975000
    part[5] cum=75.0938% share=0.187504% device_global=5 rank=2 local_index=-1 offset=5992500 count=15000
    part[6] cum=99.8438% share=24.75% device_global=6 rank=3 local_index=-1 offset=6007500 count=1980000
    part[7] cum=100% share=0.156248% device_global=7 rank=3 local_index=-1 offset=7987500 count=12500
    total=100%

=== PARTICOES FINAIS ===
=== Particoes globais ===
part[0] device_global=0 rank=0 local_index=0 offset=0 count=1977500
part[1] device_global=1 rank=0 local_index=1 offset=1977500 count=30000
part[2] device_global=2 rank=1 local_index=-1 offset=2007500 count=1982500
part[3] device_global=3 rank=1 local_index=-1 offset=3990000 count=27500
part[4] device_global=4 rank=2 local_index=-1 offset=4017500 count=1975000
part[5] device_global=5 rank=2 local_index=-1 offset=5992500 count=15000
part[6] device_global=6 rank=3 local_index=-1 offset=6007500 count=1980000
part[7] device_global=7 rank=3 local_index=-1 offset=7987500 count=12500


============================
ITERACAO 10000
Tempo de execução: 56.5146s
