=== Dispositivos locais do rank 0 ===
global=0 local=0 nome="NVIDIA RTX 2000 Ada Generation" compute_units=22
global=1 local=1 nome="Intel(R) Xeon(R) CPU           E5620  @ 2.40GHz" compute_units=16

=== Dispositivos locais do rank 1 ===
global=2 local=0 nome="NVIDIA RTX 2000 Ada Generation" compute_units=22
global=3 local=1 nome="Intel(R) Xeon(R) CPU           E5620  @ 2.40GHz" compute_units=16

=== PARTICOES INICIAIS ===
=== Particoes globais ===
part[0] device_global=0 rank=0 local_index=0 offset=0 count=2000000
part[1] device_global=1 rank=0 local_index=1 offset=2000000 count=2000000
part[2] device_global=2 rank=1 local_index=-1 offset=4000000 count=2000000
part[3] device_global=3 rank=1 local_index=-1 offset=6000000 count=2000000

X = 50 Y = 50 Z = 3200 Iterations = 10000
[DCL][balance-metrics] iteration=100
  policy=profiled
  action=rebalance
  reason=adaptive decision accepted; remaining_iterations=9900, gain_total=100.936, migration_cost=0.0176426, max_migrated_bytes=1040000, T_comp_int_per_iter=0.0103801, T_comp_bal_per_iter=0.000184587
  T_compute_interval_s=10.3801
  T_comm_interval_s=9.27278
  T_balance_total_s=0.352264
  T_rebalance_apply_s=0.142795
  T_compute_accum_s=10.3801
  T_comm_accum_s=9.27278
  T_balance_accum_s=0.352264
  T_rebalance_apply_accum_s=0.142795
  device_times_s:
    part[0]=0.0929013
    part[1]=6.1206
    part[2]=0.0938775
    part[3]=10.3801
  OLD loads:
    part[0] cum=25% share=25% device_global=0 rank=0 local_index=0 offset=0 count=3972500
    part[1] cum=50% share=25% device_global=1 rank=0 local_index=1 offset=3972500 count=60000
    part[2] cum=75% share=25% device_global=2 rank=1 local_index=-1 offset=4032500 count=3932500
    part[3] cum=100% share=25% device_global=3 rank=1 local_index=-1 offset=7965000 count=35000
    total=100%
  PROPOSED loads:
    part[0] cum=49.6562% share=49.6562% device_global=0 rank=0 local_index=0 offset=0 count=3972500
    part[1] cum=50.4062% share=0.749996% device_global=1 rank=0 local_index=1 offset=3972500 count=60000
    part[2] cum=99.5625% share=49.1563% device_global=2 rank=1 local_index=-1 offset=4032500 count=3932500
    part[3] cum=100% share=0.437498% device_global=3 rank=1 local_index=-1 offset=7965000 count=35000
    total=100%
  CURRENT loads:
    part[0] cum=49.6562% share=49.6562% device_global=0 rank=0 local_index=0 offset=0 count=3972500
    part[1] cum=50.4062% share=0.749996% device_global=1 rank=0 local_index=1 offset=3972500 count=60000
    part[2] cum=99.5625% share=49.1563% device_global=2 rank=1 local_index=-1 offset=4032500 count=3932500
    part[3] cum=100% share=0.437498% device_global=3 rank=1 local_index=-1 offset=7965000 count=35000
    total=100%
[DCL][balance-metrics] iteration=1100
  policy=profiled
  action=rebalance
  reason=adaptive decision accepted; remaining_iterations=8900, gain_total=7.63921, migration_cost=0.0193822, max_migrated_bytes=1200000, T_comp_int_per_iter=0.00244701, T_comp_bal_per_iter=0.00158868
  T_compute_interval_s=2.44701
  T_comm_interval_s=1.87449
  T_balance_total_s=0.034701
  T_rebalance_apply_s=0.0244597
  T_compute_accum_s=12.8271
  T_comm_accum_s=11.1473
  T_balance_accum_s=0.386965
  T_rebalance_apply_accum_s=0.167254
  device_times_s:
    part[0]=1.5994
    part[1]=1.89949
    part[2]=1.56873
    part[3]=2.44701
  OLD loads:
    part[0] cum=49.6562% share=49.6562% device_global=0 rank=0 local_index=0 offset=0 count=3945000
    part[1] cum=50.4062% share=0.749996% device_global=1 rank=0 local_index=1 offset=3945000 count=50000
    part[2] cum=99.5625% share=49.1563% device_global=2 rank=1 local_index=-1 offset=3995000 count=3982500
    part[3] cum=100% share=0.437498% device_global=3 rank=1 local_index=-1 offset=7977500 count=22500
    total=100%
  PROPOSED loads:
    part[0] cum=49.3125% share=49.3125% device_global=0 rank=0 local_index=0 offset=0 count=3945000
    part[1] cum=49.9375% share=0.624999% device_global=1 rank=0 local_index=1 offset=3945000 count=50000
    part[2] cum=99.7188% share=49.7812% device_global=2 rank=1 local_index=-1 offset=3995000 count=3982500
    part[3] cum=100% share=0.28125% device_global=3 rank=1 local_index=-1 offset=7977500 count=22500
    total=100%
  CURRENT loads:
    part[0] cum=49.3125% share=49.3125% device_global=0 rank=0 local_index=0 offset=0 count=3945000
    part[1] cum=49.9375% share=0.624999% device_global=1 rank=0 local_index=1 offset=3945000 count=50000
    part[2] cum=99.7188% share=49.7812% device_global=2 rank=1 local_index=-1 offset=3995000 count=3982500
    part[3] cum=100% share=0.28125% device_global=3 rank=1 local_index=-1 offset=7977500 count=22500
    total=100%
[DCL][balance-metrics] iteration=2100
  policy=profiled
  action=skip
  reason=adaptive decision rejected; remaining_iterations=7900, gain_total=0, migration_cost=0.00758851, max_migrated_bytes=480000, T_comp_int_per_iter=0.00157468, T_comp_bal_per_iter=0.00157944
  T_compute_interval_s=1.57468
  T_comm_interval_s=1.79523
  T_balance_total_s=0.0119084
  T_rebalance_apply_s=0
  T_compute_accum_s=14.4018
  T_comm_accum_s=12.9425
  T_balance_accum_s=0.398873
  T_rebalance_apply_accum_s=0.167254
  device_times_s:
    part[0]=1.56574
    part[1]=1.37342
    part[2]=1.57468
    part[3]=1.5391
  OLD loads:
    part[0] cum=49.3125% share=49.3125% device_global=0 rank=0 local_index=0 offset=0 count=3945000
    part[1] cum=49.9375% share=0.624999% device_global=1 rank=0 local_index=1 offset=3945000 count=50000
    part[2] cum=99.7188% share=49.7812% device_global=2 rank=1 local_index=-1 offset=3995000 count=3982500
    part[3] cum=100% share=0.28125% device_global=3 rank=1 local_index=-1 offset=7977500 count=22500
    total=100%
  PROPOSED loads:
    part[0] cum=49.4062% share=49.4062% device_global=0 rank=0 local_index=0 offset=0 count=3945000
    part[1] cum=50.125% share=0.718752% device_global=1 rank=0 local_index=1 offset=3945000 count=50000
    part[2] cum=99.7188% share=49.5937% device_global=2 rank=1 local_index=-1 offset=3995000 count=3982500
    part[3] cum=100% share=0.28125% device_global=3 rank=1 local_index=-1 offset=7977500 count=22500
    total=100%
  CURRENT loads:
    part[0] cum=49.3125% share=49.3125% device_global=0 rank=0 local_index=0 offset=0 count=3945000
    part[1] cum=49.9375% share=0.624999% device_global=1 rank=0 local_index=1 offset=3945000 count=50000
    part[2] cum=99.7188% share=49.7812% device_global=2 rank=1 local_index=-1 offset=3995000 count=3982500
    part[3] cum=100% share=0.28125% device_global=3 rank=1 local_index=-1 offset=7977500 count=22500
    total=100%
[DCL][balance-metrics] iteration=3100
  policy=profiled
  action=skip
  reason=adaptive decision rejected; remaining_iterations=6900, gain_total=0, migration_cost=0.00505901, max_migrated_bytes=320000, T_comp_int_per_iter=0.00157266, T_comp_bal_per_iter=0.00157413
  T_compute_interval_s=1.57266
  T_comm_interval_s=1.84612
  T_balance_total_s=0.00986682
  T_rebalance_apply_s=0
  T_compute_accum_s=15.9745
  T_comm_accum_s=14.7886
  T_balance_accum_s=0.40874
  T_rebalance_apply_accum_s=0.167254
  device_times_s:
    part[0]=1.56581
    part[1]=1.32742
    part[2]=1.57266
    part[3]=1.28793
  OLD loads:
    part[0] cum=49.3125% share=49.3125% device_global=0 rank=0 local_index=0 offset=0 count=3945000
    part[1] cum=49.9375% share=0.624999% device_global=1 rank=0 local_index=1 offset=3945000 count=50000
    part[2] cum=99.7188% share=49.7812% device_global=2 rank=1 local_index=-1 offset=3995000 count=3982500
    part[3] cum=100% share=0.28125% device_global=3 rank=1 local_index=-1 offset=7977500 count=22500
    total=100%
  PROPOSED loads:
    part[0] cum=49.3438% share=49.3438% device_global=0 rank=0 local_index=0 offset=0 count=3945000
    part[1] cum=50.0625% share=0.718752% device_global=1 rank=0 local_index=1 offset=3945000 count=50000
    part[2] cum=99.6562% share=49.5937% device_global=2 rank=1 local_index=-1 offset=3995000 count=3982500
    part[3] cum=100% share=0.343752% device_global=3 rank=1 local_index=-1 offset=7977500 count=22500
    total=100%
  CURRENT loads:
    part[0] cum=49.3125% share=49.3125% device_global=0 rank=0 local_index=0 offset=0 count=3945000
    part[1] cum=49.9375% share=0.624999% device_global=1 rank=0 local_index=1 offset=3945000 count=50000
    part[2] cum=99.7188% share=49.7812% device_global=2 rank=1 local_index=-1 offset=3995000 count=3982500
    part[3] cum=100% share=0.28125% device_global=3 rank=1 local_index=-1 offset=7977500 count=22500
    total=100%
[DCL][balance-metrics] iteration=4100
  policy=profiled
  action=rebalance
  reason=adaptive decision accepted; remaining_iterations=5900, gain_total=0.0407737, migration_cost=0.00348191, max_migrated_bytes=240000, T_comp_int_per_iter=0.0015727, T_comp_bal_per_iter=0.00156579
  T_compute_interval_s=1.5727
  T_comm_interval_s=1.81019
  T_balance_total_s=0.0151819
  T_rebalance_apply_s=0.0050607
  T_compute_accum_s=17.5472
  T_comm_accum_s=16.5988
  T_balance_accum_s=0.423922
  T_rebalance_apply_accum_s=0.172315
  device_times_s:
    part[0]=1.56566
    part[1]=1.30786
    part[2]=1.5727
    part[3]=1.07056
  OLD loads:
    part[0] cum=49.3125% share=49.3125% device_global=0 rank=0 local_index=0 offset=0 count=3945000
    part[1] cum=49.9375% share=0.624999% device_global=1 rank=0 local_index=1 offset=3945000 count=57500
    part[2] cum=99.7188% share=49.7812% device_global=2 rank=1 local_index=-1 offset=4002500 count=3965000
    part[3] cum=100% share=0.28125% device_global=3 rank=1 local_index=-1 offset=7967500 count=32500
    total=100%
  PROPOSED loads:
    part[0] cum=49.3125% share=49.3125% device_global=0 rank=0 local_index=0 offset=0 count=3945000
    part[1] cum=50.0312% share=0.718752% device_global=1 rank=0 local_index=1 offset=3945000 count=57500
    part[2] cum=99.5938% share=49.5625% device_global=2 rank=1 local_index=-1 offset=4002500 count=3965000
    part[3] cum=100% share=0.406247% device_global=3 rank=1 local_index=-1 offset=7967500 count=32500
    total=100%
  CURRENT loads:
    part[0] cum=49.3125% share=49.3125% device_global=0 rank=0 local_index=0 offset=0 count=3945000
    part[1] cum=50.0312% share=0.718752% device_global=1 rank=0 local_index=1 offset=3945000 count=57500
    part[2] cum=99.5938% share=49.5625% device_global=2 rank=1 local_index=-1 offset=4002500 count=3965000
    part[3] cum=100% share=0.406247% device_global=3 rank=1 local_index=-1 offset=7967500 count=32500
    total=100%
[DCL][balance-metrics] iteration=5100
  policy=profiled
  action=skip
  reason=adaptive decision rejected; remaining_iterations=4900, gain_total=0, migration_cost=0, max_migrated_bytes=0, T_comp_int_per_iter=0.00156608, T_comp_bal_per_iter=0.00161271
  T_compute_interval_s=1.56608
  T_comm_interval_s=1.82421
  T_balance_total_s=0.00984524
  T_rebalance_apply_s=0
  T_compute_accum_s=19.1132
  T_comm_accum_s=18.423
  T_balance_accum_s=0.433767
  T_rebalance_apply_accum_s=0.172315
  device_times_s:
    part[0]=1.56561
    part[1]=1.46054
    part[2]=1.56608
    part[3]=1.31033
  OLD loads:
    part[0] cum=49.3125% share=49.3125% device_global=0 rank=0 local_index=0 offset=0 count=3945000
    part[1] cum=50.0312% share=0.718752% device_global=1 rank=0 local_index=1 offset=3945000 count=57500
    part[2] cum=99.5938% share=49.5625% device_global=2 rank=1 local_index=-1 offset=4002500 count=3965000
    part[3] cum=100% share=0.406247% device_global=3 rank=1 local_index=-1 offset=7967500 count=32500
    total=100%
  PROPOSED loads:
    part[0] cum=49.25% share=49.25% device_global=0 rank=0 local_index=0 offset=0 count=3945000
    part[1] cum=50.0312% share=0.78125% device_global=1 rank=0 local_index=1 offset=3945000 count=57500
    part[2] cum=99.5% share=49.4688% device_global=2 rank=1 local_index=-1 offset=4002500 count=3965000
    part[3] cum=100% share=0.5% device_global=3 rank=1 local_index=-1 offset=7967500 count=32500
    total=100%
  CURRENT loads:
    part[0] cum=49.3125% share=49.3125% device_global=0 rank=0 local_index=0 offset=0 count=3945000
    part[1] cum=50.0312% share=0.718752% device_global=1 rank=0 local_index=1 offset=3945000 count=57500
    part[2] cum=99.5938% share=49.5625% device_global=2 rank=1 local_index=-1 offset=4002500 count=3965000
    part[3] cum=100% share=0.406247% device_global=3 rank=1 local_index=-1 offset=7967500 count=32500
    total=100%
[DCL][balance-metrics] iteration=6100
  policy=profiled
  action=skip
  reason=adaptive decision rejected; remaining_iterations=3900, gain_total=0, migration_cost=0, max_migrated_bytes=0, T_comp_int_per_iter=0.00156774, T_comp_bal_per_iter=0.00158811
  T_compute_interval_s=1.56774
  T_comm_interval_s=1.84802
  T_balance_total_s=0.00925313
  T_rebalance_apply_s=0
  T_compute_accum_s=20.681
  T_comm_accum_s=20.271
  T_balance_accum_s=0.44302
  T_rebalance_apply_accum_s=0.172315
  device_times_s:
    part[0]=1.56568
    part[1]=1.45082
    part[2]=1.56774
    part[3]=1.21444
  OLD loads:
    part[0] cum=49.3125% share=49.3125% device_global=0 rank=0 local_index=0 offset=0 count=3945000
    part[1] cum=50.0312% share=0.718752% device_global=1 rank=0 local_index=1 offset=3945000 count=57500
    part[2] cum=99.5938% share=49.5625% device_global=2 rank=1 local_index=-1 offset=4002500 count=3965000
    part[3] cum=100% share=0.406247% device_global=3 rank=1 local_index=-1 offset=7967500 count=32500
    total=100%
  PROPOSED loads:
    part[0] cum=49.25% share=49.25% device_global=0 rank=0 local_index=0 offset=0 count=3945000
    part[1] cum=50.0312% share=0.78125% device_global=1 rank=0 local_index=1 offset=3945000 count=57500
    part[2] cum=99.4688% share=49.4375% device_global=2 rank=1 local_index=-1 offset=4002500 count=3965000
    part[3] cum=100% share=0.53125% device_global=3 rank=1 local_index=-1 offset=7967500 count=32500
    total=100%
  CURRENT loads:
    part[0] cum=49.3125% share=49.3125% device_global=0 rank=0 local_index=0 offset=0 count=3945000
    part[1] cum=50.0312% share=0.718752% device_global=1 rank=0 local_index=1 offset=3945000 count=57500
    part[2] cum=99.5938% share=49.5625% device_global=2 rank=1 local_index=-1 offset=4002500 count=3965000
    part[3] cum=100% share=0.406247% device_global=3 rank=1 local_index=-1 offset=7967500 count=32500
    total=100%
[DCL][balance-metrics] iteration=7100
  policy=profiled
  action=skip
  reason=adaptive decision rejected; remaining_iterations=2900, gain_total=0, migration_cost=0, max_migrated_bytes=0, T_comp_int_per_iter=0.00156803, T_comp_bal_per_iter=0.00156995
  T_compute_interval_s=1.56803
  T_comm_interval_s=1.83061
  T_balance_total_s=0.00935154
  T_rebalance_apply_s=0
  T_compute_accum_s=22.249
  T_comm_accum_s=22.1016
  T_balance_accum_s=0.452372
  T_rebalance_apply_accum_s=0.172315
  device_times_s:
    part[0]=1.56553
    part[1]=1.44436
    part[2]=1.56803
    part[3]=1.18175
  OLD loads:
    part[0] cum=49.3125% share=49.3125% device_global=0 rank=0 local_index=0 offset=0 count=3945000
    part[1] cum=50.0312% share=0.718752% device_global=1 rank=0 local_index=1 offset=3945000 count=57500
    part[2] cum=99.5938% share=49.5625% device_global=2 rank=1 local_index=-1 offset=4002500 count=3965000
    part[3] cum=100% share=0.406247% device_global=3 rank=1 local_index=-1 offset=7967500 count=32500
    total=100%
  PROPOSED loads:
    part[0] cum=49.25% share=49.25% device_global=0 rank=0 local_index=0 offset=0 count=3945000
    part[1] cum=50.0312% share=0.78125% device_global=1 rank=0 local_index=1 offset=3945000 count=57500
    part[2] cum=99.4688% share=49.4375% device_global=2 rank=1 local_index=-1 offset=4002500 count=3965000
    part[3] cum=100% share=0.53125% device_global=3 rank=1 local_index=-1 offset=7967500 count=32500
    total=100%
  CURRENT loads:
    part[0] cum=49.3125% share=49.3125% device_global=0 rank=0 local_index=0 offset=0 count=3945000
    part[1] cum=50.0312% share=0.718752% device_global=1 rank=0 local_index=1 offset=3945000 count=57500
    part[2] cum=99.5938% share=49.5625% device_global=2 rank=1 local_index=-1 offset=4002500 count=3965000
    part[3] cum=100% share=0.406247% device_global=3 rank=1 local_index=-1 offset=7967500 count=32500
    total=100%
[DCL][balance-metrics] iteration=8100
  policy=profiled
  action=skip
  reason=adaptive decision rejected; remaining_iterations=1900, gain_total=0, migration_cost=0, max_migrated_bytes=0, T_comp_int_per_iter=0.00156803, T_comp_bal_per_iter=0.00158251
  T_compute_interval_s=1.56803
  T_comm_interval_s=1.82341
  T_balance_total_s=0.0101046
  T_rebalance_apply_s=0
  T_compute_accum_s=23.817
  T_comm_accum_s=23.9251
  T_balance_accum_s=0.462477
  T_rebalance_apply_accum_s=0.172315
  device_times_s:
    part[0]=1.56582
    part[1]=1.45591
    part[2]=1.56803
    part[3]=1.13664
  OLD loads:
    part[0] cum=49.3125% share=49.3125% device_global=0 rank=0 local_index=0 offset=0 count=3945000
    part[1] cum=50.0312% share=0.718752% device_global=1 rank=0 local_index=1 offset=3945000 count=57500
    part[2] cum=99.5938% share=49.5625% device_global=2 rank=1 local_index=-1 offset=4002500 count=3965000
    part[3] cum=100% share=0.406247% device_global=3 rank=1 local_index=-1 offset=7967500 count=32500
    total=100%
  PROPOSED loads:
    part[0] cum=49.25% share=49.25% device_global=0 rank=0 local_index=0 offset=0 count=3945000
    part[1] cum=50.0312% share=0.78125% device_global=1 rank=0 local_index=1 offset=3945000 count=57500
    part[2] cum=99.4375% share=49.4062% device_global=2 rank=1 local_index=-1 offset=4002500 count=3965000
    part[3] cum=100% share=0.562501% device_global=3 rank=1 local_index=-1 offset=7967500 count=32500
    total=100%
  CURRENT loads:
    part[0] cum=49.3125% share=49.3125% device_global=0 rank=0 local_index=0 offset=0 count=3945000
    part[1] cum=50.0312% share=0.718752% device_global=1 rank=0 local_index=1 offset=3945000 count=57500
    part[2] cum=99.5938% share=49.5625% device_global=2 rank=1 local_index=-1 offset=4002500 count=3965000
    part[3] cum=100% share=0.406247% device_global=3 rank=1 local_index=-1 offset=7967500 count=32500
    total=100%
[DCL][balance-metrics] iteration=9100
  policy=profiled
  action=skip
  reason=adaptive decision rejected; remaining_iterations=900, gain_total=0, migration_cost=0.0014425, max_migrated_bytes=80000, T_comp_int_per_iter=0.00156792, T_comp_bal_per_iter=0.00158413
  T_compute_interval_s=1.56792
  T_comm_interval_s=1.84501
  T_balance_total_s=0.00953291
  T_rebalance_apply_s=0
  T_compute_accum_s=25.385
  T_comm_accum_s=25.7701
  T_balance_accum_s=0.472009
  T_rebalance_apply_accum_s=0.172315
  device_times_s:
    part[0]=1.56539
    part[1]=1.45132
    part[2]=1.56792
    part[3]=1.08388
  OLD loads:
    part[0] cum=49.3125% share=49.3125% device_global=0 rank=0 local_index=0 offset=0 count=3945000
    part[1] cum=50.0312% share=0.718752% device_global=1 rank=0 local_index=1 offset=3945000 count=57500
    part[2] cum=99.5938% share=49.5625% device_global=2 rank=1 local_index=-1 offset=4002500 count=3965000
    part[3] cum=100% share=0.406247% device_global=3 rank=1 local_index=-1 offset=7967500 count=32500
    total=100%
  PROPOSED loads:
    part[0] cum=49.25% share=49.25% device_global=0 rank=0 local_index=0 offset=0 count=3945000
    part[1] cum=50% share=0.749999% device_global=1 rank=0 local_index=1 offset=3945000 count=57500
    part[2] cum=99.4062% share=49.4062% device_global=2 rank=1 local_index=-1 offset=4002500 count=3965000
    part[3] cum=100% share=0.593752% device_global=3 rank=1 local_index=-1 offset=7967500 count=32500
    total=100%
  CURRENT loads:
    part[0] cum=49.3125% share=49.3125% device_global=0 rank=0 local_index=0 offset=0 count=3945000
    part[1] cum=50.0312% share=0.718752% device_global=1 rank=0 local_index=1 offset=3945000 count=57500
    part[2] cum=99.5938% share=49.5625% device_global=2 rank=1 local_index=-1 offset=4002500 count=3965000
    part[3] cum=100% share=0.406247% device_global=3 rank=1 local_index=-1 offset=7967500 count=32500
    total=100%

=== PARTICOES FINAIS ===
=== Particoes globais ===
part[0] device_global=0 rank=0 local_index=0 offset=0 count=3945000
part[1] device_global=1 rank=0 local_index=1 offset=3945000 count=57500
part[2] device_global=2 rank=1 local_index=-1 offset=4002500 count=3965000
part[3] device_global=3 rank=1 local_index=-1 offset=7967500 count=32500


============================
ITERACAO 10000
Tempo de execução: 35.6668s
