=== Dispositivos locais do rank 1 ===
global=2 local=0 nome="NVIDIA RTX 2000 Ada Generation" compute_units=22
global=3 local=1 nome="Intel(R) Xeon(R) CPU           E5620  @ 2.40GHz" compute_units=16

=== Dispositivos locais do rank 0 ===
global=0 local=0 nome="NVIDIA RTX 2000 Ada Generation" compute_units=22
global=1 local=1 nome="Intel(R) Xeon(R) CPU           E5620  @ 2.40GHz" compute_units=16

=== PARTICOES INICIAIS ===
=== Particoes globais ===
part[0] device_global=0 rank=0 local_index=0 offset=0 count=2000000
part[1] device_global=1 rank=0 local_index=1 offset=2000000 count=2000000
part[2] device_global=2 rank=1 local_index=-1 offset=4000000 count=2000000
part[3] device_global=3 rank=1 local_index=-1 offset=6000000 count=2000000

X = 50 Y = 50 Z = 3200 Iterations = 10000
[DCL][balance-metrics] iteration=100
  policy=profiled
  action=rebalance
  reason=adaptive decision accepted; remaining_iterations=9900, gain_total=100.983, migration_cost=0.0219664, max_migrated_bytes=1360000, T_comp_int_per_iter=0.0103849, T_comp_bal_per_iter=0.000184586
  T_compute_interval_s=10.3849
  T_comm_interval_s=9.3008
  T_balance_total_s=0.357441
  T_rebalance_apply_s=0.147091
  T_compute_accum_s=10.3849
  T_comm_accum_s=9.3008
  T_balance_accum_s=0.357441
  T_rebalance_apply_accum_s=0.147091
  device_times_s:
    part[0]=0.0926984
    part[1]=6.09952
    part[2]=0.0940908
    part[3]=10.3849
  OLD loads:
    part[0] cum=25% share=25% device_global=0 rank=0 local_index=0 offset=0 count=3982500
    part[1] cum=50% share=25% device_global=1 rank=0 local_index=1 offset=3982500 count=60000
    part[2] cum=75% share=25% device_global=2 rank=1 local_index=-1 offset=4042500 count=3922500
    part[3] cum=100% share=25% device_global=3 rank=1 local_index=-1 offset=7965000 count=35000
    total=100%
  PROPOSED loads:
    part[0] cum=49.7812% share=49.7812% device_global=0 rank=0 local_index=0 offset=0 count=3982500
    part[1] cum=50.5312% share=0.749999% device_global=1 rank=0 local_index=1 offset=3982500 count=60000
    part[2] cum=99.5625% share=49.0312% device_global=2 rank=1 local_index=-1 offset=4042500 count=3922500
    part[3] cum=100% share=0.437498% device_global=3 rank=1 local_index=-1 offset=7965000 count=35000
    total=100%
  CURRENT loads:
    part[0] cum=49.7812% share=49.7812% device_global=0 rank=0 local_index=0 offset=0 count=3982500
    part[1] cum=50.5312% share=0.749999% device_global=1 rank=0 local_index=1 offset=3982500 count=60000
    part[2] cum=99.5625% share=49.0312% device_global=2 rank=1 local_index=-1 offset=4042500 count=3922500
    part[3] cum=100% share=0.437498% device_global=3 rank=1 local_index=-1 offset=7965000 count=35000
    total=100%
[DCL][balance-metrics] iteration=1100
  policy=profiled
  action=rebalance
  reason=adaptive decision accepted; remaining_iterations=8900, gain_total=7.41556, migration_cost=0.0245507, max_migrated_bytes=1520000, T_comp_int_per_iter=0.00242375, T_comp_bal_per_iter=0.00159054
  T_compute_interval_s=2.42375
  T_comm_interval_s=1.90646
  T_balance_total_s=0.0467582
  T_rebalance_apply_s=0.0363196
  T_compute_accum_s=12.8087
  T_comm_accum_s=11.2073
  T_balance_accum_s=0.404199
  T_rebalance_apply_accum_s=0.183411
  device_times_s:
    part[0]=1.60509
    part[1]=1.90662
    part[2]=1.56658
    part[3]=2.42375
  OLD loads:
    part[0] cum=49.7812% share=49.7812% device_global=0 rank=0 local_index=0 offset=0 count=3945000
    part[1] cum=50.5312% share=0.749999% device_global=1 rank=0 local_index=1 offset=3945000 count=50000
    part[2] cum=99.5625% share=49.0312% device_global=2 rank=1 local_index=-1 offset=3995000 count=3982500
    part[3] cum=100% share=0.437498% device_global=3 rank=1 local_index=-1 offset=7977500 count=22500
    total=100%
  PROPOSED loads:
    part[0] cum=49.3125% share=49.3125% device_global=0 rank=0 local_index=0 offset=0 count=3945000
    part[1] cum=49.9375% share=0.624999% device_global=1 rank=0 local_index=1 offset=3945000 count=50000
    part[2] cum=99.7188% share=49.7812% device_global=2 rank=1 local_index=-1 offset=3995000 count=3982500
    part[3] cum=100% share=0.28125% device_global=3 rank=1 local_index=-1 offset=7977500 count=22500
    total=100%
  CURRENT loads:
    part[0] cum=49.3125% share=49.3125% device_global=0 rank=0 local_index=0 offset=0 count=3945000
    part[1] cum=49.9375% share=0.624999% device_global=1 rank=0 local_index=1 offset=3945000 count=50000
    part[2] cum=99.7188% share=49.7812% device_global=2 rank=1 local_index=-1 offset=3995000 count=3982500
    part[3] cum=100% share=0.28125% device_global=3 rank=1 local_index=-1 offset=7977500 count=22500
    total=100%
[DCL][balance-metrics] iteration=2100
  policy=profiled
  action=skip
  reason=adaptive decision rejected; remaining_iterations=7900, gain_total=0, migration_cost=0.00505901, max_migrated_bytes=320000, T_comp_int_per_iter=0.00157187, T_comp_bal_per_iter=0.00157338
  T_compute_interval_s=1.57187
  T_comm_interval_s=1.81351
  T_balance_total_s=0.00965996
  T_rebalance_apply_s=0
  T_compute_accum_s=14.3806
  T_comm_accum_s=13.0208
  T_balance_accum_s=0.413859
  T_rebalance_apply_accum_s=0.183411
  device_times_s:
    part[0]=1.56583
    part[1]=1.36815
    part[2]=1.57187
    part[3]=1.49799
  OLD loads:
    part[0] cum=49.3125% share=49.3125% device_global=0 rank=0 local_index=0 offset=0 count=3945000
    part[1] cum=49.9375% share=0.624999% device_global=1 rank=0 local_index=1 offset=3945000 count=50000
    part[2] cum=99.7188% share=49.7812% device_global=2 rank=1 local_index=-1 offset=3995000 count=3982500
    part[3] cum=100% share=0.28125% device_global=3 rank=1 local_index=-1 offset=7977500 count=22500
    total=100%
  PROPOSED loads:
    part[0] cum=49.3438% share=49.3438% device_global=0 rank=0 local_index=0 offset=0 count=3945000
    part[1] cum=50.0625% share=0.718752% device_global=1 rank=0 local_index=1 offset=3945000 count=50000
    part[2] cum=99.7188% share=49.6562% device_global=2 rank=1 local_index=-1 offset=3995000 count=3982500
    part[3] cum=100% share=0.28125% device_global=3 rank=1 local_index=-1 offset=7977500 count=22500
    total=100%
  CURRENT loads:
    part[0] cum=49.3125% share=49.3125% device_global=0 rank=0 local_index=0 offset=0 count=3945000
    part[1] cum=49.9375% share=0.624999% device_global=1 rank=0 local_index=1 offset=3945000 count=50000
    part[2] cum=99.7188% share=49.7812% device_global=2 rank=1 local_index=-1 offset=3995000 count=3982500
    part[3] cum=100% share=0.28125% device_global=3 rank=1 local_index=-1 offset=7977500 count=22500
    total=100%
[DCL][balance-metrics] iteration=3100
  policy=profiled
  action=rebalance
  reason=adaptive decision accepted; remaining_iterations=6900, gain_total=0.0402419, migration_cost=0.00505901, max_migrated_bytes=320000, T_comp_int_per_iter=0.00157236, T_comp_bal_per_iter=0.00156653
  T_compute_interval_s=1.57236
  T_comm_interval_s=1.8115
  T_balance_total_s=0.0188259
  T_rebalance_apply_s=0.00504338
  T_compute_accum_s=15.9529
  T_comm_accum_s=14.8323
  T_balance_accum_s=0.432685
  T_rebalance_apply_accum_s=0.188454
  device_times_s:
    part[0]=1.56553
    part[1]=1.3232
    part[2]=1.57236
    part[3]=1.27247
  OLD loads:
    part[0] cum=49.3125% share=49.3125% device_global=0 rank=0 local_index=0 offset=0 count=3947500
    part[1] cum=49.9375% share=0.624999% device_global=1 rank=0 local_index=1 offset=3947500 count=57500
    part[2] cum=99.7188% share=49.7812% device_global=2 rank=1 local_index=-1 offset=4005000 count=3967500
    part[3] cum=100% share=0.28125% device_global=3 rank=1 local_index=-1 offset=7972500 count=27500
    total=100%
  PROPOSED loads:
    part[0] cum=49.3438% share=49.3438% device_global=0 rank=0 local_index=0 offset=0 count=3947500
    part[1] cum=50.0625% share=0.718752% device_global=1 rank=0 local_index=1 offset=3947500 count=57500
    part[2] cum=99.6562% share=49.5937% device_global=2 rank=1 local_index=-1 offset=4005000 count=3967500
    part[3] cum=100% share=0.343752% device_global=3 rank=1 local_index=-1 offset=7972500 count=27500
    total=100%
  CURRENT loads:
    part[0] cum=49.3438% share=49.3438% device_global=0 rank=0 local_index=0 offset=0 count=3947500
    part[1] cum=50.0625% share=0.718752% device_global=1 rank=0 local_index=1 offset=3947500 count=57500
    part[2] cum=99.6562% share=49.5937% device_global=2 rank=1 local_index=-1 offset=4005000 count=3967500
    part[3] cum=100% share=0.343752% device_global=3 rank=1 local_index=-1 offset=7972500 count=27500
    total=100%
[DCL][balance-metrics] iteration=4100
  policy=profiled
  action=rebalance
  reason=adaptive decision accepted; remaining_iterations=5900, gain_total=0.0116479, migration_cost=0.0014425, max_migrated_bytes=80000, T_comp_int_per_iter=0.00156654, T_comp_bal_per_iter=0.00156457
  T_compute_interval_s=1.56654
  T_comm_interval_s=1.85303
  T_balance_total_s=0.0130679
  T_rebalance_apply_s=0.00248813
  T_compute_accum_s=17.5195
  T_comm_accum_s=16.6853
  T_balance_accum_s=0.445753
  T_rebalance_apply_accum_s=0.190942
  device_times_s:
    part[0]=1.56643
    part[1]=1.47607
    part[2]=1.56654
    part[3]=1.22798
  OLD loads:
    part[0] cum=49.3438% share=49.3438% device_global=0 rank=0 local_index=0 offset=0 count=3942500
    part[1] cum=50.0625% share=0.718752% device_global=1 rank=0 local_index=1 offset=3942500 count=60000
    part[2] cum=99.6562% share=49.5937% device_global=2 rank=1 local_index=-1 offset=4002500 count=3962500
    part[3] cum=100% share=0.343752% device_global=3 rank=1 local_index=-1 offset=7965000 count=35000
    total=100%
  PROPOSED loads:
    part[0] cum=49.2812% share=49.2812% device_global=0 rank=0 local_index=0 offset=0 count=3942500
    part[1] cum=50.0312% share=0.749999% device_global=1 rank=0 local_index=1 offset=3942500 count=60000
    part[2] cum=99.5625% share=49.5312% device_global=2 rank=1 local_index=-1 offset=4002500 count=3962500
    part[3] cum=100% share=0.437498% device_global=3 rank=1 local_index=-1 offset=7965000 count=35000
    total=100%
  CURRENT loads:
    part[0] cum=49.2812% share=49.2812% device_global=0 rank=0 local_index=0 offset=0 count=3942500
    part[1] cum=50.0312% share=0.749999% device_global=1 rank=0 local_index=1 offset=3942500 count=60000
    part[2] cum=99.5625% share=49.5312% device_global=2 rank=1 local_index=-1 offset=4002500 count=3962500
    part[3] cum=100% share=0.437498% device_global=3 rank=1 local_index=-1 offset=7965000 count=35000
    total=100%
[DCL][balance-metrics] iteration=5100
  policy=profiled
  action=rebalance
  reason=adaptive decision accepted; remaining_iterations=4900, gain_total=0.0722519, migration_cost=0.01809, max_migrated_bytes=1120000, T_comp_int_per_iter=0.00156504, T_comp_bal_per_iter=0.00155029
  T_compute_interval_s=1.56504
  T_comm_interval_s=1.8476
  T_balance_total_s=0.032147
  T_rebalance_apply_s=0.0217277
  T_compute_accum_s=19.0845
  T_comm_accum_s=18.5329
  T_balance_accum_s=0.4779
  T_rebalance_apply_accum_s=0.21267
  device_times_s:
    part[0]=1.53665
    part[1]=1.51731
    part[2]=1.56504
    part[3]=1.41556
  OLD loads:
    part[0] cum=49.2812% share=49.2812% device_global=0 rank=0 local_index=0 offset=0 count=3977500
    part[1] cum=50.0312% share=0.749999% device_global=1 rank=0 local_index=1 offset=3977500 count=60000
    part[2] cum=99.5625% share=49.5312% device_global=2 rank=1 local_index=-1 offset=4037500 count=3925000
    part[3] cum=100% share=0.437498% device_global=3 rank=1 local_index=-1 offset=7962500 count=37500
    total=100%
  PROPOSED loads:
    part[0] cum=49.7188% share=49.7188% device_global=0 rank=0 local_index=0 offset=0 count=3977500
    part[1] cum=50.4688% share=0.749999% device_global=1 rank=0 local_index=1 offset=3977500 count=60000
    part[2] cum=99.5312% share=49.0625% device_global=2 rank=1 local_index=-1 offset=4037500 count=3925000
    part[3] cum=100% share=0.468749% device_global=3 rank=1 local_index=-1 offset=7962500 count=37500
    total=100%
  CURRENT loads:
    part[0] cum=49.7188% share=49.7188% device_global=0 rank=0 local_index=0 offset=0 count=3977500
    part[1] cum=50.4688% share=0.749999% device_global=1 rank=0 local_index=1 offset=3977500 count=60000
    part[2] cum=99.5312% share=49.0625% device_global=2 rank=1 local_index=-1 offset=4037500 count=3925000
    part[3] cum=100% share=0.468749% device_global=3 rank=1 local_index=-1 offset=7962500 count=37500
    total=100%
[DCL][balance-metrics] iteration=6100
  policy=profiled
  action=skip
  reason=adaptive decision rejected; remaining_iterations=3900, gain_total=0.00155421, migration_cost=0.01809, max_migrated_bytes=1120000, T_comp_int_per_iter=0.00157881, T_comp_bal_per_iter=0.00157841
  T_compute_interval_s=1.57881
  T_comm_interval_s=1.84143
  T_balance_total_s=0.00960961
  T_rebalance_apply_s=0
  T_compute_accum_s=20.6633
  T_comm_accum_s=20.3743
  T_balance_accum_s=0.487509
  T_rebalance_apply_accum_s=0.21267
  device_times_s:
    part[0]=1.57881
    part[1]=1.50625
    part[2]=1.55172
    part[3]=1.39271
  OLD loads:
    part[0] cum=49.7188% share=49.7188% device_global=0 rank=0 local_index=0 offset=0 count=3977500
    part[1] cum=50.4688% share=0.749999% device_global=1 rank=0 local_index=1 offset=3977500 count=60000
    part[2] cum=99.5312% share=49.0625% device_global=2 rank=1 local_index=-1 offset=4037500 count=3925000
    part[3] cum=100% share=0.468749% device_global=3 rank=1 local_index=-1 offset=7962500 count=37500
    total=100%
  PROPOSED loads:
    part[0] cum=49.25% share=49.25% device_global=0 rank=0 local_index=0 offset=0 count=3977500
    part[1] cum=50.0312% share=0.78125% device_global=1 rank=0 local_index=1 offset=3977500 count=60000
    part[2] cum=99.4688% share=49.4375% device_global=2 rank=1 local_index=-1 offset=4037500 count=3925000
    part[3] cum=100% share=0.53125% device_global=3 rank=1 local_index=-1 offset=7962500 count=37500
    total=100%
  CURRENT loads:
    part[0] cum=49.7188% share=49.7188% device_global=0 rank=0 local_index=0 offset=0 count=3977500
    part[1] cum=50.4688% share=0.749999% device_global=1 rank=0 local_index=1 offset=3977500 count=60000
    part[2] cum=99.5312% share=49.0625% device_global=2 rank=1 local_index=-1 offset=4037500 count=3925000
    part[3] cum=100% share=0.468749% device_global=3 rank=1 local_index=-1 offset=7962500 count=37500
    total=100%
[DCL][balance-metrics] iteration=7100
  policy=profiled
  action=skip
  reason=adaptive decision rejected; remaining_iterations=2900, gain_total=0, migration_cost=0.01809, max_migrated_bytes=1120000, T_comp_int_per_iter=0.00157856, T_comp_bal_per_iter=0.00159001
  T_compute_interval_s=1.57856
  T_comm_interval_s=1.84397
  T_balance_total_s=0.00985838
  T_rebalance_apply_s=0
  T_compute_accum_s=22.2419
  T_comm_accum_s=22.2183
  T_balance_accum_s=0.497368
  T_rebalance_apply_accum_s=0.21267
  device_times_s:
    part[0]=1.57856
    part[1]=1.52335
    part[2]=1.55251
    part[3]=1.32501
  OLD loads:
    part[0] cum=49.7188% share=49.7188% device_global=0 rank=0 local_index=0 offset=0 count=3977500
    part[1] cum=50.4688% share=0.749999% device_global=1 rank=0 local_index=1 offset=3977500 count=60000
    part[2] cum=99.5312% share=49.0625% device_global=2 rank=1 local_index=-1 offset=4037500 count=3925000
    part[3] cum=100% share=0.468749% device_global=3 rank=1 local_index=-1 offset=7962500 count=37500
    total=100%
  PROPOSED loads:
    part[0] cum=49.25% share=49.25% device_global=0 rank=0 local_index=0 offset=0 count=3977500
    part[1] cum=50.0312% share=0.78125% device_global=1 rank=0 local_index=1 offset=3977500 count=60000
    part[2] cum=99.4375% share=49.4062% device_global=2 rank=1 local_index=-1 offset=4037500 count=3925000
    part[3] cum=100% share=0.562501% device_global=3 rank=1 local_index=-1 offset=7962500 count=37500
    total=100%
  CURRENT loads:
    part[0] cum=49.7188% share=49.7188% device_global=0 rank=0 local_index=0 offset=0 count=3977500
    part[1] cum=50.4688% share=0.749999% device_global=1 rank=0 local_index=1 offset=3977500 count=60000
    part[2] cum=99.5312% share=49.0625% device_global=2 rank=1 local_index=-1 offset=4037500 count=3925000
    part[3] cum=100% share=0.468749% device_global=3 rank=1 local_index=-1 offset=7962500 count=37500
    total=100%
[DCL][balance-metrics] iteration=8100
  policy=profiled
  action=rebalance
  reason=adaptive decision accepted; remaining_iterations=1900, gain_total=0.0274348, migration_cost=0.0193822, max_migrated_bytes=1200000, T_comp_int_per_iter=0.00157869, T_comp_bal_per_iter=0.00156425
  T_compute_interval_s=1.57869
  T_comm_interval_s=1.82707
  T_balance_total_s=0.0310545
  T_rebalance_apply_s=0.0207836
  T_compute_accum_s=23.8206
  T_comm_accum_s=24.0454
  T_balance_accum_s=0.528422
  T_rebalance_apply_accum_s=0.233453
  device_times_s:
    part[0]=1.57869
    part[1]=1.50253
    part[2]=1.55239
    part[3]=1.27088
  OLD loads:
    part[0] cum=49.7188% share=49.7188% device_global=0 rank=0 local_index=0 offset=0 count=3940000
    part[1] cum=50.4688% share=0.749999% device_global=1 rank=0 local_index=1 offset=3940000 count=60000
    part[2] cum=99.5312% share=49.0625% device_global=2 rank=1 local_index=-1 offset=4000000 count=3955000
    part[3] cum=100% share=0.468749% device_global=3 rank=1 local_index=-1 offset=7955000 count=45000
    total=100%
  PROPOSED loads:
    part[0] cum=49.25% share=49.25% device_global=0 rank=0 local_index=0 offset=0 count=3940000
    part[1] cum=50% share=0.749999% device_global=1 rank=0 local_index=1 offset=3940000 count=60000
    part[2] cum=99.4375% share=49.4375% device_global=2 rank=1 local_index=-1 offset=4000000 count=3955000
    part[3] cum=100% share=0.562501% device_global=3 rank=1 local_index=-1 offset=7955000 count=45000
    total=100%
  CURRENT loads:
    part[0] cum=49.25% share=49.25% device_global=0 rank=0 local_index=0 offset=0 count=3940000
    part[1] cum=50% share=0.749999% device_global=1 rank=0 local_index=1 offset=3940000 count=60000
    part[2] cum=99.4375% share=49.4375% device_global=2 rank=1 local_index=-1 offset=4000000 count=3955000
    part[3] cum=100% share=0.562501% device_global=3 rank=1 local_index=-1 offset=7955000 count=45000
    total=100%
[DCL][balance-metrics] iteration=9100
  policy=profiled
  action=skip
  reason=adaptive decision rejected; remaining_iterations=900, gain_total=0, migration_cost=0.0014425, max_migrated_bytes=80000, T_comp_int_per_iter=0.00156397, T_comp_bal_per_iter=0.00159558
  T_compute_interval_s=1.56397
  T_comm_interval_s=1.82928
  T_balance_total_s=0.00973937
  T_rebalance_apply_s=0
  T_compute_accum_s=25.3845
  T_comm_accum_s=25.8746
  T_balance_accum_s=0.538162
  T_rebalance_apply_accum_s=0.233453
  device_times_s:
    part[0]=1.56397
    part[1]=1.50281
    part[2]=1.56353
    part[3]=1.43602
  OLD loads:
    part[0] cum=49.25% share=49.25% device_global=0 rank=0 local_index=0 offset=0 count=3940000
    part[1] cum=50% share=0.749999% device_global=1 rank=0 local_index=1 offset=3940000 count=60000
    part[2] cum=99.4375% share=49.4375% device_global=2 rank=1 local_index=-1 offset=4000000 count=3955000
    part[3] cum=100% share=0.562501% device_global=3 rank=1 local_index=-1 offset=7955000 count=45000
    total=100%
  PROPOSED loads:
    part[0] cum=49.2188% share=49.2188% device_global=0 rank=0 local_index=0 offset=0 count=3940000
    part[1] cum=49.9688% share=0.749999% device_global=1 rank=0 local_index=1 offset=3940000 count=60000
    part[2] cum=99.375% share=49.4062% device_global=2 rank=1 local_index=-1 offset=4000000 count=3955000
    part[3] cum=100% share=0.625002% device_global=3 rank=1 local_index=-1 offset=7955000 count=45000
    total=100%
  CURRENT loads:
    part[0] cum=49.25% share=49.25% device_global=0 rank=0 local_index=0 offset=0 count=3940000
    part[1] cum=50% share=0.749999% device_global=1 rank=0 local_index=1 offset=3940000 count=60000
    part[2] cum=99.4375% share=49.4375% device_global=2 rank=1 local_index=-1 offset=4000000 count=3955000
    part[3] cum=100% share=0.562501% device_global=3 rank=1 local_index=-1 offset=7955000 count=45000
    total=100%

=== PARTICOES FINAIS ===
=== Particoes globais ===
part[0] device_global=0 rank=0 local_index=0 offset=0 count=3940000
part[1] device_global=1 rank=0 local_index=1 offset=3940000 count=60000
part[2] device_global=2 rank=1 local_index=-1 offset=4000000 count=3955000
part[3] device_global=3 rank=1 local_index=-1 offset=7955000 count=45000


============================
ITERACAO 10000
Tempo de execução: 35.8977s
