=== Dispositivos locais do rank 0 ===
global=0 local=0 nome="NVIDIA RTX 2000 Ada Generation" compute_units=22
global=1 local=1 nome="Intel(R) Xeon(R) CPU           E5620  @ 2.40GHz" compute_units=16

=== Dispositivos locais do rank 1 ===
global=2 local=0 nome="NVIDIA RTX 2000 Ada Generation" compute_units=22
global=3 local=1 nome="Intel(R) Xeon(R) CPU           E5620  @ 2.40GHz" compute_units=16

=== PARTICOES INICIAIS ===
=== Particoes globais ===
part[0] device_global=0 rank=0 local_index=0 offset=0 count=2000000
part[1] device_global=1 rank=0 local_index=1 offset=2000000 count=2000000
part[2] device_global=2 rank=1 local_index=-1 offset=4000000 count=2000000
part[3] device_global=3 rank=1 local_index=-1 offset=6000000 count=2000000

X = 50 Y = 50 Z = 3200 Iterations = 10000
[DCL][balance-metrics] iteration=100
  policy=profiled
  action=rebalance
  reason=adaptive decision accepted; remaining_iterations=9900, gain_total=100.948, migration_cost=0.0258429, max_migrated_bytes=1600000, T_comp_int_per_iter=0.0103825, T_comp_bal_per_iter=0.000185661
  T_compute_interval_s=10.3825
  T_comm_interval_s=9.36857
  T_balance_total_s=0.357601
  T_rebalance_apply_s=0.14704
  T_compute_accum_s=10.3825
  T_comm_accum_s=9.36857
  T_balance_accum_s=0.357601
  T_rebalance_apply_accum_s=0.14704
  device_times_s:
    part[0]=0.0930468
    part[1]=6.10494
    part[2]=0.0948458
    part[3]=10.3825
  OLD loads:
    part[0] cum=25% share=25% device_global=0 rank=0 local_index=0 offset=0 count=3990000
    part[1] cum=50% share=25% device_global=1 rank=0 local_index=1 offset=3990000 count=60000
    part[2] cum=75% share=25% device_global=2 rank=1 local_index=-1 offset=4050000 count=3915000
    part[3] cum=100% share=25% device_global=3 rank=1 local_index=-1 offset=7965000 count=35000
    total=100%
  PROPOSED loads:
    part[0] cum=49.875% share=49.875% device_global=0 rank=0 local_index=0 offset=0 count=3990000
    part[1] cum=50.625% share=0.750002% device_global=1 rank=0 local_index=1 offset=3990000 count=60000
    part[2] cum=99.5625% share=48.9375% device_global=2 rank=1 local_index=-1 offset=4050000 count=3915000
    part[3] cum=100% share=0.437498% device_global=3 rank=1 local_index=-1 offset=7965000 count=35000
    total=100%
  CURRENT loads:
    part[0] cum=49.875% share=49.875% device_global=0 rank=0 local_index=0 offset=0 count=3990000
    part[1] cum=50.625% share=0.750002% device_global=1 rank=0 local_index=1 offset=3990000 count=60000
    part[2] cum=99.5625% share=48.9375% device_global=2 rank=1 local_index=-1 offset=4050000 count=3915000
    part[3] cum=100% share=0.437498% device_global=3 rank=1 local_index=-1 offset=7965000 count=35000
    total=100%
[DCL][balance-metrics] iteration=1100
  policy=profiled
  action=rebalance
  reason=adaptive decision accepted; remaining_iterations=8900, gain_total=7.37937, migration_cost=0.0219664, max_migrated_bytes=1360000, T_comp_int_per_iter=0.00242347, T_comp_bal_per_iter=0.00159433
  T_compute_interval_s=2.42347
  T_comm_interval_s=1.90109
  T_balance_total_s=0.0396643
  T_rebalance_apply_s=0.0298259
  T_compute_accum_s=12.8059
  T_comm_accum_s=11.2697
  T_balance_accum_s=0.397266
  T_rebalance_apply_accum_s=0.176866
  device_times_s:
    part[0]=1.60205
    part[1]=1.91319
    part[2]=1.56681
    part[3]=2.42347
  OLD loads:
    part[0] cum=49.875% share=49.875% device_global=0 rank=0 local_index=0 offset=0 count=3957500
    part[1] cum=50.625% share=0.750002% device_global=1 rank=0 local_index=1 offset=3957500 count=50000
    part[2] cum=99.5625% share=48.9375% device_global=2 rank=1 local_index=-1 offset=4007500 count=3970000
    part[3] cum=100% share=0.437498% device_global=3 rank=1 local_index=-1 offset=7977500 count=22500
    total=100%
  PROPOSED loads:
    part[0] cum=49.4688% share=49.4688% device_global=0 rank=0 local_index=0 offset=0 count=3957500
    part[1] cum=50.0938% share=0.625002% device_global=1 rank=0 local_index=1 offset=3957500 count=50000
    part[2] cum=99.7188% share=49.625% device_global=2 rank=1 local_index=-1 offset=4007500 count=3970000
    part[3] cum=100% share=0.28125% device_global=3 rank=1 local_index=-1 offset=7977500 count=22500
    total=100%
  CURRENT loads:
    part[0] cum=49.4688% share=49.4688% device_global=0 rank=0 local_index=0 offset=0 count=3957500
    part[1] cum=50.0938% share=0.625002% device_global=1 rank=0 local_index=1 offset=3957500 count=50000
    part[2] cum=99.7188% share=49.625% device_global=2 rank=1 local_index=-1 offset=4007500 count=3970000
    part[3] cum=100% share=0.28125% device_global=3 rank=1 local_index=-1 offset=7977500 count=22500
    total=100%
[DCL][balance-metrics] iteration=2100
  policy=profiled
  action=rebalance
  reason=adaptive decision accepted; remaining_iterations=7900, gain_total=0.0963921, migration_cost=0.0149283, max_migrated_bytes=880000, T_comp_int_per_iter=0.00158963, T_comp_bal_per_iter=0.00157743
  T_compute_interval_s=1.58963
  T_comm_interval_s=1.88895
  T_balance_total_s=0.0302783
  T_rebalance_apply_s=0.0206657
  T_compute_accum_s=14.3956
  T_comm_accum_s=13.1586
  T_balance_accum_s=0.427544
  T_rebalance_apply_accum_s=0.197531
  device_times_s:
    part[0]=1.58963
    part[1]=1.40038
    part[2]=1.56657
    part[3]=1.50796
  OLD loads:
    part[0] cum=49.4688% share=49.4688% device_global=0 rank=0 local_index=0 offset=0 count=3925000
    part[1] cum=50.0938% share=0.625002% device_global=1 rank=0 local_index=1 offset=3925000 count=55000
    part[2] cum=99.7188% share=49.625% device_global=2 rank=1 local_index=-1 offset=3980000 count=3997500
    part[3] cum=100% share=0.28125% device_global=3 rank=1 local_index=-1 offset=7977500 count=22500
    total=100%
  PROPOSED loads:
    part[0] cum=49.0625% share=49.0625% device_global=0 rank=0 local_index=0 offset=0 count=3925000
    part[1] cum=49.75% share=0.687501% device_global=1 rank=0 local_index=1 offset=3925000 count=55000
    part[2] cum=99.7188% share=49.9688% device_global=2 rank=1 local_index=-1 offset=3980000 count=3997500
    part[3] cum=100% share=0.28125% device_global=3 rank=1 local_index=-1 offset=7977500 count=22500
    total=100%
  CURRENT loads:
    part[0] cum=49.0625% share=49.0625% device_global=0 rank=0 local_index=0 offset=0 count=3925000
    part[1] cum=49.75% share=0.687501% device_global=1 rank=0 local_index=1 offset=3925000 count=55000
    part[2] cum=99.7188% share=49.9688% device_global=2 rank=1 local_index=-1 offset=3980000 count=3997500
    part[3] cum=100% share=0.28125% device_global=3 rank=1 local_index=-1 offset=7977500 count=22500
    total=100%
[DCL][balance-metrics] iteration=3100
  policy=profiled
  action=rebalance
  reason=adaptive decision accepted; remaining_iterations=6900, gain_total=0.0216084, migration_cost=0.0135712, max_migrated_bytes=800000, T_comp_int_per_iter=0.00157834, T_comp_bal_per_iter=0.00157521
  T_compute_interval_s=1.57834
  T_comm_interval_s=1.86055
  T_balance_total_s=0.0260405
  T_rebalance_apply_s=0.0161844
  T_compute_accum_s=15.9739
  T_comm_accum_s=15.0192
  T_balance_accum_s=0.453585
  T_rebalance_apply_accum_s=0.213716
  device_times_s:
    part[0]=1.55788
    part[1]=1.44394
    part[2]=1.57834
    part[3]=1.27725
  OLD loads:
    part[0] cum=49.0625% share=49.0625% device_global=0 rank=0 local_index=0 offset=0 count=3945000
    part[1] cum=49.75% share=0.687501% device_global=1 rank=0 local_index=1 offset=3945000 count=60000
    part[2] cum=99.7188% share=49.9688% device_global=2 rank=1 local_index=-1 offset=4005000 count=3967500
    part[3] cum=100% share=0.28125% device_global=3 rank=1 local_index=-1 offset=7972500 count=27500
    total=100%
  PROPOSED loads:
    part[0] cum=49.3125% share=49.3125% device_global=0 rank=0 local_index=0 offset=0 count=3945000
    part[1] cum=50.0625% share=0.750002% device_global=1 rank=0 local_index=1 offset=3945000 count=60000
    part[2] cum=99.6562% share=49.5937% device_global=2 rank=1 local_index=-1 offset=4005000 count=3967500
    part[3] cum=100% share=0.343752% device_global=3 rank=1 local_index=-1 offset=7972500 count=27500
    total=100%
  CURRENT loads:
    part[0] cum=49.3125% share=49.3125% device_global=0 rank=0 local_index=0 offset=0 count=3945000
    part[1] cum=50.0625% share=0.750002% device_global=1 rank=0 local_index=1 offset=3945000 count=60000
    part[2] cum=99.6562% share=49.5937% device_global=2 rank=1 local_index=-1 offset=4005000 count=3967500
    part[3] cum=100% share=0.343752% device_global=3 rank=1 local_index=-1 offset=7972500 count=27500
    total=100%
[DCL][balance-metrics] iteration=4100
  policy=profiled
  action=skip
  reason=adaptive decision rejected; remaining_iterations=5900, gain_total=0, migration_cost=0.0014425, max_migrated_bytes=80000, T_comp_int_per_iter=0.00156637, T_comp_bal_per_iter=0.00160323
  T_compute_interval_s=1.56637
  T_comm_interval_s=1.81933
  T_balance_total_s=0.00981181
  T_rebalance_apply_s=0
  T_compute_accum_s=17.5403
  T_comm_accum_s=16.8385
  T_balance_accum_s=0.463396
  T_rebalance_apply_accum_s=0.213716
  device_times_s:
    part[0]=1.56587
    part[1]=1.5391
    part[2]=1.56637
    part[3]=1.21749
  OLD loads:
    part[0] cum=49.3125% share=49.3125% device_global=0 rank=0 local_index=0 offset=0 count=3945000
    part[1] cum=50.0625% share=0.750002% device_global=1 rank=0 local_index=1 offset=3945000 count=60000
    part[2] cum=99.6562% share=49.5937% device_global=2 rank=1 local_index=-1 offset=4005000 count=3967500
    part[3] cum=100% share=0.343752% device_global=3 rank=1 local_index=-1 offset=7972500 count=27500
    total=100%
  PROPOSED loads:
    part[0] cum=49.25% share=49.25% device_global=0 rank=0 local_index=0 offset=0 count=3945000
    part[1] cum=50.0312% share=0.78125% device_global=1 rank=0 local_index=1 offset=3945000 count=60000
    part[2] cum=99.5625% share=49.5312% device_global=2 rank=1 local_index=-1 offset=4005000 count=3967500
    part[3] cum=100% share=0.437498% device_global=3 rank=1 local_index=-1 offset=7972500 count=27500
    total=100%
  CURRENT loads:
    part[0] cum=49.3125% share=49.3125% device_global=0 rank=0 local_index=0 offset=0 count=3945000
    part[1] cum=50.0625% share=0.750002% device_global=1 rank=0 local_index=1 offset=3945000 count=60000
    part[2] cum=99.6562% share=49.5937% device_global=2 rank=1 local_index=-1 offset=4005000 count=3967500
    part[3] cum=100% share=0.343752% device_global=3 rank=1 local_index=-1 offset=7972500 count=27500
    total=100%
[DCL][balance-metrics] iteration=5100
  policy=profiled
  action=skip
  reason=adaptive decision rejected; remaining_iterations=4900, gain_total=0, migration_cost=0.0014425, max_migrated_bytes=80000, T_comp_int_per_iter=0.00156675, T_comp_bal_per_iter=0.00161334
  T_compute_interval_s=1.56675
  T_comm_interval_s=1.8433
  T_balance_total_s=0.0102038
  T_rebalance_apply_s=0
  T_compute_accum_s=19.107
  T_comm_accum_s=18.6818
  T_balance_accum_s=0.4736
  T_rebalance_apply_accum_s=0.213716
  device_times_s:
    part[0]=1.56561
    part[1]=1.51877
    part[2]=1.56675
    part[3]=1.10917
  OLD loads:
    part[0] cum=49.3125% share=49.3125% device_global=0 rank=0 local_index=0 offset=0 count=3945000
    part[1] cum=50.0625% share=0.750002% device_global=1 rank=0 local_index=1 offset=3945000 count=60000
    part[2] cum=99.6562% share=49.5937% device_global=2 rank=1 local_index=-1 offset=4005000 count=3967500
    part[3] cum=100% share=0.343752% device_global=3 rank=1 local_index=-1 offset=7972500 count=27500
    total=100%
  PROPOSED loads:
    part[0] cum=49.25% share=49.25% device_global=0 rank=0 local_index=0 offset=0 count=3945000
    part[1] cum=50.0312% share=0.78125% device_global=1 rank=0 local_index=1 offset=3945000 count=60000
    part[2] cum=99.5% share=49.4688% device_global=2 rank=1 local_index=-1 offset=4005000 count=3967500
    part[3] cum=100% share=0.5% device_global=3 rank=1 local_index=-1 offset=7972500 count=27500
    total=100%
  CURRENT loads:
    part[0] cum=49.3125% share=49.3125% device_global=0 rank=0 local_index=0 offset=0 count=3945000
    part[1] cum=50.0625% share=0.750002% device_global=1 rank=0 local_index=1 offset=3945000 count=60000
    part[2] cum=99.6562% share=49.5937% device_global=2 rank=1 local_index=-1 offset=4005000 count=3967500
    part[3] cum=100% share=0.343752% device_global=3 rank=1 local_index=-1 offset=7972500 count=27500
    total=100%
[DCL][balance-metrics] iteration=6100
  policy=profiled
  action=skip
  reason=adaptive decision rejected; remaining_iterations=3900, gain_total=0, migration_cost=0.00251015, max_migrated_bytes=160000, T_comp_int_per_iter=0.00156695, T_comp_bal_per_iter=0.00157059
  T_compute_interval_s=1.56695
  T_comm_interval_s=1.8361
  T_balance_total_s=0.0108303
  T_rebalance_apply_s=0
  T_compute_accum_s=20.674
  T_comm_accum_s=20.5179
  T_balance_accum_s=0.484431
  T_rebalance_apply_accum_s=0.213716
  device_times_s:
    part[0]=1.56578
    part[1]=1.50777
    part[2]=1.56695
    part[3]=1.04964
  OLD loads:
    part[0] cum=49.3125% share=49.3125% device_global=0 rank=0 local_index=0 offset=0 count=3945000
    part[1] cum=50.0625% share=0.750002% device_global=1 rank=0 local_index=1 offset=3945000 count=60000
    part[2] cum=99.6562% share=49.5937% device_global=2 rank=1 local_index=-1 offset=4005000 count=3967500
    part[3] cum=100% share=0.343752% device_global=3 rank=1 local_index=-1 offset=7972500 count=27500
    total=100%
  PROPOSED loads:
    part[0] cum=49.2188% share=49.2188% device_global=0 rank=0 local_index=0 offset=0 count=3945000
    part[1] cum=50% share=0.78125% device_global=1 rank=0 local_index=1 offset=3945000 count=60000
    part[2] cum=99.5% share=49.5% device_global=2 rank=1 local_index=-1 offset=4005000 count=3967500
    part[3] cum=100% share=0.5% device_global=3 rank=1 local_index=-1 offset=7972500 count=27500
    total=100%
  CURRENT loads:
    part[0] cum=49.3125% share=49.3125% device_global=0 rank=0 local_index=0 offset=0 count=3945000
    part[1] cum=50.0625% share=0.750002% device_global=1 rank=0 local_index=1 offset=3945000 count=60000
    part[2] cum=99.6562% share=49.5937% device_global=2 rank=1 local_index=-1 offset=4005000 count=3967500
    part[3] cum=100% share=0.343752% device_global=3 rank=1 local_index=-1 offset=7972500 count=27500
    total=100%
[DCL][balance-metrics] iteration=7100
  policy=profiled
  action=rebalance
  reason=adaptive decision accepted; remaining_iterations=2900, gain_total=0.00804485, migration_cost=0.00251015, max_migrated_bytes=160000, T_comp_int_per_iter=0.00156732, T_comp_bal_per_iter=0.00156455
  T_compute_interval_s=1.56732
  T_comm_interval_s=1.82683
  T_balance_total_s=0.0140816
  T_rebalance_apply_s=0.00395854
  T_compute_accum_s=22.2413
  T_comm_accum_s=22.3447
  T_balance_accum_s=0.498512
  T_rebalance_apply_accum_s=0.217674
  device_times_s:
    part[0]=1.5657
    part[1]=1.50196
    part[2]=1.56732
    part[3]=1.00851
  OLD loads:
    part[0] cum=49.3125% share=49.3125% device_global=0 rank=0 local_index=0 offset=0 count=3937500
    part[1] cum=50.0625% share=0.750002% device_global=1 rank=0 local_index=1 offset=3937500 count=62500
    part[2] cum=99.6562% share=49.5937% device_global=2 rank=1 local_index=-1 offset=4000000 count=3957500
    part[3] cum=100% share=0.343752% device_global=3 rank=1 local_index=-1 offset=7957500 count=42500
    total=100%
  PROPOSED loads:
    part[0] cum=49.2188% share=49.2188% device_global=0 rank=0 local_index=0 offset=0 count=3937500
    part[1] cum=50% share=0.78125% device_global=1 rank=0 local_index=1 offset=3937500 count=62500
    part[2] cum=99.4688% share=49.4688% device_global=2 rank=1 local_index=-1 offset=4000000 count=3957500
    part[3] cum=100% share=0.53125% device_global=3 rank=1 local_index=-1 offset=7957500 count=42500
    total=100%
  CURRENT loads:
    part[0] cum=49.2188% share=49.2188% device_global=0 rank=0 local_index=0 offset=0 count=3937500
    part[1] cum=50% share=0.78125% device_global=1 rank=0 local_index=1 offset=3937500 count=62500
    part[2] cum=99.4688% share=49.4688% device_global=2 rank=1 local_index=-1 offset=4000000 count=3957500
    part[3] cum=100% share=0.53125% device_global=3 rank=1 local_index=-1 offset=7957500 count=42500
    total=100%
[DCL][balance-metrics] iteration=8100
  policy=profiled
  action=skip
  reason=adaptive decision rejected; remaining_iterations=1900, gain_total=0, migration_cost=0.0122141, max_migrated_bytes=720000, T_comp_int_per_iter=0.00158299, T_comp_bal_per_iter=0.00159169
  T_compute_interval_s=1.58299
  T_comm_interval_s=1.80785
  T_balance_total_s=0.0096488
  T_rebalance_apply_s=0
  T_compute_accum_s=23.8243
  T_comm_accum_s=24.1526
  T_balance_accum_s=0.508161
  T_rebalance_apply_accum_s=0.217674
  device_times_s:
    part[0]=1.56328
    part[1]=1.56099
    part[2]=1.58299
    part[3]=1.42415
  OLD loads:
    part[0] cum=49.2188% share=49.2188% device_global=0 rank=0 local_index=0 offset=0 count=3937500
    part[1] cum=50% share=0.78125% device_global=1 rank=0 local_index=1 offset=3937500 count=62500
    part[2] cum=99.4688% share=49.4688% device_global=2 rank=1 local_index=-1 offset=4000000 count=3957500
    part[3] cum=100% share=0.53125% device_global=3 rank=1 local_index=-1 offset=7957500 count=42500
    total=100%
  PROPOSED loads:
    part[0] cum=49.5% share=49.5% device_global=0 rank=0 local_index=0 offset=0 count=3937500
    part[1] cum=50.2812% share=0.78125% device_global=1 rank=0 local_index=1 offset=3937500 count=62500
    part[2] cum=99.4062% share=49.125% device_global=2 rank=1 local_index=-1 offset=4000000 count=3957500
    part[3] cum=100% share=0.593752% device_global=3 rank=1 local_index=-1 offset=7957500 count=42500
    total=100%
  CURRENT loads:
    part[0] cum=49.2188% share=49.2188% device_global=0 rank=0 local_index=0 offset=0 count=3937500
    part[1] cum=50% share=0.78125% device_global=1 rank=0 local_index=1 offset=3937500 count=62500
    part[2] cum=99.4688% share=49.4688% device_global=2 rank=1 local_index=-1 offset=4000000 count=3957500
    part[3] cum=100% share=0.53125% device_global=3 rank=1 local_index=-1 offset=7957500 count=42500
    total=100%
[DCL][balance-metrics] iteration=9100
  policy=profiled
  action=skip
  reason=adaptive decision rejected; remaining_iterations=900, gain_total=0.0018744, migration_cost=0.010857, max_migrated_bytes=640000, T_comp_int_per_iter=0.00158229, T_comp_bal_per_iter=0.00158021
  T_compute_interval_s=1.58229
  T_comm_interval_s=1.80869
  T_balance_total_s=0.00960703
  T_rebalance_apply_s=0
  T_compute_accum_s=25.4066
  T_comm_accum_s=25.9613
  T_balance_accum_s=0.517768
  T_rebalance_apply_accum_s=0.217674
  device_times_s:
    part[0]=1.56309
    part[1]=1.56056
    part[2]=1.58229
    part[3]=1.34318
  OLD loads:
    part[0] cum=49.2188% share=49.2188% device_global=0 rank=0 local_index=0 offset=0 count=3937500
    part[1] cum=50% share=0.78125% device_global=1 rank=0 local_index=1 offset=3937500 count=62500
    part[2] cum=99.4688% share=49.4688% device_global=2 rank=1 local_index=-1 offset=4000000 count=3957500
    part[3] cum=100% share=0.53125% device_global=3 rank=1 local_index=-1 offset=7957500 count=42500
    total=100%
  PROPOSED loads:
    part[0] cum=49.4688% share=49.4688% device_global=0 rank=0 local_index=0 offset=0 count=3937500
    part[1] cum=50.25% share=0.78125% device_global=1 rank=0 local_index=1 offset=3937500 count=62500
    part[2] cum=99.375% share=49.125% device_global=2 rank=1 local_index=-1 offset=4000000 count=3957500
    part[3] cum=100% share=0.625002% device_global=3 rank=1 local_index=-1 offset=7957500 count=42500
    total=100%
  CURRENT loads:
    part[0] cum=49.2188% share=49.2188% device_global=0 rank=0 local_index=0 offset=0 count=3937500
    part[1] cum=50% share=0.78125% device_global=1 rank=0 local_index=1 offset=3937500 count=62500
    part[2] cum=99.4688% share=49.4688% device_global=2 rank=1 local_index=-1 offset=4000000 count=3957500
    part[3] cum=100% share=0.53125% device_global=3 rank=1 local_index=-1 offset=7957500 count=42500
    total=100%

=== PARTICOES FINAIS ===
=== Particoes globais ===
part[0] device_global=0 rank=0 local_index=0 offset=0 count=3937500
part[1] device_global=1 rank=0 local_index=1 offset=3937500 count=62500
part[2] device_global=2 rank=1 local_index=-1 offset=4000000 count=3957500
part[3] device_global=3 rank=1 local_index=-1 offset=7957500 count=42500


============================
ITERACAO 10000
Tempo de execução: 35.7627s
