=== Dispositivos locais do rank 1 ===
global=2 local=0 nome="NVIDIA RTX 2000 Ada Generation" compute_units=22
global=3 local=1 nome="Intel(R) Xeon(R) CPU           E5620  @ 2.40GHz" compute_units=16

=== Dispositivos locais do rank 0 ===
global=0 local=0 nome="NVIDIA RTX 2000 Ada Generation" compute_units=22
global=1 local=1 nome="Intel(R) Xeon(R) CPU           E5620  @ 2.40GHz" compute_units=16

=== PARTICOES INICIAIS ===
=== Particoes globais ===
part[0] device_global=0 rank=0 local_index=0 offset=0 count=2000000
part[1] device_global=1 rank=0 local_index=1 offset=2000000 count=2000000
part[2] device_global=2 rank=1 local_index=-1 offset=4000000 count=2000000
part[3] device_global=3 rank=1 local_index=-1 offset=6000000 count=2000000

X = 50 Y = 50 Z = 3200 Iterations = 10000
[DCL][balance-metrics] iteration=100
  policy=profiled
  action=rebalance
  reason=adaptive decision accepted; remaining_iterations=9900, gain_total=101.232, migration_cost=0.0206743, max_migrated_bytes=1280000, T_comp_int_per_iter=0.0104101, T_comp_bal_per_iter=0.000184633
  T_compute_interval_s=10.4101
  T_comm_interval_s=9.22423
  T_balance_total_s=0.352622
  T_rebalance_apply_s=0.142334
  T_compute_accum_s=10.4101
  T_comm_accum_s=9.22423
  T_balance_accum_s=0.352622
  T_rebalance_apply_accum_s=0.142334
  device_times_s:
    part[0]=0.0927684
    part[1]=6.11809
    part[2]=0.0940804
    part[3]=10.4101
  OLD loads:
    part[0] cum=25% share=25% device_global=0 rank=0 local_index=0 offset=0 count=3980000
    part[1] cum=50% share=25% device_global=1 rank=0 local_index=1 offset=3980000 count=60000
    part[2] cum=75% share=25% device_global=2 rank=1 local_index=-1 offset=4040000 count=3925000
    part[3] cum=100% share=25% device_global=3 rank=1 local_index=-1 offset=7965000 count=35000
    total=100%
  PROPOSED loads:
    part[0] cum=49.75% share=49.75% device_global=0 rank=0 local_index=0 offset=0 count=3980000
    part[1] cum=50.5% share=0.749999% device_global=1 rank=0 local_index=1 offset=3980000 count=60000
    part[2] cum=99.5625% share=49.0625% device_global=2 rank=1 local_index=-1 offset=4040000 count=3925000
    part[3] cum=100% share=0.437498% device_global=3 rank=1 local_index=-1 offset=7965000 count=35000
    total=100%
  CURRENT loads:
    part[0] cum=49.75% share=49.75% device_global=0 rank=0 local_index=0 offset=0 count=3980000
    part[1] cum=50.5% share=0.749999% device_global=1 rank=0 local_index=1 offset=3980000 count=60000
    part[2] cum=99.5625% share=49.0625% device_global=2 rank=1 local_index=-1 offset=4040000 count=3925000
    part[3] cum=100% share=0.437498% device_global=3 rank=1 local_index=-1 offset=7965000 count=35000
    total=100%
[DCL][balance-metrics] iteration=1100
  policy=profiled
  action=rebalance
  reason=adaptive decision accepted; remaining_iterations=8900, gain_total=7.88358, migration_cost=0.0176426, max_migrated_bytes=1040000, T_comp_int_per_iter=0.00248023, T_comp_bal_per_iter=0.00159443
  T_compute_interval_s=2.48023
  T_comm_interval_s=1.89801
  T_balance_total_s=0.0327281
  T_rebalance_apply_s=0.0232451
  T_compute_accum_s=12.8903
  T_comm_accum_s=11.1222
  T_balance_accum_s=0.38535
  T_rebalance_apply_accum_s=0.165579
  device_times_s:
    part[0]=1.59821
    part[1]=1.9017
    part[2]=1.57113
    part[3]=2.48023
  OLD loads:
    part[0] cum=49.75% share=49.75% device_global=0 rank=0 local_index=0 offset=0 count=3957500
    part[1] cum=50.5% share=0.749999% device_global=1 rank=0 local_index=1 offset=3957500 count=50000
    part[2] cum=99.5625% share=49.0625% device_global=2 rank=1 local_index=-1 offset=4007500 count=3970000
    part[3] cum=100% share=0.437498% device_global=3 rank=1 local_index=-1 offset=7977500 count=22500
    total=100%
  PROPOSED loads:
    part[0] cum=49.4688% share=49.4688% device_global=0 rank=0 local_index=0 offset=0 count=3957500
    part[1] cum=50.0938% share=0.625002% device_global=1 rank=0 local_index=1 offset=3957500 count=50000
    part[2] cum=99.7188% share=49.625% device_global=2 rank=1 local_index=-1 offset=4007500 count=3970000
    part[3] cum=100% share=0.28125% device_global=3 rank=1 local_index=-1 offset=7977500 count=22500
    total=100%
  CURRENT loads:
    part[0] cum=49.4688% share=49.4688% device_global=0 rank=0 local_index=0 offset=0 count=3957500
    part[1] cum=50.0938% share=0.625002% device_global=1 rank=0 local_index=1 offset=3957500 count=50000
    part[2] cum=99.7188% share=49.625% device_global=2 rank=1 local_index=-1 offset=4007500 count=3970000
    part[3] cum=100% share=0.28125% device_global=3 rank=1 local_index=-1 offset=7977500 count=22500
    total=100%
[DCL][balance-metrics] iteration=2100
  policy=profiled
  action=rebalance
  reason=adaptive decision accepted; remaining_iterations=7900, gain_total=0.0336566, migration_cost=0.0135712, max_migrated_bytes=800000, T_comp_int_per_iter=0.00158987, T_comp_bal_per_iter=0.00158561
  T_compute_interval_s=1.58987
  T_comm_interval_s=1.84651
  T_balance_total_s=0.0236959
  T_rebalance_apply_s=0.0138402
  T_compute_accum_s=14.4801
  T_comm_accum_s=12.9688
  T_balance_accum_s=0.409046
  T_rebalance_apply_accum_s=0.179419
  device_times_s:
    part[0]=1.58987
    part[1]=1.37879
    part[2]=1.56712
    part[3]=1.52006
  OLD loads:
    part[0] cum=49.4688% share=49.4688% device_global=0 rank=0 local_index=0 offset=0 count=3925000
    part[1] cum=50.0938% share=0.625002% device_global=1 rank=0 local_index=1 offset=3925000 count=57500
    part[2] cum=99.7188% share=49.625% device_global=2 rank=1 local_index=-1 offset=3982500 count=3995000
    part[3] cum=100% share=0.28125% device_global=3 rank=1 local_index=-1 offset=7977500 count=22500
    total=100%
  PROPOSED loads:
    part[0] cum=49.0625% share=49.0625% device_global=0 rank=0 local_index=0 offset=0 count=3925000
    part[1] cum=49.7812% share=0.718752% device_global=1 rank=0 local_index=1 offset=3925000 count=57500
    part[2] cum=99.7188% share=49.9375% device_global=2 rank=1 local_index=-1 offset=3982500 count=3995000
    part[3] cum=100% share=0.28125% device_global=3 rank=1 local_index=-1 offset=7977500 count=22500
    total=100%
  CURRENT loads:
    part[0] cum=49.0625% share=49.0625% device_global=0 rank=0 local_index=0 offset=0 count=3925000
    part[1] cum=49.7812% share=0.718752% device_global=1 rank=0 local_index=1 offset=3925000 count=57500
    part[2] cum=99.7188% share=49.9375% device_global=2 rank=1 local_index=-1 offset=3982500 count=3995000
    part[3] cum=100% share=0.28125% device_global=3 rank=1 local_index=-1 offset=7977500 count=22500
    total=100%
[DCL][balance-metrics] iteration=3100
  policy=profiled
  action=rebalance
  reason=adaptive decision accepted; remaining_iterations=6900, gain_total=0.0702718, migration_cost=0.0122141, max_migrated_bytes=720000, T_comp_int_per_iter=0.00157735, T_comp_bal_per_iter=0.00156716
  T_compute_interval_s=1.57735
  T_comm_interval_s=1.87055
  T_balance_total_s=0.023846
  T_rebalance_apply_s=0.0117408
  T_compute_accum_s=16.0575
  T_comm_accum_s=14.8393
  T_balance_accum_s=0.432892
  T_rebalance_apply_accum_s=0.19116
  device_times_s:
    part[0]=1.55788
    part[1]=1.49262
    part[2]=1.57735
    part[3]=1.28223
  OLD loads:
    part[0] cum=49.0625% share=49.0625% device_global=0 rank=0 local_index=0 offset=0 count=3945000
    part[1] cum=49.7812% share=0.718752% device_global=1 rank=0 local_index=1 offset=3945000 count=60000
    part[2] cum=99.7188% share=49.9375% device_global=2 rank=1 local_index=-1 offset=4005000 count=3967500
    part[3] cum=100% share=0.28125% device_global=3 rank=1 local_index=-1 offset=7972500 count=27500
    total=100%
  PROPOSED loads:
    part[0] cum=49.3125% share=49.3125% device_global=0 rank=0 local_index=0 offset=0 count=3945000
    part[1] cum=50.0625% share=0.750002% device_global=1 rank=0 local_index=1 offset=3945000 count=60000
    part[2] cum=99.6562% share=49.5937% device_global=2 rank=1 local_index=-1 offset=4005000 count=3967500
    part[3] cum=100% share=0.343752% device_global=3 rank=1 local_index=-1 offset=7972500 count=27500
    total=100%
  CURRENT loads:
    part[0] cum=49.3125% share=49.3125% device_global=0 rank=0 local_index=0 offset=0 count=3945000
    part[1] cum=50.0625% share=0.750002% device_global=1 rank=0 local_index=1 offset=3945000 count=60000
    part[2] cum=99.6562% share=49.5937% device_global=2 rank=1 local_index=-1 offset=4005000 count=3967500
    part[3] cum=100% share=0.343752% device_global=3 rank=1 local_index=-1 offset=7972500 count=27500
    total=100%
[DCL][balance-metrics] iteration=4100
  policy=profiled
  action=skip
  reason=adaptive decision rejected; remaining_iterations=5900, gain_total=0, migration_cost=0.0014425, max_migrated_bytes=80000, T_comp_int_per_iter=0.00156666, T_comp_bal_per_iter=0.00157547
  T_compute_interval_s=1.56666
  T_comm_interval_s=1.79198
  T_balance_total_s=0.0125485
  T_rebalance_apply_s=0
  T_compute_accum_s=17.6242
  T_comm_accum_s=16.6313
  T_balance_accum_s=0.44544
  T_rebalance_apply_accum_s=0.19116
  device_times_s:
    part[0]=1.5655
    part[1]=1.53482
    part[2]=1.56666
    part[3]=1.23787
  OLD loads:
    part[0] cum=49.3125% share=49.3125% device_global=0 rank=0 local_index=0 offset=0 count=3945000
    part[1] cum=50.0625% share=0.750002% device_global=1 rank=0 local_index=1 offset=3945000 count=60000
    part[2] cum=99.6562% share=49.5937% device_global=2 rank=1 local_index=-1 offset=4005000 count=3967500
    part[3] cum=100% share=0.343752% device_global=3 rank=1 local_index=-1 offset=7972500 count=27500
    total=100%
  PROPOSED loads:
    part[0] cum=49.2812% share=49.2812% device_global=0 rank=0 local_index=0 offset=0 count=3945000
    part[1] cum=50.0312% share=0.749999% device_global=1 rank=0 local_index=1 offset=3945000 count=60000
    part[2] cum=99.5625% share=49.5312% device_global=2 rank=1 local_index=-1 offset=4005000 count=3967500
    part[3] cum=100% share=0.437498% device_global=3 rank=1 local_index=-1 offset=7972500 count=27500
    total=100%
  CURRENT loads:
    part[0] cum=49.3125% share=49.3125% device_global=0 rank=0 local_index=0 offset=0 count=3945000
    part[1] cum=50.0625% share=0.750002% device_global=1 rank=0 local_index=1 offset=3945000 count=60000
    part[2] cum=99.6562% share=49.5937% device_global=2 rank=1 local_index=-1 offset=4005000 count=3967500
    part[3] cum=100% share=0.343752% device_global=3 rank=1 local_index=-1 offset=7972500 count=27500
    total=100%
[DCL][balance-metrics] iteration=5100
  policy=profiled
  action=skip
  reason=adaptive decision rejected; remaining_iterations=4900, gain_total=0, migration_cost=0.00251015, max_migrated_bytes=160000, T_comp_int_per_iter=0.00156621, T_comp_bal_per_iter=0.00160059
  T_compute_interval_s=1.56621
  T_comm_interval_s=1.85123
  T_balance_total_s=0.00973238
  T_rebalance_apply_s=0
  T_compute_accum_s=19.1904
  T_comm_accum_s=18.4825
  T_balance_accum_s=0.455173
  T_rebalance_apply_accum_s=0.19116
  device_times_s:
    part[0]=1.56578
    part[1]=1.51366
    part[2]=1.56621
    part[3]=1.1004
  OLD loads:
    part[0] cum=49.3125% share=49.3125% device_global=0 rank=0 local_index=0 offset=0 count=3945000
    part[1] cum=50.0625% share=0.750002% device_global=1 rank=0 local_index=1 offset=3945000 count=60000
    part[2] cum=99.6562% share=49.5937% device_global=2 rank=1 local_index=-1 offset=4005000 count=3967500
    part[3] cum=100% share=0.343752% device_global=3 rank=1 local_index=-1 offset=7972500 count=27500
    total=100%
  PROPOSED loads:
    part[0] cum=49.25% share=49.25% device_global=0 rank=0 local_index=0 offset=0 count=3945000
    part[1] cum=50% share=0.749999% device_global=1 rank=0 local_index=1 offset=3945000 count=60000
    part[2] cum=99.5% share=49.5% device_global=2 rank=1 local_index=-1 offset=4005000 count=3967500
    part[3] cum=100% share=0.5% device_global=3 rank=1 local_index=-1 offset=7972500 count=27500
    total=100%
  CURRENT loads:
    part[0] cum=49.3125% share=49.3125% device_global=0 rank=0 local_index=0 offset=0 count=3945000
    part[1] cum=50.0625% share=0.750002% device_global=1 rank=0 local_index=1 offset=3945000 count=60000
    part[2] cum=99.6562% share=49.5937% device_global=2 rank=1 local_index=-1 offset=4005000 count=3967500
    part[3] cum=100% share=0.343752% device_global=3 rank=1 local_index=-1 offset=7972500 count=27500
    total=100%
[DCL][balance-metrics] iteration=6100
  policy=profiled
  action=rebalance
  reason=adaptive decision accepted; remaining_iterations=3900, gain_total=0.0115517, migration_cost=0.00251015, max_migrated_bytes=160000, T_comp_int_per_iter=0.00156688, T_comp_bal_per_iter=0.00156392
  T_compute_interval_s=1.56688
  T_comm_interval_s=1.82868
  T_balance_total_s=0.0145821
  T_rebalance_apply_s=0.00446107
  T_compute_accum_s=20.7573
  T_comm_accum_s=20.3112
  T_balance_accum_s=0.469755
  T_rebalance_apply_accum_s=0.195621
  device_times_s:
    part[0]=1.56559
    part[1]=1.50404
    part[2]=1.56688
    part[3]=1.05409
  OLD loads:
    part[0] cum=49.3125% share=49.3125% device_global=0 rank=0 local_index=0 offset=0 count=3940000
    part[1] cum=50.0625% share=0.750002% device_global=1 rank=0 local_index=1 offset=3940000 count=60000
    part[2] cum=99.6562% share=49.5937% device_global=2 rank=1 local_index=-1 offset=4000000 count=3960000
    part[3] cum=100% share=0.343752% device_global=3 rank=1 local_index=-1 offset=7960000 count=40000
    total=100%
  PROPOSED loads:
    part[0] cum=49.25% share=49.25% device_global=0 rank=0 local_index=0 offset=0 count=3940000
    part[1] cum=50% share=0.749999% device_global=1 rank=0 local_index=1 offset=3940000 count=60000
    part[2] cum=99.5% share=49.5% device_global=2 rank=1 local_index=-1 offset=4000000 count=3960000
    part[3] cum=100% share=0.5% device_global=3 rank=1 local_index=-1 offset=7960000 count=40000
    total=100%
  CURRENT loads:
    part[0] cum=49.25% share=49.25% device_global=0 rank=0 local_index=0 offset=0 count=3940000
    part[1] cum=50% share=0.749999% device_global=1 rank=0 local_index=1 offset=3940000 count=60000
    part[2] cum=99.5% share=49.5% device_global=2 rank=1 local_index=-1 offset=4000000 count=3960000
    part[3] cum=100% share=0.5% device_global=3 rank=1 local_index=-1 offset=7960000 count=40000
    total=100%
[DCL][balance-metrics] iteration=7100
  policy=profiled
  action=skip
  reason=adaptive decision rejected; remaining_iterations=2900, gain_total=0, migration_cost=0.0014425, max_migrated_bytes=80000, T_comp_int_per_iter=0.00156397, T_comp_bal_per_iter=0.00157014
  T_compute_interval_s=1.56397
  T_comm_interval_s=1.83277
  T_balance_total_s=0.00979119
  T_rebalance_apply_s=0
  T_compute_accum_s=22.3212
  T_comm_accum_s=22.144
  T_balance_accum_s=0.479546
  T_rebalance_apply_accum_s=0.195621
  device_times_s:
    part[0]=1.56397
    part[1]=1.50734
    part[2]=1.56305
    part[3]=1.37091
  OLD loads:
    part[0] cum=49.25% share=49.25% device_global=0 rank=0 local_index=0 offset=0 count=3940000
    part[1] cum=50% share=0.749999% device_global=1 rank=0 local_index=1 offset=3940000 count=60000
    part[2] cum=99.5% share=49.5% device_global=2 rank=1 local_index=-1 offset=4000000 count=3960000
    part[3] cum=100% share=0.5% device_global=3 rank=1 local_index=-1 offset=7960000 count=40000
    total=100%
  PROPOSED loads:
    part[0] cum=49.1875% share=49.1875% device_global=0 rank=0 local_index=0 offset=0 count=3940000
    part[1] cum=49.9688% share=0.78125% device_global=1 rank=0 local_index=1 offset=3940000 count=60000
    part[2] cum=99.4375% share=49.4688% device_global=2 rank=1 local_index=-1 offset=4000000 count=3960000
    part[3] cum=100% share=0.562501% device_global=3 rank=1 local_index=-1 offset=7960000 count=40000
    total=100%
  CURRENT loads:
    part[0] cum=49.25% share=49.25% device_global=0 rank=0 local_index=0 offset=0 count=3940000
    part[1] cum=50% share=0.749999% device_global=1 rank=0 local_index=1 offset=3940000 count=60000
    part[2] cum=99.5% share=49.5% device_global=2 rank=1 local_index=-1 offset=4000000 count=3960000
    part[3] cum=100% share=0.5% device_global=3 rank=1 local_index=-1 offset=7960000 count=40000
    total=100%
[DCL][balance-metrics] iteration=8100
  policy=profiled
  action=skip
  reason=adaptive decision rejected; remaining_iterations=1900, gain_total=0, migration_cost=0.0014425, max_migrated_bytes=80000, T_comp_int_per_iter=0.00156422, T_comp_bal_per_iter=0.00159543
  T_compute_interval_s=1.56422
  T_comm_interval_s=1.8107
  T_balance_total_s=0.00932911
  T_rebalance_apply_s=0
  T_compute_accum_s=23.8854
  T_comm_accum_s=23.9547
  T_balance_accum_s=0.488875
  T_rebalance_apply_accum_s=0.195621
  device_times_s:
    part[0]=1.56388
    part[1]=1.49687
    part[2]=1.56422
    part[3]=1.34352
  OLD loads:
    part[0] cum=49.25% share=49.25% device_global=0 rank=0 local_index=0 offset=0 count=3940000
    part[1] cum=50% share=0.749999% device_global=1 rank=0 local_index=1 offset=3940000 count=60000
    part[2] cum=99.5% share=49.5% device_global=2 rank=1 local_index=-1 offset=4000000 count=3960000
    part[3] cum=100% share=0.5% device_global=3 rank=1 local_index=-1 offset=7960000 count=40000
    total=100%
  PROPOSED loads:
    part[0] cum=49.1875% share=49.1875% device_global=0 rank=0 local_index=0 offset=0 count=3940000
    part[1] cum=49.9688% share=0.78125% device_global=1 rank=0 local_index=1 offset=3940000 count=60000
    part[2] cum=99.4062% share=49.4375% device_global=2 rank=1 local_index=-1 offset=4000000 count=3960000
    part[3] cum=100% share=0.593752% device_global=3 rank=1 local_index=-1 offset=7960000 count=40000
    total=100%
  CURRENT loads:
    part[0] cum=49.25% share=49.25% device_global=0 rank=0 local_index=0 offset=0 count=3940000
    part[1] cum=50% share=0.749999% device_global=1 rank=0 local_index=1 offset=3940000 count=60000
    part[2] cum=99.5% share=49.5% device_global=2 rank=1 local_index=-1 offset=4000000 count=3960000
    part[3] cum=100% share=0.5% device_global=3 rank=1 local_index=-1 offset=7960000 count=40000
    total=100%
[DCL][balance-metrics] iteration=9100
  policy=profiled
  action=rebalance
  reason=adaptive decision accepted; remaining_iterations=900, gain_total=0.00178648, migration_cost=0.0014425, max_migrated_bytes=80000, T_comp_int_per_iter=0.00156416, T_comp_bal_per_iter=0.00156218
  T_compute_interval_s=1.56416
  T_comm_interval_s=1.81807
  T_balance_total_s=0.0124355
  T_rebalance_apply_s=0.00270853
  T_compute_accum_s=25.4496
  T_comm_accum_s=25.7727
  T_balance_accum_s=0.501311
  T_rebalance_apply_accum_s=0.19833
  device_times_s:
    part[0]=1.56416
    part[1]=1.49813
    part[2]=1.56413
    part[3]=1.29806
  OLD loads:
    part[0] cum=49.25% share=49.25% device_global=0 rank=0 local_index=0 offset=0 count=3935000
    part[1] cum=50% share=0.749999% device_global=1 rank=0 local_index=1 offset=3935000 count=62500
    part[2] cum=99.5% share=49.5% device_global=2 rank=1 local_index=-1 offset=3997500 count=3955000
    part[3] cum=100% share=0.5% device_global=3 rank=1 local_index=-1 offset=7952500 count=47500
    total=100%
  PROPOSED loads:
    part[0] cum=49.1875% share=49.1875% device_global=0 rank=0 local_index=0 offset=0 count=3935000
    part[1] cum=49.9688% share=0.78125% device_global=1 rank=0 local_index=1 offset=3935000 count=62500
    part[2] cum=99.4062% share=49.4375% device_global=2 rank=1 local_index=-1 offset=3997500 count=3955000
    part[3] cum=100% share=0.593752% device_global=3 rank=1 local_index=-1 offset=7952500 count=47500
    total=100%
  CURRENT loads:
    part[0] cum=49.1875% share=49.1875% device_global=0 rank=0 local_index=0 offset=0 count=3935000
    part[1] cum=49.9688% share=0.78125% device_global=1 rank=0 local_index=1 offset=3935000 count=62500
    part[2] cum=99.4062% share=49.4375% device_global=2 rank=1 local_index=-1 offset=3997500 count=3955000
    part[3] cum=100% share=0.593752% device_global=3 rank=1 local_index=-1 offset=7952500 count=47500
    total=100%

=== PARTICOES FINAIS ===
=== Particoes globais ===
part[0] device_global=0 rank=0 local_index=0 offset=0 count=3935000
part[1] device_global=1 rank=0 local_index=1 offset=3935000 count=62500
part[2] device_global=2 rank=1 local_index=-1 offset=3997500 count=3955000
part[3] device_global=3 rank=1 local_index=-1 offset=7952500 count=47500


============================
ITERACAO 10000
Tempo de execução: 35.7641s
