=== Dispositivos locais do rank 0 ===
global=0 local=0 nome="NVIDIA RTX 2000 Ada Generation" compute_units==== Dispositivos locais do rank 1 ===
global=2 local=0 nome="NVIDIA RTX 2000 Ada Generation" compute_units=22
global=3 local=1 nome="Intel(R) Xeon(R) CPU           E5620  @ 2.40GHz" compute_units=16

22
global=1 local=1 nome="Intel(R) Xeon(R) CPU           E5620  @ 2.40GHz" compute_units=16

=== PARTICOES INICIAIS ===
=== Particoes globais ===
part[0] device_global=0 rank=0 local_index=0 offset=0 count=2000000
part[1] device_global=1 rank=0 local_index=1 offset=2000000 count=2000000
part[2] device_global=2 rank=1 local_index=-1 offset=4000000 count=2000000
part[3] device_global=3 rank=1 local_index=-1 offset=6000000 count=2000000

X = 50 Y = 50 Z = 3200 Iterations = 10000
[DCL][balance-metrics] iteration=100
  policy=profiled
  action=rebalance
  reason=adaptive decision accepted; remaining_iterations=9900, gain_total=100.952, migration_cost=0.0219664, max_migrated_bytes=1360000, T_comp_int_per_iter=0.0103877, T_comp_bal_per_iter=0.000190585
  T_compute_interval_s=10.3877
  T_comm_interval_s=9.27831
  T_balance_total_s=0.361207
  T_rebalance_apply_s=0.151504
  T_compute_accum_s=10.3877
  T_comm_accum_s=9.27831
  T_balance_accum_s=0.361207
  T_rebalance_apply_accum_s=0.151504
  device_times_s:
    part[0]=0.0925604
    part[1]=6.09872
    part[2]=0.0939312
    part[3]=10.3877
  OLD loads:
    part[0] cum=25% share=25% device_global=0 rank=0 local_index=0 offset=0 count=3980000
    part[1] cum=50% share=25% device_global=1 rank=0 local_index=1 offset=3980000 count=62500
    part[2] cum=75% share=25% device_global=2 rank=1 local_index=-1 offset=4042500 count=3922500
    part[3] cum=100% share=25% device_global=3 rank=1 local_index=-1 offset=7965000 count=35000
    total=100%
  PROPOSED loads:
    part[0] cum=49.75% share=49.75% device_global=0 rank=0 local_index=0 offset=0 count=3980000
    part[1] cum=50.5312% share=0.78125% device_global=1 rank=0 local_index=1 offset=3980000 count=62500
    part[2] cum=99.5625% share=49.0312% device_global=2 rank=1 local_index=-1 offset=4042500 count=3922500
    part[3] cum=100% share=0.437498% device_global=3 rank=1 local_index=-1 offset=7965000 count=35000
    total=100%
  CURRENT loads:
    part[0] cum=49.75% share=49.75% device_global=0 rank=0 local_index=0 offset=0 count=3980000
    part[1] cum=50.5312% share=0.78125% device_global=1 rank=0 local_index=1 offset=3980000 count=62500
    part[2] cum=99.5625% share=49.0312% device_global=2 rank=1 local_index=-1 offset=4042500 count=3922500
    part[3] cum=100% share=0.437498% device_global=3 rank=1 local_index=-1 offset=7965000 count=35000
    total=100%
[DCL][balance-metrics] iteration=1100
  policy=profiled
  action=rebalance
  reason=adaptive decision accepted; remaining_iterations=8900, gain_total=7.63274, migration_cost=0.0245507, max_migrated_bytes=1520000, T_comp_int_per_iter=0.00245044, T_comp_bal_per_iter=0.00159283
  T_compute_interval_s=2.45044
  T_comm_interval_s=1.88857
  T_balance_total_s=0.0441188
  T_rebalance_apply_s=0.0344677
  T_compute_accum_s=12.8382
  T_comm_accum_s=11.1669
  T_balance_accum_s=0.405325
  T_rebalance_apply_accum_s=0.185972
  device_times_s:
    part[0]=1.60623
    part[1]=1.97403
    part[2]=1.56883
    part[3]=2.45044
  OLD loads:
    part[0] cum=49.75% share=49.75% device_global=0 rank=0 local_index=0 offset=0 count=3945000
    part[1] cum=50.5312% share=0.78125% device_global=1 rank=0 local_index=1 offset=3945000 count=50000
    part[2] cum=99.5625% share=49.0312% device_global=2 rank=1 local_index=-1 offset=3995000 count=3982500
    part[3] cum=100% share=0.437498% device_global=3 rank=1 local_index=-1 offset=7977500 count=22500
    total=100%
  PROPOSED loads:
    part[0] cum=49.3125% share=49.3125% device_global=0 rank=0 local_index=0 offset=0 count=3945000
    part[1] cum=49.9375% share=0.624999% device_global=1 rank=0 local_index=1 offset=3945000 count=50000
    part[2] cum=99.7188% share=49.7812% device_global=2 rank=1 local_index=-1 offset=3995000 count=3982500
    part[3] cum=100% share=0.28125% device_global=3 rank=1 local_index=-1 offset=7977500 count=22500
    total=100%
  CURRENT loads:
    part[0] cum=49.3125% share=49.3125% device_global=0 rank=0 local_index=0 offset=0 count=3945000
    part[1] cum=49.9375% share=0.624999% device_global=1 rank=0 local_index=1 offset=3945000 count=50000
    part[2] cum=99.7188% share=49.7812% device_global=2 rank=1 local_index=-1 offset=3995000 count=3982500
    part[3] cum=100% share=0.28125% device_global=3 rank=1 local_index=-1 offset=7977500 count=22500
    total=100%
[DCL][balance-metrics] iteration=2100
  policy=profiled
  action=skip
  reason=adaptive decision rejected; remaining_iterations=7900, gain_total=0, migration_cost=0.00505901, max_migrated_bytes=320000, T_comp_int_per_iter=0.00157178, T_comp_bal_per_iter=0.00158082
  T_compute_interval_s=1.57178
  T_comm_interval_s=1.82835
  T_balance_total_s=0.0097198
  T_rebalance_apply_s=0
  T_compute_accum_s=14.4099
  T_comm_accum_s=12.9952
  T_balance_accum_s=0.415045
  T_rebalance_apply_accum_s=0.185972
  device_times_s:
    part[0]=1.56577
    part[1]=1.37463
    part[2]=1.57178
    part[3]=1.49272
  OLD loads:
    part[0] cum=49.3125% share=49.3125% device_global=0 rank=0 local_index=0 offset=0 count=3945000
    part[1] cum=49.9375% share=0.624999% device_global=1 rank=0 local_index=1 offset=3945000 count=50000
    part[2] cum=99.7188% share=49.7812% device_global=2 rank=1 local_index=-1 offset=3995000 count=3982500
    part[3] cum=100% share=0.28125% device_global=3 rank=1 local_index=-1 offset=7977500 count=22500
    total=100%
  PROPOSED loads:
    part[0] cum=49.3438% share=49.3438% device_global=0 rank=0 local_index=0 offset=0 count=3945000
    part[1] cum=50.0625% share=0.718752% device_global=1 rank=0 local_index=1 offset=3945000 count=50000
    part[2] cum=99.7188% share=49.6562% device_global=2 rank=1 local_index=-1 offset=3995000 count=3982500
    part[3] cum=100% share=0.28125% device_global=3 rank=1 local_index=-1 offset=7977500 count=22500
    total=100%
  CURRENT loads:
    part[0] cum=49.3125% share=49.3125% device_global=0 rank=0 local_index=0 offset=0 count=3945000
    part[1] cum=49.9375% share=0.624999% device_global=1 rank=0 local_index=1 offset=3945000 count=50000
    part[2] cum=99.7188% share=49.7812% device_global=2 rank=1 local_index=-1 offset=3995000 count=3982500
    part[3] cum=100% share=0.28125% device_global=3 rank=1 local_index=-1 offset=7977500 count=22500
    total=100%
[DCL][balance-metrics] iteration=3100
  policy=profiled
  action=skip
  reason=adaptive decision rejected; remaining_iterations=6900, gain_total=0, migration_cost=0.00505901, max_migrated_bytes=320000, T_comp_int_per_iter=0.00157199, T_comp_bal_per_iter=0.00159362
  T_compute_interval_s=1.57199
  T_comm_interval_s=1.86129
  T_balance_total_s=0.00957571
  T_rebalance_apply_s=0
  T_compute_accum_s=15.9819
  T_comm_accum_s=14.8565
  T_balance_accum_s=0.424621
  T_rebalance_apply_accum_s=0.185972
  device_times_s:
    part[0]=1.56559
    part[1]=1.32802
    part[2]=1.57199
    part[3]=1.27861
  OLD loads:
    part[0] cum=49.3125% share=49.3125% device_global=0 rank=0 local_index=0 offset=0 count=3945000
    part[1] cum=49.9375% share=0.624999% device_global=1 rank=0 local_index=1 offset=3945000 count=50000
    part[2] cum=99.7188% share=49.7812% device_global=2 rank=1 local_index=-1 offset=3995000 count=3982500
    part[3] cum=100% share=0.28125% device_global=3 rank=1 local_index=-1 offset=7977500 count=22500
    total=100%
  PROPOSED loads:
    part[0] cum=49.3125% share=49.3125% device_global=0 rank=0 local_index=0 offset=0 count=3945000
    part[1] cum=50.0625% share=0.750002% device_global=1 rank=0 local_index=1 offset=3945000 count=50000
    part[2] cum=99.6562% share=49.5937% device_global=2 rank=1 local_index=-1 offset=3995000 count=3982500
    part[3] cum=100% share=0.343752% device_global=3 rank=1 local_index=-1 offset=7977500 count=22500
    total=100%
  CURRENT loads:
    part[0] cum=49.3125% share=49.3125% device_global=0 rank=0 local_index=0 offset=0 count=3945000
    part[1] cum=49.9375% share=0.624999% device_global=1 rank=0 local_index=1 offset=3945000 count=50000
    part[2] cum=99.7188% share=49.7812% device_global=2 rank=1 local_index=-1 offset=3995000 count=3982500
    part[3] cum=100% share=0.28125% device_global=3 rank=1 local_index=-1 offset=7977500 count=22500
    total=100%
[DCL][balance-metrics] iteration=4100
  policy=profiled
  action=rebalance
  reason=adaptive decision accepted; remaining_iterations=5900, gain_total=0.0242035, migration_cost=0.00348191, max_migrated_bytes=240000, T_comp_int_per_iter=0.00157174, T_comp_bal_per_iter=0.00156764
  T_compute_interval_s=1.57174
  T_comm_interval_s=1.83671
  T_balance_total_s=0.0139332
  T_rebalance_apply_s=0.00446519
  T_compute_accum_s=17.5537
  T_comm_accum_s=16.6932
  T_balance_accum_s=0.438554
  T_rebalance_apply_accum_s=0.190437
  device_times_s:
    part[0]=1.56545
    part[1]=1.30636
    part[2]=1.57174
    part[3]=1.05298
  OLD loads:
    part[0] cum=49.3125% share=49.3125% device_global=0 rank=0 local_index=0 offset=0 count=3942500
    part[1] cum=49.9375% share=0.624999% device_global=1 rank=0 local_index=1 offset=3942500 count=60000
    part[2] cum=99.7188% share=49.7812% device_global=2 rank=1 local_index=-1 offset=4002500 count=3965000
    part[3] cum=100% share=0.28125% device_global=3 rank=1 local_index=-1 offset=7967500 count=32500
    total=100%
  PROPOSED loads:
    part[0] cum=49.2812% share=49.2812% device_global=0 rank=0 local_index=0 offset=0 count=3942500
    part[1] cum=50.0312% share=0.749999% device_global=1 rank=0 local_index=1 offset=3942500 count=60000
    part[2] cum=99.5938% share=49.5625% device_global=2 rank=1 local_index=-1 offset=4002500 count=3965000
    part[3] cum=100% share=0.406247% device_global=3 rank=1 local_index=-1 offset=7967500 count=32500
    total=100%
  CURRENT loads:
    part[0] cum=49.2812% share=49.2812% device_global=0 rank=0 local_index=0 offset=0 count=3942500
    part[1] cum=50.0312% share=0.749999% device_global=1 rank=0 local_index=1 offset=3942500 count=60000
    part[2] cum=99.5938% share=49.5625% device_global=2 rank=1 local_index=-1 offset=4002500 count=3965000
    part[3] cum=100% share=0.406247% device_global=3 rank=1 local_index=-1 offset=7967500 count=32500
    total=100%
[DCL][balance-metrics] iteration=5100
  policy=profiled
  action=skip
  reason=adaptive decision rejected; remaining_iterations=4900, gain_total=0, migration_cost=0.01809, max_migrated_bytes=1120000, T_comp_int_per_iter=0.00156564, T_comp_bal_per_iter=0.00159622
  T_compute_interval_s=1.56564
  T_comm_interval_s=1.84694
  T_balance_total_s=0.00956314
  T_rebalance_apply_s=0
  T_compute_accum_s=19.1193
  T_comm_accum_s=18.5402
  T_balance_accum_s=0.448117
  T_rebalance_apply_accum_s=0.190437
  device_times_s:
    part[0]=1.53648
    part[1]=1.5196
    part[2]=1.56564
    part[3]=1.29693
  OLD loads:
    part[0] cum=49.2812% share=49.2812% device_global=0 rank=0 local_index=0 offset=0 count=3942500
    part[1] cum=50.0312% share=0.749999% device_global=1 rank=0 local_index=1 offset=3942500 count=60000
    part[2] cum=99.5938% share=49.5625% device_global=2 rank=1 local_index=-1 offset=4002500 count=3965000
    part[3] cum=100% share=0.406247% device_global=3 rank=1 local_index=-1 offset=7967500 count=32500
    total=100%
  PROPOSED loads:
    part[0] cum=49.6875% share=49.6875% device_global=0 rank=0 local_index=0 offset=0 count=3942500
    part[1] cum=50.4688% share=0.78125% device_global=1 rank=0 local_index=1 offset=3942500 count=60000
    part[2] cum=99.5% share=49.0312% device_global=2 rank=1 local_index=-1 offset=4002500 count=3965000
    part[3] cum=100% share=0.5% device_global=3 rank=1 local_index=-1 offset=7967500 count=32500
    total=100%
  CURRENT loads:
    part[0] cum=49.2812% share=49.2812% device_global=0 rank=0 local_index=0 offset=0 count=3942500
    part[1] cum=50.0312% share=0.749999% device_global=1 rank=0 local_index=1 offset=3942500 count=60000
    part[2] cum=99.5938% share=49.5625% device_global=2 rank=1 local_index=-1 offset=4002500 count=3965000
    part[3] cum=100% share=0.406247% device_global=3 rank=1 local_index=-1 offset=7967500 count=32500
    total=100%
[DCL][balance-metrics] iteration=6100
  policy=profiled
  action=skip
  reason=adaptive decision rejected; remaining_iterations=3900, gain_total=0, migration_cost=0.0176426, max_migrated_bytes=1040000, T_comp_int_per_iter=0.00156602, T_comp_bal_per_iter=0.00159034
  T_compute_interval_s=1.56602
  T_comm_interval_s=1.84833
  T_balance_total_s=0.0096869
  T_rebalance_apply_s=0
  T_compute_accum_s=20.6853
  T_comm_accum_s=20.3885
  T_balance_accum_s=0.457804
  T_rebalance_apply_accum_s=0.190437
  device_times_s:
    part[0]=1.53674
    part[1]=1.50659
    part[2]=1.56602
    part[3]=1.21614
  OLD loads:
    part[0] cum=49.2812% share=49.2812% device_global=0 rank=0 local_index=0 offset=0 count=3942500
    part[1] cum=50.0312% share=0.749999% device_global=1 rank=0 local_index=1 offset=3942500 count=60000
    part[2] cum=99.5938% share=49.5625% device_global=2 rank=1 local_index=-1 offset=4002500 count=3965000
    part[3] cum=100% share=0.406247% device_global=3 rank=1 local_index=-1 offset=7967500 count=32500
    total=100%
  PROPOSED loads:
    part[0] cum=49.6875% share=49.6875% device_global=0 rank=0 local_index=0 offset=0 count=3942500
    part[1] cum=50.4375% share=0.749999% device_global=1 rank=0 local_index=1 offset=3942500 count=60000
    part[2] cum=99.4688% share=49.0312% device_global=2 rank=1 local_index=-1 offset=4002500 count=3965000
    part[3] cum=100% share=0.53125% device_global=3 rank=1 local_index=-1 offset=7967500 count=32500
    total=100%
  CURRENT loads:
    part[0] cum=49.2812% share=49.2812% device_global=0 rank=0 local_index=0 offset=0 count=3942500
    part[1] cum=50.0312% share=0.749999% device_global=1 rank=0 local_index=1 offset=3942500 count=60000
    part[2] cum=99.5938% share=49.5625% device_global=2 rank=1 local_index=-1 offset=4002500 count=3965000
    part[3] cum=100% share=0.406247% device_global=3 rank=1 local_index=-1 offset=7967500 count=32500
    total=100%
[DCL][balance-metrics] iteration=7100
  policy=profiled
  action=skip
  reason=adaptive decision rejected; remaining_iterations=2900, gain_total=0, migration_cost=0.0176426, max_migrated_bytes=1040000, T_comp_int_per_iter=0.00156578, T_comp_bal_per_iter=0.00157006
  T_compute_interval_s=1.56578
  T_comm_interval_s=1.86479
  T_balance_total_s=0.00979928
  T_rebalance_apply_s=0
  T_compute_accum_s=22.2511
  T_comm_accum_s=22.2533
  T_balance_accum_s=0.467603
  T_rebalance_apply_accum_s=0.190437
  device_times_s:
    part[0]=1.53754
    part[1]=1.50726
    part[2]=1.56578
    part[3]=1.15749
  OLD loads:
    part[0] cum=49.2812% share=49.2812% device_global=0 rank=0 local_index=0 offset=0 count=3942500
    part[1] cum=50.0312% share=0.749999% device_global=1 rank=0 local_index=1 offset=3942500 count=60000
    part[2] cum=99.5938% share=49.5625% device_global=2 rank=1 local_index=-1 offset=4002500 count=3965000
    part[3] cum=100% share=0.406247% device_global=3 rank=1 local_index=-1 offset=7967500 count=32500
    total=100%
  PROPOSED loads:
    part[0] cum=49.6562% share=49.6562% device_global=0 rank=0 local_index=0 offset=0 count=3942500
    part[1] cum=50.4375% share=0.781247% device_global=1 rank=0 local_index=1 offset=3942500 count=60000
    part[2] cum=99.4688% share=49.0312% device_global=2 rank=1 local_index=-1 offset=4002500 count=3965000
    part[3] cum=100% share=0.53125% device_global=3 rank=1 local_index=-1 offset=7967500 count=32500
    total=100%
  CURRENT loads:
    part[0] cum=49.2812% share=49.2812% device_global=0 rank=0 local_index=0 offset=0 count=3942500
    part[1] cum=50.0312% share=0.749999% device_global=1 rank=0 local_index=1 offset=3942500 count=60000
    part[2] cum=99.5938% share=49.5625% device_global=2 rank=1 local_index=-1 offset=4002500 count=3965000
    part[3] cum=100% share=0.406247% device_global=3 rank=1 local_index=-1 offset=7967500 count=32500
    total=100%
[DCL][balance-metrics] iteration=8100
  policy=profiled
  action=skip
  reason=adaptive decision rejected; remaining_iterations=1900, gain_total=0.00724643, migration_cost=0.0176426, max_migrated_bytes=1040000, T_comp_int_per_iter=0.00156594, T_comp_bal_per_iter=0.00156213
  T_compute_interval_s=1.56594
  T_comm_interval_s=1.84293
  T_balance_total_s=0.00971213
  T_rebalance_apply_s=0
  T_compute_accum_s=23.8171
  T_comm_accum_s=24.0962
  T_balance_accum_s=0.477316
  T_rebalance_apply_accum_s=0.190437
  device_times_s:
    part[0]=1.53641
    part[1]=1.49964
    part[2]=1.56594
    part[3]=1.11836
  OLD loads:
    part[0] cum=49.2812% share=49.2812% device_global=0 rank=0 local_index=0 offset=0 count=3942500
    part[1] cum=50.0312% share=0.749999% device_global=1 rank=0 local_index=1 offset=3942500 count=60000
    part[2] cum=99.5938% share=49.5625% device_global=2 rank=1 local_index=-1 offset=4002500 count=3965000
    part[3] cum=100% share=0.406247% device_global=3 rank=1 local_index=-1 offset=7967500 count=32500
    total=100%
  PROPOSED loads:
    part[0] cum=49.6562% share=49.6562% device_global=0 rank=0 local_index=0 offset=0 count=3942500
    part[1] cum=50.4375% share=0.781247% device_global=1 rank=0 local_index=1 offset=3942500 count=60000
    part[2] cum=99.4375% share=49% device_global=2 rank=1 local_index=-1 offset=4002500 count=3965000
    part[3] cum=100% share=0.562501% device_global=3 rank=1 local_index=-1 offset=7967500 count=32500
    total=100%
  CURRENT loads:
    part[0] cum=49.2812% share=49.2812% device_global=0 rank=0 local_index=0 offset=0 count=3942500
    part[1] cum=50.0312% share=0.749999% device_global=1 rank=0 local_index=1 offset=3942500 count=60000
    part[2] cum=99.5938% share=49.5625% device_global=2 rank=1 local_index=-1 offset=4002500 count=3965000
    part[3] cum=100% share=0.406247% device_global=3 rank=1 local_index=-1 offset=7967500 count=32500
    total=100%
[DCL][balance-metrics] iteration=9100
  policy=profiled
  action=skip
  reason=adaptive decision rejected; remaining_iterations=900, gain_total=0.00167972, migration_cost=0.0176426, max_migrated_bytes=1040000, T_comp_int_per_iter=0.00156651, T_comp_bal_per_iter=0.00156464
  T_compute_interval_s=1.56651
  T_comm_interval_s=1.86032
  T_balance_total_s=0.00999882
  T_rebalance_apply_s=0
  T_compute_accum_s=25.3836
  T_comm_accum_s=25.9565
  T_balance_accum_s=0.487314
  T_rebalance_apply_accum_s=0.190437
  device_times_s:
    part[0]=1.53669
    part[1]=1.50206
    part[2]=1.56651
    part[3]=1.12434
  OLD loads:
    part[0] cum=49.2812% share=49.2812% device_global=0 rank=0 local_index=0 offset=0 count=3942500
    part[1] cum=50.0312% share=0.749999% device_global=1 rank=0 local_index=1 offset=3942500 count=60000
    part[2] cum=99.5938% share=49.5625% device_global=2 rank=1 local_index=-1 offset=4002500 count=3965000
    part[3] cum=100% share=0.406247% device_global=3 rank=1 local_index=-1 offset=7967500 count=32500
    total=100%
  PROPOSED loads:
    part[0] cum=49.6562% share=49.6562% device_global=0 rank=0 local_index=0 offset=0 count=3942500
    part[1] cum=50.4375% share=0.781247% device_global=1 rank=0 local_index=1 offset=3942500 count=60000
    part[2] cum=99.4375% share=49% device_global=2 rank=1 local_index=-1 offset=4002500 count=3965000
    part[3] cum=100% share=0.562501% device_global=3 rank=1 local_index=-1 offset=7967500 count=32500
    total=100%
  CURRENT loads:
    part[0] cum=49.2812% share=49.2812% device_global=0 rank=0 local_index=0 offset=0 count=3942500
    part[1] cum=50.0312% share=0.749999% device_global=1 rank=0 local_index=1 offset=3942500 count=60000
    part[2] cum=99.5938% share=49.5625% device_global=2 rank=1 local_index=-1 offset=4002500 count=3965000
    part[3] cum=100% share=0.406247% device_global=3 rank=1 local_index=-1 offset=7967500 count=32500
    total=100%

=== PARTICOES FINAIS ===
=== Particoes globais ===
part[0] device_global=0 rank=0 local_index=0 offset=0 count=3942500
part[1] device_global=1 rank=0 local_index=1 offset=3942500 count=60000
part[2] device_global=2 rank=1 local_index=-1 offset=4002500 count=3965000
part[3] device_global=3 rank=1 local_index=-1 offset=7967500 count=32500


============================
ITERACAO 10000
Tempo de execução: 35.803s
